2018-11-13 00:02:40,574 76     INFO  Configured ThreadPool: 1024/32767 workers, 1024/32767 IOCP (min/max).
2018-11-13 00:02:41,315 816    INFO  [BackgroundDaemon] Starting iteration #15434.
2018-11-13 00:02:41,330 831    INFO  [0de1db] Started processing user request. Id = 0de1dbfb-fddb-40b5-b34b-7a7beb43a33f. Size = 2.83 KB.
2018-11-13 00:02:41,344 845    INFO  [0de1db] Doing some complicated stuff.. Random numbers are: 1192743271, 187325574, 168764164.
2018-11-13 00:02:41,345 846    INFO  [3a61cc] Started processing user request. Id = 3a61cc3f-2ee9-4738-8283-efc073235ec8. Size = 67.46 KB.
2018-11-13 00:02:41,354 855    INFO  [3a61cc] Doing some complicated stuff.. Random numbers are: 905206199, 2002603058, 533352593.
2018-11-13 00:02:41,373 875    INFO  [0de1db] Finished processing user request with id = 0de1dbfb-fddb-40b5-b34b-7a7beb43a33f in 00:00:00.0442952.
2018-11-13 00:02:41,383 884    INFO  [BackgroundDaemon] Processing data (10% completed)..
2018-11-13 00:02:41,387 888    INFO  [dfad50] Started processing user request. Id = dfad50dd-17ad-4ad3-b75b-c992ee1f1f1a. Size = 37.68 KB.
2018-11-13 00:02:41,394 895    INFO  [dfad50] Doing some complicated stuff.. Random numbers are: 551704423, 1141562255, 1240276331.
2018-11-13 00:02:41,399 900    INFO  [3a61cc] Finished processing user request with id = 3a61cc3f-2ee9-4738-8283-efc073235ec8 in 00:00:00.0536137.
2018-11-13 00:02:41,431 932    INFO  [8c2d7d] Started processing user request. Id = 8c2d7d0d-ea36-45a2-b915-b9b188139594. Size = 73.61 KB.
2018-11-13 00:02:41,435 936    INFO  [8c2d7d] Doing some complicated stuff.. Random numbers are: 1068253945, 1648598399, 436946751.
2018-11-13 00:02:41,442 943    INFO  [dfad50] Finished processing user request with id = dfad50dd-17ad-4ad3-b75b-c992ee1f1f1a in 00:00:00.0550134.
2018-11-13 00:02:41,455 956    INFO  [8afb16] Started processing user request. Id = 8afb16cb-d7e1-41ba-be7b-9b3b1e09416a. Size = 96.65 KB.
2018-11-13 00:02:41,455 956    INFO  [8c2d7d] Here's some useful guids:
		81d80c1e-cfdb-49e2-a820-1e157929dd9c
		600e50f4-c902-4d75-9f09-d48c8d0191b8
		a07133b8-f3bb-4334-9cae-e03594918b2f
2018-11-13 00:02:41,459 960    INFO  [BackgroundDaemon] Processing data (44% completed)..
2018-11-13 00:02:41,470 971    ERROR [8c2d7d] 
System.InvalidOperationException: Oh no! An error occurred!
2018-11-13 00:02:41,475 976    INFO  [8afb16] Doing some complicated stuff.. Random numbers are: 144508255, 619263569, 1986743925.
2018-11-13 00:02:41,477 978    INFO  [8afb16] Here's some useful guids:
		59eb3535-733c-4c2f-8c02-7512aa3403b1
2018-11-13 00:02:41,482 983    INFO  [67a720] Started processing user request. Id = 67a72089-2433-401d-aae0-adb523097bef. Size = 25.52 KB.
2018-11-13 00:02:41,488 989    INFO  [BackgroundDaemon] Processing data (99% completed)..
2018-11-13 00:02:41,488 989    INFO  [BackgroundDaemon] Finished iteration in 00:00:00.1730056.
2018-11-13 00:02:41,492 993    INFO  [67a720] Doing some complicated stuff.. Random numbers are: 1892550345, 1683140927, 1353309937.
2018-11-13 00:02:41,501 1002   INFO  [8afb16] Finished processing user request with id = 8afb16cb-d7e1-41ba-be7b-9b3b1e09416a in 00:00:00.0460318.
2018-11-13 00:02:41,502 1003   INFO  [93580a] Started processing user request. Id = 93580ad6-f731-4b4a-b982-b4521c7a6db9. Size = 69.13 KB.
2018-11-13 00:02:41,510 1011   INFO  [67a720] Finished processing user request with id = 67a72089-2433-401d-aae0-adb523097bef in 00:00:00.0280422.
2018-11-13 00:02:41,511 1012   INFO  [93580a] Doing some complicated stuff.. Random numbers are: 847659412, 734317104, 2132796648.
2018-11-13 00:02:41,514 1015   INFO  [2ac4d3] Started processing user request. Id = 2ac4d3e3-e1e9-40a9-bfca-cfd040e52f38. Size = 2.23 KB.
2018-11-13 00:02:41,531 1032   INFO  [2ac4d3] Doing some complicated stuff.. Random numbers are: 1661059604, 549381546, 347645918.
2018-11-13 00:02:41,534 1035   INFO  [93580a] Here's some useful guids:
		bdb25db8-30aa-422d-8247-607ac7d45dfb
		abf7f39c-eb1e-41d4-8e66-d4a434ba9eb6
		6f6e03ef-4390-42ad-aa0f-259519b24a24
		581d712b-cfce-4882-ad04-c0cea132d30b
2018-11-13 00:02:41,534 1035   ERROR [93580a] 
System.InvalidOperationException: Oh no! An error occurred!
2018-11-13 00:02:41,545 1046   INFO  [2ac4d3] Here's some useful guids:
		fcd28d2d-211e-4d77-8478-044df054b4c7
		19858eb6-dab9-4ae5-a77a-9d8774a695ba
		8e4074ad-9950-433e-bd47-31873d468816
2018-11-13 00:02:41,560 1061   INFO  [2ac4d3] Finished processing user request with id = 2ac4d3e3-e1e9-40a9-bfca-cfd040e52f38 in 00:00:00.0460154.
2018-11-13 00:02:41,566 1067   INFO  [8dc4ff] Started processing user request. Id = 8dc4ff05-ace0-47f6-855b-c9a8ba89cf06. Size = 43.42 KB.
2018-11-13 00:02:41,566 1067   INFO  [8dc4ff] Doing some complicated stuff.. Random numbers are: 1241757517, 318571875, 377873704.
2018-11-13 00:02:41,574 1075   INFO  [11aa9a] Started processing user request. Id = 11aa9a3e-2a7c-4dac-9131-1373cf3f5f2d. Size = 52.73 KB.
2018-11-13 00:02:41,592 1093   INFO  [11aa9a] Doing some complicated stuff.. Random numbers are: 867663203, 919388163, 238468725.
2018-11-13 00:02:41,602 1103   INFO  [8dc4ff] Finished processing user request with id = 8dc4ff05-ace0-47f6-855b-c9a8ba89cf06 in 00:00:00.0360241.
2018-11-13 00:02:41,629 1130   INFO  [11aa9a] Finished processing user request with id = 11aa9a3e-2a7c-4dac-9131-1373cf3f5f2d in 00:00:00.0550595.
2018-11-13 00:02:41,634 1135   INFO  [525ea1] Started processing user request. Id = 525ea1ac-62f2-464b-9b3d-66cc700535ef. Size = 6.52 KB.
2018-11-13 00:02:41,640 1141   INFO  [525ea1] Doing some complicated stuff.. Random numbers are: 72634101, 664348069, 478494213.
2018-11-13 00:02:41,643 1144   INFO  [52478b] Started processing user request. Id = 52478b29-1768-4a49-9317-10747d088027. Size = 8.92 KB.
2018-11-13 00:02:41,643 1144   INFO  [52478b] Doing some complicated stuff.. Random numbers are: 1523123631, 1352281388, 737303244.
2018-11-13 00:02:41,664 1165   INFO  [525ea1] Finished processing user request with id = 525ea1ac-62f2-464b-9b3d-66cc700535ef in 00:00:00.0293474.
2018-11-13 00:02:41,673 1174   INFO  [52478b] Here's some useful guids:
		2257372a-b3c3-4abc-8a21-86da4f982e14
		b065ad79-dce0-44c5-be35-2a5b105f7422
		86291fd0-8432-493d-8270-c30d7e0bd0a5
2018-11-13 00:02:41,678 1179   INFO  [1a4d04] Started processing user request. Id = 1a4d0431-e04b-4f6f-a99e-4dccbe2595ef. Size = 49.03 KB.
2018-11-13 00:02:41,689 1190   INFO  [BackgroundDaemon] Starting iteration #15435.
2018-11-13 00:02:41,692 1193   INFO  [1a4d04] Doing some complicated stuff.. Random numbers are: 1726866082, 587659955, 707947631.
2018-11-13 00:02:41,696 1197   INFO  [1c6ed5] Started processing user request. Id = 1c6ed5ef-b755-400a-99d0-4c02e6572c50. Size = 14.54 KB.
2018-11-13 00:02:41,696 1197   INFO  [52478b] Finished processing user request with id = 52478b29-1768-4a49-9317-10747d088027 in 00:00:00.0531091.
2018-11-13 00:02:41,703 1204   INFO  [1c6ed5] Doing some complicated stuff.. Random numbers are: 343976292, 1887861836, 1207081766.
2018-11-13 00:02:41,708 1209   INFO  [1c6ed5] Here's some useful guids:
		234e0c17-5094-4133-892a-9234fff587da
		5e43b8cf-5b4a-4b73-a632-713e0dfbbe76
		4e92d14e-68e5-4fda-bb7b-71b72dc9a19d
2018-11-13 00:02:41,710 1211   INFO  [422891] Started processing user request. Id = 4228912a-84cc-4532-9394-35e3cf6d2ac9. Size = 51.38 KB.
2018-11-13 00:02:41,711 1212   INFO  [1a4d04] Finished processing user request with id = 1a4d0431-e04b-4f6f-a99e-4dccbe2595ef in 00:00:00.0331250.
2018-11-13 00:02:41,717 1218   INFO  [1c6ed5] Finished processing user request with id = 1c6ed5ef-b755-400a-99d0-4c02e6572c50 in 00:00:00.0210493.
2018-11-13 00:02:41,729 1230   INFO  [422891] Doing some complicated stuff.. Random numbers are: 84033091, 1043419786, 1285148037.
2018-11-13 00:02:41,749 1250   INFO  [0caae7] Started processing user request. Id = 0caae795-01a1-4698-866d-73948e887fa9. Size = 42.04 KB.
2018-11-13 00:02:41,752 1253   INFO  [422891] Here's some useful guids:
		fbd60a7b-82cc-4af2-96a9-aa378fdf75b5
		9cfd1a61-cd36-4857-8ee6-e7c9e996a207
		dda4e852-09c1-4ed1-8238-bd8113772f2a
		43d279a8-4536-4995-b6bc-bb0e3acd67ed
2018-11-13 00:02:41,755 1256   INFO  [422891] Finished processing user request with id = 4228912a-84cc-4532-9394-35e3cf6d2ac9 in 00:00:00.0450048.
2018-11-13 00:02:41,757 1258   INFO  [0caae7] Doing some complicated stuff.. Random numbers are: 361740629, 437102729, 1614347010.
2018-11-13 00:02:41,769 1270   INFO  [c7c087] Started processing user request. Id = c7c087a7-c56e-4f8d-8dad-316f767f3bc7. Size = 17.87 KB.
2018-11-13 00:02:41,773 1274   INFO  [c7c087] Doing some complicated stuff.. Random numbers are: 712568204, 510638642, 1548766112.
2018-11-13 00:02:41,774 1275   INFO  [0caae7] Here's some useful guids:
		15383536-f355-47f3-ae91-d34c7f83b13c
		0ade5b88-8936-42cf-9bae-988875a73da7
		18232f37-c358-4881-b63e-93c161dff0f0
		d5632ef6-128d-4260-8a78-941d2022f221
2018-11-13 00:02:41,783 1284   INFO  [c7c087] Here's some useful guids:
		7bdf4771-159a-42f1-b167-d91c808e3bc3
		84b21d3d-817f-4dec-9920-0cbaa690f796
		af7355fa-04b6-4c7e-a3c4-7d2a386c18cd
2018-11-13 00:02:41,784 1285   INFO  [BackgroundDaemon] Processing data (6% completed)..
2018-11-13 00:02:41,792 1293   INFO  [0caae7] Finished processing user request with id = 0caae795-01a1-4698-866d-73948e887fa9 in 00:00:00.0430588.
2018-11-13 00:02:41,802 1303   INFO  [c7c087] Finished processing user request with id = c7c087a7-c56e-4f8d-8dad-316f767f3bc7 in 00:00:00.0330737.
2018-11-13 00:02:41,814 1315   INFO  [BackgroundDaemon] Processing data (31% completed)..
2018-11-13 00:02:41,814 1315   INFO  [Metrics] Cpu: 12.06%; Memory: 19.77 GB/31.88 GB; Workers: 4/1024; IOCP: 0/1024
2018-11-13 00:02:41,816 1317   INFO  [4763c8] Started processing user request. Id = 4763c820-5960-4026-9f25-fd822722c7ff. Size = 35.85 KB.
2018-11-13 00:02:41,824 1325   INFO  [4763c8] Doing some complicated stuff.. Random numbers are: 1553438552, 881690657, 1466977054.
2018-11-13 00:02:41,824 1325   INFO  [37c225] Started processing user request. Id = 37c225a9-0ec0-4f6d-9065-41e52f2a26d7. Size = 58.07 KB.
2018-11-13 00:02:41,835 1336   INFO  [4763c8] Here's some useful guids:
		2a563afc-7585-4d26-b33d-bbdfa9230dcf
2018-11-13 00:02:41,843 1344   INFO  [37c225] Doing some complicated stuff.. Random numbers are: 1545517822, 761037209, 1112344460.
2018-11-13 00:02:41,847 1348   INFO  [4763c8] Finished processing user request with id = 4763c820-5960-4026-9f25-fd822722c7ff in 00:00:00.0310735.
2018-11-13 00:02:41,861 1362   INFO  [087c8c] Started processing user request. Id = 087c8ccd-35a6-4e0c-b8a6-af054fa93f25. Size = 80.27 KB.
2018-11-13 00:02:41,878 1379   INFO  [920131] Started processing user request. Id = 920131ab-c292-4096-bbb0-dcada1c52f29. Size = 40.46 KB.
2018-11-13 00:02:41,880 1381   INFO  [087c8c] Doing some complicated stuff.. Random numbers are: 1441502547, 1642253012, 2046589822.
2018-11-13 00:02:41,881 1382   INFO  [BackgroundDaemon] Processing data (70% completed)..
2018-11-13 00:02:41,881 1382   INFO  [BackgroundDaemon] Finished iteration in 00:00:00.1922562.
2018-11-13 00:02:41,882 1383   INFO  [37c225] Finished processing user request with id = 37c225a9-0ec0-4f6d-9065-41e52f2a26d7 in 00:00:00.0581175.
2018-11-13 00:02:41,888 1389   INFO  [920131] Doing some complicated stuff.. Random numbers are: 1602554245, 417781613, 1097735602.
2018-11-13 00:02:41,903 1404   INFO  [920131] Here's some useful guids:
		d3afbe6a-31d4-468c-a00b-37937e93cf50
		91e3a71b-1530-4acd-aca1-7b1d0cfdfdbe
2018-11-13 00:02:41,908 1409   ERROR [920131] 
System.InvalidOperationException: Oh no! An error occurred!
2018-11-13 00:02:41,911 1412   INFO  [087c8c] Here's some useful guids:
		6fdd7f05-d227-4ffc-bb2e-77044f8e41d2
		cd3c8e14-8153-499f-97e4-3bae7668ffae
2018-11-13 00:02:41,914 1415   INFO  [ec887d] Started processing user request. Id = ec887d2a-d045-4aef-b9ab-e225d043e74a. Size = 16.87 KB.
2018-11-13 00:02:41,917 1418   INFO  [ec887d] Doing some complicated stuff.. Random numbers are: 39234871, 176856184, 1202822380.
2018-11-13 00:02:41,936 1437   INFO  [087c8c] Finished processing user request with id = 087c8ccd-35a6-4e0c-b8a6-af054fa93f25 in 00:00:00.0750417.
2018-11-13 00:02:41,950 1451   INFO  [c9c9d5] Started processing user request. Id = c9c9d5ba-df4c-4944-acd0-463551b86bf5. Size = 66.66 KB.
2018-11-13 00:02:41,960 1461   INFO  [ec887d] Finished processing user request with id = ec887d2a-d045-4aef-b9ab-e225d043e74a in 00:00:00.0460526.
2018-11-13 00:02:41,969 1470   INFO  [c9c9d5] Doing some complicated stuff.. Random numbers are: 1169967698, 743424431, 959442899.
2018-11-13 00:02:41,992 1493   INFO  [ed704d] Started processing user request. Id = ed704de1-6d56-4d10-a616-1844a1546216. Size = 44.06 KB.
2018-11-13 00:02:42,002 1503   INFO  [ed704d] Doing some complicated stuff.. Random numbers are: 181316487, 1612489619, 2113918368.
2018-11-13 00:02:42,022 1523   ERROR [c9c9d5] 
System.InvalidOperationException: Oh no! An error occurred!
2018-11-13 00:02:42,028 1529   INFO  [ed704d] Here's some useful guids:
		1adbdf91-eb6b-447c-a461-ad1b7bcb2b7e
		dc8a2f51-7304-44c0-8f6a-e6b81c0c1334
		c60b7213-0e37-49e5-bba1-e3849bd8ba98
		ecb73410-000f-4557-9969-575690c184b5
2018-11-13 00:02:42,036 1537   INFO  [8af469] Started processing user request. Id = 8af469d1-d504-40f0-b008-c950c02335c3. Size = 10.33 KB.
2018-11-13 00:02:42,049 1550   INFO  [8af469] Doing some complicated stuff.. Random numbers are: 1697805638, 1729846814, 1209281469.
2018-11-13 00:02:42,054 1555   INFO  [ed704d] Finished processing user request with id = ed704de1-6d56-4d10-a616-1844a1546216 in 00:00:00.0620575.
2018-11-13 00:02:42,066 1567   INFO  [8af469] Here's some useful guids:
		997154de-ceaf-4b98-86ef-8f392c9665de
2018-11-13 00:02:42,075 1576   INFO  [85f6df] Started processing user request. Id = 85f6dfe0-8e62-4f30-8ed1-a77a486456f3. Size = 86.24 KB.
2018-11-13 00:02:42,081 1582   INFO  [BackgroundDaemon] Starting iteration #15436.
2018-11-13 00:02:42,085 1586   INFO  [8af469] Finished processing user request with id = 8af469d1-d504-40f0-b008-c950c02335c3 in 00:00:00.0489857.
2018-11-13 00:02:42,086 1587   INFO  [49c1b3] Started processing user request. Id = 49c1b315-ebcf-4ab9-b018-938872d64a25. Size = 27.68 KB.
2018-11-13 00:02:42,093 1594   INFO  [85f6df] Doing some complicated stuff.. Random numbers are: 2018211915, 926462330, 1121315673.
2018-11-13 00:02:42,099 1600   INFO  [fdac36] Started processing user request. Id = fdac369b-29cb-4aa2-a966-3dcf4c065e25. Size = 33.19 KB.
2018-11-13 00:02:42,105 1606   INFO  [49c1b3] Doing some complicated stuff.. Random numbers are: 1994049979, 1011338285, 840595965.
2018-11-13 00:02:42,105 1606   INFO  [fdac36] Doing some complicated stuff.. Random numbers are: 541285601, 387076862, 1293583015.
2018-11-13 00:02:42,114 1615   INFO  [85f6df] Finished processing user request with id = 85f6dfe0-8e62-4f30-8ed1-a77a486456f3 in 00:00:00.0390234.
2018-11-13 00:02:42,117 1618   INFO  [49c1b3] Finished processing user request with id = 49c1b315-ebcf-4ab9-b018-938872d64a25 in 00:00:00.0309793.
2018-11-13 00:02:42,117 1618   INFO  [fdac36] Here's some useful guids:
		706af298-71fd-4177-97a3-46e177ca13ce
		d4f7fdd9-e652-4ce2-b539-909dc905d800
		8c8f99da-f61e-47be-8a9a-1b978371d257
2018-11-13 00:02:42,134 1635   INFO  [fdac36] Finished processing user request with id = fdac369b-29cb-4aa2-a966-3dcf4c065e25 in 00:00:00.0351438.
2018-11-13 00:02:42,148 1649   INFO  [b9681e] Started processing user request. Id = b9681ef3-5e9e-4e3d-b8e2-b7343881659a. Size = 94.1 KB.
2018-11-13 00:02:42,148 1649   INFO  [ff3135] Started processing user request. Id = ff31359b-36e9-4e14-8ee1-ac74df0e7f5f. Size = 79.08 KB.
2018-11-13 00:02:42,156 1657   INFO  [ff3135] Doing some complicated stuff.. Random numbers are: 287407630, 837484211, 844817711.
2018-11-13 00:02:42,163 1664   INFO  [b9681e] Doing some complicated stuff.. Random numbers are: 1588613582, 1605825944, 1682171326.
2018-11-13 00:02:42,164 1665   INFO  [BackgroundDaemon] Processing data (0% completed)..
2018-11-13 00:02:42,166 1667   INFO  [ff3135] Here's some useful guids:
		824183d0-ad75-4d39-a27f-0a727d9cc0ff
		af667ad6-2c8b-45d8-9d9c-8a3f9d2ae865
		eb26db6e-2634-40f2-b8a7-65012fa5312c
		b108089f-6eb9-4312-aa3e-bc1b4e7a86ff
		f917d521-df22-4fb1-8b84-70c4708ec62c
2018-11-13 00:02:42,179 1680   INFO  [ff3135] Finished processing user request with id = ff31359b-36e9-4e14-8ee1-ac74df0e7f5f in 00:00:00.0310342.
2018-11-13 00:02:42,183 1684   INFO  [b9681e] Here's some useful guids:
		8a0ed187-2651-4fb1-86d8-cb801f6b5ea2
		39fcf79c-d180-40c4-951e-319528abb83b
		a1edbeb1-4c1c-4ab1-80ed-3162d1a568d4
		2b99b1f9-bb04-44e5-908f-4f6a45ce8237
		ca61e88d-380f-4460-801c-1540592c5abd
2018-11-13 00:02:42,194 1695   ERROR [b9681e] 
System.InvalidOperationException: Oh no! An error occurred!
2018-11-13 00:02:42,208 1709   INFO  [b680ca] Started processing user request. Id = b680ca6c-8a31-4bab-a7a9-97a42c335321. Size = 74.4 KB.
2018-11-13 00:02:42,210 1711   INFO  [BackgroundDaemon] Processing data (32% completed)..
2018-11-13 00:02:42,211 1712   INFO  [637c52] Started processing user request. Id = 637c525f-2087-4bf8-b9da-f8277bf06806. Size = 59.71 KB.
2018-11-13 00:02:42,219 1720   INFO  [b680ca] Doing some complicated stuff.. Random numbers are: 1808086861, 582490850, 697823122.
2018-11-13 00:02:42,226 1727   INFO  [637c52] Doing some complicated stuff.. Random numbers are: 175688508, 1252544076, 1569802968.
2018-11-13 00:02:42,238 1739   INFO  [637c52] Here's some useful guids:
		9037659e-4018-4ce2-81d4-225e1a03657c
		13957db7-4d48-4b87-b5cd-405d8b37e6d4
2018-11-13 00:02:42,253 1754   INFO  [b680ca] Here's some useful guids:
		1bfdda23-9140-496f-b5bf-13f276a5b8d8
2018-11-13 00:02:42,257 1758   INFO  [b680ca] Finished processing user request with id = b680ca6c-8a31-4bab-a7a9-97a42c335321 in 00:00:00.0490502.
2018-11-13 00:02:42,263 1764   ERROR [637c52] 
System.InvalidOperationException: Oh no! An error occurred!
2018-11-13 00:02:42,270 1771   INFO  [7e523c] Started processing user request. Id = 7e523c1d-5392-43ae-bb5b-060008b3bda8. Size = 81.04 KB.
2018-11-13 00:02:42,281 1782   INFO  [c700e7] Started processing user request. Id = c700e7af-ef18-4750-92da-7e30c327a752. Size = 51.3 KB.
2018-11-13 00:02:42,282 1783   INFO  [7e523c] Doing some complicated stuff.. Random numbers are: 1867490484, 1238693823, 1003822385.
2018-11-13 00:02:42,294 1795   INFO  [6fc613] Started processing user request. Id = 6fc61305-b9aa-46c6-85f7-6e0c3daf3bd3. Size = 8.86 KB.
2018-11-13 00:02:42,300 1801   INFO  [c700e7] Doing some complicated stuff.. Random numbers are: 1703876826, 1456320097, 1062324683.
2018-11-13 00:02:42,300 1801   INFO  [BackgroundDaemon] Processing data (61% completed)..
2018-11-13 00:02:42,300 1801   INFO  [BackgroundDaemon] Finished iteration in 00:00:00.2191254.
2018-11-13 00:02:42,306 1807   INFO  [7e523c] Here's some useful guids:
		3eae9e34-20f3-4a5f-9be4-6a4634bdc8cf
		7b1bc407-78fa-44a9-aaef-a1d22bb908aa
		fef2d502-f4e2-4372-a639-93cdc8e28d5f
		bf9521fa-5716-4631-845d-03f5fa958276
2018-11-13 00:02:42,311 1812   INFO  [Metrics] Cpu: 12.06%; Memory: 19.77 GB/31.88 GB; Workers: 4/1024; IOCP: 0/1024
2018-11-13 00:02:42,311 1812   INFO  [c700e7] Here's some useful guids:
		deff5340-1601-4bcb-895c-460b0b7780ad
		7f4531d3-789a-4fda-8ed0-4111bfddfb0a
		52c4aed4-b8b6-4302-b31b-8377bb7d892e
2018-11-13 00:02:42,314 1815   INFO  [6fc613] Doing some complicated stuff.. Random numbers are: 1922454857, 1138709819, 1373396051.
2018-11-13 00:02:42,315 1816   ERROR [c700e7] 
System.InvalidOperationException: Oh no! An error occurred!
2018-11-13 00:02:42,329 1830   INFO  [6fc613] Here's some useful guids:
		47e1aebf-a24e-406e-a868-a2d37dcc9b72
		2fab9a14-6bd5-4bb5-9b96-4ef49551c60b
2018-11-13 00:02:42,334 1835   INFO  [7e523c] Finished processing user request with id = 7e523c1d-5392-43ae-bb5b-060008b3bda8 in 00:00:00.0642381.
2018-11-13 00:02:42,348 1849   INFO  [6fc613] Finished processing user request with id = 6fc61305-b9aa-46c6-85f7-6e0c3daf3bd3 in 00:00:00.0542407.
2018-11-13 00:02:42,348 1849   INFO  [0da28b] Started processing user request. Id = 0da28bb8-95d3-4a18-b395-b1dfafb7bcb4. Size = 16.63 KB.
2018-11-13 00:02:42,357 1858   INFO  [0da28b] Doing some complicated stuff.. Random numbers are: 318187356, 400952522, 2039404547.
2018-11-13 00:02:42,374 1875   INFO  [0da28b] Finished processing user request with id = 0da28bb8-95d3-4a18-b395-b1dfafb7bcb4 in 00:00:00.0260000.
2018-11-13 00:02:42,380 1881   INFO  [8c4a96] Started processing user request. Id = 8c4a9638-2a7f-47ac-bba8-80094479459c. Size = 94.32 KB.
2018-11-13 00:02:42,388 1890   INFO  [fdcd6f] Started processing user request. Id = fdcd6f26-6ecf-47b5-a2ae-3d6e3f6eeaba. Size = 6.38 KB.
2018-11-13 00:02:42,393 1894   INFO  [8c4a96] Doing some complicated stuff.. Random numbers are: 504871775, 111702888, 32420193.
2018-11-13 00:02:42,402 1903   INFO  [8c4a96] Here's some useful guids:
		f0252de6-8b6f-4ec8-b932-901463e207d2
2018-11-13 00:02:42,408 1909   INFO  [fdcd6f] Doing some complicated stuff.. Random numbers are: 592427354, 1765402354, 1427578323.
2018-11-13 00:02:42,423 1924   ERROR [fdcd6f] 
System.InvalidOperationException: Oh no! An error occurred!
2018-11-13 00:02:42,423 1924   INFO  [8c4a96] Finished processing user request with id = 8c4a9638-2a7f-47ac-bba8-80094479459c in 00:00:00.0428014.
2018-11-13 00:02:42,437 1938   INFO  [90cd09] Started processing user request. Id = 90cd09e0-9074-49d1-80f0-1e459d51b724. Size = 83.94 KB.
2018-11-13 00:02:42,453 1954   INFO  [90cd09] Doing some complicated stuff.. Random numbers are: 536414862, 382415961, 829941140.
2018-11-13 00:02:42,454 1955   INFO  [fae0d7] Started processing user request. Id = fae0d730-cd4b-4451-a18a-741b6e55ddfb. Size = 84.76 KB.
2018-11-13 00:02:42,462 1963   INFO  [90cd09] Here's some useful guids:
		dba75d4c-1c78-4f5b-9bf9-68da9f158d27
		835c96fe-7d6c-4add-b432-c35db55549f5
2018-11-13 00:02:42,468 1969   INFO  [fae0d7] Doing some complicated stuff.. Random numbers are: 2030626620, 698685614, 622046068.
2018-11-13 00:02:42,481 1982   INFO  [fae0d7] Here's some useful guids:
		ae59a838-a0c5-4eae-8633-82189f04db82
		7b910aa3-76a7-47f4-8cf9-fff486eb3948
2018-11-13 00:02:42,482 1983   INFO  [be5e5b] Started processing user request. Id = be5e5b43-2bb1-4173-8e17-998c51c9594b. Size = 69.67 KB.
2018-11-13 00:02:42,487 1988   INFO  [fae0d7] Finished processing user request with id = fae0d730-cd4b-4451-a18a-741b6e55ddfb in 00:00:00.0329860.
2018-11-13 00:02:42,489 1990   INFO  [90cd09] Finished processing user request with id = 90cd09e0-9074-49d1-80f0-1e459d51b724 in 00:00:00.0520129.
2018-11-13 00:02:42,496 1997   INFO  [be5e5b] Doing some complicated stuff.. Random numbers are: 1862460222, 957089509, 604908566.
2018-11-13 00:02:42,500 2001   INFO  [BackgroundDaemon] Starting iteration #15437.
2018-11-13 00:02:42,503 2004   INFO  [26fa0d] Started processing user request. Id = 26fa0d72-67d7-4b30-9cee-7ebc16c7a323. Size = 27.51 KB.
2018-11-13 00:02:42,507 2008   INFO  [26fa0d] Doing some complicated stuff.. Random numbers are: 152242802, 1388871997, 1952013534.
2018-11-13 00:02:42,509 2010   INFO  [be5e5b] Here's some useful guids:
		f8639bdf-e7ac-4869-8c92-06608c25cfa8
		2daf23b6-1b86-447d-87d8-be96e821f1d9
		1c27e32c-b0de-438a-96e1-e86eb5e45a65
		63565c85-1507-4423-ad3b-73dfc44d454b
		dc49aa07-b59a-474e-9203-780e88bd4282
2018-11-13 00:02:42,511 2012   ERROR [be5e5b] 
System.InvalidOperationException: Oh no! An error occurred!
2018-11-13 00:02:42,519 2020   INFO  [88d4f5] Started processing user request. Id = 88d4f512-84f9-4d39-ae6d-0b9b078348cd. Size = 27.98 KB.
2018-11-13 00:02:42,522 2023   INFO  [BackgroundDaemon] Processing data (3% completed)..
2018-11-13 00:02:42,529 2030   INFO  [26fa0d] Finished processing user request with id = 26fa0d72-67d7-4b30-9cee-7ebc16c7a323 in 00:00:00.0260334.
2018-11-13 00:02:42,537 2038   INFO  [88d4f5] Doing some complicated stuff.. Random numbers are: 187313460, 600507503, 1133006648.
2018-11-13 00:02:42,543 2044   INFO  [0b18e3] Started processing user request. Id = 0b18e3d5-44ba-4a2c-b124-bffefa3785f6. Size = 64.31 KB.
2018-11-13 00:02:42,550 2051   INFO  [0b18e3] Doing some complicated stuff.. Random numbers are: 2060910619, 2002059999, 2114164779.
2018-11-13 00:02:42,554 2055   INFO  [0b18e3] Here's some useful guids:
		7968b483-cd24-4a30-bca0-0fc2328c54e6
		503d8230-61f5-4e6d-8441-9214a280f759
2018-11-13 00:02:42,570 2071   INFO  [88d4f5] Here's some useful guids:
		4ffca87f-4f8c-4c8e-b1a1-8b1ca694dc99
		60d5133f-67dc-4942-833c-c71badf720bb
		7769aa54-f896-4b67-a423-4358b8b78543
		86bc96fa-84d5-43fe-a804-f804a8ea77a3
2018-11-13 00:02:42,571 2072   INFO  [0b18e3] Finished processing user request with id = 0b18e3d5-44ba-4a2c-b124-bffefa3785f6 in 00:00:00.0279947.
2018-11-13 00:02:42,585 2086   INFO  [0cf7b3] Started processing user request. Id = 0cf7b39d-f16f-4e27-bb09-9a20fe125c3c. Size = 20.1 KB.
2018-11-13 00:02:42,585 2086   INFO  [BackgroundDaemon] Processing data (23% completed)..
2018-11-13 00:02:42,593 2094   INFO  [88d4f5] Finished processing user request with id = 88d4f512-84f9-4d39-ae6d-0b9b078348cd in 00:00:00.0733277.
2018-11-13 00:02:42,595 2096   INFO  [0cf7b3] Doing some complicated stuff.. Random numbers are: 1448115018, 386784180, 958580293.
2018-11-13 00:02:42,624 2125   INFO  [661313] Started processing user request. Id = 66131390-03a7-4062-a210-fb7416f54ba3. Size = 96.15 KB.
2018-11-13 00:02:42,632 2133   INFO  [0cf7b3] Here's some useful guids:
		4bdc3ce9-167b-4b26-9efc-c78ac39d2a5f
		f2ddd4f5-32a7-4bf0-80cd-da5de0cced5c
		c667061d-c49c-488e-b8d4-29221b11d410
		5fbf527d-7dfe-49e1-a3c3-da9d5a0b43da
		ce37b21f-47d6-4810-a9a2-cbe807b161b0
2018-11-13 00:02:42,642 2143   INFO  [661313] Doing some complicated stuff.. Random numbers are: 622319421, 1682019421, 722352436.
2018-11-13 00:02:42,653 2154   INFO  [BackgroundDaemon] Processing data (94% completed)..
2018-11-13 00:02:42,653 2154   INFO  [BackgroundDaemon] Finished iteration in 00:00:00.1524764.
2018-11-13 00:02:42,662 2163   INFO  [0cf7b3] Finished processing user request with id = 0cf7b39d-f16f-4e27-bb09-9a20fe125c3c in 00:00:00.0769191.
2018-11-13 00:02:42,675 2176   INFO  [fda933] Started processing user request. Id = fda933f3-98a9-4e7b-9dc7-7fec20600d6b. Size = 92.56 KB.
2018-11-13 00:02:42,678 2180   INFO  [ce25ad] Started processing user request. Id = ce25add3-63e3-4b85-b592-6e0e0caed3d8. Size = 50.04 KB.
2018-11-13 00:02:42,681 2182   INFO  [661313] Finished processing user request with id = 66131390-03a7-4062-a210-fb7416f54ba3 in 00:00:00.0572318.
2018-11-13 00:02:42,689 2191   INFO  [fda933] Doing some complicated stuff.. Random numbers are: 1189565432, 1062865899, 1600495617.
2018-11-13 00:02:42,691 2192   INFO  [ce25ad] Doing some complicated stuff.. Random numbers are: 508759926, 54235085, 1583202028.
2018-11-13 00:02:42,709 2210   INFO  [ce25ad] Here's some useful guids:
		0c360851-ea2f-4b3e-9959-dc297500d66a
		4a1c53eb-cab4-4174-a6cc-85e53a0553b4
		109c2187-47f2-4047-83e3-4b3312682cf7
2018-11-13 00:02:42,713 2214   INFO  [9ba9a7] Started processing user request. Id = 9ba9a7d4-46c1-465a-a1e3-b1d9c844bc27. Size = 51.9 KB.
2018-11-13 00:02:42,717 2218   INFO  [ce25ad] Finished processing user request with id = ce25add3-63e3-4b85-b592-6e0e0caed3d8 in 00:00:00.0385425.
2018-11-13 00:02:42,732 2234   INFO  [9ba9a7] Doing some complicated stuff.. Random numbers are: 41423709, 1231866807, 729610879.
2018-11-13 00:02:42,736 2238   INFO  [9ba9a7] Here's some useful guids:
		7df32aec-94af-498c-a117-25906eab6013
2018-11-13 00:02:42,749 2251   INFO  [fda933] Finished processing user request with id = fda933f3-98a9-4e7b-9dc7-7fec20600d6b in 00:00:00.0745294.
2018-11-13 00:02:42,755 2256   INFO  [9ba9a7] Finished processing user request with id = 9ba9a7d4-46c1-465a-a1e3-b1d9c844bc27 in 00:00:00.0415410.
2018-11-13 00:02:42,764 2265   INFO  [9bbae1] Started processing user request. Id = 9bbae1f0-0d21-4cea-8c94-cadb6af13cc0. Size = 36.01 KB.
2018-11-13 00:02:42,775 2276   INFO  [9bbae1] Doing some complicated stuff.. Random numbers are: 1869206485, 1539985604, 850909309.
2018-11-13 00:02:42,787 2288   INFO  [1abec9] Started processing user request. Id = 1abec93e-203f-4e1d-9ca2-205f6f7b1655. Size = 30.88 KB.
2018-11-13 00:02:42,791 2292   INFO  [1abec9] Doing some complicated stuff.. Random numbers are: 2036140599, 98351856, 1031184274.
2018-11-13 00:02:42,804 2305   INFO  [1abec9] Here's some useful guids:
		79010ead-55fc-43df-aaa6-0c530bd29a1b
		b662a138-7df6-4040-8d53-7d1427910443
		1abdd248-5123-4fec-8a99-014b15509e8b
2018-11-13 00:02:42,811 2312   INFO  [Metrics] Cpu: 15.47%; Memory: 19.77 GB/31.88 GB; Workers: 4/1024; IOCP: 0/1024
2018-11-13 00:02:42,831 2332   INFO  [9bbae1] Finished processing user request with id = 9bbae1f0-0d21-4cea-8c94-cadb6af13cc0 in 00:00:00.0674325.
2018-11-13 00:02:42,833 2334   INFO  [1abec9] Finished processing user request with id = 1abec93e-203f-4e1d-9ca2-205f6f7b1655 in 00:00:00.0464233.
2018-11-13 00:02:42,845 2346   INFO  [779562] Started processing user request. Id = 77956216-e320-44a9-b97d-331e88522571. Size = 26.04 KB.
2018-11-13 00:02:42,848 2349   INFO  [779562] Doing some complicated stuff.. Random numbers are: 737383685, 1782342144, 1952431319.
2018-11-13 00:02:42,853 2354   INFO  [BackgroundDaemon] Starting iteration #15438.
2018-11-13 00:02:42,865 2366   INFO  [3d94b2] Started processing user request. Id = 3d94b2f4-0409-462a-9cab-92140838470f. Size = 20.42 KB.
2018-11-13 00:02:42,880 2381   INFO  [3d94b2] Doing some complicated stuff.. Random numbers are: 1527979828, 722940786, 1473315298.
2018-11-13 00:02:42,885 2386   INFO  [86eafb] Started processing user request. Id = 86eafbf5-f8f7-4308-b8c4-e5b7c0efa945. Size = 93.18 KB.
2018-11-13 00:02:42,894 2395   INFO  [779562] Finished processing user request with id = 77956216-e320-44a9-b97d-331e88522571 in 00:00:00.0490206.
2018-11-13 00:02:42,896 2397   INFO  [86eafb] Doing some complicated stuff.. Random numbers are: 1797284850, 1725436117, 2104519016.
2018-11-13 00:02:42,908 2409   INFO  [a4efb1] Started processing user request. Id = a4efb163-d2c4-4566-97f1-9c878ed27fb2. Size = 624 B.
2018-11-13 00:02:42,913 2414   INFO  [3d94b2] Finished processing user request with id = 3d94b2f4-0409-462a-9cab-92140838470f in 00:00:00.0480282.
2018-11-13 00:02:42,921 2422   INFO  [a4efb1] Doing some complicated stuff.. Random numbers are: 1573830743, 1564220138, 1049731497.
2018-11-13 00:02:42,929 2430   INFO  [86eafb] Finished processing user request with id = 86eafbf5-f8f7-4308-b8c4-e5b7c0efa945 in 00:00:00.0440656.
2018-11-13 00:02:42,938 2439   INFO  [BackgroundDaemon] Processing data (3% completed)..
2018-11-13 00:02:42,944 2445   INFO  [299811] Started processing user request. Id = 2998112b-e6a2-4b51-a9bc-013178bff3c3. Size = 97.06 KB.
2018-11-13 00:02:42,951 2452   INFO  [299811] Doing some complicated stuff.. Random numbers are: 1746473880, 366096610, 1618744052.
2018-11-13 00:02:42,953 2454   INFO  [a4efb1] Here's some useful guids:
		63623f25-ede8-487f-86f3-8bc65961cf17
		0d117b8e-e63f-470a-91fe-9cf2058cd1df
		ad7181f5-d55b-4bfb-8b1a-360d0717fb1a
2018-11-13 00:02:42,978 2479   INFO  [299811] Here's some useful guids:
		45870a7b-6d4c-4273-b5dd-9308acb791c0
		eaee2f7e-49d0-45c1-b330-cd9751136074
2018-11-13 00:02:42,981 2482   INFO  [a4efb1] Finished processing user request with id = a4efb163-d2c4-4566-97f1-9c878ed27fb2 in 00:00:00.0731491.
2018-11-13 00:02:42,987 2488   INFO  [299811] Finished processing user request with id = 2998112b-e6a2-4b51-a9bc-013178bff3c3 in 00:00:00.0430201.
2018-11-13 00:02:42,995 2496   INFO  [e60492] Started processing user request. Id = e60492e3-c240-4aa5-9be4-bd801151f2b6. Size = 45.61 KB.
2018-11-13 00:02:42,998 2499   INFO  [e60492] Doing some complicated stuff.. Random numbers are: 476704997, 517922855, 105136634.
2018-11-13 00:02:43,000 2501   INFO  [e60492] Here's some useful guids:
		19667d97-5425-449d-be82-1e6f109af1a2
		f46beddd-23b4-4cd1-bc41-0c29233c3ede
2018-11-13 00:02:43,011 2512   INFO  [BackgroundDaemon] Processing data (28% completed)..
2018-11-13 00:02:43,011 2512   INFO  [e60492] Finished processing user request with id = e60492e3-c240-4aa5-9be4-bd801151f2b6 in 00:00:00.0160301.
2018-11-13 00:02:43,019 2520   INFO  [be0323] Started processing user request. Id = be032314-32f4-46bd-99ab-b7e88d061efe. Size = 19.74 KB.
2018-11-13 00:02:43,022 2523   INFO  [be0323] Doing some complicated stuff.. Random numbers are: 1619093885, 1924260570, 779517707.
2018-11-13 00:02:43,025 2526   INFO  [747374] Started processing user request. Id = 74737475-f5c7-459c-b01d-843a7c639f51. Size = 27.29 KB.
2018-11-13 00:02:43,034 2535   INFO  [747374] Doing some complicated stuff.. Random numbers are: 1690355492, 39214486, 753778461.
2018-11-13 00:02:43,038 2539   INFO  [BackgroundDaemon] Processing data (89% completed)..
2018-11-13 00:02:43,038 2539   INFO  [BackgroundDaemon] Finished iteration in 00:00:00.1852027.
2018-11-13 00:02:43,039 2540   INFO  [be0323] Finished processing user request with id = be032314-32f4-46bd-99ab-b7e88d061efe in 00:00:00.0200450.
2018-11-13 00:02:43,070 2572   INFO  [3d0d48] Started processing user request. Id = 3d0d48a2-b56e-4a59-b27f-ebbdf942b643. Size = 79.46 KB.
2018-11-13 00:02:43,079 2580   INFO  [747374] Finished processing user request with id = 74737475-f5c7-459c-b01d-843a7c639f51 in 00:00:00.0533876.
2018-11-13 00:02:43,080 2581   INFO  [3d0d48] Doing some complicated stuff.. Random numbers are: 498172637, 926651315, 1194370420.
2018-11-13 00:02:43,093 2594   INFO  [a1d94c] Started processing user request. Id = a1d94cef-bd8b-4169-9510-2561f82c41a6. Size = 80.33 KB.
2018-11-13 00:02:43,097 2598   INFO  [b78875] Started processing user request. Id = b78875dd-a18a-49bb-8775-74c28f0881d9. Size = 91.96 KB.
2018-11-13 00:02:43,101 2602   INFO  [3d0d48] Here's some useful guids:
		bfe1bcab-f18c-4483-a929-aba2485717d0
		b2168f64-9361-41e1-901c-9c9b69fe1b31
		9e9e2aa7-f23f-4267-8580-044f4b44cb9d
		ce9f25c4-6009-4706-adf5-647af43cd1f9
2018-11-13 00:02:43,102 2603   INFO  [b78875] Doing some complicated stuff.. Random numbers are: 1860276492, 210911318, 908744905.
2018-11-13 00:02:43,109 2610   INFO  [3d0d48] Finished processing user request with id = 3d0d48a2-b56e-4a59-b27f-ebbdf942b643 in 00:00:00.0380783.
2018-11-13 00:02:43,111 2612   INFO  [a1d94c] Doing some complicated stuff.. Random numbers are: 1781247809, 245767290, 336087594.
2018-11-13 00:02:43,120 2621   INFO  [b78875] Here's some useful guids:
		eca2727f-3a64-4106-870d-6729891115a2
2018-11-13 00:02:43,133 2634   INFO  [b78875] Finished processing user request with id = b78875dd-a18a-49bb-8775-74c28f0881d9 in 00:00:00.0360077.
2018-11-13 00:02:43,141 2642   INFO  [bfaa8a] Started processing user request. Id = bfaa8afa-af47-4342-9561-451b84461fe5. Size = 87.11 KB.
2018-11-13 00:02:43,144 2645   INFO  [a1d94c] Here's some useful guids:
		3e8e9dbd-c143-480b-bfa2-620fbc28dafc
		c7beca1a-50b3-45cc-b9a9-b4cff69c9e40
		5e6bade0-1897-4c61-ba59-3115889c2667
		8d1b1f17-985a-4584-9bcc-94ea3574cd7c
2018-11-13 00:02:43,158 2659   INFO  [bfaa8a] Doing some complicated stuff.. Random numbers are: 198066759, 49664714, 1912969384.
2018-11-13 00:02:43,164 2665   INFO  [a1d94c] Finished processing user request with id = a1d94cef-bd8b-4169-9510-2561f82c41a6 in 00:00:00.0710544.
2018-11-13 00:02:43,178 2679   INFO  [3e1649] Started processing user request. Id = 3e164960-04e6-45cb-9539-9424b0d88653. Size = 6.62 KB.
2018-11-13 00:02:43,187 2688   INFO  [3e1649] Doing some complicated stuff.. Random numbers are: 2023841889, 1791147255, 1914703930.
2018-11-13 00:02:43,198 2699   INFO  [bfaa8a] Finished processing user request with id = bfaa8afa-af47-4342-9561-451b84461fe5 in 00:00:00.0570442.
2018-11-13 00:02:43,207 2708   INFO  [3e1649] Finished processing user request with id = 3e164960-04e6-45cb-9539-9424b0d88653 in 00:00:00.0290632.
2018-11-13 00:02:43,221 2722   INFO  [681fb5] Started processing user request. Id = 681fb595-b385-430e-a3d9-9eff90e58943. Size = 28.89 KB.
2018-11-13 00:02:43,230 2731   INFO  [a3bdd1] Started processing user request. Id = a3bdd1b8-6ba4-48a3-a5bf-237b71e04ed9. Size = 19.08 KB.
2018-11-13 00:02:43,237 2738   INFO  [681fb5] Doing some complicated stuff.. Random numbers are: 1559508242, 918419336, 710912414.
2018-11-13 00:02:43,238 2739   INFO  [a3bdd1] Doing some complicated stuff.. Random numbers are: 588834624, 163259642, 1763891205.
2018-11-13 00:02:43,239 2740   INFO  [BackgroundDaemon] Starting iteration #15439.
2018-11-13 00:02:43,270 2771   INFO  [681fb5] Here's some useful guids:
		493f9696-96d6-4bee-96cf-d9e056a9653b
		dbe35397-85da-4f8c-9373-e3f3ee8c6286
		a58dd2a3-49f4-4ee1-ac7f-370dceaeb264
2018-11-13 00:02:43,282 2783   INFO  [a3bdd1] Finished processing user request with id = a3bdd1b8-6ba4-48a3-a5bf-237b71e04ed9 in 00:00:00.0520425.
2018-11-13 00:02:43,292 2793   INFO  [BackgroundDaemon] Processing data (18% completed)..
2018-11-13 00:02:43,295 2796   INFO  [681fb5] Finished processing user request with id = 681fb595-b385-430e-a3d9-9eff90e58943 in 00:00:00.0740676.
2018-11-13 00:02:43,300 2801   INFO  [a4b8b9] Started processing user request. Id = a4b8b94c-56dd-4740-9b9b-3d33966b50e4. Size = 11.87 KB.
2018-11-13 00:02:43,304 2805   INFO  [a4b8b9] Doing some complicated stuff.. Random numbers are: 736512565, 1582505058, 660546672.
2018-11-13 00:02:43,309 2810   INFO  [4248d3] Started processing user request. Id = 4248d3a6-1b01-4cce-a699-2b7fc3fe4747. Size = 37.04 KB.
2018-11-13 00:02:43,311 2812   INFO  [Metrics] Cpu: 15.47%; Memory: 19.77 GB/31.88 GB; Workers: 4/1024; IOCP: 0/1024
2018-11-13 00:02:43,314 2815   INFO  [7c71ec] Started processing user request. Id = 7c71ec99-ce89-4f5c-b7bb-8e77ea8e86b2. Size = 82.46 KB.
2018-11-13 00:02:43,321 2822   INFO  [7c71ec] Doing some complicated stuff.. Random numbers are: 1934523752, 1866716529, 1052083726.
2018-11-13 00:02:43,328 2829   INFO  [4248d3] Doing some complicated stuff.. Random numbers are: 1959875998, 1252001056, 731678926.
2018-11-13 00:02:43,336 2837   INFO  [a4b8b9] Finished processing user request with id = a4b8b94c-56dd-4740-9b9b-3d33966b50e4 in 00:00:00.0360728.
2018-11-13 00:02:43,343 2844   INFO  [BackgroundDaemon] Processing data (46% completed)..
2018-11-13 00:02:43,350 2851   INFO  [7c71ec] Finished processing user request with id = 7c71ec99-ce89-4f5c-b7bb-8e77ea8e86b2 in 00:00:00.0360361.
2018-11-13 00:02:43,353 2854   INFO  [4248d3] Finished processing user request with id = 4248d3a6-1b01-4cce-a699-2b7fc3fe4747 in 00:00:00.0440119.
2018-11-13 00:02:43,367 2868   INFO  [e3a0d7] Started processing user request. Id = e3a0d767-2407-467f-8bfd-af5074f96143. Size = 6.43 KB.
2018-11-13 00:02:43,376 2877   INFO  [e3a0d7] Doing some complicated stuff.. Random numbers are: 1458861969, 918717864, 1169245748.
2018-11-13 00:02:43,379 2880   INFO  [BackgroundDaemon] Processing data (56% completed)..
2018-11-13 00:02:43,379 2880   INFO  [BackgroundDaemon] Finished iteration in 00:00:00.1401435.
2018-11-13 00:02:43,382 2883   INFO  [59f1cd] Started processing user request. Id = 59f1cdf1-f496-4ebe-a2f8-a7d6848a640c. Size = 86.55 KB.
2018-11-13 00:02:43,385 2886   INFO  [e3a0d7] Here's some useful guids:
		60be0319-9935-4303-90d7-15e1950861f3
		20133c33-6df7-4abd-8795-80e1bbcc8959
2018-11-13 00:02:43,388 2889   INFO  [59f1cd] Doing some complicated stuff.. Random numbers are: 1428290877, 845337188, 1881335755.
2018-11-13 00:02:43,396 2897   INFO  [e3a0d7] Finished processing user request with id = e3a0d767-2407-467f-8bfd-af5074f96143 in 00:00:00.0290407.
2018-11-13 00:02:43,409 2910   INFO  [ca3816] Started processing user request. Id = ca381677-8104-4d68-853c-f835078096a2. Size = 87.89 KB.
2018-11-13 00:02:43,421 2922   INFO  [ca3816] Doing some complicated stuff.. Random numbers are: 1521327908, 1096655065, 65501952.
2018-11-13 00:02:43,437 2938   ERROR [59f1cd] 
System.InvalidOperationException: Oh no! An error occurred!
2018-11-13 00:02:43,438 2939   INFO  [ca3816] Here's some useful guids:
		39a6ab14-2279-4b19-9f6a-1e818d879c6d
2018-11-13 00:02:43,453 2954   INFO  [ca3816] Finished processing user request with id = ca381677-8104-4d68-853c-f835078096a2 in 00:00:00.0439840.
2018-11-13 00:02:43,467 2968   INFO  [2feb34] Started processing user request. Id = 2feb3416-3085-45e7-930b-9c4900631fd9. Size = 29.3 KB.
2018-11-13 00:02:43,468 2969   INFO  [b891a9] Started processing user request. Id = b891a97f-9030-4e10-b340-fd510da1ca78. Size = 10.69 KB.
2018-11-13 00:02:43,470 2971   INFO  [b891a9] Doing some complicated stuff.. Random numbers are: 1853608148, 676824505, 935771972.
2018-11-13 00:02:43,484 2985   INFO  [2feb34] Doing some complicated stuff.. Random numbers are: 519529595, 1142967648, 1916875844.
2018-11-13 00:02:43,495 2996   INFO  [2feb34] Here's some useful guids:
		575710b9-5b47-4b7b-9901-3f5558aaaa40
2018-11-13 00:02:43,504 3005   INFO  [1865bb] Started processing user request. Id = 1865bb39-e3e2-444f-947f-62d0bd62e057. Size = 92.35 KB.
2018-11-13 00:02:43,504 3005   INFO  [1865bb] Doing some complicated stuff.. Random numbers are: 521009052, 1536504361, 567809075.
2018-11-13 00:02:43,521 3022   INFO  [2feb34] Finished processing user request with id = 2feb3416-3085-45e7-930b-9c4900631fd9 in 00:00:00.0538648.
2018-11-13 00:02:43,533 3034   INFO  [b891a9] Finished processing user request with id = b891a97f-9030-4e10-b340-fd510da1ca78 in 00:00:00.0648692.
2018-11-13 00:02:43,535 3036   INFO  [cf5f3d] Started processing user request. Id = cf5f3db4-7cf6-4350-962d-e9dd4ce944c5. Size = 71.15 KB.
2018-11-13 00:02:43,535 3036   INFO  [cf5f3d] Doing some complicated stuff.. Random numbers are: 1708468784, 1224137108, 2099894977.
2018-11-13 00:02:43,538 3039   INFO  [1865bb] Here's some useful guids:
		d998589a-8a6a-4726-bd7d-a892f6c37399
2018-11-13 00:02:43,564 3065   INFO  [1865bb] Finished processing user request with id = 1865bb39-e3e2-444f-947f-62d0bd62e057 in 00:00:00.0599986.
2018-11-13 00:02:43,565 3066   INFO  [cf5f3d] Finished processing user request with id = cf5f3db4-7cf6-4350-962d-e9dd4ce944c5 in 00:00:00.0299492.
2018-11-13 00:02:43,565 3066   INFO  [9c185a] Started processing user request. Id = 9c185a68-45e6-4262-afa4-36ce674cb827. Size = 52.55 KB.
2018-11-13 00:02:43,573 3074   INFO  [9c185a] Doing some complicated stuff.. Random numbers are: 881765079, 1361877159, 1722036262.
2018-11-13 00:02:43,579 3080   INFO  [300e3f] Started processing user request. Id = 300e3f31-efd6-44df-8f7d-81048e8476f6. Size = 22.16 KB.
2018-11-13 00:02:43,580 3081   INFO  [BackgroundDaemon] Starting iteration #15440.
2018-11-13 00:02:43,581 3082   INFO  [300e3f] Doing some complicated stuff.. Random numbers are: 932784255, 2130802659, 7177516.
2018-11-13 00:02:43,605 3107   ERROR [9c185a] 
System.InvalidOperationException: Oh no! An error occurred!
2018-11-13 00:02:43,618 3119   INFO  [300e3f] Here's some useful guids:
		d833aa65-ea15-4ffe-aada-8122a2283334
		f0ea4add-a5e3-4717-8188-5d511a1e1ea6
		604336cd-16f4-435c-b526-dabeb32aff43
		1e0271c6-a595-4c5e-ab42-8cdcbc9c4325
2018-11-13 00:02:43,631 3132   INFO  [300e3f] Finished processing user request with id = 300e3f31-efd6-44df-8f7d-81048e8476f6 in 00:00:00.0521774.
2018-11-13 00:02:43,637 3138   INFO  [830ffe] Started processing user request. Id = 830ffed1-8288-4e23-9a7e-85ef7eeaff39. Size = 76.73 KB.
2018-11-13 00:02:43,637 3138   INFO  [830ffe] Doing some complicated stuff.. Random numbers are: 705243491, 2013500532, 953559269.
2018-11-13 00:02:43,645 3146   INFO  [e1ebe3] Started processing user request. Id = e1ebe376-c202-4fff-9544-232e8757ca92. Size = 17.35 KB.
2018-11-13 00:02:43,645 3146   INFO  [e1ebe3] Doing some complicated stuff.. Random numbers are: 36017713, 852298112, 293945163.
2018-11-13 00:02:43,646 3147   INFO  [830ffe] Finished processing user request with id = 830ffed1-8288-4e23-9a7e-85ef7eeaff39 in 00:00:00.0089610.
2018-11-13 00:02:43,648 3149   INFO  [BackgroundDaemon] Processing data (9% completed)..
2018-11-13 00:02:43,676 3177   INFO  [e1ebe3] Here's some useful guids:
		04c9b5fa-e0f5-424b-a999-290f4e6a8b0d
2018-11-13 00:02:43,678 3179   INFO  [b703ff] Started processing user request. Id = b703ffb9-f822-4e0c-b180-9b5a2e6324eb. Size = 34.6 KB.
2018-11-13 00:02:43,681 3182   INFO  [e1ebe3] Finished processing user request with id = e1ebe376-c202-4fff-9544-232e8757ca92 in 00:00:00.0358411.
2018-11-13 00:02:43,695 3196   INFO  [b703ff] Doing some complicated stuff.. Random numbers are: 1075964521, 712144291, 1058506611.
2018-11-13 00:02:43,695 3196   INFO  [BackgroundDaemon] Processing data (34% completed)..
2018-11-13 00:02:43,695 3196   INFO  [cada82] Started processing user request. Id = cada8272-a42c-4104-8a34-8b7e271d3c6f. Size = 27.81 KB.
2018-11-13 00:02:43,698 3199   INFO  [cada82] Doing some complicated stuff.. Random numbers are: 240959756, 1140337128, 1576168151.
2018-11-13 00:02:43,731 3232   INFO  [0ca1cf] Started processing user request. Id = 0ca1cfc0-d545-44c4-9c6d-32d12effeff6. Size = 45.7 KB.
2018-11-13 00:02:43,733 3234   INFO  [0ca1cf] Doing some complicated stuff.. Random numbers are: 1485316389, 1172508451, 1566919079.
2018-11-13 00:02:43,733 3234   INFO  [b703ff] Finished processing user request with id = b703ffb9-f822-4e0c-b180-9b5a2e6324eb in 00:00:00.0550410.
2018-11-13 00:02:43,735 3236   INFO  [BackgroundDaemon] Processing data (69% completed)..
2018-11-13 00:02:43,735 3236   INFO  [BackgroundDaemon] Finished iteration in 00:00:00.1551007.
2018-11-13 00:02:43,756 3257   INFO  [cada82] Finished processing user request with id = cada8272-a42c-4104-8a34-8b7e271d3c6f in 00:00:00.0609356.
2018-11-13 00:02:43,759 3260   INFO  [0ca1cf] Finished processing user request with id = 0ca1cfc0-d545-44c4-9c6d-32d12effeff6 in 00:00:00.0279310.
2018-11-13 00:02:43,765 3266   INFO  [0b1387] Started processing user request. Id = 0b138751-3d13-49fd-ad52-f28c2c0c366e. Size = 58 KB.
2018-11-13 00:02:43,770 3271   INFO  [c5c3ab] Started processing user request. Id = c5c3ab45-981d-45db-9c01-feea8dbe8881. Size = 52.29 KB.
2018-11-13 00:02:43,776 3277   INFO  [0b1387] Doing some complicated stuff.. Random numbers are: 1960173796, 2075303964, 150605859.
2018-11-13 00:02:43,782 3283   INFO  [c5c3ab] Doing some complicated stuff.. Random numbers are: 1698917537, 2042358353, 1955433192.
2018-11-13 00:02:43,792 3293   INFO  [c5c3ab] Here's some useful guids:
		45bce711-2f40-404c-aa77-a2f22b1beeb5
		dfef8b7f-834f-404f-80df-cd50b9229fb5
		2d0af57b-0bee-4752-a916-31cff9c7c048
		062062c4-c346-429b-9f11-7376b8222fcb
		82ffca3e-6592-4ea3-8343-ec05d2a8d60b
2018-11-13 00:02:43,805 3306   INFO  [0b1387] Finished processing user request with id = 0b138751-3d13-49fd-ad52-f28c2c0c366e in 00:00:00.0400146.
2018-11-13 00:02:43,810 3311   INFO  [Metrics] Cpu: 11.03%; Memory: 19.78 GB/31.88 GB; Workers: 4/1024; IOCP: 0/1024
2018-11-13 00:02:43,818 3319   INFO  [c5c3ab] Finished processing user request with id = c5c3ab45-981d-45db-9c01-feea8dbe8881 in 00:00:00.0480350.
2018-11-13 00:02:43,832 3333   INFO  [6a881a] Started processing user request. Id = 6a881acd-b3b2-4a08-92b4-1a4b9a66ccbb. Size = 57.94 KB.
2018-11-13 00:02:43,837 3338   INFO  [9a6aa2] Started processing user request. Id = 9a6aa2bd-71cf-4611-857a-859ff37f9ca0. Size = 34 KB.
2018-11-13 00:02:43,842 3343   INFO  [9a6aa2] Doing some complicated stuff.. Random numbers are: 977550845, 1220563689, 1047037105.
2018-11-13 00:02:43,848 3349   INFO  [6a881a] Doing some complicated stuff.. Random numbers are: 1271605530, 1430565146, 585528209.
2018-11-13 00:02:43,878 3379   INFO  [9a6aa2] Here's some useful guids:
		5fed5347-1407-4be4-9bcd-1d167818d178
		c250700e-9226-47c0-866b-8e25b7130450
		95569d8a-5e88-4c0d-8c01-716b2bf10743
		bb5f7bea-da1a-487f-ab06-ddce9ffd6844
		3631b93d-53f3-4700-bdd7-7d493eb6dbf6
2018-11-13 00:02:43,890 3391   INFO  [9a6aa2] Finished processing user request with id = 9a6aa2bd-71cf-4611-857a-859ff37f9ca0 in 00:00:00.0530704.
2018-11-13 00:02:43,896 3397   INFO  [6a881a] Finished processing user request with id = 6a881acd-b3b2-4a08-92b4-1a4b9a66ccbb in 00:00:00.0640601.
2018-11-13 00:02:43,910 3411   INFO  [d87d53] Started processing user request. Id = d87d53ff-92b9-4a7d-8495-26bd64fa8c33. Size = 64.65 KB.
2018-11-13 00:02:43,922 3423   INFO  [0fdca9] Started processing user request. Id = 0fdca95a-ef84-4168-81ff-a79822e72c74. Size = 16.82 KB.
2018-11-13 00:02:43,926 3427   INFO  [d87d53] Doing some complicated stuff.. Random numbers are: 1591198689, 598613192, 1004974408.
2018-11-13 00:02:43,926 3427   INFO  [afd8aa] Started processing user request. Id = afd8aaeb-8955-4ba2-9203-0f388fcb30fb. Size = 79.86 KB.
2018-11-13 00:02:43,935 3436   INFO  [0fdca9] Doing some complicated stuff.. Random numbers are: 1488689432, 1055032628, 838292938.
2018-11-13 00:02:43,935 3436   INFO  [BackgroundDaemon] Starting iteration #15441.
2018-11-13 00:02:43,938 3439   INFO  [afd8aa] Doing some complicated stuff.. Random numbers are: 1021782412, 987554809, 1291833598.
2018-11-13 00:02:43,956 3457   INFO  [BackgroundDaemon] Processing data (11% completed)..
2018-11-13 00:02:43,963 3464   INFO  [0fdca9] Here's some useful guids:
		9358b1ab-2039-424a-8efe-28e493fa6487
2018-11-13 00:02:43,964 3465   ERROR [d87d53] 
System.InvalidOperationException: Oh no! An error occurred!
2018-11-13 00:02:43,975 3476   INFO  [afd8aa] Here's some useful guids:
		0316e5f8-9f13-4f1f-81a5-9a74585a1ed6
2018-11-13 00:02:43,977 3478   INFO  [BackgroundDaemon] Processing data (32% completed)..
2018-11-13 00:02:43,978 3479   INFO  [a05a37] Started processing user request. Id = a05a37b6-6949-43a6-a3cc-af8788e184f0. Size = 88.66 KB.
2018-11-13 00:02:43,984 3485   INFO  [a05a37] Doing some complicated stuff.. Random numbers are: 309104441, 149266176, 720220165.
2018-11-13 00:02:43,992 3493   INFO  [0fdca9] Finished processing user request with id = 0fdca95a-ef84-4168-81ff-a79822e72c74 in 00:00:00.0699222.
2018-11-13 00:02:43,994 3495   INFO  [afd8aa] Finished processing user request with id = afd8aaeb-8955-4ba2-9203-0f388fcb30fb in 00:00:00.0678853.
2018-11-13 00:02:44,014 3515   INFO  [a05a37] Finished processing user request with id = a05a37b6-6949-43a6-a3cc-af8788e184f0 in 00:00:00.0360646.
2018-11-13 00:02:44,023 3524   INFO  [bf9dbd] Started processing user request. Id = bf9dbd75-8359-414c-9442-500650690ea2. Size = 85.63 KB.
2018-11-13 00:02:44,027 3528   INFO  [BackgroundDaemon] Processing data (51% completed)..
2018-11-13 00:02:44,027 3528   INFO  [BackgroundDaemon] Finished iteration in 00:00:00.0920408.
2018-11-13 00:02:44,028 3529   INFO  [b4cd9b] Started processing user request. Id = b4cd9b93-0dda-42a8-970b-23f19fc80d84. Size = 7.02 KB.
2018-11-13 00:02:44,031 3532   INFO  [b4cd9b] Doing some complicated stuff.. Random numbers are: 324512520, 1508627465, 1953640824.
2018-11-13 00:02:44,043 3544   INFO  [bf9dbd] Doing some complicated stuff.. Random numbers are: 1644962014, 336181812, 1676601624.
2018-11-13 00:02:44,056 3557   INFO  [bf9dbd] Here's some useful guids:
		6f29fc1d-c08e-4b40-bdba-beeee98cc21b
2018-11-13 00:02:44,065 3566   INFO  [b4cd9b] Finished processing user request with id = b4cd9b93-0dda-42a8-970b-23f19fc80d84 in 00:00:00.0370493.
2018-11-13 00:02:44,079 3580   INFO  [7ba244] Started processing user request. Id = 7ba2441a-6e53-4a95-948a-c8daaf612326. Size = 67.84 KB.
2018-11-13 00:02:44,081 3582   ERROR [bf9dbd] 
System.InvalidOperationException: Oh no! An error occurred!
2018-11-13 00:02:44,088 3589   INFO  [7ba244] Doing some complicated stuff.. Random numbers are: 1802915194, 1841118096, 332427799.
2018-11-13 00:02:44,095 3596   INFO  [7ba244] Here's some useful guids:
		2e04d590-ad1f-42c7-9091-a6ea1fe16462
2018-11-13 00:02:44,106 3607   INFO  [7ba244] Finished processing user request with id = 7ba2441a-6e53-4a95-948a-c8daaf612326 in 00:00:00.0269656.
2018-11-13 00:02:44,113 3614   INFO  [672666] Started processing user request. Id = 672666a4-4955-4eda-95e3-49675c63e247. Size = 66.31 KB.
2018-11-13 00:02:44,118 3619   INFO  [672666] Doing some complicated stuff.. Random numbers are: 859754347, 1749132231, 1025396415.
2018-11-13 00:02:44,120 3621   INFO  [9ff675] Started processing user request. Id = 9ff6752f-2dcf-473f-b1be-ce421c2efa18. Size = 29.78 KB.
2018-11-13 00:02:44,127 3628   INFO  [9ff675] Doing some complicated stuff.. Random numbers are: 255818764, 26213500, 282563968.
2018-11-13 00:02:44,161 3663   INFO  [557360] Started processing user request. Id = 55736054-accc-4111-9a76-031b334a764d. Size = 51.95 KB.
2018-11-13 00:02:44,163 3665   INFO  [9ff675] Finished processing user request with id = 9ff6752f-2dcf-473f-b1be-ce421c2efa18 in 00:00:00.0438706.
2018-11-13 00:02:44,173 3674   INFO  [557360] Doing some complicated stuff.. Random numbers are: 35936209, 1064427944, 1826709746.
2018-11-13 00:02:44,174 3675   INFO  [672666] Finished processing user request with id = 672666a4-4955-4eda-95e3-49675c63e247 in 00:00:00.0608678.
2018-11-13 00:02:44,178 3679   INFO  [356f1c] Started processing user request. Id = 356f1c26-4ccc-40ce-b711-e9f347c886c0. Size = 51.12 KB.
2018-11-13 00:02:44,187 3688   INFO  [356f1c] Doing some complicated stuff.. Random numbers are: 132198914, 1663932600, 2088830999.
2018-11-13 00:02:44,206 3707   INFO  [709bdb] Started processing user request. Id = 709bdb59-b19c-48e3-80e4-df3be278a8e5. Size = 56.67 KB.
2018-11-13 00:02:44,208 3709   INFO  [557360] Here's some useful guids:
		b01e7b78-e1d3-4331-8b84-3f595629405f
		30c0282d-a825-4ea1-9b99-52c7d1f567d0
		7b6d7d76-553a-4f50-a288-50627736c3b9
		b95e0cac-a561-4661-8d4e-a5865d6c36cc
2018-11-13 00:02:44,213 3714   INFO  [709bdb] Doing some complicated stuff.. Random numbers are: 1485196398, 104768368, 574299625.
2018-11-13 00:02:44,217 3718   INFO  [356f1c] Finished processing user request with id = 356f1c26-4ccc-40ce-b711-e9f347c886c0 in 00:00:00.0390827.
2018-11-13 00:02:44,223 3724   INFO  [557360] Finished processing user request with id = 55736054-accc-4111-9a76-031b334a764d in 00:00:00.0610655.
2018-11-13 00:02:44,228 3729   INFO  [BackgroundDaemon] Starting iteration #15442.
2018-11-13 00:02:44,231 3732   INFO  [8897fc] Started processing user request. Id = 8897fc5c-c9d2-4e0c-ab30-1cd755d7bf78. Size = 93.84 KB.
2018-11-13 00:02:44,249 3750   INFO  [8897fc] Doing some complicated stuff.. Random numbers are: 731104504, 746786053, 1956908633.
2018-11-13 00:02:44,252 3753   INFO  [8897fc] Here's some useful guids:
		f7cf7321-8d98-48ab-8daf-c2ca6014d5a6
		f2abe4c2-d975-434f-b1d5-2c49ffac5070
		ee372d94-a2ff-4c46-8474-dabe5ae756b3
		f0fea98f-de5c-4d7c-b80a-81bde8477743
2018-11-13 00:02:44,256 3757   INFO  [8897fc] Finished processing user request with id = 8897fc5c-c9d2-4e0c-ab30-1cd755d7bf78 in 00:00:00.0249956.
2018-11-13 00:02:44,259 3760   INFO  [709bdb] Finished processing user request with id = 709bdb59-b19c-48e3-80e4-df3be278a8e5 in 00:00:00.0530745.
2018-11-13 00:02:44,270 3771   INFO  [811264] Started processing user request. Id = 8112646f-dad4-4e1d-b2d5-e59f74a48abc. Size = 10.16 KB.
2018-11-13 00:02:44,290 3791   INFO  [811264] Doing some complicated stuff.. Random numbers are: 1768357421, 434296485, 404284270.
2018-11-13 00:02:44,290 3791   INFO  [b784bf] Started processing user request. Id = b784bf89-ad52-4689-b065-f6ddcb9f72d8. Size = 51.27 KB.
2018-11-13 00:02:44,296 3797   ERROR [811264] 
System.InvalidOperationException: Oh no! An error occurred!
2018-11-13 00:02:44,296 3797   INFO  [b784bf] Doing some complicated stuff.. Random numbers are: 1339143352, 1323569013, 1603442494.
2018-11-13 00:02:44,310 3811   INFO  [Metrics] Cpu: 11.03%; Memory: 19.76 GB/31.88 GB; Workers: 4/1024; IOCP: 0/1024
2018-11-13 00:02:44,310 3811   INFO  [8b0e28] Started processing user request. Id = 8b0e28b1-a15b-40ad-9fec-e2f4b2c9c041. Size = 9.22 KB.
2018-11-13 00:02:44,310 3811   INFO  [8b0e28] Doing some complicated stuff.. Random numbers are: 472400414, 2037660121, 1766126590.
2018-11-13 00:02:44,319 3820   INFO  [BackgroundDaemon] Processing data (12% completed)..
2018-11-13 00:02:44,330 3831   INFO  [b784bf] Here's some useful guids:
		dd7b6e8e-abb4-4f95-9ae6-9b0b890aa009
		2669901e-1993-416c-b813-31feb17d5419
2018-11-13 00:02:44,344 3845   INFO  [8b0e28] Here's some useful guids:
		179b6204-e855-4fb6-ad40-b794d85d5ce7
		14a94597-110c-4650-8626-ddb8fa1da5a0
2018-11-13 00:02:44,345 3846   INFO  [b784bf] Finished processing user request with id = b784bf89-ad52-4689-b065-f6ddcb9f72d8 in 00:00:00.0550864.
2018-11-13 00:02:44,363 3864   INFO  [8b0e28] Finished processing user request with id = 8b0e28b1-a15b-40ad-9fec-e2f4b2c9c041 in 00:00:00.0530589.
2018-11-13 00:02:44,377 3878   INFO  [d019e0] Started processing user request. Id = d019e070-7115-4afc-a8f9-b73fd9218fda. Size = 85.08 KB.
2018-11-13 00:02:44,377 3878   INFO  [da806c] Started processing user request. Id = da806ccb-b986-40d4-89b1-281a9318677b. Size = 77.3 KB.
2018-11-13 00:02:44,381 3882   INFO  [da806c] Doing some complicated stuff.. Random numbers are: 1065449297, 54986090, 2117171359.
2018-11-13 00:02:44,387 3888   INFO  [BackgroundDaemon] Processing data (37% completed)..
2018-11-13 00:02:44,389 3890   INFO  [d019e0] Doing some complicated stuff.. Random numbers are: 1389718999, 1179308957, 1655424398.
2018-11-13 00:02:44,390 3891   INFO  [c82580] Started processing user request. Id = c82580e2-a1f7-460e-b2e7-da8a67b4cede. Size = 24.93 KB.
2018-11-13 00:02:44,397 3898   INFO  [d019e0] Here's some useful guids:
		39651ecd-84c1-49a7-8694-295f9d016277
		004ac639-8b3e-436e-ba3e-1a1642e5abf3
		6ec0ba59-397e-4a2c-a8ff-0b5f7684e5eb
2018-11-13 00:02:44,399 3900   INFO  [c82580] Doing some complicated stuff.. Random numbers are: 572408679, 868535924, 2034906523.
2018-11-13 00:02:44,426 3927   INFO  [d019e0] Finished processing user request with id = d019e070-7115-4afc-a8f9-b73fd9218fda in 00:00:00.0490358.
2018-11-13 00:02:44,428 3929   INFO  [da806c] Finished processing user request with id = da806ccb-b986-40d4-89b1-281a9318677b in 00:00:00.0510543.
2018-11-13 00:02:44,440 3941   INFO  [bfde8a] Started processing user request. Id = bfde8a84-f4d8-454f-ab26-8a173e7db893. Size = 5.59 KB.
2018-11-13 00:02:44,449 3950   INFO  [c82580] Finished processing user request with id = c82580e2-a1f7-460e-b2e7-da8a67b4cede in 00:00:00.0590564.
2018-11-13 00:02:44,450 3951   INFO  [BackgroundDaemon] Processing data (84% completed)..
2018-11-13 00:02:44,450 3951   INFO  [BackgroundDaemon] Finished iteration in 00:00:00.2222286.
2018-11-13 00:02:44,457 3958   INFO  [bfde8a] Doing some complicated stuff.. Random numbers are: 993880811, 795084304, 1964651672.
2018-11-13 00:02:44,460 3961   INFO  [1e45f3] Started processing user request. Id = 1e45f329-bd65-4689-8535-dfc58da24743. Size = 86.24 KB.
2018-11-13 00:02:44,460 3961   INFO  [1e45f3] Doing some complicated stuff.. Random numbers are: 1272687093, 1935099414, 1422345327.
2018-11-13 00:02:44,476 3977   INFO  [bfde8a] Here's some useful guids:
		8157bab1-f80a-469d-af3e-6f24a6a70fa3
		101ec60a-b704-46e8-bff6-a4d521e03230
		6f9cacce-6f51-4baa-b6f8-e71d01be8470
		f00e969a-bc9e-4715-b3ea-e1194bdd1f3e
2018-11-13 00:02:44,483 3984   INFO  [bfde8a] Finished processing user request with id = bfde8a84-f4d8-454f-ab26-8a173e7db893 in 00:00:00.0428577.
2018-11-13 00:02:44,489 3990   INFO  [1e45f3] Here's some useful guids:
		66a45aaf-974a-4003-a824-ea6ecf89652c
		5a93878f-2af8-45a7-8bbe-ce5815ad47aa
		6460cdb8-f13a-4d65-b675-207fc97aa881
		515bf886-2ebe-46b7-ad2e-4d731cf8cbbf
		227ed64d-a292-445c-a027-9870bbd282c6
2018-11-13 00:02:44,495 3996   ERROR [1e45f3] 
System.InvalidOperationException: Oh no! An error occurred!
2018-11-13 00:02:44,497 3998   INFO  [520ff7] Started processing user request. Id = 520ff770-b969-48bc-975f-7d15c107e215. Size = 66.28 KB.
2018-11-13 00:02:44,517 4018   INFO  [520ff7] Doing some complicated stuff.. Random numbers are: 484116714, 1192463306, 1090976954.
2018-11-13 00:02:44,527 4028   INFO  [a4ae87] Started processing user request. Id = a4ae87d2-e22f-4e13-858f-1b01146c998a. Size = 48.93 KB.
2018-11-13 00:02:44,541 4042   INFO  [a4ae87] Doing some complicated stuff.. Random numbers are: 243386125, 896508602, 845576825.
2018-11-13 00:02:44,565 4066   INFO  [520ff7] Finished processing user request with id = 520ff770-b969-48bc-975f-7d15c107e215 in 00:00:00.0679592.
2018-11-13 00:02:44,571 4072   INFO  [a4ae87] Finished processing user request with id = a4ae87d2-e22f-4e13-858f-1b01146c998a in 00:00:00.0439427.
2018-11-13 00:02:44,579 4080   INFO  [bb326a] Started processing user request. Id = bb326ae1-dd1f-4e0f-a718-7caf8c77e6bd. Size = 50.19 KB.
2018-11-13 00:02:44,597 4098   INFO  [bb326a] Doing some complicated stuff.. Random numbers are: 1551260518, 1240093121, 2143560937.
2018-11-13 00:02:44,603 4104   INFO  [fd4d66] Started processing user request. Id = fd4d6667-d6ba-4eae-9530-ab75667d4405. Size = 48.17 KB.
2018-11-13 00:02:44,607 4108   INFO  [bb326a] Here's some useful guids:
		b56820fd-2bea-4a45-9e67-fae7f4a5de02
		72565526-0eea-465e-8f9b-1c9cf99dd50c
		03f91bfc-cad0-49c6-9452-70102a03aad2
2018-11-13 00:02:44,615 4116   INFO  [fd4d66] Doing some complicated stuff.. Random numbers are: 712136024, 248611912, 678694670.
2018-11-13 00:02:44,616 4117   INFO  [0b6c49] Started processing user request. Id = 0b6c49f3-2726-4971-9134-187e25b64d3c. Size = 60.19 KB.
2018-11-13 00:02:44,620 4121   INFO  [bb326a] Finished processing user request with id = bb326ae1-dd1f-4e0f-a718-7caf8c77e6bd in 00:00:00.0410967.
2018-11-13 00:02:44,629 4130   INFO  [0b6c49] Doing some complicated stuff.. Random numbers are: 1272372874, 1332037104, 1078189552.
2018-11-13 00:02:44,634 4135   INFO  [d22fa1] Started processing user request. Id = d22fa1c2-727e-499e-b4fe-568609fcadf3. Size = 2.48 KB.
2018-11-13 00:02:44,639 4140   INFO  [fd4d66] Finished processing user request with id = fd4d6667-d6ba-4eae-9530-ab75667d4405 in 00:00:00.0360728.
2018-11-13 00:02:44,649 4150   INFO  [d22fa1] Doing some complicated stuff.. Random numbers are: 1391646958, 87806916, 1397286922.
2018-11-13 00:02:44,651 4152   INFO  [BackgroundDaemon] Starting iteration #15443.
2018-11-13 00:02:44,665 4166   INFO  [0b6c49] Here's some useful guids:
		fb7dd2c9-aed6-4441-8b93-1e27505bce54
		fb3dca44-2e06-4540-ac64-81128cf9e93e
		132ff119-d7ef-488b-9a7b-587cb791b1ed
2018-11-13 00:02:44,671 4172   INFO  [c3a97c] Started processing user request. Id = c3a97cc5-cb89-405f-8f05-7c84a9ab3853. Size = 27.31 KB.
2018-11-13 00:02:44,681 4182   INFO  [BackgroundDaemon] Processing data (9% completed)..
2018-11-13 00:02:44,682 4183   INFO  [0b6c49] Finished processing user request with id = 0b6c49f3-2726-4971-9134-187e25b64d3c in 00:00:00.0659000.
2018-11-13 00:02:44,685 4186   INFO  [d22fa1] Here's some useful guids:
		d67d9414-6b69-42dd-b253-4848fe99f3a0
		b3815c4c-8dcb-4ef1-bf21-72751a30e9a5
		d2bf8e6a-11a6-4a7f-adda-a16c61bd1154
2018-11-13 00:02:44,686 4187   INFO  [c3a97c] Doing some complicated stuff.. Random numbers are: 1331062678, 735130906, 1159956295.
2018-11-13 00:02:44,703 4204   INFO  [c3a97c] Here's some useful guids:
		5ee29fd8-9ac4-4f97-b65b-c48c5bf94118
2018-11-13 00:02:44,711 4212   INFO  [d22fa1] Finished processing user request with id = d22fa1c2-727e-499e-b4fe-568609fcadf3 in 00:00:00.0767426.
2018-11-13 00:02:44,725 4226   INFO  [ce1522] Started processing user request. Id = ce152245-1d1f-4366-95e7-c1c62e3a1e8f. Size = 34.13 KB.
2018-11-13 00:02:44,730 4231   INFO  [c3a97c] Finished processing user request with id = c3a97cc5-cb89-405f-8f05-7c84a9ab3853 in 00:00:00.0592365.
2018-11-13 00:02:44,739 4240   INFO  [ce1522] Doing some complicated stuff.. Random numbers are: 726782103, 240470054, 1624291008.
2018-11-13 00:02:44,762 4263   INFO  [a75d18] Started processing user request. Id = a75d18d5-d350-4e09-9264-fb3eff3d2dcc. Size = 94.34 KB.
2018-11-13 00:02:44,776 4277   INFO  [BackgroundDaemon] Processing data (44% completed)..
2018-11-13 00:02:44,779 4280   INFO  [a75d18] Doing some complicated stuff.. Random numbers are: 795923031, 2018659965, 648435033.
2018-11-13 00:02:44,789 4290   INFO  [ce1522] Finished processing user request with id = ce152245-1d1f-4366-95e7-c1c62e3a1e8f in 00:00:00.0642376.
2018-11-13 00:02:44,803 4304   INFO  [b3149a] Started processing user request. Id = b3149a5e-476d-42b0-a4d2-2a9aca02d068. Size = 4.04 KB.
2018-11-13 00:02:44,809 4310   INFO  [Metrics] Cpu: 12.03%; Memory: 19.76 GB/31.88 GB; Workers: 4/1024; IOCP: 0/1024
2018-11-13 00:02:44,810 4311   INFO  [b3149a] Doing some complicated stuff.. Random numbers are: 946531782, 1113476266, 2004446275.
2018-11-13 00:02:44,815 4316   INFO  [a75d18] Finished processing user request with id = a75d18d5-d350-4e09-9264-fb3eff3d2dcc in 00:00:00.0531120.
2018-11-13 00:02:44,838 4339   INFO  [b3149a] Finished processing user request with id = b3149a5e-476d-42b0-a4d2-2a9aca02d068 in 00:00:00.0350520.
2018-11-13 00:02:44,847 4348   INFO  [3c3d67] Started processing user request. Id = 3c3d6788-a010-4607-a936-809049e4488c. Size = 74.09 KB.
2018-11-13 00:02:44,850 4351   INFO  [3c3d67] Doing some complicated stuff.. Random numbers are: 1172359901, 959243173, 224136274.
2018-11-13 00:02:44,850 4351   INFO  [79ebe0] Started processing user request. Id = 79ebe0b2-645c-404f-8056-b38087f8425a. Size = 79.87 KB.
2018-11-13 00:02:44,852 4353   INFO  [2979bd] Started processing user request. Id = 2979bdd5-2661-45c9-b9e9-a042f4103b67. Size = 45.6 KB.
2018-11-13 00:02:44,853 4354   INFO  [79ebe0] Doing some complicated stuff.. Random numbers are: 1553546462, 889352879, 842337904.
2018-11-13 00:02:44,855 4356   INFO  [2979bd] Doing some complicated stuff.. Random numbers are: 941035311, 39273176, 1413661577.
2018-11-13 00:02:44,875 4376   INFO  [BackgroundDaemon] Processing data (98% completed)..
2018-11-13 00:02:44,875 4376   INFO  [BackgroundDaemon] Finished iteration in 00:00:00.2240191.
2018-11-13 00:02:44,880 4381   INFO  [79ebe0] Finished processing user request with id = 79ebe0b2-645c-404f-8056-b38087f8425a in 00:00:00.0301269.
2018-11-13 00:02:44,880 4381   INFO  [2979bd] Here's some useful guids:
		d40d88bc-1979-43e1-924c-432e7e92e74b
2018-11-13 00:02:44,880 4381   ERROR [2979bd] 
System.InvalidOperationException: Oh no! An error occurred!
2018-11-13 00:02:44,884 4385   INFO  [3c3d67] Here's some useful guids:
		2a705321-4846-4f73-a21f-f8454cf9ac7d
		57511ca0-922f-4705-b6bf-33f9cd7402e9
		a9c65256-b163-42e5-86e7-88f042e23dca
		0977a387-ae10-4a20-b7db-4766aaf58ff6
2018-11-13 00:02:44,893 4394   INFO  [57be34] Started processing user request. Id = 57be348a-4d9d-4e96-8ecb-60955fa90fac. Size = 56.41 KB.
2018-11-13 00:02:44,900 4401   INFO  [3c3d67] Finished processing user request with id = 3c3d6788-a010-4607-a936-809049e4488c in 00:00:00.0532278.
2018-11-13 00:02:44,907 4408   INFO  [57be34] Doing some complicated stuff.. Random numbers are: 470520660, 1930435358, 1903663279.
2018-11-13 00:02:44,932 4433   INFO  [766bf6] Started processing user request. Id = 766bf62e-8c7b-488b-afe6-05c785f60d0c. Size = 27.15 KB.
2018-11-13 00:02:44,941 4442   INFO  [766bf6] Doing some complicated stuff.. Random numbers are: 1429706565, 1250935177, 632941323.
2018-11-13 00:02:44,944 4445   INFO  [57be34] Here's some useful guids:
		962ba360-0fe4-45c0-9754-c6a52f033ad9
		a65e1ac8-594e-4692-a585-8b691f5ded1f
		718643d1-4c40-4719-8ee3-29f81ef7a310
		b235f8fd-dfd2-4405-b7e2-47f82b6f48ad
2018-11-13 00:02:44,961 4462   INFO  [57be34] Finished processing user request with id = 57be348a-4d9d-4e96-8ecb-60955fa90fac in 00:00:00.0677275.
2018-11-13 00:02:44,966 4467   INFO  [766bf6] Here's some useful guids:
		546f575a-6c89-4a3e-936e-01a0df651ac2
		cc9893f5-2065-4809-881a-96635c8ab9da
2018-11-13 00:02:44,971 4472   INFO  [766bf6] Finished processing user request with id = 766bf62e-8c7b-488b-afe6-05c785f60d0c in 00:00:00.0386847.
2018-11-13 00:02:44,975 4476   INFO  [8c1352] Started processing user request. Id = 8c135207-994a-43d1-a55b-0b6fe7c6eeeb. Size = 80.58 KB.
2018-11-13 00:02:44,975 4476   INFO  [8c1352] Doing some complicated stuff.. Random numbers are: 761720849, 285053111, 782715664.
2018-11-13 00:02:45,003 4504   INFO  [fb1bde] Started processing user request. Id = fb1bde2b-d504-4e5a-bf3a-929b92ff7e6a. Size = 68.13 KB.
2018-11-13 00:02:45,010 4511   INFO  [8c1352] Finished processing user request with id = 8c135207-994a-43d1-a55b-0b6fe7c6eeeb in 00:00:00.0350303.
2018-11-13 00:02:45,011 4512   INFO  [fb1bde] Doing some complicated stuff.. Random numbers are: 802818429, 1180916071, 352365991.
2018-11-13 00:02:45,024 4525   INFO  [67874f] Started processing user request. Id = 67874f68-4da3-4476-9221-2229db3e1790. Size = 70.14 KB.
2018-11-13 00:02:45,026 4527   INFO  [fb1bde] Here's some useful guids:
		507712f2-5df1-4ae7-8136-d0b03f4e5dcd
2018-11-13 00:02:45,036 4537   INFO  [67874f] Doing some complicated stuff.. Random numbers are: 245206713, 1204196731, 131667394.
2018-11-13 00:02:45,045 4546   INFO  [fb1bde] Finished processing user request with id = fb1bde2b-d504-4e5a-bf3a-929b92ff7e6a in 00:00:00.0420093.
2018-11-13 00:02:45,048 4549   INFO  [7384b4] Started processing user request. Id = 7384b446-ac3f-44c1-bb6e-fdd6ca18f205. Size = 82.54 KB.
2018-11-13 00:02:45,058 4559   INFO  [67874f] Finished processing user request with id = 67874f68-4da3-4476-9221-2229db3e1790 in 00:00:00.0340060.
2018-11-13 00:02:45,062 4563   INFO  [7384b4] Doing some complicated stuff.. Random numbers are: 1077012410, 932008330, 418044053.
2018-11-13 00:02:45,064 4565   INFO  [7384b4] Here's some useful guids:
		7a42225d-2ced-4dc8-902b-98e0c438c618
		6c5a11f5-e739-4c01-ade2-5fd27b59ae8b
		74951696-fc7b-4f6a-99ea-6048e42e8764
2018-11-13 00:02:45,072 4573   INFO  [08892e] Started processing user request. Id = 08892ecc-3c9c-4044-8f88-9dee0120b60c. Size = 7.48 KB.
2018-11-13 00:02:45,074 4575   INFO  [7384b4] Finished processing user request with id = 7384b446-ac3f-44c1-bb6e-fdd6ca18f205 in 00:00:00.0259912.
2018-11-13 00:02:45,076 4577   INFO  [BackgroundDaemon] Starting iteration #15444.
2018-11-13 00:02:45,077 4578   INFO  [7cf361] Started processing user request. Id = 7cf361a4-3339-4961-9d96-0ec7a6120565. Size = 67.71 KB.
2018-11-13 00:02:45,083 4584   INFO  [7cf361] Doing some complicated stuff.. Random numbers are: 1877529648, 692062822, 828543193.
2018-11-13 00:02:45,086 4587   INFO  [08892e] Doing some complicated stuff.. Random numbers are: 1953047287, 1321449565, 2078529919.
2018-11-13 00:02:45,121 4622   INFO  [BackgroundDaemon] Processing data (13% completed)..
2018-11-13 00:02:45,130 4631   INFO  [7cf361] Finished processing user request with id = 7cf361a4-3339-4961-9d96-0ec7a6120565 in 00:00:00.0533137.
2018-11-13 00:02:45,137 4638   INFO  [08892e] Finished processing user request with id = 08892ecc-3c9c-4044-8f88-9dee0120b60c in 00:00:00.0652924.
2018-11-13 00:02:45,150 4651   INFO  [f51e28] Started processing user request. Id = f51e28df-6578-4acc-b604-000a15188a56. Size = 40.86 KB.
2018-11-13 00:02:45,158 4659   INFO  [BackgroundDaemon] Processing data (30% completed)..
2018-11-13 00:02:45,162 4663   INFO  [f51e28] Doing some complicated stuff.. Random numbers are: 1320749912, 1638866771, 1433127506.
2018-11-13 00:02:45,162 4663   INFO  [858eef] Started processing user request. Id = 858eeff9-f211-4ce0-b9e0-9305c3bc5ebe. Size = 46.77 KB.
2018-11-13 00:02:45,164 4665   INFO  [858eef] Doing some complicated stuff.. Random numbers are: 1570558779, 1013314470, 261734095.
2018-11-13 00:02:45,200 4701   INFO  [858eef] Finished processing user request with id = 858eeff9-f211-4ce0-b9e0-9305c3bc5ebe in 00:00:00.0380106.
2018-11-13 00:02:45,215 4716   INFO  [f51e28] Finished processing user request with id = f51e28df-6578-4acc-b604-000a15188a56 in 00:00:00.0649985.
2018-11-13 00:02:45,229 4730   INFO  [b04923] Started processing user request. Id = b04923be-9d49-4286-b917-c1ca495ee0be. Size = 75.58 KB.
2018-11-13 00:02:45,232 4733   INFO  [0272ce] Started processing user request. Id = 0272ce4b-32f4-4218-8e6b-e6104a6f3ecb. Size = 7.45 KB.
2018-11-13 00:02:45,236 4737   INFO  [b04923] Doing some complicated stuff.. Random numbers are: 1404041159, 549371381, 1948743849.
2018-11-13 00:02:45,239 4740   INFO  [0272ce] Doing some complicated stuff.. Random numbers are: 1775382545, 235711058, 1775684597.
2018-11-13 00:02:45,242 4743   INFO  [9f1fca] Started processing user request. Id = 9f1fca06-2925-4657-8b63-777a6573d251. Size = 50.28 KB.
2018-11-13 00:02:45,255 4756   INFO  [BackgroundDaemon] Processing data (82% completed)..
2018-11-13 00:02:45,255 4756   INFO  [BackgroundDaemon] Finished iteration in 00:00:00.1788840.
2018-11-13 00:02:45,256 4757   INFO  [9f1fca] Doing some complicated stuff.. Random numbers are: 687006719, 1482826785, 1085581666.
2018-11-13 00:02:45,269 4770   INFO  [0272ce] Finished processing user request with id = 0272ce4b-32f4-4218-8e6b-e6104a6f3ecb in 00:00:00.0370197.
2018-11-13 00:02:45,271 4772   INFO  [b04923] Finished processing user request with id = b04923be-9d49-4286-b917-c1ca495ee0be in 00:00:00.0420550.
2018-11-13 00:02:45,285 4786   INFO  [a3d514] Started processing user request. Id = a3d514cb-4ebc-4e4f-af02-e29896d8b0c7. Size = 45.2 KB.
2018-11-13 00:02:45,287 4788   INFO  [a3d514] Doing some complicated stuff.. Random numbers are: 338853266, 1732687491, 346889274.
2018-11-13 00:02:45,296 4797   INFO  [9f1fca] Here's some useful guids:
		c300c805-5934-4d55-b848-4751f8e39202
		637abf74-bf2b-4755-bd46-83873790897e
		a698da71-55fc-46ec-b962-c1fa2d18a2e3
		fab83f04-95af-4302-99f1-c96e01d69ddc
		429fb930-f5c4-4d80-bf73-6b24d7160cac
2018-11-13 00:02:45,301 4802   INFO  [e0e3c3] Started processing user request. Id = e0e3c370-dc98-49db-9770-6a2ead2b3f5a. Size = 97.75 KB.
2018-11-13 00:02:45,307 4808   INFO  [e0e3c3] Doing some complicated stuff.. Random numbers are: 1591364883, 1502293086, 693286487.
2018-11-13 00:02:45,309 4810   INFO  [Metrics] Cpu: 12.03%; Memory: 19.77 GB/31.88 GB; Workers: 4/1024; IOCP: 0/1024
2018-11-13 00:02:45,317 4818   ERROR [e0e3c3] 
System.InvalidOperationException: Oh no! An error occurred!
2018-11-13 00:02:45,322 4823   INFO  [a3d514] Finished processing user request with id = a3d514cb-4ebc-4e4f-af02-e29896d8b0c7 in 00:00:00.0369607.
2018-11-13 00:02:45,324 4825   INFO  [9f1fca] Finished processing user request with id = 9f1fca06-2925-4657-8b63-777a6573d251 in 00:00:00.0820213.
2018-11-13 00:02:45,336 4837   INFO  [db706a] Started processing user request. Id = db706a9e-824a-4c2d-b106-c07b03f38a37. Size = 68.79 KB.
2018-11-13 00:02:45,341 4842   INFO  [db706a] Doing some complicated stuff.. Random numbers are: 75286604, 857322722, 780803300.
2018-11-13 00:02:45,349 4850   INFO  [7b0739] Started processing user request. Id = 7b0739b2-f7e4-4118-a733-b44185196981. Size = 52.64 KB.
2018-11-13 00:02:45,355 4856   INFO  [7b0739] Doing some complicated stuff.. Random numbers are: 422391984, 678235655, 1909502145.
2018-11-13 00:02:45,384 4885   INFO  [7b0739] Finished processing user request with id = 7b0739b2-f7e4-4118-a733-b44185196981 in 00:00:00.0352036.
2018-11-13 00:02:45,388 4889   INFO  [db706a] Finished processing user request with id = db706a9e-824a-4c2d-b106-c07b03f38a37 in 00:00:00.0523076.
2018-11-13 00:02:45,402 4903   INFO  [e86c72] Started processing user request. Id = e86c72ce-abe8-44c5-8653-49323cdc1103. Size = 58.76 KB.
2018-11-13 00:02:45,416 4917   INFO  [476073] Started processing user request. Id = 47607354-66f5-4ffd-b691-6f6ae796e6b4. Size = 94.5 KB.
2018-11-13 00:02:45,422 4923   INFO  [e86c72] Doing some complicated stuff.. Random numbers are: 1995575665, 246265982, 1796367602.
2018-11-13 00:02:45,435 4936   INFO  [476073] Doing some complicated stuff.. Random numbers are: 541084334, 1925714729, 428762008.
2018-11-13 00:02:45,440 4941   INFO  [476073] Finished processing user request with id = 47607354-66f5-4ffd-b691-6f6ae796e6b4 in 00:00:00.0240065.
2018-11-13 00:02:45,455 4956   INFO  [BackgroundDaemon] Starting iteration #15445.
2018-11-13 00:02:45,472 4973   INFO  [265753] Started processing user request. Id = 265753f0-1875-4d5b-bd0f-a6760c1fab9c. Size = 19.92 KB.
2018-11-13 00:02:45,476 4977   INFO  [BackgroundDaemon] Processing data (18% completed)..
2018-11-13 00:02:45,478 4979   INFO  [e86c72] Finished processing user request with id = e86c72ce-abe8-44c5-8653-49323cdc1103 in 00:00:00.0760578.
2018-11-13 00:02:45,484 4985   INFO  [265753] Doing some complicated stuff.. Random numbers are: 1086761287, 860235631, 734780520.
2018-11-13 00:02:45,486 4987   INFO  [265753] Here's some useful guids:
		49d38cb5-b4a8-434d-bff8-adb3c9f75924
		5c9db2db-2171-4bab-865a-dc612d9b60e5
		99b3171c-7294-49c8-8922-8d54a47364a8
		03940415-c780-41de-b13b-75cb31ac603a
2018-11-13 00:02:45,491 4992   INFO  [3a08bb] Started processing user request. Id = 3a08bb4f-358f-4a3c-959a-a52fe8e43d79. Size = 58.86 KB.
2018-11-13 00:02:45,492 4993   INFO  [44776d] Started processing user request. Id = 44776de7-1cfd-40d5-8bc4-d08516a6a271. Size = 66.32 KB.
2018-11-13 00:02:45,504 5006   INFO  [3a08bb] Doing some complicated stuff.. Random numbers are: 878114899, 1427138585, 114607991.
2018-11-13 00:02:45,508 5010   INFO  [44776d] Doing some complicated stuff.. Random numbers are: 1688249975, 625878052, 1477688704.
2018-11-13 00:02:45,515 5017   INFO  [265753] Finished processing user request with id = 265753f0-1875-4d5b-bd0f-a6760c1fab9c in 00:00:00.0435204.
2018-11-13 00:02:45,533 5035   INFO  [3a08bb] Here's some useful guids:
		ddc46194-1411-413a-a58d-ee655cb83f43
		4e57c162-349b-473b-affb-0908e5edddd5
		34334d68-7d15-4a66-b33f-7c1b7ec83241
2018-11-13 00:02:45,546 5047   INFO  [44776d] Finished processing user request with id = 44776de7-1cfd-40d5-8bc4-d08516a6a271 in 00:00:00.0535231.
2018-11-13 00:02:45,548 5049   INFO  [328133] Started processing user request. Id = 32813338-a8ee-4acb-a7de-0333d2ab7b88. Size = 76.25 KB.
2018-11-13 00:02:45,560 5061   INFO  [a4bc5a] Started processing user request. Id = a4bc5a47-8956-4853-82a9-8a76df7423d7. Size = 65.19 KB.
2018-11-13 00:02:45,562 5063   INFO  [BackgroundDaemon] Processing data (25% completed)..
2018-11-13 00:02:45,564 5065   INFO  [3a08bb] Finished processing user request with id = 3a08bb4f-358f-4a3c-959a-a52fe8e43d79 in 00:00:00.0725664.
2018-11-13 00:02:45,564 5065   INFO  [328133] Doing some complicated stuff.. Random numbers are: 1425954410, 2049594284, 1962347088.
2018-11-13 00:02:45,573 5074   INFO  [a4bc5a] Doing some complicated stuff.. Random numbers are: 843462876, 659996696, 1980896148.
2018-11-13 00:02:45,593 5094   INFO  [328133] Here's some useful guids:
		8dff6cbe-cd04-45be-aa9a-52c68ea965b9
		4e950292-3b6f-4c7c-9d20-9c8a43642ff2
		2b330cbf-5aff-44d6-bd69-831fb7d98a2b
		54570a94-9274-4d3a-b995-cffbfc818aec
		640bf4b0-22b9-4295-af6e-416104287372
2018-11-13 00:02:45,597 5098   INFO  [328133] Finished processing user request with id = 32813338-a8ee-4acb-a7de-0333d2ab7b88 in 00:00:00.0490511.
2018-11-13 00:02:45,612 5113   INFO  [a4bc5a] Here's some useful guids:
		c9a47e1b-2d72-4ae8-b670-6f57793c5ff2
2018-11-13 00:02:45,619 5120   INFO  [a4bc5a] Finished processing user request with id = a4bc5a47-8956-4853-82a9-8a76df7423d7 in 00:00:00.0590098.
2018-11-13 00:02:45,628 5129   INFO  [3ca2a9] Started processing user request. Id = 3ca2a92f-0df1-4b97-bc29-b37fd8801558. Size = 42.13 KB.
2018-11-13 00:02:45,632 5133   INFO  [ed1c41] Started processing user request. Id = ed1c4163-4288-4f11-b4d1-7f8585a69cdc. Size = 36.4 KB.
2018-11-13 00:02:45,641 5142   INFO  [3ca2a9] Doing some complicated stuff.. Random numbers are: 663890255, 315993089, 920049734.
2018-11-13 00:02:45,641 5142   INFO  [3ca2a9] Here's some useful guids:
		42412df6-c437-4f8a-9476-227b32dae97c
		c797de2d-9d9d-4670-a0cd-f85853c0370c
		227b8bb3-bcd3-4698-a44a-87256fc60f33
2018-11-13 00:02:45,644 5145   INFO  [3ca2a9] Finished processing user request with id = 3ca2a92f-0df1-4b97-bc29-b37fd8801558 in 00:00:00.0160213.
2018-11-13 00:02:45,646 5147   INFO  [BackgroundDaemon] Processing data (69% completed)..
2018-11-13 00:02:45,646 5147   INFO  [BackgroundDaemon] Finished iteration in 00:00:00.1907609.
2018-11-13 00:02:45,651 5152   INFO  [ed1c41] Doing some complicated stuff.. Random numbers are: 1548934206, 1450376175, 1259218066.
2018-11-13 00:02:45,675 5176   INFO  [ed1c41] Here's some useful guids:
		2bc3ae90-0b46-4e0b-a5f7-31ded758eb60
		0a8c97e9-e7e9-4f47-b18d-b356d13d5f78
2018-11-13 00:02:45,676 5177   INFO  [a3c1d4] Started processing user request. Id = a3c1d40d-9df9-4319-9867-1063a243803a. Size = 66.07 KB.
2018-11-13 00:02:45,688 5189   INFO  [ed1c41] Finished processing user request with id = ed1c4163-4288-4f11-b4d1-7f8585a69cdc in 00:00:00.0560181.
2018-11-13 00:02:45,693 5194   INFO  [a3c1d4] Doing some complicated stuff.. Random numbers are: 598155288, 1643527687, 675401740.
2018-11-13 00:02:45,701 5202   INFO  [6df293] Started processing user request. Id = 6df29304-88fc-4975-95a3-3501bde542c5. Size = 25.78 KB.
2018-11-13 00:02:45,712 5213   INFO  [6df293] Doing some complicated stuff.. Random numbers are: 378926622, 443903819, 37278631.
2018-11-13 00:02:45,718 5219   INFO  [a3c1d4] Here's some useful guids:
		242ba561-6d03-4907-9a81-46eadc1412f7
2018-11-13 00:02:45,718 5219   INFO  [a3c1d4] Finished processing user request with id = a3c1d40d-9df9-4319-9867-1063a243803a in 00:00:00.0421328.
2018-11-13 00:02:45,721 5222   INFO  [6df293] Finished processing user request with id = 6df29304-88fc-4975-95a3-3501bde542c5 in 00:00:00.0200526.
2018-11-13 00:02:45,731 5232   INFO  [e2ecb7] Started processing user request. Id = e2ecb761-bc2e-410c-9227-eff21b00dae1. Size = 7.54 KB.
2018-11-13 00:02:45,735 5236   INFO  [aa3fec] Started processing user request. Id = aa3fec82-d590-4de8-8f56-e1864ee137d3. Size = 50.8 KB.
2018-11-13 00:02:45,740 5241   INFO  [e2ecb7] Doing some complicated stuff.. Random numbers are: 1070941689, 2149670, 1263322363.
2018-11-13 00:02:45,743 5244   INFO  [aa3fec] Doing some complicated stuff.. Random numbers are: 1680128294, 118176568, 1287915787.
2018-11-13 00:02:45,750 5251   INFO  [6b95b1] Started processing user request. Id = 6b95b18f-e9b8-4720-bc9f-6aa5f91dc554. Size = 6.42 KB.
2018-11-13 00:02:45,754 5255   INFO  [6b95b1] Doing some complicated stuff.. Random numbers are: 514882291, 56259282, 1938660972.
2018-11-13 00:02:45,764 5265   INFO  [6b95b1] Here's some useful guids:
		41f98081-09d6-443b-aef0-6bc2d77aa0d9
		e618f418-5317-4b11-9835-0d9292da55fb
		ad8b587c-2c37-47ff-a106-f3b3015ef218
		6737b81d-988d-4db5-9874-968cd71e6ee7
		48788865-5591-43c2-911e-637926e17c1a
2018-11-13 00:02:45,775 5276   INFO  [6b95b1] Finished processing user request with id = 6b95b18f-e9b8-4720-bc9f-6aa5f91dc554 in 00:00:00.0251120.
2018-11-13 00:02:45,777 5278   INFO  [e2ecb7] Here's some useful guids:
		44b4b6ae-2ee6-43a0-80e5-0c3a756aecf0
2018-11-13 00:02:45,789 5290   INFO  [e2ecb7] Finished processing user request with id = e2ecb761-bc2e-410c-9227-eff21b00dae1 in 00:00:00.0580858.
2018-11-13 00:02:45,798 5299   INFO  [aa3fec] Finished processing user request with id = aa3fec82-d590-4de8-8f56-e1864ee137d3 in 00:00:00.0631135.
2018-11-13 00:02:45,807 5308   INFO  [914b47] Started processing user request. Id = 914b47a6-d348-4be3-870a-a7a5145d79b5. Size = 75.73 KB.
2018-11-13 00:02:45,808 5309   INFO  [Metrics] Cpu: 12.42%; Memory: 19.77 GB/31.88 GB; Workers: 4/1024; IOCP: 0/1024
2018-11-13 00:02:45,810 5311   INFO  [914b47] Doing some complicated stuff.. Random numbers are: 1593049356, 610385146, 1874209817.
2018-11-13 00:02:45,812 5313   INFO  [5453d9] Started processing user request. Id = 5453d957-26ce-4874-b7fc-8c6a35b2be32. Size = 2.85 KB.
2018-11-13 00:02:45,832 5333   INFO  [5453d9] Doing some complicated stuff.. Random numbers are: 2058438199, 1746281650, 975013662.
2018-11-13 00:02:45,833 5334   INFO  [914b47] Here's some useful guids:
		edb1706c-ab5c-49c9-8566-d7d9c2afaa4c
		88361055-9388-4d5e-a11e-99b11173cb74
2018-11-13 00:02:45,847 5348   INFO  [BackgroundDaemon] Starting iteration #15446.
2018-11-13 00:02:45,852 5353   ERROR [5453d9] 
System.InvalidOperationException: Oh no! An error occurred!
2018-11-13 00:02:45,863 5364   INFO  [914b47] Finished processing user request with id = 914b47a6-d348-4be3-870a-a7a5145d79b5 in 00:00:00.0557635.
2018-11-13 00:02:45,866 5367   INFO  [934d96] Started processing user request. Id = 934d965e-d1cc-4cc9-8885-5305f1ad8052. Size = 14.23 KB.
2018-11-13 00:02:45,870 5371   INFO  [934d96] Doing some complicated stuff.. Random numbers are: 1511061140, 772258513, 631352560.
2018-11-13 00:02:45,882 5383   INFO  [934d96] Finished processing user request with id = 934d965e-d1cc-4cc9-8885-5305f1ad8052 in 00:00:00.0160063.
2018-11-13 00:02:45,894 5395   INFO  [4e8e95] Started processing user request. Id = 4e8e95b7-5f37-4cd1-b263-af9ca1e9cb7a. Size = 58.85 KB.
2018-11-13 00:02:45,895 5396   INFO  [c82bc0] Started processing user request. Id = c82bc088-e985-4a17-8208-5ae4c7da3e93. Size = 42.5 KB.
2018-11-13 00:02:45,899 5400   INFO  [c82bc0] Doing some complicated stuff.. Random numbers are: 622718065, 1626493247, 185189738.
2018-11-13 00:02:45,910 5411   INFO  [4e8e95] Doing some complicated stuff.. Random numbers are: 1368132232, 1918756804, 217360216.
2018-11-13 00:02:45,924 5425   INFO  [c82bc0] Finished processing user request with id = c82bc088-e985-4a17-8208-5ae4c7da3e93 in 00:00:00.0290251.
2018-11-13 00:02:45,938 5439   INFO  [BackgroundDaemon] Processing data (10% completed)..
2018-11-13 00:02:45,938 5439   INFO  [3f2f75] Started processing user request. Id = 3f2f7516-bf81-4bd7-abc8-fe7f38dd8728. Size = 57.76 KB.
2018-11-13 00:02:45,947 5448   INFO  [4e8e95] Here's some useful guids:
		04b46b92-dedc-4d5e-8f87-ef6d5ca5f81c
		be1cade7-9f73-4623-82bb-7c9ed0eae131
		ceb23233-1797-487e-8db1-f76f6d654543
		73849c4b-ef48-4762-bbfc-d038195eb5bd
		7ccc3279-f3a8-4b90-aaad-0649c70b371c
2018-11-13 00:02:45,956 5457   INFO  [3f2f75] Doing some complicated stuff.. Random numbers are: 261018419, 1630339046, 1878458027.
2018-11-13 00:02:45,957 5458   INFO  [026156] Started processing user request. Id = 02615600-4932-46ef-bbb6-e36850d15b1c. Size = 28.94 KB.
2018-11-13 00:02:45,966 5467   INFO  [4e8e95] Finished processing user request with id = 4e8e95b7-5f37-4cd1-b263-af9ca1e9cb7a in 00:00:00.0721213.
2018-11-13 00:02:45,966 5467   INFO  [026156] Doing some complicated stuff.. Random numbers are: 1895263549, 845572816, 110119798.
2018-11-13 00:02:45,994 5495   INFO  [3f2f75] Here's some useful guids:
		dc198334-7e7b-41ec-8e36-099e2adbd8c4
		ef572e14-7fca-4c16-8f15-f420539f1598
2018-11-13 00:02:45,997 5498   INFO  [aad6da] Started processing user request. Id = aad6da37-3a3f-4385-83f2-becfce9f111b. Size = 26.69 KB.
2018-11-13 00:02:46,003 5504   INFO  [aad6da] Doing some complicated stuff.. Random numbers are: 2041551788, 2032717187, 1491645670.
2018-11-13 00:02:46,005 5506   INFO  [026156] Here's some useful guids:
		7ffbf880-26c0-4d3e-b488-0021e6286902
		cad8eeca-2139-4448-95a5-7f35302c292d
		66eb0e72-7661-497d-a95f-90845a77cd4a
2018-11-13 00:02:46,008 5509   INFO  [3f2f75] Finished processing user request with id = 3f2f7516-bf81-4bd7-abc8-fe7f38dd8728 in 00:00:00.0702694.
2018-11-13 00:02:46,012 5513   INFO  [026156] Finished processing user request with id = 02615600-4932-46ef-bbb6-e36850d15b1c in 00:00:00.0552861.
2018-11-13 00:02:46,015 5516   INFO  [aad6da] Here's some useful guids:
		b73a234a-5cf3-47ba-bd42-4413daa0ffaf
		70f879e5-78de-4af8-bc0c-b814b45bf794
2018-11-13 00:02:46,022 5523   INFO  [a271b5] Started processing user request. Id = a271b5f4-ce18-4566-9907-d70568a4675d. Size = 44.11 KB.
2018-11-13 00:02:46,022 5523   INFO  [a271b5] Doing some complicated stuff.. Random numbers are: 2088833441, 1337384192, 1436466593.
2018-11-13 00:02:46,023 5524   INFO  [aad6da] Finished processing user request with id = aad6da37-3a3f-4385-83f2-becfce9f111b in 00:00:00.0259950.
2018-11-13 00:02:46,032 5533   INFO  [BackgroundDaemon] Processing data (24% completed)..
2018-11-13 00:02:46,055 5556   INFO  [7ed1ff] Started processing user request. Id = 7ed1ff68-4f01-443c-9e99-e5d24114aaf9. Size = 70.51 KB.
2018-11-13 00:02:46,056 5557   INFO  [a271b5] Finished processing user request with id = a271b5f4-ce18-4566-9907-d70568a4675d in 00:00:00.0339274.
2018-11-13 00:02:46,059 5560   INFO  [BackgroundDaemon] Processing data (50% completed)..
2018-11-13 00:02:46,059 5560   INFO  [BackgroundDaemon] Finished iteration in 00:00:00.2123584.
2018-11-13 00:02:46,065 5566   INFO  [7ed1ff] Doing some complicated stuff.. Random numbers are: 297232463, 1958636469, 668528585.
2018-11-13 00:02:46,070 5571   INFO  [266bf6] Started processing user request. Id = 266bf61b-dbed-40b7-83a5-8a5ac044a543. Size = 15.51 KB.
2018-11-13 00:02:46,072 5573   INFO  [266bf6] Doing some complicated stuff.. Random numbers are: 1234561900, 198390580, 1137290917.
2018-11-13 00:02:46,088 5589   INFO  [7ed1ff] Here's some useful guids:
		50e22888-0cac-497f-a0e1-77c984b328c6
		1b44bf29-a542-4f04-bced-f4482b70684e
		3939ec79-1f24-4227-97ec-93e35c10ef28
		97d7d16c-9a27-44bb-8c33-9b4160ba4615
		79ce0e05-5960-4bd1-9d3b-953bfdf3d592
2018-11-13 00:02:46,102 5603   INFO  [266bf6] Here's some useful guids:
		ca039f82-a8d9-4810-bceb-3bcb08a27e9b
		ac3e955d-581b-4868-83f8-dcc220d6440d
		a2b275c1-39d1-4165-b60e-0205110ff250
2018-11-13 00:02:46,102 5603   INFO  [266bf6] Finished processing user request with id = 266bf61b-dbed-40b7-83a5-8a5ac044a543 in 00:00:00.0320814.
2018-11-13 00:02:46,115 5616   INFO  [7ed1ff] Finished processing user request with id = 7ed1ff68-4f01-443c-9e99-e5d24114aaf9 in 00:00:00.0600227.
2018-11-13 00:02:46,116 5617   INFO  [430f10] Started processing user request. Id = 430f1003-820e-47ee-8d12-1e4f706cf196. Size = 86.01 KB.
2018-11-13 00:02:46,134 5635   INFO  [430f10] Doing some complicated stuff.. Random numbers are: 428060823, 1655494208, 337130578.
2018-11-13 00:02:46,147 5648   INFO  [eaa914] Started processing user request. Id = eaa914f9-7cba-4d44-9157-d0f6f1becb8b. Size = 35.03 KB.
2018-11-13 00:02:46,149 5650   INFO  [eaa914] Doing some complicated stuff.. Random numbers are: 351490683, 1452630146, 1219160348.
2018-11-13 00:02:46,172 5673   ERROR [eaa914] 
System.InvalidOperationException: Oh no! An error occurred!
2018-11-13 00:02:46,174 5675   INFO  [430f10] Here's some useful guids:
		b4dd13f5-e81a-40fe-987b-7fef2f9eaf34
		91ab4edc-4c99-48ce-8b58-e33072ae5b21
		0a6900fb-2b28-4726-8719-383892c09253
		84ce5c6c-1b63-408a-bb90-38283859ea2a
		4564f42e-b26e-4176-aba5-8a5ca9402f79
2018-11-13 00:02:46,180 5681   INFO  [307e0c] Started processing user request. Id = 307e0c97-f990-4253-a815-58364ef0a19f. Size = 20.64 KB.
2018-11-13 00:02:46,186 5687   INFO  [430f10] Finished processing user request with id = 430f1003-820e-47ee-8d12-1e4f706cf196 in 00:00:00.0697398.
2018-11-13 00:02:46,188 5689   INFO  [307e0c] Doing some complicated stuff.. Random numbers are: 1299022912, 2006371274, 2106577007.
2018-11-13 00:02:46,196 5697   INFO  [307e0c] Here's some useful guids:
		25987971-82a9-4ffb-be42-c23bc8ecf891
		4b9a3fc2-7555-4c49-a96b-dc2429601feb
		64af1d07-80f4-4c45-a86e-7534361fe6cb
		bc8168af-7905-4912-a884-031e5ee4881f
		9f45ad01-8e16-42a9-99d0-5d110b1b84db
2018-11-13 00:02:46,200 5701   INFO  [79a925] Started processing user request. Id = 79a925bf-314b-4f44-ae21-f9d7d9552209. Size = 73.93 KB.
2018-11-13 00:02:46,204 5705   INFO  [701b77] Started processing user request. Id = 701b7735-8535-42e8-9378-f49b1e4e2ff0. Size = 95.17 KB.
2018-11-13 00:02:46,207 5708   INFO  [79a925] Doing some complicated stuff.. Random numbers are: 2065561365, 1633728610, 1235383443.
2018-11-13 00:02:46,208 5709   INFO  [307e0c] Finished processing user request with id = 307e0c97-f990-4253-a815-58364ef0a19f in 00:00:00.0280143.
2018-11-13 00:02:46,220 5721   INFO  [701b77] Doing some complicated stuff.. Random numbers are: 859321020, 713638951, 112301870.
2018-11-13 00:02:46,231 5732   INFO  [79a925] Here's some useful guids:
		a6c7e640-fa4d-4c1c-8d74-7a01e0f70294
		0a98dbeb-e611-458b-b974-223f947f1a1c
		4b7ee04f-5ecf-4efb-abfa-b06934a0bc77
2018-11-13 00:02:46,248 5749   INFO  [79a925] Finished processing user request with id = 79a925bf-314b-4f44-ae21-f9d7d9552209 in 00:00:00.0481282.
2018-11-13 00:02:46,256 5757   INFO  [701b77] Here's some useful guids:
		36b5c567-6ed9-40e8-a11e-af9a3d6954e1
2018-11-13 00:02:46,260 5761   INFO  [BackgroundDaemon] Starting iteration #15447.
2018-11-13 00:02:46,262 5763   INFO  [d68953] Started processing user request. Id = d68953e1-a46d-476e-adcf-e5c2e30e3037. Size = 53.66 KB.
2018-11-13 00:02:46,270 5771   INFO  [d68953] Doing some complicated stuff.. Random numbers are: 518617393, 1949933195, 1127630476.
2018-11-13 00:02:46,280 5781   INFO  [701b77] Finished processing user request with id = 701b7735-8535-42e8-9378-f49b1e4e2ff0 in 00:00:00.0761789.
2018-11-13 00:02:46,307 5808   INFO  [Metrics] Cpu: 12.42%; Memory: 19.78 GB/31.88 GB; Workers: 4/1024; IOCP: 0/1024
2018-11-13 00:02:46,309 5810   INFO  [d68953] Here's some useful guids:
		d0230f7b-0e82-476c-9f74-9923e1fc79fa
		137751fe-a6de-4f18-9268-0d0aeac3027c
		3d6e5998-d095-4114-86ec-87adc5e8cbed
		d46b594a-029c-4887-97e1-ad2dd119f617
2018-11-13 00:02:46,312 5813   INFO  [6fee51] Started processing user request. Id = 6fee51ea-8341-46f8-9e98-ea3c54105197. Size = 58.52 KB.
2018-11-13 00:02:46,317 5818   INFO  [6fee51] Doing some complicated stuff.. Random numbers are: 2121888655, 245952434, 1749593679.
2018-11-13 00:02:46,327 5828   INFO  [d68953] Finished processing user request with id = d68953e1-a46d-476e-adcf-e5c2e30e3037 in 00:00:00.0649314.
2018-11-13 00:02:46,341 5842   INFO  [1c9595] Started processing user request. Id = 1c9595d5-b8fc-4d40-ae12-37b720cd156b. Size = 58.5 KB.
2018-11-13 00:02:46,342 5843   INFO  [6fee51] Here's some useful guids:
		a8b5cc9d-1f3f-4185-b282-b99f5793578c
		c449169a-53b0-4a93-a57b-1ba4850179cb
		89730961-1a20-4492-8a52-915a5c613b7e
		1a00e5f7-c49a-4110-bbd1-2e54019dfafe
2018-11-13 00:02:46,351 5852   INFO  [1c9595] Doing some complicated stuff.. Random numbers are: 76513014, 129879384, 1224720919.
2018-11-13 00:02:46,352 5853   INFO  [BackgroundDaemon] Processing data (8% completed)..
2018-11-13 00:02:46,364 5865   INFO  [6fee51] Finished processing user request with id = 6fee51ea-8341-46f8-9e98-ea3c54105197 in 00:00:00.0520452.
2018-11-13 00:02:46,372 5873   INFO  [1c9595] Here's some useful guids:
		c70ee8b5-5052-47de-a0ca-66fb03ab1622
		dbab95d4-8f01-4b8d-964d-6ab218cc3936
2018-11-13 00:02:46,375 5876   INFO  [0e0379] Started processing user request. Id = 0e0379b5-bde4-4055-80a1-25378662c41d. Size = 57.37 KB.
2018-11-13 00:02:46,389 5890   INFO  [0e0379] Doing some complicated stuff.. Random numbers are: 908007157, 934655805, 2135823372.
2018-11-13 00:02:46,393 5894   INFO  [0e0379] Here's some useful guids:
		d3522863-2500-4c04-b595-9c3911916699
		c2fa12a2-aad4-496a-905f-65e6a5f5c7d1
2018-11-13 00:02:46,396 5897   INFO  [ad1487] Started processing user request. Id = ad148791-7f6f-4ab7-87cd-74190b36865f. Size = 53.38 KB.
2018-11-13 00:02:46,397 5898   INFO  [1c9595] Finished processing user request with id = 1c9595d5-b8fc-4d40-ae12-37b720cd156b in 00:00:00.0560468.
2018-11-13 00:02:46,397 5898   INFO  [0e0379] Finished processing user request with id = 0e0379b5-bde4-4055-80a1-25378662c41d in 00:00:00.0220030.
2018-11-13 00:02:46,411 5912   INFO  [e1de1b] Started processing user request. Id = e1de1bde-2880-4f29-bbae-9f393676a3eb. Size = 20.34 KB.
2018-11-13 00:02:46,413 5914   INFO  [ad1487] Doing some complicated stuff.. Random numbers are: 1076828631, 13108853, 1970964621.
2018-11-13 00:02:46,419 5920   INFO  [e1de1b] Doing some complicated stuff.. Random numbers are: 750776010, 1143257182, 2045604898.
2018-11-13 00:02:46,434 5935   INFO  [BackgroundDaemon] Processing data (39% completed)..
2018-11-13 00:02:46,450 5952   INFO  [ad1487] Here's some useful guids:
		e30b66fd-80f0-42c8-80a1-7b4defdaaf8b
2018-11-13 00:02:46,452 5954   INFO  [e1de1b] Here's some useful guids:
		cacb3260-7093-4b15-ae4f-367aa1dd084e
		07191de4-30ab-4464-9850-3f47db6de65d
		59c5600d-c923-41e3-a9c3-104fafb051df
		b4695404-2ed4-4608-b11e-97ffa9c181c7
		d90faf48-8d1e-4902-bce8-9f88d3e75f61
2018-11-13 00:02:46,459 5961   INFO  [ad1487] Finished processing user request with id = ad148791-7f6f-4ab7-87cd-74190b36865f in 00:00:00.0635056.
2018-11-13 00:02:46,468 5970   ERROR [e1de1b] 
System.InvalidOperationException: Oh no! An error occurred!
2018-11-13 00:02:46,482 5984   INFO  [020bea] Started processing user request. Id = 020bea61-0459-457b-b758-23821ba8ff7e. Size = 63.08 KB.
2018-11-13 00:02:46,486 5987   INFO  [BackgroundDaemon] Processing data (73% completed)..
2018-11-13 00:02:46,486 5987   INFO  [BackgroundDaemon] Finished iteration in 00:00:00.2255596.
2018-11-13 00:02:46,492 5993   INFO  [8da334] Started processing user request. Id = 8da33475-ba66-4544-9440-fde5a987d955. Size = 39.54 KB.
2018-11-13 00:02:46,500 6001   INFO  [020bea] Doing some complicated stuff.. Random numbers are: 1907155525, 816848084, 1556671596.
2018-11-13 00:02:46,508 6009   INFO  [8da334] Doing some complicated stuff.. Random numbers are: 52620498, 768731907, 589945321.
2018-11-13 00:02:46,524 6025   INFO  [8da334] Here's some useful guids:
		31cd5e81-c3c2-47db-9b63-3e870070c03b
2018-11-13 00:02:46,527 6028   ERROR [8da334] 
System.InvalidOperationException: Oh no! An error occurred!
2018-11-13 00:02:46,530 6031   INFO  [020bea] Finished processing user request with id = 020bea61-0459-457b-b758-23821ba8ff7e in 00:00:00.0471153.
2018-11-13 00:02:46,544 6045   INFO  [fe5c49] Started processing user request. Id = fe5c49ea-5f9d-4e42-8888-e99bbd99cccd. Size = 19.24 KB.
2018-11-13 00:02:46,559 6060   INFO  [efdd27] Started processing user request. Id = efdd2721-757a-48a4-ab69-bdcdd8d86798. Size = 81.64 KB.
2018-11-13 00:02:46,564 6065   INFO  [fe5c49] Doing some complicated stuff.. Random numbers are: 1432681601, 517371242, 819394799.
2018-11-13 00:02:46,565 6066   INFO  [cb5604] Started processing user request. Id = cb5604e0-0e45-454c-a714-6b30ef846a73. Size = 86.5 KB.
2018-11-13 00:02:46,565 6066   INFO  [cb5604] Doing some complicated stuff.. Random numbers are: 1157520130, 731824682, 471897316.
2018-11-13 00:02:46,567 6068   INFO  [efdd27] Doing some complicated stuff.. Random numbers are: 658825776, 869030666, 636268694.
2018-11-13 00:02:46,570 6071   INFO  [cb5604] Finished processing user request with id = cb5604e0-0e45-454c-a714-6b30ef846a73 in 00:00:00.0050019.
2018-11-13 00:02:46,588 6089   INFO  [efdd27] Here's some useful guids:
		df32c8f9-dfce-4070-9a71-816e859cc7de
		cc26fe7d-ac8f-4562-9e4e-140775ab4b7f
		f70e2aa7-3aee-4325-8020-c83040e186e4
		8a04b799-5e17-40e4-9e72-e32bc8379e2d
		b72fb136-f534-4713-aafd-fab5f4887d68
2018-11-13 00:02:46,594 6095   INFO  [fe5c49] Here's some useful guids:
		da537749-91d6-43d8-88c3-09a7dca5b519
		88c17dcf-fd25-4480-b602-b9f7224bf5cf
2018-11-13 00:02:46,599 6100   INFO  [efdd27] Finished processing user request with id = efdd2721-757a-48a4-ab69-bdcdd8d86798 in 00:00:00.0400111.
2018-11-13 00:02:46,622 6123   INFO  [fe5c49] Finished processing user request with id = fe5c49ea-5f9d-4e42-8888-e99bbd99cccd in 00:00:00.0780361.
2018-11-13 00:02:46,631 6132   INFO  [7b7ee8] Started processing user request. Id = 7b7ee88a-255f-4d4d-844b-c75e66d9e693. Size = 41.78 KB.
2018-11-13 00:02:46,636 6137   INFO  [25f198] Started processing user request. Id = 25f198a3-d07e-49b1-b18c-fb28afa23feb. Size = 4.66 KB.
2018-11-13 00:02:46,643 6144   INFO  [25f198] Doing some complicated stuff.. Random numbers are: 1791445279, 1384270112, 2009940060.
2018-11-13 00:02:46,644 6145   INFO  [7b7ee8] Doing some complicated stuff.. Random numbers are: 1698012817, 1640864562, 818475235.
2018-11-13 00:02:46,650 6151   INFO  [7b7ee8] Here's some useful guids:
		6883f8bd-2465-4d3e-ab97-fabc83f1607e
		6b460acd-5b10-40b5-87e0-3d80d83ff4b0
2018-11-13 00:02:46,660 6161   INFO  [25f198] Here's some useful guids:
		5c82c92c-42e1-46e7-9ea1-64e376c03de6
2018-11-13 00:02:46,663 6164   INFO  [7b7ee8] Finished processing user request with id = 7b7ee88a-255f-4d4d-844b-c75e66d9e693 in 00:00:00.0321113.
2018-11-13 00:02:46,682 6183   ERROR [25f198] 
System.InvalidOperationException: Oh no! An error occurred!
2018-11-13 00:02:46,686 6187   INFO  [BackgroundDaemon] Starting iteration #15448.
2018-11-13 00:02:46,695 6196   INFO  [3ed0b9] Started processing user request. Id = 3ed0b901-6ce8-4f7a-b805-bc10bb35dcb9. Size = 70.87 KB.
2018-11-13 00:02:46,696 6197   INFO  [8ab531] Started processing user request. Id = 8ab53182-cbbb-4ba6-820e-7717d31510e0. Size = 67.68 KB.
2018-11-13 00:02:46,703 6204   INFO  [3ed0b9] Doing some complicated stuff.. Random numbers are: 1913242431, 894258977, 400963214.
2018-11-13 00:02:46,712 6213   INFO  [8ab531] Doing some complicated stuff.. Random numbers are: 428425991, 595604615, 1466776809.
2018-11-13 00:02:46,720 6221   INFO  [BackgroundDaemon] Processing data (16% completed)..
2018-11-13 00:02:46,736 6237   INFO  [3ed0b9] Here's some useful guids:
		72576809-33c6-4000-8ce9-2ca08e6caf36
		40c51c9c-03f6-4cc6-9195-bd7fa13ca245
		1e64e620-75c3-4106-a728-7896d4868791
		10d14a70-05a6-450c-8bc2-1ea65dec8025
2018-11-13 00:02:46,737 6238   INFO  [29f2a6] Started processing user request. Id = 29f2a6dd-f8ce-4af1-a90d-d0584740f659. Size = 6.5 KB.
2018-11-13 00:02:46,742 6243   INFO  [29f2a6] Doing some complicated stuff.. Random numbers are: 6736693, 671509080, 1218576429.
2018-11-13 00:02:46,746 6247   INFO  [8ab531] Finished processing user request with id = 8ab53182-cbbb-4ba6-820e-7717d31510e0 in 00:00:00.0500455.
2018-11-13 00:02:46,760 6261   INFO  [3c4073] Started processing user request. Id = 3c407348-09e1-4ce7-bb54-7b4d4bb1b086. Size = 32.94 KB.
2018-11-13 00:02:46,760 6261   INFO  [3c4073] Doing some complicated stuff.. Random numbers are: 1953491395, 2059063489, 69284704.
2018-11-13 00:02:46,762 6263   INFO  [3ed0b9] Finished processing user request with id = 3ed0b901-6ce8-4f7a-b805-bc10bb35dcb9 in 00:00:00.0670680.
2018-11-13 00:02:46,771 6272   INFO  [BackgroundDaemon] Processing data (40% completed)..
2018-11-13 00:02:46,793 6294   INFO  [29f2a6] Finished processing user request with id = 29f2a6dd-f8ce-4af1-a90d-d0584740f659 in 00:00:00.0557240.
2018-11-13 00:02:46,794 6295   INFO  [780db5] Started processing user request. Id = 780db53f-d9b9-442d-b5f6-b6f458a38a83. Size = 28.29 KB.
2018-11-13 00:02:46,794 6295   INFO  [780db5] Doing some complicated stuff.. Random numbers are: 1179518860, 1563984257, 1611271031.
2018-11-13 00:02:46,802 6303   INFO  [3c4073] Finished processing user request with id = 3c407348-09e1-4ce7-bb54-7b4d4bb1b086 in 00:00:00.0417580.
2018-11-13 00:02:46,804 6305   INFO  [780db5] Finished processing user request with id = 780db53f-d9b9-442d-b5f6-b6f458a38a83 in 00:00:00.0100079.
2018-11-13 00:02:46,807 6308   INFO  [Metrics] Cpu: 11.21%; Memory: 19.78 GB/31.88 GB; Workers: 4/1024; IOCP: 0/1024
2018-11-13 00:02:46,816 6317   INFO  [2e98a9] Started processing user request. Id = 2e98a9ec-a143-46e8-bceb-0a1174cde413. Size = 95.01 KB.
2018-11-13 00:02:46,833 6334   INFO  [2e98a9] Doing some complicated stuff.. Random numbers are: 1499519239, 1178077400, 478109179.
2018-11-13 00:02:46,835 6336   INFO  [c3aa46] Started processing user request. Id = c3aa4639-16a8-4eff-b5ea-14e2d8d3ed09. Size = 40.96 KB.
2018-11-13 00:02:46,846 6347   INFO  [c3aa46] Doing some complicated stuff.. Random numbers are: 491885995, 1674111152, 438692167.
2018-11-13 00:02:46,851 6352   INFO  [BackgroundDaemon] Processing data (85% completed)..
2018-11-13 00:02:46,851 6352   INFO  [BackgroundDaemon] Finished iteration in 00:00:00.1655069.
2018-11-13 00:02:46,857 6358   INFO  [2e98a9] Here's some useful guids:
		d8f04861-ce6b-4d96-b50a-e6a7ee5cfe31
		4fff5738-a173-486c-aec1-ff60098a24fe
		9ed256e9-e433-4814-97f7-89854ac52049
2018-11-13 00:02:46,882 6383   INFO  [2e98a9] Finished processing user request with id = 2e98a9ec-a143-46e8-bceb-0a1174cde413 in 00:00:00.0662003.
2018-11-13 00:02:46,896 6397   INFO  [1900e1] Started processing user request. Id = 1900e151-23d4-42fb-a98c-c9b566fc312b. Size = 93.45 KB.
2018-11-13 00:02:46,914 6415   INFO  [c3aa46] Finished processing user request with id = c3aa4639-16a8-4eff-b5ea-14e2d8d3ed09 in 00:00:00.0789252.
2018-11-13 00:02:46,916 6417   INFO  [1900e1] Doing some complicated stuff.. Random numbers are: 1193651081, 1126029687, 1952012138.
2018-11-13 00:02:46,940 6441   INFO  [1900e1] Finished processing user request with id = 1900e151-23d4-42fb-a98c-c9b566fc312b in 00:00:00.0437946.
2018-11-13 00:02:46,945 6446   INFO  [dcc1da] Started processing user request. Id = dcc1daca-1275-4592-b6df-b1d565b825e5. Size = 95.87 KB.
2018-11-13 00:02:46,948 6449   INFO  [dcc1da] Doing some complicated stuff.. Random numbers are: 232670657, 1984750160, 1526318131.
2018-11-13 00:02:46,953 6454   INFO  [38fb0e] Started processing user request. Id = 38fb0e4d-81c4-4a39-a25d-cf33f2f4748d. Size = 38.26 KB.
2018-11-13 00:02:46,960 6461   INFO  [0b1426] Started processing user request. Id = 0b142624-b12f-4796-b1ec-6cd8ed7d6961. Size = 1.97 KB.
2018-11-13 00:02:46,965 6466   INFO  [38fb0e] Doing some complicated stuff.. Random numbers are: 42965460, 2042833133, 1381676815.
2018-11-13 00:02:46,969 6470   INFO  [0b1426] Doing some complicated stuff.. Random numbers are: 1460696549, 590190898, 1704788261.
2018-11-13 00:02:46,986 6487   INFO  [dcc1da] Here's some useful guids:
		3ee752cc-0818-43e1-8404-862b420b2f87
		04d32399-9c0a-4ac0-bac8-1987c6eaf326
		5fe0f9a8-c5f0-47bd-89b0-f9bca9db2ef1
2018-11-13 00:02:46,995 6496   INFO  [38fb0e] Finished processing user request with id = 38fb0e4d-81c4-4a39-a25d-cf33f2f4748d in 00:00:00.0421404.
2018-11-13 00:02:47,002 6503   INFO  [dcc1da] Finished processing user request with id = dcc1daca-1275-4592-b6df-b1d565b825e5 in 00:00:00.0571084.
2018-11-13 00:02:47,009 6510   INFO  [58e3c9] Started processing user request. Id = 58e3c95b-a9fd-483c-997b-56b7ce6b3679. Size = 40.4 KB.
2018-11-13 00:02:47,024 6525   INFO  [0b1426] Finished processing user request with id = 0b142624-b12f-4796-b1ec-6cd8ed7d6961 in 00:00:00.0641340.
2018-11-13 00:02:47,026 6527   INFO  [58e3c9] Doing some complicated stuff.. Random numbers are: 53636808, 623660773, 1876070240.
2018-11-13 00:02:47,028 6529   INFO  [58e3c9] Here's some useful guids:
		997104a0-3724-4ede-8141-a23ed80a7791
		0d2036a8-79c6-4150-a6e5-e9334396cfb7
		17a269e9-8448-436c-9935-43b8d9463881
		b1d85a17-984e-48d0-8dd9-9e4cf23e1232
		8197f7ba-532f-41c6-8622-00b4a81c5940
2018-11-13 00:02:47,034 6535   INFO  [177c87] Started processing user request. Id = 177c87e3-f46d-4156-ac2b-2f964b30aae6. Size = 21.39 KB.
2018-11-13 00:02:47,036 6537   INFO  [58e3c9] Finished processing user request with id = 58e3c95b-a9fd-483c-997b-56b7ce6b3679 in 00:00:00.0270055.
2018-11-13 00:02:47,044 6545   INFO  [177c87] Doing some complicated stuff.. Random numbers are: 651443698, 1586313975, 267024801.
2018-11-13 00:02:47,050 6551   INFO  [4e90d6] Started processing user request. Id = 4e90d6fb-2ec4-417a-9448-bd173a7d58fe. Size = 60.29 KB.
2018-11-13 00:02:47,051 6552   INFO  [BackgroundDaemon] Starting iteration #15449.
2018-11-13 00:02:47,062 6563   INFO  [4e90d6] Doing some complicated stuff.. Random numbers are: 1734600824, 310524282, 1187732975.
2018-11-13 00:02:47,086 6587   INFO  [BackgroundDaemon] Processing data (16% completed)..
2018-11-13 00:02:47,094 6595   INFO  [177c87] Finished processing user request with id = 177c87e3-f46d-4156-ac2b-2f964b30aae6 in 00:00:00.0600415.
2018-11-13 00:02:47,107 6609   INFO  [4e90d6] Finished processing user request with id = 4e90d6fb-2ec4-417a-9448-bd173a7d58fe in 00:00:00.0570899.
2018-11-13 00:02:47,121 6622   INFO  [54b9b2] Started processing user request. Id = 54b9b210-5869-48fd-81be-cff2cafc6758. Size = 51.07 KB.
2018-11-13 00:02:47,121 6622   INFO  [54b9b2] Doing some complicated stuff.. Random numbers are: 1337780511, 1022324766, 559317251.
2018-11-13 00:02:47,126 6627   INFO  [f920ac] Started processing user request. Id = f920acc2-eaef-47a4-a25d-b482e424209d. Size = 6.13 KB.
2018-11-13 00:02:47,126 6627   INFO  [f920ac] Doing some complicated stuff.. Random numbers are: 492823716, 1319398345, 380232147.
2018-11-13 00:02:47,147 6648   INFO  [BackgroundDaemon] Processing data (31% completed)..
2018-11-13 00:02:47,156 6657   INFO  [54b9b2] Here's some useful guids:
		255e01ae-7c63-41d3-b143-d4f71045e1dc
		ee1b52e9-dcdd-4b82-b0ce-061d924fe625
		20bf24ed-c6e5-4b81-881d-ac9163d46073
2018-11-13 00:02:47,171 6673   INFO  [f920ac] Finished processing user request with id = f920acc2-eaef-47a4-a25d-b482e424209d in 00:00:00.0451034.
2018-11-13 00:02:47,181 6682   INFO  [BackgroundDaemon] Processing data (79% completed)..
2018-11-13 00:02:47,181 6682   INFO  [BackgroundDaemon] Finished iteration in 00:00:00.1295493.
2018-11-13 00:02:47,185 6686   INFO  [54b9b2] Finished processing user request with id = 54b9b210-5869-48fd-81be-cff2cafc6758 in 00:00:00.0634197.
2018-11-13 00:02:47,192 6693   INFO  [a73adc] Started processing user request. Id = a73adc77-f3ce-4101-a45b-d335bf6aa352. Size = 43.9 KB.
2018-11-13 00:02:47,199 6700   INFO  [119037] Started processing user request. Id = 1190371b-9452-4183-ae9a-80ce826b6c50. Size = 5.38 KB.
2018-11-13 00:02:47,200 6701   INFO  [a73adc] Doing some complicated stuff.. Random numbers are: 2066631255, 1786569187, 375863160.
2018-11-13 00:02:47,203 6704   INFO  [5e954a] Started processing user request. Id = 5e954acb-9f6c-4a4f-9645-f395d0a68e68. Size = 56.07 KB.
2018-11-13 00:02:47,217 6718   INFO  [5e954a] Doing some complicated stuff.. Random numbers are: 994884063, 945123260, 1858725165.
2018-11-13 00:02:47,218 6719   INFO  [119037] Doing some complicated stuff.. Random numbers are: 1410602280, 1026353556, 712491840.
2018-11-13 00:02:47,224 6725   INFO  [119037] Here's some useful guids:
		c5c59a0b-d15c-468f-aac8-e2186bf7fd02
2018-11-13 00:02:47,232 6733   INFO  [a73adc] Finished processing user request with id = a73adc77-f3ce-4101-a45b-d335bf6aa352 in 00:00:00.0400064.
2018-11-13 00:02:47,243 6744   INFO  [119037] Finished processing user request with id = 1190371b-9452-4183-ae9a-80ce826b6c50 in 00:00:00.0440550.
2018-11-13 00:02:47,257 6758   INFO  [53f18e] Started processing user request. Id = 53f18ea0-7004-497a-9b82-8090166acc4d. Size = 51.39 KB.
2018-11-13 00:02:47,267 6768   INFO  [53f18e] Doing some complicated stuff.. Random numbers are: 6937749, 168990273, 891617191.
2018-11-13 00:02:47,275 6776   INFO  [5e954a] Finished processing user request with id = 5e954acb-9f6c-4a4f-9645-f395d0a68e68 in 00:00:00.0721145.
2018-11-13 00:02:47,297 6798   INFO  [53f18e] Here's some useful guids:
		a9b5dec2-6d1f-43f7-914b-90b3c0d33ff8
		43e4e6fc-96ae-47bc-b897-f93c9b649e5b
		1b0dfec9-7ca9-4ddd-aaa6-04e347dbb3bd
2018-11-13 00:02:47,306 6807   INFO  [Metrics] Cpu: 11.21%; Memory: 19.78 GB/31.88 GB; Workers: 4/1024; IOCP: 0/1024
2018-11-13 00:02:47,307 6808   INFO  [778688] Started processing user request. Id = 7786880f-9499-4bff-a928-6023bd0657a9. Size = 35.72 KB.
2018-11-13 00:02:47,310 6811   INFO  [53f18e] Finished processing user request with id = 53f18ea0-7004-497a-9b82-8090166acc4d in 00:00:00.0526185.
2018-11-13 00:02:47,314 6815   INFO  [778688] Doing some complicated stuff.. Random numbers are: 1259363198, 974228864, 578393437.
2018-11-13 00:02:47,323 6824   INFO  [2d8eab] Started processing user request. Id = 2d8eab13-4ee2-4886-97d5-4433665bef66. Size = 34.08 KB.
2018-11-13 00:02:47,343 6844   INFO  [2d8eab] Doing some complicated stuff.. Random numbers are: 2025089274, 1687950192, 1342933376.
2018-11-13 00:02:47,359 6860   INFO  [2d8eab] Finished processing user request with id = 2d8eab13-4ee2-4886-97d5-4433665bef66 in 00:00:00.0360264.
2018-11-13 00:02:47,367 6868   INFO  [778688] Finished processing user request with id = 7786880f-9499-4bff-a928-6023bd0657a9 in 00:00:00.0600702.
2018-11-13 00:02:47,373 6874   INFO  [8c7957] Started processing user request. Id = 8c7957cf-119b-4e57-8f3d-49ba619ef09e. Size = 41.92 KB.
2018-11-13 00:02:47,381 6882   INFO  [BackgroundDaemon] Starting iteration #15450.
2018-11-13 00:02:47,388 6889   INFO  [8c7957] Doing some complicated stuff.. Random numbers are: 973467091, 182842269, 115170759.
2018-11-13 00:02:47,397 6898   INFO  [8c7957] Here's some useful guids:
		0a24a676-7707-4963-afda-85c11e030542
		ca2975d5-cedc-44bd-9d8e-57349c89fc4b
		05636689-f414-499d-bc1c-882a007d132c
		8c0849c2-fa32-4c1d-9521-13a5391d723b
		71e05306-5b32-41b1-95c3-6c80d977f189
2018-11-13 00:02:47,399 6900   INFO  [0f4d82] Started processing user request. Id = 0f4d82e9-71f7-412a-83aa-4ac0976a4f0f. Size = 11.19 KB.
2018-11-13 00:02:47,399 6900   INFO  [c91076] Started processing user request. Id = c910766e-0019-43a0-8720-f6f70b126d34. Size = 83.6 KB.
2018-11-13 00:02:47,400 6901   INFO  [8c7957] Finished processing user request with id = 8c7957cf-119b-4e57-8f3d-49ba619ef09e in 00:00:00.0269269.
2018-11-13 00:02:47,405 6906   INFO  [c91076] Doing some complicated stuff.. Random numbers are: 1534473958, 1859389463, 872947311.
2018-11-13 00:02:47,414 6915   INFO  [BackgroundDaemon] Processing data (13% completed)..
2018-11-13 00:02:47,414 6915   INFO  [a4becd] Started processing user request. Id = a4becd12-5380-44b0-879a-1486bd88d407. Size = 1.75 KB.
2018-11-13 00:02:47,415 6916   INFO  [c91076] Here's some useful guids:
		33df003e-edf9-4913-8251-8c3457f182ef
		cbbbffb5-837a-40d7-97df-9e42a77b6d35
2018-11-13 00:02:47,416 6917   INFO  [0f4d82] Doing some complicated stuff.. Random numbers are: 224861194, 1853623411, 907384683.
2018-11-13 00:02:47,424 6925   INFO  [c91076] Finished processing user request with id = c910766e-0019-43a0-8720-f6f70b126d34 in 00:00:00.0250170.
2018-11-13 00:02:47,425 6926   INFO  [a4becd] Doing some complicated stuff.. Random numbers are: 977517493, 2141122334, 1279162760.
2018-11-13 00:02:47,436 6937   INFO  [a4becd] Here's some useful guids:
		9cc54804-569d-4b07-9aaf-ecdd9463c68d
		6eacfae2-322c-4524-9739-b8ace8af6cb7
		854d3116-c854-4402-ae92-7d66e3d0d52f
		fbcf3808-fdc8-4239-a850-616287917956
		7d7d0d79-f779-4ca8-8278-b9ce53b8560b
2018-11-13 00:02:47,452 6953   INFO  [a4becd] Finished processing user request with id = a4becd12-5380-44b0-879a-1486bd88d407 in 00:00:00.0381082.
2018-11-13 00:02:47,464 6965   INFO  [0f4d82] Finished processing user request with id = 0f4d82e9-71f7-412a-83aa-4ac0976a4f0f in 00:00:00.0651686.
2018-11-13 00:02:47,466 6967   INFO  [fe2106] Started processing user request. Id = fe210646-3715-4ae7-bac0-c35a5e86cb09. Size = 50.6 KB.
2018-11-13 00:02:47,480 6981   INFO  [fe2106] Doing some complicated stuff.. Random numbers are: 1220422138, 355667521, 1033183266.
2018-11-13 00:02:47,484 6985   INFO  [BackgroundDaemon] Processing data (30% completed)..
2018-11-13 00:02:47,496 6997   INFO  [6b4a6c] Started processing user request. Id = 6b4a6c1f-be4c-402b-aec8-61e3705a6d8a. Size = 73.35 KB.
2018-11-13 00:02:47,501 7002   INFO  [fe2106] Here's some useful guids:
		6b399ef8-bae0-4ccb-b8cd-8e370c677123
		bbd5fa9d-dc82-4540-9171-e78e28b62441
		ff9c277d-0e3e-44b8-9d67-8e0668e72b14
		0fcb91da-513f-49c6-8743-69b3dd3785fb
		356fa5e7-c968-4c8f-b7bb-7f406f7c233c
2018-11-13 00:02:47,507 7008   INFO  [6b4a6c] Doing some complicated stuff.. Random numbers are: 1999922157, 515378152, 1532357390.
2018-11-13 00:02:47,528 7029   INFO  [fe2106] Finished processing user request with id = fe210646-3715-4ae7-bac0-c35a5e86cb09 in 00:00:00.0614089.
2018-11-13 00:02:47,537 7038   INFO  [BackgroundDaemon] Processing data (73% completed)..
2018-11-13 00:02:47,537 7038   INFO  [BackgroundDaemon] Finished iteration in 00:00:00.1554872.
2018-11-13 00:02:47,542 7043   INFO  [aedffc] Started processing user request. Id = aedffc44-3f1a-433e-8818-59945fb4a04f. Size = 19.1 KB.
2018-11-13 00:02:47,549 7050   INFO  [aedffc] Doing some complicated stuff.. Random numbers are: 1461667274, 825172406, 503676385.
2018-11-13 00:02:47,551 7052   INFO  [6b4a6c] Finished processing user request with id = 6b4a6c1f-be4c-402b-aec8-61e3705a6d8a in 00:00:00.0544287.
2018-11-13 00:02:47,564 7065   INFO  [aedffc] Here's some useful guids:
		b0ecd2aa-52a9-4f8c-8ea6-485116adca2e
		0d4810e6-2d43-4027-8e54-14237f6585e0
		5ac28a9d-1824-47da-b1af-c43cff089bcb
2018-11-13 00:02:47,582 7083   INFO  [d95a3d] Started processing user request. Id = d95a3d0e-6897-484c-9041-f15f54a15804. Size = 41.92 KB.
2018-11-13 00:02:47,591 7092   INFO  [b1d32e] Started processing user request. Id = b1d32ef3-88fa-4641-be92-c56d620ee0a5. Size = 35.71 KB.
2018-11-13 00:02:47,592 7093   INFO  [aedffc] Finished processing user request with id = aedffc44-3f1a-433e-8818-59945fb4a04f in 00:00:00.0506669.
2018-11-13 00:02:47,598 7099   INFO  [d95a3d] Doing some complicated stuff.. Random numbers are: 1278146414, 787359594, 183413899.
2018-11-13 00:02:47,606 7107   INFO  [4468ca] Started processing user request. Id = 4468cabf-bf0d-46c0-a2c8-def3cdff095f. Size = 18.76 KB.
2018-11-13 00:02:47,609 7110   INFO  [b1d32e] Doing some complicated stuff.. Random numbers are: 1656315680, 662696819, 580835359.
2018-11-13 00:02:47,622 7123   INFO  [4468ca] Doing some complicated stuff.. Random numbers are: 233133240, 227850825, 849196425.
2018-11-13 00:02:47,628 7129   INFO  [d95a3d] Finished processing user request with id = d95a3d0e-6897-484c-9041-f15f54a15804 in 00:00:00.0460904.
2018-11-13 00:02:47,633 7134   INFO  [b1d32e] Here's some useful guids:
		d9fb0a72-0e00-4cda-b165-60e7074083cb
		850d7a41-718a-46ff-9b18-10e8dfcb9b54
		b10a4e30-ba81-4b03-8ad7-19bf5cc22426
		ba79d4c8-5c58-4e39-a31c-5673392ddaf7
2018-11-13 00:02:47,660 7161   INFO  [b1d32e] Finished processing user request with id = b1d32ef3-88fa-4641-be92-c56d620ee0a5 in 00:00:00.0684457.
2018-11-13 00:02:47,660 7161   INFO  [50d59c] Started processing user request. Id = 50d59c89-2d76-42af-92f2-be8fc420a625. Size = 51.1 KB.
2018-11-13 00:02:47,673 7174   INFO  [50d59c] Doing some complicated stuff.. Random numbers are: 1598683741, 1243669372, 2105641983.
2018-11-13 00:02:47,685 7186   INFO  [50d59c] Here's some useful guids:
		245ac9c6-661f-4610-997d-513845d31b99
		e4b53670-7d0a-4f14-b6d1-20ef0e086bdf
		04efa13c-1c21-49f0-958e-3f15dea2be6f
		fbf631c1-18c7-4b66-8202-c877881aefe6
		ae62a6c3-7246-4a08-86d2-30c63cde8891
2018-11-13 00:02:47,689 7190   INFO  [4468ca] Finished processing user request with id = 4468cabf-bf0d-46c0-a2c8-def3cdff095f in 00:00:00.0824190.
2018-11-13 00:02:47,703 7204   INFO  [75b28b] Started processing user request. Id = 75b28b38-97ca-4e1c-9f46-19db08d9beb1. Size = 52 KB.
2018-11-13 00:02:47,708 7209   INFO  [50d59c] Finished processing user request with id = 50d59c89-2d76-42af-92f2-be8fc420a625 in 00:00:00.0480274.
2018-11-13 00:02:47,715 7216   INFO  [75b28b] Doing some complicated stuff.. Random numbers are: 299974833, 524998516, 569128234.
2018-11-13 00:02:47,729 7230   INFO  [75b28b] Finished processing user request with id = 75b28b38-97ca-4e1c-9f46-19db08d9beb1 in 00:00:00.0264205.
2018-11-13 00:02:47,737 7238   INFO  [BackgroundDaemon] Starting iteration #15451.
2018-11-13 00:02:47,739 7240   INFO  [bad1dc] Started processing user request. Id = bad1dc7f-5c1f-44ac-aee3-c6e43c9c93ad. Size = 69.5 KB.
2018-11-13 00:02:47,743 7244   INFO  [6688c5] Started processing user request. Id = 6688c5b5-f902-44d7-82e4-c01d8b9799b0. Size = 59.28 KB.
2018-11-13 00:02:47,745 7246   INFO  [bad1dc] Doing some complicated stuff.. Random numbers are: 1973705112, 1719184401, 2057114481.
2018-11-13 00:02:47,754 7255   INFO  [6688c5] Doing some complicated stuff.. Random numbers are: 283607646, 537213219, 185873606.
2018-11-13 00:02:47,764 7265   INFO  [6688c5] Here's some useful guids:
		089ef0f6-0f6d-47a8-9534-0268cdb38fb7
		963c2c12-3f1c-4863-84b4-3a29325b9ee0
		4c3f8ba8-b0d6-43a3-a4ab-ad33da858b69
		485c7c3f-6c7a-47c1-98cb-3e15e6e40010
2018-11-13 00:02:47,774 7275   INFO  [BackgroundDaemon] Processing data (14% completed)..
2018-11-13 00:02:47,779 7280   INFO  [bad1dc] Finished processing user request with id = bad1dc7f-5c1f-44ac-aee3-c6e43c9c93ad in 00:00:00.0400290.
2018-11-13 00:02:47,790 7291   INFO  [6688c5] Finished processing user request with id = 6688c5b5-f902-44d7-82e4-c01d8b9799b0 in 00:00:00.0470488.
2018-11-13 00:02:47,803 7304   INFO  [496ce5] Started processing user request. Id = 496ce53e-6085-414c-be80-5a00517bb85e. Size = 74.83 KB.
2018-11-13 00:02:47,805 7306   INFO  [Metrics] Cpu: 11.80%; Memory: 19.78 GB/31.88 GB; Workers: 4/1024; IOCP: 0/1024
2018-11-13 00:02:47,808 7309   INFO  [496ce5] Doing some complicated stuff.. Random numbers are: 399098456, 1338288543, 102774518.
2018-11-13 00:02:47,810 7311   INFO  [856760] Started processing user request. Id = 856760d7-6852-4c7a-affa-4d89f7b40b8c. Size = 12.17 KB.
2018-11-13 00:02:47,822 7323   INFO  [856760] Doing some complicated stuff.. Random numbers are: 400958957, 1443310883, 772451579.
2018-11-13 00:02:47,827 7328   INFO  [1a8944] Started processing user request. Id = 1a894406-c726-4694-af78-85e7fed76b3d. Size = 20.96 KB.
2018-11-13 00:02:47,840 7341   INFO  [1a8944] Doing some complicated stuff.. Random numbers are: 744649281, 1291430663, 114370914.
2018-11-13 00:02:47,856 7358   INFO  [496ce5] Finished processing user request with id = 496ce53e-6085-414c-be80-5a00517bb85e in 00:00:00.0530325.
2018-11-13 00:02:47,856 7358   INFO  [856760] Here's some useful guids:
		66a20cf9-5018-4826-8131-60b688bd6ad2
2018-11-13 00:02:47,859 7360   INFO  [BackgroundDaemon] Processing data (26% completed)..
2018-11-13 00:02:47,870 7371   INFO  [ea4188] Started processing user request. Id = ea418806-bd85-4fa8-a1b4-7bc4e1e1b630. Size = 45.36 KB.
2018-11-13 00:02:47,874 7375   INFO  [1a8944] Finished processing user request with id = 1a894406-c726-4694-af78-85e7fed76b3d in 00:00:00.0467321.
2018-11-13 00:02:47,876 7377   INFO  [856760] Finished processing user request with id = 856760d7-6852-4c7a-affa-4d89f7b40b8c in 00:00:00.0657560.
2018-11-13 00:02:47,886 7387   INFO  [ea4188] Doing some complicated stuff.. Random numbers are: 1204180673, 1315773769, 177481533.
2018-11-13 00:02:47,908 7409   INFO  [5cc74b] Started processing user request. Id = 5cc74b98-9112-4af9-a91a-39f5cbac2a5b. Size = 72.24 KB.
2018-11-13 00:02:47,912 7413   INFO  [ea4188] Here's some useful guids:
		4a218730-10a9-460d-aad6-14b3f19d8570
		c746c6b8-ceae-40d1-8bef-734a71137ce3
2018-11-13 00:02:47,914 7415   INFO  [ea4188] Finished processing user request with id = ea418806-bd85-4fa8-a1b4-7bc4e1e1b630 in 00:00:00.0440172.
2018-11-13 00:02:47,922 7423   INFO  [5cc74b] Doing some complicated stuff.. Random numbers are: 581874276, 10249030, 947618113.
2018-11-13 00:02:47,926 7427   INFO  [5cc74b] Here's some useful guids:
		8683c921-9204-40ed-b21f-c8e575afeba6
		3c3225c9-0fc6-46ea-9850-655f647a3095
		be5b9f9e-e521-4c53-9722-8f87f851de40
2018-11-13 00:02:47,927 7428   INFO  [c5df9c] Started processing user request. Id = c5df9cf4-e8aa-4f73-b7d0-c6df1c6c4d05. Size = 40.79 KB.
2018-11-13 00:02:47,930 7431   INFO  [c5df9c] Doing some complicated stuff.. Random numbers are: 996716821, 461261517, 1680663304.
2018-11-13 00:02:47,932 7433   INFO  [5cc74b] Finished processing user request with id = 5cc74b98-9112-4af9-a91a-39f5cbac2a5b in 00:00:00.0238519.
2018-11-13 00:02:47,935 7436   INFO  [BackgroundDaemon] Processing data (50% completed)..
2018-11-13 00:02:47,935 7436   INFO  [BackgroundDaemon] Finished iteration in 00:00:00.1978558.
2018-11-13 00:02:47,963 7464   INFO  [c5df9c] Here's some useful guids:
		eb874843-15f3-42c6-971a-6ebda879a338
		bfc4a983-59c4-41ab-b4bb-e31c64cdd16b
		e8ba56d2-2a1d-4f29-855e-cfda202c3aca
		cba2160b-81de-4f4c-9b7f-5f67bb354c21
2018-11-13 00:02:47,964 7465   INFO  [883989] Started processing user request. Id = 88398927-6de3-418c-982a-5007d122d075. Size = 62.13 KB.
2018-11-13 00:02:47,981 7482   INFO  [883989] Doing some complicated stuff.. Random numbers are: 1783150187, 1413362355, 844425410.
2018-11-13 00:02:47,992 7493   INFO  [c5df9c] Finished processing user request with id = c5df9cf4-e8aa-4f73-b7d0-c6df1c6c4d05 in 00:00:00.0648355.
2018-11-13 00:02:48,005 7506   ERROR [883989] 
System.InvalidOperationException: Oh no! An error occurred!
2018-11-13 00:02:48,005 7506   INFO  [261e46] Started processing user request. Id = 261e4631-4ac8-48f5-ba5f-842327c00af2. Size = 84.72 KB.
2018-11-13 00:02:48,022 7523   INFO  [261e46] Doing some complicated stuff.. Random numbers are: 1536700854, 116956328, 1763444744.
2018-11-13 00:02:48,032 7533   INFO  [261e46] Here's some useful guids:
		56d3468a-046a-446f-a894-21b8b2329d78
		c29fc53b-1ccc-4ef2-8ccf-1084cb090edc
2018-11-13 00:02:48,037 7538   INFO  [9757e7] Started processing user request. Id = 9757e725-a55a-4605-b781-95dc9373a5f3. Size = 62.54 KB.
2018-11-13 00:02:48,042 7543   INFO  [c5f12f] Started processing user request. Id = c5f12f73-c52e-4615-8fd2-624f94a61d53. Size = 3.69 KB.
2018-11-13 00:02:48,051 7552   INFO  [9757e7] Doing some complicated stuff.. Random numbers are: 385430426, 512283675, 427965392.
2018-11-13 00:02:48,056 7557   INFO  [c5f12f] Doing some complicated stuff.. Random numbers are: 1410970052, 59911517, 989995423.
2018-11-13 00:02:48,062 7563   INFO  [261e46] Finished processing user request with id = 261e4631-4ac8-48f5-ba5f-842327c00af2 in 00:00:00.0570876.
2018-11-13 00:02:48,072 7573   ERROR [9757e7] 
System.InvalidOperationException: Oh no! An error occurred!
2018-11-13 00:02:48,076 7577   INFO  [768a26] Started processing user request. Id = 768a264e-54dc-4c51-bd24-bcecd802d13a. Size = 56.59 KB.
2018-11-13 00:02:48,084 7585   INFO  [768a26] Doing some complicated stuff.. Random numbers are: 1118690892, 477174061, 1487662136.
2018-11-13 00:02:48,103 7604   INFO  [948e3b] Started processing user request. Id = 948e3b7c-c482-477f-9990-aeedf9ae938d. Size = 37.76 KB.
2018-11-13 00:02:48,105 7606   INFO  [768a26] Here's some useful guids:
		1b864af2-8d08-4432-8012-c6aa045310d1
		495a8668-5cee-47e0-a6d2-e832497474e5
		4e92c373-c2d3-4440-a25b-44cd1df4d415
		cf68d500-8d96-4f91-9441-a26844e7b669
		490cb924-de9a-48fc-b85a-d6c2784addc0
2018-11-13 00:02:48,107 7608   INFO  [768a26] Finished processing user request with id = 768a264e-54dc-4c51-bd24-bcecd802d13a in 00:00:00.0310116.
2018-11-13 00:02:48,115 7616   INFO  [c5f12f] Finished processing user request with id = c5f12f73-c52e-4615-8fd2-624f94a61d53 in 00:00:00.0731256.
2018-11-13 00:02:48,118 7619   INFO  [948e3b] Doing some complicated stuff.. Random numbers are: 1661568357, 423715313, 1677646674.
2018-11-13 00:02:48,121 7622   INFO  [920ad6] Started processing user request. Id = 920ad664-5ff8-4e8c-80a9-39aa9aa90eac. Size = 73.17 KB.
2018-11-13 00:02:48,124 7625   INFO  [948e3b] Here's some useful guids:
		114cb4ff-05d2-4404-ae7d-3e2b308ce77e
		c63b85ac-94bf-4ec8-8689-7d30ebd49019
		7c1a9b9d-6e38-4352-89eb-8697c60bc2cd
		81450a98-9caf-4d7f-93c6-c1aba9fe5ccb
2018-11-13 00:02:48,136 7637   INFO  [BackgroundDaemon] Starting iteration #15452.
2018-11-13 00:02:48,138 7639   INFO  [948e3b] Finished processing user request with id = 948e3b7c-c482-477f-9990-aeedf9ae938d in 00:00:00.0343083.
2018-11-13 00:02:48,141 7642   INFO  [920ad6] Doing some complicated stuff.. Random numbers are: 486132819, 1259115932, 966990872.
2018-11-13 00:02:48,170 7671   INFO  [031ab2] Started processing user request. Id = 031ab221-fbdc-4fb4-9105-bf3a0c02ce4b. Size = 46.89 KB.
2018-11-13 00:02:48,179 7680   INFO  [920ad6] Here's some useful guids:
		afa8d7c1-1470-4e08-ab45-500a7b02e16d
2018-11-13 00:02:48,184 7685   INFO  [031ab2] Doing some complicated stuff.. Random numbers are: 1415303493, 403475741, 1584219889.
2018-11-13 00:02:48,192 7693   INFO  [920ad6] Finished processing user request with id = 920ad664-5ff8-4e8c-80a9-39aa9aa90eac in 00:00:00.0703588.
2018-11-13 00:02:48,206 7707   INFO  [3d7cae] Started processing user request. Id = 3d7cae2f-803f-4330-a8ed-476687cf89b8. Size = 63.51 KB.
2018-11-13 00:02:48,219 7720   INFO  [BackgroundDaemon] Processing data (19% completed)..
2018-11-13 00:02:48,220 7721   INFO  [031ab2] Finished processing user request with id = 031ab221-fbdc-4fb4-9105-bf3a0c02ce4b in 00:00:00.0499584.
2018-11-13 00:02:48,225 7726   INFO  [3d7cae] Doing some complicated stuff.. Random numbers are: 1994604045, 58194361, 1470962566.
2018-11-13 00:02:48,251 7752   INFO  [3d7cae] Here's some useful guids:
		a27e3ad5-a125-40ec-8461-140a4261253d
		28a42ea1-f217-44a3-8cd9-978499b9c9fa
		7e189262-d1f0-448f-9c2c-fcf72813cd41
2018-11-13 00:02:48,252 7753   INFO  [2e5fb3] Started processing user request. Id = 2e5fb3b8-9e83-4c05-9940-f99e10931f1a. Size = 51.88 KB.
2018-11-13 00:02:48,258 7759   INFO  [2e5fb3] Doing some complicated stuff.. Random numbers are: 339822046, 612426103, 1500612355.
2018-11-13 00:02:48,262 7763   INFO  [2e5fb3] Here's some useful guids:
		8b204629-6e8c-462b-a1b4-9277befe1165
2018-11-13 00:02:48,271 7772   INFO  [BackgroundDaemon] Processing data (47% completed)..
2018-11-13 00:02:48,275 7776   INFO  [3d7cae] Finished processing user request with id = 3d7cae2f-803f-4330-a8ed-476687cf89b8 in 00:00:00.0690102.
2018-11-13 00:02:48,279 7780   INFO  [2e5fb3] Finished processing user request with id = 2e5fb3b8-9e83-4c05-9940-f99e10931f1a in 00:00:00.0269627.
2018-11-13 00:02:48,283 7784   INFO  [268ad2] Started processing user request. Id = 268ad285-489b-464e-8da2-ae8bee3770ca. Size = 98.08 KB.
2018-11-13 00:02:48,289 7790   INFO  [2ef6a5] Started processing user request. Id = 2ef6a5a0-de06-4d62-8b95-f68f7b09a9c3. Size = 49.58 KB.
2018-11-13 00:02:48,292 7793   INFO  [268ad2] Doing some complicated stuff.. Random numbers are: 109852213, 1029594437, 1362147192.
2018-11-13 00:02:48,305 7806   INFO  [Metrics] Cpu: 11.80%; Memory: 19.78 GB/31.88 GB; Workers: 4/1024; IOCP: 0/1024
2018-11-13 00:02:48,309 7810   INFO  [2ef6a5] Doing some complicated stuff.. Random numbers are: 608794206, 2068283998, 1110115016.
2018-11-13 00:02:48,309 7810   INFO  [268ad2] Here's some useful guids:
		e9e5a711-98bb-4cb6-b7ca-9585278c451a
		f0e76aff-297b-4339-96c4-39be88856876
2018-11-13 00:02:48,311 7812   INFO  [5c04fb] Started processing user request. Id = 5c04fb91-d925-4571-9a65-df45a1ab37ac. Size = 7.03 KB.
2018-11-13 00:02:48,317 7818   INFO  [2ef6a5] Finished processing user request with id = 2ef6a5a0-de06-4d62-8b95-f68f7b09a9c3 in 00:00:00.0280137.
2018-11-13 00:02:48,326 7827   INFO  [5c04fb] Doing some complicated stuff.. Random numbers are: 1998851363, 1685822022, 777838528.
2018-11-13 00:02:48,330 7831   INFO  [268ad2] Finished processing user request with id = 268ad285-489b-464e-8da2-ae8bee3770ca in 00:00:00.0470236.
2018-11-13 00:02:48,331 7832   INFO  [a2bff5] Started processing user request. Id = a2bff5ad-afbb-4644-998f-d17a3fe4d291. Size = 26.02 KB.
2018-11-13 00:02:48,331 7832   INFO  [5c04fb] Here's some useful guids:
		f5e7bd20-ea40-4e4f-a4cc-d69c671bf0de
		189c38e8-bf47-478a-a6af-6852b4ab4260
		ddf1666a-3163-438b-835a-c84e70b28e63
		c0a7f870-795f-42b2-b3a0-790ccc7d5624
2018-11-13 00:02:48,345 7846   INFO  [5c04fb] Finished processing user request with id = 5c04fb91-d925-4571-9a65-df45a1ab37ac in 00:00:00.0339397.
2018-11-13 00:02:48,347 7848   INFO  [a2bff5] Doing some complicated stuff.. Random numbers are: 997875500, 1492289880, 681534667.
2018-11-13 00:02:48,365 7866   INFO  [BackgroundDaemon] Processing data (79% completed)..
2018-11-13 00:02:48,365 7866   INFO  [BackgroundDaemon] Finished iteration in 00:00:00.2289953.
2018-11-13 00:02:48,377 7878   INFO  [796c85] Started processing user request. Id = 796c8591-0add-47c2-9c38-52b104906599. Size = 68.16 KB.
2018-11-13 00:02:48,391 7892   INFO  [796c85] Doing some complicated stuff.. Random numbers are: 1479552530, 1641191484, 625348426.
2018-11-13 00:02:48,393 7894   INFO  [796c85] Here's some useful guids:
		15e62449-f42e-48b6-a785-fdb02d31a200
		7d66d055-7c5a-40cb-aa80-54d5009817fd
		60f2c081-05a8-4fc4-993b-a801de70430d
		2d6286f1-3084-4a0b-9293-25ad7be2d74c
		6cc18526-b123-4e13-9817-219103a03606
2018-11-13 00:02:48,404 7905   INFO  [a2bff5] Finished processing user request with id = a2bff5ad-afbb-4644-998f-d17a3fe4d291 in 00:00:00.0729421.
2018-11-13 00:02:48,408 7909   INFO  [796c85] Finished processing user request with id = 796c8591-0add-47c2-9c38-52b104906599 in 00:00:00.0310424.
2018-11-13 00:02:48,418 7919   INFO  [3b3dbc] Started processing user request. Id = 3b3dbce4-84b8-401d-a419-4a073b02fdc9. Size = 59.3 KB.
2018-11-13 00:02:48,436 7937   INFO  [3b3dbc] Doing some complicated stuff.. Random numbers are: 1990153319, 236885149, 2020338901.
2018-11-13 00:02:48,440 7941   INFO  [cec182] Started processing user request. Id = cec1823d-7258-45f4-a827-3e8b12918226. Size = 58.66 KB.
2018-11-13 00:02:48,443 7944   INFO  [3b3dbc] Here's some useful guids:
		12a4de84-2aa3-4262-9a37-bd5210a4a5d1
		0cccdb5c-0b12-41b1-9687-1c14011501ff
		0cdccd33-e746-4b42-a470-65c80a1065e6
		f73f580b-cc68-4167-9eb6-ee1115651058
2018-11-13 00:02:48,449 7950   INFO  [cec182] Doing some complicated stuff.. Random numbers are: 2093006666, 1607122849, 1729465985.
2018-11-13 00:02:48,457 7958   INFO  [3b3dbc] Finished processing user request with id = 3b3dbce4-84b8-401d-a419-4a073b02fdc9 in 00:00:00.0390246.
2018-11-13 00:02:48,471 7972   INFO  [e46e72] Started processing user request. Id = e46e7220-d180-4cfa-8b26-b87ed86552c6. Size = 52.73 KB.
2018-11-13 00:02:48,473 7974   INFO  [e46e72] Doing some complicated stuff.. Random numbers are: 994074585, 1153221279, 310471659.
2018-11-13 00:02:48,475 7976   INFO  [cec182] Here's some useful guids:
		b2473f75-7b82-4ae9-8d05-f2616a444ae9
		5592214e-0c75-4aac-97eb-0c754b1afcbc
		8860fe9f-c39a-40a8-82d4-8d6e8a7ce033
2018-11-13 00:02:48,478 7979   INFO  [cec182] Finished processing user request with id = cec1823d-7258-45f4-a827-3e8b12918226 in 00:00:00.0380147.
2018-11-13 00:02:48,481 7982   INFO  [e46e72] Here's some useful guids:
		dbd5ea75-4528-46af-b26a-100af99790fb
		398766f5-1376-4c7f-b080-a765bea9cf62
		a928a756-1be4-4c9d-8838-5be6b078c8be
		af6694e3-67b5-4b28-9f02-68e4273e11cf
2018-11-13 00:02:48,498 7999   INFO  [d4ee0a] Started processing user request. Id = d4ee0aef-e1e3-4972-b007-bdfbcbb0f6c6. Size = 67.9 KB.
2018-11-13 00:02:48,503 8004   INFO  [e46e72] Finished processing user request with id = e46e7220-d180-4cfa-8b26-b87ed86552c6 in 00:00:00.0320110.
2018-11-13 00:02:48,503 8004   INFO  [d4ee0a] Doing some complicated stuff.. Random numbers are: 1881546068, 1407620286, 1661293456.
2018-11-13 00:02:48,510 8011   INFO  [610205] Started processing user request. Id = 610205b3-2a5e-4fe9-bccf-4550b2de6fd3. Size = 75.04 KB.
2018-11-13 00:02:48,512 8013   INFO  [610205] Doing some complicated stuff.. Random numbers are: 963881040, 555536864, 785012812.
2018-11-13 00:02:48,517 8018   INFO  [746f36] Started processing user request. Id = 746f36a1-dfd5-4772-8b39-378690fde851. Size = 6.81 KB.
2018-11-13 00:02:48,526 8027   INFO  [746f36] Doing some complicated stuff.. Random numbers are: 690039231, 121186368, 1050290543.
2018-11-13 00:02:48,532 8033   INFO  [746f36] Here's some useful guids:
		52ff1093-c9eb-41f4-8d12-7a04528e98da
2018-11-13 00:02:48,539 8040   INFO  [746f36] Finished processing user request with id = 746f36a1-dfd5-4772-8b39-378690fde851 in 00:00:00.0220133.
2018-11-13 00:02:48,548 8049   ERROR [d4ee0a] 
System.InvalidOperationException: Oh no! An error occurred!
2018-11-13 00:02:48,553 8054   INFO  [6b2fb4] Started processing user request. Id = 6b2fb461-d211-43fe-8c6e-3e47314ae299. Size = 7.04 KB.
2018-11-13 00:02:48,560 8061   INFO  [610205] Finished processing user request with id = 610205b3-2a5e-4fe9-bccf-4550b2de6fd3 in 00:00:00.0500314.
2018-11-13 00:02:48,565 8066   INFO  [BackgroundDaemon] Starting iteration #15453.
2018-11-13 00:02:48,570 8071   INFO  [6b2fb4] Doing some complicated stuff.. Random numbers are: 83785805, 1987152614, 1937258889.
2018-11-13 00:02:48,592 8093   INFO  [ee5e81] Started processing user request. Id = ee5e8171-bae1-4734-9f5e-954546d9ab9e. Size = 6.91 KB.
2018-11-13 00:02:48,599 8100   INFO  [ee5e81] Doing some complicated stuff.. Random numbers are: 1875708270, 696141657, 634556317.
2018-11-13 00:02:48,600 8101   INFO  [BackgroundDaemon] Processing data (13% completed)..
2018-11-13 00:02:48,617 8118   INFO  [6b2fb4] Finished processing user request with id = 6b2fb461-d211-43fe-8c6e-3e47314ae299 in 00:00:00.0640308.
2018-11-13 00:02:48,620 8121   INFO  [ee5e81] Finished processing user request with id = ee5e8171-bae1-4734-9f5e-954546d9ab9e in 00:00:00.0279642.
2018-11-13 00:02:48,631 8132   INFO  [a2f243] Started processing user request. Id = a2f24364-c999-4fb0-bd34-3ade3f9ddcff. Size = 12.93 KB.
2018-11-13 00:02:48,641 8142   INFO  [BackgroundDaemon] Processing data (42% completed)..
2018-11-13 00:02:48,642 8143   INFO  [a2f243] Doing some complicated stuff.. Random numbers are: 1855200999, 1189501371, 258794598.
2018-11-13 00:02:48,651 8152   INFO  [318b5b] Started processing user request. Id = 318b5b32-3ee2-454d-86ee-c2edd597b61f. Size = 97.55 KB.
2018-11-13 00:02:48,664 8165   INFO  [318b5b] Doing some complicated stuff.. Random numbers are: 1778082884, 82545440, 1249993895.
2018-11-13 00:02:48,670 8171   INFO  [a2f243] Here's some useful guids:
		2cc709c1-e5e3-4580-8747-662e1a5d8a5b
		1eeb7cf5-7202-499a-a579-24b1bb401e0c
		a14105e9-ec1a-4bd8-85b0-7e7629d41594
		39d7d061-a5c8-46be-a9b2-b3391c262e09
		85dc3b2b-5b29-4782-9b75-1f91eea3ac40
2018-11-13 00:02:48,674 8175   INFO  [BackgroundDaemon] Processing data (56% completed)..
2018-11-13 00:02:48,674 8175   INFO  [BackgroundDaemon] Finished iteration in 00:00:00.1092316.
2018-11-13 00:02:48,677 8178   INFO  [a2f243] Finished processing user request with id = a2f24364-c999-4fb0-bd34-3ade3f9ddcff in 00:00:00.0461679.
2018-11-13 00:02:48,688 8189   INFO  [318b5b] Finished processing user request with id = 318b5b32-3ee2-454d-86ee-c2edd597b61f in 00:00:00.0371736.
2018-11-13 00:02:48,691 8192   INFO  [0c6a2a] Started processing user request. Id = 0c6a2a7a-a0aa-422f-8e28-a4b7e89c3864. Size = 49.37 KB.
2018-11-13 00:02:48,695 8196   INFO  [0c6a2a] Doing some complicated stuff.. Random numbers are: 444057192, 362856968, 719735700.
2018-11-13 00:02:48,698 8199   INFO  [0c6a2a] Here's some useful guids:
		15ee14af-d866-43d8-a222-7a0475f5856d
		300629a9-740e-4ea4-9eac-50da164e9964
		af85c375-ed26-44ca-988c-29471b3b3496
2018-11-13 00:02:48,715 8216   INFO  [34cc8a] Started processing user request. Id = 34cc8a0e-cb23-45e9-8ace-163dac7dab43. Size = 11.11 KB.
2018-11-13 00:02:48,720 8221   INFO  [cd858f] Started processing user request. Id = cd858f26-8471-484f-b474-f03dd0a94fca. Size = 17.9 KB.
2018-11-13 00:02:48,725 8226   INFO  [0c6a2a] Finished processing user request with id = 0c6a2a7a-a0aa-422f-8e28-a4b7e89c3864 in 00:00:00.0340183.
2018-11-13 00:02:48,731 8232   INFO  [34cc8a] Doing some complicated stuff.. Random numbers are: 167131693, 1357091921, 1229951153.
2018-11-13 00:02:48,735 8236   INFO  [34cc8a] Here's some useful guids:
		ec4b5842-ee88-493a-b43a-5591ec6affd5
		2562144f-2cea-437a-a0e8-3be08dfc2049
		e7320a18-f70a-4ff7-bf49-6f14189aff88
		232d531c-b96f-4738-a5cf-47230ef70c0a
		6aaa59bf-a3e6-4173-a65f-349313df66f2
2018-11-13 00:02:48,738 8239   INFO  [3fe48a] Started processing user request. Id = 3fe48a97-fff6-43c7-8eb4-78cf803e7a12. Size = 78.78 KB.
2018-11-13 00:02:48,739 8240   INFO  [cd858f] Doing some complicated stuff.. Random numbers are: 1512751541, 1913287327, 2075716750.
2018-11-13 00:02:48,740 8241   INFO  [3fe48a] Doing some complicated stuff.. Random numbers are: 563395500, 911369644, 1836114728.
2018-11-13 00:02:48,757 8258   INFO  [34cc8a] Finished processing user request with id = 34cc8a0e-cb23-45e9-8ace-163dac7dab43 in 00:00:00.0420612.
2018-11-13 00:02:48,757 8258   INFO  [3fe48a] Finished processing user request with id = 3fe48a97-fff6-43c7-8eb4-78cf803e7a12 in 00:00:00.0190289.
2018-11-13 00:02:48,767 8268   INFO  [cd858f] Here's some useful guids:
		a3c31231-99a5-428a-9565-ba7d32b6f43f
		d169105e-7d15-4f44-9d93-066f561a9860
2018-11-13 00:02:48,771 8272   INFO  [96e485] Started processing user request. Id = 96e4856d-e07a-4298-aeb9-5e3c097ffff4. Size = 62.31 KB.
2018-11-13 00:02:48,776 8277   INFO  [96e485] Doing some complicated stuff.. Random numbers are: 560630319, 1553933087, 1486970935.
2018-11-13 00:02:48,786 8287   INFO  [cd858f] Finished processing user request with id = cd858f26-8471-484f-b474-f03dd0a94fca in 00:00:00.0661088.
2018-11-13 00:02:48,805 8306   INFO  [Metrics] Cpu: 11.06%; Memory: 19.78 GB/31.88 GB; Workers: 4/1024; IOCP: 0/1024
2018-11-13 00:02:48,806 8307   INFO  [96e485] Finished processing user request with id = 96e4856d-e07a-4298-aeb9-5e3c097ffff4 in 00:00:00.0344364.
2018-11-13 00:02:48,818 8319   INFO  [72758e] Started processing user request. Id = 72758e4d-2bb4-4f9d-b22b-f4b7414fd6af. Size = 42.23 KB.
2018-11-13 00:02:48,820 8321   INFO  [efdee7] Started processing user request. Id = efdee70c-e61b-409d-92d5-3379a34abca2. Size = 19.71 KB.
2018-11-13 00:02:48,826 8327   INFO  [72758e] Doing some complicated stuff.. Random numbers are: 1595306225, 1037622283, 856982229.
2018-11-13 00:02:48,828 8329   INFO  [efdee7] Doing some complicated stuff.. Random numbers are: 48015678, 721323724, 1805589885.
2018-11-13 00:02:48,853 8354   INFO  [72758e] Here's some useful guids:
		f7ca6f69-87ad-4187-af73-a3508ef64faf
2018-11-13 00:02:48,875 8376   INFO  [efdee7] Finished processing user request with id = efdee70c-e61b-409d-92d5-3379a34abca2 in 00:00:00.0550457.
2018-11-13 00:02:48,875 8376   INFO  [BackgroundDaemon] Starting iteration #15454.
2018-11-13 00:02:48,875 8376   INFO  [72758e] Finished processing user request with id = 72758e4d-2bb4-4f9d-b22b-f4b7414fd6af in 00:00:00.0570269.
2018-11-13 00:02:48,889 8390   INFO  [d47e9f] Started processing user request. Id = d47e9fbf-1ca2-4819-8a72-3a5ea658fb8e. Size = 62.97 KB.
2018-11-13 00:02:48,904 8405   INFO  [d47e9f] Doing some complicated stuff.. Random numbers are: 1858568608, 1563082475, 734139488.
2018-11-13 00:02:48,907 8408   INFO  [c65d20] Started processing user request. Id = c65d205d-ac41-4beb-96a1-4b69a99ece67. Size = 66.65 KB.
2018-11-13 00:02:48,915 8416   INFO  [d47e9f] Finished processing user request with id = d47e9fbf-1ca2-4819-8a72-3a5ea658fb8e in 00:00:00.0260108.
2018-11-13 00:02:48,915 8416   INFO  [BackgroundDaemon] Processing data (6% completed)..
2018-11-13 00:02:48,921 8422   INFO  [c65d20] Doing some complicated stuff.. Random numbers are: 1996001841, 145754044, 1787779554.
2018-11-13 00:02:48,925 8426   INFO  [41815e] Started processing user request. Id = 41815e59-909f-4bc2-ab3c-61343ec7b2fb. Size = 30.45 KB.
2018-11-13 00:02:48,928 8429   INFO  [484449] Started processing user request. Id = 484449c7-9938-4be5-842c-2adb28125422. Size = 25.13 KB.
2018-11-13 00:02:48,935 8436   INFO  [41815e] Doing some complicated stuff.. Random numbers are: 1537896758, 1591165417, 310650245.
2018-11-13 00:02:48,937 8438   INFO  [484449] Doing some complicated stuff.. Random numbers are: 1500870290, 1499797676, 2100414016.
2018-11-13 00:02:48,940 8441   INFO  [c65d20] Here's some useful guids:
		3d07fd4a-5ca9-439e-b084-c6e8b9ae61a6
		6fc4911a-33c1-4dce-9cec-225b85f4ebcd
2018-11-13 00:02:48,947 8448   INFO  [BackgroundDaemon] Processing data (22% completed)..
2018-11-13 00:02:48,956 8457   INFO  [484449] Here's some useful guids:
		fa875b32-fe94-414c-b162-e5411a2c6727
		c2620d3d-d881-4bb3-8ed2-0480d7d7d7bc
		f97cee08-b4b0-4d91-8a0c-1d20cd8c7408
2018-11-13 00:02:48,959 8460   INFO  [484449] Finished processing user request with id = 484449c7-9938-4be5-842c-2adb28125422 in 00:00:00.0309315.
2018-11-13 00:02:48,962 8463   INFO  [c65d20] Finished processing user request with id = c65d205d-ac41-4beb-96a1-4b69a99ece67 in 00:00:00.0550029.
2018-11-13 00:02:48,963 8464   INFO  [41815e] Here's some useful guids:
		3f7ce7a0-06d4-4f02-a707-731f601740ed
		b491580b-f373-47c5-876b-a8ce6a2a09db
		bd9557a4-5a74-427f-9428-36e6186179c5
2018-11-13 00:02:48,973 8474   INFO  [485f1b] Started processing user request. Id = 485f1b72-665c-4de3-9f83-abb632f77320. Size = 46.65 KB.
2018-11-13 00:02:48,984 8485   INFO  [485f1b] Doing some complicated stuff.. Random numbers are: 1278431078, 1267585249, 1834784089.
2018-11-13 00:02:48,986 8487   ERROR [41815e] 
System.InvalidOperationException: Oh no! An error occurred!
2018-11-13 00:02:48,994 8495   INFO  [6e3a87] Started processing user request. Id = 6e3a8762-f431-4fc1-8ec7-bd690e3fcec8. Size = 32.78 KB.
2018-11-13 00:02:48,996 8497   INFO  [485f1b] Here's some useful guids:
		afbdeb4d-7575-46a2-b875-3c4be9f18967
		da22a3cf-aa30-4e29-8c11-92802377887a
		3445fe20-d503-422b-9dcc-f89ceee5a26c
2018-11-13 00:02:49,002 8503   INFO  [6e3a87] Doing some complicated stuff.. Random numbers are: 1574706100, 1743658164, 782990769.
2018-11-13 00:02:49,013 8514   INFO  [485f1b] Finished processing user request with id = 485f1b72-665c-4de3-9f83-abb632f77320 in 00:00:00.0400824.
2018-11-13 00:02:49,027 8528   INFO  [8e6982] Started processing user request. Id = 8e6982b8-b99e-44b7-be0d-22e57b09e837. Size = 24.39 KB.
2018-11-13 00:02:49,035 8536   INFO  [8e6982] Doing some complicated stuff.. Random numbers are: 1500588124, 950229892, 1196521799.
2018-11-13 00:02:49,039 8540   INFO  [8e6982] Here's some useful guids:
		93cc0f39-e749-4d8e-b5aa-3228a9114682
		c74aafb5-14be-439a-b93e-72344b562d06
		00b76dae-c4b9-40c3-9159-954b84ec90f7
		a2d98630-7a9e-4d77-977d-5021083047da
2018-11-13 00:02:49,044 8545   INFO  [6e3a87] Finished processing user request with id = 6e3a8762-f431-4fc1-8ec7-bd690e3fcec8 in 00:00:00.0506062.
2018-11-13 00:02:49,046 8547   INFO  [BackgroundDaemon] Processing data (50% completed)..
2018-11-13 00:02:49,046 8547   INFO  [BackgroundDaemon] Finished iteration in 00:00:00.1717165.
2018-11-13 00:02:49,066 8567   INFO  [8e6982] Finished processing user request with id = 8e6982b8-b99e-44b7-be0d-22e57b09e837 in 00:00:00.0395419.
2018-11-13 00:02:49,075 8576   INFO  [c96caa] Started processing user request. Id = c96caaed-d7ff-4540-a93a-b0fe75205826. Size = 17.76 KB.
2018-11-13 00:02:49,079 8580   INFO  [77a628] Started processing user request. Id = 77a62890-7a7c-40f0-8021-d58e61d13e63. Size = 19.68 KB.
2018-11-13 00:02:49,095 8596   INFO  [c96caa] Doing some complicated stuff.. Random numbers are: 78182826, 941278196, 1443212726.
2018-11-13 00:02:49,099 8600   INFO  [77a628] Doing some complicated stuff.. Random numbers are: 942608301, 1140706736, 1049847581.
2018-11-13 00:02:49,110 8611   INFO  [c96caa] Finished processing user request with id = c96caaed-d7ff-4540-a93a-b0fe75205826 in 00:00:00.0350684.
2018-11-13 00:02:49,129 8631   INFO  [77a628] Here's some useful guids:
		3223a2ed-fcc2-4739-89c2-9d314bef54c8
		35471f69-84c8-42f0-8af7-ea5303971ae5
		bfa810fa-0d74-46df-b1e8-294d19bb8cd5
2018-11-13 00:02:49,141 8642   INFO  [77a628] Finished processing user request with id = 77a62890-7a7c-40f0-8021-d58e61d13e63 in 00:00:00.0611429.
2018-11-13 00:02:49,142 8643   INFO  [f254e5] Started processing user request. Id = f254e558-507b-43ee-8c54-c9153bcdcf0a. Size = 42.1 KB.
2018-11-13 00:02:49,149 8650   INFO  [f254e5] Doing some complicated stuff.. Random numbers are: 351810039, 2117395086, 265574677.
2018-11-13 00:02:49,154 8655   INFO  [ae1b7f] Started processing user request. Id = ae1b7ff9-89d3-463a-b1b9-6ebf4742e648. Size = 91.68 KB.
2018-11-13 00:02:49,154 8655   INFO  [42bc90] Started processing user request. Id = 42bc90c7-1418-4d80-93e0-2763674bee7d. Size = 6.99 KB.
2018-11-13 00:02:49,160 8661   INFO  [42bc90] Doing some complicated stuff.. Random numbers are: 1676639464, 1038648986, 2012633381.
2018-11-13 00:02:49,161 8662   INFO  [ae1b7f] Doing some complicated stuff.. Random numbers are: 1818468659, 1401523554, 1128256367.
2018-11-13 00:02:49,170 8671   INFO  [f254e5] Here's some useful guids:
		d377b18c-4048-40c6-bbb1-111b698e1898
		618e4cb3-d0a9-4c31-ac79-8c75aee73bd7
		394c7682-c8f3-4623-8e54-bd9d73b5c2fa
2018-11-13 00:02:49,172 8673   INFO  [f254e5] Finished processing user request with id = f254e558-507b-43ee-8c54-c9153bcdcf0a in 00:00:00.0300884.
2018-11-13 00:02:49,175 8676   INFO  [42bc90] Here's some useful guids:
		26f65191-f947-4955-a1e3-19f91100f015
2018-11-13 00:02:49,175 8676   INFO  [42bc90] Finished processing user request with id = 42bc90c7-1418-4d80-93e0-2763674bee7d in 00:00:00.0210191.
2018-11-13 00:02:49,189 8690   INFO  [44b407] Started processing user request. Id = 44b4070b-eac2-4d2e-93c7-806a3bedd1bb. Size = 96.03 KB.
2018-11-13 00:02:49,200 8701   INFO  [44b407] Doing some complicated stuff.. Random numbers are: 375243504, 1689415073, 1705093672.
2018-11-13 00:02:49,203 8704   INFO  [e65c6e] Started processing user request. Id = e65c6eb0-de88-45d4-9467-dae907cd48bc. Size = 5.74 KB.
2018-11-13 00:02:49,204 8705   ERROR [ae1b7f] 
System.InvalidOperationException: Oh no! An error occurred!
2018-11-13 00:02:49,214 8715   INFO  [e65c6e] Doing some complicated stuff.. Random numbers are: 614424856, 249959587, 1144513431.
2018-11-13 00:02:49,220 8721   INFO  [e65c6e] Finished processing user request with id = e65c6eb0-de88-45d4-9467-dae907cd48bc in 00:00:00.0170283.
2018-11-13 00:02:49,242 8743   INFO  [44b407] Finished processing user request with id = 44b4070b-eac2-4d2e-93c7-806a3bedd1bb in 00:00:00.0530577.
2018-11-13 00:02:49,247 8748   INFO  [BackgroundDaemon] Starting iteration #15455.
2018-11-13 00:02:49,252 8753   INFO  [fb93a6] Started processing user request. Id = fb93a636-fb07-4b85-8950-cf6d4f032103. Size = 91.36 KB.
2018-11-13 00:02:49,255 8756   INFO  [fb93a6] Doing some complicated stuff.. Random numbers are: 1035376849, 191033698, 512725591.
2018-11-13 00:02:49,256 8757   INFO  [6e24d0] Started processing user request. Id = 6e24d089-285f-45d2-aea6-15e129aaa800. Size = 87.65 KB.
2018-11-13 00:02:49,259 8760   INFO  [6e24d0] Doing some complicated stuff.. Random numbers are: 1272501264, 1459761187, 397029293.
2018-11-13 00:02:49,264 8765   INFO  [6e24d0] Finished processing user request with id = 6e24d089-285f-45d2-aea6-15e129aaa800 in 00:00:00.0080103.
2018-11-13 00:02:49,278 8779   INFO  [23c3c3] Started processing user request. Id = 23c3c335-b895-4337-8172-7a140b89bbce. Size = 9.95 KB.
2018-11-13 00:02:49,280 8781   INFO  [23c3c3] Doing some complicated stuff.. Random numbers are: 260020421, 1848867210, 311219820.
2018-11-13 00:02:49,282 8783   INFO  [23c3c3] Here's some useful guids:
		291232be-750a-451a-8f66-767fac667680
		5123e287-3946-44e4-81c1-8f2e547d97f1
		3a980988-5eb9-4bfd-9088-87a4a4d216d1
		35e49cb3-dc5a-4431-903f-4f37553f7b8a
		5086e3e8-bf8c-44d5-b39e-f1641beaf5e0
2018-11-13 00:02:49,292 8793   INFO  [fb93a6] Finished processing user request with id = fb93a636-fb07-4b85-8950-cf6d4f032103 in 00:00:00.0398750.
2018-11-13 00:02:49,301 8802   INFO  [23c3c3] Finished processing user request with id = 23c3c335-b895-4337-8172-7a140b89bbce in 00:00:00.0229986.
2018-11-13 00:02:49,304 8805   INFO  [Metrics] Cpu: 11.06%; Memory: 19.77 GB/31.88 GB; Workers: 4/1024; IOCP: 0/1024
2018-11-13 00:02:49,315 8816   INFO  [03c741] Started processing user request. Id = 03c7412a-0bef-4cad-88dd-b99732776957. Size = 49.59 KB.
2018-11-13 00:02:49,320 8821   INFO  [03c741] Doing some complicated stuff.. Random numbers are: 82990124, 427023750, 1419536138.
2018-11-13 00:02:49,324 8825   INFO  [500f4b] Started processing user request. Id = 500f4bb6-2cf8-48e1-ad89-c1bf1fa9699d. Size = 23.79 KB.
2018-11-13 00:02:49,330 8831   INFO  [500f4b] Doing some complicated stuff.. Random numbers are: 1950436767, 1797844017, 457703060.
2018-11-13 00:02:49,339 8840   INFO  [BackgroundDaemon] Processing data (10% completed)..
2018-11-13 00:02:49,350 8851   INFO  [500f4b] Finished processing user request with id = 500f4bb6-2cf8-48e1-ad89-c1bf1fa9699d in 00:00:00.0259651.
2018-11-13 00:02:49,359 8860   INFO  [03c741] Finished processing user request with id = 03c7412a-0bef-4cad-88dd-b99732776957 in 00:00:00.0439749.
2018-11-13 00:02:49,372 8873   INFO  [b61bbf] Started processing user request. Id = b61bbf78-7160-4d50-8195-2f854d63c4c7. Size = 86.7 KB.
2018-11-13 00:02:49,373 8874   INFO  [4d74fb] Started processing user request. Id = 4d74fbc4-e78c-4c3d-8127-ea3a7bf4a863. Size = 64.01 KB.
2018-11-13 00:02:49,374 8875   INFO  [b61bbf] Doing some complicated stuff.. Random numbers are: 1012764761, 1313504350, 1367873299.
2018-11-13 00:02:49,381 8882   INFO  [22d9fd] Started processing user request. Id = 22d9fdda-1bc8-4153-9eaf-77e816048cec. Size = 34.15 KB.
2018-11-13 00:02:49,386 8887   INFO  [22d9fd] Doing some complicated stuff.. Random numbers are: 464376256, 1620757182, 1853110837.
2018-11-13 00:02:49,387 8888   INFO  [4d74fb] Doing some complicated stuff.. Random numbers are: 1359153924, 54208978, 1977227924.
2018-11-13 00:02:49,388 8889   INFO  [BackgroundDaemon] Processing data (29% completed)..
2018-11-13 00:02:49,401 8902   INFO  [4d74fb] Here's some useful guids:
		d5a5c963-9f86-4f77-9ae9-e0cbf5c9df57
		ebcff310-e3a2-4eab-95fc-76cab951b81d
		e973bb7d-908f-4145-b15f-299396d464a0
2018-11-13 00:02:49,403 8904   INFO  [b61bbf] Here's some useful guids:
		ae6b9d53-acd2-416d-9162-87546222c981
		cd4ce2af-168d-4255-a7ce-25432da59d13
		c5786ba6-ec8a-4127-92f5-8d07cc725d3b
		fa2b36c5-2ea2-444f-aebf-c5bee0bc80f5
		5afb9ad0-a0f8-43ba-9055-87e6d179508f
2018-11-13 00:02:49,408 8909   INFO  [BackgroundDaemon] Processing data (71% completed)..
2018-11-13 00:02:49,408 8909   INFO  [BackgroundDaemon] Finished iteration in 00:00:00.1612009.
2018-11-13 00:02:49,416 8917   INFO  [4d74fb] Finished processing user request with id = 4d74fbc4-e78c-4c3d-8127-ea3a7bf4a863 in 00:00:00.0430289.
2018-11-13 00:02:49,425 8926   INFO  [22d9fd] Finished processing user request with id = 22d9fdda-1bc8-4153-9eaf-77e816048cec in 00:00:00.0440902.
2018-11-13 00:02:49,428 8929   INFO  [b61bbf] Finished processing user request with id = b61bbf78-7160-4d50-8195-2f854d63c4c7 in 00:00:00.0560706.
2018-11-13 00:02:49,430 8931   INFO  [205689] Started processing user request. Id = 2056899e-48ef-4390-9c51-916e12b43c45. Size = 58.48 KB.
2018-11-13 00:02:49,439 8940   INFO  [205689] Doing some complicated stuff.. Random numbers are: 884525287, 590910910, 2109249152.
2018-11-13 00:02:49,448 8949   INFO  [205689] Finished processing user request with id = 2056899e-48ef-4390-9c51-916e12b43c45 in 00:00:00.0181520.
2018-11-13 00:02:49,456 8957   INFO  [31547f] Started processing user request. Id = 31547f57-16f5-4e26-9c37-27b042685c29. Size = 87.82 KB.
2018-11-13 00:02:49,462 8963   INFO  [c32f9a] Started processing user request. Id = c32f9abe-fc6b-4d6c-af44-434eff476964. Size = 38.96 KB.
2018-11-13 00:02:49,465 8966   INFO  [c32f9a] Doing some complicated stuff.. Random numbers are: 839969315, 1716966032, 508240261.
2018-11-13 00:02:49,472 8973   INFO  [31547f] Doing some complicated stuff.. Random numbers are: 1081153042, 627145440, 1722704028.
2018-11-13 00:02:49,478 8979   INFO  [31547f] Here's some useful guids:
		e58d7111-86c9-4409-9482-fd52b50855fb
		eddf7b03-5934-41c6-ab39-f199872f6fc2
2018-11-13 00:02:49,481 8982   ERROR [31547f] 
System.InvalidOperationException: Oh no! An error occurred!
2018-11-13 00:02:49,513 9014   INFO  [8128eb] Started processing user request. Id = 8128eb20-3420-4ebd-b276-3530a0510ac7. Size = 26.31 KB.
2018-11-13 00:02:49,515 9016   INFO  [c32f9a] Finished processing user request with id = c32f9abe-fc6b-4d6c-af44-434eff476964 in 00:00:00.0531240.
2018-11-13 00:02:49,529 9030   INFO  [3d20c3] Started processing user request. Id = 3d20c3c2-5a12-4a20-8fc4-426790ce3b9c. Size = 92.17 KB.
2018-11-13 00:02:49,532 9033   INFO  [8128eb] Doing some complicated stuff.. Random numbers are: 436886052, 1246404520, 781478206.
2018-11-13 00:02:49,547 9048   INFO  [3d20c3] Doing some complicated stuff.. Random numbers are: 434591357, 572737084, 822000260.
2018-11-13 00:02:49,549 9050   INFO  [8128eb] Here's some useful guids:
		b5f08d2a-22b2-4a18-b05c-196bb67eaeb3
		103c6de7-766f-468c-a42b-12a05d31d707
		873182cf-3f17-4c37-9933-8285265a1438
		6ca2a2fd-425e-4ddb-84c9-09d86b566d73
2018-11-13 00:02:49,571 9072   INFO  [8128eb] Finished processing user request with id = 8128eb20-3420-4ebd-b276-3530a0510ac7 in 00:00:00.0576345.
2018-11-13 00:02:49,578 9079   INFO  [3d20c3] Here's some useful guids:
		a9dc78cc-7900-4f0f-88d5-020fd286f28e
		858e147a-ad38-4045-989f-56c72888ffa5
2018-11-13 00:02:49,592 9093   INFO  [3d20c3] Finished processing user request with id = 3d20c3c2-5a12-4a20-8fc4-426790ce3b9c in 00:00:00.0630783.
2018-11-13 00:02:49,595 9096   INFO  [ca54dc] Started processing user request. Id = ca54dc49-fdd0-412f-bc88-13dd21fd70f0. Size = 39.19 KB.
2018-11-13 00:02:49,602 9103   INFO  [22b456] Started processing user request. Id = 22b4565b-ab78-4adc-a3a9-88cf7d17a3a6. Size = 28.38 KB.
2018-11-13 00:02:49,603 9104   INFO  [ca54dc] Doing some complicated stuff.. Random numbers are: 1036248539, 1176205842, 813866691.
2018-11-13 00:02:49,604 9105   INFO  [22b456] Doing some complicated stuff.. Random numbers are: 643487049, 351968042, 1776079480.
2018-11-13 00:02:49,606 9107   INFO  [576b51] Started processing user request. Id = 576b512a-3b65-43b3-9478-89f695251e40. Size = 19.66 KB.
2018-11-13 00:02:49,608 9109   INFO  [BackgroundDaemon] Starting iteration #15456.
2018-11-13 00:02:49,615 9117   INFO  [576b51] Doing some complicated stuff.. Random numbers are: 1426745484, 1273332840, 1968961572.
2018-11-13 00:02:49,632 9133   INFO  [576b51] Here's some useful guids:
		da607ffb-bc34-443f-8201-f5a122c9bf80
		18fe4c8b-2f92-4187-8fbc-4de0369ff916
		c8c5fe5d-1cdc-479f-beb5-db63f8b35f45
		bb26d9e3-bc53-4094-9771-df61b85ac4a8
2018-11-13 00:02:49,635 9136   ERROR [576b51] 
System.InvalidOperationException: Oh no! An error occurred!
2018-11-13 00:02:49,638 9139   INFO  [22b456] Finished processing user request with id = 22b4565b-ab78-4adc-a3a9-88cf7d17a3a6 in 00:00:00.0358300.
2018-11-13 00:02:49,647 9148   INFO  [ca54dc] Finished processing user request with id = ca54dc49-fdd0-412f-bc88-13dd21fd70f0 in 00:00:00.0518238.
2018-11-13 00:02:49,648 9149   INFO  [b2399d] Started processing user request. Id = b2399d3d-f8ba-4c98-9db2-bae9d5f0dfa8. Size = 5.54 KB.
2018-11-13 00:02:49,652 9153   INFO  [b2399d] Doing some complicated stuff.. Random numbers are: 1585599852, 362512872, 1719334098.
2018-11-13 00:02:49,659 9160   INFO  [BackgroundDaemon] Processing data (10% completed)..
2018-11-13 00:02:49,669 9170   INFO  [d1698a] Started processing user request. Id = d1698a77-75a5-4163-80fb-f89969d63e5a. Size = 25.09 KB.
2018-11-13 00:02:49,670 9171   ERROR [b2399d] 
System.InvalidOperationException: Oh no! An error occurred!
2018-11-13 00:02:49,681 9182   INFO  [d1698a] Doing some complicated stuff.. Random numbers are: 285834124, 252775099, 2015549778.
2018-11-13 00:02:49,683 9184   INFO  [a6fcdc] Started processing user request. Id = a6fcdc18-6b2e-40e5-9afd-f0a85219855f. Size = 38.89 KB.
2018-11-13 00:02:49,693 9194   INFO  [a6fcdc] Doing some complicated stuff.. Random numbers are: 364184037, 916028136, 1344497709.
2018-11-13 00:02:49,706 9207   INFO  [d1698a] Here's some useful guids:
		deb1b486-4aea-4eeb-bd7b-a38f0b1fae11
2018-11-13 00:02:49,723 9224   INFO  [a6fcdc] Finished processing user request with id = a6fcdc18-6b2e-40e5-9afd-f0a85219855f in 00:00:00.0404129.
2018-11-13 00:02:49,734 9235   INFO  [d1698a] Finished processing user request with id = d1698a77-75a5-4163-80fb-f89969d63e5a in 00:00:00.0655818.
2018-11-13 00:02:49,736 9237   INFO  [3fe03f] Started processing user request. Id = 3fe03f4a-eae2-4232-994b-88874c782c2b. Size = 5.84 KB.
2018-11-13 00:02:49,750 9251   INFO  [3fe03f] Doing some complicated stuff.. Random numbers are: 1829626182, 1407137874, 1167627091.
2018-11-13 00:02:49,758 9259   INFO  [BackgroundDaemon] Processing data (29% completed)..
2018-11-13 00:02:49,766 9267   INFO  [df0ff2] Started processing user request. Id = df0ff240-cf88-4357-9040-3f37a288ed09. Size = 75.38 KB.
2018-11-13 00:02:49,776 9277   INFO  [df0ff2] Doing some complicated stuff.. Random numbers are: 1917579669, 331052421, 1868232379.
2018-11-13 00:02:49,781 9282   INFO  [df0ff2] Here's some useful guids:
		cfecb6f8-e4f2-429f-b6c4-64040eddcdd6
2018-11-13 00:02:49,785 9286   INFO  [3fe03f] Here's some useful guids:
		303903a2-9b5a-4156-945a-db7ef3b78964
		2b5a126e-a431-45a8-9546-99d3c50c5a08
		b892b02f-0a06-413f-b83e-251e5fe4d007
		964989c2-e0d5-4f7d-8801-a44b7889f194
2018-11-13 00:02:49,803 9304   INFO  [df0ff2] Finished processing user request with id = df0ff240-cf88-4357-9040-3f37a288ed09 in 00:00:00.0363118.
2018-11-13 00:02:49,803 9304   INFO  [Metrics] Cpu: 6.26%; Memory: 19.78 GB/31.88 GB; Workers: 4/1024; IOCP: 0/1024
2018-11-13 00:02:49,807 9308   INFO  [3fe03f] Finished processing user request with id = 3fe03f4a-eae2-4232-994b-88874c782c2b in 00:00:00.0703920.
2018-11-13 00:02:49,812 9313   INFO  [BackgroundDaemon] Processing data (84% completed)..
2018-11-13 00:02:49,812 9313   INFO  [BackgroundDaemon] Finished iteration in 00:00:00.2043677.
2018-11-13 00:02:49,814 9315   INFO  [0fc6ee] Started processing user request. Id = 0fc6ee60-a8d6-42a6-be84-55858fc6f4dc. Size = 71.79 KB.
2018-11-13 00:02:49,820 9321   INFO  [17ee2b] Started processing user request. Id = 17ee2b4b-a3ab-445e-870f-1169568aa477. Size = 46.55 KB.
2018-11-13 00:02:49,828 9329   INFO  [17ee2b] Doing some complicated stuff.. Random numbers are: 457913389, 1616581969, 1412489016.
2018-11-13 00:02:49,834 9335   INFO  [0fc6ee] Doing some complicated stuff.. Random numbers are: 695376226, 810792030, 548227412.
2018-11-13 00:02:49,834 9335   INFO  [10648e] Started processing user request. Id = 10648e70-8a34-4801-97f5-a138304ff1e0. Size = 33.39 KB.
2018-11-13 00:02:49,847 9348   INFO  [10648e] Doing some complicated stuff.. Random numbers are: 158718809, 488638844, 1932286736.
2018-11-13 00:02:49,851 9352   INFO  [17ee2b] Finished processing user request with id = 17ee2b4b-a3ab-445e-870f-1169568aa477 in 00:00:00.0309650.
2018-11-13 00:02:49,865 9366   INFO  [c283bf] Started processing user request. Id = c283bf47-3e8d-4d2f-a978-69d6fbccf798. Size = 3.29 KB.
2018-11-13 00:02:49,867 9368   ERROR [0fc6ee] 
System.InvalidOperationException: Oh no! An error occurred!
2018-11-13 00:02:49,875 9376   INFO  [c283bf] Doing some complicated stuff.. Random numbers are: 260166637, 263285186, 348060815.
2018-11-13 00:02:49,886 9387   INFO  [10648e] Finished processing user request with id = 10648e70-8a34-4801-97f5-a138304ff1e0 in 00:00:00.0517364.
2018-11-13 00:02:49,891 9392   INFO  [c283bf] Here's some useful guids:
		b401520b-d715-4850-a074-3b4fbde0da28
		72a264ed-a231-43c5-986a-b60fd1d281a5
		7e39767e-2d9b-42af-ae73-8dc2fc28563d
2018-11-13 00:02:49,891 9392   INFO  [c283bf] Finished processing user request with id = c283bf47-3e8d-4d2f-a978-69d6fbccf798 in 00:00:00.0258953.
2018-11-13 00:02:49,905 9406   INFO  [9106b2] Started processing user request. Id = 9106b225-e2af-43f6-ae00-8b51b9407f5a. Size = 3.76 KB.
2018-11-13 00:02:49,907 9408   INFO  [9106b2] Doing some complicated stuff.. Random numbers are: 793958865, 103827452, 1490937432.
2018-11-13 00:02:49,917 9418   INFO  [9d9834] Started processing user request. Id = 9d9834f7-7746-4159-a255-c4cc884682f2. Size = 45.64 KB.
2018-11-13 00:02:49,923 9424   INFO  [9d9834] Doing some complicated stuff.. Random numbers are: 875776402, 1891366649, 309232512.
2018-11-13 00:02:49,935 9436   INFO  [9106b2] Here's some useful guids:
		d78bd4d4-c07f-4dbf-99b5-a5da87c006f4
2018-11-13 00:02:49,948 9449   INFO  [9106b2] Finished processing user request with id = 9106b225-e2af-43f6-ae00-8b51b9407f5a in 00:00:00.0430615.
2018-11-13 00:02:49,956 9457   INFO  [9d9834] Here's some useful guids:
		ed96a0b8-d9d1-41dd-8abd-aa6024880c39
2018-11-13 00:02:49,962 9463   INFO  [1ce99a] Started processing user request. Id = 1ce99a8c-b319-48a3-97d3-635342291809. Size = 86.25 KB.
2018-11-13 00:02:49,964 9465   INFO  [1ce99a] Doing some complicated stuff.. Random numbers are: 392621176, 1136013724, 155860850.
2018-11-13 00:02:49,981 9482   INFO  [9d9834] Finished processing user request with id = 9d9834f7-7746-4159-a255-c4cc884682f2 in 00:00:00.0639722.
2018-11-13 00:02:50,002 9503   INFO  [1ce99a] Finished processing user request with id = 1ce99a8c-b319-48a3-97d3-635342291809 in 00:00:00.0398137.
2018-11-13 00:02:50,013 9514   INFO  [81b91e] Started processing user request. Id = 81b91e57-aebf-448b-9081-6315d9d12593. Size = 91.47 KB.
2018-11-13 00:02:50,013 9514   INFO  [BackgroundDaemon] Starting iteration #15457.
2018-11-13 00:02:50,015 9516   INFO  [81b91e] Doing some complicated stuff.. Random numbers are: 591002625, 663368247, 724963641.
2018-11-13 00:02:50,015 9516   INFO  [d5bbd0] Started processing user request. Id = d5bbd0e9-2d3e-4e08-9a89-53c8a0395f09. Size = 50.23 KB.
2018-11-13 00:02:50,024 9525   INFO  [d5bbd0] Doing some complicated stuff.. Random numbers are: 1778262054, 1594266471, 760153786.
2018-11-13 00:02:50,035 9536   INFO  [4eb951] Started processing user request. Id = 4eb9519a-7a73-4f86-a034-3b25c04f2046. Size = 41.73 KB.
2018-11-13 00:02:50,038 9539   INFO  [4eb951] Doing some complicated stuff.. Random numbers are: 1317875870, 186775540, 163996624.
2018-11-13 00:02:50,065 9566   INFO  [d5bbd0] Finished processing user request with id = d5bbd0e9-2d3e-4e08-9a89-53c8a0395f09 in 00:00:00.0507035.
2018-11-13 00:02:50,065 9566   ERROR [81b91e] 
System.InvalidOperationException: Oh no! An error occurred!
2018-11-13 00:02:50,079 9580   INFO  [875aec] Started processing user request. Id = 875aec6d-1580-453d-9977-fecac5dafa4b. Size = 67.71 KB.
2018-11-13 00:02:50,084 9585   INFO  [BackgroundDaemon] Processing data (19% completed)..
2018-11-13 00:02:50,085 9586   INFO  [875aec] Doing some complicated stuff.. Random numbers are: 1012473363, 635562661, 166288707.
2018-11-13 00:02:50,097 9598   INFO  [297ddc] Started processing user request. Id = 297ddcc9-54a2-4c9a-9831-13f69f4abf31. Size = 42.17 KB.
2018-11-13 00:02:50,097 9598   INFO  [4eb951] Finished processing user request with id = 4eb9519a-7a73-4f86-a034-3b25c04f2046 in 00:00:00.0620845.
2018-11-13 00:02:50,099 9600   INFO  [297ddc] Doing some complicated stuff.. Random numbers are: 929627005, 810248541, 54988053.
2018-11-13 00:02:50,114 9615   INFO  [BackgroundDaemon] Processing data (31% completed)..
2018-11-13 00:02:50,119 9620   INFO  [875aec] Finished processing user request with id = 875aec6d-1580-453d-9977-fecac5dafa4b in 00:00:00.0395592.
2018-11-13 00:02:50,133 9634   INFO  [463169] Started processing user request. Id = 463169fa-ce75-4ec5-bb5e-a482b7475130. Size = 32.48 KB.
2018-11-13 00:02:50,141 9642   INFO  [297ddc] Finished processing user request with id = 297ddcc9-54a2-4c9a-9831-13f69f4abf31 in 00:00:00.0441512.
2018-11-13 00:02:50,143 9644   INFO  [463169] Doing some complicated stuff.. Random numbers are: 84625658, 485734842, 1983776021.
2018-11-13 00:02:50,159 9660   INFO  [463169] Here's some useful guids:
		8db2c9cd-fe42-49e3-9f26-be0a2766f602
		90892b19-02a4-4442-b0cd-095dc732b560
2018-11-13 00:02:50,172 9673   INFO  [73c09a] Started processing user request. Id = 73c09a6a-3091-401b-a89b-eb816de67a5a. Size = 88.88 KB.
2018-11-13 00:02:50,177 9678   INFO  [73c09a] Doing some complicated stuff.. Random numbers are: 824162406, 1758178910, 1635040107.
2018-11-13 00:02:50,188 9689   INFO  [463169] Finished processing user request with id = 463169fa-ce75-4ec5-bb5e-a482b7475130 in 00:00:00.0547639.
2018-11-13 00:02:50,202 9703   INFO  [071419] Started processing user request. Id = 07141941-e09b-4ee3-b4c0-66cbf26cfc39. Size = 58.12 KB.
2018-11-13 00:02:50,204 9705   INFO  [071419] Doing some complicated stuff.. Random numbers are: 805844645, 1784392261, 1909637101.
2018-11-13 00:02:50,208 9709   INFO  [BackgroundDaemon] Processing data (89% completed)..
2018-11-13 00:02:50,208 9709   INFO  [BackgroundDaemon] Finished iteration in 00:00:00.1949368.
2018-11-13 00:02:50,209 9710   INFO  [73c09a] Here's some useful guids:
		bd38735e-375a-4fe0-8015-38bd8684c2a9
2018-11-13 00:02:50,219 9720   INFO  [73c09a] Finished processing user request with id = 73c09a6a-3091-401b-a89b-eb816de67a5a in 00:00:00.0465180.
2018-11-13 00:02:50,250 9752   INFO  [9a18b7] Started processing user request. Id = 9a18b7d5-c39c-4c96-be54-d44045df52e1. Size = 73.5 KB.
2018-11-13 00:02:50,255 9757   INFO  [071419] Finished processing user request with id = 07141941-e09b-4ee3-b4c0-66cbf26cfc39 in 00:00:00.0538489.
2018-11-13 00:02:50,257 9759   INFO  [9a18b7] Doing some complicated stuff.. Random numbers are: 1156634238, 2074333920, 1260143126.
2018-11-13 00:02:50,265 9766   INFO  [cc6df6] Started processing user request. Id = cc6df6b7-3a96-474e-b816-9b602c4573c8. Size = 84.68 KB.
2018-11-13 00:02:50,267 9768   INFO  [cc6df6] Doing some complicated stuff.. Random numbers are: 9144961, 1724518300, 1665708373.
2018-11-13 00:02:50,269 9770   INFO  [290173] Started processing user request. Id = 2901733c-db5b-40c5-ae18-313e6d4abdab. Size = 34.91 KB.
2018-11-13 00:02:50,269 9770   INFO  [290173] Doing some complicated stuff.. Random numbers are: 1524793345, 1784950978, 1664389841.
2018-11-13 00:02:50,292 9793   INFO  [cc6df6] Here's some useful guids:
		28cf0c3b-9194-4bea-89d5-f967fc12ff8b
		e3464f1a-1599-44ce-9d5e-9ba615c2efce
2018-11-13 00:02:50,302 9803   INFO  [Metrics] Cpu: 6.26%; Memory: 19.78 GB/31.88 GB; Workers: 4/1024; IOCP: 0/1024
2018-11-13 00:02:50,305 9806   INFO  [290173] Here's some useful guids:
		cf3a12ac-2460-4317-8ac2-d2d1d1114876
2018-11-13 00:02:50,310 9811   INFO  [cc6df6] Finished processing user request with id = cc6df6b7-3a96-474e-b816-9b602c4573c8 in 00:00:00.0449955.
2018-11-13 00:02:50,311 9812   INFO  [290173] Finished processing user request with id = 2901733c-db5b-40c5-ae18-313e6d4abdab in 00:00:00.0419175.
2018-11-13 00:02:50,317 9818   INFO  [9a18b7] Finished processing user request with id = 9a18b7d5-c39c-4c96-be54-d44045df52e1 in 00:00:00.0661671.
2018-11-13 00:02:50,324 9825   INFO  [c48451] Started processing user request. Id = c484510e-6642-488c-91d4-dbd07ce83745. Size = 96.49 KB.
2018-11-13 00:02:50,336 9837   INFO  [c48451] Doing some complicated stuff.. Random numbers are: 1792441600, 1322388723, 1465167292.
2018-11-13 00:02:50,348 9849   INFO  [ac4d0b] Started processing user request. Id = ac4d0b06-c4dc-42fb-a7b2-3f77465c253a. Size = 28.93 KB.
2018-11-13 00:02:50,363 9864   INFO  [ac4d0b] Doing some complicated stuff.. Random numbers are: 574052147, 399036738, 340427863.
2018-11-13 00:02:50,366 9867   INFO  [c48451] Finished processing user request with id = c484510e-6642-488c-91d4-dbd07ce83745 in 00:00:00.0425574.
2018-11-13 00:02:50,380 9881   INFO  [e75666] Started processing user request. Id = e7566627-7caf-428c-83a4-402c717eb167. Size = 49.03 KB.
2018-11-13 00:02:50,388 9889   INFO  [e75666] Doing some complicated stuff.. Random numbers are: 1359008706, 85124039, 784571327.
2018-11-13 00:02:50,400 9901   INFO  [ac4d0b] Here's some useful guids:
		32e938dc-b6e6-4444-a650-18ac6b3d7426
		8ecb4aac-b87d-4230-8e1c-d1aa9479e62c
2018-11-13 00:02:50,400 9901   ERROR [ac4d0b] 
System.InvalidOperationException: Oh no! An error occurred!
2018-11-13 00:02:50,408 9909   INFO  [BackgroundDaemon] Starting iteration #15458.
2018-11-13 00:02:50,412 9913   INFO  [e75666] Here's some useful guids:
		cc235774-afba-4bd2-ba9a-f27236855271
		8905b138-55a2-4334-87bd-d824f2c6acf4
		0ebff62d-4a4c-4349-adb8-10229e76714a
2018-11-13 00:02:50,422 9923   INFO  [e75666] Finished processing user request with id = e7566627-7caf-428c-83a4-402c717eb167 in 00:00:00.0418263.
2018-11-13 00:02:50,432 9933   INFO  [51973b] Started processing user request. Id = 51973b9e-378c-4e82-92e1-aa09d94eae22. Size = 37.51 KB.
2018-11-13 00:02:50,435 9936   INFO  [9c4f82] Started processing user request. Id = 9c4f827a-60e0-49b5-9e57-f0183e916d05. Size = 57.14 KB.
2018-11-13 00:02:50,437 9938   INFO  [51973b] Doing some complicated stuff.. Random numbers are: 661498062, 341809635, 1696191285.
2018-11-13 00:02:50,445 9946   INFO  [9c4f82] Doing some complicated stuff.. Random numbers are: 1199375268, 1921484149, 1039586403.
2018-11-13 00:02:50,450 9951   INFO  [9c4f82] Here's some useful guids:
		446accbb-916c-420e-9a25-3b5a215caa0d
		7560f900-d8ea-4a3c-ac60-f268cb703af1
		ffa4c9f1-8894-40ff-8e34-9dbf4cac3868
		66f37779-ece8-4e28-b05e-5d4d122fc971
2018-11-13 00:02:50,453 9954   INFO  [BackgroundDaemon] Processing data (5% completed)..
2018-11-13 00:02:50,471 9972   INFO  [9c4f82] Finished processing user request with id = 9c4f827a-60e0-49b5-9e57-f0183e916d05 in 00:00:00.0356546.
2018-11-13 00:02:50,474 9975   INFO  [51973b] Finished processing user request with id = 51973b9e-378c-4e82-92e1-aa09d94eae22 in 00:00:00.0419102.
2018-11-13 00:02:50,477 9978   INFO  [e2b023] Started processing user request. Id = e2b023a1-7648-46ed-87db-4d11edf6ba8b. Size = 78.43 KB.
2018-11-13 00:02:50,484 9985   INFO  [253915] Started processing user request. Id = 25391501-aba9-4ac3-83e6-4621c049ecf8. Size = 32.77 KB.
2018-11-13 00:02:50,486 9987   INFO  [e2b023] Doing some complicated stuff.. Random numbers are: 616068100, 1952517735, 2111659792.
2018-11-13 00:02:50,495 9996   INFO  [253915] Doing some complicated stuff.. Random numbers are: 561735793, 2014545304, 1570773234.
2018-11-13 00:02:50,505 10006  INFO  [b39194] Started processing user request. Id = b3919463-842a-4a18-9680-b6251ad28ea1. Size = 28.96 KB.
2018-11-13 00:02:50,506 10007  INFO  [e2b023] Here's some useful guids:
		9e75bf69-5690-4f41-8e6a-4a6cbe9f3b0a
2018-11-13 00:02:50,515 10016  INFO  [b39194] Doing some complicated stuff.. Random numbers are: 1768492908, 349421518, 1288389066.
2018-11-13 00:02:50,523 10024  INFO  [e2b023] Finished processing user request with id = e2b023a1-7648-46ed-87db-4d11edf6ba8b in 00:00:00.0461558.
2018-11-13 00:02:50,537 10038  INFO  [b39194] Finished processing user request with id = b3919463-842a-4a18-9680-b6251ad28ea1 in 00:00:00.0320101.
2018-11-13 00:02:50,544 10045  INFO  [BackgroundDaemon] Processing data (47% completed)..
2018-11-13 00:02:50,556 10057  INFO  [253915] Finished processing user request with id = 25391501-aba9-4ac3-83e6-4621c049ecf8 in 00:00:00.0721303.
2018-11-13 00:02:50,569 10070  INFO  [a11462] Started processing user request. Id = a1146231-f00a-4b54-81c1-72f36ce76862. Size = 9.52 KB.
2018-11-13 00:02:50,570 10071  INFO  [988c10] Started processing user request. Id = 988c10cf-9587-40da-81e9-88fe3349a8c4. Size = 68.01 KB.
2018-11-13 00:02:50,578 10079  INFO  [BackgroundDaemon] Processing data (73% completed)..
2018-11-13 00:02:50,578 10079  INFO  [BackgroundDaemon] Finished iteration in 00:00:00.1704106.
2018-11-13 00:02:50,582 10083  INFO  [988c10] Doing some complicated stuff.. Random numbers are: 483612784, 234714196, 500953260.
2018-11-13 00:02:50,586 10087  INFO  [a11462] Doing some complicated stuff.. Random numbers are: 1068639586, 538697482, 1720059721.
2018-11-13 00:02:50,611 10112  ERROR [988c10] 
System.InvalidOperationException: Oh no! An error occurred!
2018-11-13 00:02:50,617 10118  INFO  [a11462] Here's some useful guids:
		a0630635-7696-448f-affd-1473f6e9cc4a
		7513849b-31ba-4e0c-adc2-773700579802
		820560df-cb29-46cc-99ff-c00957111a26
		1e1707c4-0c39-42be-b26e-1240da5fae6c
		f01b4b4e-273f-4ea2-be66-90b563dabec0
2018-11-13 00:02:50,624 10125  INFO  [2b94d4] Started processing user request. Id = 2b94d456-3055-4be2-a972-79271847d7a0. Size = 33.83 KB.
2018-11-13 00:02:50,630 10131  INFO  [2b94d4] Doing some complicated stuff.. Random numbers are: 920976284, 865663841, 160793399.
2018-11-13 00:02:50,636 10137  INFO  [a11462] Finished processing user request with id = a1146231-f00a-4b54-81c1-72f36ce76862 in 00:00:00.0671539.
2018-11-13 00:02:50,663 10164  INFO  [2b94d4] Finished processing user request with id = 2b94d456-3055-4be2-a972-79271847d7a0 in 00:00:00.0390425.
2018-11-13 00:02:50,668 10169  INFO  [6512be] Started processing user request. Id = 6512be07-f014-449f-8c00-638ca321ae1b. Size = 22.11 KB.
2018-11-13 00:02:50,677 10178  INFO  [6459a0] Started processing user request. Id = 6459a0c1-bc7f-45e4-ba83-1f716346d0fa. Size = 72.97 KB.
2018-11-13 00:02:50,684 10186  INFO  [6459a0] Doing some complicated stuff.. Random numbers are: 1105272905, 1274439846, 1302435552.
2018-11-13 00:02:50,685 10187  INFO  [6512be] Doing some complicated stuff.. Random numbers are: 1385132536, 1123415401, 973436384.
2018-11-13 00:02:50,691 10192  INFO  [f371a8] Started processing user request. Id = f371a8eb-e3eb-484f-b34a-4c84ca21396b. Size = 21.23 KB.
2018-11-13 00:02:50,699 10200  INFO  [f371a8] Doing some complicated stuff.. Random numbers are: 1403785322, 2083814779, 807065702.
2018-11-13 00:02:50,707 10208  INFO  [6512be] Finished processing user request with id = 6512be07-f014-449f-8c00-638ca321ae1b in 00:00:00.0384264.
2018-11-13 00:02:50,724 10225  INFO  [6459a0] Here's some useful guids:
		257da15e-6a74-48d9-b034-ec8c94f679e7
		0ef930e4-4d94-43eb-aa56-5934045f7b0b
		7ee72de9-6f15-4e25-b1a8-8dc6c479c9c4
		935464ec-bcb7-4899-95a8-c50c224d6daf
		fca712ba-ca1b-49f6-ba3a-3e0708dd8f47
2018-11-13 00:02:50,739 10240  INFO  [b1da0a] Started processing user request. Id = b1da0a64-dee0-4ef7-90bf-2e861d9e84e0. Size = 18.04 KB.
2018-11-13 00:02:50,745 10246  INFO  [f371a8] Finished processing user request with id = f371a8eb-e3eb-484f-b34a-4c84ca21396b in 00:00:00.0540043.
2018-11-13 00:02:50,753 10254  INFO  [6459a0] Finished processing user request with id = 6459a0c1-bc7f-45e4-ba83-1f716346d0fa in 00:00:00.0754751.
2018-11-13 00:02:50,753 10254  INFO  [b1da0a] Doing some complicated stuff.. Random numbers are: 1581598704, 2141805787, 2144435087.
2018-11-13 00:02:50,767 10268  INFO  [d985b5] Started processing user request. Id = d985b5fd-3794-430c-9fc5-0b4f2261ad62. Size = 68.18 KB.
2018-11-13 00:02:50,774 10275  INFO  [d985b5] Doing some complicated stuff.. Random numbers are: 806468251, 2007515435, 1264218597.
2018-11-13 00:02:50,779 10280  INFO  [BackgroundDaemon] Starting iteration #15459.
2018-11-13 00:02:50,798 10299  INFO  [b1da0a] Finished processing user request with id = b1da0a64-dee0-4ef7-90bf-2e861d9e84e0 in 00:00:00.0590629.
2018-11-13 00:02:50,801 10302  INFO  [d985b5] Finished processing user request with id = d985b5fd-3794-430c-9fc5-0b4f2261ad62 in 00:00:00.0340156.
2018-11-13 00:02:50,802 10303  INFO  [Metrics] Cpu: 3.81%; Memory: 19.78 GB/31.88 GB; Workers: 4/1024; IOCP: 0/1024
2018-11-13 00:02:50,815 10316  INFO  [a1ac57] Started processing user request. Id = a1ac5702-6eb2-4e77-9002-3c68d67dadd7. Size = 36.31 KB.
2018-11-13 00:02:50,822 10323  INFO  [a1ac57] Doing some complicated stuff.. Random numbers are: 1598803623, 1514230179, 812284568.
2018-11-13 00:02:50,825 10326  INFO  [BackgroundDaemon] Processing data (7% completed)..
2018-11-13 00:02:50,826 10327  INFO  [a1ac57] Here's some useful guids:
		f57e5f33-19b1-4cf5-8557-3511ba000f60
		25733df1-f729-4501-94cb-4f65973ae449
		3a6df44f-4707-42f1-910f-d7c66aac5f35
2018-11-13 00:02:50,829 10330  INFO  [b1a73d] Started processing user request. Id = b1a73dc9-71fc-4252-a2a7-faa921dcc620. Size = 56.3 KB.
2018-11-13 00:02:50,842 10343  INFO  [b1a73d] Doing some complicated stuff.. Random numbers are: 211284790, 1097815511, 753218905.
2018-11-13 00:02:50,852 10353  ERROR [a1ac57] 
System.InvalidOperationException: Oh no! An error occurred!
2018-11-13 00:02:50,852 10353  INFO  [b1a73d] Here's some useful guids:
		3c640eca-4cd1-425c-aa50-d5875d6e6ed8
2018-11-13 00:02:50,864 10365  INFO  [b1a73d] Finished processing user request with id = b1a73dc9-71fc-4252-a2a7-faa921dcc620 in 00:00:00.0349218.
2018-11-13 00:02:50,865 10366  INFO  [3b1af6] Started processing user request. Id = 3b1af6d6-f9bd-408b-8f09-24d5ab330f75. Size = 45.08 KB.
2018-11-13 00:02:50,876 10377  INFO  [3b1af6] Doing some complicated stuff.. Random numbers are: 749185458, 1348184281, 1213634993.
2018-11-13 00:02:50,884 10385  INFO  [BackgroundDaemon] Processing data (35% completed)..
2018-11-13 00:02:50,895 10396  INFO  [5c3b3c] Started processing user request. Id = 5c3b3cd6-cfa5-4d8e-8c18-93ddfa01ddf8. Size = 47.4 KB.
2018-11-13 00:02:50,906 10407  INFO  [5c3b3c] Doing some complicated stuff.. Random numbers are: 1722072352, 2114539597, 1269592083.
2018-11-13 00:02:50,912 10413  INFO  [6bb23c] Started processing user request. Id = 6bb23cc8-d486-4d35-8d48-4c6b0a45f877. Size = 31.42 KB.
2018-11-13 00:02:50,913 10414  INFO  [BackgroundDaemon] Processing data (54% completed)..
2018-11-13 00:02:50,913 10414  INFO  [BackgroundDaemon] Finished iteration in 00:00:00.1342029.
2018-11-13 00:02:50,913 10414  INFO  [3b1af6] Here's some useful guids:
		8ff75c16-22b7-4525-88f8-40c43f671bb1
		17bfce9a-9c82-425b-9577-5ecb973da13a
		65847875-f466-49cd-acaa-b1c936ea3b72
		70fe8193-c6c9-4cb9-96bb-704d82783e6c
		e79543e2-6bf8-46fe-9f75-20347d80eb73
2018-11-13 00:02:50,916 10417  ERROR [3b1af6] 
System.InvalidOperationException: Oh no! An error occurred!
2018-11-13 00:02:50,922 10423  INFO  [6bb23c] Doing some complicated stuff.. Random numbers are: 1555495235, 1388198456, 1131899958.
2018-11-13 00:02:50,930 10431  INFO  [f5aea6] Started processing user request. Id = f5aea667-6da2-4ee4-9ca0-c407da383e26. Size = 24.43 KB.
2018-11-13 00:02:50,935 10436  INFO  [5c3b3c] Finished processing user request with id = 5c3b3cd6-cfa5-4d8e-8c18-93ddfa01ddf8 in 00:00:00.0401492.
2018-11-13 00:02:50,943 10444  INFO  [f5aea6] Doing some complicated stuff.. Random numbers are: 604489260, 397094879, 1308462520.
2018-11-13 00:02:50,967 10468  INFO  [ddcdb5] Started processing user request. Id = ddcdb528-3dea-4560-8ff4-a32cba401c8f. Size = 93.47 KB.
2018-11-13 00:02:50,968 10469  ERROR [6bb23c] 
System.InvalidOperationException: Oh no! An error occurred!
2018-11-13 00:02:50,974 10475  INFO  [ddcdb5] Doing some complicated stuff.. Random numbers are: 1913141112, 1335496137, 1599422281.
2018-11-13 00:02:50,975 10476  INFO  [f5aea6] Finished processing user request with id = f5aea667-6da2-4ee4-9ca0-c407da383e26 in 00:00:00.0452468.
2018-11-13 00:02:50,983 10484  INFO  [ddcdb5] Here's some useful guids:
		77bcec1c-afcd-4f55-b2d2-e45be4c94001
2018-11-13 00:02:50,988 10489  INFO  [982d25] Started processing user request. Id = 982d2570-253b-41dd-bd43-6d4b64850b3a. Size = 82.46 KB.
2018-11-13 00:02:50,994 10495  INFO  [ddcdb5] Finished processing user request with id = ddcdb528-3dea-4560-8ff4-a32cba401c8f in 00:00:00.0273615.
2018-11-13 00:02:50,995 10496  INFO  [982d25] Doing some complicated stuff.. Random numbers are: 973233677, 1865434607, 498652721.
2018-11-13 00:02:51,025 10526  INFO  [982d25] Here's some useful guids:
		a00f595d-d15e-4541-b08d-187f22b59046
		03b7b555-35e0-4d7e-b94d-70f46be59781
		40f0f718-a126-4308-844c-951a42308198
		3cd8f7e0-ceb3-41bf-83bb-de382fed868b
		b74fad4b-8c8e-4f54-9357-00266c3627b4
2018-11-13 00:02:51,026 10527  INFO  [954631] Started processing user request. Id = 9546312f-9931-4f9f-a0a9-ec4c1fc0e3d0. Size = 48.98 KB.
2018-11-13 00:02:51,038 10539  INFO  [954631] Doing some complicated stuff.. Random numbers are: 644673280, 389532692, 1902764441.
2018-11-13 00:02:51,045 10546  INFO  [982d25] Finished processing user request with id = 982d2570-253b-41dd-bd43-6d4b64850b3a in 00:00:00.0569758.
2018-11-13 00:02:51,059 10560  INFO  [df756d] Started processing user request. Id = df756d70-785f-4903-a487-4a9443d39fcf. Size = 47.18 KB.
2018-11-13 00:02:51,066 10567  INFO  [df756d] Doing some complicated stuff.. Random numbers are: 1159269752, 1304718261, 45148015.
2018-11-13 00:02:51,076 10577  INFO  [954631] Finished processing user request with id = 9546312f-9931-4f9f-a0a9-ec4c1fc0e3d0 in 00:00:00.0500431.
2018-11-13 00:02:51,098 10599  INFO  [df756d] Finished processing user request with id = df756d70-785f-4903-a487-4a9443d39fcf in 00:00:00.0390073.
2018-11-13 00:02:51,108 10609  INFO  [3b2ecd] Started processing user request. Id = 3b2ecd97-82ad-4ff0-a392-061f716d1be3. Size = 53.9 KB.
2018-11-13 00:02:51,112 10613  INFO  [d3b56a] Started processing user request. Id = d3b56a72-9bfe-419e-b952-1afd8b102fdd. Size = 79.54 KB.
2018-11-13 00:02:51,112 10613  INFO  [d3b56a] Doing some complicated stuff.. Random numbers are: 390395187, 290809207, 1121322215.
2018-11-13 00:02:51,113 10614  INFO  [BackgroundDaemon] Starting iteration #15460.
2018-11-13 00:02:51,117 10618  INFO  [3b2ecd] Doing some complicated stuff.. Random numbers are: 737754674, 573997661, 1860625569.
2018-11-13 00:02:51,135 10636  INFO  [403560] Started processing user request. Id = 40356036-a9d2-4911-be58-b69126bc1eaa. Size = 17.93 KB.
2018-11-13 00:02:51,146 10647  INFO  [d3b56a] Here's some useful guids:
		36bf7875-f773-469b-ac96-59125d47ec0f
		ac7be41e-a8d0-4a16-a5ea-fcccd03771c1
		c3a98c07-5471-4c80-93cd-3c7f4a37bdb1
		4e84264a-d931-44f3-a596-5f5763bd43b0
2018-11-13 00:02:51,148 10649  INFO  [d3b56a] Finished processing user request with id = d3b56a72-9bfe-419e-b952-1afd8b102fdd in 00:00:00.0359115.
2018-11-13 00:02:51,149 10650  INFO  [403560] Doing some complicated stuff.. Random numbers are: 645424579, 1976745750, 1350901311.
2018-11-13 00:02:51,159 10660  INFO  [BackgroundDaemon] Processing data (2% completed)..
2018-11-13 00:02:51,162 10663  INFO  [4ec731] Started processing user request. Id = 4ec731fd-1397-4253-80f6-2c91c84283f0. Size = 9.4 KB.
2018-11-13 00:02:51,170 10671  INFO  [4ec731] Doing some complicated stuff.. Random numbers are: 955199818, 659429406, 257531393.
2018-11-13 00:02:51,179 10680  INFO  [3b2ecd] Finished processing user request with id = 3b2ecd97-82ad-4ff0-a392-061f716d1be3 in 00:00:00.0709541.
2018-11-13 00:02:51,186 10687  INFO  [403560] Finished processing user request with id = 40356036-a9d2-4911-be58-b69126bc1eaa in 00:00:00.0505305.
2018-11-13 00:02:51,209 10710  INFO  [4ec731] Finished processing user request with id = 4ec731fd-1397-4253-80f6-2c91c84283f0 in 00:00:00.0470640.
2018-11-13 00:02:51,211 10712  INFO  [7363da] Started processing user request. Id = 7363da53-5917-4ee2-a76f-8d84fb503ee6. Size = 74.99 KB.
2018-11-13 00:02:51,214 10715  INFO  [7363da] Doing some complicated stuff.. Random numbers are: 944920073, 736028468, 962529711.
2018-11-13 00:02:51,223 10724  INFO  [429efa] Started processing user request. Id = 429efabc-1d75-4a13-9681-84b40979d58e. Size = 11.45 KB.
2018-11-13 00:02:51,236 10737  INFO  [BackgroundDaemon] Processing data (44% completed)..
2018-11-13 00:02:51,241 10742  INFO  [429efa] Doing some complicated stuff.. Random numbers are: 1000105271, 1938308634, 1635198392.
2018-11-13 00:02:51,252 10753  INFO  [7363da] Finished processing user request with id = 7363da53-5917-4ee2-a76f-8d84fb503ee6 in 00:00:00.0410636.
2018-11-13 00:02:51,281 10782  INFO  [BackgroundDaemon] Processing data (58% completed)..
2018-11-13 00:02:51,281 10782  INFO  [BackgroundDaemon] Finished iteration in 00:00:00.1683347.
2018-11-13 00:02:51,283 10784  INFO  [6407dc] Started processing user request. Id = 6407dc62-00c7-4cf4-a404-e3bcad6709f3. Size = 4.46 KB.
2018-11-13 00:02:51,291 10792  INFO  [6407dc] Doing some complicated stuff.. Random numbers are: 654568607, 2075702107, 178142366.
2018-11-13 00:02:51,292 10793  INFO  [429efa] Finished processing user request with id = 429efabc-1d75-4a13-9681-84b40979d58e in 00:00:00.0687750.
2018-11-13 00:02:51,301 10803  INFO  [Metrics] Cpu: 3.81%; Memory: 19.77 GB/31.88 GB; Workers: 4/1024; IOCP: 0/1024
2018-11-13 00:02:51,305 10807  INFO  [86ee76] Started processing user request. Id = 86ee76f7-b623-4a5c-a746-4162b7667ed4. Size = 5.76 KB.
2018-11-13 00:02:51,311 10813  INFO  [86ee76] Doing some complicated stuff.. Random numbers are: 1457977733, 2172859, 1465089904.
2018-11-13 00:02:51,323 10825  INFO  [6407dc] Here's some useful guids:
		cbb12e50-3a55-4eed-a3a2-e0b47f61f3f7
		e0b3371d-cea5-4ac9-a6b9-411c51c1d81a
		eea24a75-8a7e-4b57-9b42-6128075939f4
		5e060346-4637-456c-938e-b370b35b4e7b
		88d5b3e8-1aff-409d-8bab-b6cdc7f45278
2018-11-13 00:02:51,340 10841  INFO  [6407dc] Finished processing user request with id = 6407dc62-00c7-4cf4-a404-e3bcad6709f3 in 00:00:00.0560908.
2018-11-13 00:02:51,351 10852  INFO  [86ee76] Here's some useful guids:
		ac89efb8-937b-4c61-b9d8-3a6d7d646267
		642764db-524a-4a2a-a37e-e1927a26ec39
2018-11-13 00:02:51,353 10854  INFO  [833eba] Started processing user request. Id = 833ebaa4-69db-48f0-a67a-a8bca81e70cc. Size = 19.37 KB.
2018-11-13 00:02:51,366 10867  INFO  [833eba] Doing some complicated stuff.. Random numbers are: 1275620127, 1388168126, 1926157631.
2018-11-13 00:02:51,370 10871  INFO  [86ee76] Finished processing user request with id = 86ee76f7-b623-4a5c-a746-4162b7667ed4 in 00:00:00.0641704.
2018-11-13 00:02:51,371 10872  INFO  [a1f7cc] Started processing user request. Id = a1f7cc88-f899-4ab5-95c1-a88b8fdcefc7. Size = 34.91 KB.
2018-11-13 00:02:51,377 10878  INFO  [833eba] Here's some useful guids:
		e8efd830-7b75-48b7-85d4-a48deb70a196
		815285a1-2ce4-47af-aae7-e15776c4f1cb
		0324a4de-ee2a-4712-81a5-9136efdd1e3e
		88e75853-a375-4d06-937a-e960147a83c9
2018-11-13 00:02:51,384 10885  INFO  [261d47] Started processing user request. Id = 261d47d1-4b9f-40fc-a110-6112e64e8815. Size = 91.38 KB.
2018-11-13 00:02:51,384 10885  INFO  [261d47] Doing some complicated stuff.. Random numbers are: 266526336, 64451333, 119596974.
2018-11-13 00:02:51,390 10891  INFO  [a1f7cc] Doing some complicated stuff.. Random numbers are: 1617221559, 1332112031, 1339235232.
2018-11-13 00:02:51,391 10892  INFO  [833eba] Finished processing user request with id = 833ebaa4-69db-48f0-a67a-a8bca81e70cc in 00:00:00.0379326.
2018-11-13 00:02:51,425 10926  INFO  [261d47] Finished processing user request with id = 261d47d1-4b9f-40fc-a110-6112e64e8815 in 00:00:00.0411049.
2018-11-13 00:02:51,433 10934  INFO  [a1f7cc] Finished processing user request with id = a1f7cc88-f899-4ab5-95c1-a88b8fdcefc7 in 00:00:00.0623300.
2018-11-13 00:02:51,438 10939  INFO  [cd4818] Started processing user request. Id = cd4818de-dc8a-4836-afa0-5a2902d37a43. Size = 2.28 KB.
2018-11-13 00:02:51,446 10947  INFO  [cd4818] Doing some complicated stuff.. Random numbers are: 1314732768, 941440309, 1073365969.
2018-11-13 00:02:51,464 10965  INFO  [589ce1] Started processing user request. Id = 589ce165-66ff-41ad-b405-81f28cf36097. Size = 10.1 KB.
2018-11-13 00:02:51,464 10965  INFO  [589ce1] Doing some complicated stuff.. Random numbers are: 1664694075, 1900717629, 649798872.
2018-11-13 00:02:51,464 10965  INFO  [589ce1] Here's some useful guids:
		51d5b0f4-b04f-4066-b0dd-11395d4d849e
		44b6289e-a33d-487a-987e-bbd820414516
2018-11-13 00:02:51,476 10977  INFO  [589ce1] Finished processing user request with id = 589ce165-66ff-41ad-b405-81f28cf36097 in 00:00:00.0120959.
2018-11-13 00:02:51,482 10983  INFO  [BackgroundDaemon] Starting iteration #15461.
2018-11-13 00:02:51,483 10984  INFO  [cd4818] Here's some useful guids:
		492666ab-1824-41ef-bb71-e34cec09861d
		3fc1f70e-f5d2-4b6f-80e6-06f6e0c5c411
		3bc85540-94e8-40e7-b6fd-2a76c2d2a825
		af2e83de-3226-4496-b283-7324fc8dae98
2018-11-13 00:02:51,493 10994  INFO  [cd4818] Finished processing user request with id = cd4818de-dc8a-4836-afa0-5a2902d37a43 in 00:00:00.0546448.
2018-11-13 00:02:51,506 11007  INFO  [c74c1a] Started processing user request. Id = c74c1ab9-691f-464e-ab75-e1995e62cd6f. Size = 41.25 KB.
2018-11-13 00:02:51,508 11009  INFO  [fb4685] Started processing user request. Id = fb4685cd-6861-4a54-be92-006ba8873a08. Size = 13.85 KB.
2018-11-13 00:02:51,514 11015  INFO  [c74c1a] Doing some complicated stuff.. Random numbers are: 1939994501, 360266649, 856815397.
2018-11-13 00:02:51,517 11018  INFO  [fb4685] Doing some complicated stuff.. Random numbers are: 1168626128, 1685880829, 1178641853.
2018-11-13 00:02:51,554 11055  INFO  [BackgroundDaemon] Processing data (8% completed)..
2018-11-13 00:02:51,558 11059  INFO  [8bac90] Started processing user request. Id = 8bac9013-1c33-4c13-aa8b-e77e785dd6e7. Size = 3.33 KB.
2018-11-13 00:02:51,566 11067  INFO  [c74c1a] Finished processing user request with id = c74c1ab9-691f-464e-ab75-e1995e62cd6f in 00:00:00.0595186.
2018-11-13 00:02:51,567 11068  INFO  [fb4685] Finished processing user request with id = fb4685cd-6861-4a54-be92-006ba8873a08 in 00:00:00.0585342.
2018-11-13 00:02:51,567 11068  INFO  [8bac90] Doing some complicated stuff.. Random numbers are: 599960179, 2052345354, 455858614.
2018-11-13 00:02:51,567 11068  INFO  [8bac90] Here's some useful guids:
		0adea60b-f4c9-46e2-a4de-f4ba69dad905
		468b267b-8952-4211-9940-31fd0ac6fd20
		16e32a77-deb5-48f4-8ddb-07226e2c52df
		614cb6ad-65eb-47a7-9a78-094a41ffd39d
		85fd6db3-72fe-47be-98a3-e38e450a1080
2018-11-13 00:02:51,570 11071  INFO  [8bac90] Finished processing user request with id = 8bac9013-1c33-4c13-aa8b-e77e785dd6e7 in 00:00:00.0120164.
2018-11-13 00:02:51,580 11081  INFO  [bfbc5d] Started processing user request. Id = bfbc5d33-2322-49ad-b60c-d722aa0674e6. Size = 65.55 KB.
2018-11-13 00:02:51,590 11091  INFO  [bfbc5d] Doing some complicated stuff.. Random numbers are: 318508897, 1796735172, 723622993.
2018-11-13 00:02:51,599 11100  INFO  [b3ef04] Started processing user request. Id = b3ef040a-97e2-4a8a-93db-ec59ba6dae8c. Size = 33.05 KB.
2018-11-13 00:02:51,605 11106  INFO  [bfbc5d] Here's some useful guids:
		551ee7ef-30b1-4021-a95d-a680e328a717
		93d39cf3-a5e4-4f67-b200-44c2262ec3b5
		eba85ec6-2642-4cac-a6ad-6a079a5a7d35
		db3dbe98-e47d-415f-a978-b3e15fb2b6a9
2018-11-13 00:02:51,610 11111  INFO  [b3ef04] Doing some complicated stuff.. Random numbers are: 1997204324, 2061691584, 654346904.
2018-11-13 00:02:51,635 11136  INFO  [bfbc5d] Finished processing user request with id = bfbc5d33-2322-49ad-b60c-d722aa0674e6 in 00:00:00.0551137.
2018-11-13 00:02:51,649 11150  INFO  [10efb6] Started processing user request. Id = 10efb602-2491-4de4-8b81-91b03c3ef142. Size = 40.24 KB.
2018-11-13 00:02:51,651 11152  INFO  [b3ef04] Finished processing user request with id = b3ef040a-97e2-4a8a-93db-ec59ba6dae8c in 00:00:00.0518633.
2018-11-13 00:02:51,651 11152  INFO  [BackgroundDaemon] Processing data (49% completed)..
2018-11-13 00:02:51,659 11160  INFO  [10efb6] Doing some complicated stuff.. Random numbers are: 454857386, 2140670048, 1251617739.
2018-11-13 00:02:51,682 11183  INFO  [17b29b] Started processing user request. Id = 17b29bd3-36fa-4541-91b9-7aaa727e69ef. Size = 51.52 KB.
2018-11-13 00:02:51,684 11185  INFO  [10efb6] Here's some useful guids:
		90c084aa-a473-40c4-95a1-af9a4e766c90
		4158a127-3a54-40e4-94f6-bc97fd4c59fb
		ce19dcfd-b897-4ccd-bf22-5c267d51a8db
2018-11-13 00:02:51,698 11199  INFO  [17b29b] Doing some complicated stuff.. Random numbers are: 861024528, 1683991833, 1332058114.
2018-11-13 00:02:51,708 11209  INFO  [10efb6] Finished processing user request with id = 10efb602-2491-4de4-8b81-91b03c3ef142 in 00:00:00.0594635.
2018-11-13 00:02:51,715 11216  INFO  [BackgroundDaemon] Processing data (68% completed)..
2018-11-13 00:02:51,715 11216  INFO  [BackgroundDaemon] Finished iteration in 00:00:00.2329764.
2018-11-13 00:02:51,720 11221  INFO  [17b29b] Finished processing user request with id = 17b29bd3-36fa-4541-91b9-7aaa727e69ef in 00:00:00.0376126.
2018-11-13 00:02:51,721 11222  INFO  [ae3e53] Started processing user request. Id = ae3e5374-ed24-40f5-89a9-38b4a78e1efa. Size = 8.39 KB.
2018-11-13 00:02:51,730 11231  INFO  [ae3e53] Doing some complicated stuff.. Random numbers are: 432094938, 1748192522, 327670177.
2018-11-13 00:02:51,738 11239  INFO  [cdaf1c] Started processing user request. Id = cdaf1cb8-61c8-4cf8-b9a8-bc28b1256d50. Size = 74.57 KB.
2018-11-13 00:02:51,740 11241  INFO  [ae3e53] Finished processing user request with id = ae3e5374-ed24-40f5-89a9-38b4a78e1efa in 00:00:00.0184808.
2018-11-13 00:02:51,742 11243  INFO  [cdaf1c] Doing some complicated stuff.. Random numbers are: 186300466, 2141125772, 1076934622.
2018-11-13 00:02:51,751 11252  INFO  [ea44b1] Started processing user request. Id = ea44b1a7-9a96-45b4-b2cc-ba3adeecfd4b. Size = 45.98 KB.
2018-11-13 00:02:51,751 11252  INFO  [ea44b1] Doing some complicated stuff.. Random numbers are: 2070859428, 1513351890, 1296707109.
2018-11-13 00:02:51,754 11255  INFO  [98efca] Started processing user request. Id = 98efca64-2c47-45ae-a244-9bc1263a064b. Size = 71.17 KB.
2018-11-13 00:02:51,761 11262  INFO  [98efca] Doing some complicated stuff.. Random numbers are: 585005471, 1199816015, 976746206.
2018-11-13 00:02:51,789 11290  INFO  [cdaf1c] Finished processing user request with id = cdaf1cb8-61c8-4cf8-b9a8-bc28b1256d50 in 00:00:00.0511563.
2018-11-13 00:02:51,793 11294  INFO  [98efca] Finished processing user request with id = 98efca64-2c47-45ae-a244-9bc1263a064b in 00:00:00.0390237.
2018-11-13 00:02:51,801 11302  INFO  [ea44b1] Finished processing user request with id = ea44b1a7-9a96-45b4-b2cc-ba3adeecfd4b in 00:00:00.0498912.
2018-11-13 00:02:51,801 11302  INFO  [Metrics] Cpu: 7.91%; Memory: 19.78 GB/31.88 GB; Workers: 4/1024; IOCP: 0/1024
2018-11-13 00:02:51,807 11308  INFO  [ed73cb] Started processing user request. Id = ed73cbac-5db1-4374-a179-49447f21a11a. Size = 27.01 KB.
2018-11-13 00:02:51,809 11310  INFO  [ed73cb] Doing some complicated stuff.. Random numbers are: 912042607, 551869631, 508222453.
2018-11-13 00:02:51,832 11333  INFO  [1d0db1] Started processing user request. Id = 1d0db16c-8abc-429e-84e9-7336652a4e67. Size = 79.65 KB.
2018-11-13 00:02:51,835 11336  INFO  [1d0db1] Doing some complicated stuff.. Random numbers are: 438579706, 1492282570, 93447259.
2018-11-13 00:02:51,857 11358  INFO  [1d0db1] Here's some useful guids:
		0a324a61-569d-40e5-b4a8-0cd3ab157a69
		20ca2538-9c52-4436-ae0a-621d0b3de160
		ed37ddc6-1491-455a-8ad9-e5e7c3cfac55
		a75427c2-bf60-44fe-bf9e-bd2ddbb8efe5
		a924968d-8370-4b3f-8551-a4e7105a0fc6
2018-11-13 00:02:51,860 11361  INFO  [1d0db1] Finished processing user request with id = 1d0db16c-8abc-429e-84e9-7336652a4e67 in 00:00:00.0279812.
2018-11-13 00:02:51,866 11367  INFO  [ed73cb] Finished processing user request with id = ed73cbac-5db1-4374-a179-49447f21a11a in 00:00:00.0591198.
2018-11-13 00:02:51,879 11380  INFO  [c74131] Started processing user request. Id = c74131fe-c409-4b40-a3cf-c5048c570e9d. Size = 34.89 KB.
2018-11-13 00:02:51,885 11386  INFO  [c74131] Doing some complicated stuff.. Random numbers are: 1125742388, 235759121, 426397095.
2018-11-13 00:02:51,891 11392  INFO  [a21cb0] Started processing user request. Id = a21cb002-470b-4a61-9109-3d41d40249e7. Size = 6.32 KB.
2018-11-13 00:02:51,901 11402  INFO  [a21cb0] Doing some complicated stuff.. Random numbers are: 446964712, 1620219211, 1151476471.
2018-11-13 00:02:51,916 11417  INFO  [BackgroundDaemon] Starting iteration #15462.
2018-11-13 00:02:51,923 11424  INFO  [c74131] Finished processing user request with id = c74131fe-c409-4b40-a3cf-c5048c570e9d in 00:00:00.0441227.
2018-11-13 00:02:51,933 11434  INFO  [a21cb0] Finished processing user request with id = a21cb002-470b-4a61-9109-3d41d40249e7 in 00:00:00.0418219.
2018-11-13 00:02:51,937 11438  INFO  [6a0639] Started processing user request. Id = 6a063977-6328-4bc7-ab3b-fced9c6ca5a1. Size = 25.13 KB.
2018-11-13 00:02:51,944 11445  INFO  [6a0639] Doing some complicated stuff.. Random numbers are: 1469064995, 212457288, 1094144398.
2018-11-13 00:02:51,954 11455  INFO  [6a0639] Finished processing user request with id = 6a063977-6328-4bc7-ab3b-fced9c6ca5a1 in 00:00:00.0171008.
2018-11-13 00:02:51,956 11457  INFO  [8f619b] Started processing user request. Id = 8f619b91-4c3d-4be6-8719-cf9f3a25a1a7. Size = 74.1 KB.
2018-11-13 00:02:51,959 11460  INFO  [8f619b] Doing some complicated stuff.. Random numbers are: 6757231, 1885117780, 768724508.
2018-11-13 00:02:51,964 11465  INFO  [28dca1] Started processing user request. Id = 28dca114-5f9d-40f3-8a9d-704b0c1a5fc7. Size = 35.03 KB.
2018-11-13 00:02:51,968 11469  INFO  [0a54a1] Started processing user request. Id = 0a54a152-ca8b-427c-80c3-4ae8f19dad9a. Size = 13.5 KB.
2018-11-13 00:02:51,979 11480  INFO  [8f619b] Here's some useful guids:
		6ec0dc87-9314-4e0f-8ab2-fb7394778803
		f10239d0-02f4-43d2-bae4-98cee3ad63f4
		229213b5-9ca7-4b18-8133-08faf425ae2d
		85e79495-36c7-4551-8159-3a30a7b02e32
2018-11-13 00:02:51,981 11482  INFO  [28dca1] Doing some complicated stuff.. Random numbers are: 1107622633, 1690056080, 1912481211.
2018-11-13 00:02:51,983 11484  INFO  [BackgroundDaemon] Processing data (17% completed)..
2018-11-13 00:02:51,987 11488  INFO  [0a54a1] Doing some complicated stuff.. Random numbers are: 1625594827, 1886425247, 8943871.
2018-11-13 00:02:51,999 11501  INFO  [8f619b] Finished processing user request with id = 8f619b91-4c3d-4be6-8719-cf9f3a25a1a7 in 00:00:00.0436706.
2018-11-13 00:02:52,007 11508  INFO  [28dca1] Here's some useful guids:
		4a96d7af-3ee6-4663-81ea-7a7d2b2560ef
		85516229-28d0-4ae4-858d-2612c358d4ee
		0e98269f-6fc9-45b4-ada1-9fd07b3b8463
2018-11-13 00:02:52,023 11524  INFO  [0a54a1] Finished processing user request with id = 0a54a152-ca8b-427c-80c3-4ae8f19dad9a in 00:00:00.0548993.
2018-11-13 00:02:52,024 11525  INFO  [BackgroundDaemon] Processing data (37% completed)..
2018-11-13 00:02:52,026 11527  INFO  [28dca1] Finished processing user request with id = 28dca114-5f9d-40f3-8a9d-704b0c1a5fc7 in 00:00:00.0616590.
2018-11-13 00:02:52,037 11538  INFO  [8f1554] Started processing user request. Id = 8f15542b-b1da-4b5c-8e44-835bf35a5c45. Size = 74.04 KB.
2018-11-13 00:02:52,053 11554  INFO  [8f1554] Doing some complicated stuff.. Random numbers are: 464638597, 599090818, 1888489185.
2018-11-13 00:02:52,053 11554  INFO  [BackgroundDaemon] Processing data (59% completed)..
2018-11-13 00:02:52,053 11554  INFO  [BackgroundDaemon] Finished iteration in 00:00:00.1371284.
2018-11-13 00:02:52,057 11558  INFO  [f5d35d] Started processing user request. Id = f5d35da0-4d46-408d-be32-f46d9fc22a60. Size = 90.36 KB.
2018-11-13 00:02:52,057 11558  INFO  [f5d35d] Doing some complicated stuff.. Random numbers are: 450933630, 1940997744, 2026674883.
2018-11-13 00:02:52,072 11573  INFO  [8f1554] Here's some useful guids:
		8986ac80-d91f-4573-9ace-bb9da9dc7d86
		49fc01bb-d7df-43cf-b494-69174b743b93
		f6de0ab4-cd78-4c5a-8b11-75b98892112f
2018-11-13 00:02:52,087 11588  INFO  [f5d35d] Here's some useful guids:
		bc6f8ead-c3cb-4dc6-a494-e58e31c8c591
		7baf00cf-2a28-448b-a48c-514543021616
		9a611457-de2e-482d-a43c-cbb27190e471
		790cb46e-824a-45e6-b00d-7fd1015d7c18
		1989c63c-45bb-4e04-84af-1aec8fe447b9
2018-11-13 00:02:52,094 11595  INFO  [8f1554] Finished processing user request with id = 8f15542b-b1da-4b5c-8e44-835bf35a5c45 in 00:00:00.0569386.
2018-11-13 00:02:52,107 11608  INFO  [e9d455] Started processing user request. Id = e9d455c0-7d28-4213-a4e3-cce709e08bcc. Size = 60.39 KB.
2018-11-13 00:02:52,110 11611  INFO  [e9d455] Doing some complicated stuff.. Random numbers are: 668314904, 1840696768, 956654981.
2018-11-13 00:02:52,111 11612  INFO  [f5d35d] Finished processing user request with id = f5d35da0-4d46-408d-be32-f46d9fc22a60 in 00:00:00.0540642.
2018-11-13 00:02:52,142 11643  INFO  [9941f9] Started processing user request. Id = 9941f99e-a67a-4501-b0d1-b631d484763a. Size = 85.23 KB.
2018-11-13 00:02:52,147 11648  INFO  [e9d455] Here's some useful guids:
		350d69dc-5ef9-4f21-83f1-b26958a4927c
		29b6fdd4-9c78-47a0-8b67-17cbf7cf5b33
		cd71d39e-617a-4ebc-9355-9ffe85e958fe
2018-11-13 00:02:52,157 11658  INFO  [9941f9] Doing some complicated stuff.. Random numbers are: 1560503327, 2027416316, 1771970210.
2018-11-13 00:02:52,167 11668  INFO  [2abbe2] Started processing user request. Id = 2abbe25b-8008-4f33-b5ee-1f866a0f41ae. Size = 45.2 KB.
2018-11-13 00:02:52,173 11674  INFO  [e9d455] Finished processing user request with id = e9d455c0-7d28-4213-a4e3-cce709e08bcc in 00:00:00.0660349.
2018-11-13 00:02:52,180 11681  INFO  [2abbe2] Doing some complicated stuff.. Random numbers are: 1942881811, 589979632, 1011637542.
2018-11-13 00:02:52,186 11687  INFO  [a27e56] Started processing user request. Id = a27e567c-40a7-450f-a025-0f91cb34ca3d. Size = 54.86 KB.
2018-11-13 00:02:52,187 11688  INFO  [9941f9] Finished processing user request with id = 9941f99e-a67a-4501-b0d1-b631d484763a in 00:00:00.0452092.
2018-11-13 00:02:52,193 11694  INFO  [a27e56] Doing some complicated stuff.. Random numbers are: 998140406, 2081410638, 951675626.
2018-11-13 00:02:52,219 11720  INFO  [8eab0d] Started processing user request. Id = 8eab0d8d-e913-4733-93d6-693057479c3b. Size = 42.02 KB.
2018-11-13 00:02:52,225 11726  INFO  [8eab0d] Doing some complicated stuff.. Random numbers are: 1961870024, 721994846, 2136122804.
2018-11-13 00:02:52,226 11727  INFO  [2abbe2] Finished processing user request with id = 2abbe25b-8008-4f33-b5ee-1f866a0f41ae in 00:00:00.0589476.
2018-11-13 00:02:52,236 11737  INFO  [8eab0d] Finished processing user request with id = 8eab0d8d-e913-4733-93d6-693057479c3b in 00:00:00.0171178.
2018-11-13 00:02:52,239 11740  INFO  [a27e56] Finished processing user request with id = a27e567c-40a7-450f-a025-0f91cb34ca3d in 00:00:00.0527249.
2018-11-13 00:02:52,253 11754  INFO  [c1b353] Started processing user request. Id = c1b35342-e1ff-4fb2-a549-3afff97b7c26. Size = 31.05 KB.
2018-11-13 00:02:52,254 11755  INFO  [BackgroundDaemon] Starting iteration #15463.
2018-11-13 00:02:52,267 11768  INFO  [ef2585] Started processing user request. Id = ef258594-f8f0-4555-be97-e1f126705cb0. Size = 30.78 KB.
2018-11-13 00:02:52,267 11768  INFO  [ef2585] Doing some complicated stuff.. Random numbers are: 2001255107, 269589178, 994362211.
2018-11-13 00:02:52,268 11769  INFO  [c1b353] Doing some complicated stuff.. Random numbers are: 867189679, 58737850, 445837659.
2018-11-13 00:02:52,278 11779  INFO  [ef2585] Here's some useful guids:
		422d6f60-5a87-46f9-a436-4eabb31f59b0
2018-11-13 00:02:52,300 11801  INFO  [Metrics] Cpu: 7.91%; Memory: 19.78 GB/31.88 GB; Workers: 4/1024; IOCP: 0/1024
2018-11-13 00:02:52,303 11804  INFO  [ef2585] Finished processing user request with id = ef258594-f8f0-4555-be97-e1f126705cb0 in 00:00:00.0362314.
2018-11-13 00:02:52,305 11806  INFO  [c1b353] Here's some useful guids:
		93e2647a-651f-4fec-8163-d0deb8fcece6
		e1c7d2d0-acf5-4e9b-b7d6-334a269de3bc
		5a73c1ad-da78-4f8e-9d43-bed411cdc28e
		6a27afaa-98b4-4f0a-95ff-dd68ddda43d3
		9d78829b-b554-49a9-a350-21a681c7851c
2018-11-13 00:02:52,334 11835  INFO  [c1b353] Finished processing user request with id = c1b35342-e1ff-4fb2-a549-3afff97b7c26 in 00:00:00.0815595.
2018-11-13 00:02:52,334 11835  INFO  [b185c6] Started processing user request. Id = b185c679-0380-4daa-9c99-cef5b6b74ed0. Size = 25.95 KB.
2018-11-13 00:02:52,334 11835  INFO  [b185c6] Doing some complicated stuff.. Random numbers are: 431537345, 1203555647, 1847225065.
2018-11-13 00:02:52,347 11848  INFO  [19e6f9] Started processing user request. Id = 19e6f99d-6fba-4e0f-8583-9ce774875d72. Size = 19.53 KB.
2018-11-13 00:02:52,349 11850  INFO  [19e6f9] Doing some complicated stuff.. Random numbers are: 9777656, 730898908, 966401185.
2018-11-13 00:02:52,353 11854  INFO  [BackgroundDaemon] Processing data (17% completed)..
2018-11-13 00:02:52,376 11877  INFO  [19e6f9] Here's some useful guids:
		4da7bade-f062-4e84-bf56-0d93f41b9743
		16d980fa-ce44-4231-a5e4-9ee1c3f8b36f
		e9d3aa06-dda7-40c0-ba8d-0804bed6e228
		ac4f1429-444f-4c89-b57c-e14645f0ef04
		2c71c09d-2ff1-4483-ae13-ed7746e8c510
2018-11-13 00:02:52,378 11879  INFO  [19e6f9] Finished processing user request with id = 19e6f99d-6fba-4e0f-8583-9ce774875d72 in 00:00:00.0309016.
2018-11-13 00:02:52,386 11887  INFO  [b185c6] Finished processing user request with id = b185c679-0380-4daa-9c99-cef5b6b74ed0 in 00:00:00.0520323.
2018-11-13 00:02:52,392 11893  INFO  [2f46bd] Started processing user request. Id = 2f46bdd3-6986-4960-aad2-3c57d5e6fafd. Size = 95.68 KB.
2018-11-13 00:02:52,393 11894  INFO  [41d444] Started processing user request. Id = 41d444d2-a7a2-4e74-9d59-a0a4ece22d78. Size = 8.66 KB.
2018-11-13 00:02:52,405 11906  INFO  [BackgroundDaemon] Processing data (30% completed)..
2018-11-13 00:02:52,406 11907  INFO  [2f46bd] Doing some complicated stuff.. Random numbers are: 489696131, 1732631250, 2136490405.
2018-11-13 00:02:52,411 11912  INFO  [41d444] Doing some complicated stuff.. Random numbers are: 753071828, 1349398916, 1916437360.
2018-11-13 00:02:52,414 11915  INFO  [2f46bd] Here's some useful guids:
		869861ac-c831-48ad-9180-080411ed1c01
		846161ab-b139-4dec-ae7e-78231e3963a8
2018-11-13 00:02:52,417 11918  INFO  [52b0a4] Started processing user request. Id = 52b0a419-f744-4aea-bb40-0a82f1b1202e. Size = 56.11 KB.
2018-11-13 00:02:52,421 11922  INFO  [2f46bd] Finished processing user request with id = 2f46bdd3-6986-4960-aad2-3c57d5e6fafd in 00:00:00.0290366.
2018-11-13 00:02:52,434 11935  INFO  [22c6ab] Started processing user request. Id = 22c6ab54-6ee1-4bf9-8bd2-6b18911c88e5. Size = 8.08 KB.
2018-11-13 00:02:52,436 11937  INFO  [52b0a4] Doing some complicated stuff.. Random numbers are: 637144528, 1836779953, 1828011984.
2018-11-13 00:02:52,438 11940  INFO  [41d444] Here's some useful guids:
		8a1a899b-2953-4dc0-a517-90b587582a1f
2018-11-13 00:02:52,443 11945  INFO  [52b0a4] Here's some useful guids:
		d1ec5a49-9c78-469d-a119-19bda29ece20
		62f561a4-3833-4ba4-8092-9167418f2f55
2018-11-13 00:02:52,443 11945  INFO  [52b0a4] Finished processing user request with id = 52b0a419-f744-4aea-bb40-0a82f1b1202e in 00:00:00.0261800.
2018-11-13 00:02:52,448 11950  INFO  [22c6ab] Doing some complicated stuff.. Random numbers are: 1241114420, 59943554, 839074602.
2018-11-13 00:02:52,455 11956  INFO  [41d444] Finished processing user request with id = 41d444d2-a7a2-4e74-9d59-a0a4ece22d78 in 00:00:00.0612626.
2018-11-13 00:02:52,472 11973  INFO  [22c6ab] Here's some useful guids:
		19e75cc3-8497-4e39-9072-225afe9f40e7
2018-11-13 00:02:52,475 11977  ERROR [22c6ab] 
System.InvalidOperationException: Oh no! An error occurred!
2018-11-13 00:02:52,475 11977  INFO  [78f04d] Started processing user request. Id = 78f04d1d-50dd-42cb-954b-935ddf521d95. Size = 21.13 KB.
2018-11-13 00:02:52,486 11988  INFO  [BackgroundDaemon] Processing data (86% completed)..
2018-11-13 00:02:52,486 11988  INFO  [BackgroundDaemon] Finished iteration in 00:00:00.2328354.
2018-11-13 00:02:52,489 11991  INFO  [e5f966] Started processing user request. Id = e5f96689-a481-4d9c-90c9-7cee061db04f. Size = 25.97 KB.
2018-11-13 00:02:52,493 11994  INFO  [78f04d] Doing some complicated stuff.. Random numbers are: 85412436, 946717808, 2129084477.
2018-11-13 00:02:52,508 12009  INFO  [e5f966] Doing some complicated stuff.. Random numbers are: 741947760, 184203217, 1503662585.
2018-11-13 00:02:52,515 12016  INFO  [e5f966] Finished processing user request with id = e5f96689-a481-4d9c-90c9-7cee061db04f in 00:00:00.0251217.
2018-11-13 00:02:52,528 12029  INFO  [fd9902] Started processing user request. Id = fd990293-2cce-4ecf-aa33-addaf502a207. Size = 31.13 KB.
2018-11-13 00:02:52,531 12032  INFO  [fd9902] Doing some complicated stuff.. Random numbers are: 2084496236, 1536653665, 300772030.
2018-11-13 00:02:52,537 12038  INFO  [78f04d] Finished processing user request with id = 78f04d1d-50dd-42cb-954b-935ddf521d95 in 00:00:00.0616499.
2018-11-13 00:02:52,567 12068  INFO  [fd9902] Finished processing user request with id = fd990293-2cce-4ecf-aa33-addaf502a207 in 00:00:00.0394921.
2018-11-13 00:02:52,569 12070  INFO  [b550f3] Started processing user request. Id = b550f32d-d351-471b-8881-da6a3d2f8397. Size = 23.53 KB.
2018-11-13 00:02:52,579 12080  INFO  [b550f3] Doing some complicated stuff.. Random numbers are: 1675954271, 1403801030, 1587962707.
2018-11-13 00:02:52,581 12082  INFO  [091800] Started processing user request. Id = 0918008f-8208-4ff5-b559-b839e5b2b74e. Size = 3.19 KB.
2018-11-13 00:02:52,582 12083  INFO  [091800] Doing some complicated stuff.. Random numbers are: 1224100786, 1754963743, 1613582857.
2018-11-13 00:02:52,587 12088  INFO  [091800] Here's some useful guids:
		0699d501-44c3-43da-9d82-7fa9c439a39c
		083ee208-c682-4c30-aa9c-e63569df1ada
		faf55f04-de15-4305-8ca2-6a0647c7bb39
2018-11-13 00:02:52,596 12097  INFO  [b550f3] Finished processing user request with id = b550f32d-d351-471b-8881-da6a3d2f8397 in 00:00:00.0270173.
2018-11-13 00:02:52,602 12103  ERROR [091800] 
System.InvalidOperationException: Oh no! An error occurred!
2018-11-13 00:02:52,616 12117  INFO  [ce0a56] Started processing user request. Id = ce0a563d-cb21-4afa-ba61-33c6047686d2. Size = 93.2 KB.
2018-11-13 00:02:52,622 12123  INFO  [54cee9] Started processing user request. Id = 54cee942-e603-4e1a-a19e-e8b7ccbfe78c. Size = 14.22 KB.
2018-11-13 00:02:52,622 12123  INFO  [54cee9] Doing some complicated stuff.. Random numbers are: 812772578, 1284974922, 701226548.
2018-11-13 00:02:52,627 12128  INFO  [bff661] Started processing user request. Id = bff66189-ed31-4872-8dad-51c807ca735c. Size = 76.26 KB.
2018-11-13 00:02:52,629 12130  INFO  [bff661] Doing some complicated stuff.. Random numbers are: 1109675603, 231375020, 836866862.
2018-11-13 00:02:52,634 12135  INFO  [ce0a56] Doing some complicated stuff.. Random numbers are: 946097858, 286806451, 1552194324.
2018-11-13 00:02:52,640 12141  INFO  [ce0a56] Here's some useful guids:
		4f1811e8-4568-4245-84d1-5ad0bc79f9dd
2018-11-13 00:02:52,651 12152  INFO  [ce0a56] Finished processing user request with id = ce0a563d-cb21-4afa-ba61-33c6047686d2 in 00:00:00.0349930.
2018-11-13 00:02:52,651 12152  INFO  [54cee9] Here's some useful guids:
		acbcd873-cf6a-437d-b230-a545cdac4086
2018-11-13 00:02:52,665 12166  INFO  [019b5c] Started processing user request. Id = 019b5c64-af4e-4a68-81d2-d6f940a84dbb. Size = 10.46 KB.
2018-11-13 00:02:52,668 12169  ERROR [54cee9] 
System.InvalidOperationException: Oh no! An error occurred!
2018-11-13 00:02:52,674 12175  INFO  [bff661] Finished processing user request with id = bff66189-ed31-4872-8dad-51c807ca735c in 00:00:00.0469983.
2018-11-13 00:02:52,683 12184  INFO  [019b5c] Doing some complicated stuff.. Random numbers are: 1374823304, 730712006, 749237964.
2018-11-13 00:02:52,687 12188  INFO  [BackgroundDaemon] Starting iteration #15464.
2018-11-13 00:02:52,705 12206  INFO  [41dc9c] Started processing user request. Id = 41dc9c00-28c1-43d1-b388-3fae26c3f363. Size = 18.1 KB.
2018-11-13 00:02:52,707 12208  INFO  [41dc9c] Doing some complicated stuff.. Random numbers are: 2075042659, 585861578, 2076612069.
2018-11-13 00:02:52,717 12218  INFO  [BackgroundDaemon] Processing data (19% completed)..
2018-11-13 00:02:52,724 12225  INFO  [019b5c] Finished processing user request with id = 019b5c64-af4e-4a68-81d2-d6f940a84dbb in 00:00:00.0591471.
2018-11-13 00:02:52,733 12234  INFO  [41dc9c] Finished processing user request with id = 41dc9c00-28c1-43d1-b388-3fae26c3f363 in 00:00:00.0280551.
2018-11-13 00:02:52,738 12239  INFO  [fee15e] Started processing user request. Id = fee15e85-5407-4b97-8002-427fd3f8225f. Size = 42.98 KB.
2018-11-13 00:02:52,749 12250  INFO  [fee15e] Doing some complicated stuff.. Random numbers are: 1623303824, 126927059, 1319687357.
2018-11-13 00:02:52,755 12257  INFO  [fee15e] Here's some useful guids:
		8f021007-c951-4911-bc71-71097a6341a7
		e6ad6844-b727-4870-8216-400209e54ba2
2018-11-13 00:02:52,765 12266  INFO  [BackgroundDaemon] Processing data (46% completed)..
2018-11-13 00:02:52,765 12266  INFO  [82bdee] Started processing user request. Id = 82bdee68-07c8-409b-8d0a-be7c2f468eb0. Size = 22.04 KB.
2018-11-13 00:02:52,769 12271  INFO  [fee15e] Finished processing user request with id = fee15e85-5407-4b97-8002-427fd3f8225f in 00:00:00.0310641.
2018-11-13 00:02:52,777 12278  INFO  [82bdee] Doing some complicated stuff.. Random numbers are: 449936515, 144584757, 150055376.
2018-11-13 00:02:52,782 12284  INFO  [7fe9f4] Started processing user request. Id = 7fe9f480-671a-4687-9dd5-05aff904ab95. Size = 20.04 KB.
2018-11-13 00:02:52,785 12286  INFO  [BackgroundDaemon] Processing data (80% completed)..
2018-11-13 00:02:52,785 12286  INFO  [BackgroundDaemon] Finished iteration in 00:00:00.0972632.
2018-11-13 00:02:52,798 12299  INFO  [7fe9f4] Doing some complicated stuff.. Random numbers are: 479855641, 1321537629, 1240775519.
2018-11-13 00:02:52,800 12301  INFO  [Metrics] Cpu: 11.44%; Memory: 19.79 GB/31.88 GB; Workers: 4/1024; IOCP: 0/1024
2018-11-13 00:02:52,801 12302  INFO  [7fe9f4] Here's some useful guids:
		cbc825a7-059b-4cc2-83ca-f2e16e2f8bd4
		6bfa0cb5-7360-489d-b148-f4e4dabe156a
		d2931d3a-f06f-489f-a29e-734cd042db17
		b9eb6086-fd2c-4521-b770-5b0b95d1a7eb
		d1a5ffd7-9f7d-40d4-866f-e3743e890105
2018-11-13 00:02:52,801 12302  INFO  [7fe9f4] Finished processing user request with id = 7fe9f480-671a-4687-9dd5-05aff904ab95 in 00:00:00.0181095.
2018-11-13 00:02:52,814 12315  INFO  [0f0d3c] Started processing user request. Id = 0f0d3cc6-2176-4f57-bf80-6ad32da16044. Size = 56.74 KB.
2018-11-13 00:02:52,816 12317  INFO  [0f0d3c] Doing some complicated stuff.. Random numbers are: 928115336, 641540072, 827343158.
2018-11-13 00:02:52,816 12317  INFO  [82bdee] Here's some useful guids:
		7da62195-8f25-4100-aeec-3e39b373498a
		c6c8fcc2-fa70-4a7c-bb50-b4b16b7db92f
		5d344a95-01af-4acd-b049-5e1c34fbfd73
2018-11-13 00:02:52,836 12337  INFO  [0f0d3c] Here's some useful guids:
		9e447c1d-02f9-4331-882c-aeed03c15d6f
		caece30f-42c3-45ca-8e97-19f0ae48922d
2018-11-13 00:02:52,836 12337  INFO  [c7616f] Started processing user request. Id = c7616f3b-4cba-4c7e-a301-70dfd07ccce3. Size = 45.08 KB.
2018-11-13 00:02:52,836 12337  INFO  [82bdee] Finished processing user request with id = 82bdee68-07c8-409b-8d0a-be7c2f468eb0 in 00:00:00.0711342.
2018-11-13 00:02:52,842 12343  INFO  [0f0d3c] Finished processing user request with id = 0f0d3cc6-2176-4f57-bf80-6ad32da16044 in 00:00:00.0279914.
2018-11-13 00:02:52,856 12357  INFO  [e9b3f0] Started processing user request. Id = e9b3f005-7f00-4956-909c-c97b30131108. Size = 80.62 KB.
2018-11-13 00:02:52,856 12357  INFO  [c7616f] Doing some complicated stuff.. Random numbers are: 653093340, 1298567986, 541414807.
2018-11-13 00:02:52,865 12367  INFO  [e9b3f0] Doing some complicated stuff.. Random numbers are: 560197019, 1009541005, 115141476.
2018-11-13 00:02:52,867 12369  INFO  [150dae] Started processing user request. Id = 150dae60-3f18-4ffd-a4c7-813959bb0a29. Size = 30.24 KB.
2018-11-13 00:02:52,879 12380  INFO  [150dae] Doing some complicated stuff.. Random numbers are: 1336036388, 1836637998, 1995877788.
2018-11-13 00:02:52,880 12381  INFO  [c7616f] Here's some useful guids:
		db2fd432-c5e4-4c4c-9553-be396bb8b92c
		5b63cdee-0bb4-4fd4-850f-aede1b158e31
		7eba30b9-6f54-4ae9-a209-22361bc33ab7
		8591f947-5463-4de8-9363-d04078aad15c
		f38aa001-f7b2-4c51-aa2f-7e211f6c557f
2018-11-13 00:02:52,884 12385  INFO  [e9b3f0] Here's some useful guids:
		82a33567-2dbe-4607-802e-a1020d4752ca
		ebcb70d2-d237-4d03-8f42-85ee9404f4e3
		fa149ba7-8086-477b-a1cc-c9179e5a8788
		177f4497-7d53-4e71-8e9c-e5250a2a9dce
		ed5cf57c-af42-4b50-ba69-af49eab2837c
2018-11-13 00:02:52,907 12408  INFO  [c7616f] Finished processing user request with id = c7616f3b-4cba-4c7e-a301-70dfd07ccce3 in 00:00:00.0710453.
2018-11-13 00:02:52,908 12409  INFO  [e9b3f0] Finished processing user request with id = e9b3f005-7f00-4956-909c-c97b30131108 in 00:00:00.0521410.
2018-11-13 00:02:52,921 12422  INFO  [751f9a] Started processing user request. Id = 751f9aa1-8daa-448e-9c0a-50adfbee7a34. Size = 62.04 KB.
2018-11-13 00:02:52,936 12437  INFO  [751f9a] Doing some complicated stuff.. Random numbers are: 1287508189, 1967759925, 283169046.
2018-11-13 00:02:52,945 12446  INFO  [150dae] Finished processing user request with id = 150dae60-3f18-4ffd-a4c7-813959bb0a29 in 00:00:00.0779534.
2018-11-13 00:02:52,962 12463  INFO  [751f9a] Finished processing user request with id = 751f9aa1-8daa-448e-9c0a-50adfbee7a34 in 00:00:00.0408539.
2018-11-13 00:02:52,975 12477  INFO  [b794df] Started processing user request. Id = b794dfaa-2f57-459b-a2ab-ae3738a5a35f. Size = 24.83 KB.
2018-11-13 00:02:52,977 12478  INFO  [1eddf3] Started processing user request. Id = 1eddf31b-c6f8-4026-8f67-2c15a60b5f47. Size = 10.55 KB.
2018-11-13 00:02:52,980 12481  INFO  [b794df] Doing some complicated stuff.. Random numbers are: 114675476, 1435234780, 1854974173.
2018-11-13 00:02:52,985 12486  INFO  [BackgroundDaemon] Starting iteration #15465.
2018-11-13 00:02:52,987 12488  INFO  [1eddf3] Doing some complicated stuff.. Random numbers are: 511913190, 1539304515, 1308832051.
2018-11-13 00:02:52,998 12499  INFO  [b794df] Here's some useful guids:
		6fa86109-3c65-430c-8455-7b19a6e76a53
2018-11-13 00:02:53,011 12512  INFO  [b794df] Finished processing user request with id = b794dfaa-2f57-459b-a2ab-ae3738a5a35f in 00:00:00.0352534.
2018-11-13 00:02:53,025 12526  INFO  [e29163] Started processing user request. Id = e2916346-9f68-4159-ae10-4adfa1709fcb. Size = 12.18 KB.
2018-11-13 00:02:53,029 12530  INFO  [1eddf3] Finished processing user request with id = 1eddf31b-c6f8-4026-8f67-2c15a60b5f47 in 00:00:00.0520009.
2018-11-13 00:02:53,044 12545  INFO  [e29163] Doing some complicated stuff.. Random numbers are: 1541523787, 236657112, 2102475472.
2018-11-13 00:02:53,060 12561  INFO  [c4ba82] Started processing user request. Id = c4ba8279-2bc5-4dc3-a7c8-e32cc72288b0. Size = 94.9 KB.
2018-11-13 00:02:53,069 12571  INFO  [c4ba82] Doing some complicated stuff.. Random numbers are: 1339714630, 316806010, 215399557.
2018-11-13 00:02:53,070 12572  INFO  [e29163] Finished processing user request with id = e2916346-9f68-4159-ae10-4adfa1709fcb in 00:00:00.0459204.
2018-11-13 00:02:53,075 12576  INFO  [a0268a] Started processing user request. Id = a0268afe-02ed-4b0c-94f4-55b2b985543c. Size = 52.51 KB.
2018-11-13 00:02:53,075 12576  INFO  [a0268a] Doing some complicated stuff.. Random numbers are: 2043137221, 357836655, 705552049.
2018-11-13 00:02:53,078 12579  INFO  [BackgroundDaemon] Processing data (17% completed)..
2018-11-13 00:02:53,085 12586  INFO  [6a19e5] Started processing user request. Id = 6a19e5cc-933b-49d5-9ab1-cc25e11f0c96. Size = 55.13 KB.
2018-11-13 00:02:53,087 12588  INFO  [6a19e5] Doing some complicated stuff.. Random numbers are: 1918876157, 745390172, 108558635.
2018-11-13 00:02:53,090 12591  INFO  [a0268a] Here's some useful guids:
		df533720-f263-41e4-9d8d-748a73592a87
		f17d0a0c-714f-4907-b5b4-e2bc7f24911c
		c3707836-010b-4337-a1f0-1ccb7092ddde
2018-11-13 00:02:53,093 12594  INFO  [a0268a] Finished processing user request with id = a0268afe-02ed-4b0c-94f4-55b2b985543c in 00:00:00.0181409.
2018-11-13 00:02:53,110 12611  INFO  [6a19e5] Finished processing user request with id = 6a19e5cc-933b-49d5-9ab1-cc25e11f0c96 in 00:00:00.0251302.
2018-11-13 00:02:53,111 12612  INFO  [c4ba82] Finished processing user request with id = c4ba8279-2bc5-4dc3-a7c8-e32cc72288b0 in 00:00:00.0510296.
2018-11-13 00:02:53,123 12624  INFO  [dedb1c] Started processing user request. Id = dedb1c1b-a2d0-463a-a053-789946462e97. Size = 50.63 KB.
2018-11-13 00:02:53,127 12628  INFO  [dedb1c] Doing some complicated stuff.. Random numbers are: 2053547651, 1303960387, 1872330901.
2018-11-13 00:02:53,132 12633  INFO  [BackgroundDaemon] Processing data (46% completed)..
2018-11-13 00:02:53,143 12644  INFO  [606ec2] Started processing user request. Id = 606ec23d-bb5d-4511-97f2-cf854d90b0b2. Size = 69.65 KB.
2018-11-13 00:02:53,148 12649  INFO  [dedb1c] Finished processing user request with id = dedb1c1b-a2d0-463a-a053-789946462e97 in 00:00:00.0248701.
2018-11-13 00:02:53,161 12663  INFO  [d208c1] Started processing user request. Id = d208c1e3-aaf1-4894-9b61-d4bd87b0dfbc. Size = 77.3 KB.
2018-11-13 00:02:53,163 12664  INFO  [606ec2] Doing some complicated stuff.. Random numbers are: 1155822482, 2069376365, 2094366197.
2018-11-13 00:02:53,169 12670  INFO  [d208c1] Doing some complicated stuff.. Random numbers are: 89375643, 1522312617, 767132635.
2018-11-13 00:02:53,172 12673  INFO  [606ec2] Finished processing user request with id = 606ec23d-bb5d-4511-97f2-cf854d90b0b2 in 00:00:00.0289600.
2018-11-13 00:02:53,198 12699  INFO  [d208c1] Here's some useful guids:
		ff6e317e-1909-48fd-921c-f6548397487f
		65f0431e-1da6-46f4-95a3-0d1c21183e88
		18a7810e-14af-40ce-b113-3a852e101a14
		1d14992d-2d54-448f-887d-3437a25cbec4
2018-11-13 00:02:53,198 12699  ERROR [d208c1] 
System.InvalidOperationException: Oh no! An error occurred!
2018-11-13 00:02:53,203 12704  INFO  [83da54] Started processing user request. Id = 83da5408-47f2-44d1-8e87-76ca62ceb323. Size = 55.19 KB.
2018-11-13 00:02:53,208 12709  INFO  [83da54] Doing some complicated stuff.. Random numbers are: 79164871, 665206557, 965191703.
2018-11-13 00:02:53,211 12713  INFO  [d1d6d6] Started processing user request. Id = d1d6d693-ead5-4cc8-b53d-e45dc17e5e5b. Size = 67.45 KB.
2018-11-13 00:02:53,217 12718  INFO  [83da54] Here's some useful guids:
		b3ecb95c-7065-48df-b4a5-b7848a14beaa
		d5ab5722-ec8e-44aa-96a4-6ad1847835a6
		f30e0a9d-0a8b-48bc-af8b-57ddb24b4951
2018-11-13 00:02:53,224 12725  ERROR [83da54] 
System.InvalidOperationException: Oh no! An error occurred!
2018-11-13 00:02:53,224 12725  INFO  [d1d6d6] Doing some complicated stuff.. Random numbers are: 1254329161, 823846255, 2097262413.
2018-11-13 00:02:53,231 12732  INFO  [BackgroundDaemon] Processing data (65% completed)..
2018-11-13 00:02:53,231 12732  INFO  [BackgroundDaemon] Finished iteration in 00:00:00.2460732.
2018-11-13 00:02:53,255 12756  INFO  [d683d2] Started processing user request. Id = d683d232-6456-47af-8d02-81d0ffa0bb57. Size = 84.43 KB.
2018-11-13 00:02:53,258 12759  INFO  [d1d6d6] Finished processing user request with id = d1d6d693-ead5-4cc8-b53d-e45dc17e5e5b in 00:00:00.0462799.
2018-11-13 00:02:53,261 12762  INFO  [9bf6e1] Started processing user request. Id = 9bf6e14d-6fd9-4c68-a541-79c1cca7c52f. Size = 96.13 KB.
2018-11-13 00:02:53,268 12769  INFO  [d683d2] Doing some complicated stuff.. Random numbers are: 1269535128, 996482653, 468630122.
2018-11-13 00:02:53,271 12772  INFO  [9bf6e1] Doing some complicated stuff.. Random numbers are: 1483377147, 260631566, 1135511640.
2018-11-13 00:02:53,272 12773  INFO  [69d400] Started processing user request. Id = 69d40072-f568-4f02-b164-e7292ea9fa30. Size = 83.46 KB.
2018-11-13 00:02:53,272 12773  INFO  [69d400] Doing some complicated stuff.. Random numbers are: 1413709599, 532794074, 1391088334.
2018-11-13 00:02:53,282 12784  INFO  [d683d2] Here's some useful guids:
		06cc7af7-d0e0-423a-88c1-2be45d3e9259
2018-11-13 00:02:53,288 12790  INFO  [d683d2] Finished processing user request with id = d683d232-6456-47af-8d02-81d0ffa0bb57 in 00:00:00.0335303.
2018-11-13 00:02:53,296 12797  INFO  [9bf6e1] Here's some useful guids:
		a88a81f0-9123-4f3f-a92c-828c3be52f1d
2018-11-13 00:02:53,299 12800  INFO  [Metrics] Cpu: 11.44%; Memory: 19.79 GB/31.88 GB; Workers: 4/1024; IOCP: 0/1024
2018-11-13 00:02:53,313 12814  INFO  [9bf6e1] Finished processing user request with id = 9bf6e14d-6fd9-4c68-a541-79c1cca7c52f in 00:00:00.0524985.
2018-11-13 00:02:53,315 12816  INFO  [69d400] Finished processing user request with id = 69d40072-f568-4f02-b164-e7292ea9fa30 in 00:00:00.0435706.
2018-11-13 00:02:53,320 12821  INFO  [da90df] Started processing user request. Id = da90df15-3589-435a-8895-66e1e220b4da. Size = 44.85 KB.
2018-11-13 00:02:53,322 12823  INFO  [da90df] Doing some complicated stuff.. Random numbers are: 180141405, 593922101, 2030229571.
2018-11-13 00:02:53,328 12829  INFO  [157eb1] Started processing user request. Id = 157eb144-9bed-43c5-8bcc-0ee41d653c74. Size = 50.74 KB.
2018-11-13 00:02:53,331 12832  INFO  [157eb1] Doing some complicated stuff.. Random numbers are: 875022848, 286583699, 1520886490.
2018-11-13 00:02:53,355 12856  INFO  [157eb1] Finished processing user request with id = 157eb144-9bed-43c5-8bcc-0ee41d653c74 in 00:00:00.0267299.
2018-11-13 00:02:53,368 12869  INFO  [b90c80] Started processing user request. Id = b90c80e7-a1bc-47f1-b356-7196e2080cb9. Size = 83.71 KB.
2018-11-13 00:02:53,374 12875  INFO  [da90df] Finished processing user request with id = da90df15-3589-435a-8895-66e1e220b4da in 00:00:00.0532337.
2018-11-13 00:02:53,384 12885  INFO  [b90c80] Doing some complicated stuff.. Random numbers are: 337152133, 465263078, 748762080.
2018-11-13 00:02:53,405 12906  INFO  [0a9051] Started processing user request. Id = 0a9051f6-7d5f-4646-bf0a-c28c8f134c28. Size = 48.58 KB.
2018-11-13 00:02:53,407 12908  INFO  [0a9051] Doing some complicated stuff.. Random numbers are: 1683626915, 1150348112, 35277483.
2018-11-13 00:02:53,426 12927  INFO  [b90c80] Finished processing user request with id = b90c80e7-a1bc-47f1-b356-7196e2080cb9 in 00:00:00.0575078.
2018-11-13 00:02:53,431 12932  INFO  [0a9051] Finished processing user request with id = 0a9051f6-7d5f-4646-bf0a-c28c8f134c28 in 00:00:00.0260243.
2018-11-13 00:02:53,431 12932  INFO  [BackgroundDaemon] Starting iteration #15466.
2018-11-13 00:02:53,439 12940  INFO  [4a9a87] Started processing user request. Id = 4a9a876f-7ce9-4830-8004-9e986f3689be. Size = 91.45 KB.
2018-11-13 00:02:53,454 12955  INFO  [4a9a87] Doing some complicated stuff.. Random numbers are: 2103768885, 1025161999, 345828479.
2018-11-13 00:02:53,462 12963  INFO  [689e84] Started processing user request. Id = 689e843d-6a74-4e6f-967f-6493b77d637a. Size = 4.77 KB.
2018-11-13 00:02:53,471 12972  INFO  [689e84] Doing some complicated stuff.. Random numbers are: 1696276841, 1221239507, 623015155.
2018-11-13 00:02:53,481 12982  INFO  [4a9a87] Finished processing user request with id = 4a9a876f-7ce9-4830-8004-9e986f3689be in 00:00:00.0415545.
2018-11-13 00:02:53,481 12982  INFO  [80e760] Started processing user request. Id = 80e7605f-b551-4e18-8b99-746378e87816. Size = 16.44 KB.
2018-11-13 00:02:53,490 12991  INFO  [80e760] Doing some complicated stuff.. Random numbers are: 2044073754, 2108618651, 556989639.
2018-11-13 00:02:53,495 12996  INFO  [6a07d9] Started processing user request. Id = 6a07d9e2-ec3e-4043-af41-e8d01bb4242a. Size = 12.69 KB.
2018-11-13 00:02:53,498 12999  INFO  [6a07d9] Doing some complicated stuff.. Random numbers are: 845770956, 1842005453, 1673936804.
2018-11-13 00:02:53,515 13016  INFO  [689e84] Finished processing user request with id = 689e843d-6a74-4e6f-967f-6493b77d637a in 00:00:00.0530821.
2018-11-13 00:02:53,515 13016  INFO  [6a07d9] Here's some useful guids:
		abdeb50e-4998-400a-8453-417fa3a19db3
2018-11-13 00:02:53,517 13018  INFO  [80e760] Finished processing user request with id = 80e7605f-b551-4e18-8b99-746378e87816 in 00:00:00.0366241.
2018-11-13 00:02:53,529 13030  INFO  [BackgroundDaemon] Processing data (16% completed)..
2018-11-13 00:02:53,543 13044  INFO  [6a07d9] Finished processing user request with id = 6a07d9e2-ec3e-4043-af41-e8d01bb4242a in 00:00:00.0484168.
2018-11-13 00:02:53,547 13048  INFO  [7b2e96] Started processing user request. Id = 7b2e96b5-5fbb-48d8-9b24-1fa89bf4f288. Size = 50.98 KB.
2018-11-13 00:02:53,554 13055  INFO  [7b2e96] Doing some complicated stuff.. Random numbers are: 1280116886, 1133387775, 52678053.
2018-11-13 00:02:53,556 13057  INFO  [66ae12] Started processing user request. Id = 66ae12b3-e186-4035-be07-5df3000893da. Size = 54.35 KB.
2018-11-13 00:02:53,574 13075  INFO  [66ae12] Doing some complicated stuff.. Random numbers are: 42677519, 908511200, 1978468518.
2018-11-13 00:02:53,584 13086  INFO  [7b2e96] Finished processing user request with id = 7b2e96b5-5fbb-48d8-9b24-1fa89bf4f288 in 00:00:00.0373308.
2018-11-13 00:02:53,594 13095  INFO  [66ae12] Finished processing user request with id = 66ae12b3-e186-4035-be07-5df3000893da in 00:00:00.0382252.
2018-11-13 00:02:53,601 13102  INFO  [BackgroundDaemon] Processing data (48% completed)..
2018-11-13 00:02:53,607 13109  INFO  [a0d8fc] Started processing user request. Id = a0d8fc88-0fb6-4f8b-aa91-a16427d898d8. Size = 62.2 KB.
2018-11-13 00:02:53,616 13117  INFO  [7215ed] Started processing user request. Id = 7215ed81-8b18-45b2-bb6e-3ad27379f8ab. Size = 13.89 KB.
2018-11-13 00:02:53,621 13122  INFO  [a0d8fc] Doing some complicated stuff.. Random numbers are: 1445447395, 1174179295, 1190377743.
2018-11-13 00:02:53,632 13133  INFO  [7215ed] Doing some complicated stuff.. Random numbers are: 782460633, 1377841438, 499674334.
2018-11-13 00:02:53,661 13162  INFO  [7215ed] Here's some useful guids:
		5bf57efc-8226-4023-8c69-dd5fdd675ec6
		cfe120bf-5e66-4e96-87d6-689ebfebe8ac
		a7f7f113-e218-4d2a-893f-f5bbea7cb122
		b13c9c76-ad66-4176-94e0-8ae95c5a8fa3
2018-11-13 00:02:53,675 13177  INFO  [a0d8fc] Finished processing user request with id = a0d8fc88-0fb6-4f8b-aa91-a16427d898d8 in 00:00:00.0680249.
2018-11-13 00:02:53,678 13180  INFO  [BackgroundDaemon] Processing data (73% completed)..
2018-11-13 00:02:53,678 13180  INFO  [BackgroundDaemon] Finished iteration in 00:00:00.2473996.
2018-11-13 00:02:53,685 13186  INFO  [5f953a] Started processing user request. Id = 5f953a1a-14e0-45ae-b842-3481fa34ff10. Size = 27.3 KB.
2018-11-13 00:02:53,689 13190  INFO  [7215ed] Finished processing user request with id = 7215ed81-8b18-45b2-bb6e-3ad27379f8ab in 00:00:00.0728600.
2018-11-13 00:02:53,690 13191  INFO  [79858d] Started processing user request. Id = 79858dd9-acce-4583-bc08-c2878dbaf5e3. Size = 3.88 KB.
2018-11-13 00:02:53,695 13196  INFO  [5f953a] Doing some complicated stuff.. Random numbers are: 1124085566, 344603606, 1992736335.
2018-11-13 00:02:53,698 13199  INFO  [5f953a] Here's some useful guids:
		aebbe9f9-e78c-438a-bd40-fa5acd107a3d
2018-11-13 00:02:53,704 13205  INFO  [5f953a] Finished processing user request with id = 5f953a1a-14e0-45ae-b842-3481fa34ff10 in 00:00:00.0197206.
2018-11-13 00:02:53,708 13209  INFO  [79858d] Doing some complicated stuff.. Random numbers are: 69961699, 1108433143, 618044133.
2018-11-13 00:02:53,720 13221  INFO  [885fe5] Started processing user request. Id = 885fe5c2-5c1f-43b5-acf0-880f0584f2a0. Size = 6.32 KB.
2018-11-13 00:02:53,731 13232  INFO  [885fe5] Doing some complicated stuff.. Random numbers are: 902986861, 1467495895, 1348201527.
2018-11-13 00:02:53,762 13263  INFO  [885fe5] Here's some useful guids:
		62c53099-f9b4-4fdb-a60d-25fd3e17c074
		1f9178e7-8918-40a4-9f77-f9d755550baa
		c0b5d66d-9246-463d-b08d-db678f714845
		3231d42c-40b4-430f-943b-82dbaf422e9c
2018-11-13 00:02:53,767 13268  INFO  [79858d] Finished processing user request with id = 79858dd9-acce-4583-bc08-c2878dbaf5e3 in 00:00:00.0770250.
2018-11-13 00:02:53,773 13274  INFO  [885fe5] Finished processing user request with id = 885fe5c2-5c1f-43b5-acf0-880f0584f2a0 in 00:00:00.0534903.
2018-11-13 00:02:53,780 13281  INFO  [df9bbc] Started processing user request. Id = df9bbce4-0498-422d-b1d4-bceccac3b53b. Size = 97.67 KB.
2018-11-13 00:02:53,798 13299  INFO  [Metrics] Cpu: 0.39%; Memory: 19.79 GB/31.88 GB; Workers: 4/1024; IOCP: 0/1024
2018-11-13 00:02:53,800 13301  INFO  [df9bbc] Doing some complicated stuff.. Random numbers are: 1526304482, 1726139528, 351619084.
2018-11-13 00:02:53,803 13304  INFO  [df9bbc] Here's some useful guids:
		ec199f39-6ea1-48ac-a989-0e1c6c214b09
		1805c66c-f043-4e0a-88c6-e38840ccd5d0
		95a6648d-24b7-4581-aa4e-d9324915ebed
2018-11-13 00:02:53,805 13306  INFO  [8734ac] Started processing user request. Id = 8734ac6d-1fb0-4c51-81a5-c482bceb0caa. Size = 79.06 KB.
2018-11-13 00:02:53,810 13311  INFO  [8734ac] Doing some complicated stuff.. Random numbers are: 1039309531, 1133424938, 1480298939.
2018-11-13 00:02:53,828 13329  INFO  [8734ac] Here's some useful guids:
		ffc49f5b-7169-4173-8e40-0d093d26e769
		89d4c871-b946-4425-afb7-669376f4da1c
		fb37a953-34b0-49c9-aebd-a77421c476b9
2018-11-13 00:02:53,831 13332  ERROR [df9bbc] 
System.InvalidOperationException: Oh no! An error occurred!
2018-11-13 00:02:53,844 13345  INFO  [73a280] Started processing user request. Id = 73a28014-b4ce-4e84-9bed-b6975b84b18e. Size = 35.35 KB.
2018-11-13 00:02:53,846 13347  INFO  [73a280] Doing some complicated stuff.. Random numbers are: 127302604, 650893240, 449096719.
2018-11-13 00:02:53,857 13358  INFO  [8734ac] Finished processing user request with id = 8734ac6d-1fb0-4c51-81a5-c482bceb0caa in 00:00:00.0522472.
2018-11-13 00:02:53,865 13366  INFO  [73a280] Finished processing user request with id = 73a28014-b4ce-4e84-9bed-b6975b84b18e in 00:00:00.0211021.
2018-11-13 00:02:53,871 13373  INFO  [9e91be] Started processing user request. Id = 9e91be1a-f4ef-4145-be55-e904d3b158a6. Size = 91.15 KB.
2018-11-13 00:02:53,878 13379  INFO  [9e91be] Doing some complicated stuff.. Random numbers are: 1739301144, 1975736727, 747728742.
2018-11-13 00:02:53,878 13379  INFO  [6e130b] Started processing user request. Id = 6e130bd6-4157-456c-9e53-ff6fa9d1f582. Size = 59.1 KB.
2018-11-13 00:02:53,879 13380  INFO  [BackgroundDaemon] Starting iteration #15467.
2018-11-13 00:02:53,889 13390  INFO  [0a875d] Started processing user request. Id = 0a875d4a-a38d-4ede-88cc-93b1407219f9. Size = 1.83 KB.
2018-11-13 00:02:53,895 13396  INFO  [6e130b] Doing some complicated stuff.. Random numbers are: 1889187267, 286767223, 2016946990.
2018-11-13 00:02:53,902 13403  INFO  [0a875d] Doing some complicated stuff.. Random numbers are: 29287601, 1238782009, 844670507.
2018-11-13 00:02:53,915 13416  INFO  [9e91be] Here's some useful guids:
		7147a1f0-e1f8-4b7b-9f40-342173d8c15a
		bd50a719-a33b-4139-b8d8-a8d1ab464405
2018-11-13 00:02:53,921 13422  INFO  [9e91be] Finished processing user request with id = 9e91be1a-f4ef-4145-be55-e904d3b158a6 in 00:00:00.0490350.
2018-11-13 00:02:53,922 13423  INFO  [6e130b] Here's some useful guids:
		ee52b978-1ba8-4d23-8601-dfd0a8380d55
		43317b37-cf1b-42bc-9c3d-9120460352e3
		ef40344a-873a-4a9c-81d7-e2ff39bb4b85
		1257f047-10a4-4d2b-b25e-8b97a41e9a17
		be7fbb43-fb76-4489-9fa6-8be1efa4a63d
2018-11-13 00:02:53,937 13438  INFO  [6e130b] Finished processing user request with id = 6e130bd6-4157-456c-9e53-ff6fa9d1f582 in 00:00:00.0583591.
2018-11-13 00:02:53,941 13442  INFO  [0a875d] Here's some useful guids:
		e72c3f95-3b60-4155-b20b-c8fc34e66b80
		9c628494-ee46-47b4-b385-ec2557fb55fe
		2bae284c-00cf-4b95-88d2-7ed4083b0372
2018-11-13 00:02:53,947 13448  INFO  [0a875d] Finished processing user request with id = 0a875d4a-a38d-4ede-88cc-93b1407219f9 in 00:00:00.0579005.
2018-11-13 00:02:53,951 13452  INFO  [637ce9] Started processing user request. Id = 637ce919-25e7-466a-b8db-6c81c1be92ad. Size = 61.29 KB.
2018-11-13 00:02:53,956 13457  INFO  [637ce9] Doing some complicated stuff.. Random numbers are: 1270937929, 32103395, 215207711.
2018-11-13 00:02:53,965 13466  INFO  [BackgroundDaemon] Processing data (7% completed)..
2018-11-13 00:02:53,978 13479  INFO  [d140cd] Started processing user request. Id = d140cd7b-55a9-44ee-b57f-453837e4d8b0. Size = 17.76 KB.
2018-11-13 00:02:53,989 13490  INFO  [d140cd] Doing some complicated stuff.. Random numbers are: 1875511063, 1538380015, 758564634.
2018-11-13 00:02:53,990 13491  INFO  [637ce9] Here's some useful guids:
		c59f367c-c6ec-4f23-b771-480d3a3b983f
		0514ccd3-64ec-45d5-ba1d-b7150d17d875
		6f974154-02f1-46d8-8cb9-54f7b3bc100c
2018-11-13 00:02:54,011 13512  INFO  [d140cd] Here's some useful guids:
		ab3541ba-383d-440e-a8d2-95afcd786a89
		be397e3e-767a-45da-a534-ba277acbdd3d
		8975d4b7-5ca6-4d35-bff2-749c2f4829da
		292e927a-2fbd-40fe-bbb5-6b18b1aaf549
2018-11-13 00:02:54,014 13515  INFO  [637ce9] Finished processing user request with id = 637ce919-25e7-466a-b8db-6c81c1be92ad in 00:00:00.0631364.
2018-11-13 00:02:54,028 13529  INFO  [d46abd] Started processing user request. Id = d46abd8b-6a1a-4f49-b156-1e81b60c06be. Size = 59.12 KB.
2018-11-13 00:02:54,036 13537  INFO  [d46abd] Doing some complicated stuff.. Random numbers are: 31449890, 36959082, 1576337203.
2018-11-13 00:02:54,040 13541  INFO  [d140cd] Finished processing user request with id = d140cd7b-55a9-44ee-b57f-453837e4d8b0 in 00:00:00.0613403.
2018-11-13 00:02:54,044 13545  INFO  [BackgroundDaemon] Processing data (35% completed)..
2018-11-13 00:02:54,072 13573  INFO  [d46abd] Finished processing user request with id = d46abd8b-6a1a-4f49-b156-1e81b60c06be in 00:00:00.0439937.
2018-11-13 00:02:54,072 13573  INFO  [3a5ee8] Started processing user request. Id = 3a5ee86a-0db9-4175-82c6-5171d9545784. Size = 91.65 KB.
2018-11-13 00:02:54,072 13573  INFO  [3a5ee8] Doing some complicated stuff.. Random numbers are: 1164835826, 245963478, 1419849437.
2018-11-13 00:02:54,085 13586  INFO  [04799e] Started processing user request. Id = 04799e9f-ed3c-42b1-9ad9-4b1ecabe7ae8. Size = 80.82 KB.
2018-11-13 00:02:54,088 13589  INFO  [04799e] Doing some complicated stuff.. Random numbers are: 1076168970, 1477681841, 805258882.
2018-11-13 00:02:54,088 13589  INFO  [dadd9e] Started processing user request. Id = dadd9eb5-55b1-4d8e-8ccc-e58f4780c028. Size = 63.11 KB.
2018-11-13 00:02:54,091 13592  INFO  [BackgroundDaemon] Processing data (65% completed)..
2018-11-13 00:02:54,091 13592  INFO  [BackgroundDaemon] Finished iteration in 00:00:00.2114804.
2018-11-13 00:02:54,099 13600  INFO  [dadd9e] Doing some complicated stuff.. Random numbers are: 337683747, 594598362, 708652570.
2018-11-13 00:02:54,101 13602  INFO  [04799e] Here's some useful guids:
		c294ce01-b398-4e2c-a719-b2266f313862
2018-11-13 00:02:54,106 13607  INFO  [3a5ee8] Here's some useful guids:
		60ba0453-8cd5-4361-8547-380daa12fcb7
		9901d4ac-1b81-4f2b-a1f5-a552208aea42
		93ded8a0-2b14-4e41-90d1-26589edc6ee0
		d24e8142-26eb-4a62-86c2-564f7a3fe1cb
		1b8bc547-2779-484a-a570-eed148939436
2018-11-13 00:02:54,116 13617  INFO  [dadd9e] Here's some useful guids:
		161d3f6d-80db-473f-be43-eea88b669287
2018-11-13 00:02:54,126 13627  INFO  [04799e] Finished processing user request with id = 04799e9f-ed3c-42b1-9ad9-4b1ecabe7ae8 in 00:00:00.0415492.
2018-11-13 00:02:54,135 13636  INFO  [3a5ee8] Finished processing user request with id = 3a5ee86a-0db9-4175-82c6-5171d9545784 in 00:00:00.0628517.
2018-11-13 00:02:54,140 13641  INFO  [7dcada] Started processing user request. Id = 7dcada41-89c6-49a2-baf7-637ade0f7078. Size = 12.65 KB.
2018-11-13 00:02:54,140 13641  INFO  [7dcada] Doing some complicated stuff.. Random numbers are: 226287947, 1546458828, 1078094611.
2018-11-13 00:02:54,145 13647  ERROR [dadd9e] 
System.InvalidOperationException: Oh no! An error occurred!
2018-11-13 00:02:54,166 13667  INFO  [8c198c] Started processing user request. Id = 8c198ca4-d9a6-4381-b9b2-844f6214aadf. Size = 44.85 KB.
2018-11-13 00:02:54,177 13678  INFO  [7dcada] Finished processing user request with id = 7dcada41-89c6-49a2-baf7-637ade0f7078 in 00:00:00.0368555.
2018-11-13 00:02:54,183 13684  INFO  [8c198c] Doing some complicated stuff.. Random numbers are: 1662502833, 1850789210, 123745824.
2018-11-13 00:02:54,190 13691  INFO  [2ed29d] Started processing user request. Id = 2ed29d55-ad8e-4e97-b907-abd4f84b7b8e. Size = 94.13 KB.
2018-11-13 00:02:54,199 13700  INFO  [2ed29d] Doing some complicated stuff.. Random numbers are: 72154492, 1982397237, 2054531144.
2018-11-13 00:02:54,225 13726  INFO  [8c198c] Finished processing user request with id = 8c198ca4-d9a6-4381-b9b2-844f6214aadf in 00:00:00.0591212.
2018-11-13 00:02:54,230 13731  INFO  [2ed29d] Finished processing user request with id = 2ed29d55-ad8e-4e97-b907-abd4f84b7b8e in 00:00:00.0403117.
2018-11-13 00:02:54,244 13745  INFO  [3c33eb] Started processing user request. Id = 3c33eb78-1667-4841-9e08-5e4f42c6aecc. Size = 84.65 KB.
2018-11-13 00:02:54,252 13753  INFO  [3c33eb] Doing some complicated stuff.. Random numbers are: 1701576253, 2137438246, 354495186.
2018-11-13 00:02:54,256 13757  INFO  [ac1b2b] Started processing user request. Id = ac1b2b18-ce5a-4c56-98fc-3e3845441c46. Size = 63.63 KB.
2018-11-13 00:02:54,265 13766  INFO  [ac1b2b] Doing some complicated stuff.. Random numbers are: 1468239999, 1198557823, 704745536.
2018-11-13 00:02:54,291 13792  INFO  [BackgroundDaemon] Starting iteration #15468.
2018-11-13 00:02:54,292 13793  INFO  [3c33eb] Finished processing user request with id = 3c33eb78-1667-4841-9e08-5e4f42c6aecc in 00:00:00.0482338.
2018-11-13 00:02:54,293 13794  INFO  [ac1b2b] Here's some useful guids:
		22f73aa1-ed9b-43a9-b5f7-b6def5617c83
		9575448a-1107-409e-8d0e-0ee36d939b18
		f7a701c7-62bb-4496-b8b2-8f4517d55685
2018-11-13 00:02:54,297 13798  INFO  [Metrics] Cpu: 0.39%; Memory: 19.79 GB/31.88 GB; Workers: 4/1024; IOCP: 0/1024
2018-11-13 00:02:54,306 13807  INFO  [304545] Started processing user request. Id = 304545d1-80e3-444f-8534-8de464e6ede2. Size = 52.28 KB.
2018-11-13 00:02:54,311 13812  INFO  [304545] Doing some complicated stuff.. Random numbers are: 1526438690, 1335432887, 1604999046.
2018-11-13 00:02:54,313 13814  INFO  [640b9f] Started processing user request. Id = 640b9f0d-93ef-4a7c-a015-12a6817740c9. Size = 21.41 KB.
2018-11-13 00:02:54,316 13818  INFO  [ac1b2b] Finished processing user request with id = ac1b2b18-ce5a-4c56-98fc-3e3845441c46 in 00:00:00.0606197.
2018-11-13 00:02:54,328 13830  INFO  [BackgroundDaemon] Processing data (15% completed)..
2018-11-13 00:02:54,329 13831  INFO  [640b9f] Doing some complicated stuff.. Random numbers are: 1413834246, 252010400, 1787868642.
2018-11-13 00:02:54,344 13846  INFO  [304545] Finished processing user request with id = 304545d1-80e3-444f-8534-8de464e6ede2 in 00:00:00.0385144.
2018-11-13 00:02:54,348 13849  INFO  [679ef1] Started processing user request. Id = 679ef1b5-db01-4581-8215-edf31a637028. Size = 14.28 KB.
2018-11-13 00:02:54,356 13857  INFO  [679ef1] Doing some complicated stuff.. Random numbers are: 1403754544, 1244478137, 493416876.
2018-11-13 00:02:54,358 13859  INFO  [640b9f] Here's some useful guids:
		361b4b60-1525-41f2-9085-3ce293d8b283
		9162bdff-5dea-4ac1-ad5b-0d150b37a7fd
2018-11-13 00:02:54,358 13859  INFO  [b944a6] Started processing user request. Id = b944a6bd-9802-423c-a586-c1d2192a8103. Size = 48.78 KB.
2018-11-13 00:02:54,362 13863  INFO  [679ef1] Finished processing user request with id = 679ef1b5-db01-4581-8215-edf31a637028 in 00:00:00.0143055.
2018-11-13 00:02:54,370 13871  INFO  [b944a6] Doing some complicated stuff.. Random numbers are: 1100838926, 1462169366, 92192983.
2018-11-13 00:02:54,371 13872  INFO  [BackgroundDaemon] Processing data (29% completed)..
2018-11-13 00:02:54,380 13881  INFO  [640b9f] Finished processing user request with id = 640b9f0d-93ef-4a7c-a015-12a6817740c9 in 00:00:00.0670665.
2018-11-13 00:02:54,385 13886  INFO  [b944a6] Finished processing user request with id = b944a6bd-9802-423c-a586-c1d2192a8103 in 00:00:00.0271454.
2018-11-13 00:02:54,393 13894  INFO  [a736d8] Started processing user request. Id = a736d88d-a9ac-4556-a7e9-2a317b1e871b. Size = 89.87 KB.
2018-11-13 00:02:54,398 13899  INFO  [8b9437] Started processing user request. Id = 8b94378e-8ac7-4bf5-9bb1-0f538241d57f. Size = 77.52 KB.
2018-11-13 00:02:54,402 13903  INFO  [8b9437] Doing some complicated stuff.. Random numbers are: 1169121473, 145109998, 1119115622.
2018-11-13 00:02:54,405 13906  INFO  [a736d8] Doing some complicated stuff.. Random numbers are: 1509881943, 979786652, 976562913.
2018-11-13 00:02:54,413 13914  INFO  [8b9437] Finished processing user request with id = 8b94378e-8ac7-4bf5-9bb1-0f538241d57f in 00:00:00.0148691.
2018-11-13 00:02:54,426 13927  INFO  [5f1b6a] Started processing user request. Id = 5f1b6a78-8897-4330-8b80-e4a327a05e87. Size = 96.1 KB.
2018-11-13 00:02:54,429 13930  INFO  [5f1b6a] Doing some complicated stuff.. Random numbers are: 1832439756, 1688338595, 148743035.
2018-11-13 00:02:54,431 13932  INFO  [BackgroundDaemon] Processing data (61% completed)..
2018-11-13 00:02:54,431 13932  INFO  [BackgroundDaemon] Finished iteration in 00:00:00.1403849.
2018-11-13 00:02:54,432 13933  INFO  [a736d8] Finished processing user request with id = a736d88d-a9ac-4556-a7e9-2a317b1e871b in 00:00:00.0389569.
2018-11-13 00:02:54,452 13953  INFO  [5f1b6a] Here's some useful guids:
		8e965007-50bb-42f7-ab01-37e56107e3b4
2018-11-13 00:02:54,464 13965  INFO  [91d4c7] Started processing user request. Id = 91d4c75a-7ab4-417b-87a6-767b04221f39. Size = 1.13 KB.
2018-11-13 00:02:54,468 13969  INFO  [5f1b6a] Finished processing user request with id = 5f1b6a78-8897-4330-8b80-e4a327a05e87 in 00:00:00.0418404.
2018-11-13 00:02:54,477 13978  INFO  [91d4c7] Doing some complicated stuff.. Random numbers are: 1957151285, 2110274578, 548398864.
2018-11-13 00:02:54,481 13982  INFO  [a95086] Started processing user request. Id = a9508623-8709-40b7-bbee-7c3238b59ab2. Size = 33.09 KB.
2018-11-13 00:02:54,490 13992  INFO  [91d4c7] Here's some useful guids:
		ff141637-62dd-47b8-b610-d3a1c4a59c88
		e2f2f6a5-6917-4d54-8775-485155053e04
2018-11-13 00:02:54,495 13996  INFO  [a95086] Doing some complicated stuff.. Random numbers are: 1534950892, 435804840, 548986821.
2018-11-13 00:02:54,498 14000  INFO  [91d4c7] Finished processing user request with id = 91d4c75a-7ab4-417b-87a6-767b04221f39 in 00:00:00.0343042.
2018-11-13 00:02:54,500 14002  INFO  [a95086] Here's some useful guids:
		d0bb7488-e588-40f3-94df-3afc6d86cfea
		b56d6da7-5934-4994-92d8-17c6c104d498
		f5853bc2-8665-46b5-951a-5a56c00cd31f
		112fc6d0-a4b0-4f3d-8436-2844bc2983fb
2018-11-13 00:02:54,511 14012  INFO  [a95086] Finished processing user request with id = a9508623-8709-40b7-bbee-7c3238b59ab2 in 00:00:00.0292635.
2018-11-13 00:02:54,524 14025  INFO  [63c489] Started processing user request. Id = 63c4895c-5b8e-494f-9ebb-569edf5451de. Size = 34.99 KB.
2018-11-13 00:02:54,530 14031  INFO  [0b5e9e] Started processing user request. Id = 0b5e9ed1-06fc-419b-8465-e595cc01a91b. Size = 21.03 KB.
2018-11-13 00:02:54,533 14034  INFO  [63c489] Doing some complicated stuff.. Random numbers are: 771217279, 308917476, 243397410.
2018-11-13 00:02:54,538 14039  INFO  [0b5e9e] Doing some complicated stuff.. Random numbers are: 868388204, 896305812, 1092487370.
2018-11-13 00:02:54,548 14049  INFO  [73ab4a] Started processing user request. Id = 73ab4a96-1df3-4cee-920b-783b0aa62ba4. Size = 37.69 KB.
2018-11-13 00:02:54,558 14059  INFO  [73ab4a] Doing some complicated stuff.. Random numbers are: 1868860144, 1638675019, 1394661119.
2018-11-13 00:02:54,568 14069  INFO  [73ab4a] Here's some useful guids:
		1ed3237f-95b6-4a4d-9cc3-ca249faa92d3
		ca71e6ee-bdb5-4bf8-87f6-89251ee59473
		8623590b-d559-49fe-a37d-d61dd4a9a0c9
2018-11-13 00:02:54,576 14077  INFO  [0b5e9e] Finished processing user request with id = 0b5e9ed1-06fc-419b-8465-e595cc01a91b in 00:00:00.0462470.
2018-11-13 00:02:54,584 14085  INFO  [63c489] Finished processing user request with id = 63c4895c-5b8e-494f-9ebb-569edf5451de in 00:00:00.0602535.
2018-11-13 00:02:54,586 14087  INFO  [73ab4a] Finished processing user request with id = 73ab4a96-1df3-4cee-920b-783b0aa62ba4 in 00:00:00.0381974.
2018-11-13 00:02:54,597 14098  INFO  [9bda48] Started processing user request. Id = 9bda4847-3ace-4cb4-846b-818a236fa727. Size = 68.28 KB.
2018-11-13 00:02:54,607 14108  INFO  [b9a6cf] Started processing user request. Id = b9a6cf7c-2af0-4652-9500-95195cf96f2a. Size = 25.56 KB.
2018-11-13 00:02:54,610 14111  INFO  [9bda48] Doing some complicated stuff.. Random numbers are: 2079601386, 1061885474, 1850345934.
2018-11-13 00:02:54,618 14119  INFO  [b9a6cf] Doing some complicated stuff.. Random numbers are: 1601373382, 124496060, 776906172.
2018-11-13 00:02:54,632 14133  INFO  [BackgroundDaemon] Starting iteration #15469.
2018-11-13 00:02:54,658 14159  INFO  [9bda48] Finished processing user request with id = 9bda4847-3ace-4cb4-846b-818a236fa727 in 00:00:00.0612986.
2018-11-13 00:02:54,667 14168  ERROR [b9a6cf] 
System.InvalidOperationException: Oh no! An error occurred!
2018-11-13 00:02:54,672 14173  INFO  [a8a8eb] Started processing user request. Id = a8a8eb44-756f-4954-8050-25bd0e1ed7b7. Size = 55.25 KB.
2018-11-13 00:02:54,690 14191  INFO  [a8a8eb] Doing some complicated stuff.. Random numbers are: 1004796421, 1899506021, 1775931206.
2018-11-13 00:02:54,698 14199  INFO  [8925b7] Started processing user request. Id = 8925b7c4-4515-490f-a2c4-753460279759. Size = 4.05 KB.
2018-11-13 00:02:54,703 14204  INFO  [8925b7] Doing some complicated stuff.. Random numbers are: 325973125, 1594723874, 786488427.
2018-11-13 00:02:54,708 14209  INFO  [BackgroundDaemon] Processing data (19% completed)..
2018-11-13 00:02:54,717 14218  INFO  [a8a8eb] Finished processing user request with id = a8a8eb44-756f-4954-8050-25bd0e1ed7b7 in 00:00:00.0452427.
2018-11-13 00:02:54,723 14224  INFO  [8925b7] Here's some useful guids:
		91b0252b-91ff-4f2d-883d-010a3fc1101e
2018-11-13 00:02:54,730 14232  INFO  [8925b7] Finished processing user request with id = 8925b7c4-4515-490f-a2c4-753460279759 in 00:00:00.0322415.
2018-11-13 00:02:54,730 14232  INFO  [1199fd] Started processing user request. Id = 1199fd35-9625-48d0-a768-f8d1b81b2231. Size = 95.71 KB.
2018-11-13 00:02:54,736 14237  INFO  [1199fd] Doing some complicated stuff.. Random numbers are: 1973789831, 352855544, 937609652.
2018-11-13 00:02:54,750 14251  INFO  [1199fd] Here's some useful guids:
		17eb8012-1e70-47c4-b19e-67f9e92787df
2018-11-13 00:02:54,754 14255  INFO  [c2c58b] Started processing user request. Id = c2c58b16-65c2-4f10-bb14-03604d5e8a53. Size = 25.02 KB.
2018-11-13 00:02:54,756 14257  INFO  [BackgroundDaemon] Processing data (49% completed)..
2018-11-13 00:02:54,762 14264  INFO  [d9affa] Started processing user request. Id = d9affaeb-ca24-4a93-9ae3-97847720a657. Size = 9.45 KB.
2018-11-13 00:02:54,766 14267  INFO  [1199fd] Finished processing user request with id = 1199fd35-9625-48d0-a768-f8d1b81b2231 in 00:00:00.0355637.
2018-11-13 00:02:54,769 14270  INFO  [d9affa] Doing some complicated stuff.. Random numbers are: 557465476, 2125564932, 1859839538.
2018-11-13 00:02:54,770 14271  INFO  [c2c58b] Doing some complicated stuff.. Random numbers are: 882971375, 1438931143, 1574465035.
2018-11-13 00:02:54,780 14281  INFO  [373caa] Started processing user request. Id = 373caac6-bfac-4f65-9a26-6d237fd9b458. Size = 69.63 KB.
2018-11-13 00:02:54,793 14295  INFO  [373caa] Doing some complicated stuff.. Random numbers are: 447221377, 1734223529, 1361594000.
2018-11-13 00:02:54,796 14298  INFO  [Metrics] Cpu: 1.64%; Memory: 19.79 GB/31.88 GB; Workers: 4/1024; IOCP: 0/1024
2018-11-13 00:02:54,800 14301  INFO  [c2c58b] Here's some useful guids:
		38bef43f-2003-401f-b7d4-fe98216c9638
		2c497809-164c-44b7-9b47-26a82863fcb0
2018-11-13 00:02:54,805 14306  INFO  [d9affa] Finished processing user request with id = d9affaeb-ca24-4a93-9ae3-97847720a657 in 00:00:00.0422266.
2018-11-13 00:02:54,824 14326  INFO  [c2c58b] Finished processing user request with id = c2c58b16-65c2-4f10-bb14-03604d5e8a53 in 00:00:00.0709122.
2018-11-13 00:02:54,831 14332  INFO  [BackgroundDaemon] Processing data (67% completed)..
2018-11-13 00:02:54,831 14332  INFO  [BackgroundDaemon] Finished iteration in 00:00:00.1995329.
2018-11-13 00:02:54,837 14338  INFO  [259fe7] Started processing user request. Id = 259fe7d5-c302-4062-9ccd-4e312dff2f38. Size = 13.07 KB.
2018-11-13 00:02:54,840 14341  INFO  [259fe7] Doing some complicated stuff.. Random numbers are: 1705611261, 1391558378, 2096068512.
2018-11-13 00:02:54,842 14343  INFO  [373caa] Finished processing user request with id = 373caac6-bfac-4f65-9a26-6d237fd9b458 in 00:00:00.0622097.
2018-11-13 00:02:54,855 14356  INFO  [ef0e42] Started processing user request. Id = ef0e4233-6af2-4725-9745-eb2441cd000c. Size = 19.47 KB.
2018-11-13 00:02:54,871 14372  INFO  [259fe7] Here's some useful guids:
		c3cda671-ebe8-499f-b604-43c74dac2590
		8c8f9426-6659-4afb-bc9b-bc4f304172dd
2018-11-13 00:02:54,872 14373  INFO  [ef0e42] Doing some complicated stuff.. Random numbers are: 991960976, 1477738536, 1137475541.
2018-11-13 00:02:54,879 14380  INFO  [259fe7] Finished processing user request with id = 259fe7d5-c302-4062-9ccd-4e312dff2f38 in 00:00:00.0418093.
2018-11-13 00:02:54,897 14398  INFO  [ef0e42] Here's some useful guids:
		ea0858b8-0fcb-4c95-b2f7-98968d16a617
		e4bb5911-028a-401b-9766-3582563c8565
2018-11-13 00:02:54,910 14411  INFO  [b9536e] Started processing user request. Id = b9536eda-7cbc-4552-91d4-d7f7b2b20a6d. Size = 53.94 KB.
2018-11-13 00:02:54,916 14417  INFO  [b9536e] Doing some complicated stuff.. Random numbers are: 703126584, 1303828785, 804508259.
2018-11-13 00:02:54,919 14420  INFO  [ef0e42] Finished processing user request with id = ef0e4233-6af2-4725-9745-eb2441cd000c in 00:00:00.0638194.
2018-11-13 00:02:54,923 14424  INFO  [b9536e] Here's some useful guids:
		030ed309-7fcb-4555-b84f-148de0f2914d
		59ce506c-bd22-49bb-bc37-02405837afd5
2018-11-13 00:02:54,932 14434  INFO  [0cb69e] Started processing user request. Id = 0cb69e27-753c-4a9a-a886-f0d942298ad5. Size = 57.6 KB.
2018-11-13 00:02:54,935 14436  INFO  [0cb69e] Doing some complicated stuff.. Random numbers are: 987485419, 1289366153, 1687762062.
2018-11-13 00:02:54,937 14438  INFO  [b9536e] Finished processing user request with id = b9536eda-7cbc-4552-91d4-d7f7b2b20a6d in 00:00:00.0272469.
2018-11-13 00:02:54,966 14467  INFO  [0cb69e] Here's some useful guids:
		19a1468f-eee6-4ef7-8536-915dbb0233ec
		f7612f79-8bef-4b19-9bd8-7dec454ba84c
		7cb7a209-c5e9-4b9a-8e12-0eacaa6f9afe
2018-11-13 00:02:54,968 14469  INFO  [92c93b] Started processing user request. Id = 92c93b79-b2e5-4ad7-8d00-65681f179f21. Size = 90.5 KB.
2018-11-13 00:02:54,968 14469  INFO  [92c93b] Doing some complicated stuff.. Random numbers are: 858708398, 856466372, 1382741149.
2018-11-13 00:02:54,981 14483  INFO  [0cb69e] Finished processing user request with id = 0cb69e27-753c-4a9a-a886-f0d942298ad5 in 00:00:00.0489634.
2018-11-13 00:02:54,981 14483  INFO  [92c93b] Here's some useful guids:
		6b8ae4e5-ff50-499a-996a-9af829e50696
2018-11-13 00:02:54,992 14494  INFO  [a4ca8e] Started processing user request. Id = a4ca8eea-eaa7-4a41-9fe4-948382de8f55. Size = 94.04 KB.
2018-11-13 00:02:54,994 14496  INFO  [a4ca8e] Doing some complicated stuff.. Random numbers are: 260477591, 654088907, 110870934.
2018-11-13 00:02:54,995 14497  INFO  [986d6a] Started processing user request. Id = 986d6a23-ae80-4709-a67b-88daa3d81622. Size = 61.55 KB.
2018-11-13 00:02:54,998 14500  INFO  [92c93b] Finished processing user request with id = 92c93b79-b2e5-4ad7-8d00-65681f179f21 in 00:00:00.0306274.
2018-11-13 00:02:55,005 14506  INFO  [986d6a] Doing some complicated stuff.. Random numbers are: 1634241658, 377343783, 1703136820.
2018-11-13 00:02:55,020 14521  INFO  [a4ca8e] Finished processing user request with id = a4ca8eea-eaa7-4a41-9fe4-948382de8f55 in 00:00:00.0270991.
2018-11-13 00:02:55,030 14531  INFO  [fcc33f] Started processing user request. Id = fcc33f11-3d72-4df1-ae36-9967e61ec10b. Size = 50.95 KB.
2018-11-13 00:02:55,032 14533  INFO  [BackgroundDaemon] Starting iteration #15470.
2018-11-13 00:02:55,040 14541  INFO  [fcc33f] Doing some complicated stuff.. Random numbers are: 365397770, 894727912, 1302015949.
2018-11-13 00:02:55,041 14542  INFO  [986d6a] Here's some useful guids:
		233e2095-a23b-4fb0-a6a8-ed68f77c69ba
		f980ffed-aa20-4ee6-a5d0-4898be78d9a1
2018-11-13 00:02:55,045 14547  INFO  [986d6a] Finished processing user request with id = 986d6a23-ae80-4709-a67b-88daa3d81622 in 00:00:00.0499760.
2018-11-13 00:02:55,059 14560  INFO  [246053] Started processing user request. Id = 24605315-9b9a-4b0d-9f82-75c6d5805d76. Size = 18.77 KB.
2018-11-13 00:02:55,070 14571  INFO  [fcc33f] Here's some useful guids:
		f0e4676b-16f3-41fa-978d-bce9a92b96a9
		f4da01f8-8943-436a-9da0-d9b606344406
		3948fba9-98a0-47f3-b8f8-62955f9fc8d8
2018-11-13 00:02:55,075 14576  ERROR [fcc33f] 
System.InvalidOperationException: Oh no! An error occurred!
2018-11-13 00:02:55,078 14579  INFO  [246053] Doing some complicated stuff.. Random numbers are: 1347620877, 676887790, 675396046.
2018-11-13 00:02:55,105 14606  INFO  [246053] Finished processing user request with id = 24605315-9b9a-4b0d-9f82-75c6d5805d76 in 00:00:00.0463547.
2018-11-13 00:02:55,106 14607  INFO  [2bc53d] Started processing user request. Id = 2bc53d14-6a8d-4a82-a04b-73c2e56ab3fd. Size = 28.03 KB.
2018-11-13 00:02:55,112 14613  INFO  [2bc53d] Doing some complicated stuff.. Random numbers are: 317994922, 1091124488, 1532431200.
2018-11-13 00:02:55,117 14618  INFO  [BackgroundDaemon] Processing data (15% completed)..
2018-11-13 00:02:55,118 14619  INFO  [bd408e] Started processing user request. Id = bd408ee6-0625-46a8-8b4c-4b4ccfdbcc07. Size = 50.87 KB.
2018-11-13 00:02:55,126 14627  INFO  [bd408e] Doing some complicated stuff.. Random numbers are: 2095630600, 767792355, 1349889613.
2018-11-13 00:02:55,166 14667  INFO  [2bc53d] Finished processing user request with id = 2bc53d14-6a8d-4a82-a04b-73c2e56ab3fd in 00:00:00.0600981.
2018-11-13 00:02:55,172 14673  INFO  [BackgroundDaemon] Processing data (30% completed)..
2018-11-13 00:02:55,173 14674  INFO  [bd408e] Finished processing user request with id = bd408ee6-0625-46a8-8b4c-4b4ccfdbcc07 in 00:00:00.0550442.
2018-11-13 00:02:55,186 14687  INFO  [3293e7] Started processing user request. Id = 3293e715-be91-45d7-8222-465964d91184. Size = 41.45 KB.
2018-11-13 00:02:55,186 14687  INFO  [3293e7] Doing some complicated stuff.. Random numbers are: 738466060, 316233214, 696608936.
2018-11-13 00:02:55,187 14688  INFO  [b8a863] Started processing user request. Id = b8a86331-4d41-48d1-8aff-38bcc7d91ccc. Size = 62.17 KB.
2018-11-13 00:02:55,195 14696  INFO  [BackgroundDaemon] Processing data (82% completed)..
2018-11-13 00:02:55,195 14696  INFO  [BackgroundDaemon] Finished iteration in 00:00:00.1636178.
2018-11-13 00:02:55,196 14697  INFO  [b8a863] Doing some complicated stuff.. Random numbers are: 1524707021, 1126031543, 264865544.
2018-11-13 00:02:55,197 14698  INFO  [f01eea] Started processing user request. Id = f01eea5d-ab8c-4966-9ccc-28a4430187d6. Size = 77.64 KB.
2018-11-13 00:02:55,213 14714  INFO  [f01eea] Doing some complicated stuff.. Random numbers are: 493413660, 846534118, 968176959.
2018-11-13 00:02:55,223 14724  INFO  [b8a863] Here's some useful guids:
		6f920d50-c10d-4dc3-b497-6a5d2dae4c11
		5e0347fc-d4ac-491a-b4b4-52b316e2c096
		ceaaed34-4c38-4922-aad5-f89cfc41290c
		eafa3a4b-6756-49e0-98fe-bf09b0e69d98
2018-11-13 00:02:55,227 14729  INFO  [3293e7] Finished processing user request with id = 3293e715-be91-45d7-8222-465964d91184 in 00:00:00.0412926.
2018-11-13 00:02:55,235 14736  INFO  [b8a863] Finished processing user request with id = b8a86331-4d41-48d1-8aff-38bcc7d91ccc in 00:00:00.0479652.
2018-11-13 00:02:55,236 14737  INFO  [f01eea] Here's some useful guids:
		4f10fc6f-01a0-44c3-9f9f-183198c15e52
		77a54df4-668d-4195-b94f-a74abae33d5f
		5b667d66-645d-474b-9e59-9447803869c4
		3321ed07-7405-4690-a834-19a78a668eca
2018-11-13 00:02:55,241 14743  INFO  [210a06] Started processing user request. Id = 210a06ee-56b5-4d40-b51a-694f5c5a330b. Size = 28.09 KB.
2018-11-13 00:02:55,248 14750  INFO  [f01eea] Finished processing user request with id = f01eea5d-ab8c-4966-9ccc-28a4430187d6 in 00:00:00.0511883.
2018-11-13 00:02:55,259 14760  INFO  [210a06] Doing some complicated stuff.. Random numbers are: 1332185901, 1305661148, 1503323691.
2018-11-13 00:02:55,277 14778  INFO  [210a06] Finished processing user request with id = 210a06ee-56b5-4d40-b51a-694f5c5a330b in 00:00:00.0351015.
2018-11-13 00:02:55,280 14781  INFO  [71b8b3] Started processing user request. Id = 71b8b353-1a33-4b43-9b71-d4b1697f45f3. Size = 63.02 KB.
2018-11-13 00:02:55,286 14787  INFO  [71b8b3] Doing some complicated stuff.. Random numbers are: 171406603, 1450744239, 829298274.
2018-11-13 00:02:55,289 14791  INFO  [71b8b3] Here's some useful guids:
		0529beb1-3b00-4678-aadb-8a5835fc37d9
2018-11-13 00:02:55,290 14792  INFO  [ffe215] Started processing user request. Id = ffe21502-0e86-4e6f-b081-2d4f891fdf37. Size = 42 KB.
2018-11-13 00:02:55,293 14795  INFO  [ffe215] Doing some complicated stuff.. Random numbers are: 613970107, 1211123777, 578866012.
2018-11-13 00:02:55,295 14797  INFO  [Metrics] Cpu: 1.64%; Memory: 19.79 GB/31.88 GB; Workers: 4/1024; IOCP: 0/1024
2018-11-13 00:02:55,317 14819  INFO  [71b8b3] Finished processing user request with id = 71b8b353-1a33-4b43-9b71-d4b1697f45f3 in 00:00:00.0374308.
2018-11-13 00:02:55,321 14822  INFO  [ffe215] Here's some useful guids:
		53176dfe-94f0-4cba-9252-abfebb2f08bf
2018-11-13 00:02:55,347 14848  INFO  [ffe215] Finished processing user request with id = ffe21502-0e86-4e6f-b081-2d4f891fdf37 in 00:00:00.0560867.
2018-11-13 00:02:55,349 14850  INFO  [61247a] Started processing user request. Id = 61247a06-a240-42b7-9a43-b0b9ca906b03. Size = 61.21 KB.
2018-11-13 00:02:55,361 14862  INFO  [b8c560] Started processing user request. Id = b8c56040-2aca-4825-9044-b6e284406bdc. Size = 6.45 KB.
2018-11-13 00:02:55,363 14864  INFO  [b8c560] Doing some complicated stuff.. Random numbers are: 423677301, 159296302, 1416736426.
2018-11-13 00:02:55,368 14869  INFO  [61247a] Doing some complicated stuff.. Random numbers are: 945264143, 286285053, 1097983957.
2018-11-13 00:02:55,396 14897  INFO  [BackgroundDaemon] Starting iteration #15471.
2018-11-13 00:02:55,403 14904  INFO  [77a9b4] Started processing user request. Id = 77a9b449-4a33-42d2-baf3-744190a6de6f. Size = 9.64 KB.
2018-11-13 00:02:55,405 14906  INFO  [77a9b4] Doing some complicated stuff.. Random numbers are: 1272426377, 955074578, 1996233920.
2018-11-13 00:02:55,406 14907  INFO  [b8c560] Finished processing user request with id = b8c56040-2aca-4825-9044-b6e284406bdc in 00:00:00.0450834.
2018-11-13 00:02:55,419 14920  INFO  [00f90f] Started processing user request. Id = 00f90f32-68bf-4eac-86a1-58f4165e7bd3. Size = 4.32 KB.
2018-11-13 00:02:55,424 14926  INFO  [61247a] Finished processing user request with id = 61247a06-a240-42b7-9a43-b0b9ca906b03 in 00:00:00.0758177.
2018-11-13 00:02:55,431 14933  INFO  [00f90f] Doing some complicated stuff.. Random numbers are: 368053185, 1231734158, 1158107909.
2018-11-13 00:02:55,431 14933  INFO  [77a9b4] Here's some useful guids:
		4602802a-b8c1-4ee7-9435-84661df7b156
		dabb1f4f-9bec-47b6-9cf9-ff770cc02da5
2018-11-13 00:02:55,437 14938  INFO  [00f90f] Here's some useful guids:
		dcebaa91-2615-4a4e-a5af-26bd90162612
		24a9272d-f964-4c17-b077-7e38d49ef517
		b30807ef-6252-45a0-abaa-3fe16fbbad16
		045e1c4d-5b36-4f93-80b4-2d8104b3f56d
2018-11-13 00:02:55,456 14957  INFO  [0f9a2f] Started processing user request. Id = 0f9a2f74-315c-40d8-a766-bdaa30963a1b. Size = 67.25 KB.
2018-11-13 00:02:55,460 14961  ERROR [00f90f] 
System.InvalidOperationException: Oh no! An error occurred!
2018-11-13 00:02:55,461 14962  INFO  [77a9b4] Finished processing user request with id = 77a9b449-4a33-42d2-baf3-744190a6de6f in 00:00:00.0581418.
2018-11-13 00:02:55,473 14974  INFO  [0f9a2f] Doing some complicated stuff.. Random numbers are: 1213369713, 1710160333, 248806283.
2018-11-13 00:02:55,474 14975  INFO  [500f4e] Started processing user request. Id = 500f4e50-8685-4fb2-a313-58fbef275121. Size = 66.92 KB.
2018-11-13 00:02:55,488 14989  INFO  [500f4e] Doing some complicated stuff.. Random numbers are: 1025732378, 746906681, 778963625.
2018-11-13 00:02:55,491 14992  INFO  [BackgroundDaemon] Processing data (13% completed)..
2018-11-13 00:02:55,500 15001  INFO  [500f4e] Here's some useful guids:
		20fbff37-cfb6-40a5-963a-e307ac2a5155
		1888a0fd-dced-4f01-a348-bcb45061cf5a
		5dff54b6-dc64-4b3b-80fb-be476c11edae
		3ac56d77-2575-4dcf-9b84-c589b080adab
2018-11-13 00:02:55,503 15004  INFO  [0f9a2f] Here's some useful guids:
		21fb6d1d-4137-471a-abe8-54c923090de2
		ef607ec6-a7bb-47ce-90d9-bd87ea006610
2018-11-13 00:02:55,507 15008  INFO  [0f9a2f] Finished processing user request with id = 0f9a2f74-315c-40d8-a766-bdaa30963a1b in 00:00:00.0507798.
2018-11-13 00:02:55,525 15026  INFO  [500f4e] Finished processing user request with id = 500f4e50-8685-4fb2-a313-58fbef275121 in 00:00:00.0512983.
2018-11-13 00:02:55,538 15039  INFO  [78f08a] Started processing user request. Id = 78f08ab8-2123-4229-96c1-4f46353ef9a9. Size = 81.21 KB.
2018-11-13 00:02:55,538 15039  INFO  [637304] Started processing user request. Id = 6373047b-8ace-4b72-acab-e218f093c312. Size = 64.22 KB.
2018-11-13 00:02:55,548 15049  INFO  [78f08a] Doing some complicated stuff.. Random numbers are: 2053907301, 1828781234, 1238785126.
2018-11-13 00:02:55,558 15059  INFO  [637304] Doing some complicated stuff.. Random numbers are: 668524755, 1327379436, 193909950.
2018-11-13 00:02:55,576 15078  INFO  [78f08a] Finished processing user request with id = 78f08ab8-2123-4229-96c1-4f46353ef9a9 in 00:00:00.0386595.
2018-11-13 00:02:55,583 15084  INFO  [BackgroundDaemon] Processing data (48% completed)..
2018-11-13 00:02:55,588 15089  INFO  [637304] Finished processing user request with id = 6373047b-8ace-4b72-acab-e218f093c312 in 00:00:00.0499654.
2018-11-13 00:02:55,601 15103  INFO  [3cb51d] Started processing user request. Id = 3cb51d9e-9a98-40ee-ac82-53295b2dc950. Size = 94.28 KB.
2018-11-13 00:02:55,607 15109  INFO  [e73f66] Started processing user request. Id = e73f66aa-460a-4743-b4ae-039a1b91915c. Size = 74.78 KB.
2018-11-13 00:02:55,614 15115  INFO  [3cb51d] Doing some complicated stuff.. Random numbers are: 1648582905, 239027741, 837323616.
2018-11-13 00:02:55,616 15117  INFO  [e73f66] Doing some complicated stuff.. Random numbers are: 1417191725, 1485371136, 1842836743.
2018-11-13 00:02:55,628 15129  INFO  [46285b] Started processing user request. Id = 46285b98-755a-409d-a19e-98cee0047f33. Size = 8.49 KB.
2018-11-13 00:02:55,630 15131  INFO  [3cb51d] Finished processing user request with id = 3cb51d9e-9a98-40ee-ac82-53295b2dc950 in 00:00:00.0281533.
2018-11-13 00:02:55,635 15136  INFO  [46285b] Doing some complicated stuff.. Random numbers are: 449779841, 996282980, 607709159.
2018-11-13 00:02:55,639 15141  INFO  [46285b] Here's some useful guids:
		2cad02ba-33be-4636-b3c1-3a6a1f955527
		b30d32e5-0eda-41bf-bf4c-2d558a034e99
2018-11-13 00:02:55,643 15145  INFO  [f136e0] Started processing user request. Id = f136e00f-2f2f-413e-98db-e4cca1a1c6f9. Size = 73.28 KB.
2018-11-13 00:02:55,643 15145  INFO  [e73f66] Here's some useful guids:
		30c35e92-560a-4e40-b67d-82cb631834d9
		2ee2f5cb-5619-462a-a35a-7b4cccbf2146
		6aa8c928-4d53-4d40-8a23-f856c1e12208
		e1099027-0b34-496e-9843-bf184a498d9e
		7dea9c2d-8fd7-460f-93bd-4593ec8d85f9
2018-11-13 00:02:55,652 15153  INFO  [BackgroundDaemon] Processing data (63% completed)..
2018-11-13 00:02:55,652 15153  INFO  [BackgroundDaemon] Finished iteration in 00:00:00.2559721.
2018-11-13 00:02:55,652 15153  INFO  [f136e0] Doing some complicated stuff.. Random numbers are: 91109300, 2112937424, 832114750.
2018-11-13 00:02:55,656 15157  INFO  [46285b] Finished processing user request with id = 46285b98-755a-409d-a19e-98cee0047f33 in 00:00:00.0276079.
2018-11-13 00:02:55,656 15157  INFO  [e73f66] Finished processing user request with id = e73f66aa-460a-4743-b4ae-039a1b91915c in 00:00:00.0480831.
2018-11-13 00:02:55,657 15158  INFO  [f136e0] Here's some useful guids:
		4b8d9a97-1cde-48f2-9ffe-3dd57cb90c58
		c1d8cf89-e05a-484d-a4a2-91482367d3f4
		986db46f-f7e5-40fc-9703-b27cef42b8e4
		88e4ce23-c92a-4ab9-8574-6d29374bff47
		a38359ca-ae21-4cf5-ba4e-3480f2b5edfc
2018-11-13 00:02:55,674 15175  INFO  [f136e0] Finished processing user request with id = f136e00f-2f2f-413e-98db-e4cca1a1c6f9 in 00:00:00.0304298.
2018-11-13 00:02:55,687 15188  INFO  [316df2] Started processing user request. Id = 316df2a6-be49-47c4-9a61-d8a112abb531. Size = 86.65 KB.
2018-11-13 00:02:55,688 15189  INFO  [d8f48d] Started processing user request. Id = d8f48d24-a6ac-499e-ba2a-6f30cea66ec0. Size = 81.91 KB.
2018-11-13 00:02:55,700 15202  INFO  [316df2] Doing some complicated stuff.. Random numbers are: 1973767320, 589031015, 1938585912.
2018-11-13 00:02:55,703 15205  INFO  [d8f48d] Doing some complicated stuff.. Random numbers are: 1191297194, 384390739, 158921601.
2018-11-13 00:02:55,719 15220  INFO  [d8f48d] Finished processing user request with id = d8f48d24-a6ac-499e-ba2a-6f30cea66ec0 in 00:00:00.0308661.
2018-11-13 00:02:55,729 15230  INFO  [316df2] Here's some useful guids:
		ae837b72-88fa-49cd-9f38-bb8d21d935c1
2018-11-13 00:02:55,732 15233  INFO  [e4950b] Started processing user request. Id = e4950b1d-75ea-452c-bd92-6a3984a3e96e. Size = 54.3 KB.
2018-11-13 00:02:55,742 15243  INFO  [e4950b] Doing some complicated stuff.. Random numbers are: 1781858138, 365296436, 296816820.
2018-11-13 00:02:55,744 15245  ERROR [316df2] 
System.InvalidOperationException: Oh no! An error occurred!
2018-11-13 00:02:55,775 15277  INFO  [e5d84c] Started processing user request. Id = e5d84cf1-7a5d-4122-85cc-8c92ae7cd6eb. Size = 89.51 KB.
2018-11-13 00:02:55,784 15285  INFO  [e5d84c] Doing some complicated stuff.. Random numbers are: 1701249970, 2044251602, 926010076.
2018-11-13 00:02:55,786 15288  ERROR [e4950b] 
System.InvalidOperationException: Oh no! An error occurred!
2018-11-13 00:02:55,794 15296  INFO  [Metrics] Cpu: 0.59%; Memory: 19.79 GB/31.88 GB; Workers: 4/1024; IOCP: 0/1024
2018-11-13 00:02:55,800 15302  INFO  [14a40e] Started processing user request. Id = 14a40e74-62f3-453a-9f3f-ac5de125b52a. Size = 62.67 KB.
2018-11-13 00:02:55,802 15304  INFO  [14a40e] Doing some complicated stuff.. Random numbers are: 238405913, 845782574, 73691681.
2018-11-13 00:02:55,807 15309  INFO  [e5d84c] Finished processing user request with id = e5d84cf1-7a5d-4122-85cc-8c92ae7cd6eb in 00:00:00.0319585.
2018-11-13 00:02:55,823 15324  INFO  [fb8b76] Started processing user request. Id = fb8b76e6-32b4-4b95-869f-58f4546c6fa9. Size = 51.48 KB.
2018-11-13 00:02:55,824 15325  INFO  [14a40e] Here's some useful guids:
		db1ffb86-40b0-481e-88de-3b4153d39dd5
		74d40906-7bec-4346-bdb3-59b7c08a25b3
		5755f542-b889-4b09-a868-23647bd9e174
2018-11-13 00:02:55,835 15336  INFO  [fb8b76] Doing some complicated stuff.. Random numbers are: 1428200942, 910005343, 2083459575.
2018-11-13 00:02:55,839 15340  INFO  [ba3ac7] Started processing user request. Id = ba3ac749-5fa1-40ff-a3e0-e9197d9937f6. Size = 84.73 KB.
2018-11-13 00:02:55,845 15346  INFO  [14a40e] Finished processing user request with id = 14a40e74-62f3-453a-9f3f-ac5de125b52a in 00:00:00.0442201.
2018-11-13 00:02:55,850 15351  INFO  [ba3ac7] Doing some complicated stuff.. Random numbers are: 1797244251, 1180324794, 200881994.
2018-11-13 00:02:55,852 15353  INFO  [BackgroundDaemon] Starting iteration #15472.
2018-11-13 00:02:55,853 15354  INFO  [ba3ac7] Here's some useful guids:
		6a52e88d-6dbb-42d9-92fc-253bb4a293de
2018-11-13 00:02:55,857 15358  INFO  [ba3ac7] Finished processing user request with id = ba3ac749-5fa1-40ff-a3e0-e9197d9937f6 in 00:00:00.0181567.
2018-11-13 00:02:55,858 15359  INFO  [819cf5] Started processing user request. Id = 819cf570-945f-45fa-bd72-e6bbc0436dde. Size = 59.2 KB.
2018-11-13 00:02:55,863 15364  INFO  [819cf5] Doing some complicated stuff.. Random numbers are: 991953349, 405501081, 260943783.
2018-11-13 00:02:55,866 15367  INFO  [fb8b76] Finished processing user request with id = fb8b76e6-32b4-4b95-869f-58f4546c6fa9 in 00:00:00.0430714.
2018-11-13 00:02:55,871 15372  INFO  [819cf5] Here's some useful guids:
		2106a4aa-b2e1-4206-b3d1-9c8237e3ae43
2018-11-13 00:02:55,884 15385  INFO  [819cf5] Finished processing user request with id = 819cf570-945f-45fa-bd72-e6bbc0436dde in 00:00:00.0258610.
2018-11-13 00:02:55,889 15390  INFO  [ead830] Started processing user request. Id = ead83072-38a8-4996-8ad4-78baad3b6f0f. Size = 9.55 KB.
2018-11-13 00:02:55,897 15398  INFO  [d6d71e] Started processing user request. Id = d6d71eb7-c60c-44ba-ab33-28c21f8a5058. Size = 68.08 KB.
2018-11-13 00:02:55,906 15407  INFO  [ead830] Doing some complicated stuff.. Random numbers are: 1984696129, 1352851907, 414350467.
2018-11-13 00:02:55,913 15414  INFO  [d6d71e] Doing some complicated stuff.. Random numbers are: 1190321491, 394008679, 1360184000.
2018-11-13 00:02:55,915 15416  INFO  [BackgroundDaemon] Processing data (0% completed)..
2018-11-13 00:02:55,915 15416  INFO  [ead830] Here's some useful guids:
		3f1ae404-a800-4f1c-9e24-8e72428abbe8
		60465938-8b26-4add-8c00-f9bce118b559
		38f229ec-faab-47d4-ae10-37e78500fa99
		93ab1027-0c60-4e68-9e19-13037a11abf5
		42a71b34-523c-4790-9ec5-1d558924f935
2018-11-13 00:02:55,921 15423  INFO  [ead830] Finished processing user request with id = ead83072-38a8-4996-8ad4-78baad3b6f0f in 00:00:00.0327734.
2018-11-13 00:02:55,941 15442  INFO  [d6d71e] Here's some useful guids:
		198d0c7e-1d9e-41ee-9943-2101e8efe4c1
		867be878-f751-4416-9e7a-854c9b91ae4f
		b3b1c0e1-1c67-46c2-a6e6-d1f1e4e71e7b
		fac28f8f-6f7e-4480-b593-e9ac145a5224
		7d5e19a2-2764-471a-8e75-3eb3ab5896c7
2018-11-13 00:02:55,947 15448  INFO  [BackgroundDaemon] Processing data (47% completed)..
2018-11-13 00:02:55,949 15450  ERROR [d6d71e] 
System.InvalidOperationException: Oh no! An error occurred!
2018-11-13 00:02:55,953 15454  INFO  [f983b7] Started processing user request. Id = f983b779-a8b2-4479-9738-1ed2399fca85. Size = 13.88 KB.
2018-11-13 00:02:55,961 15462  INFO  [f983b7] Doing some complicated stuff.. Random numbers are: 980347558, 396773639, 519311401.
2018-11-13 00:02:55,963 15464  INFO  [355e07] Started processing user request. Id = 355e0767-ec20-4c0e-ae4e-f70b3f6484de. Size = 9.73 KB.
2018-11-13 00:02:55,975 15476  INFO  [355e07] Doing some complicated stuff.. Random numbers are: 1792857267, 519763176, 564601797.
2018-11-13 00:02:55,988 15489  INFO  [f983b7] Here's some useful guids:
		6d2aa7c8-103e-4306-8b21-a2996320a7ff
		389a9829-6158-4614-bed9-524c67ed36a4
		20ad7b3c-875d-49aa-a186-62eba9b554d1
		ba87a09e-9b61-4aa4-b70c-0c56cf16d4ef
2018-11-13 00:02:56,008 15509  INFO  [BackgroundDaemon] Processing data (70% completed)..
2018-11-13 00:02:56,008 15509  INFO  [BackgroundDaemon] Finished iteration in 00:00:00.1566772.
2018-11-13 00:02:56,009 15511  INFO  [355e07] Finished processing user request with id = 355e0767-ec20-4c0e-ae4e-f70b3f6484de in 00:00:00.0460558.
2018-11-13 00:02:56,009 15511  INFO  [f983b7] Finished processing user request with id = f983b779-a8b2-4479-9738-1ed2399fca85 in 00:00:00.0561248.
2018-11-13 00:02:56,023 15524  INFO  [b943f3] Started processing user request. Id = b943f31d-424e-4eeb-af2e-19657aa949b8. Size = 2.04 KB.
2018-11-13 00:02:56,026 15527  INFO  [b943f3] Doing some complicated stuff.. Random numbers are: 1395434855, 1389158499, 354721666.
2018-11-13 00:02:56,033 15534  INFO  [aea3b3] Started processing user request. Id = aea3b381-7ca4-4693-851e-ee5d54267bfd. Size = 96 KB.
2018-11-13 00:02:56,041 15543  INFO  [705afe] Started processing user request. Id = 705afe8e-f104-40ac-a19c-61f2f13b97b0. Size = 76.04 KB.
2018-11-13 00:02:56,045 15547  INFO  [705afe] Doing some complicated stuff.. Random numbers are: 1275551305, 1587450968, 1162713527.
2018-11-13 00:02:56,045 15547  INFO  [b943f3] Here's some useful guids:
		628ee4de-6e6e-4909-90b2-a09045dd8500
2018-11-13 00:02:56,046 15548  INFO  [aea3b3] Doing some complicated stuff.. Random numbers are: 180865833, 2008037590, 1329549961.
2018-11-13 00:02:56,054 15556  INFO  [b943f3] Finished processing user request with id = b943f31d-424e-4eeb-af2e-19657aa949b8 in 00:00:00.0310421.
2018-11-13 00:02:56,065 15567  INFO  [705afe] Here's some useful guids:
		bbd5c724-e8cd-40fb-9dcb-3a74c89d28c3
2018-11-13 00:02:56,068 15570  INFO  [f1a064] Started processing user request. Id = f1a0642b-48eb-4481-8c2d-6d2d2597ec16. Size = 97.65 KB.
2018-11-13 00:02:56,075 15577  INFO  [aea3b3] Here's some useful guids:
		ac57a29c-8ee1-4749-96ac-b8192db1f986
		2a5b9a95-6716-4310-a40c-7a28f50f2d9d
2018-11-13 00:02:56,086 15587  INFO  [f1a064] Doing some complicated stuff.. Random numbers are: 1819224014, 864526633, 1727473264.
2018-11-13 00:02:56,090 15591  INFO  [705afe] Finished processing user request with id = 705afe8e-f104-40ac-a19c-61f2f13b97b0 in 00:00:00.0487291.
2018-11-13 00:02:56,095 15596  INFO  [aea3b3] Finished processing user request with id = aea3b381-7ca4-4693-851e-ee5d54267bfd in 00:00:00.0617596.
2018-11-13 00:02:56,112 15613  ERROR [f1a064] 
System.InvalidOperationException: Oh no! An error occurred!
2018-11-13 00:02:56,122 15623  INFO  [0ea518] Started processing user request. Id = 0ea51839-b64d-4f15-bda6-2351a6c431cd. Size = 42.93 KB.
2018-11-13 00:02:56,126 15627  INFO  [203a35] Started processing user request. Id = 203a3507-27af-4e76-9676-9c17b00206cf. Size = 74.63 KB.
2018-11-13 00:02:56,133 15634  INFO  [203a35] Doing some complicated stuff.. Random numbers are: 958052851, 264255020, 343934390.
2018-11-13 00:02:56,136 15637  INFO  [0ea518] Doing some complicated stuff.. Random numbers are: 198426466, 795044348, 842531227.
2018-11-13 00:02:56,163 15664  INFO  [0ea518] Finished processing user request with id = 0ea51839-b64d-4f15-bda6-2351a6c431cd in 00:00:00.0405618.
2018-11-13 00:02:56,166 15667  INFO  [203a35] Finished processing user request with id = 203a3507-27af-4e76-9676-9c17b00206cf in 00:00:00.0395401.
2018-11-13 00:02:56,180 15681  INFO  [2450f0] Started processing user request. Id = 2450f0c4-ae16-4bb4-98f6-f2aa395de61d. Size = 21.58 KB.
2018-11-13 00:02:56,195 15696  INFO  [9f2294] Started processing user request. Id = 9f229447-275e-4114-ab3b-72a247dca687. Size = 71.95 KB.
2018-11-13 00:02:56,199 15700  INFO  [2450f0] Doing some complicated stuff.. Random numbers are: 1334046557, 1077010087, 1747295114.
2018-11-13 00:02:56,204 15705  INFO  [9f2294] Doing some complicated stuff.. Random numbers are: 375693461, 691325330, 1317653387.
2018-11-13 00:02:56,209 15710  INFO  [BackgroundDaemon] Starting iteration #15473.
2018-11-13 00:02:56,211 15712  INFO  [2450f0] Here's some useful guids:
		50f3f70e-92b3-4145-bee8-de8ecff5c0fd
		5b5425a9-3065-45e9-8e6b-d140102f15c8
2018-11-13 00:02:56,213 15714  INFO  [2450f0] Finished processing user request with id = 2450f0c4-ae16-4bb4-98f6-f2aa395de61d in 00:00:00.0330508.
2018-11-13 00:02:56,226 15727  INFO  [20fa9b] Started processing user request. Id = 20fa9b8b-a6df-4542-8e96-7103d128ed55. Size = 38.19 KB.
2018-11-13 00:02:56,241 15742  INFO  [20fa9b] Doing some complicated stuff.. Random numbers are: 1087590075, 1314170030, 1703683430.
2018-11-13 00:02:56,242 15743  INFO  [9f2294] Here's some useful guids:
		7e205843-2c3b-4adb-af71-b8365c823a6e
2018-11-13 00:02:56,250 15751  INFO  [20fa9b] Here's some useful guids:
		f8cd043c-73c4-4cb3-9ed8-56458b138003
2018-11-13 00:02:56,258 15759  INFO  [20fa9b] Finished processing user request with id = 20fa9b8b-a6df-4542-8e96-7103d128ed55 in 00:00:00.0320119.
2018-11-13 00:02:56,262 15763  INFO  [9f2294] Finished processing user request with id = 9f229447-275e-4114-ab3b-72a247dca687 in 00:00:00.0671328.
2018-11-13 00:02:56,263 15764  INFO  [04c4c8] Started processing user request. Id = 04c4c840-317d-4535-a26a-d0b8a2e71045. Size = 64.02 KB.
2018-11-13 00:02:56,272 15773  INFO  [59ee28] Started processing user request. Id = 59ee28f2-2ef5-44bc-8b15-96414eb4791a. Size = 2.99 KB.
2018-11-13 00:02:56,272 15773  INFO  [59ee28] Doing some complicated stuff.. Random numbers are: 807655667, 2076293602, 1602125864.
2018-11-13 00:02:56,277 15778  INFO  [04c4c8] Doing some complicated stuff.. Random numbers are: 1572367009, 1444431298, 662261732.
2018-11-13 00:02:56,277 15778  INFO  [04c4c8] Here's some useful guids:
		27b10adc-cb18-4767-9769-3cde4846336d
		19c0a78a-e3d4-4abd-844f-4029e4be68cb
2018-11-13 00:02:56,284 15785  INFO  [04c4c8] Finished processing user request with id = 04c4c840-317d-4535-a26a-d0b8a2e71045 in 00:00:00.0210766.
2018-11-13 00:02:56,294 15795  INFO  [Metrics] Cpu: 0.59%; Memory: 19.79 GB/31.88 GB; Workers: 4/1024; IOCP: 0/1024
2018-11-13 00:02:56,294 15795  INFO  [dab703] Started processing user request. Id = dab7037b-f412-4ec1-aa74-7ea68e89297b. Size = 42.11 KB.
2018-11-13 00:02:56,300 15801  INFO  [59ee28] Here's some useful guids:
		bedbeab6-b65f-496c-80ae-440a208b4682
		66b5657d-dd5e-4d1a-9772-46ec04a261d2
		b2f84a82-43b3-44c6-b86b-a483ddf7c8f0
2018-11-13 00:02:56,300 15801  INFO  [59ee28] Finished processing user request with id = 59ee28f2-2ef5-44bc-8b15-96414eb4791a in 00:00:00.0280419.
2018-11-13 00:02:56,308 15809  INFO  [dab703] Doing some complicated stuff.. Random numbers are: 1784559345, 681386971, 1824374224.
2018-11-13 00:02:56,309 15810  INFO  [BackgroundDaemon] Processing data (12% completed)..
2018-11-13 00:02:56,314 15815  INFO  [bdbd12] Started processing user request. Id = bdbd12dc-fda0-4c48-aded-fff13fe6208d. Size = 82.28 KB.
2018-11-13 00:02:56,325 15826  INFO  [bdbd12] Doing some complicated stuff.. Random numbers are: 914693628, 1617564419, 1871497521.
2018-11-13 00:02:56,339 15841  INFO  [bdbd12] Here's some useful guids:
		f1d3c2e9-032e-4f9a-99fc-eb3cb3d1c05d
		0a0f8633-e67e-4855-81f5-4157eafc2580
		a32a6bd6-350c-4771-9463-4132ca7ee80c
2018-11-13 00:02:56,342 15844  INFO  [bdbd12] Finished processing user request with id = bdbd12dc-fda0-4c48-aded-fff13fe6208d in 00:00:00.0286527.
2018-11-13 00:02:56,353 15854  INFO  [dab703] Finished processing user request with id = dab7037b-f412-4ec1-aa74-7ea68e89297b in 00:00:00.0590872.
2018-11-13 00:02:56,356 15857  INFO  [65d488] Started processing user request. Id = 65d4888f-f283-4a0a-b462-49ff30707946. Size = 1.72 KB.
2018-11-13 00:02:56,366 15867  INFO  [65d488] Doing some complicated stuff.. Random numbers are: 379258805, 1679243687, 309971093.
2018-11-13 00:02:56,374 15875  INFO  [65d488] Here's some useful guids:
		c00848a9-61b8-47d3-b376-7f7ca319c221
		62ded89a-ed92-405a-99e4-2fac88996c78
		2044c8bd-33ff-425b-b915-8e4816d4e3a5
		ad38ace4-d600-4a29-ae46-3fabb4471f71
2018-11-13 00:02:56,380 15881  INFO  [BackgroundDaemon] Processing data (21% completed)..
2018-11-13 00:02:56,384 15885  INFO  [d34e3b] Started processing user request. Id = d34e3b15-f2f3-43b6-b1d4-21c7110c7be3. Size = 8.69 KB.
2018-11-13 00:02:56,393 15895  ERROR [65d488] 
System.InvalidOperationException: Oh no! An error occurred!
2018-11-13 00:02:56,398 15899  INFO  [d34e3b] Doing some complicated stuff.. Random numbers are: 371131802, 1885664717, 177809090.
2018-11-13 00:02:56,407 15908  INFO  [a72077] Started processing user request. Id = a7207736-0961-402d-bc9e-1c44068b5320. Size = 87.46 KB.
2018-11-13 00:02:56,412 15913  INFO  [d34e3b] Finished processing user request with id = d34e3b15-f2f3-43b6-b1d4-21c7110c7be3 in 00:00:00.0275988.
2018-11-13 00:02:56,423 15924  INFO  [a72077] Doing some complicated stuff.. Random numbers are: 685574891, 1820497580, 737129150.
2018-11-13 00:02:56,443 15944  INFO  [aeb654] Started processing user request. Id = aeb6544f-ac8b-4822-a1a6-c233f94288cb. Size = 8.47 KB.
2018-11-13 00:02:56,449 15950  INFO  [a72077] Finished processing user request with id = a7207736-0961-402d-bc9e-1c44068b5320 in 00:00:00.0423398.
2018-11-13 00:02:56,452 15953  INFO  [3d9be9] Started processing user request. Id = 3d9be935-397b-464d-98a1-9fe5f9c2f439. Size = 2.17 KB.
2018-11-13 00:02:56,454 15955  INFO  [BackgroundDaemon] Processing data (62% completed)..
2018-11-13 00:02:56,454 15955  INFO  [BackgroundDaemon] Finished iteration in 00:00:00.2451794.
2018-11-13 00:02:56,458 15960  INFO  [aeb654] Doing some complicated stuff.. Random numbers are: 284474930, 1453169583, 1479557262.
2018-11-13 00:02:56,460 15962  INFO  [3d9be9] Doing some complicated stuff.. Random numbers are: 1563164815, 206558683, 1466171937.
2018-11-13 00:02:56,462 15964  INFO  [e88c74] Started processing user request. Id = e88c74e1-5719-47f5-a3b1-c781e91826ab. Size = 13.09 KB.
2018-11-13 00:02:56,477 15979  INFO  [3d9be9] Finished processing user request with id = 3d9be935-397b-464d-98a1-9fe5f9c2f439 in 00:00:00.0255915.
2018-11-13 00:02:56,480 15981  INFO  [e88c74] Doing some complicated stuff.. Random numbers are: 1740245913, 662233741, 1190209631.
2018-11-13 00:02:56,486 15987  INFO  [aeb654] Finished processing user request with id = aeb6544f-ac8b-4822-a1a6-c233f94288cb in 00:00:00.0430063.
2018-11-13 00:02:56,499 16001  INFO  [e88c74] Finished processing user request with id = e88c74e1-5719-47f5-a3b1-c781e91826ab in 00:00:00.0369645.
2018-11-13 00:02:56,513 16014  INFO  [168346] Started processing user request. Id = 168346a3-f6f4-452e-84ee-0fc167327e00. Size = 72.67 KB.
2018-11-13 00:02:56,517 16018  INFO  [4a4f7f] Started processing user request. Id = 4a4f7f79-47f5-4813-ad5c-b9b47beca921. Size = 83.71 KB.
2018-11-13 00:02:56,522 16023  INFO  [168346] Doing some complicated stuff.. Random numbers are: 261189201, 1665552294, 2040406386.
2018-11-13 00:02:56,536 16037  INFO  [4a4f7f] Doing some complicated stuff.. Random numbers are: 1676097047, 112857886, 759272164.
2018-11-13 00:02:56,550 16051  INFO  [168346] Here's some useful guids:
		26ebe512-9e67-4236-8af7-d29792cca243
		8e26c91f-4b21-43d1-960d-b0d0cc32ada6
		5ccb7d26-2e3a-465a-bceb-93a7b1c302ec
2018-11-13 00:02:56,563 16064  INFO  [4a4f7f] Finished processing user request with id = 4a4f7f79-47f5-4813-ad5c-b9b47beca921 in 00:00:00.0461066.
2018-11-13 00:02:56,575 16076  INFO  [168346] Finished processing user request with id = 168346a3-f6f4-452e-84ee-0fc167327e00 in 00:00:00.0620619.
2018-11-13 00:02:56,589 16090  INFO  [4e2cf2] Started processing user request. Id = 4e2cf2b4-b82b-42b4-b9ae-69ec54772487. Size = 80.72 KB.
2018-11-13 00:02:56,594 16096  INFO  [14c122] Started processing user request. Id = 14c12239-1df2-4440-ba5f-32555195572b. Size = 59.52 KB.
2018-11-13 00:02:56,600 16102  INFO  [4e2cf2] Doing some complicated stuff.. Random numbers are: 915324029, 1500916289, 1979782808.
2018-11-13 00:02:56,602 16104  INFO  [14c122] Doing some complicated stuff.. Random numbers are: 521535889, 940960244, 1009059187.
2018-11-13 00:02:56,607 16109  INFO  [4e2cf2] Finished processing user request with id = 4e2cf2b4-b82b-42b4-b9ae-69ec54772487 in 00:00:00.0181937.
2018-11-13 00:02:56,621 16122  INFO  [7a163e] Started processing user request. Id = 7a163eec-ab4d-477e-9199-c55da2a6c1d6. Size = 56.75 KB.
2018-11-13 00:02:56,629 16130  INFO  [7a163e] Doing some complicated stuff.. Random numbers are: 1445585270, 1758180226, 929114843.
2018-11-13 00:02:56,645 16147  INFO  [9a876b] Started processing user request. Id = 9a876bb3-2490-4823-8622-9c68a778e5bd. Size = 46.57 KB.
2018-11-13 00:02:56,653 16155  INFO  [9a876b] Doing some complicated stuff.. Random numbers are: 230489539, 206444325, 225205696.
2018-11-13 00:02:56,653 16155  INFO  [9a876b] Finished processing user request with id = 9a876bb3-2490-4823-8622-9c68a778e5bd in 00:00:00.0079358.
2018-11-13 00:02:56,654 16156  ERROR [14c122] 
System.InvalidOperationException: Oh no! An error occurred!
2018-11-13 00:02:56,654 16156  INFO  [BackgroundDaemon] Starting iteration #15474.
2018-11-13 00:02:56,679 16180  INFO  [7a163e] Finished processing user request with id = 7a163eec-ab4d-477e-9199-c55da2a6c1d6 in 00:00:00.0573518.
2018-11-13 00:02:56,685 16187  INFO  [fea9ca] Started processing user request. Id = fea9ca0e-a5d5-44dc-a37b-8b3ddd70b852. Size = 54.99 KB.
2018-11-13 00:02:56,693 16194  INFO  [70ed56] Started processing user request. Id = 70ed569f-9ea6-4d43-8de9-5afbe1e25797. Size = 16.85 KB.
2018-11-13 00:02:56,697 16198  INFO  [fea9ca] Doing some complicated stuff.. Random numbers are: 197884371, 645099074, 2141729444.
2018-11-13 00:02:56,701 16202  INFO  [BackgroundDaemon] Processing data (12% completed)..
2018-11-13 00:02:56,705 16206  INFO  [70ed56] Doing some complicated stuff.. Random numbers are: 1107016629, 749777266, 1904307032.
2018-11-13 00:02:56,717 16218  INFO  [fea9ca] Here's some useful guids:
		215ae3cf-f45e-4f9f-941d-249a804f5ac0
2018-11-13 00:02:56,731 16233  INFO  [70ed56] Finished processing user request with id = 70ed569f-9ea6-4d43-8de9-5afbe1e25797 in 00:00:00.0389440.
2018-11-13 00:02:56,743 16244  INFO  [fea9ca] Finished processing user request with id = fea9ca0e-a5d5-44dc-a37b-8b3ddd70b852 in 00:00:00.0574512.
2018-11-13 00:02:56,745 16246  INFO  [822176] Started processing user request. Id = 82217668-9f6d-4c5e-bc05-5cfe0ad33935. Size = 11.34 KB.
2018-11-13 00:02:56,751 16252  INFO  [BackgroundDaemon] Processing data (25% completed)..
2018-11-13 00:02:56,761 16263  INFO  [822176] Doing some complicated stuff.. Random numbers are: 1343690976, 1479200515, 1702591678.
2018-11-13 00:02:56,774 16275  INFO  [2ff358] Started processing user request. Id = 2ff35836-ee27-40ce-9d1f-2f946b1bb515. Size = 73.84 KB.
2018-11-13 00:02:56,786 16287  INFO  [BackgroundDaemon] Processing data (50% completed)..
2018-11-13 00:02:56,786 16287  INFO  [BackgroundDaemon] Finished iteration in 00:00:00.1315443.
2018-11-13 00:02:56,793 16294  INFO  [Metrics] Cpu: 4.53%; Memory: 19.79 GB/31.88 GB; Workers: 4/1024; IOCP: 0/1024
2018-11-13 00:02:56,794 16295  INFO  [2ff358] Doing some complicated stuff.. Random numbers are: 1709346080, 735293444, 2139742873.
2018-11-13 00:02:56,801 16302  INFO  [822176] Finished processing user request with id = 82217668-9f6d-4c5e-bc05-5cfe0ad33935 in 00:00:00.0556454.
2018-11-13 00:02:56,807 16308  INFO  [2ff358] Here's some useful guids:
		c9d8c8a5-1989-41b4-96be-153eecf2e201
		f843b0d5-e288-4a0a-a549-7b437b9a021c
2018-11-13 00:02:56,814 16315  INFO  [5b74eb] Started processing user request. Id = 5b74eb61-bdac-46a1-ad86-34407749a7ff. Size = 69.4 KB.
2018-11-13 00:02:56,817 16318  INFO  [5b74eb] Doing some complicated stuff.. Random numbers are: 1907946752, 444038770, 2052338098.
2018-11-13 00:02:56,819 16320  INFO  [2ff358] Finished processing user request with id = 2ff35836-ee27-40ce-9d1f-2f946b1bb515 in 00:00:00.0449984.
2018-11-13 00:02:56,821 16322  INFO  [90b634] Started processing user request. Id = 90b63498-7f37-4f31-ab2a-6a973526ad7e. Size = 57.94 KB.
2018-11-13 00:02:56,835 16336  INFO  [90b634] Doing some complicated stuff.. Random numbers are: 1919090502, 1579584251, 1366335742.
2018-11-13 00:02:56,845 16347  INFO  [90b634] Finished processing user request with id = 90b63498-7f37-4f31-ab2a-6a973526ad7e in 00:00:00.0243927.
2018-11-13 00:02:56,846 16348  INFO  [5b74eb] Finished processing user request with id = 5b74eb61-bdac-46a1-ad86-34407749a7ff in 00:00:00.0324344.
2018-11-13 00:02:56,850 16351  INFO  [7d0b60] Started processing user request. Id = 7d0b6041-9b5e-4525-bac0-20e7f9ac4405. Size = 33.63 KB.
2018-11-13 00:02:56,860 16361  INFO  [f405b2] Started processing user request. Id = f405b208-ba75-4249-8779-17bccdae96c8. Size = 6.61 KB.
2018-11-13 00:02:56,866 16367  INFO  [7d0b60] Doing some complicated stuff.. Random numbers are: 86095166, 1473760600, 1124810467.
2018-11-13 00:02:56,866 16367  INFO  [7d0b60] Here's some useful guids:
		82acace7-44b6-4f23-9346-7bae377cf832
2018-11-13 00:02:56,872 16373  INFO  [f405b2] Doing some complicated stuff.. Random numbers are: 1479558005, 80716059, 28622541.
2018-11-13 00:02:56,883 16384  INFO  [f405b2] Finished processing user request with id = f405b208-ba75-4249-8779-17bccdae96c8 in 00:00:00.0233003.
2018-11-13 00:02:56,885 16386  INFO  [7d0b60] Finished processing user request with id = 7d0b6041-9b5e-4525-bac0-20e7f9ac4405 in 00:00:00.0348564.
2018-11-13 00:02:56,897 16398  INFO  [caddf6] Started processing user request. Id = caddf6d3-10c2-48df-bdc0-995c7abe87b9. Size = 7.72 KB.
2018-11-13 00:02:56,906 16407  INFO  [caddf6] Doing some complicated stuff.. Random numbers are: 1428297160, 1987341186, 1546957577.
2018-11-13 00:02:56,916 16418  INFO  [9e4104] Started processing user request. Id = 9e41047a-5198-4ecd-a990-0dfa99fb92b3. Size = 27.85 KB.
2018-11-13 00:02:56,934 16435  INFO  [9e4104] Doing some complicated stuff.. Random numbers are: 120326432, 283379446, 890378733.
2018-11-13 00:02:56,934 16435  INFO  [caddf6] Here's some useful guids:
		bda34df2-2791-4e05-927e-4da838b7d6b7
		38ab4fe6-c333-4f3c-9e79-17e8b6e58d4f
		8a86d799-89a1-4ea5-a13e-0fc72808ee5c
2018-11-13 00:02:56,941 16443  INFO  [caddf6] Finished processing user request with id = caddf6d3-10c2-48df-bdc0-995c7abe87b9 in 00:00:00.0449705.
2018-11-13 00:02:56,955 16457  INFO  [a6f667] Started processing user request. Id = a6f6673d-1ef0-4c64-a627-70e48221e374. Size = 87.29 KB.
2018-11-13 00:02:56,964 16465  ERROR [9e4104] 
System.InvalidOperationException: Oh no! An error occurred!
2018-11-13 00:02:56,968 16469  INFO  [a6f667] Doing some complicated stuff.. Random numbers are: 686692136, 1853348589, 1290200750.
2018-11-13 00:02:56,986 16487  INFO  [BackgroundDaemon] Starting iteration #15475.
2018-11-13 00:02:56,989 16491  INFO  [a6f667] Here's some useful guids:
		6e080905-9baf-476e-9bf8-08cef6068e85
		9ca98733-b95a-4f0f-b581-2324074ef5ca
		7fb1950f-9f9c-4578-b203-e8593ffdebf3
2018-11-13 00:02:56,995 16497  INFO  [61fdc9] Started processing user request. Id = 61fdc95f-579a-4696-a4ca-094a240c20c4. Size = 27.31 KB.
2018-11-13 00:02:56,999 16500  ERROR [a6f667] 
System.InvalidOperationException: Oh no! An error occurred!
2018-11-13 00:02:57,012 16514  INFO  [61fdc9] Doing some complicated stuff.. Random numbers are: 637079108, 1147058039, 1423031088.
2018-11-13 00:02:57,013 16515  INFO  [244cc3] Started processing user request. Id = 244cc38e-dd67-49b3-8c87-c23699db1539. Size = 88.16 KB.
2018-11-13 00:02:57,013 16515  INFO  [57d767] Started processing user request. Id = 57d76708-0d24-4e68-b137-d1714e21cf51. Size = 65.43 KB.
2018-11-13 00:02:57,019 16521  INFO  [57d767] Doing some complicated stuff.. Random numbers are: 1779414546, 338321146, 338392456.
2018-11-13 00:02:57,021 16523  INFO  [244cc3] Doing some complicated stuff.. Random numbers are: 907810147, 1550887478, 595865167.
2018-11-13 00:02:57,033 16534  INFO  [244cc3] Here's some useful guids:
		a551e978-160c-4619-aea2-085ca188a691
		76f7cf87-2d76-44da-9520-025021740f44
2018-11-13 00:02:57,050 16552  INFO  [244cc3] Finished processing user request with id = 244cc38e-dd67-49b3-8c87-c23699db1539 in 00:00:00.0369795.
2018-11-13 00:02:57,059 16561  INFO  [57d767] Finished processing user request with id = 57d76708-0d24-4e68-b137-d1714e21cf51 in 00:00:00.0459957.
2018-11-13 00:02:57,062 16564  INFO  [61fdc9] Finished processing user request with id = 61fdc95f-579a-4696-a4ca-094a240c20c4 in 00:00:00.0670730.
2018-11-13 00:02:57,073 16575  INFO  [000000] Started processing user request. Id = 000000dd-5c4f-415f-ad2a-cf0e35ea2de4. Size = 80.94 KB.
2018-11-13 00:02:57,083 16584  INFO  [BackgroundDaemon] Processing data (19% completed)..
2018-11-13 00:02:57,086 16587  INFO  [000000] Doing some complicated stuff.. Random numbers are: 1582753322, 889183349, 280923191.
2018-11-13 00:02:57,094 16595  INFO  [32c290] Started processing user request. Id = 32c29051-e478-416a-8fd5-c456342fa8eb. Size = 24.19 KB.
2018-11-13 00:02:57,097 16598  INFO  [32c290] Doing some complicated stuff.. Random numbers are: 859708264, 1220825654, 855449594.
2018-11-13 00:02:57,114 16615  INFO  [BackgroundDaemon] Processing data (29% completed)..
2018-11-13 00:02:57,121 16622  INFO  [000000] Here's some useful guids:
		b43ce70b-219a-4c4f-9a29-583034853e06
		41285eea-f2ff-4d2b-999f-a7e4ad671e61
		10679871-5113-4299-a7a0-eae3ee8e7b6c
2018-11-13 00:02:57,143 16644  INFO  [32c290] Finished processing user request with id = 32c29051-e478-416a-8fd5-c456342fa8eb in 00:00:00.0497921.
2018-11-13 00:02:57,144 16645  INFO  [000000] Finished processing user request with id = 000000dd-5c4f-415f-ad2a-cf0e35ea2de4 in 00:00:00.0709277.
2018-11-13 00:02:57,145 16646  INFO  [BackgroundDaemon] Processing data (97% completed)..
2018-11-13 00:02:57,145 16646  INFO  [BackgroundDaemon] Finished iteration in 00:00:00.1593419.
2018-11-13 00:02:57,158 16660  INFO  [6e195c] Started processing user request. Id = 6e195c0e-86e9-46f1-b5ec-c6594b721d6b. Size = 19.09 KB.
2018-11-13 00:02:57,175 16676  INFO  [4882da] Started processing user request. Id = 4882da52-6751-42fa-82a6-848287a38b13. Size = 39.83 KB.
2018-11-13 00:02:57,176 16677  INFO  [6e195c] Doing some complicated stuff.. Random numbers are: 1015059556, 8428087, 1871706236.
2018-11-13 00:02:57,190 16692  INFO  [4882da] Doing some complicated stuff.. Random numbers are: 2120643602, 887488138, 360030416.
2018-11-13 00:02:57,219 16720  INFO  [df1f36] Started processing user request. Id = df1f369b-64a0-4d70-ac26-f354923397df. Size = 96.97 KB.
2018-11-13 00:02:57,224 16725  INFO  [df1f36] Doing some complicated stuff.. Random numbers are: 1108595301, 440060715, 2069990250.
2018-11-13 00:02:57,231 16733  INFO  [df1f36] Here's some useful guids:
		f483b276-ce34-4908-80a5-1f01ad552c47
		d3b02b9e-9f9b-481b-b9c5-e39e5447edaf
		73013394-e880-4705-a540-73f9fbbbf9be
		40d9f638-6276-4350-ac54-1d98f17bf41e
		36a0d508-e0ca-4604-8f75-c62d8534806a
2018-11-13 00:02:57,232 16734  INFO  [6e195c] Finished processing user request with id = 6e195c0e-86e9-46f1-b5ec-c6594b721d6b in 00:00:00.0740555.
2018-11-13 00:02:57,234 16736  INFO  [4882da] Finished processing user request with id = 4882da52-6751-42fa-82a6-848287a38b13 in 00:00:00.0590928.
2018-11-13 00:02:57,246 16747  INFO  [546fde] Started processing user request. Id = 546fdeb0-b849-44ab-9288-6e00566e9bfd. Size = 8.65 KB.
2018-11-13 00:02:57,248 16749  INFO  [df1f36] Finished processing user request with id = df1f369b-64a0-4d70-ac26-f354923397df in 00:00:00.0296594.
2018-11-13 00:02:57,256 16758  INFO  [546fde] Doing some complicated stuff.. Random numbers are: 1682960900, 1051745534, 1359544073.
2018-11-13 00:02:57,266 16767  INFO  [4a1233] Started processing user request. Id = 4a123302-59cb-433a-a935-78f827c0171f. Size = 92.06 KB.
2018-11-13 00:02:57,279 16780  INFO  [4a1233] Doing some complicated stuff.. Random numbers are: 1992398358, 1444176514, 1770457665.
2018-11-13 00:02:57,292 16793  INFO  [Metrics] Cpu: 4.53%; Memory: 19.79 GB/31.88 GB; Workers: 4/1024; IOCP: 0/1024
2018-11-13 00:02:57,297 16798  INFO  [546fde] Finished processing user request with id = 546fdeb0-b849-44ab-9288-6e00566e9bfd in 00:00:00.0503804.
2018-11-13 00:02:57,300 16801  INFO  [4a1233] Here's some useful guids:
		8a244591-5e6d-4462-9e79-1ef42990468e
2018-11-13 00:02:57,306 16807  INFO  [4a1233] Finished processing user request with id = 4a123302-59cb-433a-a935-78f827c0171f in 00:00:00.0400070.
2018-11-13 00:02:57,310 16811  INFO  [5366ca] Started processing user request. Id = 5366cae8-ac9c-4c25-bd15-dcb53dc77726. Size = 49.81 KB.
2018-11-13 00:02:57,325 16826  INFO  [5366ca] Doing some complicated stuff.. Random numbers are: 1737569751, 154675207, 440251689.
2018-11-13 00:02:57,337 16838  INFO  [69a9b4] Started processing user request. Id = 69a9b4d0-272d-444e-a6b1-6c5e237b7f4c. Size = 24.03 KB.
2018-11-13 00:02:57,341 16842  INFO  [5366ca] Here's some useful guids:
		15fd1c7f-4503-4f55-9a06-924fe5d03e8c
2018-11-13 00:02:57,345 16846  INFO  [69a9b4] Doing some complicated stuff.. Random numbers are: 90412069, 43181793, 428110174.
2018-11-13 00:02:57,346 16847  INFO  [BackgroundDaemon] Starting iteration #15476.
2018-11-13 00:02:57,346 16847  INFO  [5366ca] Finished processing user request with id = 5366cae8-ac9c-4c25-bd15-dcb53dc77726 in 00:00:00.0368273.
2018-11-13 00:02:57,360 16861  INFO  [9b219b] Started processing user request. Id = 9b219bb4-4d4d-4105-9b1f-51c12e84939d. Size = 18.54 KB.
2018-11-13 00:02:57,364 16866  ERROR [69a9b4] 
System.InvalidOperationException: Oh no! An error occurred!
2018-11-13 00:02:57,369 16871  INFO  [BackgroundDaemon] Processing data (9% completed)..
2018-11-13 00:02:57,380 16881  INFO  [9b219b] Doing some complicated stuff.. Random numbers are: 520348253, 2138638745, 961847917.
2018-11-13 00:02:57,383 16884  INFO  [9b219b] Here's some useful guids:
		c20a2023-652c-4b6e-925e-505bef115a74
2018-11-13 00:02:57,388 16890  INFO  [9b219b] Finished processing user request with id = 9b219bb4-4d4d-4105-9b1f-51c12e84939d in 00:00:00.0280029.
2018-11-13 00:02:57,396 16898  INFO  [001d01] Started processing user request. Id = 001d0174-be14-44a7-8aa4-205616431a18. Size = 70.2 KB.
2018-11-13 00:02:57,402 16904  INFO  [1bdb49] Started processing user request. Id = 1bdb490d-25af-47d8-81a8-bffe36022943. Size = 93.93 KB.
2018-11-13 00:02:57,406 16908  INFO  [001d01] Doing some complicated stuff.. Random numbers are: 985859743, 1227339147, 1359993149.
2018-11-13 00:02:57,409 16911  INFO  [1bdb49] Doing some complicated stuff.. Random numbers are: 926645660, 351509076, 1887299701.
2018-11-13 00:02:57,411 16913  INFO  [1bdb49] Finished processing user request with id = 1bdb490d-25af-47d8-81a8-bffe36022943 in 00:00:00.0090358.
2018-11-13 00:02:57,414 16916  INFO  [BackgroundDaemon] Processing data (22% completed)..
2018-11-13 00:02:57,415 16917  INFO  [4402cd] Started processing user request. Id = 4402cd67-5b7d-4182-a0cb-44cd2cb54d99. Size = 61.57 KB.
2018-11-13 00:02:57,425 16926  INFO  [5b4da9] Started processing user request. Id = 5b4da9dc-32f2-4d52-85ad-2297d9798692. Size = 10.2 KB.
2018-11-13 00:02:57,425 16926  INFO  [5b4da9] Doing some complicated stuff.. Random numbers are: 1234631618, 209808300, 1532721800.
2018-11-13 00:02:57,427 16928  INFO  [5b4da9] Here's some useful guids:
		6d5f5304-f799-4ceb-9d7d-61bbe8677a0b
		e0160093-5e52-4470-8b71-e9c447a68e01
		4f152418-29d6-4f61-8499-88a73d9f2ce5
		e235f12f-15cd-4e5d-b514-02c98dcbe6dd
2018-11-13 00:02:57,429 16930  INFO  [4402cd] Doing some complicated stuff.. Random numbers are: 1143594606, 2144871787, 1712812700.
2018-11-13 00:02:57,430 16931  INFO  [5b4da9] Finished processing user request with id = 5b4da9dc-32f2-4d52-85ad-2297d9798692 in 00:00:00.0053758.
2018-11-13 00:02:57,440 16941  INFO  [001d01] Here's some useful guids:
		e9a5e6f7-af81-4b99-b6c8-2d7379a27adc
		96aa336f-0b6d-4de6-b9af-6a315058131a
		f17f1735-79ee-4d06-aca7-4d095eac43b5
		6f5e0d21-177b-4235-a2e6-ddf0a32da6cb
2018-11-13 00:02:57,443 16944  INFO  [3280a2] Started processing user request. Id = 3280a2a9-0b86-419b-ab50-bb962e4738d9. Size = 6.63 KB.
2018-11-13 00:02:57,455 16956  INFO  [3280a2] Doing some complicated stuff.. Random numbers are: 1809410386, 1476297201, 1123086554.
2018-11-13 00:02:57,466 16968  INFO  [4402cd] Finished processing user request with id = 4402cd67-5b7d-4182-a0cb-44cd2cb54d99 in 00:00:00.0509991.
2018-11-13 00:02:57,470 16971  INFO  [001d01] Finished processing user request with id = 001d0174-be14-44a7-8aa4-205616431a18 in 00:00:00.0732057.
2018-11-13 00:02:57,480 16981  INFO  [BackgroundDaemon] Processing data (81% completed)..
2018-11-13 00:02:57,480 16981  INFO  [BackgroundDaemon] Finished iteration in 00:00:00.1334800.
2018-11-13 00:02:57,501 17003  INFO  [33eddc] Started processing user request. Id = 33eddc7a-03d4-4845-b9c7-6511830bfa60. Size = 66.55 KB.
2018-11-13 00:02:57,503 17005  INFO  [3280a2] Finished processing user request with id = 3280a2a9-0b86-419b-ab50-bb962e4738d9 in 00:00:00.0601731.
2018-11-13 00:02:57,517 17019  INFO  [34cc61] Started processing user request. Id = 34cc61f1-5a9f-461d-92a7-ce3d2e97f80e. Size = 32.96 KB.
2018-11-13 00:02:57,519 17021  INFO  [33eddc] Doing some complicated stuff.. Random numbers are: 2140980358, 1655827275, 1644253153.
2018-11-13 00:02:57,526 17027  INFO  [34cc61] Doing some complicated stuff.. Random numbers are: 1092914731, 745112908, 777156406.
2018-11-13 00:02:57,542 17044  INFO  [33eddc] Here's some useful guids:
		fc07e17a-f5a2-42d5-8f93-0848e8f20dea
2018-11-13 00:02:57,551 17052  INFO  [34cc61] Finished processing user request with id = 34cc61f1-5a9f-461d-92a7-ce3d2e97f80e in 00:00:00.0332658.
2018-11-13 00:02:57,560 17061  INFO  [33eddc] Finished processing user request with id = 33eddc7a-03d4-4845-b9c7-6511830bfa60 in 00:00:00.0589893.
2018-11-13 00:02:57,564 17066  INFO  [ed9d5f] Started processing user request. Id = ed9d5fcf-b256-4efb-9123-f32e2f366108. Size = 63.35 KB.
2018-11-13 00:02:57,568 17070  INFO  [ed9d5f] Doing some complicated stuff.. Random numbers are: 406674482, 1783168180, 744393808.
2018-11-13 00:02:57,592 17094  INFO  [660a27] Started processing user request. Id = 660a27b5-2188-4d7f-a860-619cfd219b07. Size = 86.69 KB.
2018-11-13 00:02:57,598 17099  INFO  [660a27] Doing some complicated stuff.. Random numbers are: 584449853, 873352644, 1104809534.
2018-11-13 00:02:57,604 17105  INFO  [ed9d5f] Here's some useful guids:
		d71f4de3-f782-416e-878e-6357c459f8e9
		23c59d06-84cc-4c3d-8c80-eeac6e8ed915
2018-11-13 00:02:57,619 17121  INFO  [660a27] Here's some useful guids:
		17720a1b-9879-4049-854a-ccedf361b702
		4bc05cbe-01c0-4743-9dd1-3d14b91a22f9
2018-11-13 00:02:57,623 17124  INFO  [ed9d5f] Finished processing user request with id = ed9d5fcf-b256-4efb-9123-f32e2f366108 in 00:00:00.0580386.
2018-11-13 00:02:57,634 17135  INFO  [f9a78c] Started processing user request. Id = f9a78c3e-67f2-40ef-b9a6-67cc7449a4cd. Size = 75.36 KB.
2018-11-13 00:02:57,636 17137  INFO  [c763e6] Started processing user request. Id = c763e6a5-e6e6-4dca-a33b-e8b79d0a6243. Size = 51.88 KB.
2018-11-13 00:02:57,642 17143  INFO  [660a27] Finished processing user request with id = 660a27b5-2188-4d7f-a860-619cfd219b07 in 00:00:00.0491798.
2018-11-13 00:02:57,644 17145  INFO  [f9a78c] Doing some complicated stuff.. Random numbers are: 392561586, 1348498249, 666855439.
2018-11-13 00:02:57,655 17156  INFO  [c763e6] Doing some complicated stuff.. Random numbers are: 932015629, 906812066, 3547124.
2018-11-13 00:02:57,669 17170  INFO  [c763e6] Here's some useful guids:
		8d1eb568-13e4-41a0-a432-515fa3e4c973
		8452a128-9f1b-4aa5-86f2-caba9b7da416
		46b584b5-f423-42f6-a027-a35cfee04f11
		a533c3fd-4c91-4108-8558-b1b06e09a85f
2018-11-13 00:02:57,669 17170  INFO  [f9a78c] Here's some useful guids:
		658036a8-1d2b-43b5-b893-4568af721eda
		8a3d7aaa-3636-4f0b-b6db-43f70ac945cd
		cd93bfcd-ea09-4934-81cc-c61ca706520b
		7bb007f7-6fb6-474a-8a48-06b10e57656d
2018-11-13 00:02:57,673 17174  INFO  [c763e6] Finished processing user request with id = c763e6a5-e6e6-4dca-a33b-e8b79d0a6243 in 00:00:00.0378326.
2018-11-13 00:02:57,673 17174  INFO  [ccc33f] Started processing user request. Id = ccc33fcb-5fb0-4acc-a6f6-b15454d7be96. Size = 34.3 KB.
2018-11-13 00:02:57,680 17181  INFO  [BackgroundDaemon] Starting iteration #15477.
2018-11-13 00:02:57,681 17182  INFO  [ccc33f] Doing some complicated stuff.. Random numbers are: 1861138669, 1320602720, 378694817.
2018-11-13 00:02:57,687 17188  INFO  [c162a5] Started processing user request. Id = c162a540-b52b-4c13-9afb-dfd43c578b92. Size = 89.17 KB.
2018-11-13 00:02:57,691 17193  INFO  [f9a78c] Finished processing user request with id = f9a78c3e-67f2-40ef-b9a6-67cc7449a4cd in 00:00:00.0575474.
2018-11-13 00:02:57,698 17199  INFO  [ccc33f] Here's some useful guids:
		010c0f33-b62f-433f-b364-77bb5ba813ab
2018-11-13 00:02:57,699 17200  INFO  [c162a5] Doing some complicated stuff.. Random numbers are: 261513938, 364568205, 144777732.
2018-11-13 00:02:57,707 17209  INFO  [ccc33f] Finished processing user request with id = ccc33fcb-5fb0-4acc-a6f6-b15454d7be96 in 00:00:00.0340447.
2018-11-13 00:02:57,731 17233  INFO  [BackgroundDaemon] Processing data (5% completed)..
2018-11-13 00:02:57,739 17240  INFO  [b8b403] Started processing user request. Id = b8b40335-bd0a-4819-b5d6-e410dd1646c3. Size = 70.92 KB.
2018-11-13 00:02:57,746 17247  INFO  [c162a5] Finished processing user request with id = c162a540-b52b-4c13-9afb-dfd43c578b92 in 00:00:00.0592998.
2018-11-13 00:02:57,753 17254  INFO  [b8b403] Doing some complicated stuff.. Random numbers are: 647653986, 560855859, 1099945306.
2018-11-13 00:02:57,759 17261  INFO  [ed78cf] Started processing user request. Id = ed78cf95-0b4b-4805-9580-eafd6ebf37e9. Size = 20.91 KB.
2018-11-13 00:02:57,759 17261  INFO  [b8b403] Here's some useful guids:
		bb09f2a5-6b1f-42c5-bb37-6419560217b0
		0ced9c9a-fe32-4907-be23-803a5c596777
		b061f160-09de-410d-bc29-c7cbff8cb92c
		fb5280a2-f099-4c1d-bacf-58595f58ba99
2018-11-13 00:02:57,763 17265  INFO  [BackgroundDaemon] Processing data (20% completed)..
2018-11-13 00:02:57,768 17269  INFO  [b8b403] Finished processing user request with id = b8b40335-bd0a-4819-b5d6-e410dd1646c3 in 00:00:00.0286119.
2018-11-13 00:02:57,772 17273  INFO  [ed78cf] Doing some complicated stuff.. Random numbers are: 55815766, 1806263518, 1455012865.
2018-11-13 00:02:57,792 17293  INFO  [Metrics] Cpu: 1.64%; Memory: 19.79 GB/31.88 GB; Workers: 4/1024; IOCP: 0/1024
2018-11-13 00:02:57,799 17301  INFO  [03bb95] Started processing user request. Id = 03bb95f3-417e-4159-aa2c-7f11d5ed8538. Size = 5.19 KB.
2018-11-13 00:02:57,819 17320  INFO  [03bb95] Doing some complicated stuff.. Random numbers are: 469767856, 559537541, 83579224.
2018-11-13 00:02:57,827 17328  INFO  [ed78cf] Finished processing user request with id = ed78cf95-0b4b-4805-9580-eafd6ebf37e9 in 00:00:00.0672698.
2018-11-13 00:02:57,836 17337  INFO  [03bb95] Here's some useful guids:
		6a3225aa-3338-46d7-86fd-74c0831f7eff
2018-11-13 00:02:57,838 17339  INFO  [03bb95] Finished processing user request with id = 03bb95f3-417e-4159-aa2c-7f11d5ed8538 in 00:00:00.0383235.
2018-11-13 00:02:57,841 17342  INFO  [76cea9] Started processing user request. Id = 76cea9a6-5797-4def-ac7b-0a4070ac21e6. Size = 26.47 KB.
2018-11-13 00:02:57,844 17345  INFO  [BackgroundDaemon] Processing data (73% completed)..
2018-11-13 00:02:57,844 17345  INFO  [BackgroundDaemon] Finished iteration in 00:00:00.1631967.
2018-11-13 00:02:57,859 17361  INFO  [76cea9] Doing some complicated stuff.. Random numbers are: 1372296945, 687291705, 2028456125.
2018-11-13 00:02:57,859 17361  INFO  [67ab71] Started processing user request. Id = 67ab71ed-62cd-48ec-b351-9bf1e3e9e649. Size = 79.34 KB.
2018-11-13 00:02:57,859 17361  INFO  [67ab71] Doing some complicated stuff.. Random numbers are: 1802072004, 936215563, 1922953702.
2018-11-13 00:02:57,859 17361  INFO  [67ab71] Here's some useful guids:
		0d0afe2c-eb4b-4a62-9cb9-3b837ca45b63
2018-11-13 00:02:57,869 17370  INFO  [7069f8] Started processing user request. Id = 7069f84e-3ef6-4297-a561-262da6e14d19. Size = 70.96 KB.
2018-11-13 00:02:57,875 17376  ERROR [67ab71] 
System.InvalidOperationException: Oh no! An error occurred!
2018-11-13 00:02:57,883 17384  INFO  [7069f8] Doing some complicated stuff.. Random numbers are: 41626622, 445442385, 1107014072.
2018-11-13 00:02:57,895 17396  INFO  [76cea9] Here's some useful guids:
		ed9c4da2-806b-43d8-b127-2be252e80b6f
		3b80f66a-594c-418a-8f21-bbc62a5e7901
		25ae29c0-8359-404c-96a4-4fe097c629b6
2018-11-13 00:02:57,895 17397  INFO  [7069f8] Here's some useful guids:
		c13add48-5514-41b8-95ec-f8f70f3fed61
		33609c9b-da38-46ac-89e7-792439ad090d
2018-11-13 00:02:57,913 17415  INFO  [7069f8] Finished processing user request with id = 7069f84e-3ef6-4297-a561-262da6e14d19 in 00:00:00.0446430.
2018-11-13 00:02:57,922 17423  INFO  [76cea9] Finished processing user request with id = 76cea9a6-5797-4def-ac7b-0a4070ac21e6 in 00:00:00.0819055.
2018-11-13 00:02:57,936 17437  INFO  [19d56c] Started processing user request. Id = 19d56c33-2298-4283-8b2f-9b12c223cb50. Size = 49.79 KB.
2018-11-13 00:02:57,945 17447  INFO  [107e3b] Started processing user request. Id = 107e3b98-830b-444c-9a1b-8a32fe3feeda. Size = 8.51 KB.
2018-11-13 00:02:57,947 17449  INFO  [107e3b] Doing some complicated stuff.. Random numbers are: 1724265935, 1581003815, 1200430772.
2018-11-13 00:02:57,953 17455  INFO  [107e3b] Finished processing user request with id = 107e3b98-830b-444c-9a1b-8a32fe3feeda in 00:00:00.0079690.
2018-11-13 00:02:57,956 17457  INFO  [19d56c] Doing some complicated stuff.. Random numbers are: 505679185, 1728541357, 1231124463.
2018-11-13 00:02:57,979 17480  INFO  [19d56c] Here's some useful guids:
		26927380-2bb1-42fd-93e3-28cd90e501e7
2018-11-13 00:02:57,982 17483  INFO  [19d56c] Finished processing user request with id = 19d56c33-2298-4283-8b2f-9b12c223cb50 in 00:00:00.0460500.
2018-11-13 00:02:57,985 17486  INFO  [0fc0cd] Started processing user request. Id = 0fc0cd59-00ff-4527-942f-22cbc10131d7. Size = 34.98 KB.
2018-11-13 00:02:57,991 17492  INFO  [0fc0cd] Doing some complicated stuff.. Random numbers are: 1085185298, 187552786, 648609365.
2018-11-13 00:02:57,996 17497  INFO  [7ada13] Started processing user request. Id = 7ada13fe-e393-47f2-bff0-c56d6c99d78c. Size = 74.88 KB.
2018-11-13 00:02:58,008 17509  INFO  [7ada13] Doing some complicated stuff.. Random numbers are: 416204858, 973705738, 1180558717.
2018-11-13 00:02:58,020 17522  INFO  [0fc0cd] Here's some useful guids:
		a2cceb53-4824-424c-98b2-958d3d93d9a1
2018-11-13 00:02:58,024 17526  INFO  [7ada13] Here's some useful guids:
		ce9f8bd2-37e5-4978-9214-d11a4413aaae
		91c805e8-0db6-42cc-88f3-c7e57c6e8089
		214999f5-396a-477b-8ba0-f647d61f3ed1
2018-11-13 00:02:58,028 17530  INFO  [7ada13] Finished processing user request with id = 7ada13fe-e393-47f2-bff0-c56d6c99d78c in 00:00:00.0328940.
2018-11-13 00:02:58,039 17540  INFO  [0fc0cd] Finished processing user request with id = 0fc0cd59-00ff-4527-942f-22cbc10131d7 in 00:00:00.0546202.
2018-11-13 00:02:58,042 17543  INFO  [fc2b2e] Started processing user request. Id = fc2b2e3d-fef8-4ce5-92c5-832e9f8d519c. Size = 41.75 KB.
2018-11-13 00:02:58,043 17544  INFO  [fc2b2e] Doing some complicated stuff.. Random numbers are: 1869194023, 1909503808, 879130997.
2018-11-13 00:02:58,043 17544  INFO  [17e5eb] Started processing user request. Id = 17e5eb9c-7912-4e9d-818a-4e2fee75d878. Size = 52.86 KB.
2018-11-13 00:02:58,044 17545  INFO  [BackgroundDaemon] Starting iteration #15478.
2018-11-13 00:02:58,052 17553  INFO  [17e5eb] Doing some complicated stuff.. Random numbers are: 835532630, 791196143, 1061471263.
2018-11-13 00:02:58,059 17560  INFO  [17e5eb] Here's some useful guids:
		ba50c43f-2311-49d7-a142-6c9c4922988a
		5546af3f-ce14-4232-af45-a4955461de2d
		3d6161bf-1685-4dd5-8d52-2d3c84ca1842
		48564db3-e108-4d10-8bd5-4cee7b330c93
		79333c12-86dc-4f2b-afdc-af975dfbe77c
2018-11-13 00:02:58,066 17567  INFO  [fc2b2e] Finished processing user request with id = fc2b2e3d-fef8-4ce5-92c5-832e9f8d519c in 00:00:00.0242446.
2018-11-13 00:02:58,071 17572  INFO  [BackgroundDaemon] Processing data (15% completed)..
2018-11-13 00:02:58,071 17572  INFO  [d8f21a] Started processing user request. Id = d8f21a5e-f08d-44b1-9235-9e1c73022af0. Size = 71.88 KB.
2018-11-13 00:02:58,072 17573  ERROR [17e5eb] 
System.InvalidOperationException: Oh no! An error occurred!
2018-11-13 00:02:58,075 17576  INFO  [d8f21a] Doing some complicated stuff.. Random numbers are: 916061135, 76097874, 424526473.
2018-11-13 00:02:58,079 17580  INFO  [6008eb] Started processing user request. Id = 6008eb53-a34e-4132-8382-371906355069. Size = 24.83 KB.
2018-11-13 00:02:58,097 17598  INFO  [6008eb] Doing some complicated stuff.. Random numbers are: 1127502981, 1725264721, 1507730515.
2018-11-13 00:02:58,101 17602  INFO  [d8f21a] Finished processing user request with id = d8f21a5e-f08d-44b1-9235-9e1c73022af0 in 00:00:00.0299289.
2018-11-13 00:02:58,127 17628  INFO  [BackgroundDaemon] Processing data (47% completed)..
2018-11-13 00:02:58,130 17631  INFO  [6008eb] Finished processing user request with id = 6008eb53-a34e-4132-8382-371906355069 in 00:00:00.0510607.
2018-11-13 00:02:58,132 17633  INFO  [b115da] Started processing user request. Id = b115dabb-e372-4d61-8689-fbcf84d8f141. Size = 73.18 KB.
2018-11-13 00:02:58,136 17637  INFO  [b115da] Doing some complicated stuff.. Random numbers are: 293911398, 1859364116, 25071639.
2018-11-13 00:02:58,144 17645  INFO  [660f8b] Started processing user request. Id = 660f8bda-5c10-42ee-891f-5eb17dad163a. Size = 44.43 KB.
2018-11-13 00:02:58,148 17649  INFO  [BackgroundDaemon] Processing data (54% completed)..
2018-11-13 00:02:58,148 17649  INFO  [BackgroundDaemon] Finished iteration in 00:00:00.1040901.
2018-11-13 00:02:58,150 17651  INFO  [660f8b] Doing some complicated stuff.. Random numbers are: 536268901, 2054104887, 1842361497.
2018-11-13 00:02:58,169 17670  INFO  [660f8b] Here's some useful guids:
		4888dd18-9fad-46de-acac-a2b5cb4f0787
		f47dbde3-98a2-42b5-b026-466e9797cdcf
		13001a08-3d31-4a9b-adc6-1c6cab4502ac
		1e7e9e7d-9a07-4fb9-acb9-1e4eecef3936
2018-11-13 00:02:58,172 17673  INFO  [b115da] Here's some useful guids:
		2865619c-a41f-4bbe-9c18-42039f1f25c4
		ade6c174-cbf7-476b-acf2-31cf4a945c8e
		a1251c27-e18a-4cd6-8d61-0b16db88f1f9
		b53ff1bd-4ff9-4634-9beb-927981ef6e7d
		3301b390-a770-41bd-be4f-10aa87d6fc33
2018-11-13 00:02:58,177 17678  INFO  [b115da] Finished processing user request with id = b115dabb-e372-4d61-8689-fbcf84d8f141 in 00:00:00.0451840.
2018-11-13 00:02:58,191 17692  INFO  [660f8b] Finished processing user request with id = 660f8bda-5c10-42ee-891f-5eb17dad163a in 00:00:00.0470904.
2018-11-13 00:02:58,204 17705  INFO  [bd0d38] Started processing user request. Id = bd0d38f4-df79-45a1-b368-497cdaddd9e6. Size = 75.6 KB.
2018-11-13 00:02:58,209 17710  INFO  [29c52d] Started processing user request. Id = 29c52d17-f90f-417c-8181-e01c8bac1f02. Size = 68.85 KB.
2018-11-13 00:02:58,215 17716  INFO  [bd0d38] Doing some complicated stuff.. Random numbers are: 1276064643, 1749571862, 898840969.
2018-11-13 00:02:58,226 17727  INFO  [29c52d] Doing some complicated stuff.. Random numbers are: 1018287625, 413078434, 339099761.
2018-11-13 00:02:58,234 17735  INFO  [bd0d38] Finished processing user request with id = bd0d38f4-df79-45a1-b368-497cdaddd9e6 in 00:00:00.0300134.
2018-11-13 00:02:58,239 17740  INFO  [7beb69] Started processing user request. Id = 7beb69fd-b153-459c-82bc-7cdc09b81dce. Size = 58.03 KB.
2018-11-13 00:02:58,247 17748  INFO  [2ea27a] Started processing user request. Id = 2ea27a21-a600-4040-8b2e-16f0d7422082. Size = 33.99 KB.
2018-11-13 00:02:58,254 17756  INFO  [2ea27a] Doing some complicated stuff.. Random numbers are: 864556175, 1220489453, 1802476563.
2018-11-13 00:02:58,254 17756  INFO  [7beb69] Doing some complicated stuff.. Random numbers are: 1524225593, 2102713098, 1731608461.
2018-11-13 00:02:58,261 17763  INFO  [29c52d] Finished processing user request with id = 29c52d17-f90f-417c-8181-e01c8bac1f02 in 00:00:00.0526762.
2018-11-13 00:02:58,275 17776  INFO  [2ea27a] Finished processing user request with id = 2ea27a21-a600-4040-8b2e-16f0d7422082 in 00:00:00.0279322.
2018-11-13 00:02:58,288 17789  INFO  [7beb69] Finished processing user request with id = 7beb69fd-b153-459c-82bc-7cdc09b81dce in 00:00:00.0492264.
2018-11-13 00:02:58,288 17789  INFO  [b5c54a] Started processing user request. Id = b5c54a2a-ef84-4a27-bb34-94ec972dbcb1. Size = 82.25 KB.
2018-11-13 00:02:58,292 17793  INFO  [Metrics] Cpu: 1.64%; Memory: 19.79 GB/31.88 GB; Workers: 4/1024; IOCP: 0/1024
2018-11-13 00:02:58,293 17794  INFO  [3c8cff] Started processing user request. Id = 3c8cff30-7511-46ea-b490-07e44a63044b. Size = 70.4 KB.
2018-11-13 00:02:58,298 17799  INFO  [b5c54a] Doing some complicated stuff.. Random numbers are: 785295180, 1867315022, 909349735.
2018-11-13 00:02:58,302 17803  INFO  [3c8cff] Doing some complicated stuff.. Random numbers are: 284087799, 315579067, 891456515.
2018-11-13 00:02:58,316 17817  INFO  [b5c54a] Here's some useful guids:
		b4f63336-5c78-46a6-9d6c-5d45851310cd
		84ed9cd9-0b3b-42ce-934a-8231c876d3c6
		fda9775e-f176-4956-a259-5538482a1b79
		0e3336a8-085d-4eb3-8cc3-6f461fa7a2b2
		b8819cf4-127d-403e-a877-1532a0afda90
2018-11-13 00:02:58,331 17832  INFO  [b5c54a] Finished processing user request with id = b5c54a2a-ef84-4a27-bb34-94ec972dbcb1 in 00:00:00.0432154.
2018-11-13 00:02:58,338 17839  INFO  [3c8cff] Finished processing user request with id = 3c8cff30-7511-46ea-b490-07e44a63044b in 00:00:00.0457089.
2018-11-13 00:02:58,345 17846  INFO  [d875ef] Started processing user request. Id = d875efc1-7fb6-462b-8ab5-9e64aaa698e8. Size = 21.04 KB.
2018-11-13 00:02:58,348 17849  INFO  [BackgroundDaemon] Starting iteration #15479.
2018-11-13 00:02:58,352 17854  INFO  [d875ef] Doing some complicated stuff.. Random numbers are: 890953549, 1677513670, 903559863.
2018-11-13 00:02:58,370 17871  INFO  [c1c7f6] Started processing user request. Id = c1c7f6a7-8e4e-494a-bb43-2e1445ed50ef. Size = 1.82 KB.
2018-11-13 00:02:58,382 17883  INFO  [c1c7f6] Doing some complicated stuff.. Random numbers are: 1334630972, 1233755931, 902782412.
2018-11-13 00:02:58,389 17890  INFO  [d875ef] Finished processing user request with id = d875efc1-7fb6-462b-8ab5-9e64aaa698e8 in 00:00:00.0439538.
2018-11-13 00:02:58,402 17903  INFO  [3a7bf3] Started processing user request. Id = 3a7bf350-4ddf-46c3-90d6-0b7de3f4208a. Size = 3.71 KB.
2018-11-13 00:02:58,405 17906  INFO  [3a7bf3] Doing some complicated stuff.. Random numbers are: 1413170131, 267514560, 1401850657.
2018-11-13 00:02:58,417 17918  INFO  [c1c7f6] Here's some useful guids:
		74b1b265-c872-4a52-b45c-2fb87fc37230
		84929140-5f84-4de5-972d-48622359c205
		ccb0d2bf-1342-44f8-9f49-e061d38b7d35
		710e104b-ed4b-4fd1-8258-70d5a0505d04
2018-11-13 00:02:58,423 17924  INFO  [c1c7f6] Finished processing user request with id = c1c7f6a7-8e4e-494a-bb43-2e1445ed50ef in 00:00:00.0538090.
2018-11-13 00:02:58,424 17926  INFO  [BackgroundDaemon] Processing data (15% completed)..
2018-11-13 00:02:58,442 17943  INFO  [3a7bf3] Finished processing user request with id = 3a7bf350-4ddf-46c3-90d6-0b7de3f4208a in 00:00:00.0391850.
2018-11-13 00:02:58,453 17954  INFO  [BackgroundDaemon] Processing data (25% completed)..
2018-11-13 00:02:58,455 17956  INFO  [faec97] Started processing user request. Id = faec973b-e123-4473-a087-c095987daac2. Size = 70 KB.
2018-11-13 00:02:58,455 17956  INFO  [4387f3] Started processing user request. Id = 4387f353-4c80-4cec-9a1a-3fa437ac5531. Size = 48.45 KB.
2018-11-13 00:02:58,455 17956  INFO  [fc1794] Started processing user request. Id = fc179430-04f4-48a4-b7e4-f7e757983e32. Size = 56.51 KB.
2018-11-13 00:02:58,459 17960  INFO  [4387f3] Doing some complicated stuff.. Random numbers are: 2006228026, 1581163636, 472021377.
2018-11-13 00:02:58,463 17965  INFO  [faec97] Doing some complicated stuff.. Random numbers are: 1238386629, 84848460, 680383197.
2018-11-13 00:02:58,473 17974  INFO  [fc1794] Doing some complicated stuff.. Random numbers are: 968244527, 911870758, 1541945562.
2018-11-13 00:02:58,475 17976  INFO  [BackgroundDaemon] Processing data (71% completed)..
2018-11-13 00:02:58,475 17976  INFO  [BackgroundDaemon] Finished iteration in 00:00:00.1270095.
2018-11-13 00:02:58,481 17982  INFO  [faec97] Finished processing user request with id = faec973b-e123-4473-a087-c095987daac2 in 00:00:00.0260249.
2018-11-13 00:02:58,494 17996  INFO  [27f861] Started processing user request. Id = 27f8614a-4bfd-4273-b3ee-137282416068. Size = 88.41 KB.
2018-11-13 00:02:58,497 17998  INFO  [27f861] Doing some complicated stuff.. Random numbers are: 275876702, 1642452478, 1237510017.
2018-11-13 00:02:58,506 18008  INFO  [4387f3] Finished processing user request with id = 4387f353-4c80-4cec-9a1a-3fa437ac5531 in 00:00:00.0510144.
2018-11-13 00:02:58,522 18024  INFO  [27f861] Here's some useful guids:
		aaf6d281-f9e2-48d0-aef5-2b53d1811425
		d4430e95-4abd-4415-8bc0-b2619dcc4033
2018-11-13 00:02:58,526 18028  INFO  [fc1794] Finished processing user request with id = fc179430-04f4-48a4-b7e4-f7e757983e32 in 00:00:00.0711037.
2018-11-13 00:02:58,538 18039  INFO  [a52cb1] Started processing user request. Id = a52cb1b6-cdac-40a2-9542-8914bf596f11. Size = 735 B.
2018-11-13 00:02:58,544 18045  ERROR [27f861] 
System.InvalidOperationException: Oh no! An error occurred!
2018-11-13 00:02:58,544 18045  INFO  [a52cb1] Doing some complicated stuff.. Random numbers are: 718892401, 836504043, 1926351003.
2018-11-13 00:02:58,558 18059  INFO  [d26165] Started processing user request. Id = d2616585-7cdb-4b1c-9c9c-2e1c4dcae50c. Size = 60.3 KB.
2018-11-13 00:02:58,558 18059  INFO  [a52cb1] Here's some useful guids:
		40903976-34d5-4ebf-a225-d20ccd00d766
		25b06c5f-d78a-4b93-a99a-f7c70f73207e
		7c987ef2-b29a-495e-90bc-6ef8313d2bd5
		48c80670-b491-40b4-8d0c-9d7be4e020fd
2018-11-13 00:02:58,576 18077  INFO  [a52cb1] Finished processing user request with id = a52cb1b6-cdac-40a2-9542-8914bf596f11 in 00:00:00.0386806.
2018-11-13 00:02:58,577 18078  INFO  [d26165] Doing some complicated stuff.. Random numbers are: 1637893072, 45458503, 564601828.
2018-11-13 00:02:58,583 18085  INFO  [d26165] Here's some useful guids:
		d68858b2-8818-4ddc-be6a-ac547c046443
2018-11-13 00:02:58,588 18090  INFO  [d26165] Finished processing user request with id = d2616585-7cdb-4b1c-9c9c-2e1c4dcae50c in 00:00:00.0309362.
2018-11-13 00:02:58,602 18103  INFO  [4b5a98] Started processing user request. Id = 4b5a98f1-cb70-40d5-80e5-831d57ed9421. Size = 69.97 KB.
2018-11-13 00:02:58,608 18109  INFO  [e8503b] Started processing user request. Id = e8503b89-29b3-4875-8931-303a6126bc87. Size = 70.83 KB.
2018-11-13 00:02:58,608 18109  INFO  [4b5a98] Doing some complicated stuff.. Random numbers are: 1701212732, 112685478, 2146984256.
2018-11-13 00:02:58,610 18111  INFO  [e8503b] Doing some complicated stuff.. Random numbers are: 320804504, 1612317708, 1519810011.
2018-11-13 00:02:58,614 18115  INFO  [4b5a98] Here's some useful guids:
		a7099948-3ad4-4f11-a29b-15980c4a7c91
		1befe1c7-fed4-4872-8501-da32c2abaecb
		742c1df3-f9ee-4d86-8403-9746afed74d1
		b013a0fa-4870-43c7-a1c6-8b75421f5cb5
		05492cc1-c865-4fc0-a153-a3a93d93542d
2018-11-13 00:02:58,619 18121  INFO  [4b5a98] Finished processing user request with id = 4b5a98f1-cb70-40d5-80e5-831d57ed9421 in 00:00:00.0172271.
2018-11-13 00:02:58,633 18135  INFO  [30bc6d] Started processing user request. Id = 30bc6dbe-ff7f-4a49-877b-e0cd5fcde716. Size = 17.52 KB.
2018-11-13 00:02:58,653 18154  INFO  [30bc6d] Doing some complicated stuff.. Random numbers are: 349025781, 2116784001, 1970116447.
2018-11-13 00:02:58,675 18177  INFO  [BackgroundDaemon] Starting iteration #15480.
2018-11-13 00:02:58,675 18177  INFO  [e8503b] Finished processing user request with id = e8503b89-29b3-4875-8931-303a6126bc87 in 00:00:00.0672331.
2018-11-13 00:02:58,694 18195  INFO  [f01afb] Started processing user request. Id = f01afbc7-eb34-48a4-b662-3705a379d34c. Size = 62.53 KB.
2018-11-13 00:02:58,700 18201  INFO  [30bc6d] Finished processing user request with id = 30bc6dbe-ff7f-4a49-877b-e0cd5fcde716 in 00:00:00.0669064.
2018-11-13 00:02:58,707 18208  INFO  [811db1] Started processing user request. Id = 811db19a-eac0-462e-8259-24bb3ae68f35. Size = 46.75 KB.
2018-11-13 00:02:58,714 18215  INFO  [43449e] Started processing user request. Id = 43449e27-776b-40c4-95f7-2cda0ac8609f. Size = 1.91 KB.
2018-11-13 00:02:58,714 18215  INFO  [43449e] Doing some complicated stuff.. Random numbers are: 928253318, 1850053425, 1502915175.
2018-11-13 00:02:58,714 18215  INFO  [f01afb] Doing some complicated stuff.. Random numbers are: 1287435309, 1314455362, 2120993404.
2018-11-13 00:02:58,718 18219  INFO  [811db1] Doing some complicated stuff.. Random numbers are: 1990809874, 1014664107, 1033276378.
2018-11-13 00:02:58,718 18219  INFO  [BackgroundDaemon] Processing data (15% completed)..
2018-11-13 00:02:58,741 18242  INFO  [f01afb] Finished processing user request with id = f01afbc7-eb34-48a4-b662-3705a379d34c in 00:00:00.0470494.
2018-11-13 00:02:58,745 18246  INFO  [43449e] Here's some useful guids:
		863a2059-af5e-4181-96bb-8c5a52037537
		f4b42005-d1ae-4f7d-ac5d-5bb3cec12514
		2607ca31-721f-4293-bd4c-f68a7aae709b
		565a620b-90f4-49ab-8fa6-149912ebd4ca
		d1a60f37-e1a5-441f-9145-1def7685b875
2018-11-13 00:02:58,749 18250  INFO  [811db1] Finished processing user request with id = 811db19a-eac0-462e-8259-24bb3ae68f35 in 00:00:00.0421377.
2018-11-13 00:02:58,756 18257  INFO  [43449e] Finished processing user request with id = 43449e27-776b-40c4-95f7-2cda0ac8609f in 00:00:00.0421055.
2018-11-13 00:02:58,769 18270  INFO  [61ba61] Started processing user request. Id = 61ba61ba-b478-41c7-92eb-2bd97d4d3e6e. Size = 86.36 KB.
2018-11-13 00:02:58,773 18274  INFO  [61ba61] Doing some complicated stuff.. Random numbers are: 225437337, 1310286140, 1913574299.
2018-11-13 00:02:58,778 18279  INFO  [BackgroundDaemon] Processing data (46% completed)..
2018-11-13 00:02:58,780 18281  INFO  [54df06] Started processing user request. Id = 54df06b6-4efe-4548-afef-0df544de998e. Size = 72.22 KB.
2018-11-13 00:02:58,787 18288  INFO  [61ba61] Finished processing user request with id = 61ba61ba-b478-41c7-92eb-2bd97d4d3e6e in 00:00:00.0178981.
2018-11-13 00:02:58,791 18292  INFO  [Metrics] Cpu: 1.09%; Memory: 19.79 GB/31.88 GB; Workers: 4/1024; IOCP: 0/1024
2018-11-13 00:02:58,799 18300  INFO  [54df06] Doing some complicated stuff.. Random numbers are: 1016432200, 1096445803, 272125930.
2018-11-13 00:02:58,800 18301  INFO  [524e45] Started processing user request. Id = 524e4533-4230-47ae-b567-79d65c5053dd. Size = 75.09 KB.
2018-11-13 00:02:58,808 18309  INFO  [524e45] Doing some complicated stuff.. Random numbers are: 1164419202, 464786220, 97999590.
2018-11-13 00:02:58,823 18324  INFO  [54df06] Here's some useful guids:
		383c378c-87be-4d8c-9d2f-c707967b2bf0
		1eb9e92f-3ab3-40fd-8a7f-fda0cbd8941d
2018-11-13 00:02:58,843 18344  INFO  [54df06] Finished processing user request with id = 54df06b6-4efe-4548-afef-0df544de998e in 00:00:00.0628130.
2018-11-13 00:02:58,852 18354  INFO  [524e45] Finished processing user request with id = 524e4533-4230-47ae-b567-79d65c5053dd in 00:00:00.0522991.
2018-11-13 00:02:58,866 18367  INFO  [0e8ad7] Started processing user request. Id = 0e8ad71a-c6ad-47f4-b0dc-3d7285e82d30. Size = 76.26 KB.
2018-11-13 00:02:58,869 18370  INFO  [0e8ad7] Doing some complicated stuff.. Random numbers are: 571446026, 1351403728, 1839178217.
2018-11-13 00:02:58,874 18375  INFO  [28bde8] Started processing user request. Id = 28bde8ca-48c4-4e42-8f35-09715390a58c. Size = 71.1 KB.
2018-11-13 00:02:58,877 18378  INFO  [BackgroundDaemon] Processing data (81% completed)..
2018-11-13 00:02:58,877 18378  INFO  [BackgroundDaemon] Finished iteration in 00:00:00.2017973.
2018-11-13 00:02:58,878 18379  INFO  [28bde8] Doing some complicated stuff.. Random numbers are: 893314494, 544612411, 1399998219.
2018-11-13 00:02:58,893 18394  INFO  [0e8ad7] Here's some useful guids:
		50e0d3ae-265b-4a44-9a16-d73d61234786
		ab6bc667-d56e-4dfd-82e8-da08361cb7fd
2018-11-13 00:02:58,902 18403  INFO  [0e8ad7] Finished processing user request with id = 0e8ad71a-c6ad-47f4-b0dc-3d7285e82d30 in 00:00:00.0360939.
2018-11-13 00:02:58,903 18404  INFO  [28bde8] Here's some useful guids:
		31e3e337-d3a0-4bba-a10b-97f1104d996c
		110cf20d-94db-4d1a-bdba-265300fee19b
2018-11-13 00:02:58,908 18409  INFO  [45e67d] Started processing user request. Id = 45e67d69-0563-432b-be18-71c53d6e6057. Size = 79.93 KB.
2018-11-13 00:02:58,911 18412  INFO  [45e67d] Doing some complicated stuff.. Random numbers are: 312433884, 844770195, 525311887.
2018-11-13 00:02:58,913 18414  INFO  [28bde8] Finished processing user request with id = 28bde8ca-48c4-4e42-8f35-09715390a58c in 00:00:00.0390234.
2018-11-13 00:02:58,915 18416  INFO  [567bba] Started processing user request. Id = 567bba11-0d2d-4ec7-b167-e6fd2cf0c14b. Size = 9.06 KB.
2018-11-13 00:02:58,921 18422  INFO  [567bba] Doing some complicated stuff.. Random numbers are: 2000361793, 383546329, 1518607690.
2018-11-13 00:02:58,939 18440  INFO  [45e67d] Finished processing user request with id = 45e67d69-0563-432b-be18-71c53d6e6057 in 00:00:00.0311934.
2018-11-13 00:02:58,944 18446  INFO  [fb61e9] Started processing user request. Id = fb61e971-7ba1-4406-b175-0e97f8c21b07. Size = 22.23 KB.
2018-11-13 00:02:58,944 18446  INFO  [567bba] Here's some useful guids:
		9059965e-4b20-4446-a90c-273237df1d60
		d61bedd8-24ff-439d-a32b-c5828fcfc810
		c405029b-896a-4c9b-a4f9-118f06aff93b
		3c02ce54-10e0-4fb4-8170-9e147ccdac24
		8c66de73-176f-4fd7-8778-64d7142154d2
2018-11-13 00:02:58,947 18449  INFO  [567bba] Finished processing user request with id = 567bba11-0d2d-4ec7-b167-e6fd2cf0c14b in 00:00:00.0321943.
2018-11-13 00:02:58,960 18461  INFO  [fb61e9] Doing some complicated stuff.. Random numbers are: 1420855943, 1745013798, 1669659874.
2018-11-13 00:02:58,961 18462  INFO  [39d53f] Started processing user request. Id = 39d53f6a-d073-4b90-baa7-9be900416bd6. Size = 26.64 KB.
2018-11-13 00:02:58,971 18472  INFO  [fb61e9] Finished processing user request with id = fb61e971-7ba1-4406-b175-0e97f8c21b07 in 00:00:00.0267686.
2018-11-13 00:02:58,978 18480  INFO  [39d53f] Doing some complicated stuff.. Random numbers are: 662600928, 1436407906, 975666903.
2018-11-13 00:02:58,999 18500  INFO  [39d53f] Here's some useful guids:
		c7320cfd-9769-4f97-9690-6dc86a9e1e4e
		0c4c6651-bbdd-4935-8830-2bd5dbf59e73
		71123d6f-a835-4c67-b906-978314f958f4
2018-11-13 00:02:59,003 18504  INFO  [ea1566] Started processing user request. Id = ea1566f4-c813-449d-bd16-ed0a27a13d1a. Size = 83.78 KB.
2018-11-13 00:02:59,003 18504  INFO  [ea1566] Doing some complicated stuff.. Random numbers are: 371475528, 1839383217, 475195040.
2018-11-13 00:02:59,022 18523  INFO  [39d53f] Finished processing user request with id = 39d53f6a-d073-4b90-baa7-9be900416bd6 in 00:00:00.0610857.
2018-11-13 00:02:59,035 18537  INFO  [af0684] Started processing user request. Id = af068422-99f0-4ca5-8afc-d0ceb49c8eaa. Size = 21.1 KB.
2018-11-13 00:02:59,054 18555  INFO  [af0684] Doing some complicated stuff.. Random numbers are: 376888791, 534651932, 372578528.
2018-11-13 00:02:59,056 18557  INFO  [ea1566] Finished processing user request with id = ea1566f4-c813-449d-bd16-ed0a27a13d1a in 00:00:00.0529856.
2018-11-13 00:02:59,065 18566  INFO  [af0684] Here's some useful guids:
		a3d14b66-d585-4ccf-931d-17e20606d30b
		0d3e01d7-366c-4b04-9f1b-7346f4d420d6
2018-11-13 00:02:59,074 18575  INFO  [af0684] Finished processing user request with id = af068422-99f0-4ca5-8afc-d0ceb49c8eaa in 00:00:00.0382076.
2018-11-13 00:02:59,078 18579  INFO  [BackgroundDaemon] Starting iteration #15481.
2018-11-13 00:02:59,087 18588  INFO  [b4b487] Started processing user request. Id = b4b48782-dbae-430d-ae13-8cf29856c02b. Size = 91.58 KB.
2018-11-13 00:02:59,088 18589  INFO  [b567ed] Started processing user request. Id = b567ed4f-4aba-4e8d-8b3a-c25b17560235. Size = 44.13 KB.
2018-11-13 00:02:59,097 18598  INFO  [b4b487] Doing some complicated stuff.. Random numbers are: 1278011497, 679232763, 637110060.
2018-11-13 00:02:59,098 18599  INFO  [b567ed] Doing some complicated stuff.. Random numbers are: 1774660299, 383215556, 505933986.
2018-11-13 00:02:59,107 18608  INFO  [119f2e] Started processing user request. Id = 119f2e87-9dc0-49d8-b990-7b6ad8478790. Size = 32.28 KB.
2018-11-13 00:02:59,108 18609  INFO  [BackgroundDaemon] Processing data (4% completed)..
2018-11-13 00:02:59,110 18612  INFO  [b4b487] Here's some useful guids:
		bd4000d1-79b5-4f2c-bfd5-73a443bc800b
		e7db1856-22b2-4191-aedb-3970cca2133b
		adc6401d-90b5-4cc9-83d7-39446bfd008d
		74da76e2-046c-4478-b63d-446e59c30e75
		127e193b-ad9a-4f6d-b214-6aa1fd823da1
2018-11-13 00:02:59,112 18614  INFO  [b4b487] Finished processing user request with id = b4b48782-dbae-430d-ae13-8cf29856c02b in 00:00:00.0258536.
2018-11-13 00:02:59,125 18626  INFO  [119f2e] Doing some complicated stuff.. Random numbers are: 1352090749, 1154743136, 448754342.
2018-11-13 00:02:59,140 18641  INFO  [b567ed] Finished processing user request with id = b567ed4f-4aba-4e8d-8b3a-c25b17560235 in 00:00:00.0527850.
2018-11-13 00:02:59,144 18645  INFO  [34d77f] Started processing user request. Id = 34d77f7d-169b-4a6d-b010-3776df80ccdc. Size = 27 KB.
2018-11-13 00:02:59,154 18656  INFO  [89971d] Started processing user request. Id = 89971d5e-4b13-469c-be67-eb887cd1b5fe. Size = 62.61 KB.
2018-11-13 00:02:59,160 18662  INFO  [34d77f] Doing some complicated stuff.. Random numbers are: 2111802166, 48080730, 815566320.
2018-11-13 00:02:59,171 18672  INFO  [89971d] Doing some complicated stuff.. Random numbers are: 1641421504, 1459044945, 520856120.
2018-11-13 00:02:59,176 18677  INFO  [119f2e] Finished processing user request with id = 119f2e87-9dc0-49d8-b990-7b6ad8478790 in 00:00:00.0681882.
2018-11-13 00:02:59,193 18694  INFO  [34d77f] Finished processing user request with id = 34d77f7d-169b-4a6d-b010-3776df80ccdc in 00:00:00.0490549.
2018-11-13 00:02:59,199 18700  INFO  [BackgroundDaemon] Processing data (25% completed)..
2018-11-13 00:02:59,216 18718  INFO  [89971d] Finished processing user request with id = 89971d5e-4b13-469c-be67-eb887cd1b5fe in 00:00:00.0619734.
2018-11-13 00:02:59,224 18725  INFO  [957e72] Started processing user request. Id = 957e72a2-4f33-4e42-bf80-b79d2af07af0. Size = 64.85 KB.
2018-11-13 00:02:59,230 18731  INFO  [cd01ca] Started processing user request. Id = cd01ca77-0258-4638-a2a8-3409e4ca78f1. Size = 17.17 KB.
2018-11-13 00:02:59,237 18738  INFO  [cd01ca] Doing some complicated stuff.. Random numbers are: 1112713907, 1467364569, 1184816076.
2018-11-13 00:02:59,239 18740  INFO  [957e72] Doing some complicated stuff.. Random numbers are: 1983910590, 2028069096, 161926556.
2018-11-13 00:02:59,269 18771  INFO  [957e72] Finished processing user request with id = 957e72a2-4f33-4e42-bf80-b79d2af07af0 in 00:00:00.0451635.
2018-11-13 00:02:59,272 18774  INFO  [cd01ca] Here's some useful guids:
		e905d48c-bd49-489c-ad4d-8b1b96f3d0e4
2018-11-13 00:02:59,276 18777  INFO  [cd01ca] Finished processing user request with id = cd01ca77-0258-4638-a2a8-3409e4ca78f1 in 00:00:00.0456916.
2018-11-13 00:02:59,289 18790  INFO  [fff84e] Started processing user request. Id = fff84e28-2ac7-4a22-a55e-7f69fac3236d. Size = 513 B.
2018-11-13 00:02:59,290 18791  INFO  [BackgroundDaemon] Processing data (51% completed)..
2018-11-13 00:02:59,290 18791  INFO  [BackgroundDaemon] Finished iteration in 00:00:00.2125807.
2018-11-13 00:02:59,290 18791  INFO  [Metrics] Cpu: 1.09%; Memory: 19.79 GB/31.88 GB; Workers: 4/1024; IOCP: 0/1024
2018-11-13 00:02:59,297 18798  INFO  [fff84e] Doing some complicated stuff.. Random numbers are: 1139881624, 95377326, 1183565191.
2018-11-13 00:02:59,301 18802  INFO  [7c3d53] Started processing user request. Id = 7c3d5325-ddc1-4812-96f7-a6cc6db9ad2f. Size = 37.71 KB.
2018-11-13 00:02:59,305 18806  INFO  [7c3d53] Doing some complicated stuff.. Random numbers are: 789257368, 2042310653, 74082620.
2018-11-13 00:02:59,316 18818  INFO  [7c3d53] Here's some useful guids:
		6580b03c-d671-4eee-8b6d-6bed6be64840
		0c3c5260-1462-4109-b572-9cad04607382
		f8914460-3907-480c-aa1e-df697a210950
		d649a17e-d593-4a28-8dae-82b0587adddf
2018-11-13 00:02:59,341 18842  ERROR [7c3d53] 
System.InvalidOperationException: Oh no! An error occurred!
2018-11-13 00:02:59,341 18842  INFO  [fff84e] Finished processing user request with id = fff84e28-2ac7-4a22-a55e-7f69fac3236d in 00:00:00.0513126.
2018-11-13 00:02:59,344 18845  INFO  [731aba] Started processing user request. Id = 731aba27-6d7b-40b9-bba3-8bd4e39d86a6. Size = 8.61 KB.
2018-11-13 00:02:59,344 18845  INFO  [731aba] Doing some complicated stuff.. Random numbers are: 1441070715, 1356999894, 2088255688.
2018-11-13 00:02:59,355 18856  INFO  [566368] Started processing user request. Id = 566368ac-c9cf-4ea9-be70-7861826b9b17. Size = 12.77 KB.
2018-11-13 00:02:59,360 18861  INFO  [731aba] Here's some useful guids:
		8018795d-7c80-4a26-8b6c-2c700e5a3401
2018-11-13 00:02:59,364 18865  INFO  [566368] Doing some complicated stuff.. Random numbers are: 1357039031, 1448070312, 1749113440.
2018-11-13 00:02:59,372 18873  INFO  [f81c61] Started processing user request. Id = f81c6146-c355-4de2-8f75-c4ba5388381a. Size = 45.06 KB.
2018-11-13 00:02:59,373 18874  INFO  [731aba] Finished processing user request with id = 731aba27-6d7b-40b9-bba3-8bd4e39d86a6 in 00:00:00.0297055.
2018-11-13 00:02:59,379 18880  INFO  [f81c61] Doing some complicated stuff.. Random numbers are: 1451677051, 1913905607, 306000609.
2018-11-13 00:02:59,389 18890  INFO  [566368] Here's some useful guids:
		7f811c3d-0be6-4006-a075-6a1aff79ab9b
		b5e39264-3ee4-455b-9868-7e291eaa6b83
		1e826bad-ad72-42c5-b04f-ed79f2199cde
		17731ab3-4e8e-4d35-bc7c-ca328e5a3535
2018-11-13 00:02:59,403 18904  INFO  [566368] Finished processing user request with id = 566368ac-c9cf-4ea9-be70-7861826b9b17 in 00:00:00.0478713.
2018-11-13 00:02:59,417 18918  INFO  [896422] Started processing user request. Id = 896422c7-2068-4cc6-95d1-8d2c212c1a68. Size = 91.56 KB.
2018-11-13 00:02:59,420 18921  INFO  [f81c61] Finished processing user request with id = f81c6146-c355-4de2-8f75-c4ba5388381a in 00:00:00.0481241.
2018-11-13 00:02:59,431 18932  INFO  [896422] Doing some complicated stuff.. Random numbers are: 590918307, 1052767004, 967300655.
2018-11-13 00:02:59,451 18953  INFO  [2c1055] Started processing user request. Id = 2c10556c-cb6f-4490-975f-7fd467710d08. Size = 96.36 KB.
2018-11-13 00:02:59,464 18965  INFO  [896422] Finished processing user request with id = 896422c7-2068-4cc6-95d1-8d2c212c1a68 in 00:00:00.0473617.
2018-11-13 00:02:59,467 18968  INFO  [2c1055] Doing some complicated stuff.. Random numbers are: 1722479645, 1427340177, 1945687239.
2018-11-13 00:02:59,477 18978  INFO  [1f0b02] Started processing user request. Id = 1f0b0215-3e48-409e-9a62-0c8a2c1d986c. Size = 96.98 KB.
2018-11-13 00:02:59,490 18991  INFO  [BackgroundDaemon] Starting iteration #15482.
2018-11-13 00:02:59,495 18996  INFO  [1f0b02] Doing some complicated stuff.. Random numbers are: 2068084170, 193653239, 1598436958.
2018-11-13 00:02:59,499 19000  INFO  [2c1055] Finished processing user request with id = 2c10556c-cb6f-4490-975f-7fd467710d08 in 00:00:00.0478517.
2018-11-13 00:02:59,501 19002  INFO  [1f0b02] Here's some useful guids:
		4e2598f3-c627-4aa4-a28c-1c88df68f18f
		289e44ad-4560-434c-afc9-52226dd8090c
		718b56c8-b0c9-4639-9887-5134dc090582
2018-11-13 00:02:59,505 19006  INFO  [1f0b02] Finished processing user request with id = 1f0b0215-3e48-409e-9a62-0c8a2c1d986c in 00:00:00.0282351.
2018-11-13 00:02:59,519 19020  INFO  [BackgroundDaemon] Processing data (18% completed)..
2018-11-13 00:02:59,519 19020  INFO  [0d9059] Started processing user request. Id = 0d90590b-1b6d-42cc-8cf0-a826e980cd5d. Size = 20.92 KB.
2018-11-13 00:02:59,522 19023  INFO  [0d9059] Doing some complicated stuff.. Random numbers are: 668526627, 1752921576, 1816871670.
2018-11-13 00:02:59,531 19032  INFO  [fea91f] Started processing user request. Id = fea91ffe-4f7e-40fc-9afa-ddf4331683b3. Size = 58.98 KB.
2018-11-13 00:02:59,540 19042  INFO  [99d05a] Started processing user request. Id = 99d05a2e-43bd-41c1-95dc-9e6681baa3b6. Size = 96.1 KB.
2018-11-13 00:02:59,541 19043  INFO  [fea91f] Doing some complicated stuff.. Random numbers are: 1548436429, 1001851164, 281152046.
2018-11-13 00:02:59,542 19044  INFO  [BackgroundDaemon] Processing data (20% completed)..
2018-11-13 00:02:59,548 19049  INFO  [0d9059] Here's some useful guids:
		60dbdde7-38eb-4c78-b7a2-c73ba3f48293
		180e3b36-ef61-4c1d-93c6-fa0f7fafc0e3
		db109b30-a1e4-46c1-956c-151da712f099
2018-11-13 00:02:59,557 19058  INFO  [99d05a] Doing some complicated stuff.. Random numbers are: 626610316, 496570400, 1069011236.
2018-11-13 00:02:59,569 19070  INFO  [0d9059] Finished processing user request with id = 0d90590b-1b6d-42cc-8cf0-a826e980cd5d in 00:00:00.0494569.
2018-11-13 00:02:59,580 19081  INFO  [99d05a] Finished processing user request with id = 99d05a2e-43bd-41c1-95dc-9e6681baa3b6 in 00:00:00.0392677.
2018-11-13 00:02:59,582 19083  INFO  [19732e] Started processing user request. Id = 19732e61-7fa1-465a-bbdc-81e4bfc5d38f. Size = 4.04 KB.
2018-11-13 00:02:59,590 19091  INFO  [19732e] Doing some complicated stuff.. Random numbers are: 554123136, 1642351607, 1885308882.
2018-11-13 00:02:59,590 19091  ERROR [fea91f] 
System.InvalidOperationException: Oh no! An error occurred!
2018-11-13 00:02:59,614 19115  INFO  [BackgroundDaemon] Processing data (69% completed)..
2018-11-13 00:02:59,614 19115  INFO  [BackgroundDaemon] Finished iteration in 00:00:00.1231471.
2018-11-13 00:02:59,618 19119  ERROR [19732e] 
System.InvalidOperationException: Oh no! An error occurred!
2018-11-13 00:02:59,621 19122  INFO  [eb1f1a] Started processing user request. Id = eb1f1af7-529f-4f48-ad32-c5d9c03d1dcf. Size = 31.81 KB.
2018-11-13 00:02:59,631 19132  INFO  [f8f270] Started processing user request. Id = f8f270c3-03ae-4715-81a4-736173d74174. Size = 7.89 KB.
2018-11-13 00:02:59,638 19139  INFO  [eb1f1a] Doing some complicated stuff.. Random numbers are: 1496337034, 1272515264, 1247372232.
2018-11-13 00:02:59,650 19152  INFO  [f8f270] Doing some complicated stuff.. Random numbers are: 1221217573, 1254355926, 354162693.
2018-11-13 00:02:59,664 19165  ERROR [eb1f1a] 
System.InvalidOperationException: Oh no! An error occurred!
2018-11-13 00:02:59,680 19181  INFO  [f8f270] Here's some useful guids:
		f2108aab-0f13-4090-8dc2-e03706845550
2018-11-13 00:02:59,691 19192  INFO  [f8f270] Finished processing user request with id = f8f270c3-03ae-4715-81a4-736173d74174 in 00:00:00.0601010.
2018-11-13 00:02:59,695 19197  INFO  [48acec] Started processing user request. Id = 48acec66-9ff3-4f32-83d9-edd01d8f1e5c. Size = 96.65 KB.
2018-11-13 00:02:59,705 19206  INFO  [e27055] Started processing user request. Id = e270552a-9b70-4479-8552-848e45beeabe. Size = 51.36 KB.
2018-11-13 00:02:59,712 19213  INFO  [48acec] Doing some complicated stuff.. Random numbers are: 1677909981, 1352342760, 580358556.
2018-11-13 00:02:59,716 19217  INFO  [e27055] Doing some complicated stuff.. Random numbers are: 491383089, 116686902, 1996686868.
2018-11-13 00:02:59,725 19226  INFO  [e27055] Here's some useful guids:
		1b8a0bc0-6672-412a-a6b2-b0e3fe10c519
		b0d5c276-a009-4df6-b8ee-bbb5bb075f56
		55eb4784-509b-4cf4-8939-366f35417189
		3b605c7f-2fa5-4118-824f-5f911b84c68a
2018-11-13 00:02:59,743 19244  INFO  [48acec] Finished processing user request with id = 48acec66-9ff3-4f32-83d9-edd01d8f1e5c in 00:00:00.0476980.
2018-11-13 00:02:59,747 19248  INFO  [759e02] Started processing user request. Id = 759e020f-1f40-437c-9d32-76a12e24464e. Size = 17.9 KB.
2018-11-13 00:02:59,751 19252  INFO  [e27055] Finished processing user request with id = e270552a-9b70-4479-8552-848e45beeabe in 00:00:00.0466951.
2018-11-13 00:02:59,761 19262  INFO  [759e02] Doing some complicated stuff.. Random numbers are: 276572000, 1281734364, 453537023.
2018-11-13 00:02:59,764 19265  INFO  [0add98] Started processing user request. Id = 0add985b-e6d7-45e4-8959-71b24edc26dd. Size = 80.98 KB.
2018-11-13 00:02:59,770 19271  INFO  [0add98] Doing some complicated stuff.. Random numbers are: 1143715552, 661900101, 605533150.
2018-11-13 00:02:59,774 19275  INFO  [e6b91c] Started processing user request. Id = e6b91cf0-53f1-4bb2-a40b-fbf3bdd374d4. Size = 57.14 KB.
2018-11-13 00:02:59,784 19285  INFO  [e6b91c] Doing some complicated stuff.. Random numbers are: 991053776, 1075833566, 228540605.
2018-11-13 00:02:59,789 19290  INFO  [759e02] Here's some useful guids:
		2524f09e-c0f2-4ce1-a62e-9e5abe51ce60
		9b68e17f-050a-45da-a1fa-ce96c699f0f9
		5babfa9a-638f-4bba-89a2-a6f18b6bd9e0
		3a17a9a3-6ad7-4524-8f81-25552897b386
		c274323f-a854-42a1-8d32-699eb8594c47
2018-11-13 00:02:59,789 19291  INFO  [Metrics] Cpu: 0.84%; Memory: 19.79 GB/31.88 GB; Workers: 4/1024; IOCP: 0/1024
2018-11-13 00:02:59,806 19307  INFO  [759e02] Finished processing user request with id = 759e020f-1f40-437c-9d32-76a12e24464e in 00:00:00.0588500.
2018-11-13 00:02:59,814 19315  INFO  [BackgroundDaemon] Starting iteration #15483.
2018-11-13 00:02:59,816 19317  INFO  [e6b91c] Here's some useful guids:
		1c73787a-6890-4ba8-9cea-f55cafcd572b
2018-11-13 00:02:59,820 19322  INFO  [0add98] Finished processing user request with id = 0add985b-e6d7-45e4-8959-71b24edc26dd in 00:00:00.0561020.
2018-11-13 00:02:59,826 19327  INFO  [e6b91c] Finished processing user request with id = e6b91cf0-53f1-4bb2-a40b-fbf3bdd374d4 in 00:00:00.0512798.
2018-11-13 00:02:59,834 19335  INFO  [4a226d] Started processing user request. Id = 4a226d39-820b-4a57-b8da-1ca9b59aa625. Size = 20.83 KB.
2018-11-13 00:02:59,842 19343  INFO  [BackgroundDaemon] Processing data (6% completed)..
2018-11-13 00:02:59,845 19346  INFO  [4a226d] Doing some complicated stuff.. Random numbers are: 364270531, 1145712465, 1034830341.
2018-11-13 00:02:59,857 19358  INFO  [7ba1d2] Started processing user request. Id = 7ba1d2ea-24eb-4fb3-84aa-d53b4b20ca93. Size = 97.42 KB.
2018-11-13 00:02:59,861 19362  INFO  [7ba1d2] Doing some complicated stuff.. Random numbers are: 195144745, 835848341, 594421685.
2018-11-13 00:02:59,866 19367  INFO  [4a226d] Finished processing user request with id = 4a226d39-820b-4a57-b8da-1ca9b59aa625 in 00:00:00.0326893.
2018-11-13 00:02:59,874 19376  INFO  [7ba1d2] Here's some useful guids:
		c5741c3b-1dee-46f4-818e-f550c102b8f2
2018-11-13 00:02:59,879 19381  INFO  [a3d5e6] Started processing user request. Id = a3d5e6c0-0de2-4083-8546-a941d47943aa. Size = 14.37 KB.
2018-11-13 00:02:59,880 19382  INFO  [7ba1d2] Finished processing user request with id = 7ba1d2ea-24eb-4fb3-84aa-d53b4b20ca93 in 00:00:00.0231575.
2018-11-13 00:02:59,881 19383  INFO  [a3d5e6] Doing some complicated stuff.. Random numbers are: 1559355000, 1069538201, 1762710813.
2018-11-13 00:02:59,908 19409  INFO  [a3d5e6] Here's some useful guids:
		9522a2cf-3583-4891-84a4-3c7cb86e2188
2018-11-13 00:02:59,912 19413  INFO  [66cec7] Started processing user request. Id = 66cec731-b7e6-40ac-9039-020003aa54be. Size = 20.84 KB.
2018-11-13 00:02:59,924 19425  INFO  [66cec7] Doing some complicated stuff.. Random numbers are: 39186919, 827120738, 1113225242.
2018-11-13 00:02:59,931 19432  INFO  [BackgroundDaemon] Processing data (46% completed)..
2018-11-13 00:02:59,932 19433  INFO  [a3d5e6] Finished processing user request with id = a3d5e6c0-0de2-4083-8546-a941d47943aa in 00:00:00.0529381.
2018-11-13 00:02:59,946 19447  INFO  [589c2a] Started processing user request. Id = 589c2a32-fe92-4929-91b8-4fc4a4a1b4db. Size = 32.22 KB.
2018-11-13 00:02:59,957 19458  INFO  [589c2a] Doing some complicated stuff.. Random numbers are: 1546408772, 1124135846, 207398377.
2018-11-13 00:02:59,959 19460  INFO  [BackgroundDaemon] Processing data (70% completed)..
2018-11-13 00:02:59,959 19460  INFO  [BackgroundDaemon] Finished iteration in 00:00:00.1444047.
2018-11-13 00:02:59,968 19469  ERROR [66cec7] 
System.InvalidOperationException: Oh no! An error occurred!
2018-11-13 00:02:59,969 19470  INFO  [589c2a] Here's some useful guids:
		b176415e-32bc-4fb8-8b7a-f887006c9a1b
		0b71d9ce-e876-450c-aa7e-b1c32a8b66ae
		27fc0e76-22da-4587-b34c-983a9ffe4855
		aad79a1f-2a71-4474-81f3-20ada0dbb4a0
2018-11-13 00:02:59,973 19474  INFO  [9fa571] Started processing user request. Id = 9fa57110-f654-46ab-8d98-b8501d787423. Size = 76.12 KB.
2018-11-13 00:02:59,973 19474  INFO  [9fa571] Doing some complicated stuff.. Random numbers are: 1597076998, 78882061, 823365137.
2018-11-13 00:02:59,982 19483  INFO  [589c2a] Finished processing user request with id = 589c2a32-fe92-4929-91b8-4fc4a4a1b4db in 00:00:00.0352159.
2018-11-13 00:02:59,995 19496  INFO  [9e0e58] Started processing user request. Id = 9e0e584b-ac9c-4bfa-9b4b-30d049e09ace. Size = 29.65 KB.
2018-11-13 00:02:59,999 19500  INFO  [5e88bc] Started processing user request. Id = 5e88bc40-43af-4f00-852e-e97b018fcc7e. Size = 24.48 KB.
2018-11-13 00:02:59,999 19500  INFO  [9fa571] Here's some useful guids:
		048fc3f7-f790-4afb-b32a-828f8eef8317
		60e563bb-5156-4546-8db4-2024435d5b5d
		8340104a-316a-4f11-a0b1-f9a27213b191
2018-11-13 00:03:00,001 19502  INFO  [5e88bc] Doing some complicated stuff.. Random numbers are: 1087889772, 1935267150, 1775637073.
2018-11-13 00:03:00,004 19505  INFO  [9e0e58] Doing some complicated stuff.. Random numbers are: 312515643, 956884278, 2080535933.
2018-11-13 00:03:00,005 19506  INFO  [9fa571] Finished processing user request with id = 9fa57110-f654-46ab-8d98-b8501d787423 in 00:00:00.0322497.
2018-11-13 00:03:00,009 19510  INFO  [9e0e58] Here's some useful guids:
		d295aac5-f6e2-42d2-a112-c30b31f06c59
		4a78380a-f6ad-4bdc-88d6-0df27570e13d
2018-11-13 00:03:00,009 19510  INFO  [9e0e58] Finished processing user request with id = 9e0e584b-ac9c-4bfa-9b4b-30d049e09ace in 00:00:00.0140929.
2018-11-13 00:03:00,023 19525  INFO  [ccf597] Started processing user request. Id = ccf59753-ad17-41f4-84a7-abf72dd0f819. Size = 2.7 KB.
2018-11-13 00:03:00,027 19528  INFO  [ccf597] Doing some complicated stuff.. Random numbers are: 1273252020, 1357700634, 1020625757.
2018-11-13 00:03:00,037 19539  INFO  [5e88bc] Here's some useful guids:
		4f1b7c24-2414-451d-b456-9f1febff4730
		54d1c6bd-0d03-46d9-8387-0925967f58a9
		55f4dd1c-0739-4d7a-9846-11f94524f70c
2018-11-13 00:03:00,063 19564  INFO  [5e88bc] Finished processing user request with id = 5e88bc40-43af-4f00-852e-e97b018fcc7e in 00:00:00.0631572.
2018-11-13 00:03:00,069 19570  INFO  [ccf597] Finished processing user request with id = ccf59753-ad17-41f4-84a7-abf72dd0f819 in 00:00:00.0451347.
2018-11-13 00:03:00,082 19583  INFO  [692119] Started processing user request. Id = 69211919-44f3-4791-916e-2c7ebf47439b. Size = 86.08 KB.
2018-11-13 00:03:00,086 19587  INFO  [692119] Doing some complicated stuff.. Random numbers are: 277800517, 1960429072, 562769469.
2018-11-13 00:03:00,094 19595  INFO  [85450d] Started processing user request. Id = 85450d52-fcdf-4c8c-ab34-d5f2ed4e720b. Size = 87.18 KB.
2018-11-13 00:03:00,097 19598  INFO  [85450d] Doing some complicated stuff.. Random numbers are: 822224115, 1973266365, 981920788.
2018-11-13 00:03:00,114 19615  INFO  [692119] Finished processing user request with id = 69211919-44f3-4791-916e-2c7ebf47439b in 00:00:00.0319356.
2018-11-13 00:03:00,127 19628  INFO  [552055] Started processing user request. Id = 552055ad-0be9-432a-a834-d1164c2201b6. Size = 7.17 KB.
2018-11-13 00:03:00,131 19632  INFO  [552055] Doing some complicated stuff.. Random numbers are: 806425388, 500258714, 646882359.
2018-11-13 00:03:00,145 19646  INFO  [85450d] Finished processing user request with id = 85450d52-fcdf-4c8c-ab34-d5f2ed4e720b in 00:00:00.0510944.
2018-11-13 00:03:00,146 19647  INFO  [552055] Here's some useful guids:
		c9a8109b-2c32-4bbf-8524-9af53def197d
		8ac35659-5e88-4ad7-a936-0f54ab203df6
		ac2a8121-2e2d-4e00-9108-9a9b8497f85f
		e3d9c09d-2051-4cf1-973f-2b9264ee8c07
2018-11-13 00:03:00,160 19661  INFO  [BackgroundDaemon] Starting iteration #15484.
2018-11-13 00:03:00,173 19674  INFO  [82ca7c] Started processing user request. Id = 82ca7ca4-409f-4fad-8187-5f0f4892bb28. Size = 75.43 KB.
2018-11-13 00:03:00,174 19675  INFO  [552055] Finished processing user request with id = 552055ad-0be9-432a-a834-d1164c2201b6 in 00:00:00.0469576.
2018-11-13 00:03:00,177 19678  INFO  [f64028] Started processing user request. Id = f64028ea-c811-4dd1-a375-65ef9a828c0e. Size = 49.52 KB.
2018-11-13 00:03:00,180 19681  INFO  [82ca7c] Doing some complicated stuff.. Random numbers are: 123608187, 1895622401, 1079496925.
2018-11-13 00:03:00,182 19683  INFO  [f64028] Doing some complicated stuff.. Random numbers are: 1694775205, 1108015096, 1689000922.
2018-11-13 00:03:00,187 19688  INFO  [77f187] Started processing user request. Id = 77f187eb-8ff4-4516-84d2-52890fefa9f6. Size = 51.94 KB.
2018-11-13 00:03:00,201 19702  INFO  [77f187] Doing some complicated stuff.. Random numbers are: 788288716, 1712272442, 290093617.
2018-11-13 00:03:00,202 19703  INFO  [82ca7c] Here's some useful guids:
		49bdab3b-d32d-490a-9d64-7fd35b000ba2
2018-11-13 00:03:00,204 19705  INFO  [77f187] Here's some useful guids:
		6e29d918-3e9a-4a7a-97a8-179a666a67a7
2018-11-13 00:03:00,215 19716  INFO  [f64028] Finished processing user request with id = f64028ea-c811-4dd1-a375-65ef9a828c0e in 00:00:00.0381038.
2018-11-13 00:03:00,220 19721  INFO  [82ca7c] Finished processing user request with id = 82ca7ca4-409f-4fad-8187-5f0f4892bb28 in 00:00:00.0471705.
2018-11-13 00:03:00,225 19726  INFO  [BackgroundDaemon] Processing data (0% completed)..
2018-11-13 00:03:00,233 19734  INFO  [77f187] Finished processing user request with id = 77f187eb-8ff4-4516-84d2-52890fefa9f6 in 00:00:00.0459344.
2018-11-13 00:03:00,246 19748  INFO  [5ecb35] Started processing user request. Id = 5ecb356e-0c93-48d1-aead-f9653b238d7a. Size = 4.73 KB.
2018-11-13 00:03:00,246 19748  INFO  [785cb2] Started processing user request. Id = 785cb28f-9dd1-4be4-8eb6-cc6fe2c3b11f. Size = 7.49 KB.
2018-11-13 00:03:00,252 19754  INFO  [5ecb35] Doing some complicated stuff.. Random numbers are: 1283827573, 1673499200, 704786166.
2018-11-13 00:03:00,266 19767  INFO  [785cb2] Doing some complicated stuff.. Random numbers are: 350223588, 369899152, 413528539.
2018-11-13 00:03:00,275 19776  INFO  [5ecb35] Here's some useful guids:
		a5d23b07-a43e-49ff-91cf-1a023e1080ce
2018-11-13 00:03:00,275 19776  INFO  [785cb2] Here's some useful guids:
		72a4d36e-5c0d-40d1-b802-3de660089861
2018-11-13 00:03:00,289 19791  INFO  [785cb2] Finished processing user request with id = 785cb28f-9dd1-4be4-8eb6-cc6fe2c3b11f in 00:00:00.0429961.
2018-11-13 00:03:00,289 19791  INFO  [Metrics] Cpu: 0.00%; Memory: 19.79 GB/31.88 GB; Workers: 4/1024; IOCP: 0/1024
2018-11-13 00:03:00,290 19792  INFO  [5ecb35] Finished processing user request with id = 5ecb356e-0c93-48d1-aead-f9653b238d7a in 00:00:00.0439896.
2018-11-13 00:03:00,304 19805  INFO  [a7f625] Started processing user request. Id = a7f625be-a523-445d-bdff-bb411a82547d. Size = 9.77 KB.
2018-11-13 00:03:00,310 19811  INFO  [a7f625] Doing some complicated stuff.. Random numbers are: 1371573445, 456631430, 602563765.
2018-11-13 00:03:00,321 19822  INFO  [609312] Started processing user request. Id = 6093126d-d9c4-4515-bab3-c8ba766b676b. Size = 25.91 KB.
2018-11-13 00:03:00,323 19824  INFO  [BackgroundDaemon] Processing data (21% completed)..
2018-11-13 00:03:00,330 19831  INFO  [609312] Doing some complicated stuff.. Random numbers are: 2021105685, 1763572250, 1412915915.
2018-11-13 00:03:00,341 19842  INFO  [a7f625] Here's some useful guids:
		17daf533-9c2e-43cc-8e8b-27aeba3bb5a7
		fb021388-423b-4980-a43a-0a5192035078
		784abfe6-74b7-45f7-933b-d1047916e4c9
		84ea6f7e-81d2-4f76-b881-f54fd3cc1024
2018-11-13 00:03:00,347 19848  INFO  [609312] Here's some useful guids:
		397f7ecf-1d84-4ad8-a92e-8115d7bcf2f0
		304fe709-15ba-4418-a18e-f704cd58bafa
2018-11-13 00:03:00,367 19868  INFO  [a7f625] Finished processing user request with id = a7f625be-a523-445d-bdff-bb411a82547d in 00:00:00.0632003.
2018-11-13 00:03:00,372 19873  INFO  [609312] Finished processing user request with id = 6093126d-d9c4-4515-bab3-c8ba766b676b in 00:00:00.0511739.
2018-11-13 00:03:00,381 19882  INFO  [6c373e] Started processing user request. Id = 6c373e58-2d41-4051-a368-10e547c26a6a. Size = 40.12 KB.
2018-11-13 00:03:00,388 19889  INFO  [be8038] Started processing user request. Id = be8038db-9fa0-49ad-822c-ff42d3bb171c. Size = 30.78 KB.
2018-11-13 00:03:00,392 19893  INFO  [BackgroundDaemon] Processing data (68% completed)..
2018-11-13 00:03:00,392 19893  INFO  [BackgroundDaemon] Finished iteration in 00:00:00.2320761.
2018-11-13 00:03:00,393 19894  INFO  [be8038] Doing some complicated stuff.. Random numbers are: 178185922, 1735556033, 1650340626.
2018-11-13 00:03:00,396 19898  INFO  [6c373e] Doing some complicated stuff.. Random numbers are: 1899970172, 907188209, 1713387132.
2018-11-13 00:03:00,403 19905  INFO  [5911de] Started processing user request. Id = 5911dec8-3f6c-4c1a-881f-8ad43f965122. Size = 55.06 KB.
2018-11-13 00:03:00,421 19922  INFO  [5911de] Doing some complicated stuff.. Random numbers are: 1664263632, 106236764, 394343554.
2018-11-13 00:03:00,422 19923  INFO  [be8038] Finished processing user request with id = be8038db-9fa0-49ad-822c-ff42d3bb171c in 00:00:00.0338705.
2018-11-13 00:03:00,438 19939  ERROR [6c373e] 
System.InvalidOperationException: Oh no! An error occurred!
2018-11-13 00:03:00,451 19953  INFO  [2e3f3d] Started processing user request. Id = 2e3f3dcf-3102-4842-a64e-4b7f8de61b96. Size = 83.18 KB.
2018-11-13 00:03:00,463 19964  INFO  [5911de] Finished processing user request with id = 5911dec8-3f6c-4c1a-881f-8ad43f965122 in 00:00:00.0590600.
2018-11-13 00:03:00,471 19972  INFO  [2e3f3d] Doing some complicated stuff.. Random numbers are: 451348643, 1581546536, 868194741.
2018-11-13 00:03:00,493 19994  INFO  [2e3f3d] Finished processing user request with id = 2e3f3dcf-3102-4842-a64e-4b7f8de61b96 in 00:00:00.0411504.
2018-11-13 00:03:00,494 19995  INFO  [e55033] Started processing user request. Id = e55033f9-85b8-43c5-896d-f4a0b1f807b3. Size = 70.67 KB.
2018-11-13 00:03:00,496 19997  INFO  [e55033] Doing some complicated stuff.. Random numbers are: 603278816, 1960608760, 1769207289.
2018-11-13 00:03:00,507 20008  INFO  [deb531] Started processing user request. Id = deb531f7-bb92-4b74-acd4-7f5583ee0ec2. Size = 88.8 KB.
2018-11-13 00:03:00,521 20022  INFO  [deb531] Doing some complicated stuff.. Random numbers are: 603162830, 108838088, 386196756.
2018-11-13 00:03:00,523 20024  INFO  [deb531] Here's some useful guids:
		3785ea70-863e-430c-9c85-aa8bf7149205
		7e434f76-1edf-49ac-b664-1b60ae85333a
2018-11-13 00:03:00,525 20026  INFO  [deb531] Finished processing user request with id = deb531f7-bb92-4b74-acd4-7f5583ee0ec2 in 00:00:00.0181758.
2018-11-13 00:03:00,530 20031  INFO  [e55033] Finished processing user request with id = e55033f9-85b8-43c5-896d-f4a0b1f807b3 in 00:00:00.0361786.
2018-11-13 00:03:00,539 20040  INFO  [e2c36f] Started processing user request. Id = e2c36ff1-ef2d-43a4-8df0-b0f9cd1d9d21. Size = 50.72 KB.
2018-11-13 00:03:00,547 20048  INFO  [e2c36f] Doing some complicated stuff.. Random numbers are: 1490239035, 1103333088, 525657406.
2018-11-13 00:03:00,561 20062  INFO  [2c703d] Started processing user request. Id = 2c703da6-a1de-4342-bb21-96a4786aec41. Size = 96.13 KB.
2018-11-13 00:03:00,565 20066  INFO  [2c703d] Doing some complicated stuff.. Random numbers are: 1847732970, 732004610, 90537760.
2018-11-13 00:03:00,585 20086  INFO  [e2c36f] Finished processing user request with id = e2c36ff1-ef2d-43a4-8df0-b0f9cd1d9d21 in 00:00:00.0460421.
2018-11-13 00:03:00,589 20090  INFO  [fd917b] Started processing user request. Id = fd917b57-466d-45d3-8bbb-690fcfacb308. Size = 90.22 KB.
2018-11-13 00:03:00,592 20093  INFO  [BackgroundDaemon] Starting iteration #15485.
2018-11-13 00:03:00,599 20100  INFO  [b68fd4] Started processing user request. Id = b68fd4ca-569a-4e53-94b9-26eaea922756. Size = 17.21 KB.
2018-11-13 00:03:00,605 20106  INFO  [fd917b] Doing some complicated stuff.. Random numbers are: 963601843, 885308068, 188322285.
2018-11-13 00:03:00,612 20113  INFO  [2c703d] Finished processing user request with id = 2c703da6-a1de-4342-bb21-96a4786aec41 in 00:00:00.0511578.
2018-11-13 00:03:00,618 20119  INFO  [b68fd4] Doing some complicated stuff.. Random numbers are: 1186478660, 105264776, 1596239140.
2018-11-13 00:03:00,632 20133  INFO  [fd917b] Here's some useful guids:
		781f15f5-5721-4318-8938-0a1c3998c8e0
		4cb4b057-afb3-4c2a-a8cd-d4390b83c29a
2018-11-13 00:03:00,644 20145  INFO  [edd93b] Started processing user request. Id = edd93bf7-2009-45a3-88c6-5da2990f1a82. Size = 46.26 KB.
2018-11-13 00:03:00,647 20148  INFO  [edd93b] Doing some complicated stuff.. Random numbers are: 197424253, 1076651858, 1338568883.
2018-11-13 00:03:00,654 20155  INFO  [b68fd4] Finished processing user request with id = b68fd4ca-569a-4e53-94b9-26eaea922756 in 00:00:00.0544950.
2018-11-13 00:03:00,655 20156  ERROR [fd917b] 
System.InvalidOperationException: Oh no! An error occurred!
2018-11-13 00:03:00,667 20168  INFO  [3cf6c8] Started processing user request. Id = 3cf6c83a-4e87-4e88-9df5-d6c621ed92b5. Size = 55.1 KB.
2018-11-13 00:03:00,671 20173  INFO  [3cf6c8] Doing some complicated stuff.. Random numbers are: 397482297, 1056757070, 322047373.
2018-11-13 00:03:00,675 20176  INFO  [edd93b] Here's some useful guids:
		391b35e2-f8e1-4eb9-8aa5-6f734cc94440
		6edacfa9-06cc-4ea8-8bdd-4d76010e8ec6
		dea31f26-706b-4281-a72d-a36e8364810d
		dcb2bd7c-8b2a-4c5b-8c99-fa58839d57f6
		34ccaed9-4b66-43c5-94bc-971942c1acdd
2018-11-13 00:03:00,680 20181  INFO  [BackgroundDaemon] Processing data (16% completed)..
2018-11-13 00:03:00,681 20182  INFO  [edd93b] Finished processing user request with id = edd93bf7-2009-45a3-88c6-5da2990f1a82 in 00:00:00.0371660.
2018-11-13 00:03:00,708 20209  ERROR [3cf6c8] 
System.InvalidOperationException: Oh no! An error occurred!
2018-11-13 00:03:00,713 20214  INFO  [f587d7] Started processing user request. Id = f587d714-9bdd-45c4-be0a-0d0cecd7891e. Size = 11.15 KB.
2018-11-13 00:03:00,721 20223  INFO  [2405ff] Started processing user request. Id = 2405ff68-00cd-4e36-a85c-09c06441f855. Size = 35.14 KB.
2018-11-13 00:03:00,732 20234  INFO  [f587d7] Doing some complicated stuff.. Random numbers are: 1007469715, 1176994756, 1284582215.
2018-11-13 00:03:00,733 20235  INFO  [2405ff] Doing some complicated stuff.. Random numbers are: 1805869953, 518405641, 1216681787.
2018-11-13 00:03:00,738 20240  INFO  [BackgroundDaemon] Processing data (46% completed)..
2018-11-13 00:03:00,762 20263  ERROR [f587d7] 
System.InvalidOperationException: Oh no! An error occurred!
2018-11-13 00:03:00,762 20263  INFO  [2405ff] Here's some useful guids:
		dd871c60-122a-4a28-a59c-07e749e8b2e5
		e51a5509-201f-4667-b1ae-3336f5f12d4e
		df66c392-9071-4ee5-b8b2-c53a66cc2372
		4796698d-e664-4651-a227-8fb3f9089f5c
		f6e40493-1b09-451c-9992-8cf3b7668661
2018-11-13 00:03:00,781 20282  INFO  [2405ff] Finished processing user request with id = 2405ff68-00cd-4e36-a85c-09c06441f855 in 00:00:00.0598811.
2018-11-13 00:03:00,789 20290  INFO  [Metrics] Cpu: 0.00%; Memory: 19.79 GB/31.88 GB; Workers: 4/1024; IOCP: 0/1024
2018-11-13 00:03:00,793 20294  INFO  [d56c69] Started processing user request. Id = d56c698f-5ffd-4c7c-b69b-f83acfc9d63d. Size = 54.61 KB.
2018-11-13 00:03:00,795 20296  INFO  [61047e] Started processing user request. Id = 61047ece-17c1-44c4-8b41-8603f7e7928b. Size = 43.18 KB.
2018-11-13 00:03:00,796 20297  INFO  [d56c69] Doing some complicated stuff.. Random numbers are: 819471486, 1755373156, 1887300233.
2018-11-13 00:03:00,814 20315  INFO  [61047e] Doing some complicated stuff.. Random numbers are: 23301167, 1557326890, 1606198992.
2018-11-13 00:03:00,818 20320  INFO  [d56c69] Here's some useful guids:
		5b4d4768-61eb-4d7c-8ae9-dda5e9158d3e
		797f16d3-d47e-4d5c-a6b6-9c0f05c02d0d
		480f7bc3-2767-4b6a-8a53-40f2eca3a951
		8ef6429f-4c2b-431c-bff3-a353f49a970f
2018-11-13 00:03:00,822 20324  INFO  [BackgroundDaemon] Processing data (90% completed)..
2018-11-13 00:03:00,822 20324  INFO  [BackgroundDaemon] Finished iteration in 00:00:00.2304498.
2018-11-13 00:03:00,822 20324  INFO  [a278ea] Started processing user request. Id = a278eaac-ecc0-43c6-abbf-5f7d74d029fd. Size = 56.05 KB.
2018-11-13 00:03:00,827 20329  INFO  [a278ea] Doing some complicated stuff.. Random numbers are: 1635406237, 1736014572, 707569120.
2018-11-13 00:03:00,829 20331  INFO  [61047e] Here's some useful guids:
		6db7528f-c3f5-4b2b-be1f-0d94edb752cf
		7720f1f7-eb30-4385-ab23-67de49f69630
		b1cb3825-2dea-48f9-a58d-c62283de4288
		7b4f1540-c558-4376-a88b-41371284477f
2018-11-13 00:03:00,840 20341  INFO  [61047e] Finished processing user request with id = 61047ece-17c1-44c4-8b41-8603f7e7928b in 00:00:00.0453761.
2018-11-13 00:03:00,842 20343  INFO  [d56c69] Finished processing user request with id = d56c698f-5ffd-4c7c-b69b-f83acfc9d63d in 00:00:00.0489405.
2018-11-13 00:03:00,853 20354  INFO  [7e809a] Started processing user request. Id = 7e809a49-404e-4451-b04d-59946738a154. Size = 52.76 KB.
2018-11-13 00:03:00,856 20357  INFO  [a278ea] Finished processing user request with id = a278eaac-ecc0-43c6-abbf-5f7d74d029fd in 00:00:00.0336761.
2018-11-13 00:03:00,870 20371  INFO  [7e809a] Doing some complicated stuff.. Random numbers are: 1074906733, 244949113, 626443057.
2018-11-13 00:03:00,873 20374  INFO  [ed059f] Started processing user request. Id = ed059fea-ca69-4bcf-8036-2d97e598f5b8. Size = 79.96 KB.
2018-11-13 00:03:00,879 20380  INFO  [ed059f] Doing some complicated stuff.. Random numbers are: 901147830, 430320004, 343676213.
2018-11-13 00:03:00,888 20389  INFO  [ed059f] Here's some useful guids:
		79b1f07f-b932-4d1d-91e0-68de6eb9d722
		039bbcc2-6376-4244-aab9-3eac63476972
		9318913b-e24f-4330-862b-ea6cd7da0bad
2018-11-13 00:03:00,895 20396  INFO  [ed059f] Finished processing user request with id = ed059fea-ca69-4bcf-8036-2d97e598f5b8 in 00:00:00.0222006.
2018-11-13 00:03:00,927 20428  INFO  [6578a9] Started processing user request. Id = 6578a9c4-3f7b-4e66-b0dc-5087afcc4116. Size = 55.4 KB.
2018-11-13 00:03:00,927 20428  INFO  [7e809a] Finished processing user request with id = 7e809a49-404e-4451-b04d-59946738a154 in 00:00:00.0736013.
2018-11-13 00:03:00,939 20440  INFO  [6578a9] Doing some complicated stuff.. Random numbers are: 1874881062, 472939396, 1359198067.
2018-11-13 00:03:00,941 20442  INFO  [fb9dd0] Started processing user request. Id = fb9dd0c7-4074-41fe-a4e4-e8e9a0d4926e. Size = 19.66 KB.
2018-11-13 00:03:00,960 20461  INFO  [fb9dd0] Doing some complicated stuff.. Random numbers are: 1339964323, 205753799, 1712961094.
2018-11-13 00:03:00,971 20472  INFO  [6578a9] Finished processing user request with id = 6578a9c4-3f7b-4e66-b0dc-5087afcc4116 in 00:00:00.0440263.
2018-11-13 00:03:00,988 20490  ERROR [fb9dd0] 
System.InvalidOperationException: Oh no! An error occurred!
2018-11-13 00:03:01,002 20503  INFO  [ed7eb6] Started processing user request. Id = ed7eb645-a8dd-4b81-9470-45f380d8d330. Size = 25.74 KB.
2018-11-13 00:03:01,002 20503  INFO  [7da063] Started processing user request. Id = 7da06303-5071-4ee4-9530-e9b911c6eb0f. Size = 40.72 KB.
2018-11-13 00:03:01,017 20519  INFO  [ed7eb6] Doing some complicated stuff.. Random numbers are: 593098949, 493708209, 1388860078.
2018-11-13 00:03:01,018 20520  INFO  [7da063] Doing some complicated stuff.. Random numbers are: 1489074594, 1933061225, 1147772668.
2018-11-13 00:03:01,023 20524  INFO  [BackgroundDaemon] Starting iteration #15486.
2018-11-13 00:03:01,024 20525  INFO  [02e096] Started processing user request. Id = 02e0966f-2b26-45c7-9a30-e35b5d6b4b88. Size = 9.24 KB.
2018-11-13 00:03:01,035 20536  INFO  [ed7eb6] Here's some useful guids:
		f6d8e36a-63e8-42be-be82-a24f741dabad
2018-11-13 00:03:01,037 20538  INFO  [02e096] Doing some complicated stuff.. Random numbers are: 1042580136, 334819730, 642941897.
2018-11-13 00:03:01,040 20541  INFO  [7da063] Here's some useful guids:
		0ef5eb29-5287-421e-a09d-c6b231d170b5
		1fe8582a-e6b6-4d27-ae74-1de1cf1f220d
		8952563c-4cf6-4154-bab3-7c3594bd8b7b
		d5b200ae-35a9-4bc1-95b9-6daadd258038
		a4a76c21-88ba-4578-8586-db15de28f77d
2018-11-13 00:03:01,044 20545  INFO  [ed7eb6] Finished processing user request with id = ed7eb645-a8dd-4b81-9470-45f380d8d330 in 00:00:00.0419275.
2018-11-13 00:03:01,052 20553  INFO  [BackgroundDaemon] Processing data (10% completed)..
2018-11-13 00:03:01,056 20557  INFO  [7da063] Finished processing user request with id = 7da06303-5071-4ee4-9530-e9b911c6eb0f in 00:00:00.0534750.
2018-11-13 00:03:01,069 20570  INFO  [69e7a2] Started processing user request. Id = 69e7a2bb-45d3-4af4-b343-dd1dd5d18e38. Size = 42.9 KB.
2018-11-13 00:03:01,071 20572  INFO  [69e7a2] Doing some complicated stuff.. Random numbers are: 1482804702, 344387052, 1154374877.
2018-11-13 00:03:01,072 20573  ERROR [02e096] 
System.InvalidOperationException: Oh no! An error occurred!
2018-11-13 00:03:01,076 20577  INFO  [12359d] Started processing user request. Id = 12359d30-2089-4e04-9a12-b412997bbc9f. Size = 91.49 KB.
2018-11-13 00:03:01,083 20584  INFO  [12359d] Doing some complicated stuff.. Random numbers are: 92544450, 1190655262, 1569064706.
2018-11-13 00:03:01,089 20591  INFO  [69e7a2] Here's some useful guids:
		c32c814e-2205-430c-9e8f-ca67d616c190
		7b7f71ab-dbae-4578-aa06-cc508486578c
		8816f0b9-074a-4fbc-9cbb-55b1030ec455
2018-11-13 00:03:01,092 20593  INFO  [69e7a2] Finished processing user request with id = 69e7a2bb-45d3-4af4-b343-dd1dd5d18e38 in 00:00:00.0234458.
2018-11-13 00:03:01,095 20596  INFO  [BackgroundDaemon] Processing data (35% completed)..
2018-11-13 00:03:01,106 20607  INFO  [e43566] Started processing user request. Id = e4356686-5b6e-4cb9-84a6-8612da0a8363. Size = 93.21 KB.
2018-11-13 00:03:01,121 20622  INFO  [12359d] Finished processing user request with id = 12359d30-2089-4e04-9a12-b412997bbc9f in 00:00:00.0450201.
2018-11-13 00:03:01,124 20625  INFO  [e43566] Doing some complicated stuff.. Random numbers are: 1948880475, 829498840, 1757709955.
2018-11-13 00:03:01,141 20642  INFO  [e43566] Here's some useful guids:
		3b2d7530-1ded-481a-8110-624bf380a762
		b6f3878e-ca58-45c7-a98d-3c26cc4e8810
		65e444cc-1216-429f-b1c6-efe43b1638a8
		e849acfc-2f51-48f5-b457-453b7d57d0d0
		01056d3e-b2eb-458e-a49a-2bd34962fdbc
2018-11-13 00:03:01,153 20654  INFO  [8c75c5] Started processing user request. Id = 8c75c51d-547f-4231-beda-8501600f0284. Size = 30.34 KB.
2018-11-13 00:03:01,160 20661  INFO  [8c75c5] Doing some complicated stuff.. Random numbers are: 578006678, 203254392, 1175201819.
2018-11-13 00:03:01,168 20669  INFO  [e43566] Finished processing user request with id = e4356686-5b6e-4cb9-84a6-8612da0a8363 in 00:00:00.0616320.
2018-11-13 00:03:01,181 20682  INFO  [ffbb4a] Started processing user request. Id = ffbb4aaf-a2c8-48ca-9c03-12e7e30e70be. Size = 39.67 KB.
2018-11-13 00:03:01,183 20684  INFO  [ffbb4a] Doing some complicated stuff.. Random numbers are: 1782002427, 1128492595, 429383839.
2018-11-13 00:03:01,185 20686  INFO  [BackgroundDaemon] Processing data (76% completed)..
2018-11-13 00:03:01,185 20686  INFO  [BackgroundDaemon] Finished iteration in 00:00:00.1625674.
2018-11-13 00:03:01,191 20692  INFO  [8c75c5] Here's some useful guids:
		c3a7f13b-32f4-497d-8352-09450d815bff
		62bb5cef-2c3a-4d02-9d91-210c081c506c
		2f59be4f-afa9-456f-a107-c3f3cee1cff1
		85ec2806-5007-4d33-9c2a-9a332db3bdc0
		9df44cf1-8c33-402c-9f2e-193f6d695646
2018-11-13 00:03:01,199 20700  INFO  [8c75c5] Finished processing user request with id = 8c75c51d-547f-4231-beda-8501600f0284 in 00:00:00.0464028.
2018-11-13 00:03:01,223 20724  INFO  [ffbb4a] Finished processing user request with id = ffbb4aaf-a2c8-48ca-9c03-12e7e30e70be in 00:00:00.0417941.
2018-11-13 00:03:01,230 20732  INFO  [f31cbb] Started processing user request. Id = f31cbb94-0234-48ff-96f1-cced493145f3. Size = 18.11 KB.
2018-11-13 00:03:01,236 20737  INFO  [71bb92] Started processing user request. Id = 71bb9224-0fe3-4516-9908-6f3640caf6ed. Size = 95.67 KB.
2018-11-13 00:03:01,239 20740  INFO  [f31cbb] Doing some complicated stuff.. Random numbers are: 1807512860, 1562069434, 140265552.
2018-11-13 00:03:01,240 20741  INFO  [6022d2] Started processing user request. Id = 6022d2f3-9c63-4146-8f64-f9577dd29b64. Size = 91.82 KB.
2018-11-13 00:03:01,246 20747  INFO  [6022d2] Doing some complicated stuff.. Random numbers are: 2146136869, 1505746078, 1795565481.
2018-11-13 00:03:01,246 20747  INFO  [6022d2] Here's some useful guids:
		ee5c6ced-a8da-405c-8dbf-77d24c8c7905
		0b8c7658-d184-4d59-9ab6-258e64f629f8
2018-11-13 00:03:01,249 20750  INFO  [71bb92] Doing some complicated stuff.. Random numbers are: 789794783, 256054797, 660714173.
2018-11-13 00:03:01,255 20756  ERROR [6022d2] 
System.InvalidOperationException: Oh no! An error occurred!
2018-11-13 00:03:01,260 20761  INFO  [f31cbb] Here's some useful guids:
		bce0c173-9202-49c2-898e-3c0d181085c7
		7bf64f93-7358-49cb-8497-1ab7f7d2e909
		4c00b972-2865-4e73-a758-34dea1d17cb7
2018-11-13 00:03:01,262 20764  INFO  [f31cbb] Finished processing user request with id = f31cbb94-0234-48ff-96f1-cced493145f3 in 00:00:00.0319600.
2018-11-13 00:03:01,285 20787  INFO  [71bb92] Finished processing user request with id = 71bb9224-0fe3-4516-9908-6f3640caf6ed in 00:00:00.0490810.
2018-11-13 00:03:01,288 20790  INFO  [Metrics] Cpu: 0.00%; Memory: 19.79 GB/31.88 GB; Workers: 4/1024; IOCP: 0/1024
2018-11-13 00:03:01,293 20795  INFO  [732517] Started processing user request. Id = 732517bb-9119-4859-92f9-dd0454a9a6df. Size = 75.92 KB.
2018-11-13 00:03:01,299 20800  INFO  [5492b3] Started processing user request. Id = 5492b354-d441-4c4a-9538-ea005eb9c08c. Size = 8.48 KB.
2018-11-13 00:03:01,308 20809  INFO  [732517] Doing some complicated stuff.. Random numbers are: 252658132, 32605756, 540752923.
2018-11-13 00:03:01,312 20813  INFO  [5492b3] Doing some complicated stuff.. Random numbers are: 874600509, 1793353476, 1294097784.
2018-11-13 00:03:01,320 20821  INFO  [732517] Here's some useful guids:
		0f26a475-85e0-4ff3-aa5a-0ca396312bca
		29d26be9-9cc4-4501-ae7c-0b390bc8c792
		b2a72dc2-628b-405b-bdab-7559116d252c
2018-11-13 00:03:01,320 20821  INFO  [732517] Finished processing user request with id = 732517bb-9119-4859-92f9-dd0454a9a6df in 00:00:00.0260384.
2018-11-13 00:03:01,351 20852  INFO  [b8ca34] Started processing user request. Id = b8ca3489-995f-42a9-a767-e61a15a3dd1a. Size = 80.05 KB.
2018-11-13 00:03:01,361 20862  ERROR [5492b3] 
System.InvalidOperationException: Oh no! An error occurred!
2018-11-13 00:03:01,366 20867  INFO  [b8ca34] Doing some complicated stuff.. Random numbers are: 1583948439, 2016888356, 432131496.
2018-11-13 00:03:01,374 20875  INFO  [5270cb] Started processing user request. Id = 5270cbe8-f3f3-4300-9e62-83244c84b4d1. Size = 30.14 KB.
2018-11-13 00:03:01,376 20877  INFO  [5270cb] Doing some complicated stuff.. Random numbers are: 194863166, 624680602, 1447107822.
2018-11-13 00:03:01,379 20881  INFO  [5270cb] Here's some useful guids:
		72c5fd61-1ca0-4187-99d0-9e113c6c5e7f
2018-11-13 00:03:01,386 20887  INFO  [BackgroundDaemon] Starting iteration #15487.
2018-11-13 00:03:01,391 20892  INFO  [5270cb] Finished processing user request with id = 5270cbe8-f3f3-4300-9e62-83244c84b4d1 in 00:00:00.0169835.
2018-11-13 00:03:01,397 20898  INFO  [b8ca34] Finished processing user request with id = b8ca3489-995f-42a9-a767-e61a15a3dd1a in 00:00:00.0460514.
2018-11-13 00:03:01,405 20906  INFO  [a2c7e6] Started processing user request. Id = a2c7e6c4-cba5-45b5-8557-2590a4da0d02. Size = 16.19 KB.
2018-11-13 00:03:01,423 20924  INFO  [eec792] Started processing user request. Id = eec79250-4196-4c98-8328-d6552ca58590. Size = 95.19 KB.
2018-11-13 00:03:01,424 20925  INFO  [a2c7e6] Doing some complicated stuff.. Random numbers are: 28729540, 979451170, 1617014473.
2018-11-13 00:03:01,428 20929  INFO  [eec792] Doing some complicated stuff.. Random numbers are: 436799131, 627362162, 1002886873.
2018-11-13 00:03:01,429 20930  INFO  [12b4e1] Started processing user request. Id = 12b4e116-8667-4703-8e4d-d327c31484e2. Size = 43.26 KB.
2018-11-13 00:03:01,430 20931  INFO  [a2c7e6] Here's some useful guids:
		cfe1107a-c660-4978-853e-204f05563b7d
2018-11-13 00:03:01,434 20935  INFO  [12b4e1] Doing some complicated stuff.. Random numbers are: 929838012, 433466881, 1993611823.
2018-11-13 00:03:01,434 20935  INFO  [eec792] Here's some useful guids:
		7a8404bd-382d-40dc-986d-fa664773dfab
		ffb2cc24-5705-4b58-8b3a-87e363db9023
		a5281ce1-a5f9-4abe-8773-96cb3d40c52c
		099a6541-20ce-4199-8020-9207a1223b85
		4b653f91-fc59-4673-afff-8f27897801bc
2018-11-13 00:03:01,443 20944  INFO  [12b4e1] Finished processing user request with id = 12b4e116-8667-4703-8e4d-d327c31484e2 in 00:00:00.0139724.
2018-11-13 00:03:01,447 20948  INFO  [a2c7e6] Finished processing user request with id = a2c7e6c4-cba5-45b5-8557-2590a4da0d02 in 00:00:00.0423011.
2018-11-13 00:03:01,450 20951  INFO  [eec792] Finished processing user request with id = eec79250-4196-4c98-8328-d6552ca58590 in 00:00:00.0275102.
2018-11-13 00:03:01,453 20955  INFO  [BackgroundDaemon] Processing data (17% completed)..
2018-11-13 00:03:01,460 20961  INFO  [53a570] Started processing user request. Id = 53a57057-c608-4d17-8441-c0b083b8d0e1. Size = 58.87 KB.
2018-11-13 00:03:01,474 20975  INFO  [5d949e] Started processing user request. Id = 5d949ec6-ecd5-498d-b8ad-6491e35fde65. Size = 95.96 KB.
2018-11-13 00:03:01,474 20975  INFO  [5d949e] Doing some complicated stuff.. Random numbers are: 626709166, 1859792497, 1718369981.
2018-11-13 00:03:01,477 20979  INFO  [53a570] Doing some complicated stuff.. Random numbers are: 1926804010, 2005597368, 1023102262.
2018-11-13 00:03:01,507 21008  INFO  [53a570] Here's some useful guids:
		b35efa9e-b654-47a3-90a5-4775f8a174c1
		c69672d7-40d8-415f-83e9-b5dc5451b710
		e5a55acd-394c-4921-82d3-153af1e8996c
		bf32fc48-0842-4ea9-8df8-0e575cd7866b
		d2ae07af-bbce-4224-a238-abd82bc3071b
2018-11-13 00:03:01,510 21011  INFO  [5d949e] Here's some useful guids:
		b76e3900-03ea-49bb-bdef-90d9cc58af62
		4876bf6d-061e-421e-9ea1-2533dc5030fa
		3252de6b-7b1a-4750-ac13-bb5774204ec7
2018-11-13 00:03:01,516 21018  INFO  [5d949e] Finished processing user request with id = 5d949ec6-ecd5-498d-b8ad-6491e35fde65 in 00:00:00.0425286.
2018-11-13 00:03:01,525 21026  INFO  [53a570] Finished processing user request with id = 53a57057-c608-4d17-8441-c0b083b8d0e1 in 00:00:00.0641299.
2018-11-13 00:03:01,538 21039  INFO  [c7d73d] Started processing user request. Id = c7d73dca-2f33-44cd-bb8b-a1c32464da12. Size = 97.93 KB.
2018-11-13 00:03:01,544 21045  INFO  [BackgroundDaemon] Processing data (32% completed)..
2018-11-13 00:03:01,548 21049  INFO  [3d0877] Started processing user request. Id = 3d0877e4-f43f-4971-918c-da72936e9f2f. Size = 82.72 KB.
2018-11-13 00:03:01,549 21050  INFO  [c7d73d] Doing some complicated stuff.. Random numbers are: 1464164034, 1296209967, 1487338638.
2018-11-13 00:03:01,554 21055  INFO  [3d0877] Doing some complicated stuff.. Random numbers are: 1583389701, 1926822819, 2116925443.
2018-11-13 00:03:01,559 21060  INFO  [3d0877] Here's some useful guids:
		c1b0d45b-84ea-4014-83f3-14177dee0e92
		82389c27-79c9-4025-8ba3-bd182605ef88
		aecfe0d1-cf06-4910-8198-22d749fbf28f
2018-11-13 00:03:01,571 21072  INFO  [c7d73d] Here's some useful guids:
		b1f42b1e-0b20-4f25-842e-49a3df884752
		84fc1231-0015-4594-929d-729598685fab
		f393036b-b9da-4226-b223-469e21adb17b
		a19daa1d-bdd0-4cc6-a2af-4ab0f2fdf09a
2018-11-13 00:03:01,580 21081  ERROR [3d0877] 
System.InvalidOperationException: Oh no! An error occurred!
2018-11-13 00:03:01,600 21101  INFO  [c7d73d] Finished processing user request with id = c7d73dca-2f33-44cd-bb8b-a1c32464da12 in 00:00:00.0624115.
2018-11-13 00:03:01,612 21113  INFO  [90d13d] Started processing user request. Id = 90d13dd0-1265-44a6-8905-42e64bf47bee. Size = 51.64 KB.
2018-11-13 00:03:01,614 21115  INFO  [48ed14] Started processing user request. Id = 48ed145e-6a97-4c02-a9e7-b645a8da6ba2. Size = 76.73 KB.
2018-11-13 00:03:01,618 21119  INFO  [48ed14] Doing some complicated stuff.. Random numbers are: 326769481, 1390862710, 740483674.
2018-11-13 00:03:01,618 21119  INFO  [7d8490] Started processing user request. Id = 7d8490eb-3958-4121-bc2a-91ded166d44d. Size = 73.95 KB.
2018-11-13 00:03:01,627 21128  INFO  [90d13d] Doing some complicated stuff.. Random numbers are: 1161110274, 1615220304, 1738721478.
2018-11-13 00:03:01,628 21129  INFO  [BackgroundDaemon] Processing data (54% completed)..
2018-11-13 00:03:01,628 21129  INFO  [BackgroundDaemon] Finished iteration in 00:00:00.2420044.
2018-11-13 00:03:01,629 21130  INFO  [7d8490] Doing some complicated stuff.. Random numbers are: 2083614817, 1698781877, 1530962711.
2018-11-13 00:03:01,650 21151  INFO  [48ed14] Here's some useful guids:
		a8acc95f-3424-43ba-a219-3ae165076c57
2018-11-13 00:03:01,657 21158  INFO  [7d8490] Finished processing user request with id = 7d8490eb-3958-4121-bc2a-91ded166d44d in 00:00:00.0385035.
2018-11-13 00:03:01,664 21165  INFO  [90d13d] Finished processing user request with id = 90d13dd0-1265-44a6-8905-42e64bf47bee in 00:00:00.0518768.
2018-11-13 00:03:01,670 21171  INFO  [48ed14] Finished processing user request with id = 48ed145e-6a97-4c02-a9e7-b645a8da6ba2 in 00:00:00.0560882.
2018-11-13 00:03:01,683 21184  INFO  [dd691e] Started processing user request. Id = dd691eb7-293e-4f60-a588-f714e0ef6040. Size = 48.01 KB.
2018-11-13 00:03:01,695 21196  INFO  [7d72d0] Started processing user request. Id = 7d72d015-825f-47df-a190-3e948d4c87b1. Size = 18.58 KB.
2018-11-13 00:03:01,698 21200  INFO  [dd691e] Doing some complicated stuff.. Random numbers are: 864103338, 1590547773, 688752715.
2018-11-13 00:03:01,713 21214  INFO  [7d72d0] Doing some complicated stuff.. Random numbers are: 1043658056, 420752462, 845144418.
2018-11-13 00:03:01,717 21218  INFO  [dd691e] Here's some useful guids:
		de2fd876-6ddc-4d6a-b093-234ce74a24fc
2018-11-13 00:03:01,741 21242  ERROR [dd691e] 
System.InvalidOperationException: Oh no! An error occurred!
2018-11-13 00:03:01,754 21255  INFO  [9b6b5b] Started processing user request. Id = 9b6b5b9a-5372-49a0-a7d4-6203a49708a8. Size = 80.94 KB.
2018-11-13 00:03:01,759 21260  ERROR [7d72d0] 
System.InvalidOperationException: Oh no! An error occurred!
2018-11-13 00:03:01,765 21266  INFO  [9b6b5b] Doing some complicated stuff.. Random numbers are: 1150933755, 1987575238, 592279890.
2018-11-13 00:03:01,788 21289  INFO  [Metrics] Cpu: 0.00%; Memory: 19.79 GB/31.88 GB; Workers: 4/1024; IOCP: 0/1024
2018-11-13 00:03:01,790 21291  INFO  [9b6b5b] Here's some useful guids:
		dfdfbb5b-e29f-4481-b8a5-276d247d1f7c
		00474136-38e1-4edf-998a-73999844d3a6
		4e878bec-d394-4481-8309-58f648f2d07b
2018-11-13 00:03:01,791 21292  INFO  [807731] Started processing user request. Id = 80773165-1d7a-464e-a613-82f9ae7e3140. Size = 92.63 KB.
2018-11-13 00:03:01,807 21308  INFO  [807731] Doing some complicated stuff.. Random numbers are: 1985316181, 1301529992, 95057163.
2018-11-13 00:03:01,812 21313  INFO  [9b6b5b] Finished processing user request with id = 9b6b5b9a-5372-49a0-a7d4-6203a49708a8 in 00:00:00.0578779.
2018-11-13 00:03:01,824 21325  INFO  [5df100] Started processing user request. Id = 5df10035-b347-4613-b7ba-e630d3d11ddb. Size = 14.65 KB.
2018-11-13 00:03:01,826 21327  INFO  [d3ff79] Started processing user request. Id = d3ff7931-b01b-465f-9170-26393ba33c14. Size = 88.45 KB.
2018-11-13 00:03:01,828 21330  INFO  [BackgroundDaemon] Starting iteration #15488.
2018-11-13 00:03:01,835 21336  INFO  [d3ff79] Doing some complicated stuff.. Random numbers are: 326941394, 576567501, 2138177323.
2018-11-13 00:03:01,843 21344  INFO  [5df100] Doing some complicated stuff.. Random numbers are: 648410962, 228156563, 765458394.
2018-11-13 00:03:01,851 21352  INFO  [807731] Finished processing user request with id = 80773165-1d7a-464e-a613-82f9ae7e3140 in 00:00:00.0603242.
2018-11-13 00:03:01,852 21353  INFO  [BackgroundDaemon] Processing data (13% completed)..
2018-11-13 00:03:01,854 21355  INFO  [5df100] Here's some useful guids:
		4e86e20b-c23f-495c-a5c9-176099a75ef7
		7ecca421-cd2c-44d2-b8a6-5349e3d70d1a
		6472842a-6545-4e7a-96a7-0ded49952b9d
		895a4f98-5c5e-4537-9464-cb0ca4fed6b5
		98a97b57-e2fc-4647-ae58-ecf950133c3d
2018-11-13 00:03:01,857 21358  INFO  [d3ff79] Finished processing user request with id = d3ff7931-b01b-465f-9170-26393ba33c14 in 00:00:00.0311617.
2018-11-13 00:03:01,871 21372  INFO  [fdca77] Started processing user request. Id = fdca77a3-57f4-4070-a174-1e7b1f65622f. Size = 66.58 KB.
2018-11-13 00:03:01,880 21381  INFO  [5df100] Finished processing user request with id = 5df10035-b347-4613-b7ba-e630d3d11ddb in 00:00:00.0562201.
2018-11-13 00:03:01,882 21383  INFO  [BackgroundDaemon] Processing data (41% completed)..
2018-11-13 00:03:01,882 21383  INFO  [74bf63] Started processing user request. Id = 74bf63a6-1449-451f-ac54-a4a3227230f8. Size = 32.47 KB.
2018-11-13 00:03:01,885 21386  INFO  [fdca77] Doing some complicated stuff.. Random numbers are: 98161193, 325637175, 1894483695.
2018-11-13 00:03:01,890 21391  INFO  [74bf63] Doing some complicated stuff.. Random numbers are: 214782256, 1251091671, 1479314438.
2018-11-13 00:03:01,893 21394  INFO  [74bf63] Here's some useful guids:
		c269f69c-cf14-461e-b12d-8ec2be9a61a6
2018-11-13 00:03:01,898 21399  INFO  [74bf63] Finished processing user request with id = 74bf63a6-1449-451f-ac54-a4a3227230f8 in 00:00:00.0159961.
2018-11-13 00:03:01,909 21410  INFO  [BackgroundDaemon] Processing data (83% completed)..
2018-11-13 00:03:01,909 21410  INFO  [BackgroundDaemon] Finished iteration in 00:00:00.0809278.
2018-11-13 00:03:01,924 21425  INFO  [fdca77] Here's some useful guids:
		000cf52a-9a5a-41ef-8866-0c1652b9b762
2018-11-13 00:03:01,929 21431  INFO  [eb63ce] Started processing user request. Id = eb63ceb9-c046-4b1f-b9f1-02eab8e5615a. Size = 52.97 KB.
2018-11-13 00:03:01,931 21433  INFO  [eb63ce] Doing some complicated stuff.. Random numbers are: 326938509, 808128132, 1447746768.
2018-11-13 00:03:01,935 21437  INFO  [eb63ce] Here's some useful guids:
		6db87fef-c069-4602-8977-f7421686c7c1
		a0266a86-21da-42c9-a018-1329f03fe0fe
2018-11-13 00:03:01,946 21447  INFO  [eb63ce] Finished processing user request with id = eb63ceb9-c046-4b1f-b9f1-02eab8e5615a in 00:00:00.0164242.
2018-11-13 00:03:01,952 21453  INFO  [fdca77] Finished processing user request with id = fdca77a3-57f4-4070-a174-1e7b1f65622f in 00:00:00.0809615.
2018-11-13 00:03:01,965 21466  INFO  [500290] Started processing user request. Id = 50029093-449b-43f2-8847-7fd335d2e2dd. Size = 23.51 KB.
2018-11-13 00:03:01,973 21475  INFO  [500290] Doing some complicated stuff.. Random numbers are: 193621097, 1867181410, 13003495.
2018-11-13 00:03:01,977 21479  INFO  [a0c4b6] Started processing user request. Id = a0c4b6aa-352b-4c23-ae4a-22a62d906fc6. Size = 33.74 KB.
2018-11-13 00:03:01,985 21487  INFO  [a0c4b6] Doing some complicated stuff.. Random numbers are: 2143949577, 539577435, 850817064.
2018-11-13 00:03:01,992 21494  INFO  [500290] Here's some useful guids:
		c1fe66dd-fc15-4fe4-9070-94977c9250ae
		d5f530a8-4885-4755-8a78-bea725274865
		6cd71cd2-2fee-4abf-946c-79e4eda92d88
		a48677ba-1b0b-4d10-b2fa-29cdbcfd6911
2018-11-13 00:03:01,999 21500  INFO  [500290] Finished processing user request with id = 50029093-449b-43f2-8847-7fd335d2e2dd in 00:00:00.0332291.
2018-11-13 00:03:02,012 21513  INFO  [1996ae] Started processing user request. Id = 1996ae43-aebe-4721-8d2c-de62cc49e095. Size = 70.76 KB.
2018-11-13 00:03:02,022 21523  INFO  [1996ae] Doing some complicated stuff.. Random numbers are: 1424340333, 902791829, 981533699.
2018-11-13 00:03:02,035 21536  ERROR [a0c4b6] 
System.InvalidOperationException: Oh no! An error occurred!
2018-11-13 00:03:02,047 21548  INFO  [55f623] Started processing user request. Id = 55f623aa-2b9d-4edf-8b5e-7ab0b1abb735. Size = 74.48 KB.
2018-11-13 00:03:02,053 21554  INFO  [1996ae] Here's some useful guids:
		5e12b5ee-4ddf-4f96-bdb7-28ee52639289
		b69fbde1-4f5d-444d-bef9-479162fb3652
		23f71344-3c3d-4055-ad4a-c2fe2084bbfe
2018-11-13 00:03:02,058 21559  INFO  [55f623] Doing some complicated stuff.. Random numbers are: 2035115545, 2086704545, 1774472616.
2018-11-13 00:03:02,058 21559  INFO  [1996ae] Finished processing user request with id = 1996ae43-aebe-4721-8d2c-de62cc49e095 in 00:00:00.0464025.
2018-11-13 00:03:02,067 21568  INFO  [c068d9] Started processing user request. Id = c068d94f-274c-49f5-bd18-6b2ce6c9b8f8. Size = 73.97 KB.
2018-11-13 00:03:02,072 21573  INFO  [8603a7] Started processing user request. Id = 8603a7c7-3cec-4b42-9f76-da70fb6cf604. Size = 90.64 KB.
2018-11-13 00:03:02,083 21584  INFO  [c068d9] Doing some complicated stuff.. Random numbers are: 1950586537, 733320576, 2028152100.
2018-11-13 00:03:02,083 21584  INFO  [55f623] Here's some useful guids:
		acf0e99f-2753-4e3c-bc41-8bc8ef321ca6
		a35f9f75-01aa-48b4-8c16-669bee4e0d41
		5316b0b8-9859-4a9e-abaa-fa502736877b
		74655e26-3f2b-427a-979f-e526218b42a0
		cbaa688a-3ee5-4ac4-a655-5f18145a052f
2018-11-13 00:03:02,087 21588  INFO  [8603a7] Doing some complicated stuff.. Random numbers are: 2007573254, 1219119398, 292123676.
2018-11-13 00:03:02,095 21596  INFO  [55f623] Finished processing user request with id = 55f623aa-2b9d-4edf-8b5e-7ab0b1abb735 in 00:00:00.0479057.
2018-11-13 00:03:02,104 21605  INFO  [c068d9] Finished processing user request with id = c068d94f-274c-49f5-bd18-6b2ce6c9b8f8 in 00:00:00.0372217.
2018-11-13 00:03:02,110 21611  INFO  [BackgroundDaemon] Starting iteration #15489.
2018-11-13 00:03:02,110 21611  INFO  [8603a7] Finished processing user request with id = 8603a7c7-3cec-4b42-9f76-da70fb6cf604 in 00:00:00.0381804.
2018-11-13 00:03:02,123 21625  INFO  [e5ee2d] Started processing user request. Id = e5ee2dbf-fc2a-4aeb-863f-f70d4cc7ce0b. Size = 94.24 KB.
2018-11-13 00:03:02,123 21625  INFO  [e5ee2d] Doing some complicated stuff.. Random numbers are: 1041456180, 724706565, 272545968.
2018-11-13 00:03:02,136 21637  INFO  [ab8bbd] Started processing user request. Id = ab8bbd59-463a-435d-8866-5c72e1f9a215. Size = 19.33 KB.
2018-11-13 00:03:02,144 21645  INFO  [ab8bbd] Doing some complicated stuff.. Random numbers are: 16907484, 561610045, 781288631.
2018-11-13 00:03:02,164 21665  INFO  [ab8bbd] Here's some useful guids:
		7642654f-5604-4006-8d89-e569263f59bd
		3a6d6cb6-ab39-4fb6-9401-ec461a7737b9
		98f2c678-cd7d-4c10-9731-d26db85664f3
		c6ac5503-cd9b-4048-af6f-b8c8dab2bbf0
		5b2d1202-edf1-4105-9d22-33370b7e2668
2018-11-13 00:03:02,168 21670  INFO  [e5ee2d] Finished processing user request with id = e5ee2dbf-fc2a-4aeb-863f-f70d4cc7ce0b in 00:00:00.0449911.
2018-11-13 00:03:02,174 21675  INFO  [BackgroundDaemon] Processing data (7% completed)..
2018-11-13 00:03:02,182 21684  INFO  [2a7d4d] Started processing user request. Id = 2a7d4d64-56ca-4f83-8980-ffc4e4392c34. Size = 14.35 KB.
2018-11-13 00:03:02,188 21689  INFO  [ab8bbd] Finished processing user request with id = ab8bbd59-463a-435d-8866-5c72e1f9a215 in 00:00:00.0515510.
2018-11-13 00:03:02,198 21699  INFO  [2a7d4d] Doing some complicated stuff.. Random numbers are: 1600601256, 1568787451, 1020643432.
2018-11-13 00:03:02,219 21720  INFO  [a2d76c] Started processing user request. Id = a2d76c42-6f5f-43c8-91bd-16542325790c. Size = 24.57 KB.
2018-11-13 00:03:02,230 21731  INFO  [a2d76c] Doing some complicated stuff.. Random numbers are: 22568893, 796636944, 1045790354.
2018-11-13 00:03:02,238 21739  ERROR [2a7d4d] 
System.InvalidOperationException: Oh no! An error occurred!
2018-11-13 00:03:02,247 21748  INFO  [a2d76c] Here's some useful guids:
		79944d0b-1508-4a7d-99a0-e00080fea02e
		9ae29495-90b7-48ff-bda0-6f04a91fe2ba
		5f262deb-3cb8-4a04-b3f1-1b509d1fefcb
		19c6cb25-3984-43bb-85a9-de3e9cecda0d
		9bb11a38-82bd-40a5-ad7b-564d80cb97aa
2018-11-13 00:03:02,247 21748  INFO  [BackgroundDaemon] Processing data (22% completed)..
2018-11-13 00:03:02,251 21753  INFO  [d8f3b4] Started processing user request. Id = d8f3b430-fa2f-4700-98dd-b58a0c9db853. Size = 61.37 KB.
2018-11-13 00:03:02,261 21762  INFO  [a2d76c] Finished processing user request with id = a2d76c42-6f5f-43c8-91bd-16542325790c in 00:00:00.0412568.
2018-11-13 00:03:02,263 21764  INFO  [38b7cd] Started processing user request. Id = 38b7cda7-ad91-467f-8843-ff0d6f26eb6f. Size = 2.67 KB.
2018-11-13 00:03:02,265 21766  INFO  [d8f3b4] Doing some complicated stuff.. Random numbers are: 207251201, 1944541850, 1484399222.
2018-11-13 00:03:02,265 21766  INFO  [d8f3b4] Here's some useful guids:
		b52712e8-64e1-4f17-8d1a-1e6ac3cfdc2d
		5c6a0886-764d-4451-ba93-799b44fcc75d
2018-11-13 00:03:02,267 21768  INFO  [38b7cd] Doing some complicated stuff.. Random numbers are: 1196538905, 501847468, 317400022.
2018-11-13 00:03:02,275 21776  INFO  [38b7cd] Here's some useful guids:
		f2401f13-717b-4a49-958f-e37347f1b53f
		525ffc78-2c15-43f6-b262-3f5c73cb5de2
2018-11-13 00:03:02,279 21780  INFO  [d8f3b4] Finished processing user request with id = d8f3b430-fa2f-4700-98dd-b58a0c9db853 in 00:00:00.0273014.
2018-11-13 00:03:02,282 21783  ERROR [38b7cd] 
System.InvalidOperationException: Oh no! An error occurred!
2018-11-13 00:03:02,287 21788  INFO  [Metrics] Cpu: 1.02%; Memory: 19.79 GB/31.88 GB; Workers: 4/1024; IOCP: 0/1024
2018-11-13 00:03:02,292 21793  INFO  [70db94] Started processing user request. Id = 70db94a4-aba7-4a05-87fa-f4536b90ea8a. Size = 18.29 KB.
2018-11-13 00:03:02,293 21794  INFO  [f4e5a3] Started processing user request. Id = f4e5a383-da35-490d-a0d5-1549a3309dd3. Size = 51.28 KB.
2018-11-13 00:03:02,295 21796  INFO  [BackgroundDaemon] Processing data (96% completed)..
2018-11-13 00:03:02,295 21796  INFO  [BackgroundDaemon] Finished iteration in 00:00:00.1843089.
2018-11-13 00:03:02,296 21797  INFO  [70db94] Doing some complicated stuff.. Random numbers are: 349879695, 451053008, 455126427.
2018-11-13 00:03:02,307 21808  INFO  [f4e5a3] Doing some complicated stuff.. Random numbers are: 1542386777, 1523954576, 1869327306.
2018-11-13 00:03:02,307 21808  INFO  [f4e5a3] Here's some useful guids:
		48e4af83-5e6c-479d-bfe1-c0d7a96d2450
		e5e0e7f2-8837-473c-8dd0-f34bb391408c
2018-11-13 00:03:02,315 21816  INFO  [f4e5a3] Finished processing user request with id = f4e5a383-da35-490d-a0d5-1549a3309dd3 in 00:00:00.0221904.
2018-11-13 00:03:02,329 21830  INFO  [2269b4] Started processing user request. Id = 2269b49d-7976-4acd-bff2-c0476ce593c8. Size = 52.64 KB.
2018-11-13 00:03:02,331 21832  INFO  [70db94] Finished processing user request with id = 70db94a4-aba7-4a05-87fa-f4536b90ea8a in 00:00:00.0396671.
2018-11-13 00:03:02,346 21847  INFO  [2269b4] Doing some complicated stuff.. Random numbers are: 1355445297, 2092978371, 1073332138.
2018-11-13 00:03:02,363 21864  INFO  [dfa4fa] Started processing user request. Id = dfa4fa87-e9c8-44f6-8686-d874042a4cb0. Size = 20.39 KB.
2018-11-13 00:03:02,364 21865  INFO  [2269b4] Here's some useful guids:
		d27666be-e7b5-4fbd-98c3-5f339e29524c
		93dd681f-60c0-40e1-9497-6b77d972ea90
		f56044be-f69a-4ec6-a3d4-89beac71ca6f
		1d309366-f2cf-4267-a0fb-07067bb961db
		4df7fa68-7a93-4537-ac4e-b533972039ea
2018-11-13 00:03:02,367 21868  INFO  [dfa4fa] Doing some complicated stuff.. Random numbers are: 1676833930, 1440900820, 917049985.
2018-11-13 00:03:02,370 21871  INFO  [2269b4] Finished processing user request with id = 2269b49d-7976-4acd-bff2-c0476ce593c8 in 00:00:00.0410882.
2018-11-13 00:03:02,376 21877  INFO  [dfa4fa] Finished processing user request with id = dfa4fa87-e9c8-44f6-8686-d874042a4cb0 in 00:00:00.0130026.
2018-11-13 00:03:02,383 21884  INFO  [8fc99a] Started processing user request. Id = 8fc99aa7-d5c2-4844-a250-8c89add35b2c. Size = 5.61 KB.
2018-11-13 00:03:02,397 21898  INFO  [8fc99a] Doing some complicated stuff.. Random numbers are: 2097993784, 632625099, 330114725.
2018-11-13 00:03:02,407 21908  INFO  [dc46ba] Started processing user request. Id = dc46badf-9b12-439b-9f8d-3bfabfe4f64f. Size = 97.15 KB.
2018-11-13 00:03:02,417 21918  INFO  [dc46ba] Doing some complicated stuff.. Random numbers are: 2019442754, 1080184995, 1514252702.
2018-11-13 00:03:02,427 21928  INFO  [8fc99a] Finished processing user request with id = 8fc99aa7-d5c2-4844-a250-8c89add35b2c in 00:00:00.0437843.
2018-11-13 00:03:02,441 21942  INFO  [7b7167] Started processing user request. Id = 7b7167f5-bbf1-4df7-bdfa-b7107603a683. Size = 47.11 KB.
2018-11-13 00:03:02,443 21944  INFO  [7b7167] Doing some complicated stuff.. Random numbers are: 1648315079, 76503375, 836214074.
2018-11-13 00:03:02,447 21948  INFO  [dc46ba] Finished processing user request with id = dc46badf-9b12-439b-9f8d-3bfabfe4f64f in 00:00:00.0398742.
2018-11-13 00:03:02,449 21950  INFO  [82d1d5] Started processing user request. Id = 82d1d52b-169a-41ba-9ed4-b038d87b5c90. Size = 48.34 KB.
2018-11-13 00:03:02,453 21955  INFO  [82d1d5] Doing some complicated stuff.. Random numbers are: 1780992864, 1628439229, 366323496.
2018-11-13 00:03:02,457 21959  INFO  [82d1d5] Finished processing user request with id = 82d1d52b-169a-41ba-9ed4-b038d87b5c90 in 00:00:00.0081062.
2018-11-13 00:03:02,467 21969  INFO  [7b7167] Finished processing user request with id = 7b7167f5-bbf1-4df7-bdfa-b7107603a683 in 00:00:00.0269161.
2018-11-13 00:03:02,479 21980  INFO  [737820] Started processing user request. Id = 737820e5-608f-40a1-b2af-7da95b79ab6f. Size = 42.26 KB.
2018-11-13 00:03:02,481 21982  INFO  [dc0d71] Started processing user request. Id = dc0d711e-2a13-409f-8574-71a61e89dfe5. Size = 85.86 KB.
2018-11-13 00:03:02,488 21989  INFO  [737820] Doing some complicated stuff.. Random numbers are: 2014630734, 1255634364, 508301270.
2018-11-13 00:03:02,495 21996  INFO  [dc0d71] Doing some complicated stuff.. Random numbers are: 448624551, 1102186787, 1357267475.
2018-11-13 00:03:02,495 21996  INFO  [BackgroundDaemon] Starting iteration #15490.
2018-11-13 00:03:02,518 22019  INFO  [737820] Finished processing user request with id = 737820e5-608f-40a1-b2af-7da95b79ab6f in 00:00:00.0388707.
2018-11-13 00:03:02,535 22036  INFO  [dc0d71] Here's some useful guids:
		154098c6-c192-4615-8a73-3d1216fb4fcc
		2a90df4d-4b6c-4ed9-83bf-c02685e7ea7d
		44fb14b8-3822-4a1a-bc0f-a64814c1ef64
		aca0d3a3-d657-415e-9b76-c3c1697a86d3
2018-11-13 00:03:02,537 22038  INFO  [dc0d71] Finished processing user request with id = dc0d711e-2a13-409f-8574-71a61e89dfe5 in 00:00:00.0566750.
2018-11-13 00:03:02,549 22050  INFO  [21f728] Started processing user request. Id = 21f72899-0046-40da-9028-d7e5f1a8deb6. Size = 26.2 KB.
2018-11-13 00:03:02,550 22051  INFO  [ec8737] Started processing user request. Id = ec873772-f96b-401c-a8bc-ac5ee8f3ac1c. Size = 39.82 KB.
2018-11-13 00:03:02,556 22057  INFO  [ec8737] Doing some complicated stuff.. Random numbers are: 1397658927, 421992970, 357275624.
2018-11-13 00:03:02,564 22066  INFO  [ec8737] Here's some useful guids:
		3a29f5a7-480d-4d31-9892-fb5796667954
		beb190c3-2420-41d5-b2c1-8e920a3ddbd9
		60e2a92b-4e5b-4429-a3a7-f58f2f52ccc7
		a2f35748-0bcc-4150-804d-51f3f852d992
		6b9e2ab8-fc84-4e2b-a66c-13e7486f5986
2018-11-13 00:03:02,564 22066  INFO  [21f728] Doing some complicated stuff.. Random numbers are: 106483618, 2013816543, 1780278064.
2018-11-13 00:03:02,566 22068  INFO  [BackgroundDaemon] Processing data (1% completed)..
2018-11-13 00:03:02,587 22088  INFO  [ec8737] Finished processing user request with id = ec873772-f96b-401c-a8bc-ac5ee8f3ac1c in 00:00:00.0370071.
2018-11-13 00:03:02,592 22093  INFO  [21f728] Here's some useful guids:
		d5fa8139-52d4-46fa-9946-2628bc231e9d
		c0de2a6c-cbb7-460f-b180-f577e873c7c9
		cfe1b5c9-5b0b-4241-9683-59d3bd7436c0
2018-11-13 00:03:02,601 22102  INFO  [21f728] Finished processing user request with id = 21f72899-0046-40da-9028-d7e5f1a8deb6 in 00:00:00.0519431.
2018-11-13 00:03:02,601 22102  INFO  [cc6675] Started processing user request. Id = cc66757d-d93f-41bf-9179-4c2973474731. Size = 54.56 KB.
2018-11-13 00:03:02,605 22106  INFO  [cc6675] Doing some complicated stuff.. Random numbers are: 978573629, 454418075, 103643435.
2018-11-13 00:03:02,625 22126  INFO  [7bb047] Started processing user request. Id = 7bb047bc-a1b4-40ff-89b5-772a9ca1097c. Size = 97.37 KB.
2018-11-13 00:03:02,633 22134  INFO  [28cd9b] Started processing user request. Id = 28cd9b10-2c36-4234-ae7e-422842b7fe90. Size = 83.62 KB.
2018-11-13 00:03:02,636 22137  INFO  [BackgroundDaemon] Processing data (35% completed)..
2018-11-13 00:03:02,636 22137  INFO  [cc6675] Here's some useful guids:
		30a60758-5a6c-4a47-8706-7b9fee6949a0
		5578c219-efc7-41b2-abfd-474c642b8fb2
		8e284f52-39da-455d-955a-597a344a5985
		25a4964b-86d8-4095-acb3-2eb38b93516c
2018-11-13 00:03:02,644 22145  INFO  [28cd9b] Doing some complicated stuff.. Random numbers are: 429027359, 1202590844, 743853560.
2018-11-13 00:03:02,644 22145  INFO  [7bb047] Doing some complicated stuff.. Random numbers are: 471797452, 403226913, 1117050864.
2018-11-13 00:03:02,661 22163  INFO  [cc6675] Finished processing user request with id = cc66757d-d93f-41bf-9179-4c2973474731 in 00:00:00.0601655.
2018-11-13 00:03:02,675 22176  INFO  [78e15d] Started processing user request. Id = 78e15da3-2500-4ec4-8318-5604e5e53d92. Size = 67.33 KB.
2018-11-13 00:03:02,683 22184  INFO  [BackgroundDaemon] Processing data (52% completed)..
2018-11-13 00:03:02,683 22184  INFO  [BackgroundDaemon] Finished iteration in 00:00:00.1880718.
2018-11-13 00:03:02,685 22186  ERROR [28cd9b] 
System.InvalidOperationException: Oh no! An error occurred!
2018-11-13 00:03:02,688 22189  INFO  [78e15d] Doing some complicated stuff.. Random numbers are: 6464167, 609749094, 267978891.
2018-11-13 00:03:02,700 22201  INFO  [7bb047] Finished processing user request with id = 7bb047bc-a1b4-40ff-89b5-772a9ca1097c in 00:00:00.0750262.
2018-11-13 00:03:02,708 22209  INFO  [78e15d] Here's some useful guids:
		bfa8fba9-e3f1-467f-8b08-8ab6ad60416d
		23145ee9-00ea-42ce-b5e5-7788fca09997
		6afb7a0f-bed1-4001-802d-e0791979d9f1
2018-11-13 00:03:02,710 22212  ERROR [78e15d] 
System.InvalidOperationException: Oh no! An error occurred!
2018-11-13 00:03:02,717 22218  INFO  [cdf9d4] Started processing user request. Id = cdf9d4d7-961f-4602-bff3-cce6ec2f2c57. Size = 67.07 KB.
2018-11-13 00:03:02,724 22225  INFO  [658a4a] Started processing user request. Id = 658a4a9d-f5ed-4dca-99d0-8b40ce5c5455. Size = 82.21 KB.
2018-11-13 00:03:02,726 22227  INFO  [cdf9d4] Doing some complicated stuff.. Random numbers are: 1524497949, 1035830451, 1749888439.
2018-11-13 00:03:02,733 22234  INFO  [658a4a] Doing some complicated stuff.. Random numbers are: 1335487106, 934926029, 1393874741.
2018-11-13 00:03:02,754 22255  INFO  [cdf9d4] Here's some useful guids:
		db76651f-ad91-44f9-9795-e0a9d904b111
		6da1d72f-c9db-4086-af77-0912268a19ab
2018-11-13 00:03:02,764 22265  INFO  [658a4a] Finished processing user request with id = 658a4a9d-f5ed-4dca-99d0-8b40ce5c5455 in 00:00:00.0400894.
2018-11-13 00:03:02,778 22279  INFO  [cdf9d4] Finished processing user request with id = cdf9d4d7-961f-4602-bff3-cce6ec2f2c57 in 00:00:00.0618098.
2018-11-13 00:03:02,778 22279  INFO  [275483] Started processing user request. Id = 2754833c-650d-4e8a-8cce-5ce226ad4984. Size = 80.79 KB.
2018-11-13 00:03:02,778 22279  INFO  [275483] Doing some complicated stuff.. Random numbers are: 1000165805, 150404204, 9273091.
2018-11-13 00:03:02,786 22287  INFO  [Metrics] Cpu: 1.02%; Memory: 19.79 GB/31.88 GB; Workers: 4/1024; IOCP: 0/1024
2018-11-13 00:03:02,807 22309  ERROR [275483] 
System.InvalidOperationException: Oh no! An error occurred!
2018-11-13 00:03:02,809 22311  INFO  [7cdc25] Started processing user request. Id = 7cdc259c-4e5d-44e0-b2f9-4761bd43f465. Size = 90.85 KB.
2018-11-13 00:03:02,816 22318  INFO  [7cdc25] Doing some complicated stuff.. Random numbers are: 231162780, 14402660, 357304703.
2018-11-13 00:03:02,821 22322  INFO  [ef584f] Started processing user request. Id = ef584fba-4fce-4e5c-b7bd-1a712185dc1d. Size = 45.63 KB.
2018-11-13 00:03:02,839 22340  INFO  [ef584f] Doing some complicated stuff.. Random numbers are: 2011321526, 1477685262, 1864225006.
2018-11-13 00:03:02,843 22344  INFO  [7cdc25] Here's some useful guids:
		41b3268a-f95e-4a0f-bfdf-2013f4858682
2018-11-13 00:03:02,845 22346  INFO  [7cdc25] Finished processing user request with id = 7cdc259c-4e5d-44e0-b2f9-4761bd43f465 in 00:00:00.0358822.
2018-11-13 00:03:02,867 22369  INFO  [d763fe] Started processing user request. Id = d763feb3-00cd-4633-97d0-2f5173d08ee0. Size = 14.13 KB.
2018-11-13 00:03:02,872 22373  INFO  [ef584f] Here's some useful guids:
		0d9d1bf3-56f2-4f73-8c51-d0b62fb9f22e
		f1e0c3ba-19d3-4c31-85c9-921ab2a9d5a5
		db07ebdd-53ab-481a-ab14-2b716e7462ff
		f12f2cfa-30ca-4d57-aeb6-76dc90b9f4c9
2018-11-13 00:03:02,872 22373  INFO  [d763fe] Doing some complicated stuff.. Random numbers are: 1472751985, 972456590, 826515511.
2018-11-13 00:03:02,877 22378  INFO  [544920] Started processing user request. Id = 54492083-6ac8-4806-a0dd-c04be1416f43. Size = 25.6 KB.
2018-11-13 00:03:02,879 22380  INFO  [ef584f] Finished processing user request with id = ef584fba-4fce-4e5c-b7bd-1a712185dc1d in 00:00:00.0573969.
2018-11-13 00:03:02,883 22384  INFO  [544920] Doing some complicated stuff.. Random numbers are: 260652766, 376343173, 554487074.
2018-11-13 00:03:02,884 22385  INFO  [BackgroundDaemon] Starting iteration #15491.
2018-11-13 00:03:02,892 22393  INFO  [0f0749] Started processing user request. Id = 0f0749f2-d9a1-47ef-8a12-5df60a0902be. Size = 7.04 KB.
2018-11-13 00:03:02,904 22405  INFO  [544920] Here's some useful guids:
		ae9fc90a-53c8-49a2-ad68-db330a8ac777
		5ad6855f-f704-4dcf-b7c2-8bfa34d12658
2018-11-13 00:03:02,906 22407  INFO  [0f0749] Doing some complicated stuff.. Random numbers are: 312372333, 1794082508, 1621939014.
2018-11-13 00:03:02,915 22416  INFO  [d763fe] Finished processing user request with id = d763feb3-00cd-4633-97d0-2f5173d08ee0 in 00:00:00.0472218.
2018-11-13 00:03:02,929 22430  INFO  [544920] Finished processing user request with id = 54492083-6ac8-4806-a0dd-c04be1416f43 in 00:00:00.0521581.
2018-11-13 00:03:02,940 22441  INFO  [0f0749] Finished processing user request with id = 0f0749f2-d9a1-47ef-8a12-5df60a0902be in 00:00:00.0485675.
2018-11-13 00:03:02,948 22449  INFO  [BackgroundDaemon] Processing data (4% completed)..
2018-11-13 00:03:02,954 22455  INFO  [a4d25f] Started processing user request. Id = a4d25f06-228c-4e21-bd55-8c97d0752d9c. Size = 1.99 KB.
2018-11-13 00:03:02,961 22462  INFO  [c62387] Started processing user request. Id = c62387e7-871d-470b-92d2-bae03f2e26ee. Size = 30.15 KB.
2018-11-13 00:03:02,966 22467  INFO  [a4d25f] Doing some complicated stuff.. Random numbers are: 2131015463, 1990331619, 205689669.
2018-11-13 00:03:02,966 22467  INFO  [c62387] Doing some complicated stuff.. Random numbers are: 1044800261, 1406492326, 1582557713.
2018-11-13 00:03:02,972 22473  INFO  [a4d25f] Here's some useful guids:
		c145d9fa-f133-47f0-add8-d14259248c7e
		0f1efc9b-220f-4538-acb7-306cd042c601
2018-11-13 00:03:02,978 22480  INFO  [BackgroundDaemon] Processing data (26% completed)..
2018-11-13 00:03:02,978 22480  INFO  [a4d25f] Finished processing user request with id = a4d25f06-228c-4e21-bd55-8c97d0752d9c in 00:00:00.0240906.
2018-11-13 00:03:02,992 22493  INFO  [403c64] Started processing user request. Id = 403c64c6-8191-4c43-a096-7bc914bd2f44. Size = 98.02 KB.
2018-11-13 00:03:02,996 22497  INFO  [c62387] Finished processing user request with id = c62387e7-871d-470b-92d2-bae03f2e26ee in 00:00:00.0356039.
2018-11-13 00:03:03,008 22509  INFO  [403c64] Doing some complicated stuff.. Random numbers are: 934403315, 458466262, 149656464.
2018-11-13 00:03:03,012 22513  INFO  [403c64] Here's some useful guids:
		6b70bd41-3479-4757-adbc-f5a157bc56dd
2018-11-13 00:03:03,017 22518  INFO  [403c64] Finished processing user request with id = 403c64c6-8191-4c43-a096-7bc914bd2f44 in 00:00:00.0249472.
2018-11-13 00:03:03,027 22528  INFO  [406af7] Started processing user request. Id = 406af709-0889-4f1a-85d7-3487a294a41e. Size = 25.02 KB.
2018-11-13 00:03:03,031 22532  INFO  [76220d] Started processing user request. Id = 76220d10-c3fc-4582-ba77-db350eb2a7c6. Size = 78.54 KB.
2018-11-13 00:03:03,039 22540  INFO  [406af7] Doing some complicated stuff.. Random numbers are: 1008158920, 862278270, 2062964244.
2018-11-13 00:03:03,051 22552  INFO  [76220d] Doing some complicated stuff.. Random numbers are: 1968529013, 1715159147, 992788786.
2018-11-13 00:03:03,053 22554  INFO  [406af7] Here's some useful guids:
		47a5bbdb-0430-4030-98d2-aa5e1363b85d
		35b8b3e2-5c62-4852-ac3a-42fbe942573d
		9eaff5f7-dbb6-45c6-a86f-176293b807fa
		9189ab84-df0f-4160-8e64-ceba728459e4
2018-11-13 00:03:03,070 22571  INFO  [406af7] Finished processing user request with id = 406af709-0889-4f1a-85d7-3487a294a41e in 00:00:00.0430627.
2018-11-13 00:03:03,071 22572  INFO  [BackgroundDaemon] Processing data (57% completed)..
2018-11-13 00:03:03,071 22572  INFO  [BackgroundDaemon] Finished iteration in 00:00:00.1877167.
2018-11-13 00:03:03,082 22583  INFO  [b5cec5] Started processing user request. Id = b5cec5fe-6bed-45c0-b0e8-293e2a6f818f. Size = 6.7 KB.
2018-11-13 00:03:03,101 22602  INFO  [b5cec5] Doing some complicated stuff.. Random numbers are: 358835796, 1892036276, 416379304.
2018-11-13 00:03:03,102 22603  INFO  [1abb55] Started processing user request. Id = 1abb5539-686b-4217-acea-de16728c703d. Size = 88.33 KB.
2018-11-13 00:03:03,104 22605  INFO  [1abb55] Doing some complicated stuff.. Random numbers are: 525730878, 2008582916, 635679654.
2018-11-13 00:03:03,106 22607  INFO  [76220d] Finished processing user request with id = 76220d10-c3fc-4582-ba77-db350eb2a7c6 in 00:00:00.0749408.
2018-11-13 00:03:03,120 22621  INFO  [3fa09d] Started processing user request. Id = 3fa09d34-0cad-4823-a3ac-23189731b876. Size = 69.73 KB.
2018-11-13 00:03:03,127 22628  INFO  [3fa09d] Doing some complicated stuff.. Random numbers are: 898455611, 822772903, 271364308.
2018-11-13 00:03:03,130 22631  INFO  [1abb55] Here's some useful guids:
		200a8ba2-0fbf-4de4-bc65-192cbc91b758
		ffeb028f-ed90-4bfb-935d-ce81d7e2a52b
2018-11-13 00:03:03,136 22637  INFO  [3fa09d] Here's some useful guids:
		82c7349f-1277-4ead-ad19-e470f1077592
		61262353-1f70-44fb-8dd7-be87f54f3845
		bd8e95a7-6dc7-4d76-8bc7-eae107170b37
2018-11-13 00:03:03,146 22647  INFO  [1abb55] Finished processing user request with id = 1abb5539-686b-4217-acea-de16728c703d in 00:00:00.0436761.
2018-11-13 00:03:03,156 22657  INFO  [b5cec5] Finished processing user request with id = b5cec5fe-6bed-45c0-b0e8-293e2a6f818f in 00:00:00.0739373.
2018-11-13 00:03:03,165 22666  INFO  [3fa09d] Finished processing user request with id = 3fa09d34-0cad-4823-a3ac-23189731b876 in 00:00:00.0451556.
2018-11-13 00:03:03,177 22678  INFO  [cabbc9] Started processing user request. Id = cabbc975-3e61-4d82-b037-66bb6f1c4955. Size = 26.48 KB.
2018-11-13 00:03:03,178 22679  INFO  [a0bae6] Started processing user request. Id = a0bae6b5-0374-4927-8ae0-8b382a8fe50f. Size = 51.08 KB.
2018-11-13 00:03:03,188 22689  INFO  [cabbc9] Doing some complicated stuff.. Random numbers are: 36457821, 748868097, 397309829.
2018-11-13 00:03:03,195 22696  INFO  [a0bae6] Doing some complicated stuff.. Random numbers are: 1266750253, 462954035, 277369595.
2018-11-13 00:03:03,224 22725  INFO  [a0bae6] Finished processing user request with id = a0bae6b5-0374-4927-8ae0-8b382a8fe50f in 00:00:00.0462318.
2018-11-13 00:03:03,225 22726  INFO  [cabbc9] Finished processing user request with id = cabbc975-3e61-4d82-b037-66bb6f1c4955 in 00:00:00.0482860.
2018-11-13 00:03:03,238 22739  INFO  [5d361b] Started processing user request. Id = 5d361b76-f885-4c9b-abdc-357fce28e13c. Size = 7.44 KB.
2018-11-13 00:03:03,253 22754  INFO  [5d361b] Doing some complicated stuff.. Random numbers are: 1210528646, 1489355866, 937042191.
2018-11-13 00:03:03,256 22758  INFO  [7c7108] Started processing user request. Id = 7c7108ab-5deb-4e47-8908-cb16663feafe. Size = 26.48 KB.
2018-11-13 00:03:03,269 22770  INFO  [7c7108] Doing some complicated stuff.. Random numbers are: 221201749, 2026441428, 1713556441.
2018-11-13 00:03:03,272 22773  INFO  [BackgroundDaemon] Starting iteration #15492.
2018-11-13 00:03:03,276 22777  INFO  [5d361b] Finished processing user request with id = 5d361b76-f885-4c9b-abdc-357fce28e13c in 00:00:00.0380346.
2018-11-13 00:03:03,285 22787  INFO  [Metrics] Cpu: 0.05%; Memory: 19.79 GB/31.88 GB; Workers: 4/1024; IOCP: 0/1024
2018-11-13 00:03:03,289 22790  INFO  [43c254] Started processing user request. Id = 43c2544b-5fc0-4651-af07-59caf8c5da6b. Size = 19 KB.
2018-11-13 00:03:03,299 22800  INFO  [43c254] Doing some complicated stuff.. Random numbers are: 478235964, 552735698, 772898444.
2018-11-13 00:03:03,300 22801  INFO  [BackgroundDaemon] Processing data (11% completed)..
2018-11-13 00:03:03,300 22801  INFO  [7c7108] Here's some useful guids:
		b7e97573-831b-4a42-8f58-75aca97342f2
		1df8da59-4c36-4243-9b08-47f2f86c38f3
		45e3a49b-3ae0-49b8-8651-a69e1c790802
		7f6d7b88-8d8a-48cd-ac58-de7f41817bc2
2018-11-13 00:03:03,311 22812  INFO  [43c254] Finished processing user request with id = 43c2544b-5fc0-4651-af07-59caf8c5da6b in 00:00:00.0219177.
2018-11-13 00:03:03,323 22825  INFO  [b1f544] Started processing user request. Id = b1f5449f-b23f-4745-af26-84d66ed3a665. Size = 70.26 KB.
2018-11-13 00:03:03,324 22826  INFO  [49b08e] Started processing user request. Id = 49b08ef4-0eed-41db-bdc5-0a058fe4cdf1. Size = 37.94 KB.
2018-11-13 00:03:03,327 22828  INFO  [b1f544] Doing some complicated stuff.. Random numbers are: 1720381049, 1721222491, 2051252843.
2018-11-13 00:03:03,328 22829  INFO  [7c7108] Finished processing user request with id = 7c7108ab-5deb-4e47-8908-cb16663feafe in 00:00:00.0711242.
2018-11-13 00:03:03,331 22832  INFO  [49b08e] Doing some complicated stuff.. Random numbers are: 2087156175, 1363476969, 1301956746.
2018-11-13 00:03:03,340 22841  INFO  [49b08e] Here's some useful guids:
		4f4c9ddf-ba2c-4a4c-84f5-a314ceafb9d0
		9fb039e9-cac1-4ad4-916c-153fd893eb68
		dc3d94c6-eaf6-48a4-a380-261786fdabec
		fc0c03a8-7a8e-4293-a2df-efdee7bc7beb
2018-11-13 00:03:03,358 22859  INFO  [BackgroundDaemon] Processing data (30% completed)..
2018-11-13 00:03:03,359 22860  INFO  [1a96be] Started processing user request. Id = 1a96be4b-f18f-44a5-9165-d430d80de8f4. Size = 80.79 KB.
2018-11-13 00:03:03,362 22863  INFO  [1a96be] Doing some complicated stuff.. Random numbers are: 1719346139, 1251928951, 423980160.
2018-11-13 00:03:03,362 22863  INFO  [49b08e] Finished processing user request with id = 49b08ef4-0eed-41db-bdc5-0a058fe4cdf1 in 00:00:00.0379170.
2018-11-13 00:03:03,363 22864  INFO  [b1f544] Here's some useful guids:
		d5d674d6-a6fd-4b71-8bcf-5624a75377c8
		9781f25a-6632-4f14-84e7-cab313b6fdb1
2018-11-13 00:03:03,364 22865  INFO  [b1f544] Finished processing user request with id = b1f5449f-b23f-4745-af26-84d66ed3a665 in 00:00:00.0409237.
2018-11-13 00:03:03,375 22877  INFO  [c07b84] Started processing user request. Id = c07b844d-362f-4682-816f-e5c00c86dfed. Size = 76.94 KB.
2018-11-13 00:03:03,391 22893  INFO  [c07b84] Doing some complicated stuff.. Random numbers are: 1159914104, 1857809991, 507842941.
2018-11-13 00:03:03,403 22904  INFO  [1a96be] Finished processing user request with id = 1a96be4b-f18f-44a5-9165-d430d80de8f4 in 00:00:00.0438925.
2018-11-13 00:03:03,403 22904  INFO  [BackgroundDaemon] Processing data (59% completed)..
2018-11-13 00:03:03,403 22904  INFO  [BackgroundDaemon] Finished iteration in 00:00:00.1309464.
2018-11-13 00:03:03,422 22923  INFO  [c07b84] Finished processing user request with id = c07b844d-362f-4682-816f-e5c00c86dfed in 00:00:00.0467969.
2018-11-13 00:03:03,434 22935  INFO  [f1f1be] Started processing user request. Id = f1f1be2c-ad85-4fc9-8a3b-2d1c3f3712ea. Size = 18.7 KB.
2018-11-13 00:03:03,434 22935  INFO  [f1f1be] Doing some complicated stuff.. Random numbers are: 812287823, 326628623, 48078777.
2018-11-13 00:03:03,435 22936  INFO  [c7545b] Started processing user request. Id = c7545b69-2a4d-4dd1-b04e-938919bdfa2f. Size = 60.83 KB.
2018-11-13 00:03:03,455 22956  INFO  [c7545b] Doing some complicated stuff.. Random numbers are: 1736813795, 780245896, 474057986.
2018-11-13 00:03:03,459 22961  INFO  [f1f1be] Finished processing user request with id = f1f1be2c-ad85-4fc9-8a3b-2d1c3f3712ea in 00:00:00.0250695.
2018-11-13 00:03:03,486 22988  INFO  [c7545b] Here's some useful guids:
		abb4168f-e872-47c1-aa20-92192575b6ad
		19c23ad2-2009-4050-b6fa-47d4f1577e3d
		4fcd0efc-9b28-4ecc-bd30-629b5ad7406e
2018-11-13 00:03:03,491 22992  INFO  [24005f] Started processing user request. Id = 24005f83-ebbb-4b05-a961-e1557afe12f7. Size = 11.85 KB.
2018-11-13 00:03:03,495 22996  INFO  [24005f] Doing some complicated stuff.. Random numbers are: 1384596771, 1451009145, 608283929.
2018-11-13 00:03:03,505 23006  INFO  [c7545b] Finished processing user request with id = c7545b69-2a4d-4dd1-b04e-938919bdfa2f in 00:00:00.0693028.
2018-11-13 00:03:03,507 23008  INFO  [24005f] Here's some useful guids:
		48d85193-77a5-4250-80b7-6e4b14804742
		0372d9c8-b48b-4448-909a-ea1ec5b4f458
2018-11-13 00:03:03,519 23020  INFO  [098a40] Started processing user request. Id = 098a4089-b4b0-44e9-b3ad-665854ac466a. Size = 46.18 KB.
2018-11-13 00:03:03,530 23031  INFO  [098a40] Doing some complicated stuff.. Random numbers are: 1515604331, 1802248521, 1456509578.
2018-11-13 00:03:03,530 23031  INFO  [24005f] Finished processing user request with id = 24005f83-ebbb-4b05-a961-e1557afe12f7 in 00:00:00.0390709.
2018-11-13 00:03:03,532 23033  INFO  [a225f6] Started processing user request. Id = a225f62d-ce93-40da-be5e-027edec0cc17. Size = 5.29 KB.
2018-11-13 00:03:03,532 23033  INFO  [a225f6] Doing some complicated stuff.. Random numbers are: 945889441, 608440336, 823637694.
2018-11-13 00:03:03,538 23039  INFO  [098a40] Here's some useful guids:
		2980eac0-0ed7-4d41-a039-07ffc3f92de5
		23df057a-187b-414e-aa82-6b9ce0bc4cb3
		d82f7131-917f-4042-811e-ec36ac04ce0e
2018-11-13 00:03:03,551 23052  INFO  [098a40] Finished processing user request with id = 098a4089-b4b0-44e9-b3ad-665854ac466a in 00:00:00.0326532.
2018-11-13 00:03:03,561 23062  INFO  [d12e7f] Started processing user request. Id = d12e7fc0-c926-4514-9bf6-425ff86d1a75. Size = 43.86 KB.
2018-11-13 00:03:03,564 23065  INFO  [d12e7f] Doing some complicated stuff.. Random numbers are: 462327150, 1838467485, 935244791.
2018-11-13 00:03:03,565 23066  INFO  [cba5d4] Started processing user request. Id = cba5d4c0-f2c0-4487-b3f4-4447bf9b8ace. Size = 31.53 KB.
2018-11-13 00:03:03,566 23067  INFO  [a225f6] Here's some useful guids:
		45179b19-f51e-470d-94ea-0a05a0287cbc
2018-11-13 00:03:03,575 23076  INFO  [cba5d4] Doing some complicated stuff.. Random numbers are: 1733545039, 1821303856, 1186775809.
2018-11-13 00:03:03,576 23077  INFO  [a225f6] Finished processing user request with id = a225f62d-ce93-40da-be5e-027edec0cc17 in 00:00:00.0440914.
2018-11-13 00:03:03,576 23077  INFO  [d12e7f] Finished processing user request with id = d12e7fc0-c926-4514-9bf6-425ff86d1a75 in 00:00:00.0150243.
2018-11-13 00:03:03,604 23105  INFO  [BackgroundDaemon] Starting iteration #15493.
2018-11-13 00:03:03,604 23105  INFO  [cba5d4] Finished processing user request with id = cba5d4c0-f2c0-4487-b3f4-4447bf9b8ace in 00:00:00.0389056.
2018-11-13 00:03:03,607 23108  INFO  [e1b09f] Started processing user request. Id = e1b09fbe-b1c3-466e-9f66-96e1cae955f3. Size = 92.27 KB.
2018-11-13 00:03:03,617 23118  INFO  [4ccab7] Started processing user request. Id = 4ccab77b-4691-45eb-9cbc-ffb9f16d336d. Size = 96.79 KB.
2018-11-13 00:03:03,624 23125  INFO  [e1b09f] Doing some complicated stuff.. Random numbers are: 831818300, 1461404409, 544346485.
2018-11-13 00:03:03,634 23135  INFO  [4ccab7] Doing some complicated stuff.. Random numbers are: 1627718544, 1372265140, 779651559.
2018-11-13 00:03:03,653 23154  INFO  [e1b09f] Finished processing user request with id = e1b09fbe-b1c3-466e-9f66-96e1cae955f3 in 00:00:00.0460095.
2018-11-13 00:03:03,666 23167  INFO  [BackgroundDaemon] Processing data (2% completed)..
2018-11-13 00:03:03,678 23179  ERROR [4ccab7] 
System.InvalidOperationException: Oh no! An error occurred!
2018-11-13 00:03:03,684 23185  INFO  [c78d51] Started processing user request. Id = c78d5190-b17a-4bac-99a1-623d7bc6aedf. Size = 48.73 KB.
2018-11-13 00:03:03,685 23186  INFO  [c78d51] Doing some complicated stuff.. Random numbers are: 1830277133, 1788913557, 140320525.
2018-11-13 00:03:03,691 23192  INFO  [462977] Started processing user request. Id = 462977bb-02ab-4baf-9a59-eac317233b38. Size = 73.72 KB.
2018-11-13 00:03:03,705 23206  INFO  [BackgroundDaemon] Processing data (46% completed)..
2018-11-13 00:03:03,707 23208  INFO  [462977] Doing some complicated stuff.. Random numbers are: 702801526, 1627207377, 1297616470.
2018-11-13 00:03:03,721 23223  INFO  [462977] Here's some useful guids:
		9b8b8317-396f-4b57-9070-ad588c09b066
		2434baaf-1a09-44b9-9c62-8091b3f2191b
		820ed126-cb50-4a0c-bbad-da1b0c74560b
		eee6f027-0d2e-4e44-8975-312ed1dd3460
2018-11-13 00:03:03,724 23226  ERROR [462977] 
System.InvalidOperationException: Oh no! An error occurred!
2018-11-13 00:03:03,726 23228  INFO  [BackgroundDaemon] Processing data (97% completed)..
2018-11-13 00:03:03,726 23228  INFO  [BackgroundDaemon] Finished iteration in 00:00:00.1227744.
2018-11-13 00:03:03,726 23228  INFO  [c78d51] Finished processing user request with id = c78d5190-b17a-4bac-99a1-623d7bc6aedf in 00:00:00.0423949.
2018-11-13 00:03:03,738 23239  INFO  [6df5a0] Started processing user request. Id = 6df5a078-e616-4b69-bd38-98e7d8a1d8e3. Size = 84.59 KB.
2018-11-13 00:03:03,743 23244  INFO  [373274] Started processing user request. Id = 373274e9-3890-4e00-881e-880345653955. Size = 82.59 KB.
2018-11-13 00:03:03,752 23253  INFO  [6df5a0] Doing some complicated stuff.. Random numbers are: 1951271184, 1991056776, 345941000.
2018-11-13 00:03:03,752 23253  INFO  [373274] Doing some complicated stuff.. Random numbers are: 347887910, 564728953, 1363302315.
2018-11-13 00:03:03,758 23259  INFO  [cd56ff] Started processing user request. Id = cd56ff99-2e6e-4542-ad2e-22c2b91a9994. Size = 14.48 KB.
2018-11-13 00:03:03,767 23268  INFO  [6df5a0] Finished processing user request with id = 6df5a078-e616-4b69-bd38-98e7d8a1d8e3 in 00:00:00.0289873.
2018-11-13 00:03:03,775 23276  INFO  [cd56ff] Doing some complicated stuff.. Random numbers are: 1092910235, 592657650, 1745163661.
2018-11-13 00:03:03,776 23277  INFO  [373274] Here's some useful guids:
		a2158d26-7997-4842-8606-b5b9678e5415
		fe559771-6f9a-44e3-af5b-ce2aaaf80ccf
		0bec3f6b-4ef9-45cb-8d82-a0fc3aa88c35
		17786efd-0bee-4ca9-9b89-1bf2e0eb3931
2018-11-13 00:03:03,780 23281  INFO  [373274] Finished processing user request with id = 373274e9-3890-4e00-881e-880345653955 in 00:00:00.0364323.
2018-11-13 00:03:03,781 23282  INFO  [e24454] Started processing user request. Id = e2445432-7e3d-4069-8801-38d0dc3ca633. Size = 94.28 KB.
2018-11-13 00:03:03,782 23283  INFO  [cd56ff] Here's some useful guids:
		168e07c3-789f-4b24-839f-dacc5bd06c04
		8750bfdb-bca0-4942-8bfd-74452080e3fb
		a00d9733-802f-4030-a2e0-7557d767bdda
		3c2eba38-c253-4bae-ad47-0a727b97e24f
2018-11-13 00:03:03,784 23286  INFO  [Metrics] Cpu: 0.05%; Memory: 19.79 GB/31.88 GB; Workers: 4/1024; IOCP: 0/1024
2018-11-13 00:03:03,787 23288  ERROR [cd56ff] 
System.InvalidOperationException: Oh no! An error occurred!
2018-11-13 00:03:03,797 23298  INFO  [e24454] Doing some complicated stuff.. Random numbers are: 2112763702, 1998342977, 1343213008.
2018-11-13 00:03:03,818 23319  INFO  [cc6c7c] Started processing user request. Id = cc6c7cad-10cd-40af-8840-19fc24aa13ab. Size = 14.85 KB.
2018-11-13 00:03:03,837 23338  INFO  [cc6c7c] Doing some complicated stuff.. Random numbers are: 2034030869, 667674176, 2130940240.
2018-11-13 00:03:03,846 23348  INFO  [e24454] Finished processing user request with id = e2445432-7e3d-4069-8801-38d0dc3ca633 in 00:00:00.0657097.
2018-11-13 00:03:03,860 23361  INFO  [227e2d] Started processing user request. Id = 227e2d67-6315-4160-8fdf-c8f92fcf97a6. Size = 87.72 KB.
2018-11-13 00:03:03,867 23368  INFO  [227e2d] Doing some complicated stuff.. Random numbers are: 363142993, 171703886, 1358959967.
2018-11-13 00:03:03,879 23380  INFO  [cc6c7c] Finished processing user request with id = cc6c7cad-10cd-40af-8840-19fc24aa13ab in 00:00:00.0601570.
2018-11-13 00:03:03,900 23401  INFO  [227e2d] Finished processing user request with id = 227e2d67-6315-4160-8fdf-c8f92fcf97a6 in 00:00:00.0399654.
2018-11-13 00:03:03,910 23411  INFO  [42d0a1] Started processing user request. Id = 42d0a1b7-f0a9-41f9-8fcc-3e73c1b7d0d9. Size = 52.6 KB.
2018-11-13 00:03:03,913 23414  INFO  [a8d0e7] Started processing user request. Id = a8d0e749-3b33-4be5-81d7-6b4cd0ab52bb. Size = 55.31 KB.
2018-11-13 00:03:03,918 23419  INFO  [42d0a1] Doing some complicated stuff.. Random numbers are: 672736804, 1339837066, 1817738813.
2018-11-13 00:03:03,927 23428  INFO  [BackgroundDaemon] Starting iteration #15494.
2018-11-13 00:03:03,930 23431  INFO  [a8d0e7] Doing some complicated stuff.. Random numbers are: 947590326, 1272213659, 1879044180.
2018-11-13 00:03:03,947 23449  INFO  [10beaf] Started processing user request. Id = 10beafc6-56a6-4ebb-99eb-2a2569cfca0c. Size = 50.94 KB.
2018-11-13 00:03:03,954 23456  INFO  [10beaf] Doing some complicated stuff.. Random numbers are: 1342006216, 560067264, 319068940.
2018-11-13 00:03:03,955 23457  INFO  [42d0a1] Finished processing user request with id = 42d0a1b7-f0a9-41f9-8fcc-3e73c1b7d0d9 in 00:00:00.0458558.
2018-11-13 00:03:03,960 23462  ERROR [a8d0e7] 
System.InvalidOperationException: Oh no! An error occurred!
2018-11-13 00:03:03,967 23468  INFO  [BackgroundDaemon] Processing data (2% completed)..
2018-11-13 00:03:03,974 23475  INFO  [85b94b] Started processing user request. Id = 85b94bdf-11e3-48bf-9c17-56f1e8cf4353. Size = 7.61 KB.
2018-11-13 00:03:03,987 23488  INFO  [8a947b] Started processing user request. Id = 8a947b70-43b0-4c2a-9f81-75289fea69be. Size = 60.25 KB.
2018-11-13 00:03:03,989 23490  INFO  [8a947b] Doing some complicated stuff.. Random numbers are: 1500634252, 398223183, 1565188133.
2018-11-13 00:03:03,990 23491  INFO  [10beaf] Finished processing user request with id = 10beafc6-56a6-4ebb-99eb-2a2569cfca0c in 00:00:00.0420855.
2018-11-13 00:03:03,992 23493  INFO  [85b94b] Doing some complicated stuff.. Random numbers are: 1281777544, 797032128, 1154460957.
2018-11-13 00:03:04,012 23513  INFO  [85b94b] Here's some useful guids:
		141b6b5e-85e6-476a-8122-7b5bb34aecab
		a6727319-a90c-40cc-905a-27f1e004f02c
		50dc9dec-c003-4f74-b5ac-fd7ef43f2873
		d1c3bc65-3fe5-48d1-8c91-6071f80b852c
2018-11-13 00:03:04,016 23517  INFO  [85b94b] Finished processing user request with id = 85b94bdf-11e3-48bf-9c17-56f1e8cf4353 in 00:00:00.0425198.
2018-11-13 00:03:04,023 23524  ERROR [8a947b] 
System.InvalidOperationException: Oh no! An error occurred!
2018-11-13 00:03:04,030 23531  INFO  [aa7aa5] Started processing user request. Id = aa7aa5bb-7573-4579-8b8a-21fa3fedc454. Size = 89.85 KB.
2018-11-13 00:03:04,044 23545  INFO  [aa7aa5] Doing some complicated stuff.. Random numbers are: 1873610140, 2088097247, 1991861958.
2018-11-13 00:03:04,048 23549  INFO  [BackgroundDaemon] Processing data (43% completed)..
2018-11-13 00:03:04,055 23556  INFO  [ba1b7b] Started processing user request. Id = ba1b7b6c-c004-4691-9c2c-2f69eb91a293. Size = 65.18 KB.
2018-11-13 00:03:04,055 23556  INFO  [ba1b7b] Doing some complicated stuff.. Random numbers are: 478722296, 686445668, 1369983581.
2018-11-13 00:03:04,070 23571  ERROR [ba1b7b] 
System.InvalidOperationException: Oh no! An error occurred!
2018-11-13 00:03:04,087 23588  INFO  [aa7aa5] Finished processing user request with id = aa7aa5bb-7573-4579-8b8a-21fa3fedc454 in 00:00:00.0571814.
2018-11-13 00:03:04,095 23596  INFO  [BackgroundDaemon] Processing data (70% completed)..
2018-11-13 00:03:04,095 23596  INFO  [BackgroundDaemon] Finished iteration in 00:00:00.1674573.
2018-11-13 00:03:04,100 23601  INFO  [9aa6ab] Started processing user request. Id = 9aa6ab51-47a1-4bf9-9ba3-fa25333a5f5b. Size = 76.74 KB.
2018-11-13 00:03:04,100 23601  INFO  [9aa6ab] Doing some complicated stuff.. Random numbers are: 1130008891, 370958433, 1216013895.
2018-11-13 00:03:04,101 23602  INFO  [82d1a7] Started processing user request. Id = 82d1a70e-4971-4034-a246-3f5efdedfe36. Size = 53.92 KB.
2018-11-13 00:03:04,116 23617  INFO  [82d1a7] Doing some complicated stuff.. Random numbers are: 1846820540, 724360476, 587659517.
2018-11-13 00:03:04,117 23618  INFO  [9aa6ab] Here's some useful guids:
		48815c7d-6c69-4c82-88ca-0c296f014948
		15653403-dd1d-435f-aab6-ee7fd75d4317
2018-11-13 00:03:04,139 23641  INFO  [9aa6ab] Finished processing user request with id = 9aa6ab51-47a1-4bf9-9ba3-fa25333a5f5b in 00:00:00.0395979.
2018-11-13 00:03:04,152 23653  INFO  [82d1a7] Finished processing user request with id = 82d1a70e-4971-4034-a246-3f5efdedfe36 in 00:00:00.0509273.
2018-11-13 00:03:04,153 23654  INFO  [a0c8e6] Started processing user request. Id = a0c8e6d1-0724-4eea-9290-f4489aaaaca2. Size = 91.83 KB.
2018-11-13 00:03:04,157 23658  INFO  [6bcd4c] Started processing user request. Id = 6bcd4c25-cefc-4183-8125-a2c42a4ab207. Size = 75.71 KB.
2018-11-13 00:03:04,165 23666  INFO  [6bcd4c] Doing some complicated stuff.. Random numbers are: 2116585939, 798848876, 1693918450.
2018-11-13 00:03:04,169 23670  INFO  [a0c8e6] Doing some complicated stuff.. Random numbers are: 43948030, 1790675322, 2019370079.
2018-11-13 00:03:04,183 23684  INFO  [f854aa] Started processing user request. Id = f854aa0e-18e8-4407-92a3-907d0ff43482. Size = 81.87 KB.
2018-11-13 00:03:04,187 23688  INFO  [f854aa] Doing some complicated stuff.. Random numbers are: 1422655069, 1847910767, 1985141049.
2018-11-13 00:03:04,195 23696  INFO  [a0c8e6] Finished processing user request with id = a0c8e6d1-0724-4eea-9290-f4489aaaaca2 in 00:00:00.0420987.
2018-11-13 00:03:04,200 23701  INFO  [6bcd4c] Here's some useful guids:
		8e4252e3-2c1a-4d2c-80b8-dd8f4ec721cb
		c1a60173-bb72-461b-b49f-ac5fde2a03ad
		2e5e931e-6a8c-4ec9-b030-656253ccd0ce
		d47e7581-26ee-4ecb-af82-62f317b46b45
2018-11-13 00:03:04,205 23706  INFO  [f854aa] Here's some useful guids:
		1284d6d8-30eb-4801-b5b4-5219fe08cd74
2018-11-13 00:03:04,208 23709  INFO  [4c0a77] Started processing user request. Id = 4c0a7792-d486-4fbd-a6df-8b43cc913348. Size = 79.02 KB.
2018-11-13 00:03:04,209 23710  INFO  [f854aa] Finished processing user request with id = f854aa0e-18e8-4407-92a3-907d0ff43482 in 00:00:00.0264712.
2018-11-13 00:03:04,220 23721  INFO  [6bcd4c] Finished processing user request with id = 6bcd4c25-cefc-4183-8125-a2c42a4ab207 in 00:00:00.0631106.
2018-11-13 00:03:04,221 23722  INFO  [4c0a77] Doing some complicated stuff.. Random numbers are: 1409733869, 33641919, 531939269.
2018-11-13 00:03:04,241 23742  INFO  [c57472] Started processing user request. Id = c57472f3-185f-43a5-8303-9a2d1005bfad. Size = 94.8 KB.
2018-11-13 00:03:04,246 23747  INFO  [c57472] Doing some complicated stuff.. Random numbers are: 554524866, 1604010605, 1578584284.
2018-11-13 00:03:04,264 23766  INFO  [4c0a77] Finished processing user request with id = 4c0a7792-d486-4fbd-a6df-8b43cc913348 in 00:00:00.0561465.
2018-11-13 00:03:04,267 23769  INFO  [c57472] Here's some useful guids:
		bc520a27-3ad2-4b4f-bc14-033fa6375453
		ddac0404-7d96-4660-b42a-f6a571b26717
		555dda1f-6090-4560-851c-31562e938523
		b6070c31-b3e3-469b-9f20-024af3629082
2018-11-13 00:03:04,278 23779  INFO  [80fea2] Started processing user request. Id = 80fea289-854e-4fc4-aee9-d8e3a79a1896. Size = 87.8 KB.
2018-11-13 00:03:04,283 23784  INFO  [c57472] Finished processing user request with id = c57472f3-185f-43a5-8303-9a2d1005bfad in 00:00:00.0416008.
2018-11-13 00:03:04,284 23785  INFO  [Metrics] Cpu: 0.59%; Memory: 19.79 GB/31.88 GB; Workers: 4/1024; IOCP: 0/1024
2018-11-13 00:03:04,289 23790  INFO  [80fea2] Doing some complicated stuff.. Random numbers are: 105937267, 195658385, 909056437.
2018-11-13 00:03:04,295 23796  INFO  [80fea2] Here's some useful guids:
		2f7fa9b5-5d1b-46b1-acbd-880680240c17
		4a9677a4-4119-4fec-b347-a015c68d0279
		878f7d07-0662-4ec1-bced-779883c0a8a3
		b52d0f3a-36d8-415f-9b9e-e891cde3a7be
		96152f1d-3de1-4fed-9c99-243fb3214d67
2018-11-13 00:03:04,296 23797  INFO  [BackgroundDaemon] Starting iteration #15495.
2018-11-13 00:03:04,311 23812  INFO  [80fea2] Finished processing user request with id = 80fea289-854e-4fc4-aee9-d8e3a79a1896 in 00:00:00.0329635.
2018-11-13 00:03:04,314 23815  INFO  [10a70c] Started processing user request. Id = 10a70c81-e7e7-436d-af23-e3f1f2522207. Size = 73.93 KB.
2018-11-13 00:03:04,316 23817  INFO  [10a70c] Doing some complicated stuff.. Random numbers are: 2018183660, 1186547600, 1002232791.
2018-11-13 00:03:04,324 23825  INFO  [35e9aa] Started processing user request. Id = 35e9aab1-6330-4a6d-87cf-c9772e27d5a4. Size = 3 KB.
2018-11-13 00:03:04,328 23829  INFO  [BackgroundDaemon] Processing data (0% completed)..
2018-11-13 00:03:04,343 23844  INFO  [35e9aa] Doing some complicated stuff.. Random numbers are: 592054168, 515004828, 1481691962.
2018-11-13 00:03:04,343 23844  INFO  [10a70c] Finished processing user request with id = 10a70c81-e7e7-436d-af23-e3f1f2522207 in 00:00:00.0291137.
2018-11-13 00:03:04,352 23853  INFO  [35e9aa] Here's some useful guids:
		34d5c411-a6f7-4293-aa00-c0ee3f6be9e8
		d18b01e0-0cdc-4a98-a1da-14d836e4348c
		26ee84ca-8ab7-4c1f-b141-3cf6b64e3836
		5ab41220-4649-463c-b531-cafe2f6c8e47
		8c27b354-e01e-4910-941e-c22a926172ff
2018-11-13 00:03:04,360 23862  INFO  [BackgroundDaemon] Processing data (30% completed)..
2018-11-13 00:03:04,374 23875  INFO  [d877c4] Started processing user request. Id = d877c47d-18a2-4602-bbe1-eedb7aebeb46. Size = 78.43 KB.
2018-11-13 00:03:04,379 23881  INFO  [35e9aa] Finished processing user request with id = 35e9aab1-6330-4a6d-87cf-c9772e27d5a4 in 00:00:00.0550797.
2018-11-13 00:03:04,387 23889  INFO  [2d65e6] Started processing user request. Id = 2d65e6fc-547d-4221-8daa-3b112cf3c96b. Size = 703 B.
2018-11-13 00:03:04,387 23889  INFO  [2d65e6] Doing some complicated stuff.. Random numbers are: 1418019714, 1243834832, 1837314302.
2018-11-13 00:03:04,392 23894  INFO  [d877c4] Doing some complicated stuff.. Random numbers are: 532935051, 1198695507, 1211697244.
2018-11-13 00:03:04,393 23895  INFO  [baa06a] Started processing user request. Id = baa06abd-967c-4c13-b797-fd35b264775d. Size = 91.48 KB.
2018-11-13 00:03:04,402 23903  INFO  [baa06a] Doing some complicated stuff.. Random numbers are: 830162111, 917756484, 561104795.
2018-11-13 00:03:04,415 23916  INFO  [2d65e6] Here's some useful guids:
		a1d80fea-24d2-40dc-80eb-81b69216968f
2018-11-13 00:03:04,422 23923  INFO  [d877c4] Here's some useful guids:
		c65ed755-cb53-4caf-a983-48e4d86ee7b6
		841dacb3-6109-4611-8a19-aa47dba7d294
2018-11-13 00:03:04,432 23933  INFO  [2d65e6] Finished processing user request with id = 2d65e6fc-547d-4221-8daa-3b112cf3c96b in 00:00:00.0440424.
2018-11-13 00:03:04,440 23941  INFO  [baa06a] Here's some useful guids:
		55cbb1a4-9f93-4ba8-8f16-c14ccf023ff6
2018-11-13 00:03:04,440 23941  INFO  [baa06a] Finished processing user request with id = baa06abd-967c-4c13-b797-fd35b264775d in 00:00:00.0461256.
2018-11-13 00:03:04,446 23947  INFO  [d877c4] Finished processing user request with id = d877c47d-18a2-4602-bbe1-eedb7aebeb46 in 00:00:00.0715107.
2018-11-13 00:03:04,452 23953  INFO  [BackgroundDaemon] Processing data (90% completed)..
2018-11-13 00:03:04,452 23953  INFO  [BackgroundDaemon] Finished iteration in 00:00:00.1566279.
2018-11-13 00:03:04,453 23954  INFO  [e97fe6] Started processing user request. Id = e97fe6f5-5cfe-4e09-84ae-95e7b060f768. Size = 18.22 KB.
2018-11-13 00:03:04,470 23972  INFO  [e97fe6] Doing some complicated stuff.. Random numbers are: 695142328, 1225749469, 831347930.
2018-11-13 00:03:04,477 23979  INFO  [d68e7c] Started processing user request. Id = d68e7cca-e737-475b-889f-03469d667dd1. Size = 76.04 KB.
2018-11-13 00:03:04,479 23981  INFO  [e97fe6] Here's some useful guids:
		5de7b915-7666-4235-a43f-6a5793d3178c
		d0745ffe-ffcc-4d19-b4aa-8d68df8126a9
		44724abf-1812-4914-b8b2-a3a067aa4a3e
		9fdcbb08-f137-4041-8ef2-2adff7c34d49
		87ec1c18-fe1e-4d89-b573-74745d11ea44
2018-11-13 00:03:04,483 23984  INFO  [d68e7c] Doing some complicated stuff.. Random numbers are: 1366365204, 179494978, 875494201.
2018-11-13 00:03:04,492 23993  INFO  [e97fe6] Finished processing user request with id = e97fe6f5-5cfe-4e09-84ae-95e7b060f768 in 00:00:00.0385223.
2018-11-13 00:03:04,505 24006  INFO  [0ac8d9] Started processing user request. Id = 0ac8d9de-e531-4add-8730-c7505463ae9b. Size = 80.88 KB.
2018-11-13 00:03:04,505 24006  INFO  [0ac8d9] Doing some complicated stuff.. Random numbers are: 6317142, 1752781725, 182756259.
2018-11-13 00:03:04,506 24007  INFO  [d68e7c] Finished processing user request with id = d68e7cca-e737-475b-889f-03469d667dd1 in 00:00:00.0289181.
2018-11-13 00:03:04,538 24039  INFO  [4d97d8] Started processing user request. Id = 4d97d89c-291f-4248-8427-38df439ac28b. Size = 12.26 KB.
2018-11-13 00:03:04,541 24042  ERROR [0ac8d9] 
System.InvalidOperationException: Oh no! An error occurred!
2018-11-13 00:03:04,554 24056  INFO  [4d97d8] Doing some complicated stuff.. Random numbers are: 313758337, 73093949, 916537905.
2018-11-13 00:03:04,554 24056  INFO  [725396] Started processing user request. Id = 7253965e-7cd1-44f9-9b1d-d40d46749fa3. Size = 75.25 KB.
2018-11-13 00:03:04,554 24056  INFO  [725396] Doing some complicated stuff.. Random numbers are: 96284979, 1684453852, 543854240.
2018-11-13 00:03:04,585 24086  INFO  [725396] Here's some useful guids:
		3ca997e5-d2ed-4c87-957b-e0c5891fa5e1
2018-11-13 00:03:04,593 24094  INFO  [4d97d8] Here's some useful guids:
		d00abfd7-042c-4b00-851b-f365b8105808
		a7149e3e-c532-447a-b73d-bb63d40edd87
		e65e4848-c863-4f94-8043-644d48975dbe
		bc6c87b1-a8ce-4c87-afd3-7e00cda202e3
2018-11-13 00:03:04,599 24100  INFO  [a07aad] Started processing user request. Id = a07aad06-e4c6-455f-ba60-c200d261056c. Size = 34.89 KB.
2018-11-13 00:03:04,601 24102  INFO  [4d97d8] Finished processing user request with id = 4d97d89c-291f-4248-8427-38df439ac28b in 00:00:00.0637631.
2018-11-13 00:03:04,604 24105  INFO  [725396] Finished processing user request with id = 7253965e-7cd1-44f9-9b1d-d40d46749fa3 in 00:00:00.0498983.
2018-11-13 00:03:04,615 24116  INFO  [a07aad] Doing some complicated stuff.. Random numbers are: 781592630, 618809234, 562845253.
2018-11-13 00:03:04,618 24119  INFO  [6687b5] Started processing user request. Id = 6687b5e5-ef9c-4c14-9482-31a37fa843eb. Size = 48.38 KB.
2018-11-13 00:03:04,633 24134  INFO  [6879b6] Started processing user request. Id = 6879b6c0-88fa-4b71-a1e9-19645ca4ad1a. Size = 38.65 KB.
2018-11-13 00:03:04,637 24138  INFO  [6687b5] Doing some complicated stuff.. Random numbers are: 1898870275, 1969744937, 586010620.
2018-11-13 00:03:04,639 24140  INFO  [a07aad] Finished processing user request with id = a07aad06-e4c6-455f-ba60-c200d261056c in 00:00:00.0399645.
2018-11-13 00:03:04,645 24146  INFO  [6879b6] Doing some complicated stuff.. Random numbers are: 1076883158, 1370505601, 1557234326.
2018-11-13 00:03:04,652 24154  INFO  [BackgroundDaemon] Starting iteration #15496.
2018-11-13 00:03:04,657 24159  INFO  [6879b6] Here's some useful guids:
		9d3fec87-dddb-494d-82e0-ddf367db03dd
		3d94818f-6e41-4762-a4a4-4902c05bc166
		3fff1c66-d4f0-4b1a-abb7-c19c724633db
		f18da831-6cab-4061-a3e8-9ae87e1783a2
2018-11-13 00:03:04,658 24160  INFO  [6687b5] Here's some useful guids:
		95a91c27-d2b3-4ddc-8b1b-c5ce66f9d999
		29d3842f-ed6f-4d5f-88fd-5e9047706a24
		672302e7-6bf0-4d91-b03f-888232fd2064
		5c0bc09b-eb25-4eba-b321-09aa36e08926
2018-11-13 00:03:04,677 24178  INFO  [6879b6] Finished processing user request with id = 6879b6c0-88fa-4b71-a1e9-19645ca4ad1a in 00:00:00.0439459.
2018-11-13 00:03:04,680 24181  INFO  [6687b5] Finished processing user request with id = 6687b5e5-ef9c-4c14-9482-31a37fa843eb in 00:00:00.0627889.
2018-11-13 00:03:04,694 24195  INFO  [99db8d] Started processing user request. Id = 99db8d77-7049-4c3e-b4dd-bd68d3f8057c. Size = 46.14 KB.
2018-11-13 00:03:04,708 24209  INFO  [c34eab] Started processing user request. Id = c34eabb5-42da-4bc8-9283-09074baccc45. Size = 1.68 KB.
2018-11-13 00:03:04,712 24214  INFO  [99db8d] Doing some complicated stuff.. Random numbers are: 761162301, 1160712410, 11699801.
2018-11-13 00:03:04,721 24223  INFO  [c34eab] Doing some complicated stuff.. Random numbers are: 510398073, 695568472, 1407244053.
2018-11-13 00:03:04,727 24228  INFO  [99db8d] Finished processing user request with id = 99db8d77-7049-4c3e-b4dd-bd68d3f8057c in 00:00:00.0336429.
2018-11-13 00:03:04,741 24242  INFO  [852d1d] Started processing user request. Id = 852d1d80-b0e6-4a94-a11a-5852ba76e0d0. Size = 33.59 KB.
2018-11-13 00:03:04,745 24246  INFO  [BackgroundDaemon] Processing data (1% completed)..
2018-11-13 00:03:04,754 24255  INFO  [c34eab] Finished processing user request with id = c34eabb5-42da-4bc8-9283-09074baccc45 in 00:00:00.0452412.
2018-11-13 00:03:04,755 24256  INFO  [852d1d] Doing some complicated stuff.. Random numbers are: 860954899, 1554386422, 341408511.
2018-11-13 00:03:04,764 24266  INFO  [852d1d] Here's some useful guids:
		d85ecc01-e378-4fd9-be42-ec2779af555b
2018-11-13 00:03:04,768 24270  INFO  [852d1d] Finished processing user request with id = 852d1d80-b0e6-4a94-a11a-5852ba76e0d0 in 00:00:00.0276102.
2018-11-13 00:03:04,782 24283  INFO  [1957fb] Started processing user request. Id = 1957fb3b-bf52-4599-a970-9c271e668462. Size = 79.67 KB.
2018-11-13 00:03:04,784 24285  INFO  [Metrics] Cpu: 0.59%; Memory: 19.79 GB/31.88 GB; Workers: 4/1024; IOCP: 0/1024
2018-11-13 00:03:04,786 24287  INFO  [f51fae] Started processing user request. Id = f51fae90-ed27-4d5f-9c72-fd3bf2ed693d. Size = 52.22 KB.
2018-11-13 00:03:04,791 24292  INFO  [f51fae] Doing some complicated stuff.. Random numbers are: 1571573598, 102570501, 1983943834.
2018-11-13 00:03:04,800 24301  INFO  [1957fb] Doing some complicated stuff.. Random numbers are: 198983430, 1496661877, 31697579.
2018-11-13 00:03:04,803 24304  INFO  [f51fae] Here's some useful guids:
		92a06851-0204-4fb9-8078-b103d6d71ec6
		f5a7fd87-7dd5-47e0-8776-2b3cb06de33c
		996148ce-1c21-4f7d-8b15-3ff8d7b4444c
		f5548334-2344-4cba-8c6c-df54c2fdd612
2018-11-13 00:03:04,807 24308  INFO  [e7ae30] Started processing user request. Id = e7ae309e-06ad-44fe-87dd-91223d28039a. Size = 13.22 KB.
2018-11-13 00:03:04,810 24311  INFO  [BackgroundDaemon] Processing data (45% completed)..
2018-11-13 00:03:04,823 24324  INFO  [e7ae30] Doing some complicated stuff.. Random numbers are: 279772378, 1742832001, 1777299647.
2018-11-13 00:03:04,830 24331  INFO  [f51fae] Finished processing user request with id = f51fae90-ed27-4d5f-9c72-fd3bf2ed693d in 00:00:00.0444031.
2018-11-13 00:03:04,861 24362  INFO  [179c20] Started processing user request. Id = 179c2070-5259-4fdc-b6ab-a8c5f8521c51. Size = 59.27 KB.
2018-11-13 00:03:04,864 24365  INFO  [179c20] Doing some complicated stuff.. Random numbers are: 47698130, 1634542962, 403384324.
2018-11-13 00:03:04,865 24366  INFO  [1957fb] Finished processing user request with id = 1957fb3b-bf52-4599-a970-9c271e668462 in 00:00:00.0838726.
2018-11-13 00:03:04,870 24371  INFO  [e7ae30] Finished processing user request with id = e7ae309e-06ad-44fe-87dd-91223d28039a in 00:00:00.0637798.
2018-11-13 00:03:04,879 24380  INFO  [43440b] Started processing user request. Id = 43440bcb-cbab-45a3-b634-a3d566bf5c87. Size = 71.65 KB.
2018-11-13 00:03:04,881 24382  INFO  [179c20] Here's some useful guids:
		2ebfd346-d515-46d8-aa7a-fd30af1bfe61
		00a88445-8c13-46de-85f5-206df3c75836
2018-11-13 00:03:04,885 24386  INFO  [43440b] Doing some complicated stuff.. Random numbers are: 2021531865, 2134145894, 1770616595.
2018-11-13 00:03:04,900 24401  ERROR [179c20] 
System.InvalidOperationException: Oh no! An error occurred!
2018-11-13 00:03:04,901 24402  INFO  [BackgroundDaemon] Processing data (79% completed)..
2018-11-13 00:03:04,901 24402  INFO  [BackgroundDaemon] Finished iteration in 00:00:00.2482438.
2018-11-13 00:03:04,908 24409  INFO  [43440b] Here's some useful guids:
		5caa22fd-02f6-4158-ba3a-7b846d93f559
		9db37630-7c32-4d76-9f74-f0f65a7063b1
		0ce08105-9b89-447b-9e7d-bf7a9b871bc3
		224923c5-4743-4fe8-8072-ed92d5b6e966
		7ccba05f-3951-4dd9-b3ff-35c2e895588a
2018-11-13 00:03:04,928 24429  INFO  [43440b] Finished processing user request with id = 43440bcb-cbab-45a3-b634-a3d566bf5c87 in 00:00:00.0490218.
2018-11-13 00:03:04,931 24432  INFO  [2a993f] Started processing user request. Id = 2a993fba-0114-4a3d-96ba-612881b51cc1. Size = 76.53 KB.
2018-11-13 00:03:04,933 24434  INFO  [2a993f] Doing some complicated stuff.. Random numbers are: 1310593580, 170016154, 1282377824.
2018-11-13 00:03:04,933 24434  INFO  [2a993f] Here's some useful guids:
		5b7a1f36-6b66-4b25-962d-46b29f986db5
		13dd0d03-3280-4fa2-ae09-60ad00d81e55
		d23ff8c1-202e-46f5-bb96-b6025530930f
2018-11-13 00:03:04,942 24443  INFO  [dfcf55] Started processing user request. Id = dfcf55de-46b0-42c6-a506-4ad58e4e7bb9. Size = 76.45 KB.
2018-11-13 00:03:04,947 24448  INFO  [dfcf55] Doing some complicated stuff.. Random numbers are: 1812382189, 131998143, 1195669518.
2018-11-13 00:03:04,957 24458  INFO  [2a993f] Finished processing user request with id = 2a993fba-0114-4a3d-96ba-612881b51cc1 in 00:00:00.0265146.
2018-11-13 00:03:04,959 24460  INFO  [dfcf55] Here's some useful guids:
		2a721eff-eb44-4da7-8d7a-f3cdd157a6d0
2018-11-13 00:03:04,967 24468  INFO  [dfcf55] Finished processing user request with id = dfcf55de-46b0-42c6-a506-4ad58e4e7bb9 in 00:00:00.0250229.
2018-11-13 00:03:04,981 24482  INFO  [7a532a] Started processing user request. Id = 7a532a28-4ad1-46ca-b8ff-b5ca12290553. Size = 66.54 KB.
2018-11-13 00:03:04,981 24482  INFO  [7a532a] Doing some complicated stuff.. Random numbers are: 855330300, 88622638, 1142691948.
2018-11-13 00:03:04,988 24489  INFO  [e0c2f9] Started processing user request. Id = e0c2f970-0bbb-4aef-a877-ed12128b88cf. Size = 67.83 KB.
2018-11-13 00:03:05,008 24509  INFO  [e0c2f9] Doing some complicated stuff.. Random numbers are: 546156906, 1426896829, 1602092502.
2018-11-13 00:03:05,027 24528  INFO  [7a532a] Finished processing user request with id = 7a532a28-4ad1-46ca-b8ff-b5ca12290553 in 00:00:00.0461347.
2018-11-13 00:03:05,038 24539  INFO  [7ed783] Started processing user request. Id = 7ed7833e-7a85-4e9f-ae13-96ad87707425. Size = 36.63 KB.
2018-11-13 00:03:05,041 24542  INFO  [9d1af7] Started processing user request. Id = 9d1af7c6-1d35-41bf-9322-569e8f7f68b7. Size = 33.34 KB.
2018-11-13 00:03:05,047 24548  INFO  [7ed783] Doing some complicated stuff.. Random numbers are: 605358899, 2087121040, 1028993211.
2018-11-13 00:03:05,054 24555  INFO  [9d1af7] Doing some complicated stuff.. Random numbers are: 247463814, 223074213, 1750542310.
2018-11-13 00:03:05,059 24561  INFO  [e0c2f9] Finished processing user request with id = e0c2f970-0bbb-4aef-a877-ed12128b88cf in 00:00:00.0711225.
2018-11-13 00:03:05,082 24583  INFO  [9d1af7] Here's some useful guids:
		4938bee7-ca97-4bd4-9987-83f73a77e409
		6f6dc1ba-32f3-40f8-9a8e-7f80fb4925e7
		8217904e-c936-4d02-bbfe-9c2f04e8abac
2018-11-13 00:03:05,083 24584  INFO  [7ed783] Here's some useful guids:
		2fb409bb-1b2a-4ec2-b7ff-8a1eab840a8a
		ce045a63-cc56-4681-a11d-6d6483b9583b
		1d7f9579-b1e9-4cf6-93d4-bba5bf531ba6
		d1089392-27ac-459e-a91a-6218455ced04
2018-11-13 00:03:05,091 24593  INFO  [01051e] Started processing user request. Id = 01051ec0-4c48-4802-95f4-d9008907f4a1. Size = 32.56 KB.
2018-11-13 00:03:05,097 24599  INFO  [01051e] Doing some complicated stuff.. Random numbers are: 1397516720, 980424791, 1924917792.
2018-11-13 00:03:05,101 24603  INFO  [BackgroundDaemon] Starting iteration #15497.
2018-11-13 00:03:05,102 24604  INFO  [9d1af7] Finished processing user request with id = 9d1af7c6-1d35-41bf-9322-569e8f7f68b7 in 00:00:00.0610942.
2018-11-13 00:03:05,108 24610  INFO  [7ed783] Finished processing user request with id = 7ed7833e-7a85-4e9f-ae13-96ad87707425 in 00:00:00.0700984.
2018-11-13 00:03:05,117 24618  INFO  [829481] Started processing user request. Id = 82948182-1ec3-40eb-80b6-fa550a1b3ae5. Size = 16.56 KB.
2018-11-13 00:03:05,129 24631  ERROR [01051e] 
System.InvalidOperationException: Oh no! An error occurred!
2018-11-13 00:03:05,131 24632  INFO  [829481] Doing some complicated stuff.. Random numbers are: 864391663, 1150180325, 1366820676.
2018-11-13 00:03:05,161 24662  INFO  [e928b6] Started processing user request. Id = e928b661-2aa6-4b02-ac7f-732762d6ff58. Size = 4.89 KB.
2018-11-13 00:03:05,173 24674  INFO  [829481] Finished processing user request with id = 82948182-1ec3-40eb-80b6-fa550a1b3ae5 in 00:00:00.0567348.
2018-11-13 00:03:05,179 24680  INFO  [e928b6] Doing some complicated stuff.. Random numbers are: 339985263, 992719159, 760860078.
2018-11-13 00:03:05,186 24687  INFO  [072f04] Started processing user request. Id = 072f0494-b53b-4389-9098-44198ccd5fb7. Size = 52.59 KB.
2018-11-13 00:03:05,188 24689  INFO  [e928b6] Here's some useful guids:
		5f97ef51-e33c-456b-9e15-8e524bf62a77
		5d0faa98-1834-4e78-aa37-f3fa0e96ad94
		fa3f5921-3a45-4f17-95a4-f82797afabcb
2018-11-13 00:03:05,195 24696  INFO  [072f04] Doing some complicated stuff.. Random numbers are: 1825090148, 1753877231, 1320053762.
2018-11-13 00:03:05,198 24700  INFO  [BackgroundDaemon] Processing data (16% completed)..
2018-11-13 00:03:05,203 24705  INFO  [072f04] Here's some useful guids:
		6cfd3014-2242-45ed-b980-d14435d12e84
		894ee27a-3ef2-4fec-85bb-e6ead49dcfbe
		3bf1edb7-cc4b-4e55-9dff-ec539dcce315
		d86f9e3e-650e-49ce-85e9-3bca28119afb
2018-11-13 00:03:05,206 24708  INFO  [e928b6] Finished processing user request with id = e928b661-2aa6-4b02-ac7f-732762d6ff58 in 00:00:00.0459295.
2018-11-13 00:03:05,230 24731  ERROR [072f04] 
System.InvalidOperationException: Oh no! An error occurred!
2018-11-13 00:03:05,238 24739  INFO  [3941fe] Started processing user request. Id = 3941fee2-1c96-42a8-b72c-b1bf6b54f373. Size = 44.22 KB.
2018-11-13 00:03:05,243 24744  INFO  [0a2a92] Started processing user request. Id = 0a2a9232-1b3a-470e-b1e6-70b41dde0326. Size = 45.31 KB.
2018-11-13 00:03:05,257 24758  INFO  [3941fe] Doing some complicated stuff.. Random numbers are: 1884054090, 1955324551, 1784255661.
2018-11-13 00:03:05,261 24762  INFO  [0a2a92] Doing some complicated stuff.. Random numbers are: 1316325244, 255191728, 1296374753.
2018-11-13 00:03:05,276 24777  INFO  [9044c0] Started processing user request. Id = 9044c0e2-9a72-4f4d-a4fe-3bc3ead5d78f. Size = 75.51 KB.
2018-11-13 00:03:05,277 24778  INFO  [3941fe] Here's some useful guids:
		bc00e02d-9569-4102-96f1-8e9110f9aff8
		43eb424d-cdaa-44b7-8da0-a30412785c92
		268dea82-3215-476c-aef8-d2cb6c7bc8d4
		73375191-44ca-4a40-b980-53a4e672c2db
2018-11-13 00:03:05,280 24781  INFO  [BackgroundDaemon] Processing data (49% completed)..
2018-11-13 00:03:05,283 24784  INFO  [Metrics] Cpu: 0.96%; Memory: 19.79 GB/31.88 GB; Workers: 4/1024; IOCP: 0/1024
2018-11-13 00:03:05,288 24789  INFO  [9044c0] Doing some complicated stuff.. Random numbers are: 1818242576, 1265003829, 441581297.
2018-11-13 00:03:05,296 24797  INFO  [9044c0] Finished processing user request with id = 9044c0e2-9a72-4f4d-a4fe-3bc3ead5d78f in 00:00:00.0200036.
2018-11-13 00:03:05,296 24797  INFO  [0a2a92] Finished processing user request with id = 0a2a9232-1b3a-470e-b1e6-70b41dde0326 in 00:00:00.0530352.
2018-11-13 00:03:05,306 24807  INFO  [3941fe] Finished processing user request with id = 3941fee2-1c96-42a8-b72c-b1bf6b54f373 in 00:00:00.0680712.
2018-11-13 00:03:05,310 24811  INFO  [202e19] Started processing user request. Id = 202e197a-df0b-4034-a6dd-e496246578a2. Size = 2.83 KB.
2018-11-13 00:03:05,318 24819  INFO  [202e19] Doing some complicated stuff.. Random numbers are: 565863665, 1887195845, 1060290813.
2018-11-13 00:03:05,338 24839  INFO  [585d71] Started processing user request. Id = 585d71b1-a51f-4f7e-92c5-ff468d688cd0. Size = 1.48 KB.
2018-11-13 00:03:05,339 24840  INFO  [202e19] Here's some useful guids:
		06a026c3-2123-4b4e-b620-b3d446f5de09
2018-11-13 00:03:05,344 24845  INFO  [585d71] Doing some complicated stuff.. Random numbers are: 1606034001, 2059947836, 1494118278.
2018-11-13 00:03:05,347 24848  INFO  [202e19] Finished processing user request with id = 202e197a-df0b-4034-a6dd-e496246578a2 in 00:00:00.0368807.
2018-11-13 00:03:05,348 24849  INFO  [BackgroundDaemon] Processing data (75% completed)..
2018-11-13 00:03:05,348 24849  INFO  [BackgroundDaemon] Finished iteration in 00:00:00.2467594.
2018-11-13 00:03:05,359 24861  INFO  [585d71] Finished processing user request with id = 585d71b1-a51f-4f7e-92c5-ff468d688cd0 in 00:00:00.0214493.
2018-11-13 00:03:05,360 24862  INFO  [7b7915] Started processing user request. Id = 7b7915cf-d3cc-4c94-8a75-244fa43084d1. Size = 74.77 KB.
2018-11-13 00:03:05,375 24876  INFO  [7b7915] Doing some complicated stuff.. Random numbers are: 1441215886, 1986989762, 199720909.
2018-11-13 00:03:05,391 24893  INFO  [7fb37c] Started processing user request. Id = 7fb37cb1-11aa-4792-a520-ef7e9ea0faeb. Size = 70.07 KB.
2018-11-13 00:03:05,391 24893  INFO  [7fb37c] Doing some complicated stuff.. Random numbers are: 206221745, 22884742, 1061809555.
2018-11-13 00:03:05,418 24919  INFO  [7fb37c] Finished processing user request with id = 7fb37cb1-11aa-4792-a520-ef7e9ea0faeb in 00:00:00.0265583.
2018-11-13 00:03:05,423 24924  INFO  [7b7915] Finished processing user request with id = 7b7915cf-d3cc-4c94-8a75-244fa43084d1 in 00:00:00.0626006.
2018-11-13 00:03:05,436 24937  INFO  [f86da8] Started processing user request. Id = f86da8bd-8d78-4977-823d-fa2032b26069. Size = 49.12 KB.
2018-11-13 00:03:05,450 24951  INFO  [f5df21] Started processing user request. Id = f5df21e7-7f33-4970-a362-a1a0d9dbede4. Size = 62.2 KB.
2018-11-13 00:03:05,450 24951  INFO  [f5df21] Doing some complicated stuff.. Random numbers are: 861365175, 584410397, 582455591.
2018-11-13 00:03:05,450 24951  INFO  [f5df21] Here's some useful guids:
		96b3784a-8db2-4089-a04c-ca2ec1dc9c3e
		f9d4fd54-49f2-4e0b-b893-ed49fcd02f4b
		a51a51cc-fd23-4acd-bd0e-9fb179e9dd4f
		beec85f5-e7f7-4e96-9d9a-2522bfca2c51
2018-11-13 00:03:05,453 24954  INFO  [f86da8] Doing some complicated stuff.. Random numbers are: 844543546, 2143236474, 890077973.
2018-11-13 00:03:05,463 24964  INFO  [f5df21] Finished processing user request with id = f5df21e7-7f33-4970-a362-a1a0d9dbede4 in 00:00:00.0130841.
2018-11-13 00:03:05,464 24965  INFO  [5c575d] Started processing user request. Id = 5c575d1a-595b-4537-9729-45efce7509af. Size = 68.45 KB.
2018-11-13 00:03:05,466 24967  INFO  [5c575d] Doing some complicated stuff.. Random numbers are: 1074362421, 227278262, 2020461591.
2018-11-13 00:03:05,474 24975  INFO  [f86da8] Here's some useful guids:
		8a0ef7cc-823a-42a1-9b78-2c20c379d663
		43652dd3-0283-4977-8a2c-4441cb7da2cb
		b1643fa5-e88e-4038-9252-62273e921047
		61b911bd-f844-45a9-bef0-0cac25f09a3b
2018-11-13 00:03:05,483 24985  INFO  [5c575d] Finished processing user request with id = 5c575d1a-595b-4537-9729-45efce7509af in 00:00:00.0195550.
2018-11-13 00:03:05,490 24991  INFO  [f86da8] Finished processing user request with id = f86da8bd-8d78-4977-823d-fa2032b26069 in 00:00:00.0541577.
2018-11-13 00:03:05,494 24995  INFO  [b96dd8] Started processing user request. Id = b96dd800-54d4-49e7-8aa9-f3113f67771c. Size = 80.47 KB.
2018-11-13 00:03:05,503 25005  INFO  [3d92ee] Started processing user request. Id = 3d92ee10-2942-4eb0-8bdb-c85773f14395. Size = 78.4 KB.
2018-11-13 00:03:05,506 25008  INFO  [3d92ee] Doing some complicated stuff.. Random numbers are: 1640374294, 1417008409, 1622221896.
2018-11-13 00:03:05,513 25014  INFO  [b96dd8] Doing some complicated stuff.. Random numbers are: 1645281790, 936412920, 1208157795.
2018-11-13 00:03:05,544 25045  INFO  [3d92ee] Here's some useful guids:
		27fc4e28-bcdd-461d-866a-7f3fb8e27199
		e9e9fe95-fa0c-4918-8c76-06318ab3306e
2018-11-13 00:03:05,548 25050  INFO  [BackgroundDaemon] Starting iteration #15498.
2018-11-13 00:03:05,560 25062  INFO  [b96dd8] Finished processing user request with id = b96dd800-54d4-49e7-8aa9-f3113f67771c in 00:00:00.0661058.
2018-11-13 00:03:05,560 25062  INFO  [3d92ee] Finished processing user request with id = 3d92ee10-2942-4eb0-8bdb-c85773f14395 in 00:00:00.0570568.
2018-11-13 00:03:05,574 25075  INFO  [55f629] Started processing user request. Id = 55f62971-b1cd-4833-879c-8a9791d1459a. Size = 29.55 KB.
2018-11-13 00:03:05,584 25085  INFO  [55f629] Doing some complicated stuff.. Random numbers are: 326553352, 314445490, 385553253.
2018-11-13 00:03:05,586 25087  INFO  [BackgroundDaemon] Processing data (4% completed)..
2018-11-13 00:03:05,588 25089  INFO  [55f629] Here's some useful guids:
		6e957ef9-fbe6-4485-9f71-015f2d1cb3ff
		92feb710-aa91-43da-a824-45328683e5f7
		7c16045b-388f-4dcd-9c76-f2ffbb949cf7
		14a37269-5821-4694-b046-705135bbd282
2018-11-13 00:03:05,588 25089  INFO  [55f629] Finished processing user request with id = 55f62971-b1cd-4833-879c-8a9791d1459a in 00:00:00.0147313.
2018-11-13 00:03:05,592 25093  INFO  [59e012] Started processing user request. Id = 59e0127b-d3ae-4c5c-a48a-0f36d7771644. Size = 19.54 KB.
2018-11-13 00:03:05,601 25103  INFO  [65896b] Started processing user request. Id = 65896b18-3b1a-4a90-b8dc-b1833c2d987f. Size = 27.21 KB.
2018-11-13 00:03:05,608 25109  INFO  [59e012] Doing some complicated stuff.. Random numbers are: 159200175, 1170960630, 288548348.
2018-11-13 00:03:05,613 25114  INFO  [BackgroundDaemon] Processing data (33% completed)..
2018-11-13 00:03:05,617 25118  INFO  [65896b] Doing some complicated stuff.. Random numbers are: 1857007849, 123713779, 350396538.
2018-11-13 00:03:05,637 25138  INFO  [65896b] Finished processing user request with id = 65896b18-3b1a-4a90-b8dc-b1833c2d987f in 00:00:00.0352775.
2018-11-13 00:03:05,651 25152  INFO  [13e01a] Started processing user request. Id = 13e01aa3-8c23-40e3-9685-579e7759b04b. Size = 37.09 KB.
2018-11-13 00:03:05,651 25152  INFO  [8abade] Started processing user request. Id = 8abade44-abc1-4518-addb-b13729b15696. Size = 22.41 KB.
2018-11-13 00:03:05,657 25158  INFO  [13e01a] Doing some complicated stuff.. Random numbers are: 1869709196, 1183248424, 1114086675.
2018-11-13 00:03:05,662 25163  INFO  [59e012] Finished processing user request with id = 59e0127b-d3ae-4c5c-a48a-0f36d7771644 in 00:00:00.0694764.
2018-11-13 00:03:05,668 25169  INFO  [8abade] Doing some complicated stuff.. Random numbers are: 103443372, 482975681, 1793077594.
2018-11-13 00:03:05,677 25178  INFO  [13e01a] Here's some useful guids:
		4a9aff5b-0555-4e11-af96-eb5d0fce60cb
		0274efe0-7a29-4e19-a932-81819850c7cc
		e85a6f2a-022c-4e51-9bb9-d26a1b19e11c
		4c4a8c6f-e730-4e8c-a01a-a20ff456479a
		982d5b5d-53cc-4159-ab52-09db4f3e9171
2018-11-13 00:03:05,679 25180  INFO  [BackgroundDaemon] Processing data (60% completed)..
2018-11-13 00:03:05,679 25180  INFO  [BackgroundDaemon] Finished iteration in 00:00:00.1304470.
2018-11-13 00:03:05,679 25180  ERROR [13e01a] 
System.InvalidOperationException: Oh no! An error occurred!
2018-11-13 00:03:05,683 25184  INFO  [8abade] Finished processing user request with id = 8abade44-abc1-4518-addb-b13729b15696 in 00:00:00.0320163.
2018-11-13 00:03:05,693 25194  INFO  [fc634e] Started processing user request. Id = fc634ea2-99be-4d1f-91bb-ff310df751d9. Size = 96.79 KB.
2018-11-13 00:03:05,694 25195  INFO  [160f05] Started processing user request. Id = 160f0547-e4a7-4237-be5c-1c84c0727cf7. Size = 89.07 KB.
2018-11-13 00:03:05,702 25203  INFO  [160f05] Doing some complicated stuff.. Random numbers are: 850782116, 1981495889, 630863880.
2018-11-13 00:03:05,706 25207  INFO  [fc634e] Doing some complicated stuff.. Random numbers are: 1222427392, 595717732, 287058886.
2018-11-13 00:03:05,749 25250  INFO  [fc634e] Finished processing user request with id = fc634ea2-99be-4d1f-91bb-ff310df751d9 in 00:00:00.0563272.
2018-11-13 00:03:05,763 25264  INFO  [3347de] Started processing user request. Id = 3347de19-e3aa-4fe0-98b6-1b48add27a68. Size = 80.33 KB.
2018-11-13 00:03:05,765 25266  ERROR [160f05] 
System.InvalidOperationException: Oh no! An error occurred!
2018-11-13 00:03:05,769 25270  INFO  [3347de] Doing some complicated stuff.. Random numbers are: 683908486, 899591906, 1371974442.
2018-11-13 00:03:05,771 25272  INFO  [3347de] Here's some useful guids:
		90c6e3ba-c27d-425f-a928-90c37f9d86dc
2018-11-13 00:03:05,781 25282  INFO  [3347de] Finished processing user request with id = 3347de19-e3aa-4fe0-98b6-1b48add27a68 in 00:00:00.0177195.
2018-11-13 00:03:05,783 25284  INFO  [Metrics] Cpu: 0.96%; Memory: 19.79 GB/31.88 GB; Workers: 4/1024; IOCP: 0/1024
2018-11-13 00:03:05,794 25295  INFO  [0db140] Started processing user request. Id = 0db14080-6515-4b74-91f2-5c50eda3e0ee. Size = 48.75 KB.
2018-11-13 00:03:05,797 25298  INFO  [3cfcfa] Started processing user request. Id = 3cfcfa29-cbab-4784-8e58-cadc22937767. Size = 72.92 KB.
2018-11-13 00:03:05,797 25298  INFO  [3cfcfa] Doing some complicated stuff.. Random numbers are: 1586003420, 1872829559, 78101269.
2018-11-13 00:03:05,804 25305  INFO  [0db140] Doing some complicated stuff.. Random numbers are: 651813809, 202394215, 909148202.
2018-11-13 00:03:05,810 25311  INFO  [0db140] Here's some useful guids:
		b294a4b5-e6ed-4ef8-a741-1da45aaafbea
		d854ce7f-78de-423b-b2f1-2e3b275d98ec
		5ef80dbb-d7b8-4161-a39b-b144b905824a
2018-11-13 00:03:05,830 25331  INFO  [3cfcfa] Here's some useful guids:
		eb1e1cf3-f4bd-4704-9794-899c9c5717a4
		0bd98900-081d-4781-afb6-57683b2af7cc
2018-11-13 00:03:05,838 25339  INFO  [0db140] Finished processing user request with id = 0db14080-6515-4b74-91f2-5c50eda3e0ee in 00:00:00.0446471.
2018-11-13 00:03:05,850 25351  ERROR [3cfcfa] 
System.InvalidOperationException: Oh no! An error occurred!
2018-11-13 00:03:05,851 25352  INFO  [34d492] Started processing user request. Id = 34d4925a-9bfa-4db8-9a20-3f2f36ac8ffb. Size = 37.65 KB.
2018-11-13 00:03:05,852 25353  INFO  [96eca5] Started processing user request. Id = 96eca5fd-934c-4575-bc8d-5e961488c8c9. Size = 65.74 KB.
2018-11-13 00:03:05,856 25357  INFO  [34d492] Doing some complicated stuff.. Random numbers are: 1004285791, 395235754, 1118238493.
2018-11-13 00:03:05,869 25370  INFO  [96eca5] Doing some complicated stuff.. Random numbers are: 255599279, 267335064, 1878727717.
2018-11-13 00:03:05,873 25374  INFO  [34d492] Here's some useful guids:
		3a33addc-20d1-4059-a210-1a65a6e5cc65
		f0729ad3-cba0-43fa-945d-3e6aa538ee18
		ace42f8f-fa0a-4200-9d61-ec09b4107781
		15c48916-9dcd-4039-8a5c-533ca79fb51e
2018-11-13 00:03:05,879 25380  INFO  [BackgroundDaemon] Starting iteration #15499.
2018-11-13 00:03:05,881 25382  INFO  [cf117a] Started processing user request. Id = cf117a56-9c97-4f08-91c6-7c15de3f56e6. Size = 58.03 KB.
2018-11-13 00:03:05,890 25391  INFO  [96eca5] Finished processing user request with id = 96eca5fd-934c-4575-bc8d-5e961488c8c9 in 00:00:00.0382399.
2018-11-13 00:03:05,891 25392  INFO  [34d492] Finished processing user request with id = 34d4925a-9bfa-4db8-9a20-3f2f36ac8ffb in 00:00:00.0402132.
2018-11-13 00:03:05,892 25393  INFO  [cf117a] Doing some complicated stuff.. Random numbers are: 802000207, 1234576322, 1646928270.
2018-11-13 00:03:05,903 25404  INFO  [12b1f3] Started processing user request. Id = 12b1f3d5-9eba-4194-b67b-56dea4337379. Size = 71.75 KB.
2018-11-13 00:03:05,914 25415  INFO  [12b1f3] Doing some complicated stuff.. Random numbers are: 366262075, 1029122507, 834681924.
2018-11-13 00:03:05,921 25422  INFO  [cf117a] Here's some useful guids:
		46738647-ce4b-42cd-a771-fd548a961ba3
		1d4c71fc-72ef-4ed1-aaa0-fef462e1d7e9
		1960524a-fe45-46cb-8cae-4c8f8ee66ca3
2018-11-13 00:03:05,938 25439  INFO  [cf117a] Finished processing user request with id = cf117a56-9c97-4f08-91c6-7c15de3f56e6 in 00:00:00.0573210.
2018-11-13 00:03:05,939 25440  INFO  [12b1f3] Finished processing user request with id = 12b1f3d5-9eba-4194-b67b-56dea4337379 in 00:00:00.0359707.
2018-11-13 00:03:05,952 25454  INFO  [f82d50] Started processing user request. Id = f82d50df-775d-4422-9528-e77aca4e8534. Size = 22.75 KB.
2018-11-13 00:03:05,954 25455  INFO  [BackgroundDaemon] Processing data (14% completed)..
2018-11-13 00:03:05,963 25464  INFO  [f82d50] Doing some complicated stuff.. Random numbers are: 541567260, 999891001, 21698517.
2018-11-13 00:03:05,969 25470  INFO  [7017c9] Started processing user request. Id = 7017c9e2-3572-4650-b19f-216ce032ff1b. Size = 26.18 KB.
2018-11-13 00:03:05,976 25477  INFO  [7017c9] Doing some complicated stuff.. Random numbers are: 796602230, 824651144, 1573147345.
2018-11-13 00:03:05,977 25479  INFO  [BackgroundDaemon] Processing data (40% completed)..
2018-11-13 00:03:05,986 25487  INFO  [f82d50] Finished processing user request with id = f82d50df-775d-4422-9528-e77aca4e8534 in 00:00:00.0335368.
2018-11-13 00:03:06,000 25501  INFO  [1f0557] Started processing user request. Id = 1f05574b-8fc9-49fd-bc2e-4d982bceee0b. Size = 51.63 KB.
2018-11-13 00:03:06,003 25504  INFO  [1f0557] Doing some complicated stuff.. Random numbers are: 251101676, 132720398, 179428713.
2018-11-13 00:03:06,005 25506  INFO  [1f0557] Here's some useful guids:
		709cde45-7cd6-4441-8d26-a7c1eec016dd
		50856810-ddbf-441b-b043-e104b7c8d69a
		8b80c033-0ca3-4ca0-94e8-019f10b52cda
2018-11-13 00:03:06,007 25508  INFO  [7017c9] Here's some useful guids:
		9851e3da-be06-4dd8-b3b2-3b7a0d2e83f8
		3e0b584f-3e14-4539-807b-3bad6cc778a4
		c3c8a641-f6e9-4281-b443-9b6643d4bffd
		96f7f4ec-78d2-451b-8f6c-77d333dfd9bb
		eb01fcad-8c22-4ffc-88d5-3d1b1856ac96
2018-11-13 00:03:06,019 25520  INFO  [BackgroundDaemon] Processing data (60% completed)..
2018-11-13 00:03:06,019 25520  INFO  [BackgroundDaemon] Finished iteration in 00:00:00.1405218.
2018-11-13 00:03:06,034 25535  INFO  [1f0557] Finished processing user request with id = 1f05574b-8fc9-49fd-bc2e-4d982bceee0b in 00:00:00.0335030.
2018-11-13 00:03:06,034 25535  INFO  [7017c9] Finished processing user request with id = 7017c9e2-3572-4650-b19f-216ce032ff1b in 00:00:00.0641936.
2018-11-13 00:03:06,047 25548  INFO  [bf6719] Started processing user request. Id = bf67193c-63fb-4a55-aaf5-e16b225ac2dc. Size = 19.04 KB.
2018-11-13 00:03:06,058 25559  INFO  [bf6719] Doing some complicated stuff.. Random numbers are: 1329199718, 292478656, 1199632718.
2018-11-13 00:03:06,058 25559  INFO  [7be0b0] Started processing user request. Id = 7be0b000-6dba-4f5f-872a-da90544127c7. Size = 17.47 KB.
2018-11-13 00:03:06,066 25567  INFO  [b2fd74] Started processing user request. Id = b2fd7461-8f29-44db-834b-1c8dd4101984. Size = 84.88 KB.
2018-11-13 00:03:06,075 25576  INFO  [b2fd74] Doing some complicated stuff.. Random numbers are: 1444062147, 1461448409, 379193170.
2018-11-13 00:03:06,077 25578  INFO  [7be0b0] Doing some complicated stuff.. Random numbers are: 1365348820, 2083872499, 1116103244.
2018-11-13 00:03:06,083 25584  INFO  [bf6719] Finished processing user request with id = bf67193c-63fb-4a55-aaf5-e16b225ac2dc in 00:00:00.0359405.
2018-11-13 00:03:06,096 25597  INFO  [544dfd] Started processing user request. Id = 544dfd25-52d4-4648-a768-17fca60c9bd6. Size = 5.87 KB.
2018-11-13 00:03:06,100 25601  INFO  [7be0b0] Here's some useful guids:
		9e68d72c-c7c9-41ed-bd39-788915be3718
		74b23325-3403-4ed8-96f6-724a57f45ec3
		cc7c51bb-9b2f-4452-baca-ca723e98d24a
		6907eae5-ba82-4788-81a3-2c74ee08873f
		5149a70b-b93d-47dc-ab79-ed2b2b2f4b68
2018-11-13 00:03:06,103 25604  INFO  [b2fd74] Here's some useful guids:
		67e220a8-ed5f-4570-ae6e-7a2fdbd15850
		ea36fa5f-45bc-4fc4-ac97-942d4c9a8bcf
2018-11-13 00:03:06,114 25616  INFO  [544dfd] Doing some complicated stuff.. Random numbers are: 1147424672, 1872222227, 216855124.
2018-11-13 00:03:06,122 25624  INFO  [544dfd] Here's some useful guids:
		64d26251-305a-4d38-a8c9-2f5c18080835
		91555ef5-ab65-4e62-8403-3fb4a9efb5a3
		d734400d-7945-47dc-ac1f-e28eec2dc898
2018-11-13 00:03:06,125 25626  INFO  [b2fd74] Finished processing user request with id = b2fd7461-8f29-44db-834b-1c8dd4101984 in 00:00:00.0589435.
2018-11-13 00:03:06,127 25628  INFO  [7be0b0] Finished processing user request with id = 7be0b000-6dba-4f5f-872a-da90544127c7 in 00:00:00.0681472.
2018-11-13 00:03:06,135 25636  INFO  [544dfd] Finished processing user request with id = 544dfd25-52d4-4648-a768-17fca60c9bd6 in 00:00:00.0381220.
2018-11-13 00:03:06,148 25649  INFO  [763a40] Started processing user request. Id = 763a4068-b841-4de6-94e0-363572150e70. Size = 82.74 KB.
2018-11-13 00:03:06,156 25657  INFO  [12a363] Started processing user request. Id = 12a363be-a244-449c-ab16-1d8b73278eec. Size = 22.04 KB.
2018-11-13 00:03:06,165 25666  INFO  [763a40] Doing some complicated stuff.. Random numbers are: 1209664058, 1069818492, 724192560.
2018-11-13 00:03:06,173 25674  INFO  [12a363] Doing some complicated stuff.. Random numbers are: 457245963, 2045459363, 73097997.
2018-11-13 00:03:06,191 25692  INFO  [763a40] Finished processing user request with id = 763a4068-b841-4de6-94e0-363572150e70 in 00:00:00.0422835.
2018-11-13 00:03:06,204 25705  INFO  [69eb02] Started processing user request. Id = 69eb0275-11c5-49f2-92fd-a4d537a120e0. Size = 45.16 KB.
2018-11-13 00:03:06,207 25708  INFO  [69eb02] Doing some complicated stuff.. Random numbers are: 806058207, 1742976641, 1276834652.
2018-11-13 00:03:06,220 25722  INFO  [BackgroundDaemon] Starting iteration #15500.
2018-11-13 00:03:06,231 25732  INFO  [69eb02] Finished processing user request with id = 69eb0275-11c5-49f2-92fd-a4d537a120e0 in 00:00:00.0268416.
2018-11-13 00:03:06,231 25732  INFO  [12a363] Finished processing user request with id = 12a363be-a244-449c-ab16-1d8b73278eec in 00:00:00.0749065.
2018-11-13 00:03:06,245 25746  INFO  [00b704] Started processing user request. Id = 00b70415-e5fb-47d3-ac08-80f9324e8bf6. Size = 37.19 KB.
2018-11-13 00:03:06,259 25760  INFO  [00b704] Doing some complicated stuff.. Random numbers are: 2072383100, 912373780, 277269313.
2018-11-13 00:03:06,263 25764  INFO  [BackgroundDaemon] Processing data (15% completed)..
2018-11-13 00:03:06,263 25764  INFO  [096767] Started processing user request. Id = 096767e9-ebf1-473a-8a59-9207be8680f2. Size = 17.74 KB.
2018-11-13 00:03:06,268 25769  INFO  [096767] Doing some complicated stuff.. Random numbers are: 942669266, 907004463, 831153642.
2018-11-13 00:03:06,268 25769  INFO  [00b704] Here's some useful guids:
		9b8b4c97-bc73-4b9c-bf49-277af32f2940
		badba982-4f04-44c8-95d6-620da6316b84
		92f97025-15eb-467a-83b5-0f3774574e31
		6d4b3856-ed36-45fb-a287-b717fdbdbca7
2018-11-13 00:03:06,283 25784  INFO  [Metrics] Cpu: 3.24%; Memory: 19.79 GB/31.88 GB; Workers: 4/1024; IOCP: 0/1024
2018-11-13 00:03:06,294 25795  INFO  [c10717] Started processing user request. Id = c10717bd-ae7e-442d-a870-651360d653c1. Size = 33.47 KB.
2018-11-13 00:03:06,295 25796  INFO  [096767] Here's some useful guids:
		b2eb839e-b5a1-46e3-9fa9-8100e3d48417
		31e463fd-8328-4a45-a49e-780093ea93b8
		6de73e00-0303-46de-a905-3451e4729a16
		335a95ad-2625-4af6-a3c8-d11d9868113a
2018-11-13 00:03:06,297 25798  INFO  [00b704] Finished processing user request with id = 00b70415-e5fb-47d3-ac08-80f9324e8bf6 in 00:00:00.0525478.
2018-11-13 00:03:06,304 25805  INFO  [c10717] Doing some complicated stuff.. Random numbers are: 2016048402, 1889437843, 488315353.
2018-11-13 00:03:06,305 25806  INFO  [096767] Finished processing user request with id = 096767e9-ebf1-473a-8a59-9207be8680f2 in 00:00:00.0427961.
2018-11-13 00:03:06,310 25812  INFO  [2b6b34] Started processing user request. Id = 2b6b349c-57b2-41e4-947a-ff126969a66a. Size = 1.56 KB.
2018-11-13 00:03:06,324 25825  INFO  [c10717] Here's some useful guids:
		cbd36599-74c2-4464-8fcf-bc4dd4f08e26
		acd8008e-5e47-4955-9184-ae8427ea7e9c
		289c4da3-e63b-4691-84b2-dc307193fa35
		50643d79-e5ba-469a-a179-b13580f85c46
2018-11-13 00:03:06,328 25829  INFO  [2b6b34] Doing some complicated stuff.. Random numbers are: 1900366120, 1275435849, 1552164883.
2018-11-13 00:03:06,337 25838  INFO  [bd9c6a] Started processing user request. Id = bd9c6aad-575f-4c0f-8d8a-ef5c56f1e3cf. Size = 27.93 KB.
2018-11-13 00:03:06,340 25841  INFO  [c10717] Finished processing user request with id = c10717bd-ae7e-442d-a870-651360d653c1 in 00:00:00.0468403.
2018-11-13 00:03:06,342 25843  INFO  [2b6b34] Here's some useful guids:
		2ed7fc3d-48d4-4d69-b606-d9f7068dec1d
		66f4055d-d3d4-4397-bb2d-a5872ff61213
2018-11-13 00:03:06,352 25853  INFO  [bd9c6a] Doing some complicated stuff.. Random numbers are: 809566735, 884473430, 23021181.
2018-11-13 00:03:06,354 25855  INFO  [BackgroundDaemon] Processing data (41% completed)..
2018-11-13 00:03:06,355 25856  INFO  [bd9c6a] Here's some useful guids:
		9efe4b69-151b-4981-b911-d6d04254b4a4
		2230385e-bd22-4c6f-8fbd-fbeb220c2a6d
		08c5b726-c7bc-4dd5-9b28-55be74896820
		ce597675-1696-456c-b19a-e69c5b5987ef
		5976880f-3ac8-4769-857b-9d45f67dde32
2018-11-13 00:03:06,361 25862  INFO  [2b6b34] Finished processing user request with id = 2b6b349c-57b2-41e4-947a-ff126969a66a in 00:00:00.0505481.
2018-11-13 00:03:06,374 25875  INFO  [6c96d8] Started processing user request. Id = 6c96d87c-167e-43cd-aaf3-fb5e009e0728. Size = 27.65 KB.
2018-11-13 00:03:06,376 25877  INFO  [bd9c6a] Finished processing user request with id = bd9c6aad-575f-4c0f-8d8a-ef5c56f1e3cf in 00:00:00.0393903.
2018-11-13 00:03:06,379 25880  INFO  [BackgroundDaemon] Processing data (93% completed)..
2018-11-13 00:03:06,379 25880  INFO  [BackgroundDaemon] Finished iteration in 00:00:00.1589868.
2018-11-13 00:03:06,390 25891  INFO  [6c96d8] Doing some complicated stuff.. Random numbers are: 2140025211, 229955762, 1967063466.
2018-11-13 00:03:06,408 25909  INFO  [1177fc] Started processing user request. Id = 1177fc38-c015-4ee7-8999-69323c2b8495. Size = 4.97 KB.
2018-11-13 00:03:06,415 25916  INFO  [1177fc] Doing some complicated stuff.. Random numbers are: 1491135691, 1572425139, 668424026.
2018-11-13 00:03:06,419 25920  INFO  [6c96d8] Here's some useful guids:
		3f8fd64c-eb22-4837-acbc-35216bdf7c2e
		218948df-81b9-48b5-81b1-fb07a1f68d16
		9caeb465-24b1-4523-bd55-b76b13d100f0
		5a9e8ba1-bbcc-4374-9c07-4b9360857606
2018-11-13 00:03:06,423 25924  ERROR [6c96d8] 
System.InvalidOperationException: Oh no! An error occurred!
2018-11-13 00:03:06,427 25928  INFO  [1177fc] Here's some useful guids:
		9571e87e-8045-43fe-b0a0-c887ba8bfeec
2018-11-13 00:03:06,436 25937  INFO  [c4c428] Started processing user request. Id = c4c428f5-e6fe-404f-9d09-ee4e489bb7e2. Size = 48.95 KB.
2018-11-13 00:03:06,439 25940  INFO  [1177fc] Finished processing user request with id = 1177fc38-c015-4ee7-8999-69323c2b8495 in 00:00:00.0305175.
2018-11-13 00:03:06,441 25942  INFO  [c4c428] Doing some complicated stuff.. Random numbers are: 1900948442, 1258011204, 134827095.
2018-11-13 00:03:06,468 25969  INFO  [c4c428] Here's some useful guids:
		ad716aa2-8e00-4317-a77b-e293ecbef581
		352e8993-2f0f-4e29-978c-7bca8c3e5caf
		f2647211-f17f-4ab5-81de-f81d697802ec
2018-11-13 00:03:06,470 25971  INFO  [4e0856] Started processing user request. Id = 4e0856dd-e993-4e74-9b4e-47f120f05c48. Size = 89.45 KB.
2018-11-13 00:03:06,475 25976  INFO  [4e0856] Doing some complicated stuff.. Random numbers are: 565958719, 675360372, 1538600255.
2018-11-13 00:03:06,489 25990  INFO  [c4c428] Finished processing user request with id = c4c428f5-e6fe-404f-9d09-ee4e489bb7e2 in 00:00:00.0535633.
2018-11-13 00:03:06,490 25991  INFO  [4e0856] Here's some useful guids:
		3f843eb5-efc6-4199-a10d-03d812411165
2018-11-13 00:03:06,499 26000  ERROR [4e0856] 
System.InvalidOperationException: Oh no! An error occurred!
2018-11-13 00:03:06,502 26003  INFO  [78d26d] Started processing user request. Id = 78d26dfe-953f-4521-948f-1a39fb890901. Size = 17.79 KB.
2018-11-13 00:03:06,508 26009  INFO  [f0ed96] Started processing user request. Id = f0ed966f-2147-4e53-92c2-655a85c43de3. Size = 57.59 KB.
2018-11-13 00:03:06,514 26015  INFO  [78d26d] Doing some complicated stuff.. Random numbers are: 819828353, 618550544, 810789234.
2018-11-13 00:03:06,527 26028  INFO  [f0ed96] Doing some complicated stuff.. Random numbers are: 164902101, 624921904, 1017090438.
2018-11-13 00:03:06,530 26032  INFO  [d5fd55] Started processing user request. Id = d5fd55bc-5f65-4320-b598-648158b040e5. Size = 81.8 KB.
2018-11-13 00:03:06,532 26034  INFO  [d5fd55] Doing some complicated stuff.. Random numbers are: 157007690, 402492948, 956894132.
2018-11-13 00:03:06,563 26064  INFO  [78d26d] Finished processing user request with id = 78d26dfe-953f-4521-948f-1a39fb890901 in 00:00:00.0607177.
2018-11-13 00:03:06,565 26066  INFO  [d5fd55] Finished processing user request with id = d5fd55bc-5f65-4320-b598-648158b040e5 in 00:00:00.0347059.
2018-11-13 00:03:06,572 26073  INFO  [f0ed96] Finished processing user request with id = f0ed966f-2147-4e53-92c2-655a85c43de3 in 00:00:00.0637933.
2018-11-13 00:03:06,576 26077  INFO  [67979b] Started processing user request. Id = 67979b5a-6c36-4972-9358-a50af99c64f1. Size = 43.06 KB.
2018-11-13 00:03:06,580 26082  INFO  [BackgroundDaemon] Starting iteration #15501.
2018-11-13 00:03:06,585 26087  INFO  [67979b] Doing some complicated stuff.. Random numbers are: 47045916, 504278146, 591475408.
2018-11-13 00:03:06,596 26097  INFO  [671431] Started processing user request. Id = 6714310b-4853-4904-ac90-3223e809cf2f. Size = 85.34 KB.
2018-11-13 00:03:06,614 26115  INFO  [671431] Doing some complicated stuff.. Random numbers are: 2061905179, 1806452862, 879768708.
2018-11-13 00:03:06,620 26121  INFO  [67979b] Finished processing user request with id = 67979b5a-6c36-4972-9358-a50af99c64f1 in 00:00:00.0437770.
2018-11-13 00:03:06,633 26134  INFO  [546d87] Started processing user request. Id = 546d8733-b96e-43d0-b8e8-47de8c0f9be4. Size = 49.94 KB.
2018-11-13 00:03:06,641 26142  INFO  [546d87] Doing some complicated stuff.. Random numbers are: 94093485, 1358075622, 1427295035.
2018-11-13 00:03:06,655 26156  INFO  [671431] Finished processing user request with id = 6714310b-4853-4904-ac90-3223e809cf2f in 00:00:00.0590523.
2018-11-13 00:03:06,668 26169  ERROR [546d87] 
System.InvalidOperationException: Oh no! An error occurred!
2018-11-13 00:03:06,680 26181  INFO  [BackgroundDaemon] Processing data (14% completed)..
2018-11-13 00:03:06,681 26183  INFO  [40ca4b] Started processing user request. Id = 40ca4b61-3753-451e-9a81-b33f0554bd36. Size = 29.36 KB.
2018-11-13 00:03:06,687 26188  INFO  [6446af] Started processing user request. Id = 6446af12-7d8a-4096-918c-9dab07003aeb. Size = 10.9 KB.
2018-11-13 00:03:06,690 26191  INFO  [6446af] Doing some complicated stuff.. Random numbers are: 533595867, 335180669, 519198896.
2018-11-13 00:03:06,690 26191  INFO  [6446af] Here's some useful guids:
		ae1691ce-b4ac-4bfc-b8c8-545b965f24f3
2018-11-13 00:03:06,692 26193  INFO  [40ca4b] Doing some complicated stuff.. Random numbers are: 75716361, 287084839, 1512227280.
2018-11-13 00:03:06,704 26205  INFO  [6446af] Finished processing user request with id = 6446af12-7d8a-4096-918c-9dab07003aeb in 00:00:00.0171098.
2018-11-13 00:03:06,718 26219  INFO  [40ca4b] Here's some useful guids:
		bbdb9348-9dd9-4844-995a-47082c83f82e
		38a85f2f-f03e-4245-9796-712465c1cc69
		2106c720-e5e3-4dea-9bf6-a4a54d4ab7e2
		dc6b69e7-e629-44b9-ae27-a2542a013575
		966d74ef-0d46-4d66-811d-61c17cdc0c7f
2018-11-13 00:03:06,736 26237  INFO  [eec5f2] Started processing user request. Id = eec5f244-df26-4bbf-9831-0f9798842317. Size = 68.25 KB.
2018-11-13 00:03:06,740 26241  INFO  [40ca4b] Finished processing user request with id = 40ca4b61-3753-451e-9a81-b33f0554bd36 in 00:00:00.0586878.
2018-11-13 00:03:06,740 26241  INFO  [310881] Started processing user request. Id = 31088128-9483-4636-a4f1-f83c3709bc23. Size = 6.92 KB.
2018-11-13 00:03:06,742 26243  INFO  [310881] Doing some complicated stuff.. Random numbers are: 640188033, 1800389401, 541815989.
2018-11-13 00:03:06,749 26250  INFO  [eec5f2] Doing some complicated stuff.. Random numbers are: 1411171365, 226656872, 1236060592.
2018-11-13 00:03:06,753 26254  INFO  [531202] Started processing user request. Id = 53120291-0de1-42e5-b9cc-ef1a46b669aa. Size = 69.53 KB.
2018-11-13 00:03:06,755 26256  INFO  [BackgroundDaemon] Processing data (39% completed)..
2018-11-13 00:03:06,768 26269  INFO  [531202] Doing some complicated stuff.. Random numbers are: 219085752, 273420904, 1396508797.
2018-11-13 00:03:06,782 26284  INFO  [Metrics] Cpu: 3.24%; Memory: 19.79 GB/31.88 GB; Workers: 4/1024; IOCP: 0/1024
2018-11-13 00:03:06,784 26286  INFO  [531202] Finished processing user request with id = 53120291-0de1-42e5-b9cc-ef1a46b669aa in 00:00:00.0312078.
2018-11-13 00:03:06,792 26293  INFO  [310881] Finished processing user request with id = 31088128-9483-4636-a4f1-f83c3709bc23 in 00:00:00.0521314.
2018-11-13 00:03:06,798 26299  INFO  [035e37] Started processing user request. Id = 035e37dc-d6ab-4bd2-b0d4-513e3503cf32. Size = 65 B.
2018-11-13 00:03:06,807 26308  INFO  [eec5f2] Finished processing user request with id = eec5f244-df26-4bbf-9831-0f9798842317 in 00:00:00.0709060.
2018-11-13 00:03:06,810 26311  INFO  [035e37] Doing some complicated stuff.. Random numbers are: 546999679, 958778001, 2127055544.
2018-11-13 00:03:06,810 26311  INFO  [BackgroundDaemon] Processing data (60% completed)..
2018-11-13 00:03:06,810 26311  INFO  [BackgroundDaemon] Finished iteration in 00:00:00.2297724.
2018-11-13 00:03:06,834 26335  INFO  [035e37] Finished processing user request with id = 035e37dc-d6ab-4bd2-b0d4-513e3503cf32 in 00:00:00.0360320.
2018-11-13 00:03:06,839 26340  INFO  [486c53] Started processing user request. Id = 486c53df-74ee-4565-abf0-675006c1efc3. Size = 49.75 KB.
2018-11-13 00:03:06,844 26345  INFO  [486c53] Doing some complicated stuff.. Random numbers are: 1754657438, 925633034, 60154408.
2018-11-13 00:03:06,847 26348  INFO  [14d9be] Started processing user request. Id = 14d9be2a-c47d-44e0-b225-6358ba51a193. Size = 53.87 KB.
2018-11-13 00:03:06,865 26366  INFO  [14d9be] Doing some complicated stuff.. Random numbers are: 708079683, 1101082977, 1282210296.
2018-11-13 00:03:06,897 26398  ERROR [486c53] 
System.InvalidOperationException: Oh no! An error occurred!
2018-11-13 00:03:06,899 26400  INFO  [14d9be] Here's some useful guids:
		95843934-298b-4394-8a14-8e43fa2b98a6
2018-11-13 00:03:06,917 26418  INFO  [14d9be] Finished processing user request with id = 14d9be2a-c47d-44e0-b225-6358ba51a193 in 00:00:00.0699996.
2018-11-13 00:03:06,928 26429  INFO  [8b87c3] Started processing user request. Id = 8b87c33d-4804-4019-b954-4d4bf0237e16. Size = 36.95 KB.
2018-11-13 00:03:06,930 26431  INFO  [6597ea] Started processing user request. Id = 6597ea64-ede0-4b6e-8b23-4ca081afd2d9. Size = 75.38 KB.
2018-11-13 00:03:06,937 26438  INFO  [6597ea] Doing some complicated stuff.. Random numbers are: 2002227983, 882301236, 1328746648.
2018-11-13 00:03:06,946 26447  INFO  [8b87c3] Doing some complicated stuff.. Random numbers are: 1580280977, 1825471760, 1713894741.
2018-11-13 00:03:06,951 26452  INFO  [6597ea] Finished processing user request with id = 6597ea64-ede0-4b6e-8b23-4ca081afd2d9 in 00:00:00.0209537.
2018-11-13 00:03:06,960 26461  INFO  [88c3fb] Started processing user request. Id = 88c3fbef-4d1b-489c-8f40-6c0bef5aa290. Size = 51.86 KB.
2018-11-13 00:03:06,965 26466  INFO  [d0f124] Started processing user request. Id = d0f1246e-a45a-4406-b4bc-770160c0d852. Size = 29.37 KB.
2018-11-13 00:03:06,972 26473  INFO  [d0f124] Doing some complicated stuff.. Random numbers are: 1289581248, 461980, 1255257283.
2018-11-13 00:03:06,973 26474  INFO  [88c3fb] Doing some complicated stuff.. Random numbers are: 1452773390, 703882622, 1677728260.
2018-11-13 00:03:06,980 26481  INFO  [8b87c3] Finished processing user request with id = 8b87c33d-4804-4019-b954-4d4bf0237e16 in 00:00:00.0520076.
2018-11-13 00:03:06,994 26495  INFO  [d0f124] Finished processing user request with id = d0f1246e-a45a-4406-b4bc-770160c0d852 in 00:00:00.0282641.
2018-11-13 00:03:07,007 26508  INFO  [f4039d] Started processing user request. Id = f4039d04-9c5f-46c8-9e8c-7d8d475b28d2. Size = 8.31 KB.
2018-11-13 00:03:07,007 26508  INFO  [f4039d] Doing some complicated stuff.. Random numbers are: 1615909858, 1707028855, 818999430.
2018-11-13 00:03:07,007 26508  INFO  [f4039d] Here's some useful guids:
		c68ecb5b-5ec7-4a0c-9078-b697f2f989e1
		4861579f-492e-41d3-bfbf-25494edb65e8
		ae64d750-8298-429c-b60c-7a907215d894
		b4bb7f5f-fbb1-4f8d-93ae-ae8e424c70b0
		12d8cdcb-cd7e-4a16-8386-ddff2cc9f130
2018-11-13 00:03:07,009 26510  INFO  [f4039d] Finished processing user request with id = f4039d04-9c5f-46c8-9e8c-7d8d475b28d2 in 00:00:00.0020814.
2018-11-13 00:03:07,010 26511  INFO  [BackgroundDaemon] Starting iteration #15502.
2018-11-13 00:03:07,012 26513  INFO  [26571e] Started processing user request. Id = 26571e2f-a09b-4284-9e7e-313bd3f8c834. Size = 66.49 KB.
2018-11-13 00:03:07,023 26525  INFO  [ffbef6] Started processing user request. Id = ffbef6f1-1112-481e-9150-6fe32d9356fb. Size = 13 KB.
2018-11-13 00:03:07,029 26530  INFO  [ffbef6] Doing some complicated stuff.. Random numbers are: 1828082934, 1375431329, 890317411.
2018-11-13 00:03:07,029 26530  INFO  [26571e] Doing some complicated stuff.. Random numbers are: 147208561, 2060051097, 813296134.
2018-11-13 00:03:07,032 26533  INFO  [88c3fb] Finished processing user request with id = 88c3fbef-4d1b-489c-8f40-6c0bef5aa290 in 00:00:00.0720453.
2018-11-13 00:03:07,047 26548  INFO  [ffbef6] Finished processing user request with id = ffbef6f1-1112-481e-9150-6fe32d9356fb in 00:00:00.0238654.
2018-11-13 00:03:07,051 26552  INFO  [26571e] Finished processing user request with id = 26571e2f-a09b-4284-9e7e-313bd3f8c834 in 00:00:00.0389123.
2018-11-13 00:03:07,061 26562  INFO  [377906] Started processing user request. Id = 37790651-8912-462c-8bbf-079745246f9c. Size = 19.52 KB.
2018-11-13 00:03:07,073 26574  INFO  [377906] Doing some complicated stuff.. Random numbers are: 453212167, 4169939, 542881465.
2018-11-13 00:03:07,082 26583  INFO  [9e3c3c] Started processing user request. Id = 9e3c3cc2-450c-4a1c-8b2f-97eab4da8c11. Size = 20.84 KB.
2018-11-13 00:03:07,082 26583  INFO  [BackgroundDaemon] Processing data (13% completed)..
2018-11-13 00:03:07,098 26599  INFO  [9e3c3c] Doing some complicated stuff.. Random numbers are: 825844587, 298279233, 1814333165.
2018-11-13 00:03:07,120 26621  ERROR [377906] 
System.InvalidOperationException: Oh no! An error occurred!
2018-11-13 00:03:07,121 26623  INFO  [BackgroundDaemon] Processing data (39% completed)..
2018-11-13 00:03:07,126 26627  INFO  [9e3c3c] Finished processing user request with id = 9e3c3cc2-450c-4a1c-8b2f-97eab4da8c11 in 00:00:00.0431201.
2018-11-13 00:03:07,134 26635  INFO  [4d49ee] Started processing user request. Id = 4d49ee8a-f664-4080-aece-5292eba2bb3a. Size = 88.77 KB.
2018-11-13 00:03:07,149 26650  INFO  [4d49ee] Doing some complicated stuff.. Random numbers are: 460158890, 1755020826, 1038394989.
2018-11-13 00:03:07,157 26658  INFO  [300082] Started processing user request. Id = 30008265-072e-4071-9803-de5b639ad50f. Size = 28.86 KB.
2018-11-13 00:03:07,171 26672  INFO  [300082] Doing some complicated stuff.. Random numbers are: 473441459, 367856912, 1487841873.
2018-11-13 00:03:07,176 26677  INFO  [4d49ee] Finished processing user request with id = 4d49ee8a-f664-4080-aece-5292eba2bb3a in 00:00:00.0418457.
2018-11-13 00:03:07,190 26691  INFO  [91f04a] Started processing user request. Id = 91f04a3e-87c5-4d2c-b5d7-c1e7fcaed626. Size = 95.51 KB.
2018-11-13 00:03:07,194 26695  INFO  [300082] Here's some useful guids:
		c99224c8-7238-4201-8b86-ac8b7b68459e
		8eac7a79-5575-48bf-ba33-f8823eefb170
		074ab18e-58d9-43c7-9f34-ef37a491ff39
		ce590ff3-a8a9-4a7f-aa6e-8513e8a02758
2018-11-13 00:03:07,200 26701  INFO  [fa7de7] Started processing user request. Id = fa7de776-0c04-4903-b342-8c3600f6cb1c. Size = 57.69 KB.
2018-11-13 00:03:07,209 26710  INFO  [91f04a] Doing some complicated stuff.. Random numbers are: 1963459889, 204406614, 1741929017.
2018-11-13 00:03:07,213 26714  INFO  [300082] Finished processing user request with id = 30008265-072e-4071-9803-de5b639ad50f in 00:00:00.0556363.
2018-11-13 00:03:07,217 26718  INFO  [BackgroundDaemon] Processing data (59% completed)..
2018-11-13 00:03:07,217 26718  INFO  [BackgroundDaemon] Finished iteration in 00:00:00.2065110.
2018-11-13 00:03:07,219 26720  INFO  [fa7de7] Doing some complicated stuff.. Random numbers are: 16427325, 867194550, 734869429.
2018-11-13 00:03:07,244 26745  INFO  [2ba613] Started processing user request. Id = 2ba61321-dcb6-4da0-b86e-be92e8c2502a. Size = 82.97 KB.
2018-11-13 00:03:07,245 26746  INFO  [91f04a] Finished processing user request with id = 91f04a3e-87c5-4d2c-b5d7-c1e7fcaed626 in 00:00:00.0554785.
2018-11-13 00:03:07,245 26746  INFO  [fa7de7] Finished processing user request with id = fa7de776-0c04-4903-b342-8c3600f6cb1c in 00:00:00.0449556.
2018-11-13 00:03:07,258 26759  INFO  [be49ff] Started processing user request. Id = be49ff9d-56f5-49d6-aff1-0371bc87148c. Size = 43.97 KB.
2018-11-13 00:03:07,260 26761  INFO  [2ba613] Doing some complicated stuff.. Random numbers are: 2014396985, 397185433, 856059753.
2018-11-13 00:03:07,274 26775  INFO  [be49ff] Doing some complicated stuff.. Random numbers are: 399263837, 1376317216, 1900637249.
2018-11-13 00:03:07,282 26783  INFO  [Metrics] Cpu: 1.16%; Memory: 19.79 GB/31.88 GB; Workers: 4/1024; IOCP: 0/1024
2018-11-13 00:03:07,286 26787  INFO  [be49ff] Finished processing user request with id = be49ff9d-56f5-49d6-aff1-0371bc87148c in 00:00:00.0281278.
2018-11-13 00:03:07,300 26801  INFO  [408019] Started processing user request. Id = 408019f9-d024-4ad5-b11c-ffa9eff6d030. Size = 85.74 KB.
2018-11-13 00:03:07,300 26801  INFO  [408019] Doing some complicated stuff.. Random numbers are: 1073028393, 628054992, 878518068.
2018-11-13 00:03:07,304 26805  INFO  [2ba613] Finished processing user request with id = 2ba61321-dcb6-4da0-b86e-be92e8c2502a in 00:00:00.0595154.
2018-11-13 00:03:07,305 26806  INFO  [408019] Here's some useful guids:
		e80bcfec-c5fb-4f86-8cf4-138083616969
		96f07177-3060-416a-a734-08c58ef8fe37
		e026b26e-e5e8-4f63-a47b-09790d31a5f8
		f7612e1e-6253-4d53-be1f-af8558f056e7
		d6d90219-7c59-45b1-ab27-ca4d943af927
2018-11-13 00:03:07,315 26816  ERROR [408019] 
System.InvalidOperationException: Oh no! An error occurred!
2018-11-13 00:03:07,329 26830  INFO  [bfae68] Started processing user request. Id = bfae6841-50a2-4275-b413-f2497dab253b. Size = 30.94 KB.
2018-11-13 00:03:07,335 26836  INFO  [688a5a] Started processing user request. Id = 688a5acf-d538-4bd5-b7d6-90a75d25d4c6. Size = 53.75 KB.
2018-11-13 00:03:07,345 26846  INFO  [bfae68] Doing some complicated stuff.. Random numbers are: 1330616554, 1536184614, 1808284912.
2018-11-13 00:03:07,353 26854  INFO  [688a5a] Doing some complicated stuff.. Random numbers are: 1747093635, 1387226455, 665674912.
2018-11-13 00:03:07,370 26871  INFO  [688a5a] Here's some useful guids:
		41adb194-2726-43d6-8f6b-01605de49209
		afc7e1ef-a35f-47cd-8e8f-03c9d206e5c3
		ee6321d1-eb48-437c-beb4-9ae1efba49be
		e2be911e-1e4c-4e0a-a88d-5b34a76943be
2018-11-13 00:03:07,381 26882  INFO  [bfae68] Finished processing user request with id = bfae6841-50a2-4275-b413-f2497dab253b in 00:00:00.0520695.
2018-11-13 00:03:07,388 26889  INFO  [688a5a] Finished processing user request with id = 688a5acf-d538-4bd5-b7d6-90a75d25d4c6 in 00:00:00.0531475.
2018-11-13 00:03:07,395 26896  INFO  [008dc1] Started processing user request. Id = 008dc147-7f4d-4f14-8b0e-2f344bf5fcae. Size = 10.18 KB.
2018-11-13 00:03:07,412 26913  INFO  [008dc1] Doing some complicated stuff.. Random numbers are: 57533557, 449159671, 551544181.
2018-11-13 00:03:07,413 26914  INFO  [c957b6] Started processing user request. Id = c957b6ca-a8c5-4001-987f-5ba6bb67fd9f. Size = 83.21 KB.
2018-11-13 00:03:07,418 26919  INFO  [BackgroundDaemon] Starting iteration #15503.
2018-11-13 00:03:07,420 26921  INFO  [c957b6] Doing some complicated stuff.. Random numbers are: 1066782061, 1695140817, 17607987.
2018-11-13 00:03:07,420 26921  INFO  [584686] Started processing user request. Id = 584686ea-531e-4df9-9aff-365ddeddb357. Size = 905 B.
2018-11-13 00:03:07,423 26924  INFO  [584686] Doing some complicated stuff.. Random numbers are: 482855642, 1561152854, 642061260.
2018-11-13 00:03:07,431 26932  INFO  [008dc1] Finished processing user request with id = 008dc147-7f4d-4f14-8b0e-2f344bf5fcae in 00:00:00.0358455.
2018-11-13 00:03:07,444 26945  INFO  [082df9] Started processing user request. Id = 082df90c-979e-413c-aeb6-b7d4385c1d28. Size = 25.87 KB.
2018-11-13 00:03:07,445 26946  INFO  [c957b6] Here's some useful guids:
		1530d0e6-aed5-420c-a457-1ca4cbf73662
		e1e65a02-77c2-4b66-a363-07f3df30894a
		5c69e41b-cf27-4c05-bbb7-4a41b2abef51
		56241571-e99f-4f5e-a889-0d7c50067d12
		3a98de08-38fa-4bd4-a25a-97404a8ccf5e
2018-11-13 00:03:07,448 26949  INFO  [584686] Here's some useful guids:
		9b6afdec-74a7-4e4c-9f54-ef677209b379
		98ecfb4f-6cd3-4912-bca5-14da0e8cc1ab
		55d8614f-d973-45bb-89df-543113bcca1b
2018-11-13 00:03:07,451 26952  INFO  [BackgroundDaemon] Processing data (5% completed)..
2018-11-13 00:03:07,452 26953  INFO  [c957b6] Finished processing user request with id = c957b6ca-a8c5-4001-987f-5ba6bb67fd9f in 00:00:00.0392287.
2018-11-13 00:03:07,461 26962  INFO  [082df9] Doing some complicated stuff.. Random numbers are: 50947778, 226992841, 691770118.
2018-11-13 00:03:07,464 26965  INFO  [584686] Finished processing user request with id = 584686ea-531e-4df9-9aff-365ddeddb357 in 00:00:00.0443345.
2018-11-13 00:03:07,494 26995  INFO  [082df9] Here's some useful guids:
		0031f6fb-6227-4fb0-acc4-0389a5a43a68
		761492d8-8ceb-4d0c-872d-f9e26da9be9b
		6aa1053d-9b3c-40c3-b6a7-177ad9ac55e1
2018-11-13 00:03:07,496 26997  INFO  [ecae13] Started processing user request. Id = ecae13a7-c844-4623-baca-fb8a646781f0. Size = 50.75 KB.
2018-11-13 00:03:07,496 26997  INFO  [082df9] Finished processing user request with id = 082df90c-979e-413c-aeb6-b7d4385c1d28 in 00:00:00.0521695.
2018-11-13 00:03:07,510 27011  INFO  [502f0a] Started processing user request. Id = 502f0a15-7c11-4c8f-bfda-c4a8e75dfc5c. Size = 56.77 KB.
2018-11-13 00:03:07,510 27011  INFO  [ecae13] Doing some complicated stuff.. Random numbers are: 1478220050, 787551029, 984481193.
2018-11-13 00:03:07,514 27015  INFO  [BackgroundDaemon] Processing data (27% completed)..
2018-11-13 00:03:07,525 27026  INFO  [502f0a] Doing some complicated stuff.. Random numbers are: 1563177588, 1950096652, 1886097433.
2018-11-13 00:03:07,552 27053  INFO  [ecae13] Finished processing user request with id = ecae13a7-c844-4623-baca-fb8a646781f0 in 00:00:00.0562430.
2018-11-13 00:03:07,569 27070  INFO  [502f0a] Finished processing user request with id = 502f0a15-7c11-4c8f-bfda-c4a8e75dfc5c in 00:00:00.0591673.
2018-11-13 00:03:07,581 27082  INFO  [BackgroundDaemon] Processing data (56% completed)..
2018-11-13 00:03:07,581 27082  INFO  [BackgroundDaemon] Finished iteration in 00:00:00.1634275.
2018-11-13 00:03:07,583 27084  INFO  [d28f98] Started processing user request. Id = d28f982f-9c7d-4d75-83d9-945bace313e7. Size = 3.7 KB.
2018-11-13 00:03:07,584 27085  INFO  [317041] Started processing user request. Id = 317041c3-d98c-4c28-9e14-4feeee35fa7d. Size = 96.76 KB.
2018-11-13 00:03:07,588 27089  INFO  [317041] Doing some complicated stuff.. Random numbers are: 2056180915, 866800471, 971828655.
2018-11-13 00:03:07,590 27091  INFO  [d28f98] Doing some complicated stuff.. Random numbers are: 1791467238, 340859713, 150812859.
2018-11-13 00:03:07,612 27113  INFO  [d28f98] Here's some useful guids:
		c22ed590-f989-4aa7-bccd-3eb2c3c9dd28
		58cb3cad-672f-44fe-aedc-6b949bc7184e
		821d1b51-917c-4820-8df6-c662078cc579
2018-11-13 00:03:07,619 27120  INFO  [868075] Started processing user request. Id = 868075a2-65f8-42ca-8cc8-eeca65fea28b. Size = 67.27 KB.
2018-11-13 00:03:07,623 27124  INFO  [317041] Finished processing user request with id = 317041c3-d98c-4c28-9e14-4feeee35fa7d in 00:00:00.0390507.
2018-11-13 00:03:07,632 27133  INFO  [868075] Doing some complicated stuff.. Random numbers are: 88926830, 591248307, 1976880749.
2018-11-13 00:03:07,638 27139  INFO  [d28f98] Finished processing user request with id = d28f982f-9c7d-4d75-83d9-945bace313e7 in 00:00:00.0550404.
2018-11-13 00:03:07,639 27140  INFO  [868075] Here's some useful guids:
		e57ee88a-3341-4020-879c-673716b9cc64
		4309116f-67cb-4286-aa31-f79b68b763ab
		6f5e7456-5efb-49c7-b4d4-2c7ca9608514
		da3f4492-3de0-4a04-9b12-59fe691ac4f6
		4de40f64-b6eb-4560-9b8e-931845616de2
2018-11-13 00:03:07,641 27142  INFO  [868075] Finished processing user request with id = 868075a2-65f8-42ca-8cc8-eeca65fea28b in 00:00:00.0219223.
2018-11-13 00:03:07,652 27153  INFO  [e3aa1e] Started processing user request. Id = e3aa1e5d-effe-4098-a783-9144dcaa12c0. Size = 23.83 KB.
2018-11-13 00:03:07,655 27156  INFO  [489b80] Started processing user request. Id = 489b8047-64a8-41d3-b0a9-9ba70ec00b61. Size = 89.36 KB.
2018-11-13 00:03:07,670 27171  INFO  [489b80] Doing some complicated stuff.. Random numbers are: 765099329, 1910171004, 1525099717.
2018-11-13 00:03:07,670 27171  INFO  [e3aa1e] Doing some complicated stuff.. Random numbers are: 1900172038, 2124493985, 1298794561.
2018-11-13 00:03:07,693 27194  INFO  [489b80] Finished processing user request with id = 489b8047-64a8-41d3-b0a9-9ba70ec00b61 in 00:00:00.0383575.
2018-11-13 00:03:07,695 27196  INFO  [e3aa1e] Here's some useful guids:
		801c3f6a-146b-4d35-8c51-470294bebc81
		2f1d942f-af8e-45e6-a688-688403c74bdd
		3b857a8e-4d9a-497f-82c4-580d467ea2b0
		c8822a7e-fd66-4f39-8590-c93e2286c564
		d739ccfd-f7d2-4006-b117-0f2fccf1be45
2018-11-13 00:03:07,701 27202  INFO  [e3aa1e] Finished processing user request with id = e3aa1e5d-effe-4098-a783-9144dcaa12c0 in 00:00:00.0492898.
2018-11-13 00:03:07,714 27215  INFO  [462586] Started processing user request. Id = 462586b5-13bc-4f3a-9ba1-d9011dc23746. Size = 78.16 KB.
2018-11-13 00:03:07,725 27226  INFO  [fc5846] Started processing user request. Id = fc5846bd-da8a-4093-976e-105f94099267. Size = 10.75 KB.
2018-11-13 00:03:07,728 27229  INFO  [462586] Doing some complicated stuff.. Random numbers are: 670743291, 1618583585, 98022736.
2018-11-13 00:03:07,738 27239  INFO  [fc5846] Doing some complicated stuff.. Random numbers are: 1199120640, 1930817193, 941599543.
2018-11-13 00:03:07,750 27251  INFO  [462586] Here's some useful guids:
		c72e287c-e6fd-416a-828b-a09388efed76
		93769cec-9310-4d0b-b651-a11c4c080ef0
2018-11-13 00:03:07,753 27254  INFO  [fc5846] Here's some useful guids:
		f482c6f6-89b0-42c4-a7fe-ef42faa13cc6
		d8d441d2-c16d-4e63-9212-2a41969f4c43
		25910070-0d64-4c83-9064-448b7b14abf5
		67c89c58-3010-4594-b3a9-b091fedaaf8d
2018-11-13 00:03:07,777 27278  INFO  [462586] Finished processing user request with id = 462586b5-13bc-4f3a-9ba1-d9011dc23746 in 00:00:00.0630575.
2018-11-13 00:03:07,778 27279  INFO  [fc5846] Finished processing user request with id = fc5846bd-da8a-4093-976e-105f94099267 in 00:00:00.0531894.
2018-11-13 00:03:07,781 27282  INFO  [BackgroundDaemon] Starting iteration #15504.
2018-11-13 00:03:07,782 27283  INFO  [Metrics] Cpu: 1.16%; Memory: 19.79 GB/31.88 GB; Workers: 4/1024; IOCP: 0/1024
2018-11-13 00:03:07,791 27292  INFO  [cc72fb] Started processing user request. Id = cc72fb92-a197-4acc-8fe3-463efd503855. Size = 39.05 KB.
2018-11-13 00:03:07,802 27304  INFO  [cc72fb] Doing some complicated stuff.. Random numbers are: 2103779326, 1494310899, 215124336.
2018-11-13 00:03:07,808 27309  INFO  [13d682] Started processing user request. Id = 13d68295-e007-4040-830d-94067fc44400. Size = 15.08 KB.
2018-11-13 00:03:07,810 27311  INFO  [92adf5] Started processing user request. Id = 92adf51d-9e5b-4ed9-83f9-17e85e72bc73. Size = 43.85 KB.
2018-11-13 00:03:07,813 27314  INFO  [13d682] Doing some complicated stuff.. Random numbers are: 1604741582, 1318055598, 833685040.
2018-11-13 00:03:07,814 27315  INFO  [92adf5] Doing some complicated stuff.. Random numbers are: 939080478, 1473106764, 133557756.
2018-11-13 00:03:07,819 27320  INFO  [cc72fb] Here's some useful guids:
		1fce03ad-e220-431f-9a92-0cdac806e288
		67f0e958-f297-47eb-8aca-1709c6c1b91a
		77c278b8-17c0-4fb7-83d1-744868f38a8b
		4de29678-df67-4817-9ff0-3cea4cef2847
2018-11-13 00:03:07,819 27320  INFO  [92adf5] Finished processing user request with id = 92adf51d-9e5b-4ed9-83f9-17e85e72bc73 in 00:00:00.0090962.
2018-11-13 00:03:07,828 27329  INFO  [BackgroundDaemon] Processing data (13% completed)..
2018-11-13 00:03:07,848 27349  INFO  [cc72fb] Finished processing user request with id = cc72fb92-a197-4acc-8fe3-463efd503855 in 00:00:00.0566662.
2018-11-13 00:03:07,850 27352  INFO  [dc1d53] Started processing user request. Id = dc1d53a1-42d7-45b7-8130-01a391579053. Size = 73.44 KB.
2018-11-13 00:03:07,861 27362  INFO  [82329d] Started processing user request. Id = 82329d06-f517-437d-b66a-f5e0c86e02db. Size = 25.95 KB.
2018-11-13 00:03:07,865 27366  INFO  [82329d] Doing some complicated stuff.. Random numbers are: 439543100, 1494726767, 1739749475.
2018-11-13 00:03:07,866 27367  INFO  [dc1d53] Doing some complicated stuff.. Random numbers are: 437002613, 1689583013, 313751782.
2018-11-13 00:03:07,870 27371  INFO  [13d682] Finished processing user request with id = 13d68295-e007-4040-830d-94067fc44400 in 00:00:00.0621358.
2018-11-13 00:03:07,885 27386  INFO  [BackgroundDaemon] Processing data (48% completed)..
2018-11-13 00:03:07,907 27408  INFO  [dc1d53] Finished processing user request with id = dc1d53a1-42d7-45b7-8130-01a391579053 in 00:00:00.0561738.
2018-11-13 00:03:07,918 27419  INFO  [82329d] Finished processing user request with id = 82329d06-f517-437d-b66a-f5e0c86e02db in 00:00:00.0570917.
2018-11-13 00:03:07,932 27433  INFO  [263bbe] Started processing user request. Id = 263bbe05-9561-4930-91f4-6f9405f775d1. Size = 26.37 KB.
2018-11-13 00:03:07,938 27439  INFO  [fd71fb] Started processing user request. Id = fd71fb17-fbc0-41b6-99b8-a32b65506549. Size = 61.6 KB.
2018-11-13 00:03:07,941 27442  INFO  [263bbe] Doing some complicated stuff.. Random numbers are: 1832976093, 1012008372, 1979135082.
2018-11-13 00:03:07,943 27444  INFO  [263bbe] Here's some useful guids:
		d875bbba-99e4-4e6b-a2ac-2d72a14fbcd4
2018-11-13 00:03:07,946 27447  INFO  [263bbe] Finished processing user request with id = 263bbe05-9561-4930-91f4-6f9405f775d1 in 00:00:00.0140161.
2018-11-13 00:03:07,957 27458  INFO  [fd71fb] Doing some complicated stuff.. Random numbers are: 505903000, 1586878748, 609236137.
2018-11-13 00:03:07,959 27460  INFO  [a4fc92] Started processing user request. Id = a4fc925e-2147-4ec5-a8fa-f8e673fc3b38. Size = 51.86 KB.
2018-11-13 00:03:07,959 27460  INFO  [BackgroundDaemon] Processing data (57% completed)..
2018-11-13 00:03:07,959 27460  INFO  [BackgroundDaemon] Finished iteration in 00:00:00.1774410.
2018-11-13 00:03:07,963 27464  INFO  [a4fc92] Doing some complicated stuff.. Random numbers are: 1464272091, 1432099889, 1499648905.
2018-11-13 00:03:07,986 27488  INFO  [fd71fb] Finished processing user request with id = fd71fb17-fbc0-41b6-99b8-a32b65506549 in 00:00:00.0487957.
2018-11-13 00:03:08,009 27510  INFO  [a4fc92] Finished processing user request with id = a4fc925e-2147-4ec5-a8fa-f8e673fc3b38 in 00:00:00.0504631.
2018-11-13 00:03:08,018 27519  INFO  [678ac3] Started processing user request. Id = 678ac3dc-5a5c-48b6-be72-bf891297c4ed. Size = 8.52 KB.
2018-11-13 00:03:08,023 27524  INFO  [e137ee] Started processing user request. Id = e137ee38-887c-4093-8d45-885878d4e1d6. Size = 87.26 KB.
2018-11-13 00:03:08,026 27527  INFO  [e137ee] Doing some complicated stuff.. Random numbers are: 450996209, 1598586941, 9150103.
2018-11-13 00:03:08,033 27534  INFO  [678ac3] Doing some complicated stuff.. Random numbers are: 1237455046, 740255229, 1711614522.
2018-11-13 00:03:08,037 27539  INFO  [c2cdb6] Started processing user request. Id = c2cdb624-897b-4eab-9db9-b7f6ad4b85d0. Size = 72.89 KB.
2018-11-13 00:03:08,041 27542  INFO  [c2cdb6] Doing some complicated stuff.. Random numbers are: 2069241740, 1183351593, 1278370619.
2018-11-13 00:03:08,045 27546  INFO  [c2cdb6] Here's some useful guids:
		be2be89b-5e54-4f7d-8c2b-015cdba0df6a
		68a00b95-ddd2-4c0b-84bc-2f0f133bf4f7
2018-11-13 00:03:08,052 27553  INFO  [e137ee] Here's some useful guids:
		7efbcf3f-5dc1-485e-9065-46288ba1d282
		a960aa5b-939f-4930-b49f-31be8471b198
		c7b9557a-9c1c-4c0b-9129-99a228679200
2018-11-13 00:03:08,059 27560  INFO  [678ac3] Here's some useful guids:
		77f57106-7f2c-45b2-93dc-c6e429b6c5e8
2018-11-13 00:03:08,065 27566  INFO  [e137ee] Finished processing user request with id = e137ee38-887c-4093-8d45-885878d4e1d6 in 00:00:00.0425571.
2018-11-13 00:03:08,068 27569  INFO  [c2cdb6] Finished processing user request with id = c2cdb624-897b-4eab-9db9-b7f6ad4b85d0 in 00:00:00.0307298.
2018-11-13 00:03:08,079 27580  INFO  [e4976e] Started processing user request. Id = e4976e95-ae96-42f9-bf90-8c5aca55d89e. Size = 92.61 KB.
2018-11-13 00:03:08,085 27586  INFO  [678ac3] Finished processing user request with id = 678ac3dc-5a5c-48b6-be72-bf891297c4ed in 00:00:00.0670140.
2018-11-13 00:03:08,086 27587  INFO  [e4976e] Doing some complicated stuff.. Random numbers are: 1821493336, 1221868170, 542688216.
2018-11-13 00:03:08,117 27618  INFO  [ba0a03] Started processing user request. Id = ba0a03f9-5f7f-4e69-904d-e5d323cd6c11. Size = 6.69 KB.
2018-11-13 00:03:08,122 27623  INFO  [ba0a03] Doing some complicated stuff.. Random numbers are: 1790770074, 277910307, 845929569.
2018-11-13 00:03:08,127 27628  INFO  [e4976e] Finished processing user request with id = e4976e95-ae96-42f9-bf90-8c5aca55d89e in 00:00:00.0482133.
2018-11-13 00:03:08,140 27641  INFO  [f83e12] Started processing user request. Id = f83e1294-5588-4bb4-bd84-d072d7dee0e2. Size = 5.7 KB.
2018-11-13 00:03:08,145 27646  INFO  [ba0a03] Here's some useful guids:
		a2840e12-301f-45c0-af14-aa946579e80b
		eb5e9b2e-96fb-4f84-8215-d3b26cb64ea9
		e6c3fce0-c132-4100-b0be-646e3383e0d8
		57e2be42-b710-45fb-bd59-b43b9392995f
		dba9af66-f874-4c5c-9657-1679fbd508a6
2018-11-13 00:03:08,154 27655  INFO  [f83e12] Doing some complicated stuff.. Random numbers are: 1559744782, 831219906, 749284453.
2018-11-13 00:03:08,159 27660  INFO  [BackgroundDaemon] Starting iteration #15505.
2018-11-13 00:03:08,172 27673  INFO  [ba0a03] Finished processing user request with id = ba0a03f9-5f7f-4e69-904d-e5d323cd6c11 in 00:00:00.0554741.
2018-11-13 00:03:08,177 27678  INFO  [f83e12] Here's some useful guids:
		eae8c982-5674-4dca-a8b7-858024de9007
		3be33e68-bc05-428c-b2d8-80de18b7db84
2018-11-13 00:03:08,194 27696  INFO  [f83e12] Finished processing user request with id = f83e1294-5588-4bb4-bd84-d072d7dee0e2 in 00:00:00.0544360.
2018-11-13 00:03:08,203 27704  INFO  [c5d0e4] Started processing user request. Id = c5d0e45d-7d7f-43cb-b051-6357791be00b. Size = 40.46 KB.
2018-11-13 00:03:08,208 27709  INFO  [cca0ee] Started processing user request. Id = cca0eef0-e32a-4413-b3e6-1edfa3f4cbd9. Size = 49.7 KB.
2018-11-13 00:03:08,211 27712  INFO  [c5d0e4] Doing some complicated stuff.. Random numbers are: 1776541600, 1351348321, 630873284.
2018-11-13 00:03:08,213 27714  INFO  [cca0ee] Doing some complicated stuff.. Random numbers are: 307891213, 1681227285, 1083730771.
2018-11-13 00:03:08,235 27736  INFO  [c27aba] Started processing user request. Id = c27abaf4-f411-4bc9-bfe2-5394a9a47681. Size = 3.09 KB.
2018-11-13 00:03:08,239 27740  INFO  [BackgroundDaemon] Processing data (4% completed)..
2018-11-13 00:03:08,242 27743  INFO  [c5d0e4] Finished processing user request with id = c5d0e45d-7d7f-43cb-b051-6357791be00b in 00:00:00.0391223.
2018-11-13 00:03:08,250 27751  INFO  [cca0ee] Finished processing user request with id = cca0eef0-e32a-4413-b3e6-1edfa3f4cbd9 in 00:00:00.0421462.
2018-11-13 00:03:08,254 27755  INFO  [c27aba] Doing some complicated stuff.. Random numbers are: 2101984739, 1303099905, 1075471047.
2018-11-13 00:03:08,263 27765  INFO  [94a590] Started processing user request. Id = 94a59074-4f6f-4447-b056-5e7707886b33. Size = 83.35 KB.
2018-11-13 00:03:08,274 27775  INFO  [786e5e] Started processing user request. Id = 786e5e01-6aab-46fb-a5b0-ab9b8fc22e05. Size = 88.71 KB.
2018-11-13 00:03:08,277 27778  INFO  [c27aba] Finished processing user request with id = c27abaf4-f411-4bc9-bfe2-5394a9a47681 in 00:00:00.0419985.
2018-11-13 00:03:08,278 27779  INFO  [786e5e] Doing some complicated stuff.. Random numbers are: 138066958, 916708693, 16490979.
2018-11-13 00:03:08,280 27781  INFO  [94a590] Doing some complicated stuff.. Random numbers are: 1575349232, 1020534588, 1964333463.
2018-11-13 00:03:08,282 27783  INFO  [Metrics] Cpu: 0.57%; Memory: 19.79 GB/31.88 GB; Workers: 4/1024; IOCP: 0/1024
2018-11-13 00:03:08,296 27797  INFO  [94a590] Here's some useful guids:
		99567452-c2c5-4eea-8e5c-cbdf4e7861f9
		583d609a-1d35-47ab-b805-5bae3eb36668
		0697200c-6b2f-4f5c-9187-f8d01e972a6c
		f36f471b-2e42-4881-b144-e6a2da9954ed
		62782422-4edf-4fbe-8063-70a330dd18ff
2018-11-13 00:03:08,297 27798  INFO  [786e5e] Here's some useful guids:
		7d7b4c12-9c72-4e2d-b0ca-59c66bcddf19
		1bdd8574-87ca-4e44-9ee1-ce1a4ce4dd3c
		9fe91b2d-3181-4e0c-a706-5f210f29b4e3
2018-11-13 00:03:08,310 27811  ERROR [786e5e] 
System.InvalidOperationException: Oh no! An error occurred!
2018-11-13 00:03:08,317 27818  INFO  [94a590] Finished processing user request with id = 94a59074-4f6f-4447-b056-5e7707886b33 in 00:00:00.0539287.
2018-11-13 00:03:08,325 27826  INFO  [BackgroundDaemon] Processing data (30% completed)..
2018-11-13 00:03:08,331 27832  INFO  [a5cd2c] Started processing user request. Id = a5cd2c17-989b-4322-a79e-a679f955349a. Size = 42.12 KB.
2018-11-13 00:03:08,331 27832  INFO  [a5cd2c] Doing some complicated stuff.. Random numbers are: 2109430541, 1914510188, 1206757037.
2018-11-13 00:03:08,341 27842  INFO  [a2ada5] Started processing user request. Id = a2ada56f-d02b-47f8-b598-ba6dfdc7bb01. Size = 53.51 KB.
2018-11-13 00:03:08,351 27852  INFO  [a2ada5] Doing some complicated stuff.. Random numbers are: 241497730, 1340407821, 296371874.
2018-11-13 00:03:08,373 27874  INFO  [a5cd2c] Finished processing user request with id = a5cd2c17-989b-4322-a79e-a679f955349a in 00:00:00.0420568.
2018-11-13 00:03:08,379 27880  INFO  [a2ada5] Here's some useful guids:
		ad27bb81-201a-455b-8dcd-1e3b4534f969
		7f974dc7-bf91-4a1e-af5b-06265602ec36
		83a4b8d3-e32f-4765-8462-8f2d18dd0e9f
		85dfa1cd-9bfb-40cc-b12e-66fbf816fd8a
2018-11-13 00:03:08,386 27888  INFO  [58266f] Started processing user request. Id = 58266fe9-d436-473b-b5e3-1682a22f7d5c. Size = 84.51 KB.
2018-11-13 00:03:08,390 27891  INFO  [58266f] Doing some complicated stuff.. Random numbers are: 1243710091, 652754454, 1300147510.
2018-11-13 00:03:08,390 27892  INFO  [BackgroundDaemon] Processing data (56% completed)..
2018-11-13 00:03:08,390 27892  INFO  [BackgroundDaemon] Finished iteration in 00:00:00.2316020.
2018-11-13 00:03:08,405 27906  INFO  [a2ada5] Finished processing user request with id = a2ada56f-d02b-47f8-b598-ba6dfdc7bb01 in 00:00:00.0636860.
2018-11-13 00:03:08,436 27937  INFO  [56c1d0] Started processing user request. Id = 56c1d0e1-835f-4a48-b8b4-9824ce9cfff6. Size = 15.97 KB.
2018-11-13 00:03:08,440 27941  INFO  [58266f] Finished processing user request with id = 58266fe9-d436-473b-b5e3-1682a22f7d5c in 00:00:00.0533088.
2018-11-13 00:03:08,444 27945  INFO  [2cafd8] Started processing user request. Id = 2cafd81c-5982-46dc-93b5-071e14ff4e59. Size = 8.55 KB.
2018-11-13 00:03:08,449 27950  INFO  [2cafd8] Doing some complicated stuff.. Random numbers are: 412127062, 414760894, 1753122590.
2018-11-13 00:03:08,453 27954  INFO  [bcd30c] Started processing user request. Id = bcd30c7b-f3a1-4ce3-98ad-6794b608e9df. Size = 51.11 KB.
2018-11-13 00:03:08,453 27954  INFO  [56c1d0] Doing some complicated stuff.. Random numbers are: 867562581, 1536897263, 1681579998.
2018-11-13 00:03:08,459 27960  INFO  [bcd30c] Doing some complicated stuff.. Random numbers are: 1417858981, 678160563, 1265809838.
2018-11-13 00:03:08,466 27967  INFO  [2cafd8] Here's some useful guids:
		e54876b3-d758-4ccd-a425-5a3afad36054
		0f0f03ba-8fef-4407-a0e6-38fb4917f89d
		990a718e-5d48-4fd8-82e2-0156bbe34a4f
2018-11-13 00:03:08,470 27971  INFO  [bcd30c] Finished processing user request with id = bcd30c7b-f3a1-4ce3-98ad-6794b608e9df in 00:00:00.0173949.
2018-11-13 00:03:08,483 27984  INFO  [2cafd8] Finished processing user request with id = 2cafd81c-5982-46dc-93b5-071e14ff4e59 in 00:00:00.0389736.
2018-11-13 00:03:08,483 27984  INFO  [43dfea] Started processing user request. Id = 43dfeaab-1c12-48ce-aaef-718e3bd22dff. Size = 18.51 KB.
2018-11-13 00:03:08,499 28000  INFO  [43dfea] Doing some complicated stuff.. Random numbers are: 2087000796, 455234910, 1672781958.
2018-11-13 00:03:08,506 28007  ERROR [56c1d0] 
System.InvalidOperationException: Oh no! An error occurred!
2018-11-13 00:03:08,534 28035  INFO  [43dfea] Finished processing user request with id = 43dfeaab-1c12-48ce-aaef-718e3bd22dff in 00:00:00.0509807.
2018-11-13 00:03:08,538 28039  INFO  [8e11a5] Started processing user request. Id = 8e11a5a0-483c-41bb-a455-f860ed2f3135. Size = 5 KB.
2018-11-13 00:03:08,548 28049  INFO  [043604] Started processing user request. Id = 0436049a-d429-4000-a4e1-cf6a1419f13b. Size = 51.43 KB.
2018-11-13 00:03:08,554 28055  INFO  [8e11a5] Doing some complicated stuff.. Random numbers are: 1643282287, 662867954, 699590194.
2018-11-13 00:03:08,556 28057  INFO  [043604] Doing some complicated stuff.. Random numbers are: 1248617823, 1893755611, 2103430486.
2018-11-13 00:03:08,586 28087  INFO  [043604] Here's some useful guids:
		b0657c2f-bee9-4b70-8303-31806c266ed9
2018-11-13 00:03:08,591 28092  INFO  [BackgroundDaemon] Starting iteration #15506.
2018-11-13 00:03:08,592 28093  INFO  [8e11a5] Here's some useful guids:
		cdf0e504-22f3-4c8b-beb3-f286240669f4
2018-11-13 00:03:08,602 28103  INFO  [043604] Finished processing user request with id = 0436049a-d429-4000-a4e1-cf6a1419f13b in 00:00:00.0536577.
2018-11-13 00:03:08,616 28117  INFO  [76673b] Started processing user request. Id = 76673bcb-9563-4285-a37d-ab5986629eff. Size = 49.65 KB.
2018-11-13 00:03:08,618 28119  INFO  [76673b] Doing some complicated stuff.. Random numbers are: 1054772518, 2065697920, 127013055.
2018-11-13 00:03:08,619 28120  INFO  [8e11a5] Finished processing user request with id = 8e11a5a0-483c-41bb-a455-f860ed2f3135 in 00:00:00.0808108.
2018-11-13 00:03:08,631 28132  INFO  [76673b] Here's some useful guids:
		5023f255-548c-4f11-a072-cdacf5a0383e
		38b44868-cf0a-4717-98a1-cc8193a84305
2018-11-13 00:03:08,650 28151  INFO  [de2c78] Started processing user request. Id = de2c78ff-b766-4567-881b-23c21f0a45da. Size = 62.37 KB.
2018-11-13 00:03:08,651 28152  INFO  [d8bd8a] Started processing user request. Id = d8bd8a79-74b3-4e9c-8933-971e3f693262. Size = 39.37 KB.
2018-11-13 00:03:08,651 28152  INFO  [d8bd8a] Doing some complicated stuff.. Random numbers are: 189626350, 1635108948, 291590906.
2018-11-13 00:03:08,652 28153  INFO  [de2c78] Doing some complicated stuff.. Random numbers are: 216840877, 49289626, 1874589968.
2018-11-13 00:03:08,659 28160  INFO  [76673b] Finished processing user request with id = 76673bcb-9563-4285-a37d-ab5986629eff in 00:00:00.0432324.
2018-11-13 00:03:08,666 28168  INFO  [de2c78] Here's some useful guids:
		038c1656-958a-4255-b276-47f205baee90
		85420295-6ae7-4366-95de-fc03e8efaad6
2018-11-13 00:03:08,667 28169  INFO  [BackgroundDaemon] Processing data (4% completed)..
2018-11-13 00:03:08,673 28174  INFO  [24fe5f] Started processing user request. Id = 24fe5f96-35fa-492d-a9fb-b49a24539277. Size = 42.14 KB.
2018-11-13 00:03:08,691 28192  INFO  [de2c78] Finished processing user request with id = de2c78ff-b766-4567-881b-23c21f0a45da in 00:00:00.0410988.
2018-11-13 00:03:08,692 28193  INFO  [d8bd8a] Finished processing user request with id = d8bd8a79-74b3-4e9c-8933-971e3f693262 in 00:00:00.0410395.
2018-11-13 00:03:08,692 28193  INFO  [24fe5f] Doing some complicated stuff.. Random numbers are: 421962774, 573388071, 1238176662.
2018-11-13 00:03:08,706 28207  INFO  [24fe5f] Here's some useful guids:
		c9911fe3-f76f-4ed2-99ce-e02975fb238b
		2c1ac6b5-cb3d-4080-9b1f-f5b5a2162187
		b53a4918-e636-42f9-88a5-1621be8cbcb5
		67361f77-13e1-4b09-a040-de0b687cb3b2
		0d8c40ed-1944-4f07-88cd-4b81db4d95c0
2018-11-13 00:03:08,723 28224  INFO  [82eb0c] Started processing user request. Id = 82eb0cf9-1c3b-46ae-9618-0accbed629f4. Size = 92.79 KB.
2018-11-13 00:03:08,725 28226  INFO  [24fe5f] Finished processing user request with id = 24fe5f96-35fa-492d-a9fb-b49a24539277 in 00:00:00.0528519.
2018-11-13 00:03:08,739 28240  INFO  [82eb0c] Doing some complicated stuff.. Random numbers are: 502695908, 107802685, 305622039.
2018-11-13 00:03:08,739 28240  INFO  [0ce6a4] Started processing user request. Id = 0ce6a446-5d05-42bb-943c-84b425427dae. Size = 81.87 KB.
2018-11-13 00:03:08,748 28249  INFO  [BackgroundDaemon] Processing data (46% completed)..
2018-11-13 00:03:08,751 28252  INFO  [0ce6a4] Doing some complicated stuff.. Random numbers are: 970609398, 923662606, 920688242.
2018-11-13 00:03:08,760 28262  INFO  [82eb0c] Here's some useful guids:
		3a2d8a2b-1dd3-4d25-8cda-051c8967dcec
		7345a2fb-d152-4862-bfb4-1f4648d4aec5
		282e58bd-9a65-49fa-a53e-2deb2b15bd43
		e1a7e384-4044-4327-b84b-0f6512cc336a
2018-11-13 00:03:08,771 28272  INFO  [82eb0c] Finished processing user request with id = 82eb0cf9-1c3b-46ae-9618-0accbed629f4 in 00:00:00.0479576.
2018-11-13 00:03:08,781 28282  INFO  [Metrics] Cpu: 0.57%; Memory: 19.79 GB/31.88 GB; Workers: 4/1024; IOCP: 0/1024
2018-11-13 00:03:08,790 28291  INFO  [0ce6a4] Here's some useful guids:
		131c2a8a-6268-4b6f-b59e-5d21b581a26d
		a6bff461-e374-4f5c-a9bd-97099367d529
		e63adfca-b53e-443a-8af1-b65fef5d4985
		c6bf50cf-1b64-423b-8b7b-adec47ba7eb8
2018-11-13 00:03:08,800 28301  ERROR [0ce6a4] 
System.InvalidOperationException: Oh no! An error occurred!
2018-11-13 00:03:08,803 28304  INFO  [1b6046] Started processing user request. Id = 1b6046a6-fc9a-4aa3-a359-7fa840ad1e28. Size = 36.51 KB.
2018-11-13 00:03:08,813 28314  INFO  [0822cf] Started processing user request. Id = 0822cf68-f34e-4db8-9d51-e5b9694c6aa6. Size = 17.47 KB.
2018-11-13 00:03:08,819 28320  INFO  [1b6046] Doing some complicated stuff.. Random numbers are: 870934120, 1134565101, 757209979.
2018-11-13 00:03:08,821 28322  INFO  [0822cf] Doing some complicated stuff.. Random numbers are: 1065120618, 912431515, 1694391161.
2018-11-13 00:03:08,833 28334  INFO  [1b6046] Finished processing user request with id = 1b6046a6-fc9a-4aa3-a359-7fa840ad1e28 in 00:00:00.0304559.
2018-11-13 00:03:08,847 28348  INFO  [BackgroundDaemon] Processing data (92% completed)..
2018-11-13 00:03:08,847 28348  INFO  [BackgroundDaemon] Finished iteration in 00:00:00.2553443.
2018-11-13 00:03:08,853 28354  ERROR [0822cf] 
System.InvalidOperationException: Oh no! An error occurred!
2018-11-13 00:03:08,859 28360  INFO  [048f69] Started processing user request. Id = 048f695b-8428-42ac-bbe7-c4a4670d13ab. Size = 43.78 KB.
2018-11-13 00:03:08,862 28363  INFO  [048f69] Doing some complicated stuff.. Random numbers are: 1444893599, 1713940337, 883059409.
2018-11-13 00:03:08,864 28365  INFO  [230d82] Started processing user request. Id = 230d825e-4198-4532-894e-0b2c8b2d015c. Size = 67.14 KB.
2018-11-13 00:03:08,867 28368  INFO  [873c2d] Started processing user request. Id = 873c2d07-e3fa-4f04-ba38-e309b1ba7b50. Size = 85.9 KB.
2018-11-13 00:03:08,873 28374  INFO  [048f69] Here's some useful guids:
		e4769bc6-489b-4dd6-9dea-6aa40c158777
		5c16afd4-41fb-424f-9b18-1e9c35618efc
2018-11-13 00:03:08,877 28378  INFO  [873c2d] Doing some complicated stuff.. Random numbers are: 876799435, 1662441865, 86114800.
2018-11-13 00:03:08,878 28379  INFO  [048f69] Finished processing user request with id = 048f695b-8428-42ac-bbe7-c4a4670d13ab in 00:00:00.0188758.
2018-11-13 00:03:08,881 28382  INFO  [230d82] Doing some complicated stuff.. Random numbers are: 1460076721, 1296781152, 2077804098.
2018-11-13 00:03:08,888 28389  INFO  [873c2d] Finished processing user request with id = 873c2d07-e3fa-4f04-ba38-e309b1ba7b50 in 00:00:00.0210033.
2018-11-13 00:03:08,892 28393  INFO  [230d82] Finished processing user request with id = 230d825e-4198-4532-894e-0b2c8b2d015c in 00:00:00.0280518.
2018-11-13 00:03:08,901 28402  INFO  [dc9758] Started processing user request. Id = dc9758f7-bc0a-4860-bd17-77460d8216b5. Size = 29.96 KB.
2018-11-13 00:03:08,914 28415  INFO  [dc9758] Doing some complicated stuff.. Random numbers are: 847654421, 666773866, 1177747526.
2018-11-13 00:03:08,920 28421  INFO  [dc9758] Here's some useful guids:
		0f60a64c-ea64-4142-9491-5fa528f28295
		8aa0e5cd-be0f-4ce9-b3b0-b41f6fde8e74
		0e8c0800-25d2-49e5-aa4e-e9f38f4e9100
		91b157e0-808d-4e09-8c70-622659cc2acf
		483b0e08-659c-44f3-8d75-c12e39a3c8b4
2018-11-13 00:03:08,924 28425  INFO  [fcfa9d] Started processing user request. Id = fcfa9d9d-b9f5-4dcf-8ded-288784da3027. Size = 52.12 KB.
2018-11-13 00:03:08,931 28432  INFO  [fcfa9d] Doing some complicated stuff.. Random numbers are: 912463228, 721153612, 1823097136.
2018-11-13 00:03:08,940 28441  INFO  [dc9758] Finished processing user request with id = dc9758f7-bc0a-4860-bd17-77460d8216b5 in 00:00:00.0390035.
2018-11-13 00:03:08,940 28441  INFO  [fcfa9d] Here's some useful guids:
		3118f34b-9e1b-4326-8f09-cd5345a0db44
		3d5ab3b9-03e6-47d3-8e8c-7647dd374a63
2018-11-13 00:03:08,953 28455  INFO  [fec230] Started processing user request. Id = fec23073-3acb-46c5-b192-b2460b39fbf1. Size = 52.33 KB.
2018-11-13 00:03:08,955 28457  INFO  [fec230] Doing some complicated stuff.. Random numbers are: 253297925, 1395073971, 2088590574.
2018-11-13 00:03:08,956 28458  INFO  [fcfa9d] Finished processing user request with id = fcfa9d9d-b9f5-4dcf-8ded-288784da3027 in 00:00:00.0321638.
2018-11-13 00:03:08,958 28460  INFO  [fec230] Finished processing user request with id = fec23073-3acb-46c5-b192-b2460b39fbf1 in 00:00:00.0050435.
2018-11-13 00:03:08,972 28473  INFO  [6552b7] Started processing user request. Id = 6552b7e1-237e-418b-a810-c299a9cd0478. Size = 75.73 KB.
2018-11-13 00:03:08,981 28482  INFO  [6552b7] Doing some complicated stuff.. Random numbers are: 816599725, 1372503918, 1077016502.
2018-11-13 00:03:08,988 28489  INFO  [4917cf] Started processing user request. Id = 4917cf0c-ada3-4296-8700-5d7ee9566d17. Size = 16.33 KB.
2018-11-13 00:03:09,004 28505  INFO  [4917cf] Doing some complicated stuff.. Random numbers are: 1918606546, 1088701369, 1407189063.
2018-11-13 00:03:09,013 28514  INFO  [4917cf] Here's some useful guids:
		9ab196a8-8fc3-4b28-8bb0-91065f99df17
		de9a86a0-8871-4bd1-b71f-53f73af8c042
		47fab74e-d9f2-4974-b56b-caf223c22be2
		8614def7-196a-4626-a5ed-9a5bfc632c75
2018-11-13 00:03:09,033 28535  INFO  [4917cf] Finished processing user request with id = 4917cf0c-ada3-4296-8700-5d7ee9566d17 in 00:00:00.0451086.
2018-11-13 00:03:09,044 28545  INFO  [6552b7] Finished processing user request with id = 6552b7e1-237e-418b-a810-c299a9cd0478 in 00:00:00.0726116.
2018-11-13 00:03:09,046 28547  INFO  [c8f133] Started processing user request. Id = c8f133d5-10af-439f-a9d7-6b4c2b453578. Size = 24.19 KB.
2018-11-13 00:03:09,047 28548  INFO  [BackgroundDaemon] Starting iteration #15507.
2018-11-13 00:03:09,054 28555  INFO  [c8f133] Doing some complicated stuff.. Random numbers are: 1573156419, 951711532, 1879948456.
2018-11-13 00:03:09,057 28558  INFO  [0787c0] Started processing user request. Id = 0787c033-a678-4be0-a7cf-3ffa6f30db88. Size = 77.94 KB.
2018-11-13 00:03:09,065 28566  INFO  [b4cea3] Started processing user request. Id = b4cea3a5-1e93-4fc2-bd90-0ded9ed66016. Size = 65.79 KB.
2018-11-13 00:03:09,066 28567  INFO  [0787c0] Doing some complicated stuff.. Random numbers are: 656107227, 1844583937, 1750568267.
2018-11-13 00:03:09,074 28575  INFO  [c8f133] Here's some useful guids:
		bc22662f-48da-42c6-a3f4-c0442e9e3b6c
		641098d0-e152-457f-a4a4-ec348b309204
		41d37c19-b9bd-4b75-874c-d5d43ee79b11
2018-11-13 00:03:09,074 28575  INFO  [c8f133] Finished processing user request with id = c8f133d5-10af-439f-a9d7-6b4c2b453578 in 00:00:00.0280234.
2018-11-13 00:03:09,078 28579  INFO  [b4cea3] Doing some complicated stuff.. Random numbers are: 1247007419, 370865135, 1101963592.
2018-11-13 00:03:09,091 28592  INFO  [b4cea3] Finished processing user request with id = b4cea3a5-1e93-4fc2-bd90-0ded9ed66016 in 00:00:00.0260844.
2018-11-13 00:03:09,102 28603  INFO  [0787c0] Here's some useful guids:
		4b4fad1b-1cbd-45ff-9975-78108e5a5fba
		76fee114-1d2a-4daa-a094-4613204e3779
		1cb619b4-3118-499a-8396-752269ca1f1a
		97ce2ffa-1167-4c24-89be-72b8084103d9
2018-11-13 00:03:09,118 28620  INFO  [0787c0] Finished processing user request with id = 0787c033-a678-4be0-a7cf-3ffa6f30db88 in 00:00:00.0611092.
2018-11-13 00:03:09,122 28624  INFO  [2b1704] Started processing user request. Id = 2b1704cb-09ef-4f4a-a20b-6bf091cdd197. Size = 26.16 KB.
2018-11-13 00:03:09,132 28633  INFO  [f0c5c5] Started processing user request. Id = f0c5c558-d576-4166-8bef-d6f59638643d. Size = 82.78 KB.
2018-11-13 00:03:09,134 28635  INFO  [BackgroundDaemon] Processing data (11% completed)..
2018-11-13 00:03:09,139 28640  INFO  [f0c5c5] Doing some complicated stuff.. Random numbers are: 2123787266, 1828373715, 1116984613.
2018-11-13 00:03:09,139 28640  INFO  [2b1704] Doing some complicated stuff.. Random numbers are: 807446353, 1038256292, 456089577.
2018-11-13 00:03:09,156 28657  INFO  [2b1704] Finished processing user request with id = 2b1704cb-09ef-4f4a-a20b-6bf091cdd197 in 00:00:00.0331764.
2018-11-13 00:03:09,164 28665  INFO  [f0c5c5] Here's some useful guids:
		8156ef09-0241-4a84-b071-940da0fd0e30
		2f5a4cbb-00a4-468b-aee4-be5cdbb84361
		fa4a2912-1ed5-468d-af10-eb98897badac
		c309090a-ef48-45ba-acca-4944c08823eb
		fe75da2c-a38e-4957-ac62-e9ca9ce181af
2018-11-13 00:03:09,187 28688  INFO  [f0c5c5] Finished processing user request with id = f0c5c558-d576-4166-8bef-d6f59638643d in 00:00:00.0550606.
2018-11-13 00:03:09,188 28689  INFO  [0d90dd] Started processing user request. Id = 0d90dd7e-fc41-467c-adfa-e7449a4b887e. Size = 97.08 KB.
2018-11-13 00:03:09,192 28693  INFO  [0d90dd] Doing some complicated stuff.. Random numbers are: 1131371218, 267087286, 1440953884.
2018-11-13 00:03:09,194 28695  INFO  [0d90dd] Here's some useful guids:
		030dc332-2929-48e7-8f35-ac7188ffbd8e
2018-11-13 00:03:09,201 28702  INFO  [8b9614] Started processing user request. Id = 8b961428-df7b-4b38-9f7f-ddb216e7f245. Size = 42.76 KB.
2018-11-13 00:03:09,215 28716  INFO  [8b9614] Doing some complicated stuff.. Random numbers are: 224959866, 187113113, 239381927.
2018-11-13 00:03:09,216 28717  INFO  [BackgroundDaemon] Processing data (45% completed)..
2018-11-13 00:03:09,217 28718  INFO  [0d90dd] Finished processing user request with id = 0d90dd7e-fc41-467c-adfa-e7449a4b887e in 00:00:00.0291979.
2018-11-13 00:03:09,242 28743  INFO  [d8e167] Started processing user request. Id = d8e1670b-6bbb-4c3b-9217-43345f41f923. Size = 10.68 KB.
2018-11-13 00:03:09,248 28749  INFO  [c06532] Started processing user request. Id = c065321e-e987-4ea2-8ce5-afda4b5062a1. Size = 2.42 KB.
2018-11-13 00:03:09,252 28753  INFO  [d8e167] Doing some complicated stuff.. Random numbers are: 1090406629, 1396301816, 1036306338.
2018-11-13 00:03:09,255 28756  INFO  [c06532] Doing some complicated stuff.. Random numbers are: 1102474889, 880532386, 207312061.
2018-11-13 00:03:09,258 28759  INFO  [8b9614] Finished processing user request with id = 8b961428-df7b-4b38-9f7f-ddb216e7f245 in 00:00:00.0572582.
2018-11-13 00:03:09,271 28772  INFO  [041cbf] Started processing user request. Id = 041cbf7a-26f8-43d9-858b-ba0daa5d6818. Size = 87.66 KB.
2018-11-13 00:03:09,274 28775  INFO  [c06532] Here's some useful guids:
		feeaaf03-93c3-4022-84f4-e2469842be55
		eb8aa66a-3da0-4b5f-95ef-d63036305c78
		ce0fc385-9c07-46ea-a2d0-e7d459ddac0b
		89b09fcb-3297-44b4-bbbd-07bb68c60027
		8e97f20c-4695-47a0-96de-06d73dec6d45
2018-11-13 00:03:09,279 28780  INFO  [041cbf] Doing some complicated stuff.. Random numbers are: 1663398944, 575845233, 21455681.
2018-11-13 00:03:09,281 28782  INFO  [Metrics] Cpu: 0.65%; Memory: 19.79 GB/31.88 GB; Workers: 4/1024; IOCP: 0/1024
2018-11-13 00:03:09,285 28786  INFO  [041cbf] Here's some useful guids:
		20a9a3e8-751b-47e4-8503-b72a5b72577f
		6a1c1a93-6c6f-4362-b0d9-a899b3ac7ccb
		d0dec73a-b8d1-479b-83eb-e4179f80757b
		1ac821eb-2e9c-461e-a4ad-2b29445d6b42
2018-11-13 00:03:09,293 28794  INFO  [d8e167] Finished processing user request with id = d8e1670b-6bbb-4c3b-9217-43345f41f923 in 00:00:00.0517724.
2018-11-13 00:03:09,297 28799  INFO  [c06532] Finished processing user request with id = c065321e-e987-4ea2-8ce5-afda4b5062a1 in 00:00:00.0495918.
2018-11-13 00:03:09,301 28803  INFO  [BackgroundDaemon] Processing data (93% completed)..
2018-11-13 00:03:09,301 28803  INFO  [BackgroundDaemon] Finished iteration in 00:00:00.2543161.
2018-11-13 00:03:09,306 28807  INFO  [041cbf] Finished processing user request with id = 041cbf7a-26f8-43d9-858b-ba0daa5d6818 in 00:00:00.0347760.
2018-11-13 00:03:09,320 28821  INFO  [d0e82c] Started processing user request. Id = d0e82cc8-eabd-4ccd-9bf0-7ad7deb59534. Size = 20.96 KB.
2018-11-13 00:03:09,326 28827  INFO  [d0e82c] Doing some complicated stuff.. Random numbers are: 539964021, 1133024627, 145660422.
2018-11-13 00:03:09,329 28830  INFO  [b75646] Started processing user request. Id = b75646d5-b458-465d-9c28-721e2efec2e0. Size = 80.74 KB.
2018-11-13 00:03:09,334 28835  INFO  [d0e82c] Here's some useful guids:
		5b9362e6-5080-4343-80cf-7bd8f613dce4
		21ce387f-a07f-482c-b827-a9b53ee85418
		96e573b5-2c0e-4a4e-9b5b-afaa2ecf764f
		83949fe4-be41-4c43-a06a-a3f6a9c7df8a
2018-11-13 00:03:09,343 28844  INFO  [b75646] Doing some complicated stuff.. Random numbers are: 825543168, 1580357762, 20160946.
2018-11-13 00:03:09,352 28853  INFO  [d0e82c] Finished processing user request with id = d0e82cc8-eabd-4ccd-9bf0-7ad7deb59534 in 00:00:00.0325098.
2018-11-13 00:03:09,366 28867  INFO  [8f755d] Started processing user request. Id = 8f755d42-1512-4d55-b868-bd4425599fe2. Size = 275 B.
2018-11-13 00:03:09,369 28870  INFO  [8f755d] Doing some complicated stuff.. Random numbers are: 158217412, 35518243, 98818734.
2018-11-13 00:03:09,376 28877  INFO  [b75646] Finished processing user request with id = b75646d5-b458-465d-9c28-721e2efec2e0 in 00:00:00.0478470.
2018-11-13 00:03:09,408 28909  INFO  [a1f7db] Started processing user request. Id = a1f7db04-9b48-4a6d-aaf9-c63de5558005. Size = 66.84 KB.
2018-11-13 00:03:09,409 28910  INFO  [8f755d] Here's some useful guids:
		cebcf8a0-cd4b-47d2-acd6-7ed99fc76772
		0847d2f7-b3ba-45c8-8b34-2c82aa670859
2018-11-13 00:03:09,413 28914  INFO  [a1f7db] Doing some complicated stuff.. Random numbers are: 1420757323, 9555071, 897532935.
2018-11-13 00:03:09,415 28916  INFO  [8f755d] Finished processing user request with id = 8f755d42-1512-4d55-b868-bd4425599fe2 in 00:00:00.0488954.
2018-11-13 00:03:09,429 28930  INFO  [594222] Started processing user request. Id = 594222e0-2f34-4704-9284-9fab0156a394. Size = 40.69 KB.
2018-11-13 00:03:09,431 28932  INFO  [594222] Doing some complicated stuff.. Random numbers are: 877589405, 1540457651, 1345182319.
2018-11-13 00:03:09,445 28946  INFO  [a1f7db] Here's some useful guids:
		d15418e8-bf34-4cc8-bd9c-0244e03a5c27
2018-11-13 00:03:09,449 28950  INFO  [594222] Here's some useful guids:
		324c87ea-2e20-4765-b2e4-cf149c558cce
2018-11-13 00:03:09,460 28962  INFO  [03f1c8] Started processing user request. Id = 03f1c855-46db-4293-aeba-cb6e9c3a608e. Size = 82.74 KB.
2018-11-13 00:03:09,461 28963  ERROR [a1f7db] 
System.InvalidOperationException: Oh no! An error occurred!
2018-11-13 00:03:09,463 28965  INFO  [03f1c8] Doing some complicated stuff.. Random numbers are: 1412392480, 972000701, 1117131448.
2018-11-13 00:03:09,479 28980  INFO  [594222] Finished processing user request with id = 594222e0-2f34-4704-9284-9fab0156a394 in 00:00:00.0501338.
2018-11-13 00:03:09,480 28981  INFO  [03f1c8] Finished processing user request with id = 03f1c855-46db-4293-aeba-cb6e9c3a608e in 00:00:00.0197309.
2018-11-13 00:03:09,493 28994  INFO  [f55f0b] Started processing user request. Id = f55f0bac-21e5-4d19-a8cb-e5bcf6db0df1. Size = 50.61 KB.
2018-11-13 00:03:09,493 28994  INFO  [9f0fd3] Started processing user request. Id = 9f0fd353-0f44-4eb2-a0a2-2ea38b0d4a8b. Size = 25.11 KB.
2018-11-13 00:03:09,497 28998  INFO  [f55f0b] Doing some complicated stuff.. Random numbers are: 1088864790, 713044414, 1065952204.
2018-11-13 00:03:09,502 29003  INFO  [BackgroundDaemon] Starting iteration #15508.
2018-11-13 00:03:09,511 29012  INFO  [9f0fd3] Doing some complicated stuff.. Random numbers are: 1379245274, 1254857799, 1167595030.
2018-11-13 00:03:09,529 29030  INFO  [f55f0b] Finished processing user request with id = f55f0bac-21e5-4d19-a8cb-e5bcf6db0df1 in 00:00:00.0358074.
2018-11-13 00:03:09,531 29032  INFO  [9f0fd3] Here's some useful guids:
		05b24fb5-a30a-49a5-8e38-e84d21855bd5
2018-11-13 00:03:09,533 29034  INFO  [9f0fd3] Finished processing user request with id = 9f0fd353-0f44-4eb2-a0a2-2ea38b0d4a8b in 00:00:00.0397906.
2018-11-13 00:03:09,546 29047  INFO  [e79881] Started processing user request. Id = e7988130-4f71-43b5-a1eb-8b63b3089b36. Size = 97.58 KB.
2018-11-13 00:03:09,558 29059  INFO  [e79881] Doing some complicated stuff.. Random numbers are: 450642353, 139364112, 2292467.
2018-11-13 00:03:09,560 29061  INFO  [65b141] Started processing user request. Id = 65b141b2-36e8-41d7-b67a-8b7faa4d1d9f. Size = 27.43 KB.
2018-11-13 00:03:09,579 29081  INFO  [65b141] Doing some complicated stuff.. Random numbers are: 104104263, 828536934, 471217557.
2018-11-13 00:03:09,586 29088  INFO  [e79881] Here's some useful guids:
		870bfb57-4863-496b-a6a4-3607c1b94f7f
		026db9cb-4ff4-4761-a533-5a6f78f25fa3
		c10f92ef-449f-4975-b134-bdb89bdfc6b5
		47b320a2-234a-4371-b5c6-7163539e2aeb
2018-11-13 00:03:09,593 29094  INFO  [e79881] Finished processing user request with id = e7988130-4f71-43b5-a1eb-8b63b3089b36 in 00:00:00.0467734.
2018-11-13 00:03:09,599 29100  INFO  [BackgroundDaemon] Processing data (0% completed)..
2018-11-13 00:03:09,606 29107  INFO  [1967dc] Started processing user request. Id = 1967dca3-bb68-4017-8b39-41bd52a733f7. Size = 7.48 KB.
2018-11-13 00:03:09,618 29119  INFO  [65b141] Here's some useful guids:
		8f68070f-f4e4-4cfb-bca3-9b9ee5897248
		bbfd91d4-6d2d-4396-8f73-90aeae0e47ba
2018-11-13 00:03:09,625 29126  INFO  [1967dc] Doing some complicated stuff.. Random numbers are: 1153492218, 1990191025, 1808227936.
2018-11-13 00:03:09,642 29143  INFO  [65b141] Finished processing user request with id = 65b141b2-36e8-41d7-b67a-8b7faa4d1d9f in 00:00:00.0811967.
2018-11-13 00:03:09,647 29148  ERROR [1967dc] 
System.InvalidOperationException: Oh no! An error occurred!
2018-11-13 00:03:09,648 29149  INFO  [8ac423] Started processing user request. Id = 8ac423d0-2fff-4e39-add3-2adf4f1ae511. Size = 76.62 KB.
2018-11-13 00:03:09,660 29162  INFO  [e8d45a] Started processing user request. Id = e8d45a22-001c-4317-957a-fb8b3f44b634. Size = 58.51 KB.
2018-11-13 00:03:09,663 29164  INFO  [e8d45a] Doing some complicated stuff.. Random numbers are: 95078126, 1725863349, 1972715726.
2018-11-13 00:03:09,667 29168  INFO  [8ac423] Doing some complicated stuff.. Random numbers are: 1695140362, 360853014, 1964244593.
2018-11-13 00:03:09,673 29174  INFO  [127685] Started processing user request. Id = 12768592-1bb5-49c3-bb4b-1c88dd08ad0e. Size = 11.28 KB.
2018-11-13 00:03:09,682 29183  INFO  [127685] Doing some complicated stuff.. Random numbers are: 414200443, 491206158, 1522546360.
2018-11-13 00:03:09,683 29184  INFO  [BackgroundDaemon] Processing data (45% completed)..
2018-11-13 00:03:09,686 29187  INFO  [127685] Here's some useful guids:
		bb24a6cd-454b-47cb-96c2-4891e1c1f005
		9f0ac641-aa8d-4d07-a190-f2f3331ab141
2018-11-13 00:03:09,687 29188  INFO  [e8d45a] Here's some useful guids:
		4deb4e30-4cd4-4417-9bc9-33bbafff99c5
		1ca4995d-8524-4555-93b4-1e36b623a13e
		d75bfa43-d6f9-4607-8711-54ac9600ae29
2018-11-13 00:03:09,697 29198  INFO  [127685] Finished processing user request with id = 12768592-1bb5-49c3-bb4b-1c88dd08ad0e in 00:00:00.0245531.
2018-11-13 00:03:09,701 29202  INFO  [e8d45a] Finished processing user request with id = e8d45a22-001c-4317-957a-fb8b3f44b634 in 00:00:00.0407583.
2018-11-13 00:03:09,705 29206  INFO  [8ac423] Here's some useful guids:
		6712a45b-18b8-42d9-895b-4ec269312580
		e4c0043a-f682-4a6d-b55b-eecf2f5d82fe
		7ff1b86b-eff3-4163-abfe-e9a7907f67b5
2018-11-13 00:03:09,715 29216  INFO  [c30dc9] Started processing user request. Id = c30dc9ae-4a24-48a8-ab04-ca760dcdbfad. Size = 51.16 KB.
2018-11-13 00:03:09,726 29227  INFO  [8ac423] Finished processing user request with id = 8ac423d0-2fff-4e39-add3-2adf4f1ae511 in 00:00:00.0784830.
2018-11-13 00:03:09,728 29229  INFO  [3affe4] Started processing user request. Id = 3affe412-a267-47fb-afaa-324cd596bbcd. Size = 59.07 KB.
2018-11-13 00:03:09,731 29232  INFO  [c30dc9] Doing some complicated stuff.. Random numbers are: 1863832768, 580235288, 698485327.
2018-11-13 00:03:09,741 29242  INFO  [3affe4] Doing some complicated stuff.. Random numbers are: 951861187, 1326992953, 1864867943.
2018-11-13 00:03:09,742 29243  INFO  [BackgroundDaemon] Processing data (50% completed)..
2018-11-13 00:03:09,742 29243  INFO  [BackgroundDaemon] Finished iteration in 00:00:00.2407563.
2018-11-13 00:03:09,751 29252  INFO  [3affe4] Here's some useful guids:
		139fd5ff-3e22-4220-a02d-86378167b13c
		84d0a8bd-9561-41d6-9379-2d232f789b99
2018-11-13 00:03:09,763 29264  INFO  [3affe4] Finished processing user request with id = 3affe412-a267-47fb-afaa-324cd596bbcd in 00:00:00.0350590.
2018-11-13 00:03:09,781 29282  INFO  [Metrics] Cpu: 0.65%; Memory: 19.79 GB/31.88 GB; Workers: 4/1024; IOCP: 0/1024
2018-11-13 00:03:09,787 29288  INFO  [c30dc9] Finished processing user request with id = c30dc9ae-4a24-48a8-ab04-ca760dcdbfad in 00:00:00.0719045.
2018-11-13 00:03:09,795 29296  INFO  [0dcb14] Started processing user request. Id = 0dcb141a-e835-4897-aaf2-682209fd1af3. Size = 48.58 KB.
2018-11-13 00:03:09,799 29300  INFO  [0dcb14] Doing some complicated stuff.. Random numbers are: 1106830782, 943480119, 1097148917.
2018-11-13 00:03:09,800 29301  INFO  [22c128] Started processing user request. Id = 22c12882-5848-4dc1-a646-17775df81dbc. Size = 70.3 KB.
2018-11-13 00:03:09,819 29320  INFO  [22c128] Doing some complicated stuff.. Random numbers are: 320876289, 667525589, 1827098481.
2018-11-13 00:03:09,838 29339  INFO  [0dcb14] Finished processing user request with id = 0dcb141a-e835-4897-aaf2-682209fd1af3 in 00:00:00.0429568.
2018-11-13 00:03:09,865 29366  INFO  [22c128] Finished processing user request with id = 22c12882-5848-4dc1-a646-17775df81dbc in 00:00:00.0650760.
2018-11-13 00:03:09,870 29371  INFO  [e87036] Started processing user request. Id = e87036a7-8f07-4f87-848b-da5bdd20fb94. Size = 3.7 KB.
2018-11-13 00:03:09,875 29376  INFO  [e87036] Doing some complicated stuff.. Random numbers are: 1170650056, 1483045450, 547374749.
2018-11-13 00:03:09,879 29380  INFO  [6eb6d3] Started processing user request. Id = 6eb6d398-e706-4def-8122-aa810d91b933. Size = 70.22 KB.
2018-11-13 00:03:09,893 29394  INFO  [6eb6d3] Doing some complicated stuff.. Random numbers are: 854705848, 1326032453, 1396222117.
2018-11-13 00:03:09,894 29395  INFO  [63fbac] Started processing user request. Id = 63fbaca2-57ed-4686-848f-5159f209e6df. Size = 20.89 KB.
2018-11-13 00:03:09,900 29401  INFO  [63fbac] Doing some complicated stuff.. Random numbers are: 1523143350, 1986581544, 1796208753.
2018-11-13 00:03:09,902 29403  ERROR [e87036] 
System.InvalidOperationException: Oh no! An error occurred!
2018-11-13 00:03:09,905 29406  INFO  [6eb6d3] Here's some useful guids:
		7b3be7dc-233d-41b1-b549-c5547ae587a8
		09d7656b-e893-4c97-b1ce-8269813816d8
		5182bfb5-b9a6-485d-a0fb-6f5c5bddd621
		b301b6a9-9c1f-4f09-bdb5-15678a0faa39
2018-11-13 00:03:09,922 29423  INFO  [63fbac] Here's some useful guids:
		13c66d3f-84b8-4ffc-a146-64e24ea2b664
		d96d7844-d4ec-43fa-8cbe-209ba6a130a9
		0669e210-2356-4795-8f5a-86cf96a93604
		9872824d-2d7d-46a0-a1ee-445f758a0a16
		044f8889-f4b7-434e-9640-6827b570d72c
2018-11-13 00:03:09,934 29435  INFO  [6eb6d3] Finished processing user request with id = 6eb6d398-e706-4def-8122-aa810d91b933 in 00:00:00.0547407.
2018-11-13 00:03:09,934 29435  INFO  [ad6c86] Started processing user request. Id = ad6c869f-4809-42f2-aa2e-380d8ce72006. Size = 78.32 KB.
2018-11-13 00:03:09,939 29440  INFO  [ad6c86] Doing some complicated stuff.. Random numbers are: 881173403, 1885301775, 992846531.
2018-11-13 00:03:09,942 29443  INFO  [63fbac] Finished processing user request with id = 63fbaca2-57ed-4686-848f-5159f209e6df in 00:00:00.0477007.
2018-11-13 00:03:09,943 29444  INFO  [BackgroundDaemon] Starting iteration #15509.
2018-11-13 00:03:09,948 29449  INFO  [170bd2] Started processing user request. Id = 170bd2d6-428f-49ab-8f36-48fb271148b5. Size = 28.58 KB.
2018-11-13 00:03:09,957 29458  INFO  [170bd2] Doing some complicated stuff.. Random numbers are: 1888040830, 355192219, 1788582616.
2018-11-13 00:03:09,975 29476  INFO  [170bd2] Finished processing user request with id = 170bd2d6-428f-49ab-8f36-48fb271148b5 in 00:00:00.0272926.
2018-11-13 00:03:09,985 29486  INFO  [ad6c86] Finished processing user request with id = ad6c869f-4809-42f2-aa2e-380d8ce72006 in 00:00:00.0511540.
2018-11-13 00:03:09,989 29490  INFO  [b9598f] Started processing user request. Id = b9598f6c-bfdb-4659-8c84-eb49821499cc. Size = 67.42 KB.
2018-11-13 00:03:09,994 29495  INFO  [b9598f] Doing some complicated stuff.. Random numbers are: 372651483, 97528172, 617701761.
2018-11-13 00:03:10,016 29517  INFO  [BackgroundDaemon] Processing data (0% completed)..
2018-11-13 00:03:10,017 29518  INFO  [5bf5dd] Started processing user request. Id = 5bf5dd08-0898-4cd5-a441-859ddd5ae2ef. Size = 42.26 KB.
2018-11-13 00:03:10,027 29528  INFO  [5bf5dd] Doing some complicated stuff.. Random numbers are: 2063338506, 1864295990, 1928281024.
2018-11-13 00:03:10,046 29547  INFO  [b9598f] Finished processing user request with id = b9598f6c-bfdb-4659-8c84-eb49821499cc in 00:00:00.0571720.
2018-11-13 00:03:10,049 29550  INFO  [BackgroundDaemon] Processing data (43% completed)..
2018-11-13 00:03:10,060 29561  INFO  [16f5c7] Started processing user request. Id = 16f5c76f-64ad-4878-8ac5-9681a7f7b611. Size = 79.92 KB.
2018-11-13 00:03:10,064 29565  INFO  [16f5c7] Doing some complicated stuff.. Random numbers are: 1813491385, 615967480, 656338920.
2018-11-13 00:03:10,069 29570  ERROR [5bf5dd] 
System.InvalidOperationException: Oh no! An error occurred!
2018-11-13 00:03:10,100 29601  INFO  [BackgroundDaemon] Processing data (68% completed)..
2018-11-13 00:03:10,100 29601  INFO  [BackgroundDaemon] Finished iteration in 00:00:00.1573954.
2018-11-13 00:03:10,101 29602  INFO  [bceced] Started processing user request. Id = bcecedc2-6dc0-49f1-9f9a-f138916ae18c. Size = 87.06 KB.
2018-11-13 00:03:10,109 29610  INFO  [90eecd] Started processing user request. Id = 90eecd75-8528-4795-9259-319033158aea. Size = 30.97 KB.
2018-11-13 00:03:10,111 29612  INFO  [90eecd] Doing some complicated stuff.. Random numbers are: 1420697197, 180082088, 109019012.
2018-11-13 00:03:10,117 29618  INFO  [bceced] Doing some complicated stuff.. Random numbers are: 1541540888, 872517171, 1024561457.
2018-11-13 00:03:10,117 29618  INFO  [16f5c7] Finished processing user request with id = 16f5c76f-64ad-4878-8ac5-9681a7f7b611 in 00:00:00.0570653.
2018-11-13 00:03:10,131 29632  INFO  [388d20] Started processing user request. Id = 388d20c6-f592-413d-80e5-d2b30f1e631c. Size = 88.7 KB.
2018-11-13 00:03:10,135 29636  INFO  [388d20] Doing some complicated stuff.. Random numbers are: 1223619056, 1781261395, 1196658223.
2018-11-13 00:03:10,136 29637  INFO  [bceced] Finished processing user request with id = bcecedc2-6dc0-49f1-9f9a-f138916ae18c in 00:00:00.0350397.
2018-11-13 00:03:10,142 29643  ERROR [90eecd] 
System.InvalidOperationException: Oh no! An error occurred!
2018-11-13 00:03:10,168 29669  INFO  [6b8b1e] Started processing user request. Id = 6b8b1ed6-58bb-4c61-926c-4ba491c09194. Size = 5.57 KB.
2018-11-13 00:03:10,185 29686  INFO  [388d20] Finished processing user request with id = 388d20c6-f592-413d-80e5-d2b30f1e631c in 00:00:00.0541038.
2018-11-13 00:03:10,186 29687  INFO  [6b8b1e] Doing some complicated stuff.. Random numbers are: 404486438, 401443285, 590547790.
2018-11-13 00:03:10,199 29700  INFO  [f81dd2] Started processing user request. Id = f81dd269-2df9-4ac6-abb4-6ffcba4ee636. Size = 82.15 KB.
2018-11-13 00:03:10,215 29716  INFO  [f81dd2] Doing some complicated stuff.. Random numbers are: 679777320, 55051748, 321942326.
2018-11-13 00:03:10,224 29725  INFO  [6b8b1e] Here's some useful guids:
		2c823a5b-1c67-4d43-ae31-9a030868db0f
		d954a50b-7740-4985-b93b-3dd1dafa6b68
		fb4ef8e9-5b82-4266-9e0a-d495956168de
2018-11-13 00:03:10,230 29731  INFO  [6b8b1e] Finished processing user request with id = 6b8b1ed6-58bb-4c61-926c-4ba491c09194 in 00:00:00.0625097.
2018-11-13 00:03:10,244 29745  INFO  [f81dd2] Here's some useful guids:
		499ebe8b-953b-4172-a85d-41e0ea3e8e90
		20c3ed2e-d4af-436e-9645-187186aeb6fb
		08dbf82d-9c5c-429d-988b-20a36076998a
		6b8757e1-0e7f-45e7-a70e-55fe5341ceb6
2018-11-13 00:03:10,248 29749  INFO  [f81dd2] Finished processing user request with id = f81dd269-2df9-4ac6-abb4-6ffcba4ee636 in 00:00:00.0489901.
2018-11-13 00:03:10,261 29762  INFO  [f89663] Started processing user request. Id = f896638a-3321-477a-9c8b-4785ae80ca1c. Size = 68.4 KB.
2018-11-13 00:03:10,262 29763  INFO  [44ea98] Started processing user request. Id = 44ea98b5-c762-42ea-a762-5eec27fd6b48. Size = 60.56 KB.
2018-11-13 00:03:10,264 29765  INFO  [f89663] Doing some complicated stuff.. Random numbers are: 115858162, 1787397284, 676777644.
2018-11-13 00:03:10,277 29778  INFO  [44ea98] Doing some complicated stuff.. Random numbers are: 1841872168, 1306603453, 1803885556.
2018-11-13 00:03:10,280 29781  INFO  [Metrics] Cpu: 1.81%; Memory: 19.79 GB/31.88 GB; Workers: 4/1024; IOCP: 0/1024
2018-11-13 00:03:10,301 29802  INFO  [BackgroundDaemon] Starting iteration #15510.
2018-11-13 00:03:10,307 29808  INFO  [44ea98] Here's some useful guids:
		f827972e-3d10-47c5-9bb8-3180ee12f38b
		eddfb96d-0e96-413f-9c0d-b92a80ea3f75
2018-11-13 00:03:10,310 29811  INFO  [5883b2] Started processing user request. Id = 5883b2e6-5dbd-4f5f-98f2-657dc26391ac. Size = 20.84 KB.
2018-11-13 00:03:10,316 29817  INFO  [5883b2] Doing some complicated stuff.. Random numbers are: 784262956, 172170958, 2114166481.
2018-11-13 00:03:10,321 29823  INFO  [44ea98] Finished processing user request with id = 44ea98b5-c762-42ea-a762-5eec27fd6b48 in 00:00:00.0590342.
2018-11-13 00:03:10,327 29828  ERROR [f89663] 
System.InvalidOperationException: Oh no! An error occurred!
2018-11-13 00:03:10,340 29841  INFO  [b50443] Started processing user request. Id = b504438f-ee32-4631-8574-777555caf48d. Size = 441 B.
2018-11-13 00:03:10,343 29844  INFO  [b50443] Doing some complicated stuff.. Random numbers are: 216954479, 726146255, 184369219.
2018-11-13 00:03:10,347 29848  INFO  [5883b2] Here's some useful guids:
		03ead157-c6ec-4bcb-8236-250422f40dd1
		ac9a4804-bc9e-4cef-9316-75e7f4f64dd3
2018-11-13 00:03:10,353 29854  INFO  [BackgroundDaemon] Processing data (0% completed)..
2018-11-13 00:03:10,353 29854  INFO  [1b5c08] Started processing user request. Id = 1b5c0803-7b3a-4d26-9ad3-97d41658657e. Size = 30.08 KB.
2018-11-13 00:03:10,354 29855  INFO  [b50443] Finished processing user request with id = b504438f-ee32-4631-8574-777555caf48d in 00:00:00.0140694.
2018-11-13 00:03:10,366 29868  INFO  [1b5c08] Doing some complicated stuff.. Random numbers are: 1677757087, 2059286945, 1045899494.
2018-11-13 00:03:10,367 29869  INFO  [423b51] Started processing user request. Id = 423b5112-0374-4990-b9f0-0df56c2be838. Size = 84.16 KB.
2018-11-13 00:03:10,375 29877  INFO  [5883b2] Finished processing user request with id = 5883b2e6-5dbd-4f5f-98f2-657dc26391ac in 00:00:00.0652419.
2018-11-13 00:03:10,379 29881  INFO  [BackgroundDaemon] Processing data (36% completed)..
2018-11-13 00:03:10,381 29883  INFO  [423b51] Doing some complicated stuff.. Random numbers are: 795179930, 135510961, 1547924614.
2018-11-13 00:03:10,402 29904  INFO  [1b5c08] Finished processing user request with id = 1b5c0803-7b3a-4d26-9ad3-97d41658657e in 00:00:00.0490795.
2018-11-13 00:03:10,416 29918  INFO  [423b51] Finished processing user request with id = 423b5112-0374-4990-b9f0-0df56c2be838 in 00:00:00.0490001.
2018-11-13 00:03:10,430 29931  INFO  [3de1f3] Started processing user request. Id = 3de1f32f-6b4a-4ec5-bd10-765180541b77. Size = 77.4 KB.
2018-11-13 00:03:10,430 29931  INFO  [3de1f3] Doing some complicated stuff.. Random numbers are: 212860528, 1853963924, 1490277321.
2018-11-13 00:03:10,434 29935  INFO  [f357a4] Started processing user request. Id = f357a492-8911-4b4f-ab5b-92f3c48e6728. Size = 73.14 KB.
2018-11-13 00:03:10,438 29939  INFO  [f357a4] Doing some complicated stuff.. Random numbers are: 2055227559, 266328685, 1646426988.
2018-11-13 00:03:10,456 29957  INFO  [3de1f3] Here's some useful guids:
		689821a0-939d-4ade-a245-b4b6d63462a3
2018-11-13 00:03:10,472 29973  INFO  [BackgroundDaemon] Processing data (59% completed)..
2018-11-13 00:03:10,472 29973  INFO  [BackgroundDaemon] Finished iteration in 00:00:00.1703860.
2018-11-13 00:03:10,479 29980  INFO  [f357a4] Finished processing user request with id = f357a492-8911-4b4f-ab5b-92f3c48e6728 in 00:00:00.0443245.
2018-11-13 00:03:10,484 29985  INFO  [3de1f3] Finished processing user request with id = 3de1f32f-6b4a-4ec5-bd10-765180541b77 in 00:00:00.0534830.
2018-11-13 00:03:10,498 29999  INFO  [0de48e] Started processing user request. Id = 0de48e7c-144e-49d1-b56f-52c9c91bfa0c. Size = 31.74 KB.
2018-11-13 00:03:10,504 30005  INFO  [0de48e] Doing some complicated stuff.. Random numbers are: 1794253117, 1295987213, 100350503.
2018-11-13 00:03:10,510 30011  INFO  [14dc23] Started processing user request. Id = 14dc233b-0cfb-47bb-af91-4b4fa868d219. Size = 23.79 KB.
2018-11-13 00:03:10,510 30011  INFO  [14dc23] Doing some complicated stuff.. Random numbers are: 1491210569, 816790577, 1496835876.
2018-11-13 00:03:10,525 30026  INFO  [0de48e] Finished processing user request with id = 0de48e7c-144e-49d1-b56f-52c9c91bfa0c in 00:00:00.0270351.
2018-11-13 00:03:10,534 30035  INFO  [14dc23] Finished processing user request with id = 14dc233b-0cfb-47bb-af91-4b4fa868d219 in 00:00:00.0246164.
2018-11-13 00:03:10,538 30039  INFO  [de1064] Started processing user request. Id = de106479-8e2b-4ab5-8cda-b0a78f8c9738. Size = 40.7 KB.
2018-11-13 00:03:10,542 30043  INFO  [de1064] Doing some complicated stuff.. Random numbers are: 1750762566, 757591356, 1475918853.
2018-11-13 00:03:10,543 30044  INFO  [ce15a2] Started processing user request. Id = ce15a21f-3500-4eba-8e8e-ec95d1f8d697. Size = 54.56 KB.
2018-11-13 00:03:10,548 30049  INFO  [ce15a2] Doing some complicated stuff.. Random numbers are: 83513102, 1437411470, 79556320.
2018-11-13 00:03:10,566 30067  INFO  [418cf8] Started processing user request. Id = 418cf811-40e5-4c4d-875a-51ed805fbb92. Size = 14.24 KB.
2018-11-13 00:03:10,582 30083  INFO  [ce15a2] Finished processing user request with id = ce15a21f-3500-4eba-8e8e-ec95d1f8d697 in 00:00:00.0393369.
2018-11-13 00:03:10,583 30084  INFO  [418cf8] Doing some complicated stuff.. Random numbers are: 1406117342, 590743708, 1849563109.
2018-11-13 00:03:10,588 30089  INFO  [de1064] Finished processing user request with id = de106479-8e2b-4ab5-8cda-b0a78f8c9738 in 00:00:00.0493194.
2018-11-13 00:03:10,600 30101  INFO  [418cf8] Here's some useful guids:
		a093b2cb-10d1-4e28-b037-d1ff31fdefd7
		11ac1b3d-540e-46f4-9bf5-3428ee4648e3
		0be42159-34ed-4ae7-8b2a-76f2124f0f20
2018-11-13 00:03:10,601 30102  INFO  [0112b2] Started processing user request. Id = 0112b26d-21e6-486d-ad45-5a9ed3360c29. Size = 62.2 KB.
2018-11-13 00:03:10,608 30109  INFO  [0112b2] Doing some complicated stuff.. Random numbers are: 802240571, 1828696805, 182555597.
2018-11-13 00:03:10,612 30113  INFO  [418cf8] Finished processing user request with id = 418cf811-40e5-4c4d-875a-51ed805fbb92 in 00:00:00.0464136.
2018-11-13 00:03:10,642 30143  INFO  [0112b2] Here's some useful guids:
		d1e77d98-e7d7-4e3e-9c17-7a6f51f80e78
		62820a5c-fba7-4a02-aeba-c79fd9302bd2
		dc3c8f08-8476-4c40-81ff-0dd4c3a1e746
		ee0b8f96-7c92-43ac-9c1c-ecbcd7388175
2018-11-13 00:03:10,643 30144  INFO  [abd916] Started processing user request. Id = abd91660-e9a1-468f-a96a-6290bd511b9a. Size = 22.52 KB.
2018-11-13 00:03:10,656 30157  INFO  [abd916] Doing some complicated stuff.. Random numbers are: 1221103036, 787297291, 2075973052.
2018-11-13 00:03:10,662 30163  INFO  [abd916] Here's some useful guids:
		c3e54877-4b98-4e04-a877-2ccee4c3005b
		e84ab55f-5753-4d2f-a4be-29fa73c2fc5b
2018-11-13 00:03:10,669 30170  INFO  [0112b2] Finished processing user request with id = 0112b26d-21e6-486d-ad45-5a9ed3360c29 in 00:00:00.0678357.
2018-11-13 00:03:10,672 30173  INFO  [BackgroundDaemon] Starting iteration #15511.
2018-11-13 00:03:10,681 30182  INFO  [abd916] Finished processing user request with id = abd91660-e9a1-468f-a96a-6290bd511b9a in 00:00:00.0377085.
2018-11-13 00:03:10,682 30183  INFO  [29e5ee] Started processing user request. Id = 29e5ee6c-8cfc-48ad-b0c5-967eea030041. Size = 45.25 KB.
2018-11-13 00:03:10,691 30192  INFO  [29e5ee] Doing some complicated stuff.. Random numbers are: 113503057, 76741160, 528075904.
2018-11-13 00:03:10,712 30213  INFO  [d67bda] Started processing user request. Id = d67bda29-7013-4761-8afa-2ba811efebd9. Size = 8.93 KB.
2018-11-13 00:03:10,724 30225  INFO  [BackgroundDaemon] Processing data (5% completed)..
2018-11-13 00:03:10,729 30230  INFO  [d67bda] Doing some complicated stuff.. Random numbers are: 186964029, 834740554, 2058149724.
2018-11-13 00:03:10,733 30234  INFO  [d67bda] Here's some useful guids:
		397ce4e5-4adc-4631-b752-dabc33620142
		66f9f1a9-6da8-4b91-93dc-79df7a8b20b3
		b0442938-9015-4edc-8ffe-26ba9265a275
2018-11-13 00:03:10,740 30241  INFO  [29e5ee] Finished processing user request with id = 29e5ee6c-8cfc-48ad-b0c5-967eea030041 in 00:00:00.0579087.
2018-11-13 00:03:10,750 30251  INFO  [6e9060] Started processing user request. Id = 6e9060d4-fab3-442e-a090-fcb19dd34194. Size = 80.6 KB.
2018-11-13 00:03:10,753 30254  INFO  [a3b7cf] Started processing user request. Id = a3b7cf70-55b2-4d37-9e61-df121427e62c. Size = 5.02 KB.
2018-11-13 00:03:10,754 30255  INFO  [BackgroundDaemon] Processing data (23% completed)..
2018-11-13 00:03:10,759 30260  INFO  [a3b7cf] Doing some complicated stuff.. Random numbers are: 108684918, 340106614, 2044841505.
2018-11-13 00:03:10,760 30261  ERROR [d67bda] 
System.InvalidOperationException: Oh no! An error occurred!
2018-11-13 00:03:10,767 30268  INFO  [6e9060] Doing some complicated stuff.. Random numbers are: 1059919627, 343495544, 1818621888.
2018-11-13 00:03:10,779 30280  INFO  [Metrics] Cpu: 1.81%; Memory: 19.79 GB/31.88 GB; Workers: 4/1024; IOCP: 0/1024
2018-11-13 00:03:10,783 30284  INFO  [6e9060] Here's some useful guids:
		c7445e1a-2b98-4969-bc4b-990581e90e4e
		8359721f-9dbc-42ea-93dc-ee0c68e57212
		9f710ed5-bfc1-44f7-a0c5-d2248b77d2d8
		f25dafb9-6457-4198-903e-fdc8d6d2aeee
2018-11-13 00:03:10,790 30291  INFO  [6e9060] Finished processing user request with id = 6e9060d4-fab3-442e-a090-fcb19dd34194 in 00:00:00.0399199.
2018-11-13 00:03:10,791 30292  INFO  [a518b0] Started processing user request. Id = a518b0c3-3bc5-427c-8fff-256c432eeea1. Size = 34.32 KB.
2018-11-13 00:03:10,794 30295  ERROR [a3b7cf] 
System.InvalidOperationException: Oh no! An error occurred!
2018-11-13 00:03:10,797 30298  INFO  [a518b0] Doing some complicated stuff.. Random numbers are: 540678955, 1453925170, 910813847.
2018-11-13 00:03:10,808 30309  INFO  [792d94] Started processing user request. Id = 792d94b2-a4b9-4478-8492-1b962721bbd4. Size = 67.79 KB.
2018-11-13 00:03:10,816 30317  INFO  [792d94] Doing some complicated stuff.. Random numbers are: 168118708, 2018249327, 363183641.
2018-11-13 00:03:10,821 30322  INFO  [792d94] Here's some useful guids:
		71438ddd-db90-468e-b313-e81070dbc9ca
		e29bbf09-2631-4c02-bc2b-5b997a484dd9
		8180825d-365a-48f6-81be-0847326896c7
2018-11-13 00:03:10,824 30326  INFO  [a518b0] Finished processing user request with id = a518b0c3-3bc5-427c-8fff-256c432eeea1 in 00:00:00.0331353.
2018-11-13 00:03:10,836 30337  INFO  [792d94] Finished processing user request with id = 792d94b2-a4b9-4478-8492-1b962721bbd4 in 00:00:00.0272750.
2018-11-13 00:03:10,849 30350  INFO  [BackgroundDaemon] Processing data (85% completed)..
2018-11-13 00:03:10,849 30350  INFO  [BackgroundDaemon] Finished iteration in 00:00:00.1773914.
2018-11-13 00:03:10,849 30350  INFO  [abf739] Started processing user request. Id = abf73949-1988-4b32-95f2-7251b3e34cc6. Size = 16.65 KB.
2018-11-13 00:03:10,856 30357  INFO  [5c579e] Started processing user request. Id = 5c579e6b-6d6c-4dbc-ba26-6e485570b416. Size = 50.79 KB.
2018-11-13 00:03:10,868 30369  INFO  [abf739] Doing some complicated stuff.. Random numbers are: 941420549, 716750419, 304495403.
2018-11-13 00:03:10,875 30376  INFO  [5c579e] Doing some complicated stuff.. Random numbers are: 391057372, 845346621, 1323369486.
2018-11-13 00:03:10,885 30386  INFO  [abf739] Here's some useful guids:
		7be0233b-456f-45b7-a3ab-585b79757e31
		1c8fa0ed-0855-4f09-a34d-966ee7908ad5
2018-11-13 00:03:10,895 30396  INFO  [abf739] Finished processing user request with id = abf73949-1988-4b32-95f2-7251b3e34cc6 in 00:00:00.0460696.
2018-11-13 00:03:10,901 30402  INFO  [5c579e] Finished processing user request with id = 5c579e6b-6d6c-4dbc-ba26-6e485570b416 in 00:00:00.0451321.
2018-11-13 00:03:10,909 30410  INFO  [f522c7] Started processing user request. Id = f522c7cf-92c0-434d-8c8c-2cd377fe2d10. Size = 55.88 KB.
2018-11-13 00:03:10,918 30419  INFO  [f522c7] Doing some complicated stuff.. Random numbers are: 2045805962, 861560994, 1572247506.
2018-11-13 00:03:10,933 30434  INFO  [0173a2] Started processing user request. Id = 0173a255-41b2-40e0-ab77-26ea0fd76580. Size = 71.42 KB.
2018-11-13 00:03:10,939 30440  INFO  [0173a2] Doing some complicated stuff.. Random numbers are: 580897745, 320548361, 40583962.
2018-11-13 00:03:10,952 30454  INFO  [f522c7] Finished processing user request with id = f522c7cf-92c0-434d-8c8c-2cd377fe2d10 in 00:00:00.0434195.
2018-11-13 00:03:10,957 30458  INFO  [c553e7] Started processing user request. Id = c553e7fb-0f15-449c-b842-386b1d0101b6. Size = 11.51 KB.
2018-11-13 00:03:10,966 30467  INFO  [a772ca] Started processing user request. Id = a772ca47-7325-4f6b-bec8-7561c8c2a348. Size = 41.35 KB.
2018-11-13 00:03:10,968 30469  INFO  [c553e7] Doing some complicated stuff.. Random numbers are: 940924675, 1637020391, 981377063.
2018-11-13 00:03:10,974 30476  INFO  [0173a2] Finished processing user request with id = 0173a255-41b2-40e0-ab77-26ea0fd76580 in 00:00:00.0419700.
2018-11-13 00:03:10,979 30480  INFO  [a772ca] Doing some complicated stuff.. Random numbers are: 578884963, 2070556142, 411741237.
2018-11-13 00:03:10,979 30480  INFO  [a772ca] Here's some useful guids:
		3db54ebe-1511-4ca6-9fe1-365f79bb6e3c
2018-11-13 00:03:10,986 30487  INFO  [c553e7] Here's some useful guids:
		5ec4f46c-a4f0-4c48-aafe-cc64f4bacc1a
		24ded7b4-e6e1-44b7-a7ba-fb5cefdba3c1
		31012216-786d-4e21-a8bc-8aa2f6873d41
		d0916bdd-0b81-46ef-ae86-c10be90afaf6
		5d3c62c1-6649-4b03-a620-15034b334e1a
2018-11-13 00:03:10,992 30493  INFO  [c553e7] Finished processing user request with id = c553e7fb-0f15-449c-b842-386b1d0101b6 in 00:00:00.0356077.
2018-11-13 00:03:10,995 30496  INFO  [a772ca] Finished processing user request with id = a772ca47-7325-4f6b-bec8-7561c8c2a348 in 00:00:00.0290618.
2018-11-13 00:03:11,006 30507  INFO  [f3e2be] Started processing user request. Id = f3e2bedd-58d6-4d16-b80a-608bb0222a59. Size = 26.11 KB.
2018-11-13 00:03:11,009 30510  INFO  [efd408] Started processing user request. Id = efd4082a-8d51-4d86-9cf0-33f78569dead. Size = 92.18 KB.
2018-11-13 00:03:11,013 30514  INFO  [f3e2be] Doing some complicated stuff.. Random numbers are: 1610652783, 2111298546, 1489345001.
2018-11-13 00:03:11,022 30523  INFO  [efd408] Doing some complicated stuff.. Random numbers are: 1440942099, 1011664789, 564210583.
2018-11-13 00:03:11,031 30532  INFO  [efd408] Here's some useful guids:
		42ff0a30-c3cd-4b37-acef-55b928a13c41
		3c7f9cbe-7085-4e49-adc5-f330814a08d7
		78b34cbc-1bf6-4620-9dd8-0cdacfc78d14
		ad25cc23-ec7d-4101-b4a5-906a79085d00
2018-11-13 00:03:11,040 30541  INFO  [f3e2be] Here's some useful guids:
		2cdc8ba7-153f-456c-8a89-efcb3cdd331f
		79f23274-3d2a-4e60-b838-8a997a869dbd
		0a5adecc-2d8e-4bbc-a14a-5e110358044c
		42db3c7f-3ec4-4d56-9967-a3d44f539d6c
2018-11-13 00:03:11,049 30550  INFO  [BackgroundDaemon] Starting iteration #15512.
2018-11-13 00:03:11,061 30562  ERROR [efd408] 
System.InvalidOperationException: Oh no! An error occurred!
2018-11-13 00:03:11,069 30570  INFO  [f3e2be] Finished processing user request with id = f3e2bedd-58d6-4d16-b80a-608bb0222a59 in 00:00:00.0630476.
2018-11-13 00:03:11,075 30576  INFO  [b2bcef] Started processing user request. Id = b2bcef79-ac39-42be-9fef-7f7f1eb6e6cc. Size = 72.33 KB.
2018-11-13 00:03:11,089 30590  INFO  [b2bcef] Doing some complicated stuff.. Random numbers are: 2068838193, 974105925, 1513080547.
2018-11-13 00:03:11,101 30602  INFO  [626296] Started processing user request. Id = 626296d6-cb5c-43e8-9e0c-bd600351e0ec. Size = 87.5 KB.
2018-11-13 00:03:11,104 30605  INFO  [BackgroundDaemon] Processing data (5% completed)..
2018-11-13 00:03:11,106 30607  INFO  [b2bcef] Here's some useful guids:
		83a6084c-2c73-41dd-91b4-6960ec155080
		f939e992-5754-4fc5-b88c-1da623ec0f28
		b9d4f925-2e1b-4ee9-921a-ae6e8a1f7918
2018-11-13 00:03:11,120 30622  INFO  [626296] Doing some complicated stuff.. Random numbers are: 1369032368, 835037977, 2053689398.
2018-11-13 00:03:11,127 30628  INFO  [b2bcef] Finished processing user request with id = b2bcef79-ac39-42be-9fef-7f7f1eb6e6cc in 00:00:00.0517798.
2018-11-13 00:03:11,141 30642  INFO  [b06b54] Started processing user request. Id = b06b54ce-395f-4b3b-a513-86f41e1b247b. Size = 72.93 KB.
2018-11-13 00:03:11,147 30648  INFO  [BackgroundDaemon] Processing data (40% completed)..
2018-11-13 00:03:11,147 30648  INFO  [b06b54] Doing some complicated stuff.. Random numbers are: 1789131517, 738160946, 117823739.
2018-11-13 00:03:11,158 30659  INFO  [626296] Here's some useful guids:
		6f32781d-6ee6-4cc3-88a7-f1419bcda811
		8872d773-5ce3-434f-a57f-df719db4d612
		198b5394-46c0-40b7-ac11-a44ea21557ef
		0274211a-9819-41f4-a196-6453a664496c
2018-11-13 00:03:11,160 30661  INFO  [6c379a] Started processing user request. Id = 6c379a74-5336-4c65-a4c9-21b64a3a3431. Size = 15.21 KB.
2018-11-13 00:03:11,175 30676  INFO  [6c379a] Doing some complicated stuff.. Random numbers are: 465540085, 184395836, 749943461.
2018-11-13 00:03:11,181 30682  INFO  [b06b54] Finished processing user request with id = b06b54ce-395f-4b3b-a513-86f41e1b247b in 00:00:00.0400844.
2018-11-13 00:03:11,186 30687  INFO  [626296] Finished processing user request with id = 626296d6-cb5c-43e8-9e0c-bd600351e0ec in 00:00:00.0847506.
2018-11-13 00:03:11,188 30689  INFO  [6c379a] Finished processing user request with id = 6c379a74-5336-4c65-a4c9-21b64a3a3431 in 00:00:00.0279659.
2018-11-13 00:03:11,195 30696  INFO  [f84969] Started processing user request. Id = f8496995-08fc-4d3e-b41a-6b1ee6fb9260. Size = 30.58 KB.
2018-11-13 00:03:11,202 30703  INFO  [BackgroundDaemon] Processing data (51% completed)..
2018-11-13 00:03:11,202 30703  INFO  [BackgroundDaemon] Finished iteration in 00:00:00.1528180.
2018-11-13 00:03:11,209 30710  INFO  [f84969] Doing some complicated stuff.. Random numbers are: 770011674, 1601953415, 2138365882.
2018-11-13 00:03:11,218 30719  INFO  [be531c] Started processing user request. Id = be531cd9-a2ce-4448-bd2c-9a9853c51079. Size = 46.21 KB.
2018-11-13 00:03:11,224 30725  INFO  [be531c] Doing some complicated stuff.. Random numbers are: 890541843, 939408514, 1713728498.
2018-11-13 00:03:11,252 30753  ERROR [f84969] 
System.InvalidOperationException: Oh no! An error occurred!
2018-11-13 00:03:11,266 30767  INFO  [cd40ec] Started processing user request. Id = cd40ec3c-3645-4631-bfc3-0f1842640c8d. Size = 67.71 KB.
2018-11-13 00:03:11,270 30771  INFO  [cd40ec] Doing some complicated stuff.. Random numbers are: 1464416505, 1746507366, 1843281695.
2018-11-13 00:03:11,275 30776  INFO  [be531c] Finished processing user request with id = be531cd9-a2ce-4448-bd2c-9a9853c51079 in 00:00:00.0570594.
2018-11-13 00:03:11,278 30779  INFO  [Metrics] Cpu: 3.00%; Memory: 19.78 GB/31.88 GB; Workers: 4/1024; IOCP: 0/1024
2018-11-13 00:03:11,297 30798  INFO  [cd40ec] Here's some useful guids:
		b93f4d11-4015-4c0a-9a7e-0e4f8aa27e82
		46e1bb72-a60b-4b3a-a46a-e93570d972d4
		10aa8b81-762d-4809-ba0c-4d010cb6c6e5
		c1fecd97-dc07-4848-b8cb-e8693cf2f80c
2018-11-13 00:03:11,307 30808  INFO  [581b19] Started processing user request. Id = 581b1914-f87c-4f89-92d5-73eb4bb9aa59. Size = 25.63 KB.
2018-11-13 00:03:11,317 30818  INFO  [cd40ec] Finished processing user request with id = cd40ec3c-3645-4631-bfc3-0f1842640c8d in 00:00:00.0510417.
2018-11-13 00:03:11,320 30821  INFO  [581b19] Doing some complicated stuff.. Random numbers are: 1586367119, 243405119, 1156249381.
2018-11-13 00:03:11,330 30831  INFO  [773c8c] Started processing user request. Id = 773c8cb2-6d74-45af-be23-06f8913a2b55. Size = 25.48 KB.
2018-11-13 00:03:11,338 30839  INFO  [581b19] Here's some useful guids:
		18028b0f-c517-4b11-aecb-900c57bba160
		56a03535-ab24-42e1-9b76-e814051a0be0
		63006794-9e07-42b3-bee0-024953a58cd5
2018-11-13 00:03:11,345 30846  INFO  [773c8c] Doing some complicated stuff.. Random numbers are: 1582444626, 2146769605, 828286095.
2018-11-13 00:03:11,355 30856  INFO  [581b19] Finished processing user request with id = 581b1914-f87c-4f89-92d5-73eb4bb9aa59 in 00:00:00.0479203.
2018-11-13 00:03:11,355 30856  INFO  [59bbc8] Started processing user request. Id = 59bbc8c7-db27-4f73-af7f-0bc2834e3fe2. Size = 61.29 KB.
2018-11-13 00:03:11,363 30864  INFO  [59bbc8] Doing some complicated stuff.. Random numbers are: 202526163, 425278509, 661022154.
2018-11-13 00:03:11,379 30880  INFO  [773c8c] Finished processing user request with id = 773c8cb2-6d74-45af-be23-06f8913a2b55 in 00:00:00.0488625.
2018-11-13 00:03:11,386 30887  INFO  [666388] Started processing user request. Id = 6663881e-40dd-4cb3-962f-094d733b4595. Size = 51.39 KB.
2018-11-13 00:03:11,392 30893  INFO  [f8183e] Started processing user request. Id = f8183efc-12b1-4a8b-88bc-0b3df9133440. Size = 32.12 KB.
2018-11-13 00:03:11,393 30894  INFO  [59bbc8] Here's some useful guids:
		b069c440-4a5b-4ff5-a8fc-86fb47b03cb8
		64b56fb7-875f-4e4b-9825-e33ed5a42295
		c8572d08-4402-48f7-9652-ba1f9874f133
		36516319-1d9d-4ca5-9d1c-aab57a13281d
2018-11-13 00:03:11,399 30900  INFO  [59bbc8] Finished processing user request with id = 59bbc8c7-db27-4f73-af7f-0bc2834e3fe2 in 00:00:00.0441183.
2018-11-13 00:03:11,401 30902  INFO  [f8183e] Doing some complicated stuff.. Random numbers are: 853990829, 674597555, 91470362.
2018-11-13 00:03:11,402 30903  INFO  [BackgroundDaemon] Starting iteration #15513.
2018-11-13 00:03:11,406 30907  INFO  [666388] Doing some complicated stuff.. Random numbers are: 1780703730, 395116013, 205259398.
2018-11-13 00:03:11,422 30923  INFO  [f8183e] Finished processing user request with id = f8183efc-12b1-4a8b-88bc-0b3df9133440 in 00:00:00.0299489.
2018-11-13 00:03:11,435 30936  INFO  [a6fcb2] Started processing user request. Id = a6fcb247-9226-4c9a-9472-f8794ac83f3a. Size = 92.17 KB.
2018-11-13 00:03:11,439 30941  INFO  [666388] Finished processing user request with id = 6663881e-40dd-4cb3-962f-094d733b4595 in 00:00:00.0531897.
2018-11-13 00:03:11,449 30951  INFO  [BackgroundDaemon] Processing data (9% completed)..
2018-11-13 00:03:11,454 30956  INFO  [a6fcb2] Doing some complicated stuff.. Random numbers are: 66623911, 277117437, 1085877849.
2018-11-13 00:03:11,471 30972  INFO  [c5015f] Started processing user request. Id = c5015f79-6478-4ea6-91e0-abd65a862af9. Size = 30.83 KB.
2018-11-13 00:03:11,475 30976  INFO  [c5015f] Doing some complicated stuff.. Random numbers are: 1882058600, 45537538, 63170243.
2018-11-13 00:03:11,484 30985  INFO  [a6fcb2] Finished processing user request with id = a6fcb247-9226-4c9a-9472-f8794ac83f3a in 00:00:00.0483376.
2018-11-13 00:03:11,497 30998  INFO  [07a6fb] Started processing user request. Id = 07a6fb7e-c387-4c9c-b3d0-69732933d998. Size = 91.25 KB.
2018-11-13 00:03:11,506 31007  INFO  [07a6fb] Doing some complicated stuff.. Random numbers are: 340931573, 1824439218, 684058797.
2018-11-13 00:03:11,509 31010  INFO  [c5015f] Here's some useful guids:
		0490faf6-d312-4750-b233-8962629f1d67
2018-11-13 00:03:11,514 31015  INFO  [07a6fb] Here's some useful guids:
		d2ceac02-74ba-4d1a-8c26-1830690e6ada
		8ffc27d9-8f1b-4330-86ae-ac6b57fab07d
		7a85a2ee-26d4-43ee-9a85-552fd7edcc7d
		417f836d-60f2-41d3-8d76-fc63c11cbf43
2018-11-13 00:03:11,527 31028  INFO  [07a6fb] Finished processing user request with id = 07a6fb7e-c387-4c9c-b3d0-69732933d998 in 00:00:00.0302480.
2018-11-13 00:03:11,536 31037  INFO  [c5015f] Finished processing user request with id = c5015f79-6478-4ea6-91e0-abd65a862af9 in 00:00:00.0656378.
2018-11-13 00:03:11,540 31041  INFO  [BackgroundDaemon] Processing data (37% completed)..
2018-11-13 00:03:11,541 31042  INFO  [4517b1] Started processing user request. Id = 4517b1ba-430d-4f94-a860-10c28d886db4. Size = 67.06 KB.
2018-11-13 00:03:11,561 31062  INFO  [4517b1] Doing some complicated stuff.. Random numbers are: 928701270, 973323781, 1607975331.
2018-11-13 00:03:11,566 31067  INFO  [435854] Started processing user request. Id = 435854db-6e60-4b63-9c1e-b3489e768251. Size = 67.58 KB.
2018-11-13 00:03:11,567 31068  INFO  [7eb501] Started processing user request. Id = 7eb5014e-4a14-4e60-91e3-c1c224a8c67b. Size = 18.17 KB.
2018-11-13 00:03:11,583 31084  INFO  [435854] Doing some complicated stuff.. Random numbers are: 134543122, 1782563514, 1400887808.
2018-11-13 00:03:11,585 31087  INFO  [7eb501] Doing some complicated stuff.. Random numbers are: 2119277198, 1486900029, 1259811479.
2018-11-13 00:03:11,607 31108  INFO  [4517b1] Finished processing user request with id = 4517b1ba-430d-4f94-a860-10c28d886db4 in 00:00:00.0661349.
2018-11-13 00:03:11,616 31117  INFO  [435854] Here's some useful guids:
		b65d29aa-61d8-406f-9e4d-afbc1498f125
2018-11-13 00:03:11,618 31119  INFO  [7eb501] Finished processing user request with id = 7eb5014e-4a14-4e60-91e3-c1c224a8c67b in 00:00:00.0506903.
2018-11-13 00:03:11,621 31122  INFO  [d48245] Started processing user request. Id = d48245fb-01ab-4a5b-9010-480592293e41. Size = 85.67 KB.
2018-11-13 00:03:11,632 31133  INFO  [435854] Finished processing user request with id = 435854db-6e60-4b63-9c1e-b3489e768251 in 00:00:00.0652378.
2018-11-13 00:03:11,634 31135  INFO  [d48245] Doing some complicated stuff.. Random numbers are: 960278478, 386798985, 963116867.
2018-11-13 00:03:11,637 31138  INFO  [BackgroundDaemon] Processing data (81% completed)..
2018-11-13 00:03:11,637 31138  INFO  [BackgroundDaemon] Finished iteration in 00:00:00.2347828.
2018-11-13 00:03:11,649 31150  INFO  [cdabb0] Started processing user request. Id = cdabb0e7-db04-4867-9129-dad69c2e76fe. Size = 9.72 KB.
2018-11-13 00:03:11,658 31159  INFO  [d48245] Finished processing user request with id = d48245fb-01ab-4a5b-9010-480592293e41 in 00:00:00.0372830.
2018-11-13 00:03:11,667 31168  INFO  [cdabb0] Doing some complicated stuff.. Random numbers are: 1724034649, 781976614, 1305952952.
2018-11-13 00:03:11,672 31173  INFO  [2fdaf1] Started processing user request. Id = 2fdaf1f6-ca70-4054-a520-a8d9bce1217f. Size = 12.81 KB.
2018-11-13 00:03:11,677 31178  INFO  [2fdaf1] Doing some complicated stuff.. Random numbers are: 828774104, 494778330, 1923290968.
2018-11-13 00:03:11,682 31183  INFO  [cdabb0] Here's some useful guids:
		f6d317d2-b3e9-4a0f-abea-4a8033062718
		eb7c7c7f-247e-42bf-b86f-84de542aec3c
		3ebe2d19-31e1-4cba-b3d6-1e658eb10946
2018-11-13 00:03:11,701 31202  INFO  [cdabb0] Finished processing user request with id = cdabb0e7-db04-4867-9129-dad69c2e76fe in 00:00:00.0520671.
2018-11-13 00:03:11,716 31218  INFO  [2fdaf1] Finished processing user request with id = 2fdaf1f6-ca70-4054-a520-a8d9bce1217f in 00:00:00.0444107.
2018-11-13 00:03:11,730 31231  INFO  [ee4400] Started processing user request. Id = ee440019-b265-4c6c-991d-c5494a7536a8. Size = 46.88 KB.
2018-11-13 00:03:11,732 31233  INFO  [ee4400] Doing some complicated stuff.. Random numbers are: 378099083, 493975741, 632585318.
2018-11-13 00:03:11,733 31234  INFO  [c12987] Started processing user request. Id = c1298730-42ed-461b-a39a-0dc991983832. Size = 31.32 KB.
2018-11-13 00:03:11,747 31248  INFO  [c12987] Doing some complicated stuff.. Random numbers are: 176398736, 1411538472, 1730690279.
2018-11-13 00:03:11,768 31269  INFO  [ee4400] Here's some useful guids:
		0ddaf6cc-2eee-42f4-a24c-c6f5e36e923a
		7679e5c5-af23-4508-840b-95ed411e2eeb
		1e174150-1856-44b9-9db3-e379f1d5a939
2018-11-13 00:03:11,774 31275  INFO  [c12987] Finished processing user request with id = c1298730-42ed-461b-a39a-0dc991983832 in 00:00:00.0414917.
2018-11-13 00:03:11,778 31279  INFO  [Metrics] Cpu: 3.00%; Memory: 19.79 GB/31.88 GB; Workers: 4/1024; IOCP: 0/1024
2018-11-13 00:03:11,780 31281  INFO  [ee4400] Finished processing user request with id = ee440019-b265-4c6c-991d-c5494a7536a8 in 00:00:00.0502282.
2018-11-13 00:03:11,794 31295  INFO  [e59411] Started processing user request. Id = e59411e1-d7d2-4a21-a7a0-f287f2b0da2e. Size = 50.48 KB.
2018-11-13 00:03:11,799 31300  INFO  [e59411] Doing some complicated stuff.. Random numbers are: 729693935, 2006914439, 1788472599.
2018-11-13 00:03:11,799 31300  INFO  [f22bd6] Started processing user request. Id = f22bd688-6ef3-4fb0-84bd-ef44b33807c6. Size = 20.92 KB.
2018-11-13 00:03:11,806 31307  INFO  [9c2d9c] Started processing user request. Id = 9c2d9c95-6d21-4991-a7e5-a7f9fa806533. Size = 69.61 KB.
2018-11-13 00:03:11,811 31312  INFO  [9c2d9c] Doing some complicated stuff.. Random numbers are: 469152621, 988178407, 540118961.
2018-11-13 00:03:11,816 31317  INFO  [f22bd6] Doing some complicated stuff.. Random numbers are: 1895323661, 1652829735, 878273614.
2018-11-13 00:03:11,818 31319  INFO  [f22bd6] Here's some useful guids:
		6a02656e-8f75-4258-8478-1e49bd635d5b
		64d079ce-848e-4383-974a-a289735c068d
		3c3e4802-c21b-4159-8396-db5317994da4
		90109e80-f8b4-4df5-ae9c-df616cc710fd
2018-11-13 00:03:11,821 31322  INFO  [9c2d9c] Here's some useful guids:
		91ee2825-08e5-4f69-9b19-36578aeb48fd
		431d87de-3e15-4a49-9402-bd8469dc3e74
2018-11-13 00:03:11,831 31332  INFO  [f22bd6] Finished processing user request with id = f22bd688-6ef3-4fb0-84bd-ef44b33807c6 in 00:00:00.0317676.
2018-11-13 00:03:11,837 31338  INFO  [BackgroundDaemon] Starting iteration #15514.
2018-11-13 00:03:11,838 31339  INFO  [9c2d9c] Finished processing user request with id = 9c2d9c95-6d21-4991-a7e5-a7f9fa806533 in 00:00:00.0320265.
2018-11-13 00:03:11,845 31346  INFO  [e59411] Finished processing user request with id = e59411e1-d7d2-4a21-a7a0-f287f2b0da2e in 00:00:00.0515147.
2018-11-13 00:03:11,859 31360  INFO  [8ff85f] Started processing user request. Id = 8ff85fb1-10fa-442b-90d0-c9e0ca4dd0a4. Size = 22.28 KB.
2018-11-13 00:03:11,869 31370  INFO  [404155] Started processing user request. Id = 40415564-dcc0-4a38-b421-9f6e5d8dd859. Size = 23.81 KB.
2018-11-13 00:03:11,873 31374  INFO  [8ff85f] Doing some complicated stuff.. Random numbers are: 1575956947, 1119458211, 1172036049.
2018-11-13 00:03:11,878 31379  INFO  [404155] Doing some complicated stuff.. Random numbers are: 533953928, 1351513199, 1904251437.
2018-11-13 00:03:11,884 31385  INFO  [BackgroundDaemon] Processing data (18% completed)..
2018-11-13 00:03:11,890 31391  INFO  [8ff85f] Finished processing user request with id = 8ff85fb1-10fa-442b-90d0-c9e0ca4dd0a4 in 00:00:00.0311761.
2018-11-13 00:03:11,904 31405  INFO  [f9f616] Started processing user request. Id = f9f616d1-1083-478c-9715-c61f6005d4fc. Size = 44.45 KB.
2018-11-13 00:03:11,906 31407  INFO  [f9f616] Doing some complicated stuff.. Random numbers are: 1384518088, 1804993330, 1035246612.
2018-11-13 00:03:11,913 31414  INFO  [f9f616] Here's some useful guids:
		27189f42-aee8-40fd-9d9d-8a5b936f77d0
		e08458cc-fc98-41fb-8697-7a60bb17d36c
		dec0317f-0d64-4ae9-a1fe-c6728d127df6
2018-11-13 00:03:11,916 31417  INFO  [f9f616] Finished processing user request with id = f9f616d1-1083-478c-9715-c61f6005d4fc in 00:00:00.0120340.
2018-11-13 00:03:11,929 31430  INFO  [c5c644] Started processing user request. Id = c5c64458-c0f2-488d-9470-37938f7538e0. Size = 33.84 KB.
2018-11-13 00:03:11,932 31434  INFO  [404155] Finished processing user request with id = 40415564-dcc0-4a38-b421-9f6e5d8dd859 in 00:00:00.0631912.
2018-11-13 00:03:11,939 31440  INFO  [c5c644] Doing some complicated stuff.. Random numbers are: 164435241, 1945337917, 1524968393.
2018-11-13 00:03:11,950 31452  INFO  [c5c644] Here's some useful guids:
		15c414a6-7805-49a3-9c91-63167dd0285e
		9205c169-cb99-4052-814c-d88d8b3499ce
		b169da9a-f29e-4373-b321-2b6f86922944
2018-11-13 00:03:11,964 31465  INFO  [ed26fa] Started processing user request. Id = ed26fa1d-bfa2-4e4e-a3a8-c26dd202462a. Size = 26.33 KB.
2018-11-13 00:03:11,965 31466  INFO  [BackgroundDaemon] Processing data (44% completed)..
2018-11-13 00:03:11,974 31475  INFO  [c5c644] Finished processing user request with id = c5c64458-c0f2-488d-9470-37938f7538e0 in 00:00:00.0443157.
2018-11-13 00:03:11,978 31479  INFO  [ed26fa] Doing some complicated stuff.. Random numbers are: 1383292565, 906047701, 1456722300.
2018-11-13 00:03:11,987 31488  INFO  [43bdcd] Started processing user request. Id = 43bdcd4d-1f58-49f2-ba43-0774e2d90f64. Size = 54.28 KB.
2018-11-13 00:03:11,998 31499  INFO  [b70aeb] Started processing user request. Id = b70aeb16-7a20-441e-b8dd-438b546a82be. Size = 72.57 KB.
2018-11-13 00:03:12,002 31503  INFO  [43bdcd] Doing some complicated stuff.. Random numbers are: 597777226, 1935544009, 279380926.
2018-11-13 00:03:12,011 31512  INFO  [b70aeb] Doing some complicated stuff.. Random numbers are: 1824977120, 651781961, 1359372792.
2018-11-13 00:03:12,025 31526  INFO  [43bdcd] Finished processing user request with id = 43bdcd4d-1f58-49f2-ba43-0774e2d90f64 in 00:00:00.0381199.
2018-11-13 00:03:12,026 31527  INFO  [b70aeb] Here's some useful guids:
		f33d8e6e-d6cc-4b31-98d2-2a5cd0931937
		66e4f624-8605-4aa2-a934-dbec37951afd
2018-11-13 00:03:12,029 31530  ERROR [b70aeb] 
System.InvalidOperationException: Oh no! An error occurred!
2018-11-13 00:03:12,034 31535  INFO  [ed26fa] Finished processing user request with id = ed26fa1d-bfa2-4e4e-a3a8-c26dd202462a in 00:00:00.0699852.
2018-11-13 00:03:12,039 31540  INFO  [27b016] Started processing user request. Id = 27b01679-0b66-46b6-850b-7ee824cca9c0. Size = 61.86 KB.
2018-11-13 00:03:12,041 31542  INFO  [BackgroundDaemon] Processing data (77% completed)..
2018-11-13 00:03:12,041 31542  INFO  [BackgroundDaemon] Finished iteration in 00:00:00.2034152.
2018-11-13 00:03:12,057 31558  INFO  [27b016] Doing some complicated stuff.. Random numbers are: 1454058432, 1568316184, 1964502529.
2018-11-13 00:03:12,061 31562  INFO  [27b016] Here's some useful guids:
		6c239dc5-f8b7-42cc-a774-ed06f1eee294
		a2f3c85f-d433-4ccf-8ef4-bf8b317093bc
		81fce8e9-598d-4398-9db4-6ba0719fb99e
		22c94318-3cef-4660-b1dc-a86648209617
		dca2ab9a-f6b5-4be6-8b25-b97de51e69ac
2018-11-13 00:03:12,066 31567  INFO  [127f9d] Started processing user request. Id = 127f9dc3-daac-467a-9ff1-66924f34f662. Size = 28.34 KB.
2018-11-13 00:03:12,069 31570  INFO  [127f9d] Doing some complicated stuff.. Random numbers are: 639474742, 1261198780, 651891551.
2018-11-13 00:03:12,079 31580  INFO  [127f9d] Here's some useful guids:
		ffc76887-47ee-4b34-952b-00accb6f3d1d
		23c3abaf-2890-4c97-99ca-6bfcb0c71533
		aa1f7757-666f-4370-a285-743217f10290
2018-11-13 00:03:12,081 31582  INFO  [27b016] Finished processing user request with id = 27b01679-0b66-46b6-850b-7ee824cca9c0 in 00:00:00.0427934.
2018-11-13 00:03:12,095 31596  INFO  [d1a2d6] Started processing user request. Id = d1a2d69e-ab92-491e-b246-48bb3084663e. Size = 17.48 KB.
2018-11-13 00:03:12,106 31607  INFO  [127f9d] Finished processing user request with id = 127f9dc3-daac-467a-9ff1-66924f34f662 in 00:00:00.0405475.
2018-11-13 00:03:12,111 31612  INFO  [d1a2d6] Doing some complicated stuff.. Random numbers are: 885573282, 774881258, 2092524451.
2018-11-13 00:03:12,136 31638  INFO  [d1a2d6] Finished processing user request with id = d1a2d69e-ab92-491e-b246-48bb3084663e in 00:00:00.0417336.
2018-11-13 00:03:12,137 31639  INFO  [3dc0fb] Started processing user request. Id = 3dc0fbe6-b24a-4cad-a3ea-8fe15a82b7ca. Size = 54.11 KB.
2018-11-13 00:03:12,139 31641  INFO  [3dc0fb] Doing some complicated stuff.. Random numbers are: 555983296, 111417400, 1822128393.
2018-11-13 00:03:12,146 31647  INFO  [3dc0fb] Here's some useful guids:
		d1b30f8f-eca5-47ba-85f2-dba425e14b18
		8a6f0a9c-6672-4fc4-8a8d-84141b0aa9b4
		2ede629a-a5ba-4ad0-8d9e-b007b3f75616
2018-11-13 00:03:12,148 31649  INFO  [3dc0fb] Finished processing user request with id = 3dc0fbe6-b24a-4cad-a3ea-8fe15a82b7ca in 00:00:00.0101059.
2018-11-13 00:03:12,150 31651  INFO  [5e05c6] Started processing user request. Id = 5e05c6fc-ffe4-4230-a4ee-17c3a4fa9b51. Size = 2.33 KB.
2018-11-13 00:03:12,155 31656  INFO  [5e05c6] Doing some complicated stuff.. Random numbers are: 825328882, 1710443787, 1775346310.
2018-11-13 00:03:12,179 31680  INFO  [93e415] Started processing user request. Id = 93e4159b-b819-4c53-b6af-5214db965f3d. Size = 19.18 KB.
2018-11-13 00:03:12,192 31693  INFO  [93e415] Doing some complicated stuff.. Random numbers are: 1842906774, 1896767942, 348864088.
2018-11-13 00:03:12,196 31697  INFO  [3ba6cf] Started processing user request. Id = 3ba6cf9d-3edd-4a35-ba09-60ff642666fb. Size = 34.18 KB.
2018-11-13 00:03:12,197 31698  INFO  [93e415] Finished processing user request with id = 93e4159b-b819-4c53-b6af-5214db965f3d in 00:00:00.0184984.
2018-11-13 00:03:12,209 31710  INFO  [5e05c6] Finished processing user request with id = 5e05c6fc-ffe4-4230-a4ee-17c3a4fa9b51 in 00:00:00.0595277.
2018-11-13 00:03:12,211 31712  INFO  [3ba6cf] Doing some complicated stuff.. Random numbers are: 106549746, 707257517, 1070004291.
2018-11-13 00:03:12,223 31724  INFO  [e78e7d] Started processing user request. Id = e78e7d6a-9642-43c5-adcd-ee4176585267. Size = 72.96 KB.
2018-11-13 00:03:12,229 31730  INFO  [66f583] Started processing user request. Id = 66f583a4-13bb-4f93-b31d-6885b1675c18. Size = 53.01 KB.
2018-11-13 00:03:12,237 31738  INFO  [e78e7d] Doing some complicated stuff.. Random numbers are: 949980519, 524989432, 750752840.
2018-11-13 00:03:12,239 31740  INFO  [66f583] Doing some complicated stuff.. Random numbers are: 1435865618, 1318926199, 528798344.
2018-11-13 00:03:12,240 31741  INFO  [66f583] Here's some useful guids:
		9dd9a964-2b9f-4e4f-a04c-c866e40b7c2d
2018-11-13 00:03:12,241 31742  INFO  [BackgroundDaemon] Starting iteration #15515.
2018-11-13 00:03:12,245 31746  INFO  [3ba6cf] Here's some useful guids:
		000713a4-eaa5-4340-ba5a-73cee5070c04
		dd85cf03-842a-4026-a279-492d6d7b9d17
		297b21c2-d515-416e-a8db-055d51a6b52e
		a57e879d-6c2a-4f7b-ae00-f0fae3e3eab6
		24aa7e04-7b9b-471c-b719-a2fd925d6a40
2018-11-13 00:03:12,260 31761  INFO  [66f583] Finished processing user request with id = 66f583a4-13bb-4f93-b31d-6885b1675c18 in 00:00:00.0304486.
2018-11-13 00:03:12,262 31763  INFO  [3ba6cf] Finished processing user request with id = 3ba6cf9d-3edd-4a35-ba09-60ff642666fb in 00:00:00.0655044.
2018-11-13 00:03:12,271 31772  INFO  [e78e7d] Here's some useful guids:
		2e7d2346-57a5-49e8-865e-c15f44ba499e
		21699f6b-1a80-4926-961c-cafa4512346a
		d6912d17-8210-408e-9928-e252ead774fd
		24167964-f164-49d9-a0c3-245c8e918b46
2018-11-13 00:03:12,277 31778  INFO  [Metrics] Cpu: 0.68%; Memory: 19.79 GB/31.88 GB; Workers: 4/1024; IOCP: 0/1024
2018-11-13 00:03:12,291 31792  INFO  [e78e7d] Finished processing user request with id = e78e7d6a-9642-43c5-adcd-ee4176585267 in 00:00:00.0681718.
2018-11-13 00:03:12,291 31792  INFO  [03723c] Started processing user request. Id = 03723c7e-1ecc-4ef5-9a96-f4ee607bdbb6. Size = 96.35 KB.
2018-11-13 00:03:12,295 31796  INFO  [03723c] Doing some complicated stuff.. Random numbers are: 646014672, 237275443, 1052198358.
2018-11-13 00:03:12,304 31806  INFO  [6b61c9] Started processing user request. Id = 6b61c949-3182-4521-93b2-200ce74ba38a. Size = 15.88 KB.
2018-11-13 00:03:12,321 31822  INFO  [6b61c9] Doing some complicated stuff.. Random numbers are: 819889126, 920708855, 1047068320.
2018-11-13 00:03:12,333 31834  INFO  [03723c] Finished processing user request with id = 03723c7e-1ecc-4ef5-9a96-f4ee607bdbb6 in 00:00:00.0419020.
2018-11-13 00:03:12,338 31839  INFO  [BackgroundDaemon] Processing data (18% completed)..
2018-11-13 00:03:12,365 31866  INFO  [75afe0] Started processing user request. Id = 75afe0ab-4d29-48f8-8240-6275d085cd7b. Size = 78.09 KB.
2018-11-13 00:03:12,365 31866  INFO  [6b61c9] Finished processing user request with id = 6b61c949-3182-4521-93b2-200ce74ba38a in 00:00:00.0606250.
2018-11-13 00:03:12,371 31872  INFO  [75afe0] Doing some complicated stuff.. Random numbers are: 599756444, 781294151, 1100408473.
2018-11-13 00:03:12,378 31879  INFO  [f09145] Started processing user request. Id = f0914535-97dd-4e63-8524-ab5a635a5a1b. Size = 38.53 KB.
2018-11-13 00:03:12,384 31885  INFO  [f09145] Doing some complicated stuff.. Random numbers are: 772298367, 402557831, 1909722355.
2018-11-13 00:03:12,400 31901  INFO  [f09145] Finished processing user request with id = f0914535-97dd-4e63-8524-ab5a635a5a1b in 00:00:00.0219713.
2018-11-13 00:03:12,413 31914  INFO  [a4ad2e] Started processing user request. Id = a4ad2e2c-cdc8-4724-bf38-691c0b0ebec3. Size = 13.19 KB.
2018-11-13 00:03:12,415 31916  INFO  [75afe0] Finished processing user request with id = 75afe0ab-4d29-48f8-8240-6275d085cd7b in 00:00:00.0501414.
2018-11-13 00:03:12,427 31928  INFO  [BackgroundDaemon] Processing data (31% completed)..
2018-11-13 00:03:12,429 31930  INFO  [2c517b] Started processing user request. Id = 2c517b2f-647c-48c8-a6e5-a8ff3d0c7766. Size = 33.46 KB.
2018-11-13 00:03:12,430 31931  INFO  [a4ad2e] Doing some complicated stuff.. Random numbers are: 1934774151, 599459172, 838086255.
2018-11-13 00:03:12,446 31947  INFO  [cb1e78] Started processing user request. Id = cb1e7898-1931-4d8b-a47e-76d08294639d. Size = 40.68 KB.
2018-11-13 00:03:12,449 31950  INFO  [2c517b] Doing some complicated stuff.. Random numbers are: 400805434, 1491984858, 409767322.
2018-11-13 00:03:12,452 31953  INFO  [a4ad2e] Here's some useful guids:
		15ad686c-7965-4e35-bd8d-0238aecb39e5
		b5fb467e-26f6-448f-964b-8e60d47b0d52
		e7600afc-fabf-44ab-a248-b707a752c87a
		ae436f2c-d3eb-48b4-b0cd-0fa3d8ae4bda
		1c7f5da1-8bdf-411f-976e-645c001913c1
2018-11-13 00:03:12,454 31955  INFO  [cb1e78] Doing some complicated stuff.. Random numbers are: 401816743, 731358493, 812676854.
2018-11-13 00:03:12,463 31964  ERROR [a4ad2e] 
System.InvalidOperationException: Oh no! An error occurred!
2018-11-13 00:03:12,476 31977  INFO  [5f94ce] Started processing user request. Id = 5f94ce03-4e3e-4325-83ac-b0013a85f712. Size = 48.24 KB.
2018-11-13 00:03:12,482 31983  INFO  [2c517b] Here's some useful guids:
		283bb54b-0e8e-47a3-b2da-f5eac0ca0c29
		6f1264a4-01a4-4d95-94a3-b3e92c71f2e6
2018-11-13 00:03:12,484 31986  INFO  [cb1e78] Here's some useful guids:
		6127807b-ac3b-4c8b-91dc-d5b51e434cf5
		e42b2aa9-1eea-4ea9-9d51-52221ce8a85d
		7b45ef1e-5544-4d26-a498-462c8f7ab0c2
		06d93478-3457-43cc-b165-97ed996c3b0f
		8e55d3a6-0ea2-4c1a-b452-7ee288ea8e99
2018-11-13 00:03:12,486 31988  INFO  [BackgroundDaemon] Processing data (96% completed)..
2018-11-13 00:03:12,486 31988  INFO  [BackgroundDaemon] Finished iteration in 00:00:00.2451322.
2018-11-13 00:03:12,487 31989  INFO  [5f94ce] Doing some complicated stuff.. Random numbers are: 1878922472, 563560567, 1876943249.
2018-11-13 00:03:12,506 32007  INFO  [2c517b] Finished processing user request with id = 2c517b2f-647c-48c8-a6e5-a8ff3d0c7766 in 00:00:00.0768860.
2018-11-13 00:03:12,511 32012  INFO  [cb1e78] Finished processing user request with id = cb1e7898-1931-4d8b-a47e-76d08294639d in 00:00:00.0648153.
2018-11-13 00:03:12,523 32024  INFO  [5f94ce] Finished processing user request with id = 5f94ce03-4e3e-4325-83ac-b0013a85f712 in 00:00:00.0473453.
2018-11-13 00:03:12,537 32038  INFO  [648f8f] Started processing user request. Id = 648f8fd1-a11c-4ccc-92af-df293704f332. Size = 78.7 KB.
2018-11-13 00:03:12,542 32043  INFO  [bb1298] Started processing user request. Id = bb1298a0-c80c-4a07-912a-05dddcad6d06. Size = 1.24 KB.
2018-11-13 00:03:12,542 32043  INFO  [bb1298] Doing some complicated stuff.. Random numbers are: 1057998733, 313197448, 1597272385.
2018-11-13 00:03:12,554 32055  INFO  [648f8f] Doing some complicated stuff.. Random numbers are: 201822855, 459593261, 693541166.
2018-11-13 00:03:12,558 32059  INFO  [bb1298] Here's some useful guids:
		1cea66cc-725b-402a-b415-62f394fa633f
		10c71cbf-b7e6-43c1-99b6-d5322aca8ff1
		445deee8-a028-4a9b-a926-33845670a4b3
		d2740c6b-d13f-4a3f-b391-f89877448b8c
		3118fee8-ac02-4892-83b7-6556c6c9aa3d
2018-11-13 00:03:12,573 32074  INFO  [648f8f] Here's some useful guids:
		35534064-65db-4290-82d7-8becf4edf6d2
		209cae75-32a7-42ec-993e-2ffdfb4d9ae7
		70f70c17-d7ca-4ca2-9257-274969aa5a02
2018-11-13 00:03:12,585 32086  INFO  [bb1298] Finished processing user request with id = bb1298a0-c80c-4a07-912a-05dddcad6d06 in 00:00:00.0424292.
2018-11-13 00:03:12,585 32086  INFO  [648f8f] Finished processing user request with id = 648f8fd1-a11c-4ccc-92af-df293704f332 in 00:00:00.0482851.
2018-11-13 00:03:12,598 32099  INFO  [f3a558] Started processing user request. Id = f3a55824-71b0-4308-a64a-d2b6897d772b. Size = 54.28 KB.
2018-11-13 00:03:12,601 32102  INFO  [f3a558] Doing some complicated stuff.. Random numbers are: 1351872759, 1070088297, 515224634.
2018-11-13 00:03:12,616 32117  INFO  [a99770] Started processing user request. Id = a997709a-9ac7-42a4-af1b-ebb7c2319945. Size = 36.14 KB.
2018-11-13 00:03:12,634 32135  INFO  [a99770] Doing some complicated stuff.. Random numbers are: 898006191, 229952456, 697245870.
2018-11-13 00:03:12,651 32152  INFO  [f3a558] Finished processing user request with id = f3a55824-71b0-4308-a64a-d2b6897d772b in 00:00:00.0534498.
2018-11-13 00:03:12,652 32153  INFO  [a99770] Finished processing user request with id = a997709a-9ac7-42a4-af1b-ebb7c2319945 in 00:00:00.0361168.
2018-11-13 00:03:12,665 32166  INFO  [610167] Started processing user request. Id = 610167aa-c89d-4f21-a7b3-f9a00489657a. Size = 41.79 KB.
2018-11-13 00:03:12,673 32174  INFO  [708496] Started processing user request. Id = 7084965a-31c0-4f90-a90c-87c2c980d02c. Size = 68.21 KB.
2018-11-13 00:03:12,681 32182  INFO  [708496] Doing some complicated stuff.. Random numbers are: 668065200, 799298998, 1672680903.
2018-11-13 00:03:12,681 32182  INFO  [708496] Here's some useful guids:
		a28d3862-23c2-4328-a7ca-0314487ce646
		561a90f2-dac4-462e-a863-71f57fe79978
		3a416e4d-372c-45bb-90fa-0d2e85170d9f
		0d7f7162-cb2d-437a-967f-f78680d53a7c
2018-11-13 00:03:12,682 32183  INFO  [610167] Doing some complicated stuff.. Random numbers are: 666254289, 1125558230, 740232189.
2018-11-13 00:03:12,684 32185  INFO  [fc38c3] Started processing user request. Id = fc38c325-c328-4543-a6cc-4f08bff72896. Size = 15.33 KB.
2018-11-13 00:03:12,687 32188  INFO  [BackgroundDaemon] Starting iteration #15516.
2018-11-13 00:03:12,687 32188  INFO  [708496] Finished processing user request with id = 7084965a-31c0-4f90-a90c-87c2c980d02c in 00:00:00.0136451.
2018-11-13 00:03:12,703 32204  INFO  [fc38c3] Doing some complicated stuff.. Random numbers are: 727257978, 868530306, 70965868.
2018-11-13 00:03:12,709 32210  INFO  [610167] Here's some useful guids:
		0705623a-5049-4fb0-bf4c-1145261a6842
		6e6d69c7-46cc-4026-bf1b-784412966b1c
		472bf3d1-4684-4988-85cc-bc931b983ad6
2018-11-13 00:03:12,724 32226  INFO  [610167] Finished processing user request with id = 610167aa-c89d-4f21-a7b3-f9a00489657a in 00:00:00.0592509.
2018-11-13 00:03:12,726 32228  INFO  [fc38c3] Here's some useful guids:
		4c6e3d15-eae7-4ad3-8422-967eff08769f
2018-11-13 00:03:12,738 32239  INFO  [76ac25] Started processing user request. Id = 76ac25ef-6790-4346-998b-32d9a3694f48. Size = 47.66 KB.
2018-11-13 00:03:12,740 32241  INFO  [76ac25] Doing some complicated stuff.. Random numbers are: 1934111329, 267506280, 167780653.
2018-11-13 00:03:12,746 32247  INFO  [fc38c3] Finished processing user request with id = fc38c325-c328-4543-a6cc-4f08bff72896 in 00:00:00.0616998.
2018-11-13 00:03:12,761 32262  INFO  [76ac25] Here's some useful guids:
		9c2c3b3f-fda1-4bbe-be5a-ea45d0ce0b19
2018-11-13 00:03:12,769 32270  INFO  [BackgroundDaemon] Processing data (5% completed)..
2018-11-13 00:03:12,776 32277  INFO  [Metrics] Cpu: 0.68%; Memory: 19.79 GB/31.88 GB; Workers: 4/1024; IOCP: 0/1024
2018-11-13 00:03:12,777 32278  INFO  [773acf] Started processing user request. Id = 773acffa-bc4a-4756-b942-ab110a224ea2. Size = 52.63 KB.
2018-11-13 00:03:12,780 32281  INFO  [76ac25] Finished processing user request with id = 76ac25ef-6790-4346-998b-32d9a3694f48 in 00:00:00.0427392.
2018-11-13 00:03:12,792 32293  INFO  [773acf] Doing some complicated stuff.. Random numbers are: 1187376714, 166175234, 570893382.
2018-11-13 00:03:12,793 32294  INFO  [b6aa3d] Started processing user request. Id = b6aa3dfe-64bd-4cff-bf61-1be79e4f2128. Size = 76.97 KB.
2018-11-13 00:03:12,795 32296  INFO  [b6aa3d] Doing some complicated stuff.. Random numbers are: 74049978, 1577778854, 945939164.
2018-11-13 00:03:12,841 32343  INFO  [773acf] Finished processing user request with id = 773acffa-bc4a-4756-b942-ab110a224ea2 in 00:00:00.0642044.
2018-11-13 00:03:12,841 32343  INFO  [BackgroundDaemon] Processing data (37% completed)..
2018-11-13 00:03:12,853 32355  INFO  [b6aa3d] Finished processing user request with id = b6aa3dfe-64bd-4cff-bf61-1be79e4f2128 in 00:00:00.0601878.
2018-11-13 00:03:12,855 32356  INFO  [2d0d92] Started processing user request. Id = 2d0d92f6-d959-4034-ab9b-abef63137604. Size = 78.57 KB.
2018-11-13 00:03:12,867 32368  INFO  [2d0d92] Doing some complicated stuff.. Random numbers are: 2120509281, 1164024210, 501660615.
2018-11-13 00:03:12,867 32368  INFO  [7bc25a] Started processing user request. Id = 7bc25a0a-9706-418a-8833-d30563502d10. Size = 62.32 KB.
2018-11-13 00:03:12,873 32374  INFO  [834234] Started processing user request. Id = 834234d7-b0e8-4c4f-80a2-a49ca28d9399. Size = 52.56 KB.
2018-11-13 00:03:12,881 32382  INFO  [7bc25a] Doing some complicated stuff.. Random numbers are: 121869331, 481525813, 227653839.
2018-11-13 00:03:12,892 32393  INFO  [834234] Doing some complicated stuff.. Random numbers are: 909750242, 1699432644, 27924092.
2018-11-13 00:03:12,899 32400  INFO  [BackgroundDaemon] Processing data (76% completed)..
2018-11-13 00:03:12,899 32400  INFO  [BackgroundDaemon] Finished iteration in 00:00:00.2122731.
2018-11-13 00:03:12,904 32405  INFO  [2d0d92] Finished processing user request with id = 2d0d92f6-d959-4034-ab9b-abef63137604 in 00:00:00.0496737.
2018-11-13 00:03:12,910 32411  INFO  [834234] Finished processing user request with id = 834234d7-b0e8-4c4f-80a2-a49ca28d9399 in 00:00:00.0370279.
2018-11-13 00:03:12,918 32419  INFO  [7bc25a] Finished processing user request with id = 7bc25a0a-9706-418a-8833-d30563502d10 in 00:00:00.0510924.
2018-11-13 00:03:12,931 32432  INFO  [d0ccb1] Started processing user request. Id = d0ccb184-db12-4fe6-aa49-a7321e55a340. Size = 73.54 KB.
2018-11-13 00:03:12,942 32443  INFO  [aa4f64] Started processing user request. Id = aa4f6478-0b85-4f54-8230-69765a447cda. Size = 7.85 KB.
2018-11-13 00:03:12,942 32443  INFO  [aa4f64] Doing some complicated stuff.. Random numbers are: 233936715, 466126525, 171042521.
2018-11-13 00:03:12,942 32443  INFO  [d0ccb1] Doing some complicated stuff.. Random numbers are: 661596776, 1981101271, 1695068676.
2018-11-13 00:03:12,974 32475  INFO  [d0ccb1] Finished processing user request with id = d0ccb184-db12-4fe6-aa49-a7321e55a340 in 00:00:00.0430219.
2018-11-13 00:03:12,988 32489  INFO  [aa4f64] Finished processing user request with id = aa4f6478-0b85-4f54-8230-69765a447cda in 00:00:00.0460406.
2018-11-13 00:03:12,988 32489  INFO  [220570] Started processing user request. Id = 220570a3-efe0-43d1-9f5d-b6fb2a519029. Size = 708 B.
2018-11-13 00:03:12,999 32500  INFO  [220570] Doing some complicated stuff.. Random numbers are: 2049696822, 1912751044, 1153688911.
2018-11-13 00:03:13,007 32508  INFO  [220570] Here's some useful guids:
		c4a0af0c-80b3-488d-abe1-1479ed7e6e40
2018-11-13 00:03:13,017 32518  INFO  [220570] Finished processing user request with id = 220570a3-efe0-43d1-9f5d-b6fb2a519029 in 00:00:00.0290295.
2018-11-13 00:03:13,019 32520  INFO  [5b2d84] Started processing user request. Id = 5b2d841d-f363-4f92-b87d-a32371c3383d. Size = 60.89 KB.
2018-11-13 00:03:13,029 32530  INFO  [5b2d84] Doing some complicated stuff.. Random numbers are: 1198466061, 1102429959, 812665292.
2018-11-13 00:03:13,030 32531  INFO  [5d7af3] Started processing user request. Id = 5d7af394-a79e-4e66-86c3-ea5a57794ea9. Size = 56.49 KB.
2018-11-13 00:03:13,032 32533  INFO  [5d7af3] Doing some complicated stuff.. Random numbers are: 1159585257, 1883582457, 328277025.
2018-11-13 00:03:13,047 32548  INFO  [5b2d84] Here's some useful guids:
		73bea2bc-e9d5-4f8c-b885-4bbf2fc871ae
		8f3d2483-36b5-49d7-b6af-f74da0f4fe06
2018-11-13 00:03:13,062 32564  INFO  [5d7af3] Finished processing user request with id = 5d7af394-a79e-4e66-86c3-ea5a57794ea9 in 00:00:00.0321397.
2018-11-13 00:03:13,071 32572  INFO  [5b2d84] Finished processing user request with id = 5b2d841d-f363-4f92-b87d-a32371c3383d in 00:00:00.0518947.
2018-11-13 00:03:13,072 32573  INFO  [d4915a] Started processing user request. Id = d4915a05-b720-461c-bb5c-c44da4abfe49. Size = 53.21 KB.
2018-11-13 00:03:13,076 32577  INFO  [cb8c35] Started processing user request. Id = cb8c35bb-5948-4f1e-87a7-d32b5509189d. Size = 81.49 KB.
2018-11-13 00:03:13,092 32593  INFO  [d4915a] Doing some complicated stuff.. Random numbers are: 330033160, 207805819, 312109938.
2018-11-13 00:03:13,092 32593  INFO  [cb8c35] Doing some complicated stuff.. Random numbers are: 1207178176, 619632116, 112033908.
2018-11-13 00:03:13,100 32601  INFO  [BackgroundDaemon] Starting iteration #15517.
2018-11-13 00:03:13,103 32604  INFO  [7dc77d] Started processing user request. Id = 7dc77de2-5e7d-462c-9b29-cf17c9ea06cc. Size = 83.01 KB.
2018-11-13 00:03:13,106 32607  INFO  [7dc77d] Doing some complicated stuff.. Random numbers are: 237015056, 1606023440, 2075574700.
2018-11-13 00:03:13,124 32625  INFO  [d4915a] Finished processing user request with id = d4915a05-b720-461c-bb5c-c44da4abfe49 in 00:00:00.0520364.
2018-11-13 00:03:13,129 32630  INFO  [7dc77d] Finished processing user request with id = 7dc77de2-5e7d-462c-9b29-cf17c9ea06cc in 00:00:00.0265093.
2018-11-13 00:03:13,131 32632  INFO  [cb8c35] Here's some useful guids:
		72e3fb1a-2553-40a4-a826-2fb20e75406e
2018-11-13 00:03:13,140 32641  INFO  [cb8c35] Finished processing user request with id = cb8c35bb-5948-4f1e-87a7-d32b5509189d in 00:00:00.0635763.
2018-11-13 00:03:13,153 32654  INFO  [08e7a7] Started processing user request. Id = 08e7a7f8-7315-4073-afc8-c192c2eb08be. Size = 28.85 KB.
2018-11-13 00:03:13,161 32662  INFO  [52375f] Started processing user request. Id = 52375f48-7017-423a-9d20-427df8d90c92. Size = 18.78 KB.
2018-11-13 00:03:13,164 32665  INFO  [08e7a7] Doing some complicated stuff.. Random numbers are: 1796458260, 2087396867, 327016450.
2018-11-13 00:03:13,168 32669  INFO  [52375f] Doing some complicated stuff.. Random numbers are: 724973634, 168510492, 207083578.
2018-11-13 00:03:13,180 32681  INFO  [BackgroundDaemon] Processing data (16% completed)..
2018-11-13 00:03:13,196 32697  INFO  [52375f] Finished processing user request with id = 52375f48-7017-423a-9d20-427df8d90c92 in 00:00:00.0346215.
2018-11-13 00:03:13,196 32697  INFO  [08e7a7] Here's some useful guids:
		2293a862-465b-4c98-8811-f6677758e855
2018-11-13 00:03:13,208 32709  INFO  [BackgroundDaemon] Processing data (22% completed)..
2018-11-13 00:03:13,219 32720  INFO  [08e7a7] Finished processing user request with id = 08e7a7f8-7315-4073-afc8-c192c2eb08be in 00:00:00.0654372.
2018-11-13 00:03:13,227 32728  INFO  [8eb87e] Started processing user request. Id = 8eb87e42-938e-4da1-985a-748d8ab37ab8. Size = 31.32 KB.
2018-11-13 00:03:13,232 32733  INFO  [e6cd22] Started processing user request. Id = e6cd228a-2f61-4f94-9442-0a09e355adb4. Size = 85.96 KB.
2018-11-13 00:03:13,240 32741  INFO  [8eb87e] Doing some complicated stuff.. Random numbers are: 1659508069, 753582309, 1653783087.
2018-11-13 00:03:13,249 32750  INFO  [e6cd22] Doing some complicated stuff.. Random numbers are: 16324337, 472242946, 2086731271.
2018-11-13 00:03:13,261 32762  INFO  [BackgroundDaemon] Processing data (60% completed)..
2018-11-13 00:03:13,261 32762  INFO  [BackgroundDaemon] Finished iteration in 00:00:00.1614718.
2018-11-13 00:03:13,276 32777  INFO  [Metrics] Cpu: 0.48%; Memory: 19.79 GB/31.88 GB; Workers: 4/1024; IOCP: 0/1024
2018-11-13 00:03:13,279 32780  INFO  [8eb87e] Finished processing user request with id = 8eb87e42-938e-4da1-985a-748d8ab37ab8 in 00:00:00.0519845.
2018-11-13 00:03:13,286 32787  INFO  [e6cd22] Here's some useful guids:
		92cf65b2-eb2c-4df4-8116-23a1fa741003
		da8d9744-1290-45b5-9210-8c15645316fd
2018-11-13 00:03:13,292 32793  INFO  [e7b761] Started processing user request. Id = e7b761d7-eb12-4761-b76d-01a3dd487e95. Size = 11.06 KB.
2018-11-13 00:03:13,306 32807  INFO  [e6cd22] Finished processing user request with id = e6cd228a-2f61-4f94-9442-0a09e355adb4 in 00:00:00.0740523.
2018-11-13 00:03:13,308 32809  INFO  [e7b761] Doing some complicated stuff.. Random numbers are: 1891694957, 1499611411, 1279432197.
2018-11-13 00:03:13,310 32811  INFO  [8dd734] Started processing user request. Id = 8dd7347b-ed8c-4c88-bec6-e5e022e9069d. Size = 2.17 KB.
2018-11-13 00:03:13,320 32821  INFO  [551da9] Started processing user request. Id = 551da993-ccf1-4a65-9a4c-ce0f970b7378. Size = 41.24 KB.
2018-11-13 00:03:13,323 32824  INFO  [8dd734] Doing some complicated stuff.. Random numbers are: 2095887451, 1629048489, 1405846878.
2018-11-13 00:03:13,335 32836  INFO  [8dd734] Here's some useful guids:
		101c6b07-bbcf-4e72-8e3a-19c520553871
		93ffca41-2510-4db0-aeb9-a2ca651abe46
		9759fb14-f8d3-4935-8eb4-93dcaba49899
		28d042be-aa35-465d-9fba-26acfc876de3
2018-11-13 00:03:13,339 32840  INFO  [551da9] Doing some complicated stuff.. Random numbers are: 207682144, 1007834807, 1370523128.
2018-11-13 00:03:13,343 32844  INFO  [e7b761] Here's some useful guids:
		525a2376-56f6-4884-a94e-b0684ca9f061
		ce04eb2d-fe8e-42c7-9419-09c27c9e329f
		45fe993b-b9aa-45d1-b459-6131de103146
		77d6c821-bafe-42e1-a456-20eea35123ad
		5704c372-de56-43df-a523-1379395139db
2018-11-13 00:03:13,356 32857  INFO  [e7b761] Finished processing user request with id = e7b761d7-eb12-4761-b76d-01a3dd487e95 in 00:00:00.0639235.
2018-11-13 00:03:13,361 32862  ERROR [8dd734] 
System.InvalidOperationException: Oh no! An error occurred!
2018-11-13 00:03:13,374 32875  INFO  [551da9] Here's some useful guids:
		58f9b8c5-4a9b-4a66-ba0f-219ce8048eb8
		56824313-f2bd-4335-b98e-4e1a7db38992
2018-11-13 00:03:13,392 32893  INFO  [842419] Started processing user request. Id = 842419de-93b7-431b-8c5e-4fe7543b80c7. Size = 26.3 KB.
2018-11-13 00:03:13,395 32896  INFO  [842419] Doing some complicated stuff.. Random numbers are: 1712508409, 760852703, 1296208793.
2018-11-13 00:03:13,401 32902  ERROR [551da9] 
System.InvalidOperationException: Oh no! An error occurred!
2018-11-13 00:03:13,415 32916  INFO  [ca9bc0] Started processing user request. Id = ca9bc064-38ef-4b68-8f11-8f4dd44c0825. Size = 24.16 KB.
2018-11-13 00:03:13,417 32918  INFO  [ca9bc0] Doing some complicated stuff.. Random numbers are: 130617842, 508319441, 104207777.
2018-11-13 00:03:13,430 32931  INFO  [ca9bc0] Finished processing user request with id = ca9bc064-38ef-4b68-8f11-8f4dd44c0825 in 00:00:00.0150029.
2018-11-13 00:03:13,435 32936  INFO  [842419] Here's some useful guids:
		26430310-9736-4ba9-908a-bf5ef24d96e4
		c4ea94e6-ff68-471b-a062-07d25502f954
2018-11-13 00:03:13,444 32945  INFO  [842419] Finished processing user request with id = 842419de-93b7-431b-8c5e-4fe7543b80c7 in 00:00:00.0517185.
2018-11-13 00:03:13,444 32945  INFO  [d61afd] Started processing user request. Id = d61afd1e-0772-4d6c-9cfe-db1f82c23356. Size = 8.06 KB.
2018-11-13 00:03:13,460 32961  INFO  [d61afd] Doing some complicated stuff.. Random numbers are: 830640324, 296910537, 449089925.
2018-11-13 00:03:13,462 32963  INFO  [BackgroundDaemon] Starting iteration #15518.
2018-11-13 00:03:13,475 32976  INFO  [209123] Started processing user request. Id = 209123c5-ec42-4c1f-957c-ffc20635ed37. Size = 45.31 KB.
2018-11-13 00:03:13,481 32982  INFO  [209123] Doing some complicated stuff.. Random numbers are: 973710220, 1766147268, 718065690.
2018-11-13 00:03:13,483 32984  INFO  [209123] Here's some useful guids:
		836ff444-df23-47f8-bc31-d374373a0aff
2018-11-13 00:03:13,498 32999  INFO  [209123] Finished processing user request with id = 209123c5-ec42-4c1f-957c-ffc20635ed37 in 00:00:00.0229757.
2018-11-13 00:03:13,506 33007  INFO  [d61afd] Finished processing user request with id = d61afd1e-0772-4d6c-9cfe-db1f82c23356 in 00:00:00.0623640.
2018-11-13 00:03:13,519 33020  INFO  [c66cc9] Started processing user request. Id = c66cc957-19d1-44e0-a6e4-24d7b92900cc. Size = 31.09 KB.
2018-11-13 00:03:13,522 33023  INFO  [c66cc9] Doing some complicated stuff.. Random numbers are: 1476687992, 175646337, 952726469.
2018-11-13 00:03:13,524 33025  INFO  [f19d7a] Started processing user request. Id = f19d7af2-eadd-404b-98b7-896a4340b12d. Size = 54.02 KB.
2018-11-13 00:03:13,526 33027  INFO  [c66cc9] Here's some useful guids:
		0d225828-9941-4ac5-922b-6fd16eb11a4e
		6c6c3465-b457-4bf8-b9cd-aaf9ca93b172
2018-11-13 00:03:13,530 33031  INFO  [36ec0b] Started processing user request. Id = 36ec0b4a-fa23-4c18-a820-df526371a5af. Size = 77.3 KB.
2018-11-13 00:03:13,533 33034  INFO  [f19d7a] Doing some complicated stuff.. Random numbers are: 1843817061, 715531420, 1549828275.
2018-11-13 00:03:13,540 33041  INFO  [BackgroundDaemon] Processing data (19% completed)..
2018-11-13 00:03:13,541 33042  INFO  [c66cc9] Finished processing user request with id = c66cc957-19d1-44e0-a6e4-24d7b92900cc in 00:00:00.0218297.
2018-11-13 00:03:13,544 33045  INFO  [f19d7a] Here's some useful guids:
		132cf54e-e22b-4fbb-b907-3df2a94c1d41
		cce953d5-2cb8-4cc0-9b84-3bb99e04a054
		f26b9832-3a87-4fbc-b79f-bd6c5a4b6c90
		3476587d-4d7e-4ff4-b770-579b36e7dcf9
2018-11-13 00:03:13,544 33045  INFO  [f19d7a] Finished processing user request with id = f19d7af2-eadd-404b-98b7-896a4340b12d in 00:00:00.0202151.
2018-11-13 00:03:13,546 33047  INFO  [36ec0b] Doing some complicated stuff.. Random numbers are: 264474832, 1824836853, 1510135718.
2018-11-13 00:03:13,554 33055  INFO  [e61bba] Started processing user request. Id = e61bbacb-75d3-4473-8d8f-fb4948471aba. Size = 32.76 KB.
2018-11-13 00:03:13,560 33061  INFO  [e61bba] Doing some complicated stuff.. Random numbers are: 751675567, 102598916, 458000915.
2018-11-13 00:03:13,581 33082  INFO  [36ec0b] Finished processing user request with id = 36ec0b4a-fa23-4c18-a820-df526371a5af in 00:00:00.0506164.
2018-11-13 00:03:13,607 33109  INFO  [BackgroundDaemon] Processing data (24% completed)..
2018-11-13 00:03:13,612 33113  INFO  [75fbf1] Started processing user request. Id = 75fbf166-b6b3-4a80-98c9-3e01b6b94f43. Size = 5.54 KB.
2018-11-13 00:03:13,616 33118  INFO  [e61bba] Finished processing user request with id = e61bbacb-75d3-4473-8d8f-fb4948471aba in 00:00:00.0621467.
2018-11-13 00:03:13,630 33131  INFO  [75fbf1] Doing some complicated stuff.. Random numbers are: 968319526, 793298233, 2051589488.
2018-11-13 00:03:13,630 33131  INFO  [8ecc60] Started processing user request. Id = 8ecc60f9-8b72-4cd5-82dc-ff97e4bcfd5c. Size = 75.66 KB.
2018-11-13 00:03:13,634 33135  INFO  [8ecc60] Doing some complicated stuff.. Random numbers are: 1578167934, 380381310, 380861067.
2018-11-13 00:03:13,659 33160  INFO  [75fbf1] Finished processing user request with id = 75fbf166-b6b3-4a80-98c9-3e01b6b94f43 in 00:00:00.0473505.
2018-11-13 00:03:13,661 33163  INFO  [BackgroundDaemon] Processing data (95% completed)..
2018-11-13 00:03:13,661 33163  INFO  [BackgroundDaemon] Finished iteration in 00:00:00.1995009.
2018-11-13 00:03:13,676 33177  INFO  [8ecc60] Finished processing user request with id = 8ecc60f9-8b72-4cd5-82dc-ff97e4bcfd5c in 00:00:00.0459687.
2018-11-13 00:03:13,689 33190  INFO  [10bc94] Started processing user request. Id = 10bc9485-7053-4e56-90c7-b7b163f547c0. Size = 75.42 KB.
2018-11-13 00:03:13,690 33191  INFO  [4e4190] Started processing user request. Id = 4e419065-3c8a-4ca3-b7c8-564beb040371. Size = 16.6 KB.
2018-11-13 00:03:13,698 33200  INFO  [4e4190] Doing some complicated stuff.. Random numbers are: 1000094368, 2092417338, 1446342978.
2018-11-13 00:03:13,707 33208  INFO  [10bc94] Doing some complicated stuff.. Random numbers are: 1967746941, 1506292074, 152007133.
2018-11-13 00:03:13,712 33213  INFO  [1d9caa] Started processing user request. Id = 1d9caae9-06b2-4e0c-aa2d-141161a34a8d. Size = 45.26 KB.
2018-11-13 00:03:13,717 33218  INFO  [4e4190] Here's some useful guids:
		527d1fd3-99bb-4f08-99e7-b43672654a83
		0435e5dd-0452-4ee8-8587-a719e5b6cd07
		193eaec3-3464-46d7-aaa6-305e8ea1188c
		2f36d82f-0fce-4a3e-be00-b165b2a193ff
2018-11-13 00:03:13,721 33222  INFO  [4e4190] Finished processing user request with id = 4e419065-3c8a-4ca3-b7c8-564beb040371 in 00:00:00.0302099.
2018-11-13 00:03:13,726 33227  INFO  [1d9caa] Doing some complicated stuff.. Random numbers are: 139895990, 1970920978, 114354631.
2018-11-13 00:03:13,734 33235  INFO  [10bc94] Finished processing user request with id = 10bc9485-7053-4e56-90c7-b7b163f547c0 in 00:00:00.0449409.
2018-11-13 00:03:13,736 33237  INFO  [1d9caa] Here's some useful guids:
		041b5691-c1d2-47f6-860d-dfbf99f4e87f
		77c0abee-7df5-4191-bfa2-3e1473d6dd7d
		8e01fbc9-ef03-4b79-8661-1049b4f4cc59
2018-11-13 00:03:13,747 33248  INFO  [1d9caa] Finished processing user request with id = 1d9caae9-06b2-4e0c-aa2d-141161a34a8d in 00:00:00.0342115.
2018-11-13 00:03:13,748 33249  INFO  [4a9da3] Started processing user request. Id = 4a9da3c7-4221-45b6-ae52-d57c09b3e36c. Size = 16.13 KB.
2018-11-13 00:03:13,752 33253  INFO  [6f55f1] Started processing user request. Id = 6f55f116-b4d0-4295-950e-162f3e86a5ce. Size = 41.63 KB.
2018-11-13 00:03:13,760 33261  INFO  [4a9da3] Doing some complicated stuff.. Random numbers are: 2031785031, 1707590145, 1420058094.
2018-11-13 00:03:13,764 33265  INFO  [6f55f1] Doing some complicated stuff.. Random numbers are: 398993199, 207816394, 323462604.
2018-11-13 00:03:13,775 33277  INFO  [Metrics] Cpu: 0.48%; Memory: 19.79 GB/31.88 GB; Workers: 4/1024; IOCP: 0/1024
2018-11-13 00:03:13,782 33283  INFO  [6f55f1] Here's some useful guids:
		36aa1c2a-2bcb-4879-bc1e-d55bb15fa93d
		98b137ff-3ca4-4e34-9084-922d2b43611f
		0e2cc34a-6439-4f7b-bc96-3ca41ba6fbaa
2018-11-13 00:03:13,782 33283  ERROR [6f55f1] 
System.InvalidOperationException: Oh no! An error occurred!
2018-11-13 00:03:13,790 33291  INFO  [4a9da3] Here's some useful guids:
		0fcfb5f0-2d49-4166-a8ee-eb7349ffda38
		c4de2ffa-1a59-4159-864e-2cec9f897ec0
		ae1f8a76-960e-4710-9880-5e8cb63ec0e1
		38fe480f-ee13-424e-a839-6af596c4dd10
2018-11-13 00:03:13,792 33294  INFO  [4a9da3] Finished processing user request with id = 4a9da3c7-4221-45b6-ae52-d57c09b3e36c in 00:00:00.0449359.
2018-11-13 00:03:13,806 33307  INFO  [ee042d] Started processing user request. Id = ee042d20-4dc9-4788-9814-73888079ea8b. Size = 77.97 KB.
2018-11-13 00:03:13,809 33310  INFO  [ee042d] Doing some complicated stuff.. Random numbers are: 661459882, 660703110, 1624771742.
2018-11-13 00:03:13,814 33315  INFO  [ee042d] Here's some useful guids:
		51cff19c-5a41-4507-a1a8-c62e2e378586
2018-11-13 00:03:13,814 33315  INFO  [d27464] Started processing user request. Id = d274640b-f859-492b-836f-38f23007e102. Size = 63.9 KB.
2018-11-13 00:03:13,814 33315  INFO  [d27464] Doing some complicated stuff.. Random numbers are: 509582923, 1871831985, 1454589727.
2018-11-13 00:03:13,823 33324  INFO  [d27464] Here's some useful guids:
		a41b09ad-97f7-41c9-9033-a5ebd90ee269
2018-11-13 00:03:13,831 33332  ERROR [ee042d] 
System.InvalidOperationException: Oh no! An error occurred!
2018-11-13 00:03:13,844 33345  INFO  [a26cb0] Started processing user request. Id = a26cb040-01d1-4100-a57f-1483753d7b0c. Size = 50.08 KB.
2018-11-13 00:03:13,849 33351  INFO  [a26cb0] Doing some complicated stuff.. Random numbers are: 1864047191, 1721698473, 876572502.
2018-11-13 00:03:13,850 33352  INFO  [d27464] Finished processing user request with id = d274640b-f859-492b-836f-38f23007e102 in 00:00:00.0364443.
2018-11-13 00:03:13,862 33364  INFO  [BackgroundDaemon] Starting iteration #15519.
2018-11-13 00:03:13,882 33383  INFO  [b61b02] Started processing user request. Id = b61b02c9-96c3-44cb-8f4f-bea1e1177a6d. Size = 45.66 KB.
2018-11-13 00:03:13,888 33389  INFO  [a26cb0] Finished processing user request with id = a26cb040-01d1-4100-a57f-1483753d7b0c in 00:00:00.0438788.
2018-11-13 00:03:13,898 33399  INFO  [b61b02] Doing some complicated stuff.. Random numbers are: 1111244200, 1630585124, 1875491651.
2018-11-13 00:03:13,902 33403  INFO  [be0c82] Started processing user request. Id = be0c822e-334b-4a07-889d-1e9f07229512. Size = 21.95 KB.
2018-11-13 00:03:13,907 33408  INFO  [be0c82] Doing some complicated stuff.. Random numbers are: 218523418, 959973424, 1296642508.
2018-11-13 00:03:13,914 33415  INFO  [ccfc5a] Started processing user request. Id = ccfc5ac5-df73-48ab-8a75-6592a2889016. Size = 88.57 KB.
2018-11-13 00:03:13,914 33415  INFO  [ccfc5a] Doing some complicated stuff.. Random numbers are: 1157235048, 1832066376, 1388230169.
2018-11-13 00:03:13,921 33422  INFO  [BackgroundDaemon] Processing data (16% completed)..
2018-11-13 00:03:13,929 33430  INFO  [b61b02] Finished processing user request with id = b61b02c9-96c3-44cb-8f4f-bea1e1177a6d in 00:00:00.0468711.
2018-11-13 00:03:13,930 33431  INFO  [ccfc5a] Here's some useful guids:
		cd656286-fe05-4efd-b451-de4399510820
2018-11-13 00:03:13,930 33431  INFO  [ccfc5a] Finished processing user request with id = ccfc5ac5-df73-48ab-8a75-6592a2889016 in 00:00:00.0159943.
2018-11-13 00:03:13,936 33437  INFO  [be0c82] Here's some useful guids:
		c930fcaf-ea0a-4e68-9a16-b8fb5084aba0
		9464e535-eb60-49b4-afd1-05a21a19d5bb
		3e3012f5-ec7e-4b20-9fec-154c354186aa
		0f0eab85-a32b-444b-9e22-c57f9e20fa0a
		c66a5c14-9547-4823-8285-7fb4bab16d00
2018-11-13 00:03:13,947 33449  INFO  [BackgroundDaemon] Processing data (33% completed)..
2018-11-13 00:03:13,961 33462  INFO  [e2a312] Started processing user request. Id = e2a3126b-12bb-4f60-afd7-8a40c86c05bc. Size = 64.87 KB.
2018-11-13 00:03:13,966 33467  INFO  [be0c82] Finished processing user request with id = be0c822e-334b-4a07-889d-1e9f07229512 in 00:00:00.0639994.
2018-11-13 00:03:13,975 33476  INFO  [e2a312] Doing some complicated stuff.. Random numbers are: 2084514005, 915081656, 1295046563.
2018-11-13 00:03:13,975 33476  INFO  [e2a312] Here's some useful guids:
		52dfabf2-c709-4469-b810-28ada81f3883
		c2d60221-3d8d-47e0-ad7c-3841f8c26f7b
		0a4cfce1-f709-40e3-bdb6-68effb14fae3
		e1a36679-4652-43e3-a72c-033498afa630
		ef369b39-3d8f-47e9-9d16-21da2fe3b0a9
2018-11-13 00:03:13,980 33481  INFO  [e4da39] Started processing user request. Id = e4da39ec-3c06-4f21-91fa-80493d413eb0. Size = 96.42 KB.
2018-11-13 00:03:13,983 33484  INFO  [BackgroundDaemon] Processing data (99% completed)..
2018-11-13 00:03:13,983 33484  INFO  [BackgroundDaemon] Finished iteration in 00:00:00.1201387.
2018-11-13 00:03:13,997 33498  INFO  [e4da39] Doing some complicated stuff.. Random numbers are: 858028960, 1564194900, 1811370979.
2018-11-13 00:03:14,001 33502  INFO  [e2a312] Finished processing user request with id = e2a3126b-12bb-4f60-afd7-8a40c86c05bc in 00:00:00.0401410.
2018-11-13 00:03:14,030 33531  INFO  [e4da39] Finished processing user request with id = e4da39ec-3c06-4f21-91fa-80493d413eb0 in 00:00:00.0501801.
2018-11-13 00:03:14,032 33533  INFO  [47e147] Started processing user request. Id = 47e147de-731b-4d82-b334-c90b465f7b93. Size = 88.06 KB.
2018-11-13 00:03:14,044 33545  INFO  [c516f9] Started processing user request. Id = c516f9c0-9b94-4ed8-a193-28c1ce6fde33. Size = 15.67 KB.
2018-11-13 00:03:14,047 33549  INFO  [47e147] Doing some complicated stuff.. Random numbers are: 1891264710, 1152585620, 1232716217.
2018-11-13 00:03:14,056 33557  INFO  [c516f9] Doing some complicated stuff.. Random numbers are: 117362523, 2001087733, 781858940.
2018-11-13 00:03:14,074 33576  INFO  [47e147] Here's some useful guids:
		de9a4198-f0f5-4b91-9522-d498558eea3c
2018-11-13 00:03:14,092 33593  INFO  [47e147] Finished processing user request with id = 47e147de-731b-4d82-b334-c90b465f7b93 in 00:00:00.0602758.
2018-11-13 00:03:14,098 33599  INFO  [0a3efc] Started processing user request. Id = 0a3efc2e-46bb-406a-b979-5c6e2d64580a. Size = 23.78 KB.
2018-11-13 00:03:14,105 33606  INFO  [0a3efc] Doing some complicated stuff.. Random numbers are: 105896903, 166354999, 6005883.
2018-11-13 00:03:14,115 33616  INFO  [c516f9] Finished processing user request with id = c516f9c0-9b94-4ed8-a193-28c1ce6fde33 in 00:00:00.0707260.
2018-11-13 00:03:14,123 33624  INFO  [4a9efc] Started processing user request. Id = 4a9efc26-04e1-4305-8e75-0fe81eaf8726. Size = 43.88 KB.
2018-11-13 00:03:14,123 33624  INFO  [4a9efc] Doing some complicated stuff.. Random numbers are: 209303117, 1744487559, 1396796903.
2018-11-13 00:03:14,128 33629  INFO  [285993] Started processing user request. Id = 28599364-de96-4fa9-ad17-7db8c871ba21. Size = 14.17 KB.
2018-11-13 00:03:14,136 33637  INFO  [285993] Doing some complicated stuff.. Random numbers are: 91241925, 334361045, 1977484504.
2018-11-13 00:03:14,153 33654  INFO  [4a9efc] Finished processing user request with id = 4a9efc26-04e1-4305-8e75-0fe81eaf8726 in 00:00:00.0300732.
2018-11-13 00:03:14,154 33655  INFO  [0a3efc] Finished processing user request with id = 0a3efc2e-46bb-406a-b979-5c6e2d64580a in 00:00:00.0565204.
2018-11-13 00:03:14,156 33657  INFO  [285993] Finished processing user request with id = 28599364-de96-4fa9-ad17-7db8c871ba21 in 00:00:00.0281597.
2018-11-13 00:03:14,169 33670  INFO  [93ef40] Started processing user request. Id = 93ef4017-757a-48e6-b72f-58ee52212e1a. Size = 71.3 KB.
2018-11-13 00:03:14,183 33684  INFO  [BackgroundDaemon] Starting iteration #15520.
2018-11-13 00:03:14,184 33685  INFO  [93ef40] Doing some complicated stuff.. Random numbers are: 1225223476, 1279843652, 467224598.
2018-11-13 00:03:14,185 33686  INFO  [51c237] Started processing user request. Id = 51c237c2-60f9-492c-9ab9-a87192c0152f. Size = 21.93 KB.
2018-11-13 00:03:14,185 33686  INFO  [51c237] Doing some complicated stuff.. Random numbers are: 1193166969, 791773662, 769944349.
2018-11-13 00:03:14,200 33701  INFO  [51c237] Here's some useful guids:
		8e18e668-da94-4ca8-9791-66424d866316
		a8a4be24-069a-4735-b5f7-784294e61272
		d7295670-001e-4105-967b-f9184cb61489
		fbf4034d-8599-4d00-ac05-08cc461fd6f9
2018-11-13 00:03:14,204 33705  INFO  [93ef40] Finished processing user request with id = 93ef4017-757a-48e6-b72f-58ee52212e1a in 00:00:00.0346869.
2018-11-13 00:03:14,218 33719  INFO  [2f132f] Started processing user request. Id = 2f132f95-62af-4e9d-b086-072a10d8ac12. Size = 10.87 KB.
2018-11-13 00:03:14,219 33720  INFO  [51c237] Finished processing user request with id = 51c237c2-60f9-492c-9ab9-a87192c0152f in 00:00:00.0336626.
2018-11-13 00:03:14,228 33729  INFO  [2f132f] Doing some complicated stuff.. Random numbers are: 52676212, 608216044, 1177571470.
2018-11-13 00:03:14,234 33735  INFO  [2f132f] Here's some useful guids:
		2080ef71-0fcd-412c-9179-e9b00b9c8540
		42036a4a-8ec1-4a89-8e2d-56eecf128896
2018-11-13 00:03:14,236 33737  INFO  [2f132f] Finished processing user request with id = 2f132f95-62af-4e9d-b086-072a10d8ac12 in 00:00:00.0181726.
2018-11-13 00:03:14,238 33739  INFO  [BackgroundDaemon] Processing data (11% completed)..
2018-11-13 00:03:14,249 33750  INFO  [a16af6] Started processing user request. Id = a16af67e-f1ad-4990-ac90-0c8745b6a4ec. Size = 30.97 KB.
2018-11-13 00:03:14,250 33751  INFO  [a32479] Started processing user request. Id = a3247972-de1c-4314-a61f-14f40dc07623. Size = 84.71 KB.
2018-11-13 00:03:14,263 33764  INFO  [a32479] Doing some complicated stuff.. Random numbers are: 763999481, 1287565131, 1525689682.
2018-11-13 00:03:14,264 33765  INFO  [a16af6] Doing some complicated stuff.. Random numbers are: 1373716399, 1906177639, 1788782188.
2018-11-13 00:03:14,274 33776  INFO  [Metrics] Cpu: 1.01%; Memory: 19.79 GB/31.88 GB; Workers: 4/1024; IOCP: 0/1024
2018-11-13 00:03:14,280 33781  INFO  [a32479] Finished processing user request with id = a3247972-de1c-4314-a61f-14f40dc07623 in 00:00:00.0302248.
2018-11-13 00:03:14,297 33798  INFO  [a16af6] Finished processing user request with id = a16af67e-f1ad-4990-ac90-0c8745b6a4ec in 00:00:00.0481584.
2018-11-13 00:03:14,305 33806  INFO  [BackgroundDaemon] Processing data (37% completed)..
2018-11-13 00:03:14,311 33812  INFO  [be10a6] Started processing user request. Id = be10a6fe-4510-49ea-96b0-df278399c480. Size = 81.14 KB.
2018-11-13 00:03:14,312 33813  INFO  [6ed47f] Started processing user request. Id = 6ed47fce-e5d3-4c32-a16b-02128ed1ff07. Size = 92.59 KB.
2018-11-13 00:03:14,314 33815  INFO  [6ed47f] Doing some complicated stuff.. Random numbers are: 1574401877, 38975444, 692456618.
2018-11-13 00:03:14,322 33823  INFO  [83dce3] Started processing user request. Id = 83dce3a1-88a0-4977-8925-57088861658b. Size = 81.73 KB.
2018-11-13 00:03:14,328 33829  INFO  [be10a6] Doing some complicated stuff.. Random numbers are: 545778518, 1844338582, 770266806.
2018-11-13 00:03:14,335 33836  INFO  [83dce3] Doing some complicated stuff.. Random numbers are: 1615277207, 1605420545, 1797253417.
2018-11-13 00:03:14,338 33839  INFO  [BackgroundDaemon] Processing data (50% completed)..
2018-11-13 00:03:14,338 33839  INFO  [BackgroundDaemon] Finished iteration in 00:00:00.1552283.
2018-11-13 00:03:14,353 33855  INFO  [6ed47f] Finished processing user request with id = 6ed47fce-e5d3-4c32-a16b-02128ed1ff07 in 00:00:00.0416122.
2018-11-13 00:03:14,361 33862  INFO  [be10a6] Here's some useful guids:
		95f8b02f-2f48-43ca-b22d-ed6298570704
		8b861c2c-634c-43ef-9273-b53d9b5c15a2
		baa08bb5-bb88-4a2a-8c22-ec0324a93756
		460774df-5180-4f3d-8221-a3af2298e207
2018-11-13 00:03:14,361 33862  INFO  [be10a6] Finished processing user request with id = be10a6fe-4510-49ea-96b0-df278399c480 in 00:00:00.0505830.
2018-11-13 00:03:14,363 33864  INFO  [83dce3] Here's some useful guids:
		d250979e-7d90-4dfa-8731-f17c908461f8
		074dbc94-bdc3-420b-ba37-7d9c5d526d4a
		b0b2e35b-dee5-4835-b63b-276a7d6e640b
		7b32f3b7-069c-48f0-89cb-6bdfdaf05854
2018-11-13 00:03:14,375 33876  INFO  [4c111e] Started processing user request. Id = 4c111ea7-6036-4a7e-a80d-0b4899cd42f9. Size = 37.27 KB.
2018-11-13 00:03:14,375 33876  INFO  [4c111e] Doing some complicated stuff.. Random numbers are: 582164747, 1641902411, 1403990500.
2018-11-13 00:03:14,385 33886  INFO  [5bf383] Started processing user request. Id = 5bf383ca-76b9-48a0-bcbe-d0c6be4f09fe. Size = 15.54 KB.
2018-11-13 00:03:14,392 33893  INFO  [83dce3] Finished processing user request with id = 83dce3a1-88a0-4977-8925-57088861658b in 00:00:00.0696304.
2018-11-13 00:03:14,399 33900  INFO  [4c111e] Here's some useful guids:
		40778097-7259-4191-8451-2c9f433d25ac
		42de591f-23cf-43de-9003-f165574a944e
		a2fc42a7-7a6d-42fb-a4cc-2045321a3aea
		1903ef2c-318a-4e04-b553-8f01a978226d
2018-11-13 00:03:14,400 33901  INFO  [5bf383] Doing some complicated stuff.. Random numbers are: 1964343661, 778967670, 2056301398.
2018-11-13 00:03:14,424 33925  INFO  [4c111e] Finished processing user request with id = 4c111ea7-6036-4a7e-a80d-0b4899cd42f9 in 00:00:00.0496625.
2018-11-13 00:03:14,426 33927  INFO  [5bf383] Finished processing user request with id = 5bf383ca-76b9-48a0-bcbe-d0c6be4f09fe in 00:00:00.0416891.
2018-11-13 00:03:14,438 33939  INFO  [5e3819] Started processing user request. Id = 5e3819f4-e0d7-4c96-9ea3-631d6105be7e. Size = 86.78 KB.
2018-11-13 00:03:14,441 33942  INFO  [5e3819] Doing some complicated stuff.. Random numbers are: 1352099544, 236900070, 1504349810.
2018-11-13 00:03:14,450 33951  INFO  [5e3819] Finished processing user request with id = 5e3819f4-e0d7-4c96-9ea3-631d6105be7e in 00:00:00.0120844.
2018-11-13 00:03:14,458 33959  INFO  [ccd782] Started processing user request. Id = ccd78250-8906-456a-a869-8cb0d345950d. Size = 39.71 KB.
2018-11-13 00:03:14,463 33964  INFO  [d6a6ba] Started processing user request. Id = d6a6ba6b-5206-4872-9a56-f34057596e3f. Size = 72.39 KB.
2018-11-13 00:03:14,468 33969  INFO  [d6a6ba] Doing some complicated stuff.. Random numbers are: 1020958620, 969865457, 414704189.
2018-11-13 00:03:14,469 33970  INFO  [ccd782] Doing some complicated stuff.. Random numbers are: 383112127, 790031793, 9776562.
2018-11-13 00:03:14,491 33992  INFO  [ccd782] Here's some useful guids:
		894e41cb-27c7-4f4d-b61e-625d3ab53db5
		c52594ba-1c5d-4507-beef-eb798a01f46b
		c84f5d39-8bc2-45cc-994a-6ceedea90807
		b3f52af6-4543-4d03-aa91-4c918740f1a5
2018-11-13 00:03:14,498 33999  INFO  [d6a6ba] Here's some useful guids:
		e97fbeb4-6069-4d63-b01c-588063feadd3
		e41ac3ee-5aae-4870-b085-bbb924b615f2
		23abe518-61e0-42e6-9691-9a38bb4bc219
		d03b5cf9-5938-4fc6-8dd0-40572a58a2e7
		c760a1a3-ac49-4812-8a4f-8377e5420e66
2018-11-13 00:03:14,511 34012  INFO  [ccd782] Finished processing user request with id = ccd78250-8906-456a-a869-8cb0d345950d in 00:00:00.0534445.
2018-11-13 00:03:14,519 34020  INFO  [d6a6ba] Finished processing user request with id = d6a6ba6b-5206-4872-9a56-f34057596e3f in 00:00:00.0563533.
2018-11-13 00:03:14,533 34034  INFO  [fee62f] Started processing user request. Id = fee62fb1-2643-401d-b6e9-f22bb57f4d96. Size = 44.89 KB.
2018-11-13 00:03:14,539 34040  INFO  [BackgroundDaemon] Starting iteration #15521.
2018-11-13 00:03:14,542 34043  INFO  [fee62f] Doing some complicated stuff.. Random numbers are: 863435338, 16024824, 1562253413.
2018-11-13 00:03:14,543 34044  INFO  [948162] Started processing user request. Id = 948162d9-0b30-4fe8-8fe6-b3bd8ba71776. Size = 41.29 KB.
2018-11-13 00:03:14,551 34052  INFO  [948162] Doing some complicated stuff.. Random numbers are: 1695282021, 1987937411, 222930331.
2018-11-13 00:03:14,559 34060  INFO  [655850] Started processing user request. Id = 65585078-d2c0-4f24-b99d-dd1b32cbbb43. Size = 34.24 KB.
2018-11-13 00:03:14,567 34068  INFO  [948162] Here's some useful guids:
		d93f3ad3-667a-4196-add9-a03cecd29549
		7d6c4b8f-c884-47c8-afcc-9f48fe55ff02
2018-11-13 00:03:14,568 34069  INFO  [fee62f] Here's some useful guids:
		9c15edf5-b198-45f4-8de0-da70e8328276
2018-11-13 00:03:14,570 34071  INFO  [655850] Doing some complicated stuff.. Random numbers are: 1628623940, 1181328745, 559632228.
2018-11-13 00:03:14,582 34083  ERROR [948162] 
System.InvalidOperationException: Oh no! An error occurred!
2018-11-13 00:03:14,598 34099  ERROR [fee62f] 
System.InvalidOperationException: Oh no! An error occurred!
2018-11-13 00:03:14,612 34113  INFO  [ef0d6e] Started processing user request. Id = ef0d6e06-cec2-4c64-9cfd-c0d97f09820c. Size = 27.7 KB.
2018-11-13 00:03:14,614 34115  INFO  [734ec0] Started processing user request. Id = 734ec0be-fe35-4f5c-9279-06013a201dfa. Size = 22.88 KB.
2018-11-13 00:03:14,621 34122  INFO  [ef0d6e] Doing some complicated stuff.. Random numbers are: 1394988028, 1891879111, 1610918229.
2018-11-13 00:03:14,626 34127  INFO  [BackgroundDaemon] Processing data (1% completed)..
2018-11-13 00:03:14,629 34130  INFO  [655850] Finished processing user request with id = 65585078-d2c0-4f24-b99d-dd1b32cbbb43 in 00:00:00.0700154.
2018-11-13 00:03:14,631 34132  INFO  [734ec0] Doing some complicated stuff.. Random numbers are: 1476681333, 1541018096, 1207000409.
2018-11-13 00:03:14,653 34154  INFO  [ef0d6e] Finished processing user request with id = ef0d6e06-cec2-4c64-9cfd-c0d97f09820c in 00:00:00.0410378.
2018-11-13 00:03:14,666 34167  INFO  [46c21d] Started processing user request. Id = 46c21d1f-97f2-4422-82a5-5e65c78479c0. Size = 15.54 KB.
2018-11-13 00:03:14,669 34170  INFO  [46c21d] Doing some complicated stuff.. Random numbers are: 1869955337, 99901814, 2017900170.
2018-11-13 00:03:14,673 34174  INFO  [734ec0] Finished processing user request with id = 734ec0be-fe35-4f5c-9279-06013a201dfa in 00:00:00.0594693.
2018-11-13 00:03:14,679 34180  INFO  [46c21d] Here's some useful guids:
		99277fe0-afd5-4df1-9759-ce74e7740108
		7242ac53-64f9-47c7-8696-b1fdeba7a99f
		d02429ab-a5ac-49a8-8f16-abfad0fd6eea
		bf8c7906-008a-4071-b734-db2ae3067d48
		8f697d61-aaf8-4126-896c-4a8321581dec
2018-11-13 00:03:14,695 34196  INFO  [46c21d] Finished processing user request with id = 46c21d1f-97f2-4422-82a5-5e65c78479c0 in 00:00:00.0295588.
2018-11-13 00:03:14,704 34205  INFO  [7a8eb3] Started processing user request. Id = 7a8eb33c-4e38-4bcf-aca9-ecce0d2d8e52. Size = 65.19 KB.
2018-11-13 00:03:14,708 34209  INFO  [BackgroundDaemon] Processing data (30% completed)..
2018-11-13 00:03:14,709 34210  INFO  [df1792] Started processing user request. Id = df17928f-b292-458d-af60-38d6c38e5691. Size = 97.34 KB.
2018-11-13 00:03:14,717 34218  INFO  [df1792] Doing some complicated stuff.. Random numbers are: 1608131104, 1501973652, 166222519.
2018-11-13 00:03:14,722 34223  INFO  [7a8eb3] Doing some complicated stuff.. Random numbers are: 2105803097, 908206556, 1462960244.
2018-11-13 00:03:14,733 34234  INFO  [df1792] Here's some useful guids:
		d202605b-1500-45ff-9308-67003f285a2a
		747182c3-beb9-41b5-8646-b2880b52184a
		9e97abc3-9cb8-445f-83c0-11c449bba040
2018-11-13 00:03:14,735 34236  INFO  [7a8eb3] Here's some useful guids:
		158b57ba-ba7b-4871-9c80-8b03517bc5e1
2018-11-13 00:03:14,737 34238  ERROR [df1792] 
System.InvalidOperationException: Oh no! An error occurred!
2018-11-13 00:03:14,750 34252  INFO  [f71585] Started processing user request. Id = f715858f-9a92-4185-bc8d-483712ccdeb1. Size = 44.65 KB.
2018-11-13 00:03:14,753 34255  INFO  [7a8eb3] Finished processing user request with id = 7a8eb33c-4e38-4bcf-aca9-ecce0d2d8e52 in 00:00:00.0492033.
2018-11-13 00:03:14,760 34262  INFO  [f71585] Doing some complicated stuff.. Random numbers are: 268134252, 2108669240, 216707334.
2018-11-13 00:03:14,774 34275  INFO  [Metrics] Cpu: 1.01%; Memory: 19.79 GB/31.88 GB; Workers: 4/1024; IOCP: 0/1024
2018-11-13 00:03:14,782 34283  INFO  [f71585] Here's some useful guids:
		a9b51d65-904e-4e5d-9cc0-1d36c26498ec
		d4f49b9c-1777-43bf-9d7b-fac096cd7880
		e6465c51-8334-4f8b-9c8d-4aa8596b7829
2018-11-13 00:03:14,785 34286  INFO  [da36c0] Started processing user request. Id = da36c0f4-6bf3-432d-a79a-770923d771f7. Size = 19.21 KB.
2018-11-13 00:03:14,795 34297  INFO  [da36c0] Doing some complicated stuff.. Random numbers are: 1270184991, 1806216988, 1244624585.
2018-11-13 00:03:14,796 34298  INFO  [d36a91] Started processing user request. Id = d36a9141-04dd-41a0-808a-993be15ba967. Size = 67.4 KB.
2018-11-13 00:03:14,799 34301  INFO  [f71585] Finished processing user request with id = f715858f-9a92-4185-bc8d-483712ccdeb1 in 00:00:00.0490015.
2018-11-13 00:03:14,802 34304  INFO  [BackgroundDaemon] Processing data (57% completed)..
2018-11-13 00:03:14,802 34304  INFO  [BackgroundDaemon] Finished iteration in 00:00:00.2633752.
2018-11-13 00:03:14,803 34305  INFO  [d36a91] Doing some complicated stuff.. Random numbers are: 1813484835, 772193329, 1481684351.
2018-11-13 00:03:14,804 34306  INFO  [da36c0] Here's some useful guids:
		3ba4b259-1079-45ff-864e-1a8a815156ff
		57dcb395-9a95-4f77-bb4a-51ee95e853cd
2018-11-13 00:03:14,812 34314  INFO  [689ea5] Started processing user request. Id = 689ea597-3867-4dbb-a8ca-83c423aaff37. Size = 59.83 KB.
2018-11-13 00:03:14,815 34316  INFO  [689ea5] Doing some complicated stuff.. Random numbers are: 30327195, 1530624646, 1105171128.
2018-11-13 00:03:14,830 34331  INFO  [da36c0] Finished processing user request with id = da36c0f4-6bf3-432d-a79a-770923d771f7 in 00:00:00.0444741.
2018-11-13 00:03:14,839 34340  INFO  [d36a91] Here's some useful guids:
		f4790c94-6059-41c1-8de1-9e40842e5177
2018-11-13 00:03:14,845 34346  INFO  [689ea5] Finished processing user request with id = 689ea597-3867-4dbb-a8ca-83c423aaff37 in 00:00:00.0325136.
2018-11-13 00:03:14,858 34359  INFO  [b0b58c] Started processing user request. Id = b0b58c85-ce06-42a5-95b2-4f6a5e528dbb. Size = 72.2 KB.
2018-11-13 00:03:14,858 34359  ERROR [d36a91] 
System.InvalidOperationException: Oh no! An error occurred!
2018-11-13 00:03:14,861 34362  INFO  [ad6baa] Started processing user request. Id = ad6baa08-d03c-4094-88d6-07e16e3780ed. Size = 94.08 KB.
2018-11-13 00:03:14,865 34366  INFO  [b0b58c] Doing some complicated stuff.. Random numbers are: 1612811955, 1271622990, 2075425676.
2018-11-13 00:03:14,878 34379  INFO  [ad6baa] Doing some complicated stuff.. Random numbers are: 197560429, 276355521, 629084774.
2018-11-13 00:03:14,908 34409  INFO  [ad6baa] Finished processing user request with id = ad6baa08-d03c-4094-88d6-07e16e3780ed in 00:00:00.0470429.
2018-11-13 00:03:14,921 34422  INFO  [b0b58c] Finished processing user request with id = b0b58c85-ce06-42a5-95b2-4f6a5e528dbb in 00:00:00.0624775.
2018-11-13 00:03:14,934 34435  INFO  [ed662d] Started processing user request. Id = ed662d01-b86a-4f64-b67a-0c38067444d8. Size = 56.16 KB.
2018-11-13 00:03:14,940 34441  INFO  [ec469c] Started processing user request. Id = ec469c0d-bb30-4506-bc8d-454ddc809c9e. Size = 79.09 KB.
2018-11-13 00:03:14,943 34444  INFO  [ed662d] Doing some complicated stuff.. Random numbers are: 701224832, 217637124, 1195033573.
2018-11-13 00:03:14,949 34450  INFO  [ec469c] Doing some complicated stuff.. Random numbers are: 1525118835, 1644900658, 495248541.
2018-11-13 00:03:14,949 34450  INFO  [ec469c] Here's some useful guids:
		87f302ec-490b-4fd1-b5b2-f29eca2d2281
		eab74d86-8eea-4c1a-9f02-af6278387a04
		697442b0-032e-4d14-b652-af6805117768
2018-11-13 00:03:14,976 34477  INFO  [ed662d] Finished processing user request with id = ed662d01-b86a-4f64-b67a-0c38067444d8 in 00:00:00.0421641.
2018-11-13 00:03:14,977 34478  INFO  [ec469c] Finished processing user request with id = ec469c0d-bb30-4506-bc8d-454ddc809c9e in 00:00:00.0371464.
2018-11-13 00:03:14,990 34491  INFO  [5cba92] Started processing user request. Id = 5cba92ff-9bfc-4d99-88db-c6e66a72aab6. Size = 87.23 KB.
2018-11-13 00:03:15,003 34504  INFO  [BackgroundDaemon] Starting iteration #15522.
2018-11-13 00:03:15,008 34509  INFO  [5cba92] Doing some complicated stuff.. Random numbers are: 870320229, 2136398987, 1733155824.
2018-11-13 00:03:15,009 34510  INFO  [6d5c17] Started processing user request. Id = 6d5c177c-a70e-424d-8828-3d7a7bb5522e. Size = 59.44 KB.
2018-11-13 00:03:15,009 34510  INFO  [6d5c17] Doing some complicated stuff.. Random numbers are: 731971152, 1243430179, 606391708.
2018-11-13 00:03:15,021 34522  INFO  [6d5c17] Here's some useful guids:
		cd188384-a76e-4b64-8997-e4cbc292f235
		cba574e0-6610-4824-b347-00b583425004
		da98b582-ea28-435e-9955-dfe6ba20e470
		6c6cace3-f312-4d7b-8147-5324eca3fe80
2018-11-13 00:03:15,021 34522  INFO  [6d5c17] Finished processing user request with id = 6d5c177c-a70e-424d-8828-3d7a7bb5522e in 00:00:00.0113704.
2018-11-13 00:03:15,025 34526  INFO  [8aebdc] Started processing user request. Id = 8aebdc7c-af79-49ec-a4a2-5ff50d2556f0. Size = 89.8 KB.
2018-11-13 00:03:15,030 34531  INFO  [8aebdc] Doing some complicated stuff.. Random numbers are: 1209575185, 1445373994, 234887773.
2018-11-13 00:03:15,035 34536  ERROR [5cba92] 
System.InvalidOperationException: Oh no! An error occurred!
2018-11-13 00:03:15,048 34549  INFO  [8f0c1b] Started processing user request. Id = 8f0c1b24-2fd7-404a-9944-f329eabdb954. Size = 36.38 KB.
2018-11-13 00:03:15,048 34549  INFO  [8f0c1b] Doing some complicated stuff.. Random numbers are: 396802524, 1290543080, 1754683404.
2018-11-13 00:03:15,051 34552  INFO  [8f0c1b] Here's some useful guids:
		6ed08548-94bb-4801-a774-7885fb3f58bf
		fbd54ac5-d411-4599-8ce3-d077df7dc86f
2018-11-13 00:03:15,051 34552  INFO  [8aebdc] Here's some useful guids:
		b60c77f2-677e-4f62-857d-3845aa52ce53
2018-11-13 00:03:15,052 34553  INFO  [BackgroundDaemon] Processing data (15% completed)..
2018-11-13 00:03:15,052 34553  INFO  [540888] Started processing user request. Id = 540888b8-730b-4955-a23c-a3a6b521db0e. Size = 48.83 KB.
2018-11-13 00:03:15,059 34560  INFO  [540888] Doing some complicated stuff.. Random numbers are: 328915756, 2098495751, 1951230310.
2018-11-13 00:03:15,060 34561  INFO  [8aebdc] Finished processing user request with id = 8aebdc7c-af79-49ec-a4a2-5ff50d2556f0 in 00:00:00.0351288.
2018-11-13 00:03:15,068 34569  INFO  [8f0c1b] Finished processing user request with id = 8f0c1b24-2fd7-404a-9944-f329eabdb954 in 00:00:00.0199787.
2018-11-13 00:03:15,072 34573  INFO  [BackgroundDaemon] Processing data (30% completed)..
2018-11-13 00:03:15,081 34582  INFO  [a2a4a0] Started processing user request. Id = a2a4a003-2497-4b91-a3f6-4c47b9ebba92. Size = 93.59 KB.
2018-11-13 00:03:15,085 34586  INFO  [a2a4a0] Doing some complicated stuff.. Random numbers are: 1301098, 1073241200, 2200310.
2018-11-13 00:03:15,106 34607  INFO  [540888] Finished processing user request with id = 540888b8-730b-4955-a23c-a3a6b521db0e in 00:00:00.0540313.
2018-11-13 00:03:15,110 34611  INFO  [a2a4a0] Finished processing user request with id = a2a4a003-2497-4b91-a3f6-4c47b9ebba92 in 00:00:00.0290116.
2018-11-13 00:03:15,124 34625  INFO  [c0b130] Started processing user request. Id = c0b13016-d6bc-44e8-bd3e-0487fad2973c. Size = 49.89 KB.
2018-11-13 00:03:15,134 34635  INFO  [c0b130] Doing some complicated stuff.. Random numbers are: 1420253433, 51302591, 1937158322.
2018-11-13 00:03:15,137 34638  INFO  [6742f6] Started processing user request. Id = 6742f6e3-ebf6-41ce-9201-a5cb644e08b7. Size = 12.76 KB.
2018-11-13 00:03:15,149 34650  INFO  [6742f6] Doing some complicated stuff.. Random numbers are: 1648931023, 489296829, 1293801109.
2018-11-13 00:03:15,158 34660  INFO  [BackgroundDaemon] Processing data (56% completed)..
2018-11-13 00:03:15,158 34660  INFO  [BackgroundDaemon] Finished iteration in 00:00:00.1554007.
2018-11-13 00:03:15,163 34664  INFO  [c0b130] Finished processing user request with id = c0b13016-d6bc-44e8-bd3e-0487fad2973c in 00:00:00.0390135.
2018-11-13 00:03:15,176 34677  INFO  [12ed46] Started processing user request. Id = 12ed4645-e2c1-40b8-84a8-bd81ea821353. Size = 72.71 KB.
2018-11-13 00:03:15,187 34688  INFO  [12ed46] Doing some complicated stuff.. Random numbers are: 947359742, 1569819364, 1069717192.
2018-11-13 00:03:15,190 34691  INFO  [12ed46] Here's some useful guids:
		1748fc9f-066e-4f3e-a1e5-ea469f01702e
		06fc2601-a82c-4ba9-8338-2d33e5ea32a9
		043468e9-fba3-4a97-aa1d-16676bb6a491
2018-11-13 00:03:15,194 34695  INFO  [6742f6] Finished processing user request with id = 6742f6e3-ebf6-41ce-9201-a5cb644e08b7 in 00:00:00.0568591.
2018-11-13 00:03:15,207 34709  ERROR [12ed46] 
System.InvalidOperationException: Oh no! An error occurred!
2018-11-13 00:03:15,221 34722  INFO  [4f9e27] Started processing user request. Id = 4f9e2704-0a3f-484e-834f-d6b3c81e12b3. Size = 64.79 KB.
2018-11-13 00:03:15,226 34727  INFO  [4f9e27] Doing some complicated stuff.. Random numbers are: 175340948, 345188288, 1755573196.
2018-11-13 00:03:15,226 34727  INFO  [93b10f] Started processing user request. Id = 93b10f74-b32c-4584-96a6-7ed9a0810831. Size = 35.42 KB.
2018-11-13 00:03:15,228 34729  INFO  [a86a9c] Started processing user request. Id = a86a9c0e-cb5d-40f2-b6bf-0c028fa02b8c. Size = 15.63 KB.
2018-11-13 00:03:15,232 34733  INFO  [a86a9c] Doing some complicated stuff.. Random numbers are: 1366311896, 980187734, 981773247.
2018-11-13 00:03:15,243 34744  INFO  [93b10f] Doing some complicated stuff.. Random numbers are: 858688125, 1675021229, 629180054.
2018-11-13 00:03:15,253 34754  INFO  [93b10f] Here's some useful guids:
		10aeb388-a5d4-4cb5-979d-71042634652b
		9347da68-0d66-46bc-a979-3d0c4cc13914
		c9a06dfd-87f6-49ac-b877-916b67936568
		66edd977-ff15-4fbe-aa3b-df662fd8f82f
2018-11-13 00:03:15,272 34773  INFO  [93b10f] Finished processing user request with id = 93b10f74-b32c-4584-96a6-7ed9a0810831 in 00:00:00.0461377.
2018-11-13 00:03:15,273 34774  INFO  [Metrics] Cpu: 1.25%; Memory: 19.79 GB/31.88 GB; Workers: 4/1024; IOCP: 0/1024
2018-11-13 00:03:15,274 34775  INFO  [a86a9c] Finished processing user request with id = a86a9c0e-cb5d-40f2-b6bf-0c028fa02b8c in 00:00:00.0461723.
2018-11-13 00:03:15,293 34794  INFO  [4f9e27] Finished processing user request with id = 4f9e2704-0a3f-484e-834f-d6b3c81e12b3 in 00:00:00.0725485.
2018-11-13 00:03:15,303 34805  INFO  [da688c] Started processing user request. Id = da688c5c-c0fe-4ec5-8dd1-08fb034d7a57. Size = 79.46 KB.
2018-11-13 00:03:15,306 34807  INFO  [c37779] Started processing user request. Id = c377796e-f155-43d0-a4d4-825f6ac19ca7. Size = 43.76 KB.
2018-11-13 00:03:15,315 34816  INFO  [c37779] Doing some complicated stuff.. Random numbers are: 1028764966, 1773202015, 413727054.
2018-11-13 00:03:15,320 34821  INFO  [da688c] Doing some complicated stuff.. Random numbers are: 1784568509, 1002493230, 1161611192.
2018-11-13 00:03:15,346 34847  INFO  [c37779] Finished processing user request with id = c377796e-f155-43d0-a4d4-825f6ac19ca7 in 00:00:00.0398290.
2018-11-13 00:03:15,359 34860  INFO  [9a377b] Started processing user request. Id = 9a377b4c-cfac-4d9a-8cc1-5df7d1c0eeba. Size = 1.2 KB.
2018-11-13 00:03:15,359 34860  INFO  [BackgroundDaemon] Starting iteration #15523.
2018-11-13 00:03:15,365 34866  INFO  [da688c] Finished processing user request with id = da688c5c-c0fe-4ec5-8dd1-08fb034d7a57 in 00:00:00.0617637.
2018-11-13 00:03:15,365 34866  INFO  [9a377b] Doing some complicated stuff.. Random numbers are: 405975709, 256128144, 1357702306.
2018-11-13 00:03:15,397 34898  INFO  [d0c24a] Started processing user request. Id = d0c24abe-d5d6-4311-8beb-ae75c05d3d7c. Size = 71.94 KB.
2018-11-13 00:03:15,415 34916  INFO  [d0c24a] Doing some complicated stuff.. Random numbers are: 1479326833, 321368917, 773311271.
2018-11-13 00:03:15,422 34923  INFO  [BackgroundDaemon] Processing data (4% completed)..
2018-11-13 00:03:15,434 34935  INFO  [9a377b] Finished processing user request with id = 9a377b4c-cfac-4d9a-8cc1-5df7d1c0eeba in 00:00:00.0743590.
2018-11-13 00:03:15,442 34943  INFO  [95d36e] Started processing user request. Id = 95d36ebb-5f3e-49b4-9695-0baf2653737d. Size = 77.41 KB.
2018-11-13 00:03:15,447 34948  INFO  [233a93] Started processing user request. Id = 233a9348-2898-4a39-b716-955dfa839b78. Size = 21.85 KB.
2018-11-13 00:03:15,449 34950  INFO  [95d36e] Doing some complicated stuff.. Random numbers are: 1033948987, 1835107641, 1456281110.
2018-11-13 00:03:15,455 34956  INFO  [d0c24a] Finished processing user request with id = d0c24abe-d5d6-4311-8beb-ae75c05d3d7c in 00:00:00.0579884.
2018-11-13 00:03:15,460 34961  INFO  [233a93] Doing some complicated stuff.. Random numbers are: 1988915967, 578223989, 1081810784.
2018-11-13 00:03:15,481 34982  INFO  [BackgroundDaemon] Processing data (35% completed)..
2018-11-13 00:03:15,486 34987  INFO  [978b5f] Started processing user request. Id = 978b5fd2-5010-4bc9-a151-31bf7ca869dc. Size = 79.85 KB.
2018-11-13 00:03:15,487 34988  INFO  [95d36e] Here's some useful guids:
		21a3ff4c-a5ac-4638-a7a0-0562d632d90a
		644d65fd-3bf4-4b2c-be1a-f16e8cf60734
		c8aa6fbe-3d98-4b8f-953f-5c3df33f18ef
		fa0e1061-5766-46b2-a6f2-dec811e7b6f2
		b2fb68d6-4eed-4fa6-8ee0-8585f8c0b48e
2018-11-13 00:03:15,497 34998  INFO  [95d36e] Finished processing user request with id = 95d36ebb-5f3e-49b4-9695-0baf2653737d in 00:00:00.0551600.
2018-11-13 00:03:15,497 34998  INFO  [233a93] Here's some useful guids:
		fa1c1d6b-590d-43b5-bcd9-e54d3f757acd
		7f9c53a5-f94a-4994-886b-467692552d79
		7fde8626-3494-4c31-a935-c920573f96bd
2018-11-13 00:03:15,500 35001  INFO  [978b5f] Doing some complicated stuff.. Random numbers are: 1737965373, 1492646363, 1737129097.
2018-11-13 00:03:15,501 35002  INFO  [233a93] Finished processing user request with id = 233a9348-2898-4a39-b716-955dfa839b78 in 00:00:00.0541800.
2018-11-13 00:03:15,507 35008  INFO  [BackgroundDaemon] Processing data (87% completed)..
2018-11-13 00:03:15,507 35008  INFO  [BackgroundDaemon] Finished iteration in 00:00:00.1481472.
2018-11-13 00:03:15,514 35016  INFO  [3d5865] Started processing user request. Id = 3d5865bd-a444-4f73-9192-d9e800551b9a. Size = 36.09 KB.
2018-11-13 00:03:15,528 35029  INFO  [978b5f] Here's some useful guids:
		1eb8e880-c06c-422d-930e-1847d8280a58
2018-11-13 00:03:15,531 35032  INFO  [3d5865] Doing some complicated stuff.. Random numbers are: 83692268, 522014845, 1086163879.
2018-11-13 00:03:15,549 35050  INFO  [978b5f] Finished processing user request with id = 978b5fd2-5010-4bc9-a151-31bf7ca869dc in 00:00:00.0631179.
2018-11-13 00:03:15,581 35082  INFO  [9d0f37] Started processing user request. Id = 9d0f373a-052a-4b49-8136-51c96e2189f9. Size = 1.18 KB.
2018-11-13 00:03:15,582 35083  INFO  [3d5865] Finished processing user request with id = 3d5865bd-a444-4f73-9192-d9e800551b9a in 00:00:00.0678351.
2018-11-13 00:03:15,595 35096  INFO  [99272b] Started processing user request. Id = 99272bbc-887f-4e2c-b473-b772edb2e2e2. Size = 72.05 KB.
2018-11-13 00:03:15,599 35100  INFO  [9d0f37] Doing some complicated stuff.. Random numbers are: 1573746612, 298811454, 1984275129.
2018-11-13 00:03:15,600 35101  INFO  [99272b] Doing some complicated stuff.. Random numbers are: 525738134, 1155607305, 1494648637.
2018-11-13 00:03:15,620 35121  INFO  [99272b] Here's some useful guids:
		7045caa9-1475-4139-9ff0-cf57f8fe1534
		4a759462-250d-4a47-9b9d-8682ebac9f84
2018-11-13 00:03:15,624 35126  INFO  [9d0f37] Here's some useful guids:
		bc7a5c23-066d-4575-9d41-887f33227e47
2018-11-13 00:03:15,633 35134  INFO  [9d0f37] Finished processing user request with id = 9d0f373a-052a-4b49-8136-51c96e2189f9 in 00:00:00.0520413.
2018-11-13 00:03:15,644 35145  INFO  [99272b] Finished processing user request with id = 99272bbc-887f-4e2c-b473-b772edb2e2e2 in 00:00:00.0488077.
2018-11-13 00:03:15,657 35158  INFO  [5c6434] Started processing user request. Id = 5c643403-ef3b-476e-91dd-c709610c01e7. Size = 62.73 KB.
2018-11-13 00:03:15,659 35160  INFO  [5c6434] Doing some complicated stuff.. Random numbers are: 1086228142, 1808295077, 1550741980.
2018-11-13 00:03:15,664 35165  INFO  [d496bf] Started processing user request. Id = d496bf06-f215-4fec-ac21-b549aff6a72f. Size = 22.27 KB.
2018-11-13 00:03:15,665 35166  INFO  [f9fb28] Started processing user request. Id = f9fb2821-fb03-4dbe-94cc-d2af055db321. Size = 84.35 KB.
2018-11-13 00:03:15,673 35174  INFO  [f9fb28] Doing some complicated stuff.. Random numbers are: 1214488863, 1571345684, 1632434074.
2018-11-13 00:03:15,674 35175  INFO  [d496bf] Doing some complicated stuff.. Random numbers are: 1372662939, 577363251, 554028367.
2018-11-13 00:03:15,675 35176  INFO  [f9fb28] Here's some useful guids:
		2b070516-a7b1-407d-9701-6348b4611526
		1f8db24b-53a3-4e45-9b0f-4ae0994da5f4
		d7ae66fb-3ad5-4b22-b571-6ae6c9420c1e
		4b7a055f-e18e-407c-a15c-699a0fbc6360
2018-11-13 00:03:15,676 35177  INFO  [5c6434] Here's some useful guids:
		6d946462-af38-4f5a-9f0f-dbade6658eb1
		bb26947f-07e2-4503-acc0-7c6f2e0ca0d2
		03b9c079-ec8c-42f1-b8e5-cf865d747ae8
		83feea44-5ec4-4fe9-9669-2894cad0dab9
		c4b46d5a-1ab3-4781-9576-92225c09d3b8
2018-11-13 00:03:15,681 35183  ERROR [5c6434] 
System.InvalidOperationException: Oh no! An error occurred!
2018-11-13 00:03:15,695 35197  INFO  [ab20d0] Started processing user request. Id = ab20d076-c36b-45d3-af9b-54a4d0d5c2d3. Size = 52.97 KB.
2018-11-13 00:03:15,703 35204  INFO  [f9fb28] Finished processing user request with id = f9fb2821-fb03-4dbe-94cc-d2af055db321 in 00:00:00.0378285.
2018-11-13 00:03:15,708 35209  INFO  [BackgroundDaemon] Starting iteration #15524.
2018-11-13 00:03:15,712 35213  INFO  [ab20d0] Doing some complicated stuff.. Random numbers are: 1579640135, 821741231, 1145335885.
2018-11-13 00:03:15,725 35226  INFO  [d496bf] Finished processing user request with id = d496bf06-f215-4fec-ac21-b549aff6a72f in 00:00:00.0609983.
2018-11-13 00:03:15,741 35242  INFO  [ab20d0] Finished processing user request with id = ab20d076-c36b-45d3-af9b-54a4d0d5c2d3 in 00:00:00.0451919.
2018-11-13 00:03:15,755 35256  INFO  [391c5f] Started processing user request. Id = 391c5f11-1036-4e3f-b630-d68ab1fe8ee7. Size = 67.06 KB.
2018-11-13 00:03:15,757 35258  INFO  [fae3a8] Started processing user request. Id = fae3a8b4-a537-4c8a-8e2a-f8d855fa549f. Size = 3.9 KB.
2018-11-13 00:03:15,760 35261  INFO  [fae3a8] Doing some complicated stuff.. Random numbers are: 985411310, 1557526172, 873114665.
2018-11-13 00:03:15,761 35262  INFO  [391c5f] Doing some complicated stuff.. Random numbers are: 1406999104, 665018923, 844323620.
2018-11-13 00:03:15,770 35271  INFO  [391c5f] Here's some useful guids:
		4d2b165c-1a95-4d7e-8205-a931914841ce
		ec3fe934-a22c-4cea-acbb-1e5e59c95c3f
		95774cb5-1eda-4a8e-bb6a-91ebbc0f3d84
		29611f22-d8cd-4a3b-ae3e-9ba133cc01fe
		4906dd24-d428-498d-8266-011fdbe4e8a2
2018-11-13 00:03:15,772 35273  INFO  [Metrics] Cpu: 1.25%; Memory: 19.79 GB/31.88 GB; Workers: 4/1024; IOCP: 0/1024
2018-11-13 00:03:15,773 35274  INFO  [391c5f] Finished processing user request with id = 391c5f11-1036-4e3f-b630-d68ab1fe8ee7 in 00:00:00.0186658.
2018-11-13 00:03:15,787 35288  INFO  [8f6d95] Started processing user request. Id = 8f6d9543-8797-44b0-9312-84a4c587664f. Size = 73.41 KB.
2018-11-13 00:03:15,787 35288  INFO  [8f6d95] Doing some complicated stuff.. Random numbers are: 1386566009, 489484660, 1967544117.
2018-11-13 00:03:15,805 35306  INFO  [BackgroundDaemon] Processing data (16% completed)..
2018-11-13 00:03:15,805 35306  INFO  [8f6d95] Here's some useful guids:
		12441889-f1e9-484b-82f8-0d3e4c7f2942
		3fca6bc5-b1af-44b8-ba3a-de1833659ba8
		ddad9245-7a8a-4be2-9653-8d54ddcfa45c
		c368c5b5-cc31-4994-97af-ff0c446f2800
		c0240cff-6890-4ef7-b081-fbe10cadfdc8
2018-11-13 00:03:15,805 35306  INFO  [8f6d95] Finished processing user request with id = 8f6d9543-8797-44b0-9312-84a4c587664f in 00:00:00.0180823.
2018-11-13 00:03:15,810 35311  INFO  [fae3a8] Finished processing user request with id = fae3a8b4-a537-4c8a-8e2a-f8d855fa549f in 00:00:00.0535334.
2018-11-13 00:03:15,818 35319  INFO  [5c4a6e] Started processing user request. Id = 5c4a6e67-308c-480e-9b60-50d2f32ff902. Size = 79.17 KB.
2018-11-13 00:03:15,824 35325  INFO  [5c4a6e] Doing some complicated stuff.. Random numbers are: 1820017582, 1718973911, 1615753179.
2018-11-13 00:03:15,841 35342  INFO  [ffe8e2] Started processing user request. Id = ffe8e2a3-5a93-47e5-8a9c-2f263dc55ec2. Size = 2.48 KB.
2018-11-13 00:03:15,844 35345  INFO  [ffe8e2] Doing some complicated stuff.. Random numbers are: 399420673, 772537426, 39213657.
2018-11-13 00:03:15,854 35355  INFO  [ffe8e2] Here's some useful guids:
		f5014804-3e4a-4815-9140-d17e8244ae55
		46bd7d72-08dd-4bad-bfb8-ed01d21e41b0
		714efab4-ec0e-481e-953a-fe731df51360
2018-11-13 00:03:15,854 35355  INFO  [ffe8e2] Finished processing user request with id = ffe8e2a3-5a93-47e5-8a9c-2f263dc55ec2 in 00:00:00.0130680.
2018-11-13 00:03:15,866 35367  INFO  [BackgroundDaemon] Processing data (48% completed)..
2018-11-13 00:03:15,868 35369  INFO  [5c4a6e] Finished processing user request with id = 5c4a6e67-308c-480e-9b60-50d2f32ff902 in 00:00:00.0501147.
2018-11-13 00:03:15,871 35372  INFO  [dad50d] Started processing user request. Id = dad50dda-3dcf-4b84-aa22-3bf64aec2f10. Size = 3.15 KB.
2018-11-13 00:03:15,882 35383  INFO  [1135b3] Started processing user request. Id = 1135b388-10b2-4da1-a4b5-b233019067a2. Size = 480 B.
2018-11-13 00:03:15,886 35387  INFO  [dad50d] Doing some complicated stuff.. Random numbers are: 1341502393, 514957723, 509001570.
2018-11-13 00:03:15,886 35387  INFO  [274021] Started processing user request. Id = 274021fe-e927-419b-9ccd-69d2050143d3. Size = 75.07 KB.
2018-11-13 00:03:15,895 35396  INFO  [1135b3] Doing some complicated stuff.. Random numbers are: 1408339174, 1099157707, 545598901.
2018-11-13 00:03:15,897 35398  INFO  [274021] Doing some complicated stuff.. Random numbers are: 751854803, 1225018458, 1149215471.
2018-11-13 00:03:15,899 35400  INFO  [1135b3] Here's some useful guids:
		cf875d7d-5c63-4939-8c39-520171167427
		e2bffb40-8314-4919-be34-32c08c9373d6
		df504e52-9457-46f3-a673-df6533470fe6
		abc0c995-c99c-4e2f-a27d-6614658af9d6
		d7261729-eb68-4dd6-a212-06ebe4eeb2c4
2018-11-13 00:03:15,919 35420  INFO  [dad50d] Here's some useful guids:
		aff452e2-8e0e-4941-a145-83497f60e4e2
		f436f484-7cb0-4715-8cb7-fc382c0b8aa2
		4ddf51fc-1659-4e2c-90ff-6c2a2892d3bb
		f365a20a-c172-428b-8a65-15b8665e4606
2018-11-13 00:03:15,923 35424  INFO  [1135b3] Finished processing user request with id = 1135b388-10b2-4da1-a4b5-b233019067a2 in 00:00:00.0411988.
2018-11-13 00:03:15,924 35425  INFO  [274021] Finished processing user request with id = 274021fe-e927-419b-9ccd-69d2050143d3 in 00:00:00.0381452.
2018-11-13 00:03:15,931 35432  ERROR [dad50d] 
System.InvalidOperationException: Oh no! An error occurred!
2018-11-13 00:03:15,937 35438  INFO  [3bceb4] Started processing user request. Id = 3bceb4f2-a265-459c-b53a-bf88f62e95cf. Size = 58.96 KB.
2018-11-13 00:03:15,951 35452  INFO  [3bceb4] Doing some complicated stuff.. Random numbers are: 984847093, 265577088, 1571768996.
2018-11-13 00:03:15,955 35456  INFO  [ff20a6] Started processing user request. Id = ff20a629-883a-4385-9ff7-eaab95c8b51a. Size = 53.04 KB.
2018-11-13 00:03:15,958 35459  INFO  [BackgroundDaemon] Processing data (83% completed)..
2018-11-13 00:03:15,958 35459  INFO  [BackgroundDaemon] Finished iteration in 00:00:00.2501315.
2018-11-13 00:03:15,963 35464  INFO  [ff20a6] Doing some complicated stuff.. Random numbers are: 120947420, 1687707402, 1307462940.
2018-11-13 00:03:15,994 35496  INFO  [3bceb4] Finished processing user request with id = 3bceb4f2-a265-459c-b53a-bf88f62e95cf in 00:00:00.0573755.
2018-11-13 00:03:15,999 35500  INFO  [ff20a6] Finished processing user request with id = ff20a629-883a-4385-9ff7-eaab95c8b51a in 00:00:00.0433058.
2018-11-13 00:03:16,008 35509  INFO  [c98f93] Started processing user request. Id = c98f93c8-34cd-49a1-8e1f-0494f5a38cae. Size = 80.42 KB.
2018-11-13 00:03:16,026 35527  INFO  [c98f93] Doing some complicated stuff.. Random numbers are: 484821594, 319717354, 1854613740.
2018-11-13 00:03:16,030 35531  INFO  [76c2f0] Started processing user request. Id = 76c2f058-8be8-4cdc-b849-43ee7c0950f5. Size = 16.41 KB.
2018-11-13 00:03:16,037 35538  INFO  [76c2f0] Doing some complicated stuff.. Random numbers are: 393573890, 95831299, 478200517.
2018-11-13 00:03:16,053 35554  INFO  [c98f93] Here's some useful guids:
		9797c891-2e87-4d51-9424-c1de15ea91dc
		b638c78e-6695-4e19-b5ca-8662e81a54ea
		7737c0a6-a5e4-4b8b-9173-18ea8a730dd9
2018-11-13 00:03:16,067 35568  INFO  [c98f93] Finished processing user request with id = c98f93c8-34cd-49a1-8e1f-0494f5a38cae in 00:00:00.0587441.
2018-11-13 00:03:16,078 35579  ERROR [76c2f0] 
System.InvalidOperationException: Oh no! An error occurred!
2018-11-13 00:03:16,081 35582  INFO  [970d97] Started processing user request. Id = 970d97e4-40ef-4d41-a7d6-bbae0706b7d3. Size = 54.69 KB.
2018-11-13 00:03:16,095 35596  INFO  [970d97] Doing some complicated stuff.. Random numbers are: 693289655, 1076726749, 248282222.
2018-11-13 00:03:16,099 35600  INFO  [8f3bc3] Started processing user request. Id = 8f3bc3ea-694e-4e14-b534-120a3a2aabad. Size = 1.11 KB.
2018-11-13 00:03:16,102 35603  INFO  [970d97] Finished processing user request with id = 970d97e4-40ef-4d41-a7d6-bbae0706b7d3 in 00:00:00.0210197.
2018-11-13 00:03:16,106 35607  INFO  [8f3bc3] Doing some complicated stuff.. Random numbers are: 1972273587, 742330108, 1883604998.
2018-11-13 00:03:16,110 35611  INFO  [48b91d] Started processing user request. Id = 48b91d11-4bf7-47d2-8899-5549f85dbe76. Size = 85.11 KB.
2018-11-13 00:03:16,116 35617  INFO  [b8e9a8] Started processing user request. Id = b8e9a834-e3e8-48c6-8974-3cbc3e2a20e0. Size = 38.43 KB.
2018-11-13 00:03:16,119 35620  INFO  [48b91d] Doing some complicated stuff.. Random numbers are: 844943048, 1675011471, 1763320850.
2018-11-13 00:03:16,119 35620  INFO  [b8e9a8] Doing some complicated stuff.. Random numbers are: 1471075551, 1031527980, 1069789856.
2018-11-13 00:03:16,133 35634  INFO  [8f3bc3] Here's some useful guids:
		6510a780-992b-410e-a3e4-0c3a7000ed8b
		d9b6a370-7299-47cd-abe7-3824e6cb4949
		12c17b3b-b2c3-4857-a358-6f79325a18e9
2018-11-13 00:03:16,149 35650  INFO  [b8e9a8] Here's some useful guids:
		9ec2991f-73b6-440b-adb0-bc7b1d57aa04
		2cfb75d0-ca40-40ff-bfa9-45399577e0b1
		b9dd11e1-dbc1-4e99-bcf0-193aa9a17935
		a10b16f7-6e76-4001-a7f4-35a96eb5ac61
2018-11-13 00:03:16,150 35651  INFO  [48b91d] Here's some useful guids:
		c1fc0426-596b-4bb0-b23a-75add1baff0c
		22a31a7e-3bba-445c-8573-f775191bc5e1
		b4aaa44d-e4e7-43e5-8818-3f275075b6d5
		5ef98c9b-9e61-4fe7-9d34-5fade2ce03e8
		bb94ef99-1ef0-49f6-8772-dd43b46a14c0
2018-11-13 00:03:16,156 35657  INFO  [48b91d] Finished processing user request with id = 48b91d11-4bf7-47d2-8899-5549f85dbe76 in 00:00:00.0460465.
2018-11-13 00:03:16,159 35660  INFO  [b8e9a8] Finished processing user request with id = b8e9a834-e3e8-48c6-8974-3cbc3e2a20e0 in 00:00:00.0430492.
2018-11-13 00:03:16,159 35660  INFO  [BackgroundDaemon] Starting iteration #15525.
2018-11-13 00:03:16,160 35661  INFO  [8f3bc3] Finished processing user request with id = 8f3bc3ea-694e-4e14-b534-120a3a2aabad in 00:00:00.0611640.
2018-11-13 00:03:16,172 35673  INFO  [821106] Started processing user request. Id = 82110642-1c6e-4534-ac5d-48e38323428c. Size = 11.34 KB.
2018-11-13 00:03:16,180 35681  INFO  [821106] Doing some complicated stuff.. Random numbers are: 1869585522, 1778228431, 710498410.
2018-11-13 00:03:16,187 35688  INFO  [604870] Started processing user request. Id = 6048708e-24bd-4f9e-b673-1b2f5dadbc83. Size = 60.98 KB.
2018-11-13 00:03:16,206 35707  INFO  [604870] Doing some complicated stuff.. Random numbers are: 635110826, 1708800022, 1382254468.
2018-11-13 00:03:16,230 35731  INFO  [821106] Finished processing user request with id = 82110642-1c6e-4534-ac5d-48e38323428c in 00:00:00.0577931.
2018-11-13 00:03:16,244 35745  INFO  [7d7234] Started processing user request. Id = 7d7234d3-3b4d-4917-aba0-9ce5cfb62b12. Size = 77.75 KB.
2018-11-13 00:03:16,248 35749  INFO  [BackgroundDaemon] Processing data (6% completed)..
2018-11-13 00:03:16,258 35759  ERROR [604870] 
System.InvalidOperationException: Oh no! An error occurred!
2018-11-13 00:03:16,262 35763  INFO  [7d7234] Doing some complicated stuff.. Random numbers are: 45374524, 1450858478, 1651444618.
2018-11-13 00:03:16,267 35768  INFO  [7d7234] Here's some useful guids:
		1d126f96-7749-492c-95cb-3b1ce037fc8b
		e67aade7-e1b0-44e0-9993-a6d6a6806778
		2d2fbfc3-4e1f-4c8d-8d3e-aaa812f7ff84
2018-11-13 00:03:16,272 35773  INFO  [Metrics] Cpu: 1.07%; Memory: 19.79 GB/31.88 GB; Workers: 4/1024; IOCP: 0/1024
2018-11-13 00:03:16,274 35775  INFO  [BackgroundDaemon] Processing data (39% completed)..
2018-11-13 00:03:16,275 35776  INFO  [7d7234] Finished processing user request with id = 7d7234d3-3b4d-4917-aba0-9ce5cfb62b12 in 00:00:00.0311594.
2018-11-13 00:03:16,289 35790  INFO  [7467b0] Started processing user request. Id = 7467b0b8-1a3a-4f9e-b917-41cb51fcba67. Size = 34.34 KB.
2018-11-13 00:03:16,289 35790  INFO  [4487da] Started processing user request. Id = 4487da9c-c7fc-481a-b38e-daeedb147bf0. Size = 33.66 KB.
2018-11-13 00:03:16,289 35790  INFO  [4487da] Doing some complicated stuff.. Random numbers are: 401570156, 722296635, 805183886.
2018-11-13 00:03:16,300 35801  INFO  [7467b0] Doing some complicated stuff.. Random numbers are: 1844817970, 751221888, 1546245764.
2018-11-13 00:03:16,307 35808  INFO  [BackgroundDaemon] Processing data (93% completed)..
2018-11-13 00:03:16,307 35808  INFO  [BackgroundDaemon] Finished iteration in 00:00:00.1479522.
2018-11-13 00:03:16,310 35811  INFO  [4487da] Here's some useful guids:
		f3595a3e-9907-49dc-b86a-3d25503efb3e
2018-11-13 00:03:16,324 35825  INFO  [4487da] Finished processing user request with id = 4487da9c-c7fc-481a-b38e-daeedb147bf0 in 00:00:00.0348218.
2018-11-13 00:03:16,328 35829  INFO  [3a9407] Started processing user request. Id = 3a9407db-467b-41e1-9455-a298cc778db1. Size = 1.47 KB.
2018-11-13 00:03:16,337 35838  INFO  [75946e] Started processing user request. Id = 75946ea7-5556-4cf7-b67d-78f0d9b72998. Size = 39.22 KB.
2018-11-13 00:03:16,337 35838  INFO  [7467b0] Here's some useful guids:
		143fa6b3-0aab-40b3-859c-2f97c57d8678
		fd334c37-3fdc-4e08-bdd6-bd4dc30c4349
		edfa2cba-245d-4036-97aa-59c29e54596a
		6d7c67da-aba1-4425-8d18-586731fc85f8
2018-11-13 00:03:16,338 35839  INFO  [3a9407] Doing some complicated stuff.. Random numbers are: 339924486, 189126365, 906496209.
2018-11-13 00:03:16,347 35848  INFO  [75946e] Doing some complicated stuff.. Random numbers are: 101666407, 1900182843, 616401729.
2018-11-13 00:03:16,353 35854  INFO  [7467b0] Finished processing user request with id = 7467b0b8-1a3a-4f9e-b917-41cb51fcba67 in 00:00:00.0642420.
2018-11-13 00:03:16,361 35862  INFO  [75946e] Here's some useful guids:
		455170b8-557d-405f-912c-46e0cd94facd
		37e436f2-9c5f-4f2a-91f4-935c0e195cbf
		a8adb981-7730-4272-b967-0f4bd34cf57c
		fd8748a4-992c-476e-aa56-e5023fb44b6d
2018-11-13 00:03:16,365 35866  INFO  [3a9407] Finished processing user request with id = 3a9407db-467b-41e1-9455-a298cc778db1 in 00:00:00.0372499.
2018-11-13 00:03:16,384 35885  INFO  [4f67ac] Started processing user request. Id = 4f67ac21-b1b9-4aa3-88ce-b2512368569e. Size = 28.43 KB.
2018-11-13 00:03:16,386 35888  ERROR [75946e] 
System.InvalidOperationException: Oh no! An error occurred!
2018-11-13 00:03:16,394 35895  INFO  [4f67ac] Doing some complicated stuff.. Random numbers are: 1241219699, 798728577, 1094387595.
2018-11-13 00:03:16,400 35901  INFO  [5c3142] Started processing user request. Id = 5c314283-19ef-4d91-b099-c09196219165. Size = 79.29 KB.
2018-11-13 00:03:16,404 35905  INFO  [5c3142] Doing some complicated stuff.. Random numbers are: 726630127, 18364057, 644304954.
2018-11-13 00:03:16,430 35931  INFO  [5c3142] Here's some useful guids:
		04e63cbc-f323-4b54-8fd6-d85f8ed3ad00
		2a1b12d6-1088-442c-a953-f8de5997a9ab
		b951fff8-3744-4125-96b8-d7b28a6c936b
2018-11-13 00:03:16,444 35945  INFO  [4f67ac] Finished processing user request with id = 4f67ac21-b1b9-4aa3-88ce-b2512368569e in 00:00:00.0597453.
2018-11-13 00:03:16,458 35959  INFO  [5c3142] Finished processing user request with id = 5c314283-19ef-4d91-b099-c09196219165 in 00:00:00.0585550.
2018-11-13 00:03:16,471 35973  INFO  [024c4b] Started processing user request. Id = 024c4b3c-c25b-4bdb-be5c-2ee5a9347d58. Size = 24.15 KB.
2018-11-13 00:03:16,475 35977  INFO  [79e58e] Started processing user request. Id = 79e58eec-973b-461f-8f78-daf8b92c084e. Size = 60.45 KB.
2018-11-13 00:03:16,478 35979  INFO  [024c4b] Doing some complicated stuff.. Random numbers are: 264632741, 864598975, 10960310.
2018-11-13 00:03:16,482 35983  INFO  [79e58e] Doing some complicated stuff.. Random numbers are: 1277255215, 1506905027, 714037716.
2018-11-13 00:03:16,485 35986  INFO  [024c4b] Finished processing user request with id = 024c4b3c-c25b-4bdb-be5c-2ee5a9347d58 in 00:00:00.0137583.
2018-11-13 00:03:16,498 35999  INFO  [88d792] Started processing user request. Id = 88d7927f-094c-46bb-b2fa-8b150d70680b. Size = 31.96 KB.
2018-11-13 00:03:16,508 36009  INFO  [BackgroundDaemon] Starting iteration #15526.
2018-11-13 00:03:16,516 36017  INFO  [88d792] Doing some complicated stuff.. Random numbers are: 1200876068, 1086394943, 110418088.
2018-11-13 00:03:16,522 36023  INFO  [88d792] Here's some useful guids:
		fffea44b-c425-45cb-9de5-972a0223f5cb
		c711a64a-5df8-426a-84f6-378e0334b86f
		b93403ff-e7de-4303-89fc-0969abf60111
		88c5ad4a-ef16-4db2-9d11-f342e5ca85f2
		cc068c46-dd42-4231-8a8f-664ceb080e35
2018-11-13 00:03:16,526 36027  INFO  [88d792] Finished processing user request with id = 88d7927f-094c-46bb-b2fa-8b150d70680b in 00:00:00.0276589.
2018-11-13 00:03:16,533 36034  INFO  [008447] Started processing user request. Id = 008447d9-eba8-4fb8-ad5f-358c30c2f430. Size = 40.07 KB.
2018-11-13 00:03:16,535 36036  INFO  [008447] Doing some complicated stuff.. Random numbers are: 1917749410, 1368119952, 1792914799.
2018-11-13 00:03:16,539 36040  INFO  [79e58e] Finished processing user request with id = 79e58eec-973b-461f-8f78-daf8b92c084e in 00:00:00.0636939.
2018-11-13 00:03:16,539 36040  INFO  [0c6b03] Started processing user request. Id = 0c6b03dc-a5dd-4042-b9ce-cd7780a68f76. Size = 41.46 KB.
2018-11-13 00:03:16,551 36053  INFO  [0c6b03] Doing some complicated stuff.. Random numbers are: 1214294822, 1285268308, 613923784.
2018-11-13 00:03:16,565 36066  INFO  [008447] Here's some useful guids:
		35d76060-6488-418b-b06b-e3833f399b33
		59c5deb4-9533-458b-83b0-4c873ec1275d
		387b7e9b-dbc4-469e-96d1-80846ee7f2fa
		f634b000-4b19-4c07-84b6-0e295d123a03
2018-11-13 00:03:16,567 36068  INFO  [0c6b03] Here's some useful guids:
		17327177-1197-4dae-a4e9-df6cdd6346e5
		76efdd97-1440-4e6e-a5eb-f37b50c075ce
		a8d56b25-2e1f-4ec5-b451-c65a8deafca3
		62b30041-e495-4b90-9b1c-d41dfac55faa
2018-11-13 00:03:16,570 36071  INFO  [f3a2f5] Started processing user request. Id = f3a2f57b-f27d-4ebe-b1d8-333387eeb784. Size = 52.07 KB.
2018-11-13 00:03:16,572 36073  INFO  [008447] Finished processing user request with id = 008447d9-eba8-4fb8-ad5f-358c30c2f430 in 00:00:00.0391542.
2018-11-13 00:03:16,573 36074  INFO  [0c6b03] Finished processing user request with id = 0c6b03dc-a5dd-4042-b9ce-cd7780a68f76 in 00:00:00.0341942.
2018-11-13 00:03:16,581 36082  INFO  [f3a2f5] Doing some complicated stuff.. Random numbers are: 567861867, 748339515, 468062454.
2018-11-13 00:03:16,587 36088  INFO  [012723] Started processing user request. Id = 012723bf-c25f-4512-8ca9-3cf823d99a2b. Size = 71.01 KB.
2018-11-13 00:03:16,590 36091  INFO  [012723] Doing some complicated stuff.. Random numbers are: 11261266, 468873181, 186615745.
2018-11-13 00:03:16,591 36093  INFO  [f3a2f5] Finished processing user request with id = f3a2f57b-f27d-4ebe-b1d8-333387eeb784 in 00:00:00.0211743.
2018-11-13 00:03:16,601 36102  INFO  [BackgroundDaemon] Processing data (3% completed)..
2018-11-13 00:03:16,610 36111  INFO  [012723] Here's some useful guids:
		a92e2459-2446-4b11-9661-3cced442ee06
		a30c11f2-d81e-4501-b4ec-b07d6fc70b42
2018-11-13 00:03:16,623 36124  INFO  [3c3694] Started processing user request. Id = 3c369417-e225-467f-9d75-c9aa70fc694a. Size = 13.08 KB.
2018-11-13 00:03:16,630 36131  INFO  [012723] Finished processing user request with id = 012723bf-c25f-4512-8ca9-3cf823d99a2b in 00:00:00.0427756.
2018-11-13 00:03:16,636 36137  INFO  [3c3694] Doing some complicated stuff.. Random numbers are: 1812998156, 1184096622, 168609739.
2018-11-13 00:03:16,643 36144  INFO  [5c2080] Started processing user request. Id = 5c208062-410f-42c4-95b2-d488e2101e55. Size = 15.41 KB.
2018-11-13 00:03:16,652 36153  INFO  [5c2080] Doing some complicated stuff.. Random numbers are: 960511699, 410245880, 1111122160.
2018-11-13 00:03:16,656 36157  INFO  [5c2080] Here's some useful guids:
		1ea4d2c6-d5e4-42c0-935e-8b603c0bbf03
		d1592656-e36e-4f5b-8df4-0113e88e5e71
		d824d0ea-fe1c-4707-a9ff-bc0a1e1560db
		e5807db4-b5d1-43a3-b9df-e9eecdf89921
2018-11-13 00:03:16,662 36163  INFO  [3c3694] Here's some useful guids:
		2f194561-5aca-4d86-91db-96fb3eb1014a
		59af5ffa-8537-441c-b5d2-9f62bc306e9e
		13da4cae-a384-4b44-bfbc-1f83fbc1a0fd
		62e4d46c-b681-422e-bdfe-7ab9c544abdf
		6bccda1d-db71-49e5-8c0d-6520de0ef013
2018-11-13 00:03:16,664 36165  INFO  [5c2080] Finished processing user request with id = 5c208062-410f-42c4-95b2-d488e2101e55 in 00:00:00.0210599.
2018-11-13 00:03:16,670 36171  INFO  [3c3694] Finished processing user request with id = 3c369417-e225-467f-9d75-c9aa70fc694a in 00:00:00.0472215.
2018-11-13 00:03:16,676 36177  INFO  [BackgroundDaemon] Processing data (22% completed)..
2018-11-13 00:03:16,678 36179  INFO  [44a41c] Started processing user request. Id = 44a41c0c-5808-4146-8140-8367a01dc35c. Size = 95.24 KB.
2018-11-13 00:03:16,695 36196  INFO  [44a41c] Doing some complicated stuff.. Random numbers are: 502917256, 139218190, 1059928971.
2018-11-13 00:03:16,702 36203  INFO  [cc55d5] Started processing user request. Id = cc55d5f8-a060-4d5d-a4c6-1cdcefe7e5c4. Size = 54.15 KB.
2018-11-13 00:03:16,715 36216  INFO  [BackgroundDaemon] Processing data (67% completed)..
2018-11-13 00:03:16,715 36216  INFO  [BackgroundDaemon] Finished iteration in 00:00:00.2071213.
2018-11-13 00:03:16,717 36218  INFO  [cc55d5] Doing some complicated stuff.. Random numbers are: 111784137, 1749288617, 159921729.
2018-11-13 00:03:16,721 36222  INFO  [cc55d5] Here's some useful guids:
		8e8e8f30-ffcd-48d0-b279-72a0083544d2
		43bc2007-081c-4509-8517-cfd783ede4dc
		7c41386c-6a5e-4e23-a019-a5746ec681b9
		42d56979-53ee-4311-bf47-10e69e38c01b
2018-11-13 00:03:16,740 36241  INFO  [a61655] Started processing user request. Id = a6165592-891c-49b2-850d-431d5f7ea639. Size = 81.64 KB.
2018-11-13 00:03:16,743 36244  INFO  [cc55d5] Finished processing user request with id = cc55d5f8-a060-4d5d-a4c6-1cdcefe7e5c4 in 00:00:00.0411891.
2018-11-13 00:03:16,744 36245  INFO  [44a41c] Finished processing user request with id = 44a41c0c-5808-4146-8140-8367a01dc35c in 00:00:00.0661202.
2018-11-13 00:03:16,751 36252  INFO  [a61655] Doing some complicated stuff.. Random numbers are: 843950506, 1289028276, 905240465.
2018-11-13 00:03:16,757 36258  INFO  [9b56bb] Started processing user request. Id = 9b56bbbc-a904-4078-afaf-ac8f935d418e. Size = 404 B.
2018-11-13 00:03:16,769 36270  INFO  [a61655] Finished processing user request with id = a6165592-891c-49b2-850d-431d5f7ea639 in 00:00:00.0290389.
2018-11-13 00:03:16,771 36273  INFO  [Metrics] Cpu: 1.07%; Memory: 19.79 GB/31.88 GB; Workers: 4/1024; IOCP: 0/1024
2018-11-13 00:03:16,773 36275  INFO  [9b56bb] Doing some complicated stuff.. Random numbers are: 992294187, 1610955978, 2145842219.
2018-11-13 00:03:16,775 36276  INFO  [6a7979] Started processing user request. Id = 6a797941-4186-4679-87a4-6e82b0411844. Size = 51.68 KB.
2018-11-13 00:03:16,782 36283  INFO  [6a7979] Doing some complicated stuff.. Random numbers are: 1751697331, 657870689, 855368118.
2018-11-13 00:03:16,801 36302  ERROR [6a7979] 
System.InvalidOperationException: Oh no! An error occurred!
2018-11-13 00:03:16,804 36305  INFO  [9b56bb] Here's some useful guids:
		bb1a12e9-7e9b-4a3d-8d11-972034a5bf66
		cb0044ff-010a-4119-b0b6-821f07faea4c
		3f247f07-954a-4b68-bb6b-00eafa8781b9
		101cb6c9-49b7-41a9-9d0f-46faed46686d
		14cff18e-5a05-4138-ae27-c5f445c29645
2018-11-13 00:03:16,814 36315  INFO  [9b56bb] Finished processing user request with id = 9b56bbbc-a904-4078-afaf-ac8f935d418e in 00:00:00.0565043.
2018-11-13 00:03:16,828 36329  INFO  [37695a] Started processing user request. Id = 37695a79-f542-4cf9-b444-6b7f9ada043b. Size = 55.93 KB.
2018-11-13 00:03:16,828 36329  INFO  [37695a] Doing some complicated stuff.. Random numbers are: 2126793529, 350862557, 550936442.
2018-11-13 00:03:16,833 36334  INFO  [129c97] Started processing user request. Id = 129c97db-c791-4a52-88af-b87db8a6a2a5. Size = 23.23 KB.
2018-11-13 00:03:16,837 36338  INFO  [37695a] Here's some useful guids:
		0b7eb637-968a-4445-b35e-862e76f6a2a7
2018-11-13 00:03:16,844 36345  INFO  [129c97] Doing some complicated stuff.. Random numbers are: 1199567954, 358317577, 1579567803.
2018-11-13 00:03:16,848 36349  INFO  [37695a] Finished processing user request with id = 37695a79-f542-4cf9-b444-6b7f9ada043b in 00:00:00.0202054.
2018-11-13 00:03:16,861 36362  INFO  [bf3224] Started processing user request. Id = bf32243a-de9d-4ceb-85da-4d1d9c4e65a7. Size = 16.3 KB.
2018-11-13 00:03:16,864 36365  INFO  [bf3224] Doing some complicated stuff.. Random numbers are: 1085259236, 818138616, 658434095.
2018-11-13 00:03:16,871 36372  INFO  [129c97] Here's some useful guids:
		c1bfb3a4-0a6a-4cdd-a850-04f0bc7a9443
		637bc396-b2fb-4b22-a115-f604b5fd64fb
		7e587c1c-0196-4297-8629-8e0a4bd0a3f9
		a589fb89-03c2-4287-9abf-52f8fdf9ecb7
		1c434719-e064-4027-9130-b5192ceff254
2018-11-13 00:03:16,873 36374  INFO  [129c97] Finished processing user request with id = 129c97db-c791-4a52-88af-b87db8a6a2a5 in 00:00:00.0404173.
2018-11-13 00:03:16,893 36394  ERROR [bf3224] 
System.InvalidOperationException: Oh no! An error occurred!
2018-11-13 00:03:16,905 36406  INFO  [06171d] Started processing user request. Id = 06171d12-7b25-4c1c-a8e1-4caf572db505. Size = 92.12 KB.
2018-11-13 00:03:16,906 36408  INFO  [63b3e5] Started processing user request. Id = 63b3e577-86d1-48a0-9854-601bc99230f7. Size = 71.13 KB.
2018-11-13 00:03:16,914 36416  INFO  [63b3e5] Doing some complicated stuff.. Random numbers are: 1720147877, 822022542, 1077924272.
2018-11-13 00:03:16,915 36417  INFO  [BackgroundDaemon] Starting iteration #15527.
2018-11-13 00:03:16,915 36417  INFO  [06171d] Doing some complicated stuff.. Random numbers are: 974860735, 1597352007, 1848842438.
2018-11-13 00:03:16,919 36420  INFO  [06171d] Here's some useful guids:
		d0f9d7ad-cac0-42a0-b674-90c3ca7ee932
		be379070-99e1-47ae-a6e0-c323502c033e
		338c16b2-76c1-4493-879f-09423d87a97e
2018-11-13 00:03:16,936 36437  INFO  [567cdb] Started processing user request. Id = 567cdb90-669f-4801-a7b9-49a825d28773. Size = 83.87 KB.
2018-11-13 00:03:16,938 36439  INFO  [567cdb] Doing some complicated stuff.. Random numbers are: 1319860070, 2104869549, 1933923251.
2018-11-13 00:03:16,940 36441  INFO  [06171d] Finished processing user request with id = 06171d12-7b25-4c1c-a8e1-4caf572db505 in 00:00:00.0351831.
2018-11-13 00:03:16,940 36441  INFO  [63b3e5] Here's some useful guids:
		8bd645fe-bbc1-47dc-9ca1-fd6feeaa35d6
		f0f91f34-d001-4826-a9ef-52fe881ccc53
		db137e50-a31a-4b80-9930-7235caef9e63
		a222a28c-cfc2-4928-960b-aaa8baea7d0f
2018-11-13 00:03:16,960 36461  INFO  [567cdb] Finished processing user request with id = 567cdb90-669f-4801-a7b9-49a825d28773 in 00:00:00.0238892.
2018-11-13 00:03:16,961 36462  INFO  [63b3e5] Finished processing user request with id = 63b3e577-86d1-48a0-9854-601bc99230f7 in 00:00:00.0547249.
2018-11-13 00:03:16,970 36471  INFO  [BackgroundDaemon] Processing data (7% completed)..
2018-11-13 00:03:16,972 36473  INFO  [c2d4d9] Started processing user request. Id = c2d4d90b-6863-4a93-b66f-db6b965c9f68. Size = 23.04 KB.
2018-11-13 00:03:16,975 36476  INFO  [c2d4d9] Doing some complicated stuff.. Random numbers are: 769783388, 125089567, 1003533665.
2018-11-13 00:03:16,975 36476  INFO  [2e37c0] Started processing user request. Id = 2e37c00c-64ff-4202-a2c5-5a00e0377031. Size = 41.12 KB.
2018-11-13 00:03:16,982 36483  INFO  [2e37c0] Doing some complicated stuff.. Random numbers are: 542928101, 1949434906, 530159795.
2018-11-13 00:03:16,992 36493  INFO  [BackgroundDaemon] Processing data (33% completed)..
2018-11-13 00:03:17,020 36522  INFO  [c2d4d9] Finished processing user request with id = c2d4d90b-6863-4a93-b66f-db6b965c9f68 in 00:00:00.0483678.
2018-11-13 00:03:17,040 36541  INFO  [2e37c0] Finished processing user request with id = 2e37c00c-64ff-4202-a2c5-5a00e0377031 in 00:00:00.0649748.
2018-11-13 00:03:17,052 36553  INFO  [03bbf2] Started processing user request. Id = 03bbf2ff-fa03-461d-b2fb-cdb03906628c. Size = 15.02 KB.
2018-11-13 00:03:17,053 36554  INFO  [1a6772] Started processing user request. Id = 1a67727d-f06b-4768-9921-8e6512560c52. Size = 95.95 KB.
2018-11-13 00:03:17,070 36571  INFO  [1a6772] Doing some complicated stuff.. Random numbers are: 1050323941, 1085410672, 657471048.
2018-11-13 00:03:17,070 36571  INFO  [03bbf2] Doing some complicated stuff.. Random numbers are: 1419201601, 1569978970, 2013011737.
2018-11-13 00:03:17,075 36576  INFO  [BackgroundDaemon] Processing data (83% completed)..
2018-11-13 00:03:17,075 36576  INFO  [BackgroundDaemon] Finished iteration in 00:00:00.1591115.
2018-11-13 00:03:17,110 36611  INFO  [03bbf2] Here's some useful guids:
		f63cc307-1d36-4351-942b-8a542e1357e0
		104c74ac-5a1a-414e-b87d-9de0fe3449f0
		17279270-f665-4758-ac42-e9087ebd6a8b
		09cfcbf9-7e0e-4ed8-b62a-73c8ba37267e
		21907c09-6796-4981-8386-e287b850a2ea
2018-11-13 00:03:17,121 36622  INFO  [1a6772] Finished processing user request with id = 1a67727d-f06b-4768-9921-8e6512560c52 in 00:00:00.0677806.
2018-11-13 00:03:17,128 36629  INFO  [1a681c] Started processing user request. Id = 1a681c63-57bc-4832-8bee-2bd03acfeb49. Size = 52.67 KB.
2018-11-13 00:03:17,129 36630  INFO  [03bbf2] Finished processing user request with id = 03bbf2ff-fa03-461d-b2fb-cdb03906628c in 00:00:00.0771429.
2018-11-13 00:03:17,135 36636  INFO  [52494c] Started processing user request. Id = 52494cf7-84c5-477b-a5da-49c18b9a67a1. Size = 7.96 KB.
2018-11-13 00:03:17,143 36644  INFO  [52494c] Doing some complicated stuff.. Random numbers are: 2004212381, 1915233294, 635567168.
2018-11-13 00:03:17,144 36645  INFO  [1a681c] Doing some complicated stuff.. Random numbers are: 2082316097, 542410128, 1977133664.
2018-11-13 00:03:17,160 36661  INFO  [91320b] Started processing user request. Id = 91320b8a-c737-4848-89d2-3db4ddf622d2. Size = 11.66 KB.
2018-11-13 00:03:17,160 36661  INFO  [91320b] Doing some complicated stuff.. Random numbers are: 424194209, 2140890339, 944186808.
2018-11-13 00:03:17,183 36684  INFO  [52494c] Finished processing user request with id = 52494cf7-84c5-477b-a5da-49c18b9a67a1 in 00:00:00.0480804.
2018-11-13 00:03:17,192 36693  INFO  [91320b] Here's some useful guids:
		bd0a3a42-569d-4cf7-b664-df2bdb3f19e7
2018-11-13 00:03:17,196 36697  INFO  [1aa7d5] Started processing user request. Id = 1aa7d578-328e-45ce-964c-f3302dcabd60. Size = 64.97 KB.
2018-11-13 00:03:17,202 36703  INFO  [1a681c] Finished processing user request with id = 1a681c63-57bc-4832-8bee-2bd03acfeb49 in 00:00:00.0745215.
2018-11-13 00:03:17,206 36707  INFO  [1aa7d5] Doing some complicated stuff.. Random numbers are: 1122444738, 452443284, 1152269868.
2018-11-13 00:03:17,210 36711  ERROR [91320b] 
System.InvalidOperationException: Oh no! An error occurred!
2018-11-13 00:03:17,242 36743  INFO  [d8641b] Started processing user request. Id = d8641bd4-d009-4b45-8021-5e7cdfa3989e. Size = 22.45 KB.
2018-11-13 00:03:17,248 36749  INFO  [1aa7d5] Finished processing user request with id = 1aa7d578-328e-45ce-964c-f3302dcabd60 in 00:00:00.0516830.
2018-11-13 00:03:17,249 36750  INFO  [d8641b] Doing some complicated stuff.. Random numbers are: 1427848459, 580451130, 570902047.
2018-11-13 00:03:17,261 36762  INFO  [cb0d08] Started processing user request. Id = cb0d08df-f501-4329-be21-60e64521c76d. Size = 89.63 KB.
2018-11-13 00:03:17,265 36766  INFO  [cb0d08] Doing some complicated stuff.. Random numbers are: 555099441, 1425644092, 1029755662.
2018-11-13 00:03:17,269 36770  INFO  [cb0d08] Here's some useful guids:
		817c48d8-52d8-4077-b0d7-120eb861b080
		e640a3b3-47ca-43b1-9f97-64e5f958c0dd
		55872c7c-730c-406d-9207-5edfbb58fb50
		4e0ad861-0726-46f3-a13b-20ececccce35
		7dd5536f-daaa-4eed-908a-580ef51c2e52
2018-11-13 00:03:17,271 36772  INFO  [Metrics] Cpu: 0.68%; Memory: 19.79 GB/31.88 GB; Workers: 4/1024; IOCP: 0/1024
2018-11-13 00:03:17,273 36774  INFO  [cb0d08] Finished processing user request with id = cb0d08df-f501-4329-be21-60e64521c76d in 00:00:00.0120944.
2018-11-13 00:03:17,275 36776  INFO  [BackgroundDaemon] Starting iteration #15528.
2018-11-13 00:03:17,277 36778  INFO  [d8641b] Here's some useful guids:
		829fcf4a-bc93-4597-961d-2da1c3e41403
2018-11-13 00:03:17,287 36788  INFO  [b33a9c] Started processing user request. Id = b33a9cc7-7e49-4af0-8c65-d488422ef388. Size = 86.06 KB.
2018-11-13 00:03:17,292 36793  INFO  [d8641b] Finished processing user request with id = d8641bd4-d009-4b45-8021-5e7cdfa3989e in 00:00:00.0498549.
2018-11-13 00:03:17,297 36798  INFO  [b33a9c] Doing some complicated stuff.. Random numbers are: 1620692750, 1783910059, 1689247069.
2018-11-13 00:03:17,323 36824  INFO  [1b5250] Started processing user request. Id = 1b5250e2-e96e-45c3-bac4-293cde03cb03. Size = 24.93 KB.
2018-11-13 00:03:17,331 36832  INFO  [b33a9c] Finished processing user request with id = b33a9cc7-7e49-4af0-8c65-d488422ef388 in 00:00:00.0443612.
2018-11-13 00:03:17,342 36843  INFO  [1b5250] Doing some complicated stuff.. Random numbers are: 374866819, 812432322, 1957439314.
2018-11-13 00:03:17,345 36846  INFO  [18467e] Started processing user request. Id = 18467e67-9d41-438f-8c5e-7b550af26f87. Size = 51.73 KB.
2018-11-13 00:03:17,345 36846  INFO  [18467e] Doing some complicated stuff.. Random numbers are: 700670238, 626376229, 451336233.
2018-11-13 00:03:17,353 36854  INFO  [1b5250] Here's some useful guids:
		e51253f5-2fa1-4045-a8ce-ea4d1954af7b
		5c7b7759-ebb1-4145-9ba6-bce5fe99d244
		e87cbf0c-45b0-46fc-b857-0fb92338d593
		4cc29e1c-db63-42cb-82a3-0f6a8a2bc52b
2018-11-13 00:03:17,368 36869  INFO  [BackgroundDaemon] Processing data (2% completed)..
2018-11-13 00:03:17,369 36870  INFO  [1b5250] Finished processing user request with id = 1b5250e2-e96e-45c3-bac4-293cde03cb03 in 00:00:00.0458852.
2018-11-13 00:03:17,370 36871  INFO  [b932dc] Started processing user request. Id = b932dc6f-117a-406f-97d8-9da0186ed2f1. Size = 69.88 KB.
2018-11-13 00:03:17,372 36873  INFO  [b932dc] Doing some complicated stuff.. Random numbers are: 1278014999, 1861387518, 15809320.
2018-11-13 00:03:17,382 36883  INFO  [b932dc] Finished processing user request with id = b932dc6f-117a-406f-97d8-9da0186ed2f1 in 00:00:00.0120123.
2018-11-13 00:03:17,383 36884  INFO  [18467e] Here's some useful guids:
		673d3840-432e-42d6-b186-668b4f301936
		2e78ce91-1039-4cb6-9633-fe43955b70e8
		843b56c5-72a6-424f-8f1d-1a9f652c5541
2018-11-13 00:03:17,388 36889  INFO  [18467e] Finished processing user request with id = 18467e67-9d41-438f-8c5e-7b550af26f87 in 00:00:00.0426536.
2018-11-13 00:03:17,401 36902  INFO  [0044fb] Started processing user request. Id = 0044fb94-208f-47a3-80e0-2ecbb614c1bc. Size = 36.51 KB.
2018-11-13 00:03:17,402 36903  INFO  [fee480] Started processing user request. Id = fee48016-58d5-4f59-9c7e-39eb792981c1. Size = 29.12 KB.
2018-11-13 00:03:17,403 36904  INFO  [0044fb] Doing some complicated stuff.. Random numbers are: 1000727225, 347831454, 1301879976.
2018-11-13 00:03:17,406 36907  INFO  [fee480] Doing some complicated stuff.. Random numbers are: 1619830715, 753062861, 1869810894.
2018-11-13 00:03:17,409 36910  INFO  [0044fb] Here's some useful guids:
		b8dc88b2-f796-42b9-ac90-f9405c380af6
2018-11-13 00:03:17,437 36938  INFO  [0044fb] Finished processing user request with id = 0044fb94-208f-47a3-80e0-2ecbb614c1bc in 00:00:00.0360643.
2018-11-13 00:03:17,440 36941  INFO  [fee480] Finished processing user request with id = fee48016-58d5-4f59-9c7e-39eb792981c1 in 00:00:00.0380270.
2018-11-13 00:03:17,453 36954  INFO  [a12124] Started processing user request. Id = a12124b8-54b5-4ac3-8bac-9d64f9a3dd7d. Size = 94.61 KB.
2018-11-13 00:03:17,467 36968  INFO  [BackgroundDaemon] Processing data (48% completed)..
2018-11-13 00:03:17,469 36970  INFO  [e25e12] Started processing user request. Id = e25e12fc-ab5a-44dc-b5d8-1f8fb13e7fef. Size = 10.47 KB.
2018-11-13 00:03:17,470 36971  INFO  [a12124] Doing some complicated stuff.. Random numbers are: 1484972645, 807136593, 1759700409.
2018-11-13 00:03:17,477 36978  INFO  [e25e12] Doing some complicated stuff.. Random numbers are: 290126671, 1939112354, 663932142.
2018-11-13 00:03:17,486 36987  INFO  [a12124] Here's some useful guids:
		30cd19c3-5993-4cd3-b84c-238a9fd1c342
		83d527ea-3946-42fc-b0c3-52230d7df8d8
2018-11-13 00:03:17,511 37012  INFO  [e25e12] Here's some useful guids:
		7be4039e-82f4-4c21-b0e6-fda607f362fe
		43adb783-fe55-4a60-8f22-2bc79e26f59e
2018-11-13 00:03:17,513 37014  INFO  [a12124] Finished processing user request with id = a12124b8-54b5-4ac3-8bac-9d64f9a3dd7d in 00:00:00.0601535.
2018-11-13 00:03:17,524 37025  INFO  [e25e12] Finished processing user request with id = e25e12fc-ab5a-44dc-b5d8-1f8fb13e7fef in 00:00:00.0551732.
2018-11-13 00:03:17,526 37027  INFO  [adac98] Started processing user request. Id = adac9883-df1e-45dc-ad2b-eefb67c477b5. Size = 72.24 KB.
2018-11-13 00:03:17,536 37037  INFO  [adac98] Doing some complicated stuff.. Random numbers are: 1981479092, 241394064, 507639211.
2018-11-13 00:03:17,550 37051  INFO  [dfe9a6] Started processing user request. Id = dfe9a632-2f34-45f7-abc3-82f131642193. Size = 61.05 KB.
2018-11-13 00:03:17,556 37057  INFO  [6e582b] Started processing user request. Id = 6e582b5d-45b3-4d35-82d5-3b05cc15b1ae. Size = 90.1 KB.
2018-11-13 00:03:17,561 37062  INFO  [BackgroundDaemon] Processing data (97% completed)..
2018-11-13 00:03:17,561 37062  INFO  [BackgroundDaemon] Finished iteration in 00:00:00.2858756.
2018-11-13 00:03:17,562 37063  INFO  [6e582b] Doing some complicated stuff.. Random numbers are: 1058388215, 1975105389, 134283653.
2018-11-13 00:03:17,568 37069  INFO  [dfe9a6] Doing some complicated stuff.. Random numbers are: 1582167668, 79734771, 1958183553.
2018-11-13 00:03:17,571 37072  ERROR [adac98] 
System.InvalidOperationException: Oh no! An error occurred!
2018-11-13 00:03:17,585 37086  INFO  [e000e6] Started processing user request. Id = e000e6e9-6c29-485e-b50c-717751044a62. Size = 4.74 KB.
2018-11-13 00:03:17,593 37094  INFO  [6e582b] Finished processing user request with id = 6e582b5d-45b3-4d35-82d5-3b05cc15b1ae in 00:00:00.0372396.
2018-11-13 00:03:17,598 37099  INFO  [dfe9a6] Here's some useful guids:
		b46a3c98-40f0-4729-8315-f329ef9b8b37
		3a87a011-e02a-47e9-9432-c15a7fd9ad68
		06dc3b6c-e3e7-48c3-be69-0eddc41c7bea
		7093c884-6cfa-4b6f-a8a3-a0f02f09c421
2018-11-13 00:03:17,599 37100  INFO  [e000e6] Doing some complicated stuff.. Random numbers are: 675148258, 1276395173, 92626911.
2018-11-13 00:03:17,608 37110  INFO  [e000e6] Finished processing user request with id = e000e6e9-6c29-485e-b50c-717751044a62 in 00:00:00.0234446.
2018-11-13 00:03:17,622 37123  INFO  [ffba72] Started processing user request. Id = ffba728c-f647-442a-a74c-ce97798cf6d4. Size = 14.15 KB.
2018-11-13 00:03:17,623 37124  INFO  [dfe9a6] Finished processing user request with id = dfe9a632-2f34-45f7-abc3-82f131642193 in 00:00:00.0731772.
2018-11-13 00:03:17,625 37126  INFO  [24ce60] Started processing user request. Id = 24ce608c-8933-4f6b-a414-a59531564da8. Size = 14.67 KB.
2018-11-13 00:03:17,636 37137  INFO  [24ce60] Doing some complicated stuff.. Random numbers are: 1238863932, 1194070521, 1893274922.
2018-11-13 00:03:17,639 37140  INFO  [ffba72] Doing some complicated stuff.. Random numbers are: 156178842, 375152982, 1390135968.
2018-11-13 00:03:17,647 37148  INFO  [ffba72] Here's some useful guids:
		8397b485-b60b-48ed-bff3-5b0c91df944b
		afbd7a59-26a4-492f-8da0-754950fa6b03
		af049415-780f-4b9c-bcd9-878ccec8fc94
		4f8fa90d-d116-4300-85a1-b25f521ba568
2018-11-13 00:03:17,660 37161  INFO  [24ce60] Here's some useful guids:
		251ef18e-1115-4887-a908-654c4ddaa667
		424f5667-bc81-497c-9268-9c5dfe176c65
		8749fff5-e126-49a3-82e4-8aab24aa5e3f
		bec8092b-5869-498c-a960-716ec1a9f6d5
		38061969-1c2a-4ae6-a884-5b365da4ff99
2018-11-13 00:03:17,673 37174  INFO  [ffba72] Finished processing user request with id = ffba728c-f647-442a-a74c-ce97798cf6d4 in 00:00:00.0508598.
2018-11-13 00:03:17,676 37177  INFO  [24ce60] Finished processing user request with id = 24ce608c-8933-4f6b-a414-a59531564da8 in 00:00:00.0508296.
2018-11-13 00:03:17,686 37187  INFO  [37de68] Started processing user request. Id = 37de6875-e250-41a1-82ee-a9523ad9b9c4. Size = 49.74 KB.
2018-11-13 00:03:17,704 37205  INFO  [37de68] Doing some complicated stuff.. Random numbers are: 108057635, 1448032077, 553745478.
2018-11-13 00:03:17,707 37208  INFO  [e1ef0a] Started processing user request. Id = e1ef0a01-2d89-4adf-94e5-ac84e83db492. Size = 11.59 KB.
2018-11-13 00:03:17,720 37221  INFO  [e1ef0a] Doing some complicated stuff.. Random numbers are: 1977289043, 595353412, 555371844.
2018-11-13 00:03:17,738 37239  INFO  [37de68] Here's some useful guids:
		22b4f43b-1a56-46ae-94c4-c248305faa53
		83e888b8-a74b-474d-b9e3-6633ba2363b7
2018-11-13 00:03:17,749 37250  INFO  [37de68] Finished processing user request with id = 37de6875-e250-41a1-82ee-a9523ad9b9c4 in 00:00:00.0636253.
2018-11-13 00:03:17,761 37262  INFO  [BackgroundDaemon] Starting iteration #15529.
2018-11-13 00:03:17,762 37263  INFO  [be7158] Started processing user request. Id = be7158f0-5dbb-41db-978d-e5d832a57edc. Size = 50.83 KB.
2018-11-13 00:03:17,767 37268  INFO  [e1ef0a] Finished processing user request with id = e1ef0a01-2d89-4adf-94e5-ac84e83db492 in 00:00:00.0600418.
2018-11-13 00:03:17,771 37272  INFO  [Metrics] Cpu: 0.68%; Memory: 19.79 GB/31.88 GB; Workers: 4/1024; IOCP: 0/1024
2018-11-13 00:03:17,781 37282  INFO  [be7158] Doing some complicated stuff.. Random numbers are: 302901137, 367151165, 1420426359.
2018-11-13 00:03:17,790 37291  INFO  [44f0c2] Started processing user request. Id = 44f0c2b1-1e10-453e-bf66-fabf4bd42a7c. Size = 9 KB.
2018-11-13 00:03:17,798 37299  INFO  [34fb63] Started processing user request. Id = 34fb63ad-21fd-42d9-bfa2-f2027661019a. Size = 6.79 KB.
2018-11-13 00:03:17,800 37301  INFO  [34fb63] Doing some complicated stuff.. Random numbers are: 42937598, 1905103254, 683995273.
2018-11-13 00:03:17,800 37301  INFO  [be7158] Finished processing user request with id = be7158f0-5dbb-41db-978d-e5d832a57edc in 00:00:00.0380293.
2018-11-13 00:03:17,810 37311  INFO  [44f0c2] Doing some complicated stuff.. Random numbers are: 1008440610, 431402834, 532766952.
2018-11-13 00:03:17,814 37315  INFO  [3a0c91] Started processing user request. Id = 3a0c9174-e5a9-4288-b44e-ded3f884c289. Size = 63.63 KB.
2018-11-13 00:03:17,815 37316  INFO  [34fb63] Finished processing user request with id = 34fb63ad-21fd-42d9-bfa2-f2027661019a in 00:00:00.0169761.
2018-11-13 00:03:17,819 37320  INFO  [3a0c91] Doing some complicated stuff.. Random numbers are: 19391415, 638194357, 80080702.
2018-11-13 00:03:17,821 37322  INFO  [BackgroundDaemon] Processing data (18% completed)..
2018-11-13 00:03:17,825 37326  INFO  [3a0c91] Here's some useful guids:
		fdfc39f9-42c1-41e4-9e6d-9af634460104
		d67b3f1e-af0b-403d-a577-6af352e040ba
		a9d37528-daee-46bd-98cd-1c48d8107067
2018-11-13 00:03:17,826 37327  INFO  [44f0c2] Here's some useful guids:
		ee74295c-cfe9-4685-a6b0-91f746a31699
		a01e3f8d-c8a0-4f66-8b8f-e9f76e8cd6b5
		ef700a53-ccbf-467e-a3c9-facb304ef2f8
2018-11-13 00:03:17,842 37343  INFO  [3a0c91] Finished processing user request with id = 3a0c9174-e5a9-4288-b44e-ded3f884c289 in 00:00:00.0280298.
2018-11-13 00:03:17,846 37347  INFO  [44f0c2] Finished processing user request with id = 44f0c2b1-1e10-453e-bf66-fabf4bd42a7c in 00:00:00.0560503.
2018-11-13 00:03:17,847 37348  INFO  [3a6a4d] Started processing user request. Id = 3a6a4db9-9e29-4cc4-a60c-51b1fcd203a4. Size = 53.61 KB.
2018-11-13 00:03:17,849 37351  INFO  [3a6a4d] Doing some complicated stuff.. Random numbers are: 903921866, 601664337, 468113068.
2018-11-13 00:03:17,855 37357  INFO  [7f900f] Started processing user request. Id = 7f900ff2-8858-4784-a355-4c0cfc65f2b3. Size = 71.26 KB.
2018-11-13 00:03:17,873 37374  INFO  [3a6a4d] Finished processing user request with id = 3a6a4db9-9e29-4cc4-a60c-51b1fcd203a4 in 00:00:00.0251413.
2018-11-13 00:03:17,874 37375  INFO  [7f900f] Doing some complicated stuff.. Random numbers are: 1221849322, 1273082263, 166986268.
2018-11-13 00:03:17,878 37379  INFO  [7f900f] Here's some useful guids:
		2d037127-fa06-4262-9d2f-1098ae979858
		4f98da24-cdf9-4552-a55e-1bea7ad60465
		4859d261-9ecd-4efc-9f5b-09562ec75852
		f7822e04-09df-4a3e-bfe5-eda9dab43973
		1a743f5d-1e96-4ee2-b2b8-f3c3f6d0e384
2018-11-13 00:03:17,880 37381  INFO  [7f900f] Finished processing user request with id = 7f900ff2-8858-4784-a355-4c0cfc65f2b3 in 00:00:00.0240373.
2018-11-13 00:03:17,883 37384  INFO  [BackgroundDaemon] Processing data (45% completed)..
2018-11-13 00:03:17,894 37395  INFO  [cc0335] Started processing user request. Id = cc0335c7-dd3d-48c4-8353-3bae3419c8a5. Size = 74.64 KB.
2018-11-13 00:03:17,905 37406  INFO  [cc6bf7] Started processing user request. Id = cc6bf7d9-a811-4296-a65b-c2d488db4de9. Size = 83.71 KB.
2018-11-13 00:03:17,907 37408  INFO  [cc0335] Doing some complicated stuff.. Random numbers are: 1888775780, 937088685, 92810956.
2018-11-13 00:03:17,911 37412  INFO  [cc6bf7] Doing some complicated stuff.. Random numbers are: 687676343, 354029226, 2132468898.
2018-11-13 00:03:17,931 37433  INFO  [cc0335] Here's some useful guids:
		8f923450-7e35-4986-8ce7-4b3e9fcebf5a
		8ece1484-a513-4b89-98be-e8647568267c
		3616d9e8-32e8-41ff-9306-2782cbac02cf
		fba57b42-0083-447c-a67e-3f8d620f1bf4
2018-11-13 00:03:17,952 37454  INFO  [cc6bf7] Finished processing user request with id = cc6bf7d9-a811-4296-a65b-c2d488db4de9 in 00:00:00.0479362.
2018-11-13 00:03:17,953 37455  INFO  [BackgroundDaemon] Processing data (67% completed)..
2018-11-13 00:03:17,953 37455  INFO  [BackgroundDaemon] Finished iteration in 00:00:00.1921811.
2018-11-13 00:03:17,959 37461  INFO  [cc0335] Finished processing user request with id = cc0335c7-dd3d-48c4-8353-3bae3419c8a5 in 00:00:00.0659478.
2018-11-13 00:03:17,973 37475  INFO  [404fb0] Started processing user request. Id = 404fb0ab-5f7a-46da-9bbc-c7d8d9222aef. Size = 61.4 KB.
2018-11-13 00:03:17,983 37484  INFO  [404fb0] Doing some complicated stuff.. Random numbers are: 1311202181, 890034205, 402056376.
2018-11-13 00:03:17,984 37485  INFO  [acb644] Started processing user request. Id = acb644f4-3b08-45ea-8b12-b6dd42ebf15a. Size = 97.87 KB.
2018-11-13 00:03:17,984 37485  INFO  [acb644] Doing some complicated stuff.. Random numbers are: 503016371, 701919014, 467099281.
2018-11-13 00:03:18,000 37501  INFO  [404fb0] Here's some useful guids:
		93eb989d-b523-4bff-80e6-d75704476faa
		5bfb1548-4501-4e2f-b70e-5a8a55b128a7
		1dff8ce5-57ed-49d0-827b-02f75755ea09
		27878ee3-8a15-426d-8add-36153582cbd5
2018-11-13 00:03:18,000 37501  INFO  [404fb0] Finished processing user request with id = 404fb0ab-5f7a-46da-9bbc-c7d8d9222aef in 00:00:00.0265208.
2018-11-13 00:03:18,014 37515  INFO  [704596] Started processing user request. Id = 7045963d-9e05-42e2-bb25-a57eaea8b658. Size = 23.02 KB.
2018-11-13 00:03:18,014 37515  INFO  [3cc300] Started processing user request. Id = 3cc300dd-168c-4363-b549-aeeaebbd0f2f. Size = 56.93 KB.
2018-11-13 00:03:18,019 37520  INFO  [704596] Doing some complicated stuff.. Random numbers are: 1846391382, 918316615, 1391504161.
2018-11-13 00:03:18,022 37523  INFO  [acb644] Finished processing user request with id = acb644f4-3b08-45ea-8b12-b6dd42ebf15a in 00:00:00.0383906.
2018-11-13 00:03:18,026 37527  INFO  [3cc300] Doing some complicated stuff.. Random numbers are: 1332576378, 1269084286, 2002939742.
2018-11-13 00:03:18,037 37538  INFO  [704596] Finished processing user request with id = 7045963d-9e05-42e2-bb25-a57eaea8b658 in 00:00:00.0230059.
2018-11-13 00:03:18,050 37551  INFO  [9b5547] Started processing user request. Id = 9b55470b-dd87-47f0-9f3b-2002fed0b692. Size = 8.91 KB.
2018-11-13 00:03:18,053 37554  INFO  [a01239] Started processing user request. Id = a0123989-7d58-4283-ba42-34f548be6fdf. Size = 12.7 KB.
2018-11-13 00:03:18,057 37558  INFO  [3cc300] Here's some useful guids:
		907b5897-af06-4d69-ba66-d1f460653186
		a9679ba5-2fbe-4dbb-b7a8-c0fc06e98da6
		45661cd2-e0b1-40da-a185-6809ac6dfe1e
		229e3baf-168e-4f7f-bca5-5fc31cf72ba1
2018-11-13 00:03:18,062 37563  INFO  [9b5547] Doing some complicated stuff.. Random numbers are: 50901917, 1418072438, 1273698830.
2018-11-13 00:03:18,066 37567  INFO  [a01239] Doing some complicated stuff.. Random numbers are: 554868659, 580686239, 116071564.
2018-11-13 00:03:18,082 37583  INFO  [9b5547] Here's some useful guids:
		97b8ccc8-54ff-45e8-898f-d9e3b741f18a
		e6297f49-c800-42a9-ae4e-361ab2058d01
2018-11-13 00:03:18,087 37588  INFO  [3cc300] Finished processing user request with id = 3cc300dd-168c-4363-b549-aeeaebbd0f2f in 00:00:00.0732558.
2018-11-13 00:03:18,097 37598  INFO  [a01239] Finished processing user request with id = a0123989-7d58-4283-ba42-34f548be6fdf in 00:00:00.0442148.
2018-11-13 00:03:18,100 37601  INFO  [9b5547] Finished processing user request with id = 9b55470b-dd87-47f0-9f3b-2002fed0b692 in 00:00:00.0501285.
2018-11-13 00:03:18,114 37615  INFO  [d056bd] Started processing user request. Id = d056bd5e-0f62-4acf-a0c2-d2c37f85c8a3. Size = 42.46 KB.
2018-11-13 00:03:18,128 37629  INFO  [4b3ba5] Started processing user request. Id = 4b3ba5ad-ee2f-47c6-b5fe-50717f67e954. Size = 23.86 KB.
2018-11-13 00:03:18,132 37633  INFO  [d056bd] Doing some complicated stuff.. Random numbers are: 601999351, 1467236326, 103318064.
2018-11-13 00:03:18,140 37642  INFO  [d056bd] Here's some useful guids:
		9a6b950c-7829-4f83-8f79-d78823aab9ea
		d82a68e6-89e9-4ac3-8fa9-ec3933f542f9
2018-11-13 00:03:18,145 37646  INFO  [4b3ba5] Doing some complicated stuff.. Random numbers are: 969075351, 1818175169, 1090657362.
2018-11-13 00:03:18,145 37646  INFO  [d056bd] Finished processing user request with id = d056bd5e-0f62-4acf-a0c2-d2c37f85c8a3 in 00:00:00.0307216.
2018-11-13 00:03:18,154 37655  INFO  [BackgroundDaemon] Starting iteration #15530.
2018-11-13 00:03:18,159 37660  INFO  [0d86de] Started processing user request. Id = 0d86dec5-3ac7-4e98-b073-d1b54fc302eb. Size = 63.65 KB.
2018-11-13 00:03:18,168 37669  INFO  [4b3ba5] Here's some useful guids:
		62eab999-aec9-4364-8213-5c763ce8c471
		7efe04cd-6a4e-4d60-8f40-13e46126d0eb
		2b672fa4-a78e-4bee-b7d0-365a8476b61a
		7184d741-2c3a-4d33-ba0b-93db9ffc1d49
		e2defb38-f690-4805-bcc8-ffabe330e638
2018-11-13 00:03:18,170 37671  INFO  [0d86de] Doing some complicated stuff.. Random numbers are: 913019149, 2115212287, 1066901187.
2018-11-13 00:03:18,184 37685  ERROR [4b3ba5] 
System.InvalidOperationException: Oh no! An error occurred!
2018-11-13 00:03:18,214 37715  INFO  [BackgroundDaemon] Processing data (18% completed)..
2018-11-13 00:03:18,216 37717  INFO  [8ee08c] Started processing user request. Id = 8ee08ce8-3abf-417b-9db3-6339f24d39d0. Size = 88.75 KB.
2018-11-13 00:03:18,218 37719  INFO  [8ee08c] Doing some complicated stuff.. Random numbers are: 542605923, 344923937, 2085935216.
2018-11-13 00:03:18,224 37725  INFO  [0d86de] Finished processing user request with id = 0d86dec5-3ac7-4e98-b073-d1b54fc302eb in 00:00:00.0655853.
2018-11-13 00:03:18,238 37739  INFO  [652025] Started processing user request. Id = 6520256d-1f50-49f3-b90c-e1bdb07bf3d6. Size = 77.38 KB.
2018-11-13 00:03:18,246 37747  INFO  [BackgroundDaemon] Processing data (23% completed)..
2018-11-13 00:03:18,247 37748  INFO  [8ee08c] Finished processing user request with id = 8ee08ce8-3abf-417b-9db3-6339f24d39d0 in 00:00:00.0314169.
2018-11-13 00:03:18,254 37755  INFO  [48dae3] Started processing user request. Id = 48dae3ed-c6dd-4eac-99a5-1e07d33e3937. Size = 41.49 KB.
2018-11-13 00:03:18,255 37756  INFO  [652025] Doing some complicated stuff.. Random numbers are: 1408147857, 1916571961, 1459549497.
2018-11-13 00:03:18,258 37759  INFO  [48dae3] Doing some complicated stuff.. Random numbers are: 1819590664, 2005245527, 25754622.
2018-11-13 00:03:18,270 37771  INFO  [Metrics] Cpu: 4.17%; Memory: 19.79 GB/31.88 GB; Workers: 4/1024; IOCP: 0/1024
2018-11-13 00:03:18,279 37780  INFO  [89fa2d] Started processing user request. Id = 89fa2d14-94c7-48d3-b6a0-89d169b954d4. Size = 21.53 KB.
2018-11-13 00:03:18,296 37797  ERROR [48dae3] 
System.InvalidOperationException: Oh no! An error occurred!
2018-11-13 00:03:18,297 37798  INFO  [89fa2d] Doing some complicated stuff.. Random numbers are: 72997098, 1469197958, 1004851361.
2018-11-13 00:03:18,302 37803  INFO  [89fa2d] Finished processing user request with id = 89fa2d14-94c7-48d3-b6a0-89d169b954d4 in 00:00:00.0229918.
2018-11-13 00:03:18,305 37806  INFO  [BackgroundDaemon] Processing data (79% completed)..
2018-11-13 00:03:18,305 37806  INFO  [BackgroundDaemon] Finished iteration in 00:00:00.1514090.
2018-11-13 00:03:18,307 37808  INFO  [652025] Finished processing user request with id = 6520256d-1f50-49f3-b90c-e1bdb07bf3d6 in 00:00:00.0689184.
2018-11-13 00:03:18,321 37822  INFO  [20aefd] Started processing user request. Id = 20aefda0-61e6-4977-a28c-c769745c85bf. Size = 1.71 KB.
2018-11-13 00:03:18,334 37835  INFO  [1f72b1] Started processing user request. Id = 1f72b1cc-1afc-41f4-adb7-200d63e64e14. Size = 57.17 KB.
2018-11-13 00:03:18,337 37838  INFO  [1f72b1] Doing some complicated stuff.. Random numbers are: 1753636591, 1314514151, 1486582720.
2018-11-13 00:03:18,339 37840  INFO  [20aefd] Doing some complicated stuff.. Random numbers are: 345385131, 184728526, 1986759331.
2018-11-13 00:03:18,352 37853  INFO  [1f72b1] Here's some useful guids:
		1d28b9ba-f3a6-4689-9887-97ec98dca522
		3023c46b-a282-477f-b980-d0d56af812f0
		a6435015-bc66-4069-8601-8fa3e64f3cba
2018-11-13 00:03:18,356 37857  INFO  [1f72b1] Finished processing user request with id = 1f72b1cc-1afc-41f4-adb7-200d63e64e14 in 00:00:00.0220596.
2018-11-13 00:03:18,374 37875  ERROR [20aefd] 
System.InvalidOperationException: Oh no! An error occurred!
2018-11-13 00:03:18,388 37889  INFO  [779358] Started processing user request. Id = 7793580d-62db-46c3-b5e7-b260ee40ab4c. Size = 49.84 KB.
2018-11-13 00:03:18,388 37889  INFO  [23ec9e] Started processing user request. Id = 23ec9e05-829a-4a89-8dad-ebc5bfb08b1f. Size = 55.51 KB.
2018-11-13 00:03:18,401 37902  INFO  [779358] Doing some complicated stuff.. Random numbers are: 566433538, 484076344, 1808226822.
2018-11-13 00:03:18,404 37905  INFO  [23ec9e] Doing some complicated stuff.. Random numbers are: 445077149, 895307743, 2032003789.
2018-11-13 00:03:18,449 37950  INFO  [23ec9e] Finished processing user request with id = 23ec9e05-829a-4a89-8dad-ebc5bfb08b1f in 00:00:00.0606901.
2018-11-13 00:03:18,455 37956  INFO  [779358] Finished processing user request with id = 7793580d-62db-46c3-b5e7-b260ee40ab4c in 00:00:00.0666894.
2018-11-13 00:03:18,463 37964  INFO  [cd66ee] Started processing user request. Id = cd66eea2-fa27-4659-a649-1278443bbeeb. Size = 19.34 KB.
2018-11-13 00:03:18,463 37964  INFO  [cd66ee] Doing some complicated stuff.. Random numbers are: 351171251, 1656061458, 2106306441.
2018-11-13 00:03:18,464 37965  INFO  [95cf97] Started processing user request. Id = 95cf97f4-cbea-4a5a-a67f-f27045c89284. Size = 21.44 KB.
2018-11-13 00:03:18,481 37982  INFO  [95cf97] Doing some complicated stuff.. Random numbers are: 554237928, 51983889, 399466765.
2018-11-13 00:03:18,486 37987  INFO  [89b211] Started processing user request. Id = 89b21125-d7fb-40a5-84da-a7d7b3d0c193. Size = 48.19 KB.
2018-11-13 00:03:18,492 37993  INFO  [89b211] Doing some complicated stuff.. Random numbers are: 1173545548, 480435634, 945247292.
2018-11-13 00:03:18,497 37998  INFO  [cd66ee] Finished processing user request with id = cd66eea2-fa27-4659-a649-1278443bbeeb in 00:00:00.0341948.
2018-11-13 00:03:18,500 38001  INFO  [89b211] Here's some useful guids:
		9b7df8ac-ac38-4153-b062-65a84e4c2725
		43aa3213-8457-4f7e-bb05-35ce1e61cd0e
		07aeb6be-db2f-4181-9b9d-8066c0e2edf8
2018-11-13 00:03:18,505 38006  INFO  [BackgroundDaemon] Starting iteration #15531.
2018-11-13 00:03:18,507 38008  INFO  [89b211] Finished processing user request with id = 89b21125-d7fb-40a5-84da-a7d7b3d0c193 in 00:00:00.0209822.
2018-11-13 00:03:18,511 38012  INFO  [b3676b] Started processing user request. Id = b3676b4a-9dc9-4f04-9089-f29969d8c6bc. Size = 76.25 KB.
2018-11-13 00:03:18,511 38012  INFO  [b3676b] Doing some complicated stuff.. Random numbers are: 1289933501, 1873233238, 337287893.
2018-11-13 00:03:18,511 38012  INFO  [95cf97] Here's some useful guids:
		732d49b2-5341-4a98-a291-93dac886c1b3
		2f4546c3-5d9d-40d1-8820-b3ef4f576e76
2018-11-13 00:03:18,530 38031  INFO  [BackgroundDaemon] Processing data (14% completed)..
2018-11-13 00:03:18,536 38037  INFO  [b3676b] Here's some useful guids:
		1bb23dc2-9d40-44d9-a0f8-afb393f3aae2
		66765d46-e5fd-4ba1-ab17-ffcae7250894
2018-11-13 00:03:18,538 38039  INFO  [95cf97] Finished processing user request with id = 95cf97f4-cbea-4a5a-a67f-f27045c89284 in 00:00:00.0742370.
2018-11-13 00:03:18,539 38040  INFO  [f5c19e] Started processing user request. Id = f5c19e74-3147-4b54-9ce5-09a4d7d81013. Size = 96.51 KB.
2018-11-13 00:03:18,543 38044  INFO  [b3676b] Finished processing user request with id = b3676b4a-9dc9-4f04-9089-f29969d8c6bc in 00:00:00.0320268.
2018-11-13 00:03:18,555 38056  INFO  [f5c19e] Doing some complicated stuff.. Random numbers are: 1863924244, 1083345283, 1700136883.
2018-11-13 00:03:18,557 38058  INFO  [66e989] Started processing user request. Id = 66e989c3-998f-42b1-b3a2-bcbbfe1e7306. Size = 55.21 KB.
2018-11-13 00:03:18,571 38072  INFO  [66e989] Doing some complicated stuff.. Random numbers are: 139691792, 868826017, 1847325900.
2018-11-13 00:03:18,572 38073  INFO  [f5c19e] Here's some useful guids:
		5b2477ff-c42c-4be0-99ad-e297cb0e39f6
2018-11-13 00:03:18,581 38082  INFO  [f5c19e] Finished processing user request with id = f5c19e74-3147-4b54-9ce5-09a4d7d81013 in 00:00:00.0420518.
2018-11-13 00:03:18,597 38098  INFO  [BackgroundDaemon] Processing data (23% completed)..
2018-11-13 00:03:18,613 38114  INFO  [b46a47] Started processing user request. Id = b46a4789-a248-4323-8bb5-7a828da85c4b. Size = 87.23 KB.
2018-11-13 00:03:18,626 38127  INFO  [b46a47] Doing some complicated stuff.. Random numbers are: 992260394, 1317456098, 1459727318.
2018-11-13 00:03:18,634 38135  INFO  [66e989] Finished processing user request with id = 66e989c3-998f-42b1-b3a2-bcbbfe1e7306 in 00:00:00.0771129.
2018-11-13 00:03:18,648 38149  INFO  [3f6d6e] Started processing user request. Id = 3f6d6e26-603d-4b96-8a5c-da50c2326c08. Size = 36.46 KB.
2018-11-13 00:03:18,652 38153  INFO  [BackgroundDaemon] Processing data (83% completed)..
2018-11-13 00:03:18,652 38153  INFO  [BackgroundDaemon] Finished iteration in 00:00:00.1472463.
2018-11-13 00:03:18,666 38167  INFO  [3f6d6e] Doing some complicated stuff.. Random numbers are: 1849620792, 2080134329, 568940955.
2018-11-13 00:03:18,677 38178  INFO  [b46a47] Finished processing user request with id = b46a4789-a248-4323-8bb5-7a828da85c4b in 00:00:00.0642358.
2018-11-13 00:03:18,694 38195  INFO  [3f6d6e] Finished processing user request with id = 3f6d6e26-603d-4b96-8a5c-da50c2326c08 in 00:00:00.0464652.
2018-11-13 00:03:18,705 38206  INFO  [86bc40] Started processing user request. Id = 86bc40b3-29e0-451a-bf2f-afd1bfbe33fe. Size = 46.77 KB.
2018-11-13 00:03:18,707 38208  INFO  [89f49a] Started processing user request. Id = 89f49a72-733c-4f7a-9ab0-444d7074827c. Size = 24.17 KB.
2018-11-13 00:03:18,708 38209  INFO  [835215] Started processing user request. Id = 835215aa-d665-4ba4-8d66-e111b3f247c8. Size = 18.84 KB.
2018-11-13 00:03:18,708 38209  INFO  [835215] Doing some complicated stuff.. Random numbers are: 1336060608, 267613779, 1638859756.
2018-11-13 00:03:18,722 38223  INFO  [86bc40] Doing some complicated stuff.. Random numbers are: 1648928741, 300227397, 1017781227.
2018-11-13 00:03:18,726 38227  INFO  [89f49a] Doing some complicated stuff.. Random numbers are: 1925480640, 418236276, 302557478.
2018-11-13 00:03:18,733 38234  ERROR [835215] 
System.InvalidOperationException: Oh no! An error occurred!
2018-11-13 00:03:18,749 38250  INFO  [86bc40] Here's some useful guids:
		533ef7d1-485b-4c13-b876-a1e3e3d1814c
		dac7804a-b64f-4da4-a77d-1e3ae2bfe669
2018-11-13 00:03:18,754 38255  INFO  [86bc40] Finished processing user request with id = 86bc40b3-29e0-451a-bf2f-afd1bfbe33fe in 00:00:00.0484115.
2018-11-13 00:03:18,765 38266  INFO  [dfeb0e] Started processing user request. Id = dfeb0eb3-4b61-4fa5-b7d2-ad43bb7dcca7. Size = 36.94 KB.
2018-11-13 00:03:18,770 38271  INFO  [Metrics] Cpu: 4.17%; Memory: 19.79 GB/31.88 GB; Workers: 4/1024; IOCP: 0/1024
2018-11-13 00:03:18,773 38274  INFO  [dfeb0e] Doing some complicated stuff.. Random numbers are: 1311883011, 1808809081, 588910545.
2018-11-13 00:03:18,783 38284  INFO  [89f49a] Finished processing user request with id = 89f49a72-733c-4f7a-9ab0-444d7074827c in 00:00:00.0756754.
2018-11-13 00:03:18,787 38288  INFO  [dfeb0e] Here's some useful guids:
		610bbc08-e542-406e-a7f5-c31f53c92413
		42b3de1a-e1a4-4ccb-8ca0-bc0df961acf7
2018-11-13 00:03:18,796 38297  INFO  [61c4b5] Started processing user request. Id = 61c4b50b-2f41-427f-9814-37fba495c594. Size = 68.05 KB.
2018-11-13 00:03:18,807 38308  INFO  [dfeb0e] Finished processing user request with id = dfeb0eb3-4b61-4fa5-b7d2-ad43bb7dcca7 in 00:00:00.0425307.
2018-11-13 00:03:18,809 38310  INFO  [61c4b5] Doing some complicated stuff.. Random numbers are: 1264464244, 44042264, 1550651754.
2018-11-13 00:03:18,839 38340  INFO  [7db060] Started processing user request. Id = 7db060f5-2bac-44ad-83b6-18e446903902. Size = 46.33 KB.
2018-11-13 00:03:18,852 38353  INFO  [BackgroundDaemon] Starting iteration #15532.
2018-11-13 00:03:18,856 38357  INFO  [7db060] Doing some complicated stuff.. Random numbers are: 1066309061, 1094979432, 1188833950.
2018-11-13 00:03:18,858 38359  INFO  [61c4b5] Finished processing user request with id = 61c4b50b-2f41-427f-9814-37fba495c594 in 00:00:00.0619282.
2018-11-13 00:03:18,872 38373  INFO  [e95831] Started processing user request. Id = e9583150-ebb7-47da-8b46-a6bbee5553b4. Size = 12.96 KB.
2018-11-13 00:03:18,884 38385  INFO  [e95831] Doing some complicated stuff.. Random numbers are: 651328998, 1940190143, 74784748.
2018-11-13 00:03:18,902 38403  INFO  [7db060] Finished processing user request with id = 7db060f5-2bac-44ad-83b6-18e446903902 in 00:00:00.0628267.
2018-11-13 00:03:18,908 38409  INFO  [e95831] Finished processing user request with id = e9583150-ebb7-47da-8b46-a6bbee5553b4 in 00:00:00.0362414.
2018-11-13 00:03:18,908 38409  INFO  [BackgroundDaemon] Processing data (9% completed)..
2018-11-13 00:03:18,921 38422  INFO  [697ba2] Started processing user request. Id = 697ba288-83b9-4e5a-9243-003fef7b0173. Size = 11.15 KB.
2018-11-13 00:03:18,922 38423  INFO  [7c4be8] Started processing user request. Id = 7c4be86d-22d1-43b4-86d8-c01a7a23ba14. Size = 89.86 KB.
2018-11-13 00:03:18,922 38423  INFO  [7c4be8] Doing some complicated stuff.. Random numbers are: 720992546, 1223706577, 994418672.
2018-11-13 00:03:18,928 38429  INFO  [697ba2] Doing some complicated stuff.. Random numbers are: 1608606983, 1449058921, 1575117853.
2018-11-13 00:03:18,933 38434  INFO  [ee4cc9] Started processing user request. Id = ee4cc958-5e17-40b2-861e-41f4cc35e44f. Size = 91.57 KB.
2018-11-13 00:03:18,943 38444  INFO  [ee4cc9] Doing some complicated stuff.. Random numbers are: 1899433975, 1109393906, 269946778.
2018-11-13 00:03:18,946 38447  INFO  [697ba2] Finished processing user request with id = 697ba288-83b9-4e5a-9243-003fef7b0173 in 00:00:00.0252141.
2018-11-13 00:03:18,954 38455  INFO  [7c4be8] Finished processing user request with id = 7c4be86d-22d1-43b4-86d8-c01a7a23ba14 in 00:00:00.0320330.
2018-11-13 00:03:18,967 38468  INFO  [cfa199] Started processing user request. Id = cfa1996c-ed96-4acc-a58d-8b3d261811c2. Size = 34.17 KB.
2018-11-13 00:03:18,975 38476  INFO  [cfa199] Doing some complicated stuff.. Random numbers are: 1108715000, 222312408, 1290849847.
2018-11-13 00:03:18,978 38479  INFO  [ee4cc9] Here's some useful guids:
		d3076166-116b-44fd-bcee-117f872f7fc3
2018-11-13 00:03:18,989 38490  INFO  [ee4cc9] Finished processing user request with id = ee4cc958-5e17-40b2-861e-41f4cc35e44f in 00:00:00.0560609.
2018-11-13 00:03:18,993 38494  INFO  [cfa199] Finished processing user request with id = cfa1996c-ed96-4acc-a58d-8b3d261811c2 in 00:00:00.0258402.
2018-11-13 00:03:19,006 38507  INFO  [841c32] Started processing user request. Id = 841c32dd-ee8b-4e27-81c1-fa2a61a5d523. Size = 64.37 KB.
2018-11-13 00:03:19,008 38509  INFO  [BackgroundDaemon] Processing data (24% completed)..
2018-11-13 00:03:19,014 38515  INFO  [841c32] Doing some complicated stuff.. Random numbers are: 401747179, 642942303, 621853806.
2018-11-13 00:03:19,020 38521  INFO  [ca348c] Started processing user request. Id = ca348c51-890a-46ae-91ac-40c3078fb079. Size = 10.29 KB.
2018-11-13 00:03:19,030 38532  INFO  [841c32] Here's some useful guids:
		eadbcdd2-b932-44f2-be59-3bb2d7162b7b
		72f501fc-f652-4c8b-913c-bd2f3a8f9738
		7572b02d-d150-4b68-8f60-96c703b95d81
2018-11-13 00:03:19,035 38537  INFO  [BackgroundDaemon] Processing data (84% completed)..
2018-11-13 00:03:19,035 38537  INFO  [BackgroundDaemon] Finished iteration in 00:00:00.1831737.
2018-11-13 00:03:19,038 38540  INFO  [ca348c] Doing some complicated stuff.. Random numbers are: 1733721733, 802134446, 794089563.
2018-11-13 00:03:19,058 38559  INFO  [841c32] Finished processing user request with id = 841c32dd-ee8b-4e27-81c1-fa2a61a5d523 in 00:00:00.0517349.
2018-11-13 00:03:19,071 38572  INFO  [3b22ff] Started processing user request. Id = 3b22ff45-93df-43f6-9bec-f4d4c3a0df36. Size = 33.65 KB.
2018-11-13 00:03:19,090 38591  INFO  [3b22ff] Doing some complicated stuff.. Random numbers are: 1251785938, 1177126042, 1563599700.
2018-11-13 00:03:19,092 38593  INFO  [ca348c] Finished processing user request with id = ca348c51-890a-46ae-91ac-40c3078fb079 in 00:00:00.0717512.
2018-11-13 00:03:19,114 38615  INFO  [49004c] Started processing user request. Id = 49004c03-cddd-4f95-a721-187b082f48f0. Size = 18.54 KB.
2018-11-13 00:03:19,124 38625  INFO  [a045d5] Started processing user request. Id = a045d583-31c1-4397-b0a9-6b7c7d4ec256. Size = 39.55 KB.
2018-11-13 00:03:19,126 38627  INFO  [3b22ff] Finished processing user request with id = 3b22ff45-93df-43f6-9bec-f4d4c3a0df36 in 00:00:00.0549480.
2018-11-13 00:03:19,127 38628  INFO  [a045d5] Doing some complicated stuff.. Random numbers are: 1044511848, 677901330, 1966758418.
2018-11-13 00:03:19,127 38628  INFO  [49004c] Doing some complicated stuff.. Random numbers are: 1088656083, 1378064648, 1112768142.
2018-11-13 00:03:19,139 38640  INFO  [dc1957] Started processing user request. Id = dc19574e-cfce-4c49-8733-534ce98e5724. Size = 12.12 KB.
2018-11-13 00:03:19,143 38644  INFO  [dc1957] Doing some complicated stuff.. Random numbers are: 1145820976, 634020120, 1598225259.
2018-11-13 00:03:19,147 38648  INFO  [a045d5] Here's some useful guids:
		9e44e9d6-2b70-4b5c-ac66-314ba3b73558
		b53059ef-dd35-4e48-869f-c29b74ac0adf
		3b74b073-46cd-47f0-92a2-d2e334ea6a9c
		25a4404c-2d50-4a8a-8dba-70f08026f248
		be2c228f-ebdd-4d02-ab2c-2722bc3b2bce
2018-11-13 00:03:19,153 38654  INFO  [dc1957] Here's some useful guids:
		8fb7bcc3-1e72-4d1f-a522-cc6fad603d43
		c748c6f5-4437-4957-8d49-a7e3f529cb5f
		ec007469-8cfe-4b2b-b09c-52a337502ff8
2018-11-13 00:03:19,154 38655  INFO  [49004c] Finished processing user request with id = 49004c03-cddd-4f95-a721-187b082f48f0 in 00:00:00.0400868.
2018-11-13 00:03:19,164 38665  INFO  [dc1957] Finished processing user request with id = dc19574e-cfce-4c49-8733-534ce98e5724 in 00:00:00.0244361.
2018-11-13 00:03:19,167 38668  INFO  [a045d5] Finished processing user request with id = a045d583-31c1-4397-b0a9-6b7c7d4ec256 in 00:00:00.0431996.
2018-11-13 00:03:19,177 38678  INFO  [ba7cf3] Started processing user request. Id = ba7cf346-0ed4-4bac-b298-9036553a8b16. Size = 3.24 KB.
2018-11-13 00:03:19,179 38680  INFO  [ba7cf3] Doing some complicated stuff.. Random numbers are: 836151384, 1679687582, 38303044.
2018-11-13 00:03:19,198 38700  INFO  [09325f] Started processing user request. Id = 09325f39-2437-4b17-93d4-15d6d9d7c4bd. Size = 6.73 KB.
2018-11-13 00:03:19,210 38711  INFO  [09325f] Doing some complicated stuff.. Random numbers are: 1664762552, 1602755362, 342258454.
2018-11-13 00:03:19,214 38715  INFO  [09325f] Here's some useful guids:
		67ee2178-18c8-426d-8f0c-132526f4f043
		c4d5fe80-22ea-45d4-8eba-e2f5cb63ca6e
		29410174-4aed-4d60-878e-b0e8988e849a
2018-11-13 00:03:19,218 38719  INFO  [ba7cf3] Here's some useful guids:
		91453424-dfde-4870-b66b-6f42d4dc2d0b
		64daf1fb-d574-4811-b5e5-66b2114c8d3e
2018-11-13 00:03:19,236 38737  INFO  [BackgroundDaemon] Starting iteration #15533.
2018-11-13 00:03:19,237 38738  INFO  [ba7cf3] Finished processing user request with id = ba7cf346-0ed4-4bac-b298-9036553a8b16 in 00:00:00.0601784.
2018-11-13 00:03:19,241 38742  INFO  [09325f] Finished processing user request with id = 09325f39-2437-4b17-93d4-15d6d9d7c4bd in 00:00:00.0424697.
2018-11-13 00:03:19,250 38751  INFO  [0a0a46] Started processing user request. Id = 0a0a46cc-8673-41da-9c01-286ac6fdf126. Size = 90.58 KB.
2018-11-13 00:03:19,252 38753  INFO  [0a0a46] Doing some complicated stuff.. Random numbers are: 1935018609, 271020891, 767591454.
2018-11-13 00:03:19,269 38770  INFO  [Metrics] Cpu: 4.97%; Memory: 19.79 GB/31.88 GB; Workers: 4/1024; IOCP: 0/1024
2018-11-13 00:03:19,273 38774  INFO  [4f70a8] Started processing user request. Id = 4f70a8c6-3b55-4be9-93e3-e670877fdf60. Size = 95.91 KB.
2018-11-13 00:03:19,278 38779  INFO  [0a0a46] Here's some useful guids:
		3af1c095-4d44-44ec-9125-fc73b06a651c
		2a4eec0f-8603-4375-bc83-0690e9b3df50
		4cb0b67b-1d02-44c3-85da-4ae0870f2f12
		04925b02-2e88-483c-99fc-1629728a10aa
2018-11-13 00:03:19,279 38780  INFO  [4f70a8] Doing some complicated stuff.. Random numbers are: 518175381, 1644780868, 1507873496.
2018-11-13 00:03:19,300 38801  INFO  [4f70a8] Here's some useful guids:
		9ca1b4a8-f6e4-483d-bcf0-238872cb99b0
		0d97247b-2163-468b-8a53-2e8ad3290c4e
		652edddc-5af5-4f9b-9466-0d2cf79ba3cc
		f892cb4c-3d8b-470f-9caa-85a21fbd9144
2018-11-13 00:03:19,302 38803  INFO  [0a0a46] Finished processing user request with id = 0a0a46cc-8673-41da-9c01-286ac6fdf126 in 00:00:00.0519689.
2018-11-13 00:03:19,313 38814  INFO  [BackgroundDaemon] Processing data (10% completed)..
2018-11-13 00:03:19,314 38815  INFO  [4f70a8] Finished processing user request with id = 4f70a8c6-3b55-4be9-93e3-e670877fdf60 in 00:00:00.0409633.
2018-11-13 00:03:19,316 38817  INFO  [ccbf20] Started processing user request. Id = ccbf20c9-5000-4cc6-947c-1d7c31a81be7. Size = 61.97 KB.
2018-11-13 00:03:19,321 38822  INFO  [4cbc32] Started processing user request. Id = 4cbc324b-8aa0-4219-be80-7072717fcdef. Size = 42.64 KB.
2018-11-13 00:03:19,330 38831  INFO  [ccbf20] Doing some complicated stuff.. Random numbers are: 1427408020, 1065715102, 277346510.
2018-11-13 00:03:19,334 38835  INFO  [ccbf20] Here's some useful guids:
		21482ccc-05cf-47eb-a238-3231fb5e31b2
2018-11-13 00:03:19,335 38836  INFO  [BackgroundDaemon] Processing data (45% completed)..
2018-11-13 00:03:19,338 38839  INFO  [4cbc32] Doing some complicated stuff.. Random numbers are: 1732830402, 1193445260, 1181191476.
2018-11-13 00:03:19,345 38846  INFO  [c8f319] Started processing user request. Id = c8f319a6-1c2f-4c13-980b-0bb73e9aa571. Size = 73.76 KB.
2018-11-13 00:03:19,347 38848  INFO  [ccbf20] Finished processing user request with id = ccbf20c9-5000-4cc6-947c-1d7c31a81be7 in 00:00:00.0312732.
2018-11-13 00:03:19,357 38858  INFO  [4cbc32] Finished processing user request with id = 4cbc324b-8aa0-4219-be80-7072717fcdef in 00:00:00.0360572.
2018-11-13 00:03:19,358 38859  INFO  [BackgroundDaemon] Processing data (89% completed)..
2018-11-13 00:03:19,358 38859  INFO  [BackgroundDaemon] Finished iteration in 00:00:00.1220865.
2018-11-13 00:03:19,359 38860  INFO  [c8f319] Doing some complicated stuff.. Random numbers are: 1662121974, 2021646480, 882224837.
2018-11-13 00:03:19,361 38862  INFO  [117b64] Started processing user request. Id = 117b6414-4562-406a-909f-085ed6493f47. Size = 94.09 KB.
2018-11-13 00:03:19,379 38880  INFO  [117b64] Doing some complicated stuff.. Random numbers are: 249382822, 1145726960, 1924124964.
2018-11-13 00:03:19,387 38888  INFO  [c8f319] Here's some useful guids:
		1c6c2de8-bbad-4bf5-85eb-774216423e04
		d2dc1535-b144-42ef-85e0-9862ccaebd12
2018-11-13 00:03:19,394 38895  INFO  [117b64] Finished processing user request with id = 117b6414-4562-406a-909f-085ed6493f47 in 00:00:00.0331954.
2018-11-13 00:03:19,407 38908  INFO  [8993d5] Started processing user request. Id = 8993d596-967b-4dfc-8d58-b1e6d773f099. Size = 54.7 KB.
2018-11-13 00:03:19,417 38918  INFO  [c8f319] Finished processing user request with id = c8f319a6-1c2f-4c13-980b-0bb73e9aa571 in 00:00:00.0718289.
2018-11-13 00:03:19,421 38922  INFO  [8993d5] Doing some complicated stuff.. Random numbers are: 364544836, 583339857, 1754847081.
2018-11-13 00:03:19,424 38925  INFO  [8993d5] Here's some useful guids:
		8c9e1e93-26b0-4fc4-9357-10ae5b51fde3
		44446820-c3a1-4b74-99b1-f2e33cccfc5a
2018-11-13 00:03:19,436 38937  ERROR [8993d5] 
System.InvalidOperationException: Oh no! An error occurred!
2018-11-13 00:03:19,448 38949  INFO  [e570f7] Started processing user request. Id = e570f71c-914f-4c1b-b823-5fe8d9fc1ac4. Size = 63.02 KB.
2018-11-13 00:03:19,448 38949  INFO  [e570f7] Doing some complicated stuff.. Random numbers are: 690937052, 1255514601, 628420371.
2018-11-13 00:03:19,450 38951  INFO  [e31942] Started processing user request. Id = e319422e-08db-4d20-974d-6362407762ed. Size = 10.72 KB.
2018-11-13 00:03:19,452 38953  INFO  [e570f7] Here's some useful guids:
		8205f7ee-998e-449e-8d77-e1731191e658
2018-11-13 00:03:19,468 38969  INFO  [e31942] Doing some complicated stuff.. Random numbers are: 1214778935, 1427506439, 1174340943.
2018-11-13 00:03:19,471 38972  INFO  [e570f7] Finished processing user request with id = e570f71c-914f-4c1b-b823-5fe8d9fc1ac4 in 00:00:00.0231153.
2018-11-13 00:03:19,483 38984  INFO  [e31942] Here's some useful guids:
		fcb6740d-8395-4f95-bb1d-b9ab6ccd4387
		a5640b1c-84ad-41be-8c00-3cd721d2379d
2018-11-13 00:03:19,502 39003  INFO  [8b4127] Started processing user request. Id = 8b412762-adaa-4cec-9d2c-c904567fdf01. Size = 92.06 KB.
2018-11-13 00:03:19,507 39009  INFO  [8b4127] Doing some complicated stuff.. Random numbers are: 2094544205, 623042481, 148773798.
2018-11-13 00:03:19,509 39011  INFO  [e31942] Finished processing user request with id = e319422e-08db-4d20-974d-6362407762ed in 00:00:00.0594479.
2018-11-13 00:03:19,523 39024  INFO  [823f85] Started processing user request. Id = 823f8515-60bc-4041-a462-1bee02fde796. Size = 89.66 KB.
2018-11-13 00:03:19,525 39026  INFO  [d448c1] Started processing user request. Id = d448c191-9e53-4e17-83e5-ee582f48f114. Size = 5.17 KB.
2018-11-13 00:03:19,533 39034  INFO  [d448c1] Doing some complicated stuff.. Random numbers are: 601521271, 2056596189, 567242229.
2018-11-13 00:03:19,534 39035  INFO  [8b4127] Finished processing user request with id = 8b412762-adaa-4cec-9d2c-c904567fdf01 in 00:00:00.0317359.
2018-11-13 00:03:19,540 39041  INFO  [823f85] Doing some complicated stuff.. Random numbers are: 13025217, 1845763588, 1261394715.
2018-11-13 00:03:19,558 39060  INFO  [BackgroundDaemon] Starting iteration #15534.
2018-11-13 00:03:19,562 39063  INFO  [d448c1] Here's some useful guids:
		5da8e743-31e2-4db8-88ab-4523ca503a9a
		adacd9e4-4ac6-4b84-8a0d-696339fab435
		cae5ae72-3535-47b5-a2c0-e395c07fac63
		42863beb-1ebf-4ac8-ab12-4c995a25480c
2018-11-13 00:03:19,565 39066  INFO  [2a96b8] Started processing user request. Id = 2a96b818-c1dc-4831-9864-79fc2fa04435. Size = 37.38 KB.
2018-11-13 00:03:19,570 39071  INFO  [2a96b8] Doing some complicated stuff.. Random numbers are: 1758397707, 855449416, 1221209011.
2018-11-13 00:03:19,572 39073  INFO  [823f85] Finished processing user request with id = 823f8515-60bc-4041-a462-1bee02fde796 in 00:00:00.0492666.
2018-11-13 00:03:19,586 39087  INFO  [959a85] Started processing user request. Id = 959a859f-71b9-4066-8044-83b3c7d5a92a. Size = 22.59 KB.
2018-11-13 00:03:19,588 39089  INFO  [959a85] Doing some complicated stuff.. Random numbers are: 1463623438, 560125354, 429858578.
2018-11-13 00:03:19,589 39090  INFO  [d448c1] Finished processing user request with id = d448c191-9e53-4e17-83e5-ee582f48f114 in 00:00:00.0640818.
2018-11-13 00:03:19,599 39100  INFO  [959a85] Here's some useful guids:
		61b80fc0-bc39-458d-b055-737c6c3fcca6
		190e1b5f-09ce-47fc-9ae4-fae8ebe4fd57
		940adb77-4da1-4617-8833-27c01f358ad1
2018-11-13 00:03:19,602 39103  INFO  [2a96b8] Here's some useful guids:
		6fca66ee-2f1a-4af9-9ae1-a5c21a7c7835
		d2d1260c-3075-4d3d-92da-7ec10d8a2cda
		73106942-cfad-4558-ac96-f3c77e2f43a8
		d22538c3-186b-41a1-9d4f-a0fb9f92326e
		a2595d5d-33b0-4bb6-8ac5-113e48b196b0
2018-11-13 00:03:19,612 39113  INFO  [959a85] Finished processing user request with id = 959a859f-71b9-4066-8044-83b3c7d5a92a in 00:00:00.0261495.
2018-11-13 00:03:19,626 39127  INFO  [bef4d0] Started processing user request. Id = bef4d0a8-c60a-49fe-8341-9dbc7b45ae70. Size = 39.39 KB.
2018-11-13 00:03:19,627 39128  INFO  [2a96b8] Finished processing user request with id = 2a96b818-c1dc-4831-9864-79fc2fa04435 in 00:00:00.0619672.
2018-11-13 00:03:19,629 39130  INFO  [bef4d0] Doing some complicated stuff.. Random numbers are: 1747676761, 1535264005, 253269378.
2018-11-13 00:03:19,633 39134  INFO  [BackgroundDaemon] Processing data (18% completed)..
2018-11-13 00:03:19,643 39144  INFO  [bef4d0] Here's some useful guids:
		f17d85ee-cb2c-4a27-9c57-cee1b5daf3ad
		66438107-eca0-42f2-8063-7e8cad8d6166
2018-11-13 00:03:19,651 39152  INFO  [bef4d0] Finished processing user request with id = bef4d0a8-c60a-49fe-8341-9dbc7b45ae70 in 00:00:00.0249762.
2018-11-13 00:03:19,659 39160  INFO  [a5dbc8] Started processing user request. Id = a5dbc8ea-0ab8-4b2c-bde6-57c4b9e79cc9. Size = 43.27 KB.
2018-11-13 00:03:19,664 39165  INFO  [4f8aec] Started processing user request. Id = 4f8aecba-cad0-405e-8fc3-6986ab8fb2bf. Size = 13.39 KB.
2018-11-13 00:03:19,672 39173  INFO  [a5dbc8] Doing some complicated stuff.. Random numbers are: 436829249, 1123763414, 1907506886.
2018-11-13 00:03:19,676 39177  INFO  [4f8aec] Doing some complicated stuff.. Random numbers are: 1941442975, 129631378, 1011813992.
2018-11-13 00:03:19,687 39188  INFO  [BackgroundDaemon] Processing data (24% completed)..
2018-11-13 00:03:19,720 39221  INFO  [BackgroundDaemon] Processing data (62% completed)..
2018-11-13 00:03:19,720 39221  INFO  [BackgroundDaemon] Finished iteration in 00:00:00.1618873.
2018-11-13 00:03:19,721 39222  INFO  [4f8aec] Finished processing user request with id = 4f8aecba-cad0-405e-8fc3-6986ab8fb2bf in 00:00:00.0571873.
2018-11-13 00:03:19,734 39235  INFO  [a5dbc8] Finished processing user request with id = a5dbc8ea-0ab8-4b2c-bde6-57c4b9e79cc9 in 00:00:00.0751778.
2018-11-13 00:03:19,735 39236  INFO  [d24e8b] Started processing user request. Id = d24e8b55-1eb1-4569-8919-ee486cbac1e3. Size = 67.16 KB.
2018-11-13 00:03:19,735 39236  INFO  [d24e8b] Doing some complicated stuff.. Random numbers are: 215314579, 4882101, 1982023789.
2018-11-13 00:03:19,755 39256  INFO  [d24e8b] Finished processing user request with id = d24e8b55-1eb1-4569-8919-ee486cbac1e3 in 00:00:00.0200708.
2018-11-13 00:03:19,756 39257  INFO  [7b711d] Started processing user request. Id = 7b711df7-be0c-4240-b692-364d3dc7f009. Size = 57.25 KB.
2018-11-13 00:03:19,762 39264  INFO  [7b711d] Doing some complicated stuff.. Random numbers are: 1750366858, 1803252355, 2105873845.
2018-11-13 00:03:19,765 39267  INFO  [d313a5] Started processing user request. Id = d313a50c-3735-4218-b945-d920d4baff96. Size = 46.45 KB.
2018-11-13 00:03:19,768 39269  INFO  [Metrics] Cpu: 4.97%; Memory: 19.79 GB/31.88 GB; Workers: 4/1024; IOCP: 0/1024
2018-11-13 00:03:19,769 39270  INFO  [941614] Started processing user request. Id = 941614bb-edf7-45b6-9780-84adae8a41ed. Size = 35.87 KB.
2018-11-13 00:03:19,778 39279  INFO  [d313a5] Doing some complicated stuff.. Random numbers are: 441172122, 68268408, 36078937.
2018-11-13 00:03:19,778 39279  INFO  [941614] Doing some complicated stuff.. Random numbers are: 912618435, 2008737458, 1885962241.
2018-11-13 00:03:19,785 39286  INFO  [d313a5] Here's some useful guids:
		ed88d320-75d7-49b4-8eb8-95d5704bfa4c
		1abeac53-6741-42eb-9df5-0cb8f594abc6
		84bffa13-98e8-460d-9807-87b26914cba3
2018-11-13 00:03:19,800 39301  INFO  [941614] Here's some useful guids:
		8091ad12-9673-4caa-a8ba-9f3263826bd9
		54c7f746-0eb5-4240-80aa-b7d3d551b077
		bab8bcbb-bd78-4eab-a727-b98ba4a60163
2018-11-13 00:03:19,803 39304  INFO  [941614] Finished processing user request with id = 941614bb-edf7-45b6-9780-84adae8a41ed in 00:00:00.0344071.
2018-11-13 00:03:19,806 39308  INFO  [d313a5] Finished processing user request with id = d313a50c-3735-4218-b945-d920d4baff96 in 00:00:00.0409694.
2018-11-13 00:03:19,811 39312  ERROR [7b711d] 
System.InvalidOperationException: Oh no! An error occurred!
2018-11-13 00:03:19,817 39318  INFO  [46245a] Started processing user request. Id = 46245a1d-c0a2-445b-bc72-be065a7aecf8. Size = 87.16 KB.
2018-11-13 00:03:19,827 39328  INFO  [46245a] Doing some complicated stuff.. Random numbers are: 953668373, 870962696, 1569728540.
2018-11-13 00:03:19,838 39339  INFO  [dff7c7] Started processing user request. Id = dff7c79f-8c60-47a7-a5bc-d9a2bdbddaa1. Size = 85.59 KB.
2018-11-13 00:03:19,843 39344  INFO  [dff7c7] Doing some complicated stuff.. Random numbers are: 1832335438, 1559330269, 1320262799.
2018-11-13 00:03:19,845 39346  INFO  [46245a] Here's some useful guids:
		683eb757-9048-4cd2-917c-8df10e74c1dc
		36d580fe-ba47-4c01-ab3e-ae8ecca3b3d1
		48a0c5c2-b8a9-4f8b-bd17-e21f8d0eed0a
		1ba7a713-d92c-4203-9462-98178d9250d3
2018-11-13 00:03:19,850 39351  INFO  [46245a] Finished processing user request with id = 46245a1d-c0a2-445b-bc72-be065a7aecf8 in 00:00:00.0326075.
2018-11-13 00:03:19,863 39364  INFO  [ee7982] Started processing user request. Id = ee7982ba-66da-4945-b17a-b79792900e77. Size = 77.5 KB.
2018-11-13 00:03:19,873 39374  INFO  [ee7982] Doing some complicated stuff.. Random numbers are: 1231411283, 991354933, 325155980.
2018-11-13 00:03:19,891 39392  INFO  [dff7c7] Finished processing user request with id = dff7c79f-8c60-47a7-a5bc-d9a2bdbddaa1 in 00:00:00.0530375.
2018-11-13 00:03:19,913 39414  INFO  [ee7982] Finished processing user request with id = ee7982ba-66da-4945-b17a-b79792900e77 in 00:00:00.0499065.
2018-11-13 00:03:19,921 39422  INFO  [BackgroundDaemon] Starting iteration #15535.
2018-11-13 00:03:19,922 39423  INFO  [3e669f] Started processing user request. Id = 3e669ffc-e66c-45ba-a98e-f63a954058ac. Size = 73.91 KB.
2018-11-13 00:03:19,926 39427  INFO  [8983b7] Started processing user request. Id = 8983b7a2-d83c-40d1-99a9-7a50f2dc11a3. Size = 87.43 KB.
2018-11-13 00:03:19,937 39438  INFO  [8983b7] Doing some complicated stuff.. Random numbers are: 502457520, 1945560683, 1113642101.
2018-11-13 00:03:19,939 39440  INFO  [3e669f] Doing some complicated stuff.. Random numbers are: 1937474112, 612597343, 1064669511.
2018-11-13 00:03:19,944 39445  INFO  [8983b7] Finished processing user request with id = 8983b7a2-d83c-40d1-99a9-7a50f2dc11a3 in 00:00:00.0178509.
2018-11-13 00:03:19,957 39458  INFO  [abaca2] Started processing user request. Id = abaca257-999e-40c0-9d1a-ffa549db8899. Size = 68.5 KB.
2018-11-13 00:03:19,964 39465  INFO  [abaca2] Doing some complicated stuff.. Random numbers are: 1221185226, 2023936286, 1185119730.
2018-11-13 00:03:19,970 39471  INFO  [BackgroundDaemon] Processing data (1% completed)..
2018-11-13 00:03:19,973 39474  INFO  [3e669f] Here's some useful guids:
		8059d768-cf3c-446f-81df-b367bd9aaec5
		aa17b4a0-b386-4bee-9c7d-08920b1eddd8
		3f7f3f8b-3677-4430-9e58-346be99ce070
		df1dba13-a178-4ef0-a1d1-901ae871d042
2018-11-13 00:03:19,978 39479  INFO  [b366a0] Started processing user request. Id = b366a0a4-76c3-4c92-870c-281d759b8ebf. Size = 22.03 KB.
2018-11-13 00:03:19,983 39484  INFO  [b366a0] Doing some complicated stuff.. Random numbers are: 1525606971, 1660889256, 712285331.
2018-11-13 00:03:19,995 39496  INFO  [3e669f] Finished processing user request with id = 3e669ffc-e66c-45ba-a98e-f63a954058ac in 00:00:00.0732124.
2018-11-13 00:03:20,008 39509  INFO  [abaca2] Finished processing user request with id = abaca257-999e-40c0-9d1a-ffa549db8899 in 00:00:00.0511422.
2018-11-13 00:03:20,011 39512  INFO  [b366a0] Finished processing user request with id = b366a0a4-76c3-4c92-870c-281d759b8ebf in 00:00:00.0332104.
2018-11-13 00:03:20,022 39523  INFO  [395f49] Started processing user request. Id = 395f4947-0bba-4f70-92ff-3cc43545a63f. Size = 60.17 KB.
2018-11-13 00:03:20,027 39528  INFO  [96abbf] Started processing user request. Id = 96abbfee-4c11-4e4b-8c56-e6e6bf461c71. Size = 8.55 KB.
2018-11-13 00:03:20,030 39531  INFO  [395f49] Doing some complicated stuff.. Random numbers are: 1221922937, 1485784414, 1123364179.
2018-11-13 00:03:20,034 39535  INFO  [BackgroundDaemon] Processing data (29% completed)..
2018-11-13 00:03:20,036 39537  INFO  [96abbf] Doing some complicated stuff.. Random numbers are: 249934513, 452330447, 447903982.
2018-11-13 00:03:20,051 39553  INFO  [96abbf] Finished processing user request with id = 96abbfee-4c11-4e4b-8c56-e6e6bf461c71 in 00:00:00.0241566.
2018-11-13 00:03:20,083 39584  INFO  [0fe6d7] Started processing user request. Id = 0fe6d7de-9e8c-4029-9bb1-65dbd07a4c13. Size = 78.71 KB.
2018-11-13 00:03:20,085 39586  INFO  [395f49] Finished processing user request with id = 395f4947-0bba-4f70-92ff-3cc43545a63f in 00:00:00.0630827.
2018-11-13 00:03:20,088 39589  INFO  [0fe6d7] Doing some complicated stuff.. Random numbers are: 815959194, 628941953, 1476693712.
2018-11-13 00:03:20,098 39599  INFO  [7693b1] Started processing user request. Id = 7693b192-32cb-4515-8f71-7c814556d854. Size = 81.36 KB.
2018-11-13 00:03:20,100 39601  INFO  [BackgroundDaemon] Processing data (67% completed)..
2018-11-13 00:03:20,100 39601  INFO  [BackgroundDaemon] Finished iteration in 00:00:00.1792245.
2018-11-13 00:03:20,104 39605  INFO  [0fe6d7] Finished processing user request with id = 0fe6d7de-9e8c-4029-9bb1-65dbd07a4c13 in 00:00:00.0210150.
2018-11-13 00:03:20,118 39619  INFO  [7693b1] Doing some complicated stuff.. Random numbers are: 1683581478, 259584255, 1552856067.
2018-11-13 00:03:20,126 39627  INFO  [7693b1] Here's some useful guids:
		cdef02e5-48cf-4915-b9e1-37580f338186
		d7b5aa4c-fb65-43e2-b1d4-913dc001fb30
2018-11-13 00:03:20,135 39637  INFO  [2a9554] Started processing user request. Id = 2a95540e-e9ee-402a-9c52-88c98cf60958. Size = 91.31 KB.
2018-11-13 00:03:20,145 39646  INFO  [7693b1] Finished processing user request with id = 7693b192-32cb-4515-8f71-7c814556d854 in 00:00:00.0466233.
2018-11-13 00:03:20,147 39648  INFO  [2a9554] Doing some complicated stuff.. Random numbers are: 2008888570, 325082870, 42385642.
2018-11-13 00:03:20,158 39659  INFO  [13fa8f] Started processing user request. Id = 13fa8fe2-27ab-48d5-97ee-b61eee6c20c0. Size = 60.84 KB.
2018-11-13 00:03:20,160 39661  INFO  [2a9554] Here's some useful guids:
		65484797-165d-4ea2-871f-a9c695a3e6c2
		0ba67936-fa36-4f37-b731-cd6d893c89bb
		b6680a21-479c-409a-a23d-3253e4b6696f
		044945cf-84cc-4760-887a-691a98268dee
		3ae78c9d-8a75-4939-8e60-b25674ac55d2
2018-11-13 00:03:20,177 39678  INFO  [13fa8f] Doing some complicated stuff.. Random numbers are: 811961295, 1867820282, 620535720.
2018-11-13 00:03:20,178 39679  INFO  [2a9554] Finished processing user request with id = 2a95540e-e9ee-402a-9c52-88c98cf60958 in 00:00:00.0426753.
2018-11-13 00:03:20,179 39680  INFO  [94feac] Started processing user request. Id = 94feacb7-4e77-482d-b8e4-88f31a8ce641. Size = 54.75 KB.
2018-11-13 00:03:20,195 39696  INFO  [94feac] Doing some complicated stuff.. Random numbers are: 1012227627, 351031206, 1142487767.
2018-11-13 00:03:20,203 39704  INFO  [13fa8f] Finished processing user request with id = 13fa8fe2-27ab-48d5-97ee-b61eee6c20c0 in 00:00:00.0444949.
2018-11-13 00:03:20,210 39711  INFO  [ab062f] Started processing user request. Id = ab062f81-35ad-406e-833a-9749eeaa1bff. Size = 69.65 KB.
2018-11-13 00:03:20,213 39714  INFO  [ab062f] Doing some complicated stuff.. Random numbers are: 1738941206, 1198002845, 975109385.
2018-11-13 00:03:20,216 39717  INFO  [7c1fb3] Started processing user request. Id = 7c1fb35c-fd28-404a-bcb4-222985e7c18d. Size = 83.15 KB.
2018-11-13 00:03:20,235 39737  INFO  [7c1fb3] Doing some complicated stuff.. Random numbers are: 81921383, 1480743197, 788183267.
2018-11-13 00:03:20,244 39746  INFO  [ab062f] Finished processing user request with id = ab062f81-35ad-406e-833a-9749eeaa1bff in 00:00:00.0349285.
2018-11-13 00:03:20,246 39748  INFO  [94feac] Finished processing user request with id = 94feacb7-4e77-482d-b8e4-88f31a8ce641 in 00:00:00.0673777.
2018-11-13 00:03:20,256 39757  INFO  [7c1fb3] Here's some useful guids:
		d4f9a875-79a2-491e-8d6f-1cc7a7ad091b
		d742b7a2-1f72-40da-a039-00a4eacf480a
		4115cb35-a634-427e-8fc4-57f8a0629551
		4b444c84-8a9f-4953-808b-d834c887068b
		20b86da5-7370-42c5-8b63-d54242248bac
2018-11-13 00:03:20,267 39768  INFO  [Metrics] Cpu: 0.80%; Memory: 19.79 GB/31.88 GB; Workers: 4/1024; IOCP: 0/1024
2018-11-13 00:03:20,272 39773  INFO  [7c1fb3] Finished processing user request with id = 7c1fb35c-fd28-404a-bcb4-222985e7c18d in 00:00:00.0560568.
2018-11-13 00:03:20,276 39777  INFO  [737094] Started processing user request. Id = 7370942c-5d77-4a10-865c-3297f0f3d3d7. Size = 5.32 KB.
2018-11-13 00:03:20,285 39786  INFO  [44d37d] Started processing user request. Id = 44d37dbd-57b2-490d-89c3-2334996973ce. Size = 1.44 KB.
2018-11-13 00:03:20,288 39789  INFO  [737094] Doing some complicated stuff.. Random numbers are: 1028476139, 1324669060, 885729900.
2018-11-13 00:03:20,295 39796  INFO  [44d37d] Doing some complicated stuff.. Random numbers are: 213674726, 1467869222, 452218514.
2018-11-13 00:03:20,297 39798  INFO  [44d37d] Here's some useful guids:
		3d7f72b7-2936-4bf3-8e91-3f3f7d8ba5c4
		bfa48136-2ad3-4235-bdd1-9602ff9cb245
		f0c9e25f-97e2-4420-8f1d-107bcd6a5786
2018-11-13 00:03:20,301 39802  INFO  [BackgroundDaemon] Starting iteration #15536.
2018-11-13 00:03:20,307 39808  INFO  [737094] Here's some useful guids:
		a7a810a3-61d7-42f1-a46b-fe114084744c
		1b528d0d-2b5d-4475-b853-fbad2e9874ba
2018-11-13 00:03:20,314 39815  INFO  [44d37d] Finished processing user request with id = 44d37dbd-57b2-490d-89c3-2334996973ce in 00:00:00.0287228.
2018-11-13 00:03:20,318 39819  INFO  [737094] Finished processing user request with id = 7370942c-5d77-4a10-865c-3297f0f3d3d7 in 00:00:00.0421964.
2018-11-13 00:03:20,327 39828  INFO  [2bb275] Started processing user request. Id = 2bb27596-7e1a-4c75-a980-2c5fc0192784. Size = 37.11 KB.
2018-11-13 00:03:20,336 39838  INFO  [BackgroundDaemon] Processing data (6% completed)..
2018-11-13 00:03:20,337 39839  INFO  [2bb275] Doing some complicated stuff.. Random numbers are: 736687677, 1974501733, 253313417.
2018-11-13 00:03:20,344 39845  INFO  [2bb275] Here's some useful guids:
		eaa38e68-aac0-4e8e-a443-421b48dea40a
		66f8b6ed-2af3-4dc7-a069-81763cc4d885
2018-11-13 00:03:20,350 39851  INFO  [9eb504] Started processing user request. Id = 9eb504f1-7e02-4896-997b-20df32f26218. Size = 21.06 KB.
2018-11-13 00:03:20,358 39859  INFO  [2bb275] Finished processing user request with id = 2bb27596-7e1a-4c75-a980-2c5fc0192784 in 00:00:00.0305629.
2018-11-13 00:03:20,369 39870  INFO  [9eb504] Doing some complicated stuff.. Random numbers are: 1146942474, 1700351767, 1330114915.
2018-11-13 00:03:20,371 39872  INFO  [ebe3eb] Started processing user request. Id = ebe3eb28-1e78-4155-820a-2ba57f2ad39b. Size = 64.96 KB.
2018-11-13 00:03:20,382 39883  INFO  [ebe3eb] Doing some complicated stuff.. Random numbers are: 2010969141, 1619079123, 2121397803.
2018-11-13 00:03:20,397 39898  INFO  [9eb504] Here's some useful guids:
		e60c6ba0-0e8d-43ee-b7e7-df5f1c3a1b46
		849b9bc8-3cbc-4d99-89aa-5092c9f4eda3
		e6e0e3de-ecc6-4e4c-9799-5d6bea489633
		7bcc500b-79e5-4c3d-bc9e-6171eb33ca6a
		22f6a585-0b41-40c6-add9-f0059ee69007
2018-11-13 00:03:20,414 39915  INFO  [2374ac] Started processing user request. Id = 2374ac0d-c058-43d6-8e6d-de409dcfb60f. Size = 22.69 KB.
2018-11-13 00:03:20,423 39924  INFO  [2374ac] Doing some complicated stuff.. Random numbers are: 1652300777, 529702067, 1559047787.
2018-11-13 00:03:20,423 39924  INFO  [ebe3eb] Finished processing user request with id = ebe3eb28-1e78-4155-820a-2ba57f2ad39b in 00:00:00.0522912.
2018-11-13 00:03:20,425 39926  INFO  [9eb504] Finished processing user request with id = 9eb504f1-7e02-4896-997b-20df32f26218 in 00:00:00.0753933.
2018-11-13 00:03:20,430 39931  INFO  [BackgroundDaemon] Processing data (32% completed)..
2018-11-13 00:03:20,436 39937  INFO  [3544b8] Started processing user request. Id = 3544b851-c4a7-4fed-90fc-7fbeae849505. Size = 59.25 KB.
2018-11-13 00:03:20,447 39948  INFO  [3544b8] Doing some complicated stuff.. Random numbers are: 555648383, 1833089054, 21079848.
2018-11-13 00:03:20,456 39957  INFO  [322725] Started processing user request. Id = 322725c5-7c98-4464-9887-05c763543fac. Size = 77.49 KB.
2018-11-13 00:03:20,456 39957  INFO  [322725] Doing some complicated stuff.. Random numbers are: 769920146, 1451967745, 1433756987.
2018-11-13 00:03:20,467 39968  INFO  [2374ac] Finished processing user request with id = 2374ac0d-c058-43d6-8e6d-de409dcfb60f in 00:00:00.0529982.
2018-11-13 00:03:20,472 39973  INFO  [3544b8] Here's some useful guids:
		795bc377-6c1a-4fe6-8f7a-994be09527f2
		0b074095-1232-422c-a5f0-9c7dc5ccf931
		9bb53619-cd11-4d5c-8552-b7fe4c524326
2018-11-13 00:03:20,475 39976  INFO  [322725] Here's some useful guids:
		ed0a9fde-23c1-4816-aecf-92a5ca923811
		80513a71-1a2d-41d1-be44-92207b90fd64
		bf6bc0ea-267f-435d-89c2-2e01f9b4c285
		cc164011-acd0-47d1-9615-1529c56d014b
		5eae6102-6afa-4337-8510-dbbfae76f7d9
2018-11-13 00:03:20,480 39981  INFO  [3544b8] Finished processing user request with id = 3544b851-c4a7-4fed-90fc-7fbeae849505 in 00:00:00.0434536.
2018-11-13 00:03:20,482 39983  INFO  [BackgroundDaemon] Processing data (53% completed)..
2018-11-13 00:03:20,482 39983  INFO  [BackgroundDaemon] Finished iteration in 00:00:00.1813289.
2018-11-13 00:03:20,494 39995  INFO  [660504] Started processing user request. Id = 66050455-74e9-4c47-b89b-9847f58f2fcd. Size = 82.21 KB.
2018-11-13 00:03:20,496 39997  ERROR [322725] 
System.InvalidOperationException: Oh no! An error occurred!
2018-11-13 00:03:20,497 39998  INFO  [660504] Doing some complicated stuff.. Random numbers are: 1316223927, 813918585, 362536355.
2018-11-13 00:03:20,523 40024  INFO  [660504] Here's some useful guids:
		798b93ca-10e5-42d2-9b4d-99ede24f8660
		b89d1962-0157-4c16-b915-de64aa779078
		248b5009-14f8-4281-97c1-6127ce3046c3
		f8fc2571-cce3-475e-9c92-11aee6bb84a5
2018-11-13 00:03:20,527 40028  INFO  [660504] Finished processing user request with id = 66050455-74e9-4c47-b89b-9847f58f2fcd in 00:00:00.0335154.
2018-11-13 00:03:20,527 40028  INFO  [0bea65] Started processing user request. Id = 0bea65f3-0bb7-44a9-b9a8-ace2da5659ac. Size = 54.06 KB.
2018-11-13 00:03:20,529 40030  INFO  [0bea65] Doing some complicated stuff.. Random numbers are: 602763469, 442272515, 35255350.
2018-11-13 00:03:20,541 40042  INFO  [260c3e] Started processing user request. Id = 260c3e15-53a0-48ff-bdad-8c52dd0169a2. Size = 19.88 KB.
2018-11-13 00:03:20,546 40047  INFO  [260c3e] Doing some complicated stuff.. Random numbers are: 2106559745, 928356461, 586271111.
2018-11-13 00:03:20,567 40068  INFO  [0bea65] Here's some useful guids:
		ed53c233-ede0-46c2-9479-6be391f81843
		9a037b05-b441-4626-99d2-645438508dc4
		6194709a-b55c-47e8-9008-bbf129ba0273
		08c6b9ea-8b3f-4625-b86b-e126fe630469
		05864c53-befd-4efb-8038-02734e12cfab
2018-11-13 00:03:20,568 40069  INFO  [260c3e] Here's some useful guids:
		f028a648-a822-4f38-92f5-312af9e5cd37
		2efe5277-5cee-4d64-8212-1c9dd0890860
		290d1be5-283e-4f33-9c3c-f94fd82ea417
2018-11-13 00:03:20,579 40080  INFO  [260c3e] Finished processing user request with id = 260c3e15-53a0-48ff-bdad-8c52dd0169a2 in 00:00:00.0380311.
2018-11-13 00:03:20,583 40084  INFO  [0bea65] Finished processing user request with id = 0bea65f3-0bb7-44a9-b9a8-ace2da5659ac in 00:00:00.0554419.
2018-11-13 00:03:20,593 40094  INFO  [c2e11e] Started processing user request. Id = c2e11e3a-d7bf-479d-8cba-05392a38fe3d. Size = 38.32 KB.
2018-11-13 00:03:20,597 40098  INFO  [c2e11e] Doing some complicated stuff.. Random numbers are: 1948123284, 302421, 2090293708.
2018-11-13 00:03:20,601 40102  INFO  [c2e11e] Here's some useful guids:
		df575c3e-4476-48ba-92dd-7863e7bcdce5
		bed7ba44-d527-408e-8ceb-e0bed2e753f1
		a880e97a-d5f4-4978-aeba-d822a46a5600
		2a281c50-0475-4a67-aa6b-b627ae974dbd
2018-11-13 00:03:20,611 40112  INFO  [c2e11e] Finished processing user request with id = c2e11e3a-d7bf-479d-8cba-05392a38fe3d in 00:00:00.0183315.
2018-11-13 00:03:20,614 40115  INFO  [262bf5] Started processing user request. Id = 262bf5f5-10b4-4a4d-990c-dd534d79b5e5. Size = 97.99 KB.
2018-11-13 00:03:20,625 40126  INFO  [335c7d] Started processing user request. Id = 335c7d4e-cc35-48bf-aed3-5582a09d24a4. Size = 94.57 KB.
2018-11-13 00:03:20,633 40134  INFO  [262bf5] Doing some complicated stuff.. Random numbers are: 1737594691, 722248845, 765589632.
2018-11-13 00:03:20,635 40136  INFO  [4cc5c7] Started processing user request. Id = 4cc5c766-556e-443c-b89c-58e9556defe9. Size = 60.79 KB.
2018-11-13 00:03:20,635 40136  INFO  [4cc5c7] Doing some complicated stuff.. Random numbers are: 1774440204, 1823426950, 1838883734.
2018-11-13 00:03:20,638 40139  INFO  [335c7d] Doing some complicated stuff.. Random numbers are: 156093447, 144779502, 1421458715.
2018-11-13 00:03:20,645 40146  INFO  [335c7d] Here's some useful guids:
		6020dd80-e057-4414-9ee0-24e4697336c3
2018-11-13 00:03:20,648 40149  INFO  [262bf5] Here's some useful guids:
		069af178-1ccd-45d3-9b66-988db94d96d0
		8472814b-de90-4312-9876-ab7b576753cc
2018-11-13 00:03:20,654 40155  INFO  [262bf5] Finished processing user request with id = 262bf5f5-10b4-4a4d-990c-dd534d79b5e5 in 00:00:00.0400363.
2018-11-13 00:03:20,668 40169  INFO  [335c7d] Finished processing user request with id = 335c7d4e-cc35-48bf-aed3-5582a09d24a4 in 00:00:00.0430697.
2018-11-13 00:03:20,681 40183  INFO  [7aed19] Started processing user request. Id = 7aed195c-cd62-4e97-a818-dff29bc52695. Size = 66.39 KB.
2018-11-13 00:03:20,682 40184  INFO  [BackgroundDaemon] Starting iteration #15537.
2018-11-13 00:03:20,685 40187  INFO  [7aed19] Doing some complicated stuff.. Random numbers are: 1443504926, 1508057819, 460456158.
2018-11-13 00:03:20,685 40187  INFO  [d73e8c] Started processing user request. Id = d73e8c80-adf6-4549-8c21-dac8da1fbec1. Size = 30.23 KB.
2018-11-13 00:03:20,689 40191  INFO  [4cc5c7] Finished processing user request with id = 4cc5c766-556e-443c-b89c-58e9556defe9 in 00:00:00.0544706.
2018-11-13 00:03:20,704 40206  INFO  [d73e8c] Doing some complicated stuff.. Random numbers are: 1460228073, 1308787988, 2074971069.
2018-11-13 00:03:20,706 40208  INFO  [d73e8c] Here's some useful guids:
		ba1b6c99-f1e1-47e3-a39d-9270628288b6
		45f442a0-3b50-42e0-a7c0-652514b3c644
		1a439188-fe07-4531-95e2-0d01eb0210f4
		94a81351-1dba-4c32-bf22-a6e2aa14c76d
		8d0b4a5b-f6c9-463e-922f-4d7e215ecb8a
2018-11-13 00:03:20,709 40211  INFO  [BackgroundDaemon] Processing data (15% completed)..
2018-11-13 00:03:20,727 40229  INFO  [7aed19] Finished processing user request with id = 7aed195c-cd62-4e97-a818-dff29bc52695 in 00:00:00.0459913.
2018-11-13 00:03:20,735 40236  ERROR [d73e8c] 
System.InvalidOperationException: Oh no! An error occurred!
2018-11-13 00:03:20,741 40242  INFO  [388c54] Started processing user request. Id = 388c5421-8983-40f1-81be-86516387981c. Size = 46.39 KB.
2018-11-13 00:03:20,745 40246  INFO  [388c54] Doing some complicated stuff.. Random numbers are: 1269144823, 375461170, 1173169278.
2018-11-13 00:03:20,767 40268  INFO  [d9f8a6] Started processing user request. Id = d9f8a64e-9fdc-4ed5-8f47-f431dd55dce1. Size = 41.2 KB.
2018-11-13 00:03:20,767 40268  INFO  [Metrics] Cpu: 0.80%; Memory: 19.79 GB/31.88 GB; Workers: 4/1024; IOCP: 0/1024
2018-11-13 00:03:20,767 40268  INFO  [d9f8a6] Doing some complicated stuff.. Random numbers are: 1569593938, 960402685, 2067871601.
2018-11-13 00:03:20,783 40284  INFO  [388c54] Finished processing user request with id = 388c5421-8983-40f1-81be-86516387981c in 00:00:00.0420199.
2018-11-13 00:03:20,783 40284  INFO  [d9f8a6] Finished processing user request with id = d9f8a64e-9fdc-4ed5-8f47-f431dd55dce1 in 00:00:00.0160049.
2018-11-13 00:03:20,784 40285  INFO  [BackgroundDaemon] Processing data (29% completed)..
2018-11-13 00:03:20,796 40298  INFO  [962891] Started processing user request. Id = 9628913f-fb6f-4c73-9dc0-500c6fc42901. Size = 39.81 KB.
2018-11-13 00:03:20,796 40298  INFO  [962891] Doing some complicated stuff.. Random numbers are: 1192076908, 1351086322, 688205881.
2018-11-13 00:03:20,815 40316  INFO  [e199e8] Started processing user request. Id = e199e813-0d82-4b34-a690-05db00102aff. Size = 66.38 KB.
2018-11-13 00:03:20,820 40321  INFO  [e199e8] Doing some complicated stuff.. Random numbers are: 374192945, 611220842, 597034618.
2018-11-13 00:03:20,845 40346  INFO  [BackgroundDaemon] Processing data (73% completed)..
2018-11-13 00:03:20,845 40346  INFO  [BackgroundDaemon] Finished iteration in 00:00:00.1622369.
2018-11-13 00:03:20,845 40346  INFO  [e199e8] Finished processing user request with id = e199e813-0d82-4b34-a690-05db00102aff in 00:00:00.0300342.
2018-11-13 00:03:20,846 40347  INFO  [962891] Finished processing user request with id = 9628913f-fb6f-4c73-9dc0-500c6fc42901 in 00:00:00.0492112.
2018-11-13 00:03:20,857 40358  INFO  [dbb3b8] Started processing user request. Id = dbb3b8d6-6d7b-490e-992e-740515e1a891. Size = 33.59 KB.
2018-11-13 00:03:20,860 40361  INFO  [0d6ca7] Started processing user request. Id = 0d6ca70c-0659-445b-9d2b-5c31c645e92b. Size = 89.66 KB.
2018-11-13 00:03:20,868 40369  INFO  [dbb3b8] Doing some complicated stuff.. Random numbers are: 2036719587, 959601836, 837003420.
2018-11-13 00:03:20,875 40376  INFO  [0d6ca7] Doing some complicated stuff.. Random numbers are: 216776025, 1048372775, 557543851.
2018-11-13 00:03:20,876 40377  INFO  [f48525] Started processing user request. Id = f485259d-15f5-4701-a09e-7e5d077a26ef. Size = 31.37 KB.
2018-11-13 00:03:20,882 40384  INFO  [f48525] Doing some complicated stuff.. Random numbers are: 623082196, 1495267596, 1722034920.
2018-11-13 00:03:20,885 40386  INFO  [dbb3b8] Here's some useful guids:
		39aeb7f6-7b64-4a70-90e7-26cb672131ec
		f722ff25-c40a-45ca-9cd1-72ea08f06afb
2018-11-13 00:03:20,889 40390  INFO  [dbb3b8] Finished processing user request with id = dbb3b8d6-6d7b-490e-992e-740515e1a891 in 00:00:00.0322189.
2018-11-13 00:03:20,906 40407  INFO  [0d6ca7] Here's some useful guids:
		83f784d3-5def-4bbd-904f-d4fdaac8cc46
2018-11-13 00:03:20,912 40413  INFO  [0d6ca7] Finished processing user request with id = 0d6ca70c-0659-445b-9d2b-5c31c645e92b in 00:00:00.0526407.
2018-11-13 00:03:20,926 40427  INFO  [34fe1c] Started processing user request. Id = 34fe1c77-89d4-4aea-90bf-8d84d6cd7c40. Size = 20.11 KB.
2018-11-13 00:03:20,933 40434  INFO  [f48525] Finished processing user request with id = f485259d-15f5-4701-a09e-7e5d077a26ef in 00:00:00.0571694.
2018-11-13 00:03:20,942 40443  INFO  [34fe1c] Doing some complicated stuff.. Random numbers are: 1228726802, 1278660549, 628990673.
2018-11-13 00:03:20,951 40452  INFO  [34fe1c] Finished processing user request with id = 34fe1c77-89d4-4aea-90bf-8d84d6cd7c40 in 00:00:00.0250915.
2018-11-13 00:03:20,965 40466  INFO  [cb5413] Started processing user request. Id = cb541362-f0df-42e6-bb47-f59060cc045f. Size = 65.88 KB.
2018-11-13 00:03:20,965 40466  INFO  [e29dbd] Started processing user request. Id = e29dbd4a-c347-4649-874f-d57abf1cdd98. Size = 46.05 KB.
2018-11-13 00:03:20,969 40470  INFO  [cb5413] Doing some complicated stuff.. Random numbers are: 2127233542, 1410530991, 1392915088.
2018-11-13 00:03:20,975 40476  INFO  [e29dbd] Doing some complicated stuff.. Random numbers are: 623490088, 140838455, 2085726239.
2018-11-13 00:03:20,977 40478  ERROR [cb5413] 
System.InvalidOperationException: Oh no! An error occurred!
2018-11-13 00:03:21,008 40509  INFO  [c9d72d] Started processing user request. Id = c9d72d26-a09e-42dd-ab43-671b56440584. Size = 19.28 KB.
2018-11-13 00:03:21,013 40514  INFO  [e29dbd] Finished processing user request with id = e29dbd4a-c347-4649-874f-d57abf1cdd98 in 00:00:00.0485904.
2018-11-13 00:03:21,015 40516  INFO  [c9d72d] Doing some complicated stuff.. Random numbers are: 801860891, 459320422, 1450414312.
2018-11-13 00:03:21,027 40528  INFO  [31d25a] Started processing user request. Id = 31d25ad4-ff7e-44cf-97e7-0cf679c7b95e. Size = 4.64 KB.
2018-11-13 00:03:21,043 40544  INFO  [31d25a] Doing some complicated stuff.. Random numbers are: 1872110863, 202462632, 1408698546.
2018-11-13 00:03:21,045 40546  INFO  [BackgroundDaemon] Starting iteration #15538.
2018-11-13 00:03:21,055 40556  INFO  [31d25a] Finished processing user request with id = 31d25ad4-ff7e-44cf-97e7-0cf679c7b95e in 00:00:00.0282600.
2018-11-13 00:03:21,056 40557  INFO  [9d2fdc] Started processing user request. Id = 9d2fdc94-c863-449b-b218-4b821be1628c. Size = 41.21 KB.
2018-11-13 00:03:21,064 40565  INFO  [c9d72d] Finished processing user request with id = c9d72d26-a09e-42dd-ab43-671b56440584 in 00:00:00.0555477.
2018-11-13 00:03:21,068 40569  INFO  [b9ad3e] Started processing user request. Id = b9ad3e6e-1708-4a1f-a931-c62f408551af. Size = 96.62 KB.
2018-11-13 00:03:21,071 40572  INFO  [9d2fdc] Doing some complicated stuff.. Random numbers are: 212739789, 2132884019, 448480493.
2018-11-13 00:03:21,085 40587  INFO  [b9ad3e] Doing some complicated stuff.. Random numbers are: 1707759961, 1951585187, 1131942196.
2018-11-13 00:03:21,089 40590  INFO  [9d2fdc] Here's some useful guids:
		ae14cf49-de5f-499b-a88f-7379cb9d75df
		85e59354-85c2-4da1-af10-8e04bcb66310
2018-11-13 00:03:21,095 40596  INFO  [b13c45] Started processing user request. Id = b13c459b-954f-47bb-8ba9-392780c3ff60. Size = 13.13 KB.
2018-11-13 00:03:21,096 40597  ERROR [9d2fdc] 
System.InvalidOperationException: Oh no! An error occurred!
2018-11-13 00:03:21,108 40609  INFO  [b9ad3e] Here's some useful guids:
		28decd9c-b97d-4b02-b165-4dc40120251a
		f11422b5-c986-4e1a-805f-49b06cd49773
		6cdb5ca5-b437-4f69-9823-412a2948950d
		c4cad570-8336-478c-8434-172ffca48735
		701e9a74-9576-4644-87fb-70345296020b
2018-11-13 00:03:21,108 40609  INFO  [b13c45] Doing some complicated stuff.. Random numbers are: 863193455, 387737556, 223514429.
2018-11-13 00:03:21,133 40634  INFO  [b9ad3e] Finished processing user request with id = b9ad3e6e-1708-4a1f-a931-c62f408551af in 00:00:00.0650191.
2018-11-13 00:03:21,140 40642  INFO  [b13c45] Here's some useful guids:
		242f1582-0ee8-420f-97af-365f8fb413b2
		fd093b8a-2923-4476-bd00-9b2df33faf32
		a58b949e-91dc-4ff5-9c97-f369a970f1dc
2018-11-13 00:03:21,141 40643  INFO  [BackgroundDaemon] Processing data (6% completed)..
2018-11-13 00:03:21,147 40648  INFO  [46218f] Started processing user request. Id = 46218fd9-9b83-4b7b-8101-3da9192b4e16. Size = 44.33 KB.
2018-11-13 00:03:21,152 40653  INFO  [46218f] Doing some complicated stuff.. Random numbers are: 1132837121, 987669197, 1365066861.
2018-11-13 00:03:21,160 40661  INFO  [b13c45] Finished processing user request with id = b13c459b-954f-47bb-8ba9-392780c3ff60 in 00:00:00.0648631.
2018-11-13 00:03:21,162 40663  INFO  [46218f] Here's some useful guids:
		fe517438-3ff7-4664-9e99-a8b5c6800914
		a58d8e21-df09-4bf5-9186-758d43135ff3
		de1d27ae-e7cb-427f-affe-0c834670a7b1
		d9565f3b-b5de-436f-a941-b46c076f017f
2018-11-13 00:03:21,181 40682  INFO  [46218f] Finished processing user request with id = 46218fd9-9b83-4b7b-8101-3da9192b4e16 in 00:00:00.0340174.
2018-11-13 00:03:21,192 40693  INFO  [6f6b4d] Started processing user request. Id = 6f6b4d45-dccc-4b20-ad59-ab5bef662eb8. Size = 71.01 KB.
2018-11-13 00:03:21,194 40695  INFO  [803bc8] Started processing user request. Id = 803bc851-889e-46b7-a693-4262cbf13f20. Size = 12.73 KB.
2018-11-13 00:03:21,196 40697  INFO  [803bc8] Doing some complicated stuff.. Random numbers are: 1024902112, 161613588, 1592716918.
2018-11-13 00:03:21,196 40697  INFO  [6f6b4d] Doing some complicated stuff.. Random numbers are: 2011085384, 1781088279, 744256321.
2018-11-13 00:03:21,226 40727  INFO  [BackgroundDaemon] Processing data (44% completed)..
2018-11-13 00:03:21,227 40728  INFO  [6f6b4d] Here's some useful guids:
		f4d1bb75-e4b7-451b-8d2f-46077b843f19
2018-11-13 00:03:21,234 40735  INFO  [803bc8] Here's some useful guids:
		bc24013e-0565-47e6-bb41-679584207d3f
		f668c722-a4fe-459f-a5de-acf732f1a8fb
		46fbe9c2-fd5f-4fbd-bd01-69498233e399
		b68b1b8a-a9b5-4245-9f19-fbd479177002
2018-11-13 00:03:21,238 40739  INFO  [803bc8] Finished processing user request with id = 803bc851-889e-46b7-a693-4262cbf13f20 in 00:00:00.0438383.
2018-11-13 00:03:21,251 40752  INFO  [6f6b4d] Finished processing user request with id = 6f6b4d45-dccc-4b20-ad59-ab5bef662eb8 in 00:00:00.0593638.
2018-11-13 00:03:21,252 40753  INFO  [d49c3f] Started processing user request. Id = d49c3f00-c0cd-44e3-b509-07caa749eb70. Size = 29.52 KB.
2018-11-13 00:03:21,258 40759  INFO  [BackgroundDaemon] Processing data (56% completed)..
2018-11-13 00:03:21,258 40759  INFO  [BackgroundDaemon] Finished iteration in 00:00:00.2127789.
2018-11-13 00:03:21,264 40765  INFO  [cc613f] Started processing user request. Id = cc613f67-a8d6-417c-aa59-88b7b363a9ab. Size = 51.4 KB.
2018-11-13 00:03:21,266 40767  INFO  [Metrics] Cpu: 3.41%; Memory: 19.79 GB/31.88 GB; Workers: 4/1024; IOCP: 0/1024
2018-11-13 00:03:21,267 40768  INFO  [cc613f] Doing some complicated stuff.. Random numbers are: 435049691, 1273509060, 554212662.
2018-11-13 00:03:21,271 40772  INFO  [d49c3f] Doing some complicated stuff.. Random numbers are: 508596497, 1335690930, 1881321961.
2018-11-13 00:03:21,277 40778  INFO  [cc613f] Here's some useful guids:
		1389fd4a-3d81-4b98-b232-9027ddd1b76d
		f8ff989c-312c-4c89-b8bf-54c2f841c180
		1879dccc-839f-487c-8ac3-fa34ba893c1d
2018-11-13 00:03:21,282 40783  INFO  [30926b] Started processing user request. Id = 30926bd6-6372-4998-94e2-00f2598fbdbb. Size = 57.28 KB.
2018-11-13 00:03:21,285 40786  INFO  [30926b] Doing some complicated stuff.. Random numbers are: 1521149739, 86205776, 986769864.
2018-11-13 00:03:21,297 40798  ERROR [d49c3f] 
System.InvalidOperationException: Oh no! An error occurred!
2018-11-13 00:03:21,298 40800  ERROR [cc613f] 
System.InvalidOperationException: Oh no! An error occurred!
2018-11-13 00:03:21,310 40811  INFO  [3840b6] Started processing user request. Id = 3840b678-2948-4df6-8173-8e3b9bd77ced. Size = 72.36 KB.
2018-11-13 00:03:21,310 40811  INFO  [3840b6] Doing some complicated stuff.. Random numbers are: 2094539210, 1308090120, 2037743664.
2018-11-13 00:03:21,321 40822  INFO  [3840b6] Here's some useful guids:
		f5b21a70-502c-4a28-85e2-e8f9a16eb8b5
		a186e28a-7f27-4f31-b529-14cbb4b0e497
		e7b0f245-a42c-433b-9a04-9ed41262ab3c
2018-11-13 00:03:21,330 40832  INFO  [30926b] Finished processing user request with id = 30926bd6-6372-4998-94e2-00f2598fbdbb in 00:00:00.0483581.
2018-11-13 00:03:21,332 40834  INFO  [3840b6] Finished processing user request with id = 3840b678-2948-4df6-8173-8e3b9bd77ced in 00:00:00.0221455.
2018-11-13 00:03:21,346 40847  INFO  [b92826] Started processing user request. Id = b92826ed-db33-4c39-8b05-54c6273206ce. Size = 84.3 KB.
2018-11-13 00:03:21,357 40858  INFO  [b92826] Doing some complicated stuff.. Random numbers are: 1434394764, 2125078484, 754334885.
2018-11-13 00:03:21,362 40863  INFO  [9b04cc] Started processing user request. Id = 9b04cc25-06de-49aa-b03d-6c27efb225c3. Size = 61.8 KB.
2018-11-13 00:03:21,371 40872  INFO  [9b04cc] Doing some complicated stuff.. Random numbers are: 202075912, 618281243, 327346289.
2018-11-13 00:03:21,383 40884  INFO  [b92826] Finished processing user request with id = b92826ed-db33-4c39-8b05-54c6273206ce in 00:00:00.0370801.
2018-11-13 00:03:21,396 40897  INFO  [2b9b5a] Started processing user request. Id = 2b9b5a59-6f24-4ce5-bda7-d980eac52345. Size = 16.4 KB.
2018-11-13 00:03:21,407 40908  INFO  [2b9b5a] Doing some complicated stuff.. Random numbers are: 375965698, 708498235, 1901067843.
2018-11-13 00:03:21,420 40921  INFO  [9b04cc] Finished processing user request with id = 9b04cc25-06de-49aa-b03d-6c27efb225c3 in 00:00:00.0580462.
2018-11-13 00:03:21,449 40950  INFO  [2b9b5a] Finished processing user request with id = 2b9b5a59-6f24-4ce5-bda7-d980eac52345 in 00:00:00.0532378.
2018-11-13 00:03:21,451 40952  INFO  [1e7158] Started processing user request. Id = 1e71581b-2060-49c8-ac55-79fa344304f9. Size = 13.31 KB.
2018-11-13 00:03:21,455 40956  INFO  [1e7158] Doing some complicated stuff.. Random numbers are: 843690982, 355301160, 812828257.
2018-11-13 00:03:21,458 40959  INFO  [BackgroundDaemon] Starting iteration #15539.
2018-11-13 00:03:21,462 40963  INFO  [3aeade] Started processing user request. Id = 3aeadeda-4c9e-40dd-a427-a89b243106ed. Size = 88.87 KB.
2018-11-13 00:03:21,465 40967  INFO  [1962b4] Started processing user request. Id = 1962b461-47de-45f2-824f-56bbed0f303b. Size = 84.96 KB.
2018-11-13 00:03:21,473 40974  INFO  [3aeade] Doing some complicated stuff.. Random numbers are: 783410546, 1413008314, 1135379904.
2018-11-13 00:03:21,478 40979  INFO  [1962b4] Doing some complicated stuff.. Random numbers are: 1191863742, 667347536, 1082834173.
2018-11-13 00:03:21,484 40985  INFO  [1962b4] Here's some useful guids:
		4f83f0ff-f542-4624-8ee0-022ed98f0793
		db323a20-dc12-455b-9d67-c550e4480e82
		fea010da-533e-4f92-b501-9ed1db49b005
		0f28ed3f-8151-4f05-ab4f-873a65530a5f
2018-11-13 00:03:21,484 40985  INFO  [1962b4] Finished processing user request with id = 1962b461-47de-45f2-824f-56bbed0f303b in 00:00:00.0182415.
2018-11-13 00:03:21,504 41005  INFO  [BackgroundDaemon] Processing data (13% completed)..
2018-11-13 00:03:21,514 41015  INFO  [1e7158] Finished processing user request with id = 1e71581b-2060-49c8-ac55-79fa344304f9 in 00:00:00.0631185.
2018-11-13 00:03:21,518 41019  INFO  [3aeade] Finished processing user request with id = 3aeadeda-4c9e-40dd-a427-a89b243106ed in 00:00:00.0561427.
2018-11-13 00:03:21,531 41032  INFO  [b31310] Started processing user request. Id = b31310f2-dcc4-4a4f-9307-10816cc3c409. Size = 43.47 KB.
2018-11-13 00:03:21,542 41043  INFO  [b31310] Doing some complicated stuff.. Random numbers are: 1731843277, 1029676794, 970780879.
2018-11-13 00:03:21,545 41046  INFO  [0ea379] Started processing user request. Id = 0ea37989-00d6-4476-bc62-88f2472fd53e. Size = 52.26 KB.
2018-11-13 00:03:21,545 41046  INFO  [0ea379] Doing some complicated stuff.. Random numbers are: 994817976, 1416318484, 1629972606.
2018-11-13 00:03:21,578 41079  INFO  [0ea379] Here's some useful guids:
		0feeb362-cb65-4d04-a7ae-4c6359ceaea1
2018-11-13 00:03:21,582 41083  INFO  [b31310] Here's some useful guids:
		a6cf2df1-37bc-4ed8-8f93-6bf81937bd15
		38e2f45e-37a3-4c62-8f15-bfe319f4a005
2018-11-13 00:03:21,593 41094  INFO  [BackgroundDaemon] Processing data (31% completed)..
2018-11-13 00:03:21,599 41100  INFO  [b31310] Finished processing user request with id = b31310f2-dcc4-4a4f-9307-10816cc3c409 in 00:00:00.0675439.
2018-11-13 00:03:21,608 41109  ERROR [0ea379] 
System.InvalidOperationException: Oh no! An error occurred!
2018-11-13 00:03:21,612 41113  INFO  [a6f401] Started processing user request. Id = a6f401ee-eb15-4b2e-8426-9e5993c1bf1a. Size = 97.47 KB.
2018-11-13 00:03:21,630 41131  INFO  [a6f401] Doing some complicated stuff.. Random numbers are: 584182445, 2026314650, 1834403893.
2018-11-13 00:03:21,640 41141  INFO  [bbf785] Started processing user request. Id = bbf78562-463e-48c0-9f6d-094a6c4dc5a6. Size = 35.51 KB.
2018-11-13 00:03:21,647 41148  INFO  [BackgroundDaemon] Processing data (78% completed)..
2018-11-13 00:03:21,647 41148  INFO  [BackgroundDaemon] Finished iteration in 00:00:00.1891697.
2018-11-13 00:03:21,651 41152  INFO  [954de3] Started processing user request. Id = 954de327-65f4-4598-92e4-7f469c42c513. Size = 14.64 KB.
2018-11-13 00:03:21,654 41155  INFO  [bbf785] Doing some complicated stuff.. Random numbers are: 941425252, 2038469378, 1321029599.
2018-11-13 00:03:21,661 41162  INFO  [954de3] Doing some complicated stuff.. Random numbers are: 854570858, 1959531139, 684628470.
2018-11-13 00:03:21,664 41165  INFO  [a6f401] Here's some useful guids:
		0ff2727d-ae38-4b67-8cb0-103c3d4ec8dd
		8fd760df-d7e4-4de2-a067-e05209416996
		a3940a2b-d212-461b-9ce0-a0e2f911fe85
2018-11-13 00:03:21,669 41170  INFO  [bbf785] Here's some useful guids:
		c243449f-c7ac-4014-8274-5f51a49c86ba
		73ca7020-0db0-44e8-944c-8de82019a593
2018-11-13 00:03:21,680 41181  INFO  [954de3] Finished processing user request with id = 954de327-65f4-4598-92e4-7f469c42c513 in 00:00:00.0287116.
2018-11-13 00:03:21,681 41182  INFO  [a6f401] Finished processing user request with id = a6f401ee-eb15-4b2e-8426-9e5993c1bf1a in 00:00:00.0690078.
2018-11-13 00:03:21,687 41188  ERROR [bbf785] 
System.InvalidOperationException: Oh no! An error occurred!
2018-11-13 00:03:21,694 41195  INFO  [9e9961] Started processing user request. Id = 9e996192-76f6-4b71-b39b-716048880233. Size = 8.84 KB.
2018-11-13 00:03:21,712 41213  INFO  [9e9961] Doing some complicated stuff.. Random numbers are: 893828170, 1717512199, 508550386.
2018-11-13 00:03:21,718 41220  INFO  [8796da] Started processing user request. Id = 8796dae3-5ec6-40ff-a4dd-2677e7a63da6. Size = 76.95 KB.
2018-11-13 00:03:21,725 41226  INFO  [8796da] Doing some complicated stuff.. Random numbers are: 816119250, 1633412784, 1127857903.
2018-11-13 00:03:21,763 41264  INFO  [9e9961] Finished processing user request with id = 9e996192-76f6-4b71-b39b-716048880233 in 00:00:00.0689292.
2018-11-13 00:03:21,765 41266  INFO  [Metrics] Cpu: 3.41%; Memory: 19.79 GB/31.88 GB; Workers: 4/1024; IOCP: 0/1024
2018-11-13 00:03:21,776 41277  INFO  [99e48d] Started processing user request. Id = 99e48d6b-d325-46ee-894a-1854c8bdef25. Size = 3.74 KB.
2018-11-13 00:03:21,778 41279  INFO  [99e48d] Doing some complicated stuff.. Random numbers are: 222523639, 1470610233, 420030615.
2018-11-13 00:03:21,781 41283  INFO  [8796da] Finished processing user request with id = 8796dae3-5ec6-40ff-a4dd-2677e7a63da6 in 00:00:00.0629995.
2018-11-13 00:03:21,813 41314  INFO  [aca617] Started processing user request. Id = aca61716-6c57-4482-aae8-acd23809b39c. Size = 75.88 KB.
2018-11-13 00:03:21,826 41327  INFO  [99e48d] Finished processing user request with id = 99e48d6b-d325-46ee-894a-1854c8bdef25 in 00:00:00.0496511.
2018-11-13 00:03:21,828 41330  INFO  [aca617] Doing some complicated stuff.. Random numbers are: 1129167621, 1540301778, 871290745.
2018-11-13 00:03:21,839 41340  INFO  [c1f412] Started processing user request. Id = c1f41249-e959-4cb6-be42-549849969f51. Size = 10.13 KB.
2018-11-13 00:03:21,842 41343  INFO  [c1f412] Doing some complicated stuff.. Random numbers are: 1865536656, 1360505872, 288509426.
2018-11-13 00:03:21,847 41348  INFO  [098b6a] Started processing user request. Id = 098b6a88-23e2-4efe-a0c9-f02be8050003. Size = 39.08 KB.
2018-11-13 00:03:21,848 41349  INFO  [BackgroundDaemon] Starting iteration #15540.
2018-11-13 00:03:21,855 41356  INFO  [098b6a] Doing some complicated stuff.. Random numbers are: 740137230, 733571517, 2145803678.
2018-11-13 00:03:21,860 41361  ERROR [aca617] 
System.InvalidOperationException: Oh no! An error occurred!
2018-11-13 00:03:21,877 41378  INFO  [c1f412] Here's some useful guids:
		0fbc83af-5d30-490a-be55-aaa3afd466e4
2018-11-13 00:03:21,883 41384  INFO  [BackgroundDaemon] Processing data (18% completed)..
2018-11-13 00:03:21,890 41391  INFO  [098b6a] Here's some useful guids:
		97a21f19-b523-403b-980e-3c6bc6dd6b75
		095011ae-f45f-451d-8ad3-334d34dafc6a
2018-11-13 00:03:21,891 41392  INFO  [674919] Started processing user request. Id = 67491934-7639-4db2-a014-6f8a47c5ee8f. Size = 67.1 KB.
2018-11-13 00:03:21,896 41397  INFO  [674919] Doing some complicated stuff.. Random numbers are: 1704036483, 201977485, 1077837118.
2018-11-13 00:03:21,897 41398  INFO  [c1f412] Finished processing user request with id = c1f41249-e959-4cb6-be42-549849969f51 in 00:00:00.0581647.
2018-11-13 00:03:21,900 41401  INFO  [098b6a] Finished processing user request with id = 098b6a88-23e2-4efe-a0c9-f02be8050003 in 00:00:00.0529976.
2018-11-13 00:03:21,911 41412  INFO  [9a2fc7] Started processing user request. Id = 9a2fc7e8-e804-49f1-ada6-a33457fa7525. Size = 50.11 KB.
2018-11-13 00:03:21,921 41422  INFO  [674919] Finished processing user request with id = 67491934-7639-4db2-a014-6f8a47c5ee8f in 00:00:00.0301606.
2018-11-13 00:03:21,928 41429  INFO  [9a2fc7] Doing some complicated stuff.. Random numbers are: 290626442, 343807699, 695301586.
2018-11-13 00:03:21,945 41447  INFO  [BackgroundDaemon] Processing data (30% completed)..
2018-11-13 00:03:21,952 41453  INFO  [83fcf9] Started processing user request. Id = 83fcf921-d966-441c-9acd-aabcdebf971e. Size = 23.04 KB.
2018-11-13 00:03:21,966 41467  INFO  [9a2fc7] Here's some useful guids:
		6b2675da-a5ac-45a7-a8c2-dadcf9340a5a
		7a72dde4-0f4c-41ba-adaa-5b552942ebbb
		aeeb47c6-1c76-4313-a12d-e1ea7e273229
2018-11-13 00:03:21,968 41469  INFO  [83fcf9] Doing some complicated stuff.. Random numbers are: 1692228570, 782044604, 1515736026.
2018-11-13 00:03:21,969 41470  INFO  [9a2fc7] Finished processing user request with id = 9a2fc7e8-e804-49f1-ada6-a33457fa7525 in 00:00:00.0580714.
2018-11-13 00:03:21,982 41484  INFO  [e75726] Started processing user request. Id = e75726a4-2e8c-4c37-bb9b-17b3a0903489. Size = 23.82 KB.
2018-11-13 00:03:21,999 41501  INFO  [e75726] Doing some complicated stuff.. Random numbers are: 407532657, 1266811770, 109045776.
2018-11-13 00:03:22,018 41519  INFO  [83fcf9] Finished processing user request with id = 83fcf921-d966-441c-9acd-aabcdebf971e in 00:00:00.0659715.
2018-11-13 00:03:22,027 41528  INFO  [BackgroundDaemon] Processing data (68% completed)..
2018-11-13 00:03:22,027 41528  INFO  [BackgroundDaemon] Finished iteration in 00:00:00.1793110.
2018-11-13 00:03:22,047 41548  INFO  [e75726] Finished processing user request with id = e75726a4-2e8c-4c37-bb9b-17b3a0903489 in 00:00:00.0640208.
2018-11-13 00:03:22,050 41551  INFO  [3101fc] Started processing user request. Id = 3101fc78-0b94-49fc-809e-0faaf61dd4fc. Size = 63.48 KB.
2018-11-13 00:03:22,060 41561  INFO  [eca88e] Started processing user request. Id = eca88e78-cdce-45b2-aa17-ba46b7ef745b. Size = 7.5 KB.
2018-11-13 00:03:22,064 41565  INFO  [3101fc] Doing some complicated stuff.. Random numbers are: 288460581, 1731358404, 465082592.
2018-11-13 00:03:22,067 41568  INFO  [4b0e5c] Started processing user request. Id = 4b0e5c15-e94d-4712-a2dc-e853d20e08d1. Size = 13.23 KB.
2018-11-13 00:03:22,069 41570  INFO  [eca88e] Doing some complicated stuff.. Random numbers are: 2074309919, 2026931281, 1515561987.
2018-11-13 00:03:22,071 41572  INFO  [4b0e5c] Doing some complicated stuff.. Random numbers are: 1344938943, 1128471672, 470955230.
2018-11-13 00:03:22,083 41584  INFO  [eca88e] Here's some useful guids:
		34ba412c-d5be-450d-aae2-05ace7ca6a59
		2c7ee61e-166a-44ec-aced-795b7fde6cc8
		1026803b-195b-4447-a486-f8aee9c89155
		dca8e921-f6a8-4c29-badc-2589b09bbe1f
		458b760a-d78e-44c3-9c10-27e45dba5f57
2018-11-13 00:03:22,097 41598  INFO  [eca88e] Finished processing user request with id = eca88e78-cdce-45b2-aa17-ba46b7ef745b in 00:00:00.0369675.
2018-11-13 00:03:22,105 41606  INFO  [3101fc] Finished processing user request with id = 3101fc78-0b94-49fc-809e-0faaf61dd4fc in 00:00:00.0550832.
2018-11-13 00:03:22,110 41611  INFO  [4b0e5c] Finished processing user request with id = 4b0e5c15-e94d-4712-a2dc-e853d20e08d1 in 00:00:00.0423222.
2018-11-13 00:03:22,110 41611  INFO  [bfabb6] Started processing user request. Id = bfabb6e9-3a73-42e7-8946-33c2c7519be6. Size = 50.68 KB.
2018-11-13 00:03:22,117 41618  INFO  [bfabb6] Doing some complicated stuff.. Random numbers are: 208322260, 2106178251, 347696537.
2018-11-13 00:03:22,131 41632  INFO  [bfabb6] Here's some useful guids:
		78b8a3ca-243e-42cb-9a9e-8c5b8d884a39
		ba373ba3-8207-406c-a072-9b56a1798dcd
		5b294130-4f9a-42a1-88fd-8e80b7bdb8e2
		1d9c9baf-b0fa-4af7-b324-2bdfea76b639
		f1a93bb3-61c0-4cb4-b101-caba1edb8382
2018-11-13 00:03:22,136 41637  INFO  [9d9e60] Started processing user request. Id = 9d9e60f7-7377-43a0-ac78-bf5f452c3428. Size = 82.05 KB.
2018-11-13 00:03:22,136 41637  INFO  [9d9e60] Doing some complicated stuff.. Random numbers are: 70134507, 1340909246, 2132823759.
2018-11-13 00:03:22,158 41659  INFO  [bfabb6] Finished processing user request with id = bfabb6e9-3a73-42e7-8946-33c2c7519be6 in 00:00:00.0481535.
2018-11-13 00:03:22,165 41666  INFO  [9d9e60] Here's some useful guids:
		394c8c97-a7c0-4b6e-907a-8cdcb2b15508
		6abe7154-5157-4da5-9339-d5ebb55c6125
		e8ab98c4-90cb-4818-ba90-65158136d9fb
2018-11-13 00:03:22,171 41672  INFO  [d231d4] Started processing user request. Id = d231d487-a495-47d4-bb36-7e556901b02e. Size = 71.33 KB.
2018-11-13 00:03:22,174 41675  INFO  [d231d4] Doing some complicated stuff.. Random numbers are: 2058451674, 1666763696, 1947455665.
2018-11-13 00:03:22,175 41676  INFO  [9d9e60] Finished processing user request with id = 9d9e60f7-7377-43a0-ac78-bf5f452c3428 in 00:00:00.0392536.
2018-11-13 00:03:22,191 41692  INFO  [d231d4] Here's some useful guids:
		d4cf9fc2-015f-41d0-bc5a-fa7e789ef233
		23867970-bd85-4db5-8fda-5b1d861c6655
		332954bf-6919-4051-8b58-c03df1cff168
		904892c1-e7dc-4c0b-8eea-957db1c584ce
		713f2337-8774-4954-806d-2b16126cd20a
2018-11-13 00:03:22,200 41702  INFO  [d231d4] Finished processing user request with id = d231d487-a495-47d4-bb36-7e556901b02e in 00:00:00.0292738.
2018-11-13 00:03:22,207 41708  INFO  [8aa385] Started processing user request. Id = 8aa385dd-2f5e-49f5-9963-c58b2e86942f. Size = 67.72 KB.
2018-11-13 00:03:22,214 41715  INFO  [783bb8] Started processing user request. Id = 783bb806-4e26-444b-99c9-1aa50966d809. Size = 59.82 KB.
2018-11-13 00:03:22,220 41721  INFO  [783bb8] Doing some complicated stuff.. Random numbers are: 1259387605, 2016576747, 1196295563.
2018-11-13 00:03:22,223 41724  INFO  [8aa385] Doing some complicated stuff.. Random numbers are: 762310649, 284343507, 1622587670.
2018-11-13 00:03:22,228 41729  INFO  [BackgroundDaemon] Starting iteration #15541.
2018-11-13 00:03:22,234 41735  INFO  [8aa385] Here's some useful guids:
		c515fdc4-d997-4b44-a2b6-e82221bf0753
		6ed733b8-745d-4590-9f11-1f8a2e6c6688
		3aef46b1-1fa7-45e5-83d4-b6359b32e1d5
		bb4c906d-67de-4836-a497-e38621e984de
		89ec1d3c-e559-4e0e-98d5-f27099955fa9
2018-11-13 00:03:22,253 41754  INFO  [8aa385] Finished processing user request with id = 8aa385dd-2f5e-49f5-9963-c58b2e86942f in 00:00:00.0462080.
2018-11-13 00:03:22,254 41755  INFO  [783bb8] Finished processing user request with id = 783bb806-4e26-444b-99c9-1aa50966d809 in 00:00:00.0397560.
2018-11-13 00:03:22,257 41758  INFO  [BackgroundDaemon] Processing data (2% completed)..
2018-11-13 00:03:22,264 41765  INFO  [Metrics] Cpu: 0.41%; Memory: 19.79 GB/31.88 GB; Workers: 4/1024; IOCP: 0/1024
2018-11-13 00:03:22,267 41768  INFO  [82dc97] Started processing user request. Id = 82dc9750-ed4b-4b50-bc8f-a892137c02fc. Size = 80.4 KB.
2018-11-13 00:03:22,277 41778  INFO  [90135b] Started processing user request. Id = 90135be0-ca72-49ec-ac8d-db439032c951. Size = 47.99 KB.
2018-11-13 00:03:22,277 41778  INFO  [90135b] Doing some complicated stuff.. Random numbers are: 308422979, 1456321885, 515239728.
2018-11-13 00:03:22,284 41785  INFO  [c7b016] Started processing user request. Id = c7b01624-7231-4c0d-8255-5939ee14e75c. Size = 8.13 KB.
2018-11-13 00:03:22,285 41786  INFO  [82dc97] Doing some complicated stuff.. Random numbers are: 254104853, 1305041008, 1618301530.
2018-11-13 00:03:22,296 41798  INFO  [c7b016] Doing some complicated stuff.. Random numbers are: 1963364931, 1996747761, 295605442.
2018-11-13 00:03:22,312 41813  INFO  [90135b] Finished processing user request with id = 90135be0-ca72-49ec-ac8d-db439032c951 in 00:00:00.0345447.
2018-11-13 00:03:22,313 41814  INFO  [82dc97] Finished processing user request with id = 82dc9750-ed4b-4b50-bc8f-a892137c02fc in 00:00:00.0456236.
2018-11-13 00:03:22,326 41827  INFO  [a034ab] Started processing user request. Id = a034ab5d-cab9-4d65-9b21-d48e1acf40bf. Size = 2.73 KB.
2018-11-13 00:03:22,330 41831  INFO  [a034ab] Doing some complicated stuff.. Random numbers are: 1396787165, 1335959587, 1428857309.
2018-11-13 00:03:22,335 41836  INFO  [a034ab] Here's some useful guids:
		5c97d0a9-29c6-4521-8e44-b7f9364f81c0
		c1ccea56-a0f4-4a73-b7b0-ac500bba4f73
		34cfe510-0ac3-4aca-adb3-fc7109286726
		2265e4d1-2c17-4965-b999-ff07df2711fe
		4c53d80c-9029-4f10-97f4-b76ada99bbc1
2018-11-13 00:03:22,348 41849  INFO  [BackgroundDaemon] Processing data (39% completed)..
2018-11-13 00:03:22,350 41851  INFO  [a034ab] Finished processing user request with id = a034ab5d-cab9-4d65-9b21-d48e1acf40bf in 00:00:00.0242188.
2018-11-13 00:03:22,362 41863  INFO  [c7b016] Finished processing user request with id = c7b01624-7231-4c0d-8255-5939ee14e75c in 00:00:00.0773434.
2018-11-13 00:03:22,364 41865  INFO  [cb823b] Started processing user request. Id = cb823b96-19c8-4b5a-9ae9-7451d4cc6c30. Size = 3.63 KB.
2018-11-13 00:03:22,370 41871  INFO  [cb823b] Doing some complicated stuff.. Random numbers are: 162079579, 828345374, 1204542156.
2018-11-13 00:03:22,393 41894  INFO  [2000f1] Started processing user request. Id = 2000f147-6dec-4f53-8a09-440928f96fb7. Size = 5.9 KB.
2018-11-13 00:03:22,404 41905  INFO  [cb823b] Here's some useful guids:
		be35ff93-d1da-4aea-8231-87f5735a3227
2018-11-13 00:03:22,412 41913  INFO  [2000f1] Doing some complicated stuff.. Random numbers are: 974584629, 629114365, 1873080491.
2018-11-13 00:03:22,426 41927  INFO  [cb823b] Finished processing user request with id = cb823b96-19c8-4b5a-9ae9-7451d4cc6c30 in 00:00:00.0621306.
2018-11-13 00:03:22,440 41941  INFO  [0592a3] Started processing user request. Id = 0592a360-cd48-4657-bbc6-958814a30652. Size = 41.58 KB.
2018-11-13 00:03:22,446 41947  INFO  [BackgroundDaemon] Processing data (89% completed)..
2018-11-13 00:03:22,446 41947  INFO  [BackgroundDaemon] Finished iteration in 00:00:00.2175331.
2018-11-13 00:03:22,459 41960  INFO  [0592a3] Doing some complicated stuff.. Random numbers are: 1752446422, 1167415955, 1016109757.
2018-11-13 00:03:22,462 41963  INFO  [2000f1] Finished processing user request with id = 2000f147-6dec-4f53-8a09-440928f96fb7 in 00:00:00.0690768.
2018-11-13 00:03:22,479 41980  INFO  [111478] Started processing user request. Id = 11147812-7b4c-4c50-9b9a-f09912e44001. Size = 28.47 KB.
2018-11-13 00:03:22,481 41982  INFO  [0592a3] Finished processing user request with id = 0592a360-cd48-4657-bbc6-958814a30652 in 00:00:00.0412486.
2018-11-13 00:03:22,485 41986  INFO  [111478] Doing some complicated stuff.. Random numbers are: 1640776534, 1577493088, 563053787.
2018-11-13 00:03:22,493 41994  INFO  [af4f22] Started processing user request. Id = af4f22d0-d93f-4cb0-b703-2c8730f67da8. Size = 77 KB.
2018-11-13 00:03:22,495 41996  INFO  [af4f22] Doing some complicated stuff.. Random numbers are: 687283168, 377174791, 1142806649.
2018-11-13 00:03:22,495 41996  INFO  [5be0a5] Started processing user request. Id = 5be0a526-fdac-4c8a-ac1a-7c08ce0d12eb. Size = 20.12 KB.
2018-11-13 00:03:22,499 42000  INFO  [5be0a5] Doing some complicated stuff.. Random numbers are: 481108453, 642744566, 876992737.
2018-11-13 00:03:22,519 42020  INFO  [111478] Here's some useful guids:
		0ab05567-c277-4944-b0e3-25304e6e98a9
		1e3a5d1e-a182-4069-b46d-da393aadb413
		8906853e-cefc-48a9-9400-6569768a25b1
2018-11-13 00:03:22,533 42034  INFO  [af4f22] Finished processing user request with id = af4f22d0-d93f-4cb0-b703-2c8730f67da8 in 00:00:00.0399689.
2018-11-13 00:03:22,534 42035  INFO  [111478] Finished processing user request with id = 11147812-7b4c-4c50-9b9a-f09912e44001 in 00:00:00.0552237.
2018-11-13 00:03:22,538 42039  INFO  [5be0a5] Here's some useful guids:
		6c0bb3f2-3c41-44d7-b22e-1de2bdea0495
		4c5e005a-2cf3-49a9-ac50-cfc740bc3679
		27def3ec-d26f-4997-adbb-a57d8fdb35f3
		127dfe0c-a2ef-42a5-b879-8cc4c517fa0b
		91f58c6b-643f-434b-bf57-a8c6fa0a021d
2018-11-13 00:03:22,565 42066  INFO  [3d76b8] Started processing user request. Id = 3d76b8f9-c508-410d-b295-9b8ff2c368b8. Size = 55.96 KB.
2018-11-13 00:03:22,568 42069  INFO  [5be0a5] Finished processing user request with id = 5be0a526-fdac-4c8a-ac1a-7c08ce0d12eb in 00:00:00.0727397.
2018-11-13 00:03:22,573 42074  INFO  [3d76b8] Doing some complicated stuff.. Random numbers are: 1182589614, 1826434596, 40237567.
2018-11-13 00:03:22,576 42077  INFO  [3d76b8] Finished processing user request with id = 3d76b8f9-c508-410d-b295-9b8ff2c368b8 in 00:00:00.0109780.
2018-11-13 00:03:22,581 42082  INFO  [40a6a3] Started processing user request. Id = 40a6a330-7192-4d69-a21f-55b5d5182fde. Size = 46.8 KB.
2018-11-13 00:03:22,590 42091  INFO  [40a6a3] Doing some complicated stuff.. Random numbers are: 1314167845, 1483634998, 762117805.
2018-11-13 00:03:22,607 42108  INFO  [3218a7] Started processing user request. Id = 3218a75d-c82c-4109-b72d-f8da160609f5. Size = 8.79 KB.
2018-11-13 00:03:22,609 42110  INFO  [3218a7] Doing some complicated stuff.. Random numbers are: 1045303804, 38619592, 1707481999.
2018-11-13 00:03:22,623 42124  INFO  [40a6a3] Here's some useful guids:
		65dde0d8-fd28-41e5-a4bc-3c501a664bb1
		d09402bf-05cd-49a5-9a3b-a701293953c5
		9ceee03c-f67e-49bf-98fb-5670c840b89e
		590c8133-c2e1-4962-a5eb-c2a6350a115a
2018-11-13 00:03:22,627 42128  INFO  [3218a7] Finished processing user request with id = 3218a75d-c82c-4109-b72d-f8da160609f5 in 00:00:00.0201376.
2018-11-13 00:03:22,640 42141  INFO  [40a6a3] Finished processing user request with id = 40a6a330-7192-4d69-a21f-55b5d5182fde in 00:00:00.0590919.
2018-11-13 00:03:22,646 42147  INFO  [BackgroundDaemon] Starting iteration #15542.
2018-11-13 00:03:22,653 42154  INFO  [36cb1d] Started processing user request. Id = 36cb1d28-a63e-4158-8c8c-43e9e5ddb74b. Size = 72.03 KB.
2018-11-13 00:03:22,658 42159  INFO  [dd0217] Started processing user request. Id = dd021711-b256-4483-97b9-68a076da20b6. Size = 23.18 KB.
2018-11-13 00:03:22,665 42166  INFO  [36cb1d] Doing some complicated stuff.. Random numbers are: 880710903, 2030267304, 2121058635.
2018-11-13 00:03:22,670 42171  INFO  [dd0217] Doing some complicated stuff.. Random numbers are: 1036713805, 730577935, 2125466998.
2018-11-13 00:03:22,682 42183  INFO  [36cb1d] Here's some useful guids:
		e9e3f62b-6141-4d3d-91c3-e674066d1275
		8f3effcf-145f-44dd-8e40-5c2411bb1d4b
		23230def-3722-46fa-8261-638395856532
2018-11-13 00:03:22,686 42187  INFO  [36cb1d] Finished processing user request with id = 36cb1d28-a63e-4158-8c8c-43e9e5ddb74b in 00:00:00.0326098.
2018-11-13 00:03:22,695 42196  INFO  [dd0217] Finished processing user request with id = dd021711-b256-4483-97b9-68a076da20b6 in 00:00:00.0367258.
2018-11-13 00:03:22,699 42200  INFO  [67c811] Started processing user request. Id = 67c811c6-3816-4642-8b4e-6afad9936b5d. Size = 57.01 KB.
2018-11-13 00:03:22,702 42203  INFO  [c6dc29] Started processing user request. Id = c6dc2933-afd5-45ca-affe-61810fdc70d5. Size = 54.55 KB.
2018-11-13 00:03:22,704 42205  INFO  [67c811] Doing some complicated stuff.. Random numbers are: 1858763203, 905144614, 623790107.
2018-11-13 00:03:22,710 42211  INFO  [c6dc29] Doing some complicated stuff.. Random numbers are: 736489690, 1663119034, 2044194639.
2018-11-13 00:03:22,727 42228  INFO  [082b2b] Started processing user request. Id = 082b2b62-c0f2-406c-8e11-71a56758b03c. Size = 8.73 KB.
2018-11-13 00:03:22,728 42229  INFO  [BackgroundDaemon] Processing data (5% completed)..
2018-11-13 00:03:22,733 42234  INFO  [67c811] Finished processing user request with id = 67c811c6-3816-4642-8b4e-6afad9936b5d in 00:00:00.0339585.
2018-11-13 00:03:22,738 42239  INFO  [c6dc29] Finished processing user request with id = c6dc2933-afd5-45ca-affe-61810fdc70d5 in 00:00:00.0361311.
2018-11-13 00:03:22,745 42246  INFO  [082b2b] Doing some complicated stuff.. Random numbers are: 233553945, 551922840, 308999093.
2018-11-13 00:03:22,746 42247  INFO  [2ae850] Started processing user request. Id = 2ae85097-1df0-4ad3-93b1-e2cbbca804cf. Size = 41.25 KB.
2018-11-13 00:03:22,756 42257  INFO  [BackgroundDaemon] Processing data (48% completed)..
2018-11-13 00:03:22,757 42258  INFO  [2ae850] Doing some complicated stuff.. Random numbers are: 2021799762, 387861501, 1117176345.
2018-11-13 00:03:22,764 42265  INFO  [Metrics] Cpu: 0.41%; Memory: 19.79 GB/31.88 GB; Workers: 4/1024; IOCP: 0/1024
2018-11-13 00:03:22,788 42289  INFO  [082b2b] Finished processing user request with id = 082b2b62-c0f2-406c-8e11-71a56758b03c in 00:00:00.0610400.
2018-11-13 00:03:22,792 42293  INFO  [2ae850] Finished processing user request with id = 2ae85097-1df0-4ad3-93b1-e2cbbca804cf in 00:00:00.0455617.
2018-11-13 00:03:22,805 42306  INFO  [0bede8] Started processing user request. Id = 0bede8b6-fa71-40cd-b1a5-c358865feb6d. Size = 45.26 KB.
2018-11-13 00:03:22,819 42320  INFO  [e2f495] Started processing user request. Id = e2f49596-72d2-49c8-926f-22a98d62e793. Size = 32.07 KB.
2018-11-13 00:03:22,819 42320  INFO  [0bede8] Doing some complicated stuff.. Random numbers are: 653574928, 731684244, 593030231.
2018-11-13 00:03:22,824 42325  INFO  [e2f495] Doing some complicated stuff.. Random numbers are: 1947888444, 952939151, 1058726379.
2018-11-13 00:03:22,837 42338  INFO  [BackgroundDaemon] Processing data (62% completed)..
2018-11-13 00:03:22,837 42338  INFO  [BackgroundDaemon] Finished iteration in 00:00:00.1909545.
2018-11-13 00:03:22,841 42342  INFO  [0bede8] Finished processing user request with id = 0bede8b6-fa71-40cd-b1a5-c358865feb6d in 00:00:00.0358757.
2018-11-13 00:03:22,854 42355  INFO  [498867] Started processing user request. Id = 49886777-8a63-4b4c-aab0-5dc4f919b46d. Size = 27.34 KB.
2018-11-13 00:03:22,860 42361  INFO  [498867] Doing some complicated stuff.. Random numbers are: 2093931147, 1961103956, 1366801374.
2018-11-13 00:03:22,877 42378  INFO  [e2f495] Finished processing user request with id = e2f49596-72d2-49c8-926f-22a98d62e793 in 00:00:00.0581002.
2018-11-13 00:03:22,895 42397  INFO  [498867] Finished processing user request with id = 49886777-8a63-4b4c-aab0-5dc4f919b46d in 00:00:00.0413947.
2018-11-13 00:03:22,906 42407  INFO  [65796b] Started processing user request. Id = 65796b4d-fd91-4302-a726-1a15e4e89ba1. Size = 94.83 KB.
2018-11-13 00:03:22,909 42410  INFO  [0bd39e] Started processing user request. Id = 0bd39e3f-5ac0-4494-95f0-1a55ffbeeead. Size = 58.84 KB.
2018-11-13 00:03:22,909 42410  INFO  [908d0a] Started processing user request. Id = 908d0a37-9d64-42e3-adf3-152a1310f6f7. Size = 12.13 KB.
2018-11-13 00:03:22,910 42411  INFO  [65796b] Doing some complicated stuff.. Random numbers are: 257175436, 1118120824, 623437954.
2018-11-13 00:03:22,913 42414  INFO  [0bd39e] Doing some complicated stuff.. Random numbers are: 859844891, 741989140, 14483524.
2018-11-13 00:03:22,921 42422  INFO  [0bd39e] Here's some useful guids:
		8eede1d1-3975-4bd4-80fd-babf944a968b
2018-11-13 00:03:22,923 42424  INFO  [0bd39e] Finished processing user request with id = 0bd39e3f-5ac0-4494-95f0-1a55ffbeeead in 00:00:00.0147935.
2018-11-13 00:03:22,924 42425  INFO  [908d0a] Doing some complicated stuff.. Random numbers are: 553913696, 240083368, 1122958211.
2018-11-13 00:03:22,934 42435  INFO  [908d0a] Here's some useful guids:
		caa2aea3-64ed-45d6-9d51-b1888e4f69af
		4c0fa0c5-320a-4594-a5fd-8dccad09e7cc
		93d67dea-fce0-4ebb-996e-63110b005db7
2018-11-13 00:03:22,936 42438  INFO  [891ad2] Started processing user request. Id = 891ad2f6-9d09-46f6-9482-f8c18228e04f. Size = 39.75 KB.
2018-11-13 00:03:22,954 42455  INFO  [891ad2] Doing some complicated stuff.. Random numbers are: 1470656326, 633025887, 1334830394.
2018-11-13 00:03:22,957 42458  INFO  [908d0a] Finished processing user request with id = 908d0a37-9d64-42e3-adf3-152a1310f6f7 in 00:00:00.0485458.
2018-11-13 00:03:22,957 42458  INFO  [65796b] Finished processing user request with id = 65796b4d-fd91-4302-a726-1a15e4e89ba1 in 00:00:00.0515856.
2018-11-13 00:03:22,988 42489  INFO  [b8d1e1] Started processing user request. Id = b8d1e1f9-6c47-493f-b490-a6f4d173f369. Size = 22.58 KB.
2018-11-13 00:03:22,996 42497  INFO  [b8d1e1] Doing some complicated stuff.. Random numbers are: 2061015376, 203508281, 2049369580.
2018-11-13 00:03:22,996 42497  INFO  [891ad2] Finished processing user request with id = 891ad2f6-9d09-46f6-9482-f8c18228e04f in 00:00:00.0597233.
2018-11-13 00:03:23,010 42511  INFO  [348278] Started processing user request. Id = 34827806-494b-41a9-89da-03dfa7f46ba7. Size = 23.57 KB.
2018-11-13 00:03:23,018 42520  INFO  [b8d1e1] Finished processing user request with id = b8d1e1f9-6c47-493f-b490-a6f4d173f369 in 00:00:00.0302280.
2018-11-13 00:03:23,029 42531  INFO  [348278] Doing some complicated stuff.. Random numbers are: 1749192415, 1356729825, 1441180305.
2018-11-13 00:03:23,037 42539  INFO  [BackgroundDaemon] Starting iteration #15543.
2018-11-13 00:03:23,050 42551  INFO  [1c6340] Started processing user request. Id = 1c63401c-97ac-4a95-bfd6-6300aa765e93. Size = 81.71 KB.
2018-11-13 00:03:23,058 42559  INFO  [348278] Finished processing user request with id = 34827806-494b-41a9-89da-03dfa7f46ba7 in 00:00:00.0480133.
2018-11-13 00:03:23,065 42566  INFO  [BackgroundDaemon] Processing data (7% completed)..
2018-11-13 00:03:23,070 42571  INFO  [1c6340] Doing some complicated stuff.. Random numbers are: 1487857486, 718557390, 913709161.
2018-11-13 00:03:23,072 42573  INFO  [7e57b3] Started processing user request. Id = 7e57b32d-c1f1-4844-b6cb-0a892e874787. Size = 49.76 KB.
2018-11-13 00:03:23,089 42590  INFO  [7e57b3] Doing some complicated stuff.. Random numbers are: 249014394, 734811644, 935695347.
2018-11-13 00:03:23,092 42593  INFO  [7e57b3] Here's some useful guids:
		9dd1eb9f-fd2b-468e-ade0-27c60e390f37
		158306c4-3642-4da4-b18c-795034740133
		a894824f-d077-4e61-b635-e14d9f4efc76
		f4324152-c848-4235-8994-edbb2bcddd32
2018-11-13 00:03:23,100 42601  INFO  [1c6340] Here's some useful guids:
		835b2ab2-da28-4c55-980c-6c307dd3ac03
2018-11-13 00:03:23,109 42611  INFO  [1c6340] Finished processing user request with id = 1c63401c-97ac-4a95-bfd6-6300aa765e93 in 00:00:00.0594690.
2018-11-13 00:03:23,116 42617  INFO  [BackgroundDaemon] Processing data (48% completed)..
2018-11-13 00:03:23,118 42620  INFO  [7e57b3] Finished processing user request with id = 7e57b32d-c1f1-4844-b6cb-0a892e874787 in 00:00:00.0465626.
2018-11-13 00:03:23,125 42626  INFO  [5a1b95] Started processing user request. Id = 5a1b95e9-ce78-4a9d-ac79-460ad9a9761c. Size = 70.23 KB.
2018-11-13 00:03:23,128 42629  INFO  [5a1b95] Doing some complicated stuff.. Random numbers are: 1002974728, 366287444, 1824493687.
2018-11-13 00:03:23,132 42633  INFO  [f53a8d] Started processing user request. Id = f53a8dfc-b5cc-492c-b3d6-89ab65200355. Size = 70.38 KB.
2018-11-13 00:03:23,134 42635  INFO  [f53a8d] Doing some complicated stuff.. Random numbers are: 567059560, 295117240, 10526681.
2018-11-13 00:03:23,141 42642  INFO  [fad1d5] Started processing user request. Id = fad1d58d-c0f8-449f-99e8-f8f78f18fa37. Size = 5.64 KB.
2018-11-13 00:03:23,143 42644  INFO  [5a1b95] Here's some useful guids:
		2f2e34b3-400c-4e6c-ab08-d27fd6c3177b
2018-11-13 00:03:23,151 42652  INFO  [BackgroundDaemon] Processing data (91% completed)..
2018-11-13 00:03:23,151 42652  INFO  [BackgroundDaemon] Finished iteration in 00:00:00.1134230.
2018-11-13 00:03:23,154 42655  INFO  [fad1d5] Doing some complicated stuff.. Random numbers are: 1595755474, 673130956, 62733726.
2018-11-13 00:03:23,155 42656  INFO  [5a1b95] Finished processing user request with id = 5a1b95e9-ce78-4a9d-ac79-460ad9a9761c in 00:00:00.0302137.
2018-11-13 00:03:23,173 42674  INFO  [f53a8d] Here's some useful guids:
		723fd404-077e-4f5e-ae23-f0c17a68fa87
		239d3db9-4ef9-41a9-b87c-636d7cf2cd33
		a937cdb6-b64c-4e60-bdfb-580bc835323a
		861b0c55-94be-46ce-a1ed-1ae36ac9abed
		09d7cf5f-050a-4cea-a843-c8ba0ed0ca90
2018-11-13 00:03:23,179 42680  INFO  [fad1d5] Here's some useful guids:
		08d799c4-7a3e-4d76-8c16-6ed37861dc53
		a36eefe9-6878-4c4a-9c30-773cf129df9d
2018-11-13 00:03:23,190 42691  INFO  [f53a8d] Finished processing user request with id = f53a8dfc-b5cc-492c-b3d6-89ab65200355 in 00:00:00.0582875.
2018-11-13 00:03:23,203 42704  INFO  [1f32c9] Started processing user request. Id = 1f32c9fa-7d78-45b5-b74b-49b5c5e2cc22. Size = 34.69 KB.
2018-11-13 00:03:23,206 42707  INFO  [1f32c9] Doing some complicated stuff.. Random numbers are: 1469907799, 950495779, 2134258602.
2018-11-13 00:03:23,208 42709  INFO  [fad1d5] Finished processing user request with id = fad1d58d-c0f8-449f-99e8-f8f78f18fa37 in 00:00:00.0673079.
2018-11-13 00:03:23,240 42741  INFO  [1f32c9] Here's some useful guids:
		bbcb4662-4048-4441-b2e3-c01dda6485ac
		e05a524f-125d-48a0-b446-e9933cb13905
		a7b9d976-5908-4a02-8477-14a4d80c69ef
		7b2bea20-8d69-4fa2-9f37-51cbb367021b
2018-11-13 00:03:23,240 42741  INFO  [cc5bf4] Started processing user request. Id = cc5bf456-99c3-45bb-94f1-3ee3b995e18c. Size = 85.31 KB.
2018-11-13 00:03:23,257 42758  INFO  [1f32c9] Finished processing user request with id = 1f32c9fa-7d78-45b5-b74b-49b5c5e2cc22 in 00:00:00.0540234.
2018-11-13 00:03:23,257 42758  INFO  [cc5bf4] Doing some complicated stuff.. Random numbers are: 1275911053, 1452042, 1877601336.
2018-11-13 00:03:23,263 42765  INFO  [cc5bf4] Here's some useful guids:
		3c724e6e-d094-4129-8432-4f6b1e38cdbb
		9d3d3998-ca28-44f8-8434-c75123c20046
2018-11-13 00:03:23,263 42765  INFO  [Metrics] Cpu: 2.66%; Memory: 19.79 GB/31.88 GB; Workers: 4/1024; IOCP: 0/1024
2018-11-13 00:03:23,267 42769  ERROR [cc5bf4] 
System.InvalidOperationException: Oh no! An error occurred!
2018-11-13 00:03:23,271 42773  INFO  [13bbc0] Started processing user request. Id = 13bbc0f2-cfb7-459e-92f2-e1a5d59b8b64. Size = 10.45 KB.
2018-11-13 00:03:23,281 42782  INFO  [13bbc0] Doing some complicated stuff.. Random numbers are: 1197166993, 825985342, 1356523067.
2018-11-13 00:03:23,290 42791  INFO  [13bbc0] Finished processing user request with id = 13bbc0f2-cfb7-459e-92f2-e1a5d59b8b64 in 00:00:00.0180667.
2018-11-13 00:03:23,299 42800  INFO  [52f98e] Started processing user request. Id = 52f98e4f-a4ba-4496-acb3-8b86b7b29345. Size = 1.06 KB.
2018-11-13 00:03:23,304 42805  INFO  [5f262e] Started processing user request. Id = 5f262e08-e878-4ee5-a0e6-3a8c9d04bcd7. Size = 61.49 KB.
2018-11-13 00:03:23,309 42810  INFO  [5f262e] Doing some complicated stuff.. Random numbers are: 655135, 1896652555, 1796037745.
2018-11-13 00:03:23,315 42816  INFO  [52f98e] Doing some complicated stuff.. Random numbers are: 1373075188, 1096916942, 1811990605.
2018-11-13 00:03:23,323 42824  INFO  [55bf52] Started processing user request. Id = 55bf52cf-3f0b-47dc-bb5d-f4f4fe73d9e3. Size = 88.36 KB.
2018-11-13 00:03:23,338 42840  INFO  [55bf52] Doing some complicated stuff.. Random numbers are: 461417787, 1505175689, 583572916.
2018-11-13 00:03:23,339 42841  INFO  [52f98e] Here's some useful guids:
		192ebb20-c370-4427-9114-1fbda2f8a15f
		7e9803bc-5819-45a6-b79c-27a469920f84
		883ae477-ac2d-4af2-ba7b-bd4196c5daaf
2018-11-13 00:03:23,351 42853  INFO  [BackgroundDaemon] Starting iteration #15544.
2018-11-13 00:03:23,364 42866  INFO  [52f98e] Finished processing user request with id = 52f98e4f-a4ba-4496-acb3-8b86b7b29345 in 00:00:00.0659707.
2018-11-13 00:03:23,365 42867  INFO  [5f262e] Finished processing user request with id = 5f262e08-e878-4ee5-a0e6-3a8c9d04bcd7 in 00:00:00.0619244.
2018-11-13 00:03:23,369 42871  INFO  [55bf52] Finished processing user request with id = 55bf52cf-3f0b-47dc-bb5d-f4f4fe73d9e3 in 00:00:00.0469394.
2018-11-13 00:03:23,379 42881  INFO  [85f16f] Started processing user request. Id = 85f16fd4-ca85-47dc-bb36-faf6b37a2cca. Size = 79.46 KB.
2018-11-13 00:03:23,392 42894  INFO  [85f16f] Doing some complicated stuff.. Random numbers are: 980765697, 770249913, 2019857544.
2018-11-13 00:03:23,396 42898  INFO  [0f50a6] Started processing user request. Id = 0f50a683-ee6e-4569-9334-5cffc98dfaae. Size = 19.33 KB.
2018-11-13 00:03:23,400 42902  INFO  [0f50a6] Doing some complicated stuff.. Random numbers are: 267174810, 1626333857, 1580039454.
2018-11-13 00:03:23,407 42908  INFO  [0f50a6] Here's some useful guids:
		5bd8e365-522f-4418-a178-ebc5947baa2d
2018-11-13 00:03:23,407 42908  INFO  [BackgroundDaemon] Processing data (10% completed)..
2018-11-13 00:03:23,418 42920  INFO  [85f16f] Here's some useful guids:
		36a9d47b-1699-4ad8-9635-c2b15c9eb780
		56b3831d-62b7-42f4-8b93-d156dea8fc1e
2018-11-13 00:03:23,424 42926  INFO  [85f16f] Finished processing user request with id = 85f16fd4-ca85-47dc-bb36-faf6b37a2cca in 00:00:00.0450110.
2018-11-13 00:03:23,435 42936  INFO  [0f50a6] Finished processing user request with id = 0f50a683-ee6e-4569-9334-5cffc98dfaae in 00:00:00.0380073.
2018-11-13 00:03:23,439 42940  INFO  [43573c] Started processing user request. Id = 43573cbf-e1c4-4b9b-b916-b2ef2845e486. Size = 34.19 KB.
2018-11-13 00:03:23,450 42951  INFO  [43573c] Doing some complicated stuff.. Random numbers are: 1834603959, 662424157, 134398206.
2018-11-13 00:03:23,457 42958  INFO  [43573c] Here's some useful guids:
		6d18f866-2642-4d3a-b924-df300ed6eaa7
		ae866e6b-3e61-468c-bd26-dd7ad6833d42
2018-11-13 00:03:23,467 42968  INFO  [e2bdba] Started processing user request. Id = e2bdba0b-2558-4b22-873c-555e72eb894a. Size = 64.43 KB.
2018-11-13 00:03:23,469 42970  INFO  [e2bdba] Doing some complicated stuff.. Random numbers are: 1575851803, 1671926548, 466306003.
2018-11-13 00:03:23,469 42970  INFO  [e2bdba] Here's some useful guids:
		2366494b-4164-4224-9a0c-843e1a817689
		bce36cfb-aecb-4ba2-81d3-7766bff67c9a
		582989aa-5340-4da6-96e2-25115d00638c
		bd1b3865-45cc-4a4b-8ade-7e28535a79b4
2018-11-13 00:03:23,473 42974  INFO  [43573c] Finished processing user request with id = 43573cbf-e1c4-4b9b-b916-b2ef2845e486 in 00:00:00.0347722.
2018-11-13 00:03:23,483 42984  INFO  [e2bdba] Finished processing user request with id = e2bdba0b-2558-4b22-873c-555e72eb894a in 00:00:00.0167005.
2018-11-13 00:03:23,487 42988  INFO  [2f23db] Started processing user request. Id = 2f23db12-94c1-46d6-9b1b-9a694412d15b. Size = 49.64 KB.
2018-11-13 00:03:23,500 43001  INFO  [BackgroundDaemon] Processing data (32% completed)..
2018-11-13 00:03:23,504 43005  INFO  [2f23db] Doing some complicated stuff.. Random numbers are: 688924783, 325547411, 915332886.
2018-11-13 00:03:23,515 43016  INFO  [a606a1] Started processing user request. Id = a606a185-bfd5-4fa1-8338-4ac45f3d9307. Size = 67.03 KB.
2018-11-13 00:03:23,521 43022  INFO  [BackgroundDaemon] Processing data (95% completed)..
2018-11-13 00:03:23,521 43022  INFO  [BackgroundDaemon] Finished iteration in 00:00:00.1693626.
2018-11-13 00:03:23,535 43036  INFO  [a606a1] Doing some complicated stuff.. Random numbers are: 2078933377, 773412378, 1678592474.
2018-11-13 00:03:23,537 43038  INFO  [0bfd60] Started processing user request. Id = 0bfd60cd-3504-4aec-bc56-ddae0ce69941. Size = 25.77 KB.
2018-11-13 00:03:23,541 43042  INFO  [0bfd60] Doing some complicated stuff.. Random numbers are: 177293578, 759332795, 1527728555.
2018-11-13 00:03:23,547 43048  INFO  [a606a1] Here's some useful guids:
		73f60a17-420e-4ca1-b843-4633b94bbeda
		f11cc469-d13e-47d1-9754-95ddcf8a5c87
2018-11-13 00:03:23,552 43053  INFO  [2f23db] Finished processing user request with id = 2f23db12-94c1-46d6-9b1b-9a694412d15b in 00:00:00.0648167.
2018-11-13 00:03:23,553 43054  INFO  [0bfd60] Here's some useful guids:
		ffff041e-58a9-44e6-af95-5d6e0062eaef
		fbf2b3cb-b53e-43ca-a6bc-d7e8a6eea988
		5e09cc97-78b3-4d4a-a24a-eb394ff111f4
		c256555b-0046-4249-b094-db37d13920c1
2018-11-13 00:03:23,558 43059  INFO  [0bfd60] Finished processing user request with id = 0bfd60cd-3504-4aec-bc56-ddae0ce69941 in 00:00:00.0215916.
2018-11-13 00:03:23,561 43062  INFO  [a606a1] Finished processing user request with id = a606a185-bfd5-4fa1-8338-4ac45f3d9307 in 00:00:00.0459468.
2018-11-13 00:03:23,566 43067  INFO  [683aa9] Started processing user request. Id = 683aa93c-46b0-4143-ba6d-cfb4c7bf5055. Size = 83.24 KB.
2018-11-13 00:03:23,581 43082  INFO  [683aa9] Doing some complicated stuff.. Random numbers are: 528808859, 1864469615, 736685560.
2018-11-13 00:03:23,592 43093  INFO  [35c553] Started processing user request. Id = 35c553cb-91eb-4494-bdc4-a1740d880bdb. Size = 19.77 KB.
2018-11-13 00:03:23,609 43110  INFO  [35c553] Doing some complicated stuff.. Random numbers are: 1045200746, 1323879585, 402201954.
2018-11-13 00:03:23,629 43130  INFO  [683aa9] Finished processing user request with id = 683aa93c-46b0-4143-ba6d-cfb4c7bf5055 in 00:00:00.0633663.
2018-11-13 00:03:23,642 43144  INFO  [a97fd9] Started processing user request. Id = a97fd999-c3b1-4e36-b2ae-b812203a67a6. Size = 52.19 KB.
2018-11-13 00:03:23,661 43162  INFO  [a97fd9] Doing some complicated stuff.. Random numbers are: 98963106, 580492204, 2106550180.
2018-11-13 00:03:23,663 43164  INFO  [35c553] Finished processing user request with id = 35c553cb-91eb-4494-bdc4-a1740d880bdb in 00:00:00.0707318.
2018-11-13 00:03:23,686 43187  INFO  [a97fd9] Finished processing user request with id = a97fd999-c3b1-4e36-b2ae-b812203a67a6 in 00:00:00.0436392.
2018-11-13 00:03:23,694 43195  INFO  [0d427e] Started processing user request. Id = 0d427e76-ff61-44c8-af67-8da5a988f7fb. Size = 73.2 KB.
2018-11-13 00:03:23,700 43201  INFO  [6b7ee9] Started processing user request. Id = 6b7ee9bb-c94c-4cd9-b722-913291f874af. Size = 87.63 KB.
2018-11-13 00:03:23,707 43208  INFO  [0d427e] Doing some complicated stuff.. Random numbers are: 2131556914, 937425309, 1400721791.
2018-11-13 00:03:23,718 43220  INFO  [6b7ee9] Doing some complicated stuff.. Random numbers are: 1563708448, 1776265398, 904050905.
2018-11-13 00:03:23,719 43221  INFO  [0d427e] Finished processing user request with id = 0d427e76-ff61-44c8-af67-8da5a988f7fb in 00:00:00.0256777.
2018-11-13 00:03:23,722 43223  INFO  [BackgroundDaemon] Starting iteration #15545.
2018-11-13 00:03:23,726 43227  INFO  [43dc7d] Started processing user request. Id = 43dc7dd5-c0d5-4058-940a-e147dc116ee7. Size = 46.49 KB.
2018-11-13 00:03:23,726 43227  INFO  [43dc7d] Doing some complicated stuff.. Random numbers are: 1571950252, 587030558, 120394412.
2018-11-13 00:03:23,727 43228  INFO  [6b7ee9] Here's some useful guids:
		1e46e858-3b2c-46d8-b31e-409bd1b405ef
		81fca179-fc86-40d4-96cc-79e8be6b0e06
2018-11-13 00:03:23,751 43252  INFO  [719197] Started processing user request. Id = 71919767-921e-458d-9310-a7ed53d1237a. Size = 28.82 KB.
2018-11-13 00:03:23,756 43257  INFO  [6b7ee9] Finished processing user request with id = 6b7ee9bb-c94c-4cd9-b722-913291f874af in 00:00:00.0563131.
2018-11-13 00:03:23,758 43259  INFO  [43dc7d] Here's some useful guids:
		193e65cd-2093-4599-9993-257714993ba7
		033589ab-d0a5-4133-ac19-eddc207a8508
		df6250f3-346b-453b-a09d-d62250cd5c1d
		68fb1233-adc3-4d6e-9d1b-d1aff90ea1e0
		d40e11ad-b339-4785-8aa3-c95f79911c00
2018-11-13 00:03:23,763 43264  INFO  [Metrics] Cpu: 2.66%; Memory: 19.79 GB/31.88 GB; Workers: 4/1024; IOCP: 0/1024
2018-11-13 00:03:23,767 43268  INFO  [719197] Doing some complicated stuff.. Random numbers are: 511008965, 1586089535, 2086671882.
2018-11-13 00:03:23,769 43270  INFO  [43dc7d] Finished processing user request with id = 43dc7dd5-c0d5-4058-940a-e147dc116ee7 in 00:00:00.0431811.
2018-11-13 00:03:23,769 43270  INFO  [489a61] Started processing user request. Id = 489a61fe-6742-4a3b-879d-cbb7a7b932a9. Size = 29.94 KB.
2018-11-13 00:03:23,779 43280  INFO  [BackgroundDaemon] Processing data (16% completed)..
2018-11-13 00:03:23,787 43289  INFO  [489a61] Doing some complicated stuff.. Random numbers are: 2090221779, 1755689036, 2116060265.
2018-11-13 00:03:23,791 43292  INFO  [489a61] Here's some useful guids:
		d627c529-afde-4186-a20e-b2f5d8bf5a64
		5866bf9a-7188-4c11-9669-e1bfcb5af192
		4082969f-4f61-477d-8e46-5a77ce56e363
		60af87ad-eb17-4e7f-9517-8c546e530737
		0acc81ab-7db4-456f-8f87-6aa3270e40e5
2018-11-13 00:03:23,795 43296  INFO  [489a61] Finished processing user request with id = 489a61fe-6742-4a3b-879d-cbb7a7b932a9 in 00:00:00.0252191.
2018-11-13 00:03:23,796 43297  INFO  [719197] Finished processing user request with id = 71919767-921e-458d-9310-a7ed53d1237a in 00:00:00.0449409.
2018-11-13 00:03:23,808 43309  INFO  [48f98e] Started processing user request. Id = 48f98e18-f890-4df5-80f0-01b014e17f10. Size = 50.18 KB.
2018-11-13 00:03:23,815 43316  INFO  [48f98e] Doing some complicated stuff.. Random numbers are: 297188389, 1895045218, 561455130.
2018-11-13 00:03:23,827 43328  INFO  [9b1a5b] Started processing user request. Id = 9b1a5bc1-34ea-4f73-ae26-25c55e7155e7. Size = 75.01 KB.
2018-11-13 00:03:23,846 43347  INFO  [9b1a5b] Doing some complicated stuff.. Random numbers are: 988507330, 187574580, 546857038.
2018-11-13 00:03:23,868 43369  INFO  [48f98e] Finished processing user request with id = 48f98e18-f890-4df5-80f0-01b014e17f10 in 00:00:00.0607148.
2018-11-13 00:03:23,869 43370  INFO  [BackgroundDaemon] Processing data (30% completed)..
2018-11-13 00:03:23,878 43379  INFO  [9b1a5b] Finished processing user request with id = 9b1a5bc1-34ea-4f73-ae26-25c55e7155e7 in 00:00:00.0511138.
2018-11-13 00:03:23,882 43383  INFO  [83dabc] Started processing user request. Id = 83dabcb1-e264-4946-9188-971836d3f1c4. Size = 83.68 KB.
2018-11-13 00:03:23,889 43390  INFO  [83dabc] Doing some complicated stuff.. Random numbers are: 938716903, 1210001672, 418723372.
2018-11-13 00:03:23,909 43410  INFO  [BackgroundDaemon] Processing data (73% completed)..
2018-11-13 00:03:23,909 43410  INFO  [BackgroundDaemon] Finished iteration in 00:00:00.1873906.
2018-11-13 00:03:23,909 43410  INFO  [38e534] Started processing user request. Id = 38e5342c-8111-4e05-b069-746f0b08beca. Size = 61.55 KB.
2018-11-13 00:03:23,912 43413  INFO  [38e534] Doing some complicated stuff.. Random numbers are: 1269724594, 1083554964, 681886671.
2018-11-13 00:03:23,926 43427  INFO  [83dabc] Here's some useful guids:
		97ede764-8e6a-4dfd-a7a9-d3da7ffb1ca6
		0f38b2a2-9c92-4aee-af6e-f8a8832000bd
		44772395-86a9-4395-bc5b-08e8a8c01412
2018-11-13 00:03:23,926 43427  INFO  [83dabc] Finished processing user request with id = 83dabcb1-e264-4946-9188-971836d3f1c4 in 00:00:00.0437415.
2018-11-13 00:03:23,933 43434  INFO  [38e534] Here's some useful guids:
		cf92aa66-0b3f-477d-b767-d0d7f1b317f6
		cf9b5620-e27c-4939-9436-488c15087f82
		a0d57d1c-dc73-49d9-befd-0c1c40159297
		40b725cb-9ab6-4dfd-91b8-34ee1e616190
2018-11-13 00:03:23,937 43438  INFO  [caf936] Started processing user request. Id = caf93600-3f25-4168-b894-06e1e08161f0. Size = 94.68 KB.
2018-11-13 00:03:23,940 43441  INFO  [a77212] Started processing user request. Id = a77212c2-6234-42fc-b459-87ba53e1820f. Size = 3.75 KB.
2018-11-13 00:03:23,951 43452  INFO  [caf936] Doing some complicated stuff.. Random numbers are: 1869864702, 366932020, 1043892655.
2018-11-13 00:03:23,952 43453  INFO  [38e534] Finished processing user request with id = 38e5342c-8111-4e05-b069-746f0b08beca in 00:00:00.0429237.
2018-11-13 00:03:23,956 43457  INFO  [a77212] Doing some complicated stuff.. Random numbers are: 2121429278, 2146010998, 1311051011.
2018-11-13 00:03:23,983 43484  INFO  [caf936] Finished processing user request with id = caf93600-3f25-4168-b894-06e1e08161f0 in 00:00:00.0461183.
2018-11-13 00:03:23,983 43484  INFO  [8c559f] Started processing user request. Id = 8c559fa5-67d3-483b-8ee4-ec559882c0fc. Size = 51.27 KB.
2018-11-13 00:03:23,989 43490  INFO  [8c559f] Doing some complicated stuff.. Random numbers are: 137129492, 1899868338, 487993935.
2018-11-13 00:03:24,010 43511  INFO  [a77212] Finished processing user request with id = a77212c2-6234-42fc-b459-87ba53e1820f in 00:00:00.0699984.
2018-11-13 00:03:24,016 43517  INFO  [8c559f] Finished processing user request with id = 8c559fa5-67d3-483b-8ee4-ec559882c0fc in 00:00:00.0327594.
2018-11-13 00:03:24,024 43525  INFO  [8aedbc] Started processing user request. Id = 8aedbcb8-a1cf-4562-9a07-1de894d1301c. Size = 5.96 KB.
2018-11-13 00:03:24,028 43529  INFO  [8aedbc] Doing some complicated stuff.. Random numbers are: 1371643523, 229004863, 1315086325.
2018-11-13 00:03:24,034 43535  INFO  [8aedbc] Here's some useful guids:
		5f026bda-578c-4197-98ab-5c19d238bfb5
		a720cd23-063c-4e35-a59a-1069d767c915
		9011f41d-7ac8-41f1-9c06-3441fa377f2c
2018-11-13 00:03:24,047 43548  INFO  [906e81] Started processing user request. Id = 906e8109-2109-4bf4-a6a7-d7e24bf64a06. Size = 45.42 KB.
2018-11-13 00:03:24,057 43558  INFO  [8aedbc] Finished processing user request with id = 8aedbcb8-a1cf-4562-9a07-1de894d1301c in 00:00:00.0331139.
2018-11-13 00:03:24,064 43565  INFO  [906e81] Doing some complicated stuff.. Random numbers are: 2018899931, 2015986496, 2038394450.
2018-11-13 00:03:24,070 43571  INFO  [c7e89a] Started processing user request. Id = c7e89ab1-754a-4b58-9adc-ad8075045546. Size = 55.52 KB.
2018-11-13 00:03:24,085 43586  INFO  [c7e89a] Doing some complicated stuff.. Random numbers are: 1273410378, 565532405, 257154313.
2018-11-13 00:03:24,110 43611  INFO  [BackgroundDaemon] Starting iteration #15546.
2018-11-13 00:03:24,111 43612  INFO  [906e81] Finished processing user request with id = 906e8109-2109-4bf4-a6a7-d7e24bf64a06 in 00:00:00.0640795.
2018-11-13 00:03:24,117 43618  INFO  [c7e89a] Finished processing user request with id = c7e89ab1-754a-4b58-9adc-ad8075045546 in 00:00:00.0467740.
2018-11-13 00:03:24,130 43631  INFO  [65b1a7] Started processing user request. Id = 65b1a747-3d93-4645-b9b7-a768decf345e. Size = 76.39 KB.
2018-11-13 00:03:24,142 43643  INFO  [24416d] Started processing user request. Id = 24416d9c-b27a-43bf-9c11-04472fdbfd08. Size = 64.63 KB.
2018-11-13 00:03:24,147 43648  INFO  [65b1a7] Doing some complicated stuff.. Random numbers are: 1223871576, 1212391711, 689818354.
2018-11-13 00:03:24,150 43651  INFO  [84deec] Started processing user request. Id = 84deec32-3b28-45e5-87f3-f244e0bd4578. Size = 83.23 KB.
2018-11-13 00:03:24,150 43651  INFO  [84deec] Doing some complicated stuff.. Random numbers are: 1379499844, 800882922, 825027026.
2018-11-13 00:03:24,150 43651  INFO  [24416d] Doing some complicated stuff.. Random numbers are: 830455014, 2002391820, 839800819.
2018-11-13 00:03:24,163 43664  INFO  [84deec] Here's some useful guids:
		2416598c-a2b1-42af-a9d1-3e555e3b6c30
		26c0cb2a-15e1-424e-b679-97e3fdfc493b
		3014a81f-33ab-42a8-8014-c1a176399cee
		2522a808-ea63-4ec1-a85e-dcd1284ee581
2018-11-13 00:03:24,169 43670  INFO  [65b1a7] Here's some useful guids:
		48ceac74-5bb7-442c-b219-de8e0974472f
		68e53370-bb68-453b-b559-eac1ec1fc283
		29522467-f118-4e62-b671-26b8dbfc1aa0
		efe6e66e-831e-4cda-a33c-e2abf63a6180
		499e9ca3-32f4-4ec7-a2ee-43193367c542
2018-11-13 00:03:24,171 43672  INFO  [24416d] Here's some useful guids:
		1c097be5-f427-419c-a215-ece137e1aa86
		4af1cbd7-5bbc-43ec-bccc-75b2b327ca20
		65cd7ddf-2853-48cf-a574-8fec6f0419b1
		2f305731-5d0b-45ea-8d49-bc2d85daf12d
		f1feaf50-bf43-4121-b42e-50346b219fef
2018-11-13 00:03:24,174 43675  INFO  [BackgroundDaemon] Processing data (14% completed)..
2018-11-13 00:03:24,180 43681  INFO  [24416d] Finished processing user request with id = 24416d9c-b27a-43bf-9c11-04472fdbfd08 in 00:00:00.0377202.
2018-11-13 00:03:24,185 43686  INFO  [65b1a7] Finished processing user request with id = 65b1a747-3d93-4645-b9b7-a768decf345e in 00:00:00.0547941.
2018-11-13 00:03:24,186 43687  INFO  [84deec] Finished processing user request with id = 84deec32-3b28-45e5-87f3-f244e0bd4578 in 00:00:00.0356710.
2018-11-13 00:03:24,196 43697  INFO  [BackgroundDaemon] Processing data (29% completed)..
2018-11-13 00:03:24,199 43700  INFO  [a05a74] Started processing user request. Id = a05a7422-f5d9-4677-b5fd-39dea1240afa. Size = 51.81 KB.
2018-11-13 00:03:24,212 43713  INFO  [80c418] Started processing user request. Id = 80c41893-3a1a-4dc3-8082-4b25c55e9ca3. Size = 50.39 KB.
2018-11-13 00:03:24,217 43718  INFO  [a05a74] Doing some complicated stuff.. Random numbers are: 958054940, 331727846, 1091375033.
2018-11-13 00:03:24,227 43728  INFO  [80c418] Doing some complicated stuff.. Random numbers are: 668580326, 552386094, 1961474260.
2018-11-13 00:03:24,232 43733  INFO  [BackgroundDaemon] Processing data (70% completed)..
2018-11-13 00:03:24,232 43733  INFO  [BackgroundDaemon] Finished iteration in 00:00:00.1218812.
2018-11-13 00:03:24,247 43748  INFO  [a05a74] Here's some useful guids:
		f8fb1e75-30fe-462f-9cd6-a0dbaf113c7b
		f2e1a722-cad7-4f0a-8b4c-c3e160f1ed3b
2018-11-13 00:03:24,254 43755  INFO  [a05a74] Finished processing user request with id = a05a7422-f5d9-4677-b5fd-39dea1240afa in 00:00:00.0552184.
2018-11-13 00:03:24,262 43763  INFO  [Metrics] Cpu: 4.76%; Memory: 19.79 GB/31.88 GB; Workers: 4/1024; IOCP: 0/1024
2018-11-13 00:03:24,267 43768  INFO  [1667c3] Started processing user request. Id = 1667c39f-59ef-4267-9162-bcf47880b901. Size = 41.6 KB.
2018-11-13 00:03:24,285 43786  INFO  [1667c3] Doing some complicated stuff.. Random numbers are: 779209235, 1323120149, 1478785769.
2018-11-13 00:03:24,292 43793  INFO  [80c418] Finished processing user request with id = 80c41893-3a1a-4dc3-8082-4b25c55e9ca3 in 00:00:00.0803011.
2018-11-13 00:03:24,318 43819  INFO  [1667c3] Finished processing user request with id = 1667c39f-59ef-4267-9162-bcf47880b901 in 00:00:00.0508012.
2018-11-13 00:03:24,324 43825  INFO  [06de7d] Started processing user request. Id = 06de7d2a-2d59-49ac-8a68-b7059335fb4e. Size = 8.93 KB.
2018-11-13 00:03:24,329 43830  INFO  [06de7d] Doing some complicated stuff.. Random numbers are: 1947817671, 678629445, 2076939858.
2018-11-13 00:03:24,331 43832  INFO  [2faa12] Started processing user request. Id = 2faa1204-b144-4160-9b70-ce84e107c9d8. Size = 85.2 KB.
2018-11-13 00:03:24,349 43850  INFO  [2faa12] Doing some complicated stuff.. Random numbers are: 1319614150, 213662867, 958484835.
2018-11-13 00:03:24,353 43854  INFO  [e17ce6] Started processing user request. Id = e17ce69a-916b-4e4f-b3a4-abc4806744d1. Size = 84.87 KB.
2018-11-13 00:03:24,368 43869  INFO  [06de7d] Finished processing user request with id = 06de7d2a-2d59-49ac-8a68-b7059335fb4e in 00:00:00.0440005.
2018-11-13 00:03:24,369 43870  INFO  [e17ce6] Doing some complicated stuff.. Random numbers are: 1661755173, 2012008822, 703570171.
2018-11-13 00:03:24,381 43882  INFO  [2faa12] Here's some useful guids:
		e8eb6329-b72c-4dc6-801f-a8119d53aa82
		ca2ca499-790d-46d0-a057-5130d5e16d84
		42cb4cc6-d40c-4970-aee8-e4fc2b18e9ae
2018-11-13 00:03:24,399 43900  INFO  [8b183c] Started processing user request. Id = 8b183c63-2295-46c0-acff-658e5b0407c0. Size = 17.52 KB.
2018-11-13 00:03:24,400 43901  INFO  [2faa12] Finished processing user request with id = 2faa1204-b144-4160-9b70-ce84e107c9d8 in 00:00:00.0690653.
2018-11-13 00:03:24,407 43908  INFO  [e17ce6] Here's some useful guids:
		3756881a-d5ea-4323-b26d-cafe9fe1da8c
2018-11-13 00:03:24,411 43913  INFO  [8b183c] Doing some complicated stuff.. Random numbers are: 2105686319, 830007125, 1432030885.
2018-11-13 00:03:24,414 43915  INFO  [314239] Started processing user request. Id = 3142392d-0951-4260-9611-7223d7f65d65. Size = 55.55 KB.
2018-11-13 00:03:24,421 43922  INFO  [e17ce6] Finished processing user request with id = e17ce69a-916b-4e4f-b3a4-abc4806744d1 in 00:00:00.0682087.
2018-11-13 00:03:24,424 43925  INFO  [314239] Doing some complicated stuff.. Random numbers are: 403629607, 1583988520, 485184171.
2018-11-13 00:03:24,432 43933  INFO  [BackgroundDaemon] Starting iteration #15547.
2018-11-13 00:03:24,436 43937  INFO  [8b183c] Here's some useful guids:
		8a606172-c6f5-4699-b0f7-a4193694e069
		8936c903-b139-4de9-af84-9c12805353b9
2018-11-13 00:03:24,439 43940  INFO  [314239] Finished processing user request with id = 3142392d-0951-4260-9611-7223d7f65d65 in 00:00:00.0249976.
2018-11-13 00:03:24,446 43947  INFO  [8b183c] Finished processing user request with id = 8b183c63-2295-46c0-acff-658e5b0407c0 in 00:00:00.0468593.
2018-11-13 00:03:24,453 43954  INFO  [067835] Started processing user request. Id = 0678354c-7bc9-475b-a25d-97c9a3e7fecc. Size = 8.32 KB.
2018-11-13 00:03:24,463 43964  INFO  [067835] Doing some complicated stuff.. Random numbers are: 119703838, 1952908365, 1685719779.
2018-11-13 00:03:24,478 43979  INFO  [078001] Started processing user request. Id = 07800128-fd43-472f-b1ac-ce60ac708020. Size = 90.76 KB.
2018-11-13 00:03:24,490 43991  INFO  [078001] Doing some complicated stuff.. Random numbers are: 1320348323, 636427964, 1955816510.
2018-11-13 00:03:24,491 43992  INFO  [067835] Finished processing user request with id = 0678354c-7bc9-475b-a25d-97c9a3e7fecc in 00:00:00.0378156.
2018-11-13 00:03:24,496 43997  INFO  [078001] Here's some useful guids:
		53fb309f-c3bd-47fe-9216-34f9e4dcbbfa
		c21c5bec-b8a9-4e79-9a99-b995f1351fb3
		76fb4ce5-3031-46a5-882a-55aff5cf0b12
2018-11-13 00:03:24,499 44000  INFO  [BackgroundDaemon] Processing data (5% completed)..
2018-11-13 00:03:24,501 44002  INFO  [078001] Finished processing user request with id = 07800128-fd43-472f-b1ac-ce60ac708020 in 00:00:00.0230437.
2018-11-13 00:03:24,505 44006  INFO  [7695dd] Started processing user request. Id = 7695dd2b-e150-4190-88af-dfb199469d6c. Size = 93.61 KB.
2018-11-13 00:03:24,522 44023  INFO  [7695dd] Doing some complicated stuff.. Random numbers are: 1859540319, 1917201495, 1328669056.
2018-11-13 00:03:24,532 44033  INFO  [31b5d0] Started processing user request. Id = 31b5d0aa-7e9a-4949-85df-dea307d955cf. Size = 2.62 KB.
2018-11-13 00:03:24,549 44050  INFO  [BackgroundDaemon] Processing data (20% completed)..
2018-11-13 00:03:24,551 44052  INFO  [31b5d0] Doing some complicated stuff.. Random numbers are: 501399864, 1398681484, 495246606.
2018-11-13 00:03:24,553 44054  ERROR [7695dd] 
System.InvalidOperationException: Oh no! An error occurred!
2018-11-13 00:03:24,567 44068  INFO  [fd519f] Started processing user request. Id = fd519f94-1c7d-4106-8cf0-e64619b0ce88. Size = 80.03 KB.
2018-11-13 00:03:24,574 44075  INFO  [BackgroundDaemon] Processing data (93% completed)..
2018-11-13 00:03:24,574 44075  INFO  [BackgroundDaemon] Finished iteration in 00:00:00.1419189.
2018-11-13 00:03:24,586 44087  INFO  [fd519f] Doing some complicated stuff.. Random numbers are: 803897125, 636277339, 605209712.
2018-11-13 00:03:24,589 44090  INFO  [9107cb] Started processing user request. Id = 9107cb25-12ed-4dc4-b3a4-833b2ff0267c. Size = 88.15 KB.
2018-11-13 00:03:24,605 44106  INFO  [31b5d0] Finished processing user request with id = 31b5d0aa-7e9a-4949-85df-dea307d955cf in 00:00:00.0727277.
2018-11-13 00:03:24,606 44107  INFO  [9107cb] Doing some complicated stuff.. Random numbers are: 1513861451, 564165490, 1674040663.
2018-11-13 00:03:24,624 44125  INFO  [fd519f] Finished processing user request with id = fd519f94-1c7d-4106-8cf0-e64619b0ce88 in 00:00:00.0571336.
2018-11-13 00:03:24,624 44125  ERROR [9107cb] 
System.InvalidOperationException: Oh no! An error occurred!
2018-11-13 00:03:24,636 44137  INFO  [d7f922] Started processing user request. Id = d7f922ba-b8f1-43ec-b0df-bf6de193b64f. Size = 41.18 KB.
2018-11-13 00:03:24,637 44138  INFO  [9bac63] Started processing user request. Id = 9bac638b-a11a-4b23-a9f0-a0fb64e1d9f8. Size = 23.15 KB.
2018-11-13 00:03:24,641 44142  INFO  [9bac63] Doing some complicated stuff.. Random numbers are: 294025064, 740188987, 1627519860.
2018-11-13 00:03:24,649 44150  INFO  [d7f922] Doing some complicated stuff.. Random numbers are: 1272803771, 1308688752, 1251732178.
2018-11-13 00:03:24,655 44156  INFO  [9bac63] Here's some useful guids:
		307c9bb4-3c6e-467c-a732-32fbd9c1d315
		bcc374e7-d9bf-4d76-94f1-f2377624f5ec
2018-11-13 00:03:24,655 44156  INFO  [9bac63] Finished processing user request with id = 9bac638b-a11a-4b23-a9f0-a0fb64e1d9f8 in 00:00:00.0177875.
2018-11-13 00:03:24,669 44170  INFO  [8c5004] Started processing user request. Id = 8c50047b-47b3-498c-abe8-8d5d7b8193f4. Size = 94.86 KB.
2018-11-13 00:03:24,685 44187  INFO  [8c5004] Doing some complicated stuff.. Random numbers are: 120792062, 1076278320, 2009545339.
2018-11-13 00:03:24,704 44205  INFO  [d7f922] Finished processing user request with id = d7f922ba-b8f1-43ec-b0df-bf6de193b64f in 00:00:00.0673671.
2018-11-13 00:03:24,735 44236  INFO  [8c5004] Finished processing user request with id = 8c50047b-47b3-498c-abe8-8d5d7b8193f4 in 00:00:00.0656654.
2018-11-13 00:03:24,736 44237  INFO  [0c7df4] Started processing user request. Id = 0c7df4f3-641a-4349-9efa-7c67b12cf875. Size = 4.23 KB.
2018-11-13 00:03:24,749 44250  INFO  [51cc6b] Started processing user request. Id = 51cc6b86-8999-4727-bd4a-d34b1eca87e3. Size = 66.08 KB.
2018-11-13 00:03:24,750 44251  INFO  [0c7df4] Doing some complicated stuff.. Random numbers are: 432163286, 1456416891, 1468103523.
2018-11-13 00:03:24,759 44260  INFO  [0c7df4] Finished processing user request with id = 0c7df4f3-641a-4349-9efa-7c67b12cf875 in 00:00:00.0234088.
2018-11-13 00:03:24,761 44262  INFO  [Metrics] Cpu: 4.76%; Memory: 19.79 GB/31.88 GB; Workers: 4/1024; IOCP: 0/1024
2018-11-13 00:03:24,767 44268  INFO  [51cc6b] Doing some complicated stuff.. Random numbers are: 1598743722, 176807070, 1649442618.
2018-11-13 00:03:24,774 44275  INFO  [BackgroundDaemon] Starting iteration #15548.
2018-11-13 00:03:24,781 44282  INFO  [51cc6b] Here's some useful guids:
		9fea0295-86a8-4745-a0b3-f2deb0a5b834
2018-11-13 00:03:24,787 44288  INFO  [51cc6b] Finished processing user request with id = 51cc6b86-8999-4727-bd4a-d34b1eca87e3 in 00:00:00.0385707.
2018-11-13 00:03:24,790 44291  INFO  [18fbc4] Started processing user request. Id = 18fbc428-5abd-4437-bf6a-107d728dad5d. Size = 91.93 KB.
2018-11-13 00:03:24,791 44292  INFO  [573181] Started processing user request. Id = 573181bb-5555-4e65-a296-31cf83a9c927. Size = 85.14 KB.
2018-11-13 00:03:24,795 44296  INFO  [BackgroundDaemon] Processing data (7% completed)..
2018-11-13 00:03:24,800 44301  INFO  [573181] Doing some complicated stuff.. Random numbers are: 1192807302, 675187315, 272046902.
2018-11-13 00:03:24,801 44302  INFO  [80e13b] Started processing user request. Id = 80e13b1a-374b-491c-9930-afd37409bb78. Size = 20.5 KB.
2018-11-13 00:03:24,810 44311  INFO  [18fbc4] Doing some complicated stuff.. Random numbers are: 357457827, 1807869454, 1797631952.
2018-11-13 00:03:24,812 44313  INFO  [80e13b] Doing some complicated stuff.. Random numbers are: 27792859, 300562967, 1647083298.
2018-11-13 00:03:24,835 44336  INFO  [18fbc4] Here's some useful guids:
		2be7f8fa-c07b-4661-b1fa-12f67e1897f1
		16b4f7c1-cb09-4bdb-b638-2e12916168cb
		34289a0e-8ef9-47f5-9025-d00093dbec75
		dbd7a2d5-3e10-40e7-9254-887c0e820c6c
2018-11-13 00:03:24,836 44337  INFO  [573181] Finished processing user request with id = 573181bb-5555-4e65-a296-31cf83a9c927 in 00:00:00.0450940.
2018-11-13 00:03:24,842 44343  INFO  [18fbc4] Finished processing user request with id = 18fbc428-5abd-4437-bf6a-107d728dad5d in 00:00:00.0520792.
2018-11-13 00:03:24,852 44353  INFO  [80e13b] Finished processing user request with id = 80e13b1a-374b-491c-9930-afd37409bb78 in 00:00:00.0513417.
2018-11-13 00:03:24,865 44366  INFO  [82568d] Started processing user request. Id = 82568d94-42ba-4cc9-b0de-19aec356f20d. Size = 11.59 KB.
2018-11-13 00:03:24,873 44374  INFO  [5383e3] Started processing user request. Id = 5383e3f8-16f8-4c52-8567-4da7bec2396b. Size = 32.31 KB.
2018-11-13 00:03:24,876 44377  INFO  [82568d] Doing some complicated stuff.. Random numbers are: 1714708129, 554646556, 914883620.
2018-11-13 00:03:24,877 44378  INFO  [5383e3] Doing some complicated stuff.. Random numbers are: 1925551764, 109761147, 653977499.
2018-11-13 00:03:24,888 44390  INFO  [BackgroundDaemon] Processing data (38% completed)..
2018-11-13 00:03:24,910 44411  INFO  [82568d] Here's some useful guids:
		7622a9e0-7aed-41da-ba2b-2c673f04c826
2018-11-13 00:03:24,913 44414  INFO  [5383e3] Finished processing user request with id = 5383e3f8-16f8-4c52-8567-4da7bec2396b in 00:00:00.0400052.
2018-11-13 00:03:24,931 44432  INFO  [BackgroundDaemon] Processing data (53% completed)..
2018-11-13 00:03:24,931 44432  INFO  [BackgroundDaemon] Finished iteration in 00:00:00.1564573.
2018-11-13 00:03:24,933 44434  INFO  [82568d] Finished processing user request with id = 82568d94-42ba-4cc9-b0de-19aec356f20d in 00:00:00.0676618.
2018-11-13 00:03:24,945 44446  INFO  [6a2a9c] Started processing user request. Id = 6a2a9cda-ddec-41b4-8538-269b546863cf. Size = 93.11 KB.
2018-11-13 00:03:24,945 44446  INFO  [6a2a9c] Doing some complicated stuff.. Random numbers are: 1168331362, 608238961, 732318315.
2018-11-13 00:03:24,947 44448  INFO  [bf4517] Started processing user request. Id = bf4517c9-3586-415f-8564-91745ab45615. Size = 43.04 KB.
2018-11-13 00:03:24,959 44460  INFO  [bf4517] Doing some complicated stuff.. Random numbers are: 1599446227, 1559569557, 955347009.
2018-11-13 00:03:24,985 44486  INFO  [6a2a9c] Here's some useful guids:
		2b7341b6-240c-47bc-89e8-096ea59b8860
		66d8bcb3-bc60-4aac-a04e-c7af6017791b
		dc61b213-f4f2-41e7-8502-f4f30554b4c7
2018-11-13 00:03:24,998 44499  INFO  [bf4517] Here's some useful guids:
		6670f6a4-7a0a-4986-84ea-fb70fc8c535d
		44a31889-d3fd-409f-9859-0409673a7813
		53229d0a-75ec-41c7-ab42-86d62984bdec
2018-11-13 00:03:24,999 44500  INFO  [6a2a9c] Finished processing user request with id = 6a2a9cda-ddec-41b4-8538-269b546863cf in 00:00:00.0539123.
2018-11-13 00:03:25,002 44503  INFO  [bf4517] Finished processing user request with id = bf4517c9-3586-415f-8564-91745ab45615 in 00:00:00.0549389.
2018-11-13 00:03:25,004 44505  INFO  [8f7af6] Started processing user request. Id = 8f7af690-0e20-4214-a65d-8aeac9dec512. Size = 34.14 KB.
2018-11-13 00:03:25,015 44516  INFO  [870bba] Started processing user request. Id = 870bba15-0c41-4142-a160-aef01539ba83. Size = 96.83 KB.
2018-11-13 00:03:25,023 44524  INFO  [8f7af6] Doing some complicated stuff.. Random numbers are: 2132930573, 364460859, 1428320578.
2018-11-13 00:03:25,028 44529  INFO  [870bba] Doing some complicated stuff.. Random numbers are: 463821131, 1965124406, 1228264494.
2018-11-13 00:03:25,030 44531  INFO  [890229] Started processing user request. Id = 89022970-4436-4902-87e7-7c2c4589b7b9. Size = 26.28 KB.
2018-11-13 00:03:25,033 44535  INFO  [890229] Doing some complicated stuff.. Random numbers are: 1510421443, 189674231, 631470752.
2018-11-13 00:03:25,049 44551  INFO  [8f7af6] Finished processing user request with id = 8f7af690-0e20-4214-a65d-8aeac9dec512 in 00:00:00.0455641.
2018-11-13 00:03:25,061 44562  INFO  [870bba] Here's some useful guids:
		ada259af-412c-4983-8830-201e64fba02d
		5980d868-3692-4026-84c3-3754d17665d8
		d2f1f4b2-2c02-4d72-bf71-160bc1021a11
		1376091c-d16e-4b73-8a36-25173f3af563
		fdef1cb1-6566-4eae-8a8b-c30d0b0416a4
2018-11-13 00:03:25,081 44583  INFO  [870bba] Finished processing user request with id = 870bba15-0c41-4142-a160-aef01539ba83 in 00:00:00.0660402.
2018-11-13 00:03:25,086 44587  INFO  [890229] Finished processing user request with id = 89022970-4436-4902-87e7-7c2c4589b7b9 in 00:00:00.0559553.
2018-11-13 00:03:25,096 44597  INFO  [b9aae4] Started processing user request. Id = b9aae43a-4444-4890-9058-e31ca40c380f. Size = 77.72 KB.
2018-11-13 00:03:25,102 44603  INFO  [b9aae4] Doing some complicated stuff.. Random numbers are: 611207931, 1992684692, 1316051406.
2018-11-13 00:03:25,118 44619  INFO  [2f0fe5] Started processing user request. Id = 2f0fe538-2393-47c4-ad39-eb55a387d3f2. Size = 76.53 KB.
2018-11-13 00:03:25,131 44632  INFO  [BackgroundDaemon] Starting iteration #15549.
2018-11-13 00:03:25,136 44637  INFO  [2f0fe5] Doing some complicated stuff.. Random numbers are: 751756267, 1981370012, 1127842930.
2018-11-13 00:03:25,144 44645  INFO  [2f0fe5] Here's some useful guids:
		0a8c41c2-52ec-4fa6-8f25-a147ff26fbfa
		ecf53b2a-507b-4125-a721-2b28455ed4b7
		9645f9d3-fe5b-474f-be25-8aeba81c50ac
		0e5f7cb6-09aa-4221-bcdf-839511cd7cad
		911ccec2-3e53-42ea-9b5b-0303666f5d4f
2018-11-13 00:03:25,149 44650  INFO  [2f0fe5] Finished processing user request with id = 2f0fe538-2393-47c4-ad39-eb55a387d3f2 in 00:00:00.0312163.
2018-11-13 00:03:25,159 44660  INFO  [b9aae4] Finished processing user request with id = b9aae43a-4444-4890-9058-e31ca40c380f in 00:00:00.0633807.
2018-11-13 00:03:25,166 44667  INFO  [BackgroundDaemon] Processing data (4% completed)..
2018-11-13 00:03:25,173 44674  INFO  [2d7d3c] Started processing user request. Id = 2d7d3cf9-38fe-4110-bba0-2cc661d35d17. Size = 23.5 KB.
2018-11-13 00:03:25,178 44679  INFO  [2d7d3c] Doing some complicated stuff.. Random numbers are: 588811783, 764589063, 1333893438.
2018-11-13 00:03:25,181 44682  INFO  [577b28] Started processing user request. Id = 577b2879-918f-4555-aaec-df43dc570825. Size = 88.01 KB.
2018-11-13 00:03:25,191 44692  INFO  [577b28] Doing some complicated stuff.. Random numbers are: 1716951403, 327880741, 1322653045.
2018-11-13 00:03:25,199 44700  INFO  [577b28] Here's some useful guids:
		623cd831-b2a0-4cc8-a35c-c1a69ec5bb01
		0d3b698d-f398-43dc-9d49-1bc156023857
2018-11-13 00:03:25,208 44709  INFO  [2d7d3c] Here's some useful guids:
		f86499a6-b52a-4ca3-a99d-8eb833ea0338
		a2bc5e52-bbc0-44f3-9a49-a90a3258c9ea
		9ed88b3f-1895-424c-8664-092911293250
2018-11-13 00:03:25,217 44718  INFO  [d6ec8c] Started processing user request. Id = d6ec8c0b-2a5b-4433-bb03-772b72a4b0a0. Size = 71.67 KB.
2018-11-13 00:03:25,221 44722  INFO  [577b28] Finished processing user request with id = 577b2879-918f-4555-aaec-df43dc570825 in 00:00:00.0395633.
2018-11-13 00:03:25,227 44728  INFO  [d6ec8c] Doing some complicated stuff.. Random numbers are: 472174313, 189793458, 203184332.
2018-11-13 00:03:25,234 44735  INFO  [2d7d3c] Finished processing user request with id = 2d7d3cf9-38fe-4110-bba0-2cc661d35d17 in 00:00:00.0611757.
2018-11-13 00:03:25,245 44746  INFO  [BackgroundDaemon] Processing data (41% completed)..
2018-11-13 00:03:25,247 44748  INFO  [17b253] Started processing user request. Id = 17b25363-f907-4fd9-886d-07f826afa1a0. Size = 16.51 KB.
2018-11-13 00:03:25,252 44753  INFO  [a34e6c] Started processing user request. Id = a34e6c1a-4c68-4c34-9f0c-0a839b03abfa. Size = 82.78 KB.
2018-11-13 00:03:25,255 44756  INFO  [17b253] Doing some complicated stuff.. Random numbers are: 467824477, 1146578030, 56608080.
2018-11-13 00:03:25,255 44756  ERROR [d6ec8c] 
System.InvalidOperationException: Oh no! An error occurred!
2018-11-13 00:03:25,260 44761  INFO  [Metrics] Cpu: 0.79%; Memory: 19.79 GB/31.88 GB; Workers: 4/1024; IOCP: 0/1024
2018-11-13 00:03:25,261 44762  INFO  [a34e6c] Doing some complicated stuff.. Random numbers are: 395253521, 1768648081, 669353386.
2018-11-13 00:03:25,279 44780  INFO  [17b253] Here's some useful guids:
		b23c4ca1-9f4d-4121-92a3-9203ab0bdd84
		e1d3fe0a-d196-4c10-b2f6-2f7c8ca34630
2018-11-13 00:03:25,300 44801  INFO  [a34e6c] Here's some useful guids:
		2a4cf483-c6cf-45a2-aacf-79f7bb3db1e7
		5758891f-698c-4c6c-90f0-f5b1fc753846
		1519a507-ee1d-4651-aef2-9feb20cf006a
		4297969d-c22f-4bcb-a286-b58049325e53
2018-11-13 00:03:25,302 44803  INFO  [a34e6c] Finished processing user request with id = a34e6c1a-4c68-4c34-9f0c-0a839b03abfa in 00:00:00.0501106.
2018-11-13 00:03:25,306 44807  INFO  [17b253] Finished processing user request with id = 17b25363-f907-4fd9-886d-07f826afa1a0 in 00:00:00.0591101.
2018-11-13 00:03:25,320 44821  INFO  [6f2bf0] Started processing user request. Id = 6f2bf0fb-1771-4e15-93e6-9f4ce0157a62. Size = 60.6 KB.
2018-11-13 00:03:25,333 44834  INFO  [6f2bf0] Doing some complicated stuff.. Random numbers are: 1154576285, 846781100, 1009233628.
2018-11-13 00:03:25,334 44835  INFO  [803010] Started processing user request. Id = 80301096-b5db-4045-b220-e57a8a60cbb6. Size = 40.86 KB.
2018-11-13 00:03:25,338 44839  INFO  [BackgroundDaemon] Processing data (61% completed)..
2018-11-13 00:03:25,338 44839  INFO  [BackgroundDaemon] Finished iteration in 00:00:00.2070010.
2018-11-13 00:03:25,344 44845  INFO  [803010] Doing some complicated stuff.. Random numbers are: 510301126, 658022771, 415243525.
2018-11-13 00:03:25,361 44862  INFO  [6f2bf0] Here's some useful guids:
		a06f6da8-03f3-4a97-8a0b-b36b7dded2b5
		15efd657-c595-434f-a50a-1da51260f331
2018-11-13 00:03:25,363 44864  INFO  [803010] Finished processing user request with id = 80301096-b5db-4045-b220-e57a8a60cbb6 in 00:00:00.0292228.
2018-11-13 00:03:25,385 44886  INFO  [6f2bf0] Finished processing user request with id = 6f2bf0fb-1771-4e15-93e6-9f4ce0157a62 in 00:00:00.0653062.
2018-11-13 00:03:25,394 44895  INFO  [e01529] Started processing user request. Id = e0152905-4e7d-4fde-9b38-1447f3d9fbd2. Size = 6.31 KB.
2018-11-13 00:03:25,399 44900  INFO  [28df08] Started processing user request. Id = 28df0822-f5d3-47e4-a482-6a6dd8eb5651. Size = 51.37 KB.
2018-11-13 00:03:25,401 44902  INFO  [28df08] Doing some complicated stuff.. Random numbers are: 1449569680, 371442703, 1878220688.
2018-11-13 00:03:25,412 44913  INFO  [e01529] Doing some complicated stuff.. Random numbers are: 58694603, 620491341, 1772184701.
2018-11-13 00:03:25,413 44914  INFO  [28df08] Finished processing user request with id = 28df0822-f5d3-47e4-a482-6a6dd8eb5651 in 00:00:00.0140275.
2018-11-13 00:03:25,423 44924  INFO  [8d162a] Started processing user request. Id = 8d162a65-7ccc-4d9d-9c96-e72804a5944b. Size = 29.22 KB.
2018-11-13 00:03:25,426 44927  INFO  [169d95] Started processing user request. Id = 169d9553-99cf-4a11-8de7-86322281b49c. Size = 17.12 KB.
2018-11-13 00:03:25,431 44932  INFO  [8d162a] Doing some complicated stuff.. Random numbers are: 1274325906, 435714546, 1551524674.
2018-11-13 00:03:25,434 44935  INFO  [169d95] Doing some complicated stuff.. Random numbers are: 739736001, 733179804, 827982178.
2018-11-13 00:03:25,448 44949  ERROR [e01529] 
System.InvalidOperationException: Oh no! An error occurred!
2018-11-13 00:03:25,473 44974  INFO  [169d95] Finished processing user request with id = 169d9553-99cf-4a11-8de7-86322281b49c in 00:00:00.0469438.
2018-11-13 00:03:25,479 44980  INFO  [5c1062] Started processing user request. Id = 5c1062b7-6293-496c-8661-ade076fe9c61. Size = 8.58 KB.
2018-11-13 00:03:25,486 44987  INFO  [8d162a] Finished processing user request with id = 8d162a65-7ccc-4d9d-9c96-e72804a5944b in 00:00:00.0631106.
2018-11-13 00:03:25,486 44987  INFO  [1cb7af] Started processing user request. Id = 1cb7afe6-481d-4e04-86b3-18eea7aa6241. Size = 25.35 KB.
2018-11-13 00:03:25,493 44994  INFO  [1cb7af] Doing some complicated stuff.. Random numbers are: 294986435, 1304005345, 2129001511.
2018-11-13 00:03:25,496 44997  INFO  [5c1062] Doing some complicated stuff.. Random numbers are: 1825078528, 520036010, 90481948.
2018-11-13 00:03:25,512 45014  INFO  [5c1062] Finished processing user request with id = 5c1062b7-6293-496c-8661-ade076fe9c61 in 00:00:00.0331391.
2018-11-13 00:03:25,539 45040  INFO  [BackgroundDaemon] Starting iteration #15550.
2018-11-13 00:03:25,544 45045  INFO  [02993e] Started processing user request. Id = 02993ee6-eb71-4c0c-9c89-59861d1cb070. Size = 51.67 KB.
2018-11-13 00:03:25,551 45053  INFO  [1cb7af] Finished processing user request with id = 1cb7afe6-481d-4e04-86b3-18eea7aa6241 in 00:00:00.0650924.
2018-11-13 00:03:25,556 45058  INFO  [02993e] Doing some complicated stuff.. Random numbers are: 1215217785, 1971510659, 1832748723.
2018-11-13 00:03:25,565 45067  INFO  [2749ba] Started processing user request. Id = 2749ba25-5e26-42c2-9015-9a657ee48577. Size = 86.35 KB.
2018-11-13 00:03:25,584 45085  INFO  [2749ba] Doing some complicated stuff.. Random numbers are: 1963752691, 1266698909, 1804175467.
2018-11-13 00:03:25,596 45097  INFO  [BackgroundDaemon] Processing data (14% completed)..
2018-11-13 00:03:25,599 45100  INFO  [02993e] Finished processing user request with id = 02993ee6-eb71-4c0c-9c89-59861d1cb070 in 00:00:00.0556166.
2018-11-13 00:03:25,610 45111  INFO  [2749ba] Finished processing user request with id = 2749ba25-5e26-42c2-9015-9a657ee48577 in 00:00:00.0447092.
2018-11-13 00:03:25,624 45125  INFO  [BackgroundDaemon] Processing data (49% completed)..
2018-11-13 00:03:25,624 45125  INFO  [ddadb8] Started processing user request. Id = ddadb8ad-804c-4ef4-9878-09d1eacf8ab7. Size = 73.16 KB.
2018-11-13 00:03:25,624 45125  INFO  [ddadb8] Doing some complicated stuff.. Random numbers are: 1415840989, 2006463939, 1954328470.
2018-11-13 00:03:25,631 45132  INFO  [e52ed7] Started processing user request. Id = e52ed774-b055-437d-90e0-f802d4e07daa. Size = 28.21 KB.
2018-11-13 00:03:25,641 45142  INFO  [e52ed7] Doing some complicated stuff.. Random numbers are: 2060120863, 493229076, 1277617722.
2018-11-13 00:03:25,653 45154  INFO  [ddadb8] Finished processing user request with id = ddadb8ad-804c-4ef4-9878-09d1eacf8ab7 in 00:00:00.0294844.
2018-11-13 00:03:25,654 45155  INFO  [54cb6a] Started processing user request. Id = 54cb6af2-1fe9-4b57-9cf2-62abffd9e1ee. Size = 30.36 KB.
2018-11-13 00:03:25,654 45156  INFO  [e52ed7] Here's some useful guids:
		d39f1ad2-f399-463f-8fc5-536560f3e490
		4c5d7dff-9696-46ed-b127-2d615787d8b3
		7b427182-f1ad-428b-90da-5cdeeeac1b78
		ff06b4aa-fcec-4ede-baf0-b92c1b994813
2018-11-13 00:03:25,658 45160  INFO  [BackgroundDaemon] Processing data (57% completed)..
2018-11-13 00:03:25,658 45160  INFO  [BackgroundDaemon] Finished iteration in 00:00:00.1194188.
2018-11-13 00:03:25,663 45164  INFO  [54cb6a] Doing some complicated stuff.. Random numbers are: 1389708271, 1319784579, 1238492221.
2018-11-13 00:03:25,666 45168  INFO  [516e08] Started processing user request. Id = 516e08ea-ff90-4974-93d2-7338fba64ba8. Size = 26.79 KB.
2018-11-13 00:03:25,672 45173  INFO  [516e08] Doing some complicated stuff.. Random numbers are: 326594107, 1874665567, 1291027376.
2018-11-13 00:03:25,677 45178  INFO  [516e08] Here's some useful guids:
		aca3e1a6-ab0e-49a2-9d29-5cfadf233c5f
2018-11-13 00:03:25,683 45184  INFO  [e52ed7] Finished processing user request with id = e52ed774-b055-437d-90e0-f802d4e07daa in 00:00:00.0519801.
2018-11-13 00:03:25,692 45193  INFO  [54cb6a] Finished processing user request with id = 54cb6af2-1fe9-4b57-9cf2-62abffd9e1ee in 00:00:00.0376833.
2018-11-13 00:03:25,693 45194  ERROR [516e08] 
System.InvalidOperationException: Oh no! An error occurred!
2018-11-13 00:03:25,706 45207  INFO  [026026] Started processing user request. Id = 026026fd-5146-4a7a-b2f9-301cf4d61f75. Size = 89.92 KB.
2018-11-13 00:03:25,708 45209  INFO  [026026] Doing some complicated stuff.. Random numbers are: 1481424283, 1013578378, 567543577.
2018-11-13 00:03:25,714 45215  INFO  [c9f69a] Started processing user request. Id = c9f69aca-b652-4bc0-a0bd-c702320b730c. Size = 11.07 KB.
2018-11-13 00:03:25,722 45223  INFO  [c9f69a] Doing some complicated stuff.. Random numbers are: 611065817, 1048327516, 1054464374.
2018-11-13 00:03:25,734 45235  INFO  [026026] Finished processing user request with id = 026026fd-5146-4a7a-b2f9-301cf4d61f75 in 00:00:00.0286932.
2018-11-13 00:03:25,740 45242  INFO  [c9f69a] Finished processing user request with id = c9f69aca-b652-4bc0-a0bd-c702320b730c in 00:00:00.0261536.
2018-11-13 00:03:25,747 45249  INFO  [c552c0] Started processing user request. Id = c552c08d-b5b3-44e5-b00c-7a398e106752. Size = 57.37 KB.
2018-11-13 00:03:25,759 45260  INFO  [c552c0] Doing some complicated stuff.. Random numbers are: 1497345694, 1250787072, 732165158.
2018-11-13 00:03:25,760 45261  INFO  [Metrics] Cpu: 0.79%; Memory: 19.79 GB/31.88 GB; Workers: 4/1024; IOCP: 0/1024
2018-11-13 00:03:25,772 45273  INFO  [87e5b6] Started processing user request. Id = 87e5b68e-5c71-43d4-accf-ac5bda940b89. Size = 17.09 KB.
2018-11-13 00:03:25,777 45278  INFO  [c552c0] Here's some useful guids:
		cfb6da25-8000-48ce-8e22-c054e7926ac1
		65430fa8-f5da-496b-9ce5-5981009d7976
		dce481cc-c89f-4bdf-a03b-6ab9a1ae63d1
2018-11-13 00:03:25,779 45280  INFO  [c552c0] Finished processing user request with id = c552c08d-b5b3-44e5-b00c-7a398e106752 in 00:00:00.0318767.
2018-11-13 00:03:25,782 45283  INFO  [87e5b6] Doing some complicated stuff.. Random numbers are: 316791430, 1228776985, 1750858943.
2018-11-13 00:03:25,792 45293  INFO  [090308] Started processing user request. Id = 090308b1-9d86-45d8-870f-de9095134e6c. Size = 38.8 KB.
2018-11-13 00:03:25,807 45308  INFO  [87e5b6] Here's some useful guids:
		557db998-6f42-4469-be6a-9d81acb74707
		2d62e272-7f1d-40c2-94e4-2f83e3225f15
		df7c6a4b-48eb-4690-ab39-0d553845a9a6
2018-11-13 00:03:25,811 45312  INFO  [090308] Doing some complicated stuff.. Random numbers are: 1906703851, 606557726, 1500665058.
2018-11-13 00:03:25,820 45321  INFO  [87e5b6] Finished processing user request with id = 87e5b68e-5c71-43d4-accf-ac5bda940b89 in 00:00:00.0480279.
2018-11-13 00:03:25,829 45330  INFO  [090308] Here's some useful guids:
		76162232-f295-4f1d-bcc0-9b7db2a47afe
		9afdd2c1-9e3c-4f9c-baf9-c340d0a5897d
		3ae5f84d-71e0-471c-a838-58a9f4a3c2a9
2018-11-13 00:03:25,829 45330  INFO  [090308] Finished processing user request with id = 090308b1-9d86-45d8-870f-de9095134e6c in 00:00:00.0364590.
2018-11-13 00:03:25,842 45343  INFO  [cca215] Started processing user request. Id = cca215df-481d-40b7-9ae6-05d500161668. Size = 76.73 KB.
2018-11-13 00:03:25,846 45347  INFO  [cca215] Doing some complicated stuff.. Random numbers are: 1646104367, 291532077, 1681344663.
2018-11-13 00:03:25,852 45353  INFO  [64a8bb] Started processing user request. Id = 64a8bb18-2f13-4daf-8b8a-230ab85c3617. Size = 829 B.
2018-11-13 00:03:25,854 45355  INFO  [cca215] Finished processing user request with id = cca215df-481d-40b7-9ae6-05d500161668 in 00:00:00.0113930.
2018-11-13 00:03:25,855 45356  INFO  [64a8bb] Doing some complicated stuff.. Random numbers are: 1600045441, 1296973247, 411646181.
2018-11-13 00:03:25,858 45360  INFO  [BackgroundDaemon] Starting iteration #15551.
2018-11-13 00:03:25,860 45361  INFO  [7842e3] Started processing user request. Id = 7842e304-d797-4528-9a52-c2d0a1f01ebd. Size = 16.25 KB.
2018-11-13 00:03:25,867 45368  INFO  [0a07e3] Started processing user request. Id = 0a07e30f-1236-46f7-937d-2d63ce2541e2. Size = 38.77 KB.
2018-11-13 00:03:25,874 45375  INFO  [7842e3] Doing some complicated stuff.. Random numbers are: 408850700, 1390530067, 1593980191.
2018-11-13 00:03:25,879 45380  INFO  [0a07e3] Doing some complicated stuff.. Random numbers are: 166422589, 1693105369, 83642845.
2018-11-13 00:03:25,901 45402  INFO  [0a07e3] Finished processing user request with id = 0a07e30f-1236-46f7-937d-2d63ce2541e2 in 00:00:00.0338675.
2018-11-13 00:03:25,906 45407  INFO  [64a8bb] Finished processing user request with id = 64a8bb18-2f13-4daf-8b8a-230ab85c3617 in 00:00:00.0541999.
2018-11-13 00:03:25,914 45415  INFO  [bf520e] Started processing user request. Id = bf520eed-2721-4879-aa65-ad16e10a61dd. Size = 79.61 KB.
2018-11-13 00:03:25,923 45424  INFO  [bf520e] Doing some complicated stuff.. Random numbers are: 1026237603, 1295869399, 649248272.
2018-11-13 00:03:25,937 45438  INFO  [b7659c] Started processing user request. Id = b7659c4b-42f6-48c1-b5ad-9590517be775. Size = 29.42 KB.
2018-11-13 00:03:25,939 45440  INFO  [7842e3] Finished processing user request with id = 7842e304-d797-4528-9a52-c2d0a1f01ebd in 00:00:00.0797437.
2018-11-13 00:03:25,948 45449  INFO  [b7659c] Doing some complicated stuff.. Random numbers are: 1864770373, 844795087, 271356384.
2018-11-13 00:03:25,951 45452  INFO  [BackgroundDaemon] Processing data (8% completed)..
2018-11-13 00:03:25,953 45454  INFO  [bf520e] Here's some useful guids:
		1628af73-3319-4324-bcd7-8f697d63b165
2018-11-13 00:03:25,953 45454  INFO  [bf520e] Finished processing user request with id = bf520eed-2721-4879-aa65-ad16e10a61dd in 00:00:00.0382633.
2018-11-13 00:03:25,966 45468  INFO  [64654f] Started processing user request. Id = 64654f38-7225-4275-84d3-8d1d1564d031. Size = 97.26 KB.
2018-11-13 00:03:25,966 45468  INFO  [64654f] Doing some complicated stuff.. Random numbers are: 2022173592, 1644497855, 1773057118.
2018-11-13 00:03:25,975 45476  INFO  [BackgroundDaemon] Processing data (39% completed)..
2018-11-13 00:03:25,982 45484  INFO  [64654f] Finished processing user request with id = 64654f38-7225-4275-84d3-8d1d1564d031 in 00:00:00.0160764.
2018-11-13 00:03:25,985 45486  INFO  [b7659c] Here's some useful guids:
		ed0250ba-eaf7-4e88-9c69-2fd6529e920c
		85bcf45a-1738-4ae5-9ee8-fbf199728315
		f0bfb09b-53ad-4abb-ac5f-2251bd5d7527
2018-11-13 00:03:25,992 45493  INFO  [b7659c] Finished processing user request with id = b7659c4b-42f6-48c1-b5ad-9590517be775 in 00:00:00.0542847.
2018-11-13 00:03:25,996 45497  INFO  [5e6278] Started processing user request. Id = 5e6278e7-f7f2-4946-a373-529ff3e887a0. Size = 55.11 KB.
2018-11-13 00:03:26,011 45512  INFO  [5e6278] Doing some complicated stuff.. Random numbers are: 456455270, 1040386101, 145313930.
2018-11-13 00:03:26,023 45524  INFO  [a45492] Started processing user request. Id = a45492ff-803b-4b46-8b50-bf0034940981. Size = 7.35 KB.
2018-11-13 00:03:26,028 45529  INFO  [BackgroundDaemon] Processing data (51% completed)..
2018-11-13 00:03:26,028 45529  INFO  [BackgroundDaemon] Finished iteration in 00:00:00.1694408.
2018-11-13 00:03:26,035 45536  INFO  [a45492] Doing some complicated stuff.. Random numbers are: 676450082, 1569076028, 1698927063.
2018-11-13 00:03:26,040 45542  ERROR [a45492] 
System.InvalidOperationException: Oh no! An error occurred!
2018-11-13 00:03:26,072 45573  INFO  [5e6278] Finished processing user request with id = 5e6278e7-f7f2-4946-a373-529ff3e887a0 in 00:00:00.0761250.
2018-11-13 00:03:26,072 45573  INFO  [8a8f31] Started processing user request. Id = 8a8f31ad-4c2b-4722-a02c-54604e9ed007. Size = 14.13 KB.
2018-11-13 00:03:26,084 45585  INFO  [8a8f31] Doing some complicated stuff.. Random numbers are: 1122626715, 1796432937, 1977478637.
2018-11-13 00:03:26,085 45586  INFO  [f3ef9a] Started processing user request. Id = f3ef9ab8-92e7-4bbc-b048-5e2cb22022dd. Size = 15.71 KB.
2018-11-13 00:03:26,102 45603  INFO  [f3ef9a] Doing some complicated stuff.. Random numbers are: 339522264, 2087910975, 1830174114.
2018-11-13 00:03:26,106 45607  INFO  [b643d6] Started processing user request. Id = b643d625-da46-4fbb-b693-82e903a28bed. Size = 67.9 KB.
2018-11-13 00:03:26,121 45623  INFO  [b643d6] Doing some complicated stuff.. Random numbers are: 760009419, 653323566, 1550176724.
2018-11-13 00:03:26,124 45626  INFO  [8a8f31] Finished processing user request with id = 8a8f31ad-4c2b-4722-a02c-54604e9ed007 in 00:00:00.0526833.
2018-11-13 00:03:26,142 45644  INFO  [b643d6] Here's some useful guids:
		b843edea-979d-4f70-be60-4b41ece03984
		276967f7-d970-4c1b-9fe8-a7a2c3af5e69
		88e6f65b-17a6-4b65-aa9a-ece75dc71c66
2018-11-13 00:03:26,144 45645  INFO  [f3ef9a] Finished processing user request with id = f3ef9ab8-92e7-4bbc-b048-5e2cb22022dd in 00:00:00.0586705.
2018-11-13 00:03:26,156 45657  INFO  [b643d6] Finished processing user request with id = b643d625-da46-4fbb-b693-82e903a28bed in 00:00:00.0493203.
2018-11-13 00:03:26,156 45657  INFO  [fdac6c] Started processing user request. Id = fdac6cd6-ff85-4532-86b1-33d439583a3e. Size = 74.09 KB.
2018-11-13 00:03:26,157 45658  INFO  [ba94ce] Started processing user request. Id = ba94ce97-710f-4dee-af6c-38f89e925064. Size = 17.51 KB.
2018-11-13 00:03:26,158 45659  INFO  [fdac6c] Doing some complicated stuff.. Random numbers are: 2044467077, 1107748588, 751980674.
2018-11-13 00:03:26,174 45675  INFO  [ba94ce] Doing some complicated stuff.. Random numbers are: 36169179, 42248682, 1622133753.
2018-11-13 00:03:26,179 45680  INFO  [ba94ce] Here's some useful guids:
		56a5fdeb-df7f-4ced-8f66-da43a6539f7e
2018-11-13 00:03:26,192 45693  INFO  [fdac6c] Finished processing user request with id = fdac6cd6-ff85-4532-86b1-33d439583a3e in 00:00:00.0361654.
2018-11-13 00:03:26,195 45696  INFO  [ba94ce] Finished processing user request with id = ba94ce97-710f-4dee-af6c-38f89e925064 in 00:00:00.0381569.
2018-11-13 00:03:26,209 45710  INFO  [0adecf] Started processing user request. Id = 0adecf05-fe3e-419d-ad1c-f49cffbd178a. Size = 80.05 KB.
2018-11-13 00:03:26,215 45716  INFO  [0adecf] Doing some complicated stuff.. Random numbers are: 1444873168, 301439054, 1573463274.
2018-11-13 00:03:26,223 45724  INFO  [12e733] Started processing user request. Id = 12e7339d-f8fb-48cd-916c-a316d4eb55b9. Size = 11.17 KB.
2018-11-13 00:03:26,223 45724  INFO  [12e733] Doing some complicated stuff.. Random numbers are: 1404720159, 1181113072, 475666483.
2018-11-13 00:03:26,229 45730  INFO  [BackgroundDaemon] Starting iteration #15552.
2018-11-13 00:03:26,253 45754  INFO  [0adecf] Here's some useful guids:
		c7c4df34-8590-464b-83cc-931eab1b51de
		a10317c5-5953-443a-918b-29cc72921b77
		7a4aa6be-8bad-4e8f-8107-cef9690d344b
		839ba504-5b9a-47f8-8e17-03c7e5cc70cc
		e28228c2-0264-4f87-a08a-ea1261615381
2018-11-13 00:03:26,257 45758  INFO  [12e733] Here's some useful guids:
		f25e2e13-fc50-4d35-a7b1-3bd150790eba
		78ab0cb1-5f46-405a-bcf5-5b6649bafdf9
2018-11-13 00:03:26,259 45760  INFO  [Metrics] Cpu: 0.63%; Memory: 19.79 GB/31.88 GB; Workers: 4/1024; IOCP: 0/1024
2018-11-13 00:03:26,268 45769  INFO  [BackgroundDaemon] Processing data (15% completed)..
2018-11-13 00:03:26,271 45772  ERROR [0adecf] 
System.InvalidOperationException: Oh no! An error occurred!
2018-11-13 00:03:26,274 45775  INFO  [12e733] Finished processing user request with id = 12e7339d-f8fb-48cd-916c-a316d4eb55b9 in 00:00:00.0510678.
2018-11-13 00:03:26,284 45785  INFO  [664b19] Started processing user request. Id = 664b1911-6db0-4e21-911a-979e678c255b. Size = 40.26 KB.
2018-11-13 00:03:26,297 45798  INFO  [664b19] Doing some complicated stuff.. Random numbers are: 1294447535, 15530153, 1714131149.
2018-11-13 00:03:26,300 45801  INFO  [BackgroundDaemon] Processing data (49% completed)..
2018-11-13 00:03:26,306 45807  INFO  [e5c438] Started processing user request. Id = e5c4385a-2b77-46b5-aada-da7535298674. Size = 38.59 KB.
2018-11-13 00:03:26,323 45824  INFO  [3c684e] Started processing user request. Id = 3c684e49-132b-4cb9-9813-1789c7a57e67. Size = 14.22 KB.
2018-11-13 00:03:26,326 45827  INFO  [e5c438] Doing some complicated stuff.. Random numbers are: 1195696851, 754961501, 850970085.
2018-11-13 00:03:26,327 45828  INFO  [3c684e] Doing some complicated stuff.. Random numbers are: 539830372, 962809865, 1678196011.
2018-11-13 00:03:26,331 45832  INFO  [664b19] Here's some useful guids:
		7f8537f6-b870-468e-95ff-0ee5f4ac5f57
		dd84cdae-4c9e-4229-a29e-2089183daf77
		51bb9c6b-d7fe-4fbe-a550-390ab20f3160
		1382ca30-dbeb-4cff-aa9d-16ccaa07a5aa
2018-11-13 00:03:26,331 45832  INFO  [664b19] Finished processing user request with id = 664b1911-6db0-4e21-911a-979e678c255b in 00:00:00.0469866.
2018-11-13 00:03:26,336 45837  INFO  [e5c438] Finished processing user request with id = e5c4385a-2b77-46b5-aada-da7535298674 in 00:00:00.0301195.
2018-11-13 00:03:26,344 45845  INFO  [077c9b] Started processing user request. Id = 077c9b18-54dd-41c6-82c0-9d6a707b12b8. Size = 31.82 KB.
2018-11-13 00:03:26,349 45850  INFO  [BackgroundDaemon] Processing data (94% completed)..
2018-11-13 00:03:26,349 45850  INFO  [BackgroundDaemon] Finished iteration in 00:00:00.1201495.
2018-11-13 00:03:26,358 45859  INFO  [3c684e] Here's some useful guids:
		8e8f1f3f-ec09-464d-b808-cb01de780a26
		ed1fa680-a27b-40fd-a873-fcd97403ca7d
2018-11-13 00:03:26,364 45865  INFO  [077c9b] Doing some complicated stuff.. Random numbers are: 518761457, 662658098, 1546618332.
2018-11-13 00:03:26,368 45869  INFO  [08f728] Started processing user request. Id = 08f728ca-6f4d-478f-bcc7-473ca5a93ef0. Size = 66.59 KB.
2018-11-13 00:03:26,374 45875  INFO  [3c684e] Finished processing user request with id = 3c684e49-132b-4cb9-9813-1789c7a57e67 in 00:00:00.0510936.
2018-11-13 00:03:26,386 45887  INFO  [08f728] Doing some complicated stuff.. Random numbers are: 1913156553, 366924196, 484841116.
2018-11-13 00:03:26,400 45901  INFO  [077c9b] Finished processing user request with id = 077c9b18-54dd-41c6-82c0-9d6a707b12b8 in 00:00:00.0560935.
2018-11-13 00:03:26,413 45914  INFO  [bb587d] Started processing user request. Id = bb587d01-fbe3-4c13-91bb-bac802db9799. Size = 11.04 KB.
2018-11-13 00:03:26,420 45921  INFO  [bb587d] Doing some complicated stuff.. Random numbers are: 6597312, 917828177, 528676917.
2018-11-13 00:03:26,426 45927  INFO  [08f728] Finished processing user request with id = 08f728ca-6f4d-478f-bcc7-473ca5a93ef0 in 00:00:00.0583239.
2018-11-13 00:03:26,457 45958  INFO  [444949] Started processing user request. Id = 444949c2-8f10-4c29-870b-11ae8251f267. Size = 54.86 KB.
2018-11-13 00:03:26,457 45958  INFO  [bb587d] Here's some useful guids:
		4c9e5686-b810-4d9a-8312-7639d76828bb
		69854a80-282e-4ddf-bc2a-f5c5c88e71cc
		68305f04-0165-475c-83cf-050162275319
2018-11-13 00:03:26,462 45963  INFO  [444949] Doing some complicated stuff.. Random numbers are: 1362174410, 1841770297, 1188373369.
2018-11-13 00:03:26,479 45980  INFO  [bb587d] Finished processing user request with id = bb587d01-fbe3-4c13-91bb-bac802db9799 in 00:00:00.0657308.
2018-11-13 00:03:26,492 45993  INFO  [fde492] Started processing user request. Id = fde49277-b8df-4a14-bd6a-6a362eba5b48. Size = 3.83 KB.
2018-11-13 00:03:26,495 45996  INFO  [444949] Finished processing user request with id = 444949c2-8f10-4c29-870b-11ae8251f267 in 00:00:00.0379868.
2018-11-13 00:03:26,508 46009  INFO  [fde492] Doing some complicated stuff.. Random numbers are: 1528223227, 380865285, 1386645013.
2018-11-13 00:03:26,527 46028  INFO  [b222d7] Started processing user request. Id = b222d730-1aa3-4fbe-9b7b-3166c2d9c765. Size = 58.3 KB.
2018-11-13 00:03:26,533 46034  INFO  [fde492] Finished processing user request with id = fde49277-b8df-4a14-bd6a-6a362eba5b48 in 00:00:00.0407477.
2018-11-13 00:03:26,534 46035  INFO  [b222d7] Doing some complicated stuff.. Random numbers are: 1487161724, 989925246, 1165477754.
2018-11-13 00:03:26,542 46043  INFO  [0d25b7] Started processing user request. Id = 0d25b75b-fcbe-4c0f-bf2f-fff7d2f4d15d. Size = 94.84 KB.
2018-11-13 00:03:26,545 46046  INFO  [0d25b7] Doing some complicated stuff.. Random numbers are: 687693714, 588757086, 1519492049.
2018-11-13 00:03:26,546 46047  INFO  [611e4d] Started processing user request. Id = 611e4d54-1cf9-437b-b80c-65472f511e78. Size = 21.74 KB.
2018-11-13 00:03:26,550 46051  INFO  [BackgroundDaemon] Starting iteration #15553.
2018-11-13 00:03:26,564 46065  INFO  [611e4d] Doing some complicated stuff.. Random numbers are: 1976997038, 1025425143, 98384721.
2018-11-13 00:03:26,571 46072  INFO  [b222d7] Here's some useful guids:
		7f5b87eb-d862-4c22-8493-166d32734439
		eedc7791-a2dd-454c-929f-776a8869d6e0
2018-11-13 00:03:26,577 46078  INFO  [611e4d] Here's some useful guids:
		cbe7c370-1076-4c58-8beb-5c90eb7ef7be
		901fcb00-f6a2-459a-abc3-50ea470e1b58
		f6996e0f-6cc4-461f-a3a4-bcff6e14a81c
		77e182cb-0f8b-4082-8b86-80186242ae57
		a615eb29-da79-4e19-a703-bdcd23742575
2018-11-13 00:03:26,577 46078  INFO  [611e4d] Finished processing user request with id = 611e4d54-1cf9-437b-b80c-65472f511e78 in 00:00:00.0311632.
2018-11-13 00:03:26,584 46085  INFO  [b222d7] Finished processing user request with id = b222d730-1aa3-4fbe-9b7b-3166c2d9c765 in 00:00:00.0570764.
2018-11-13 00:03:26,588 46089  INFO  [0d25b7] Finished processing user request with id = 0d25b75b-fcbe-4c0f-bf2f-fff7d2f4d15d in 00:00:00.0459280.
2018-11-13 00:03:26,591 46092  INFO  [03932e] Started processing user request. Id = 03932e50-fbad-426c-9838-df8c3ddc9f44. Size = 41.24 KB.
2018-11-13 00:03:26,595 46096  INFO  [03932e] Doing some complicated stuff.. Random numbers are: 336712190, 1014502824, 1850285342.
2018-11-13 00:03:26,606 46107  INFO  [BackgroundDaemon] Processing data (8% completed)..
2018-11-13 00:03:26,616 46117  INFO  [7a50b7] Started processing user request. Id = 7a50b78d-3342-4c7b-a64a-5841485bd535. Size = 72.75 KB.
2018-11-13 00:03:26,627 46128  INFO  [03932e] Finished processing user request with id = 03932e50-fbad-426c-9838-df8c3ddc9f44 in 00:00:00.0364789.
2018-11-13 00:03:26,627 46128  INFO  [7a50b7] Doing some complicated stuff.. Random numbers are: 991184449, 1070483234, 919438257.
2018-11-13 00:03:26,640 46141  INFO  [8f1084] Started processing user request. Id = 8f10846d-f25a-4921-9ee2-fa0b0256bd45. Size = 35 KB.
2018-11-13 00:03:26,642 46143  INFO  [8f1084] Doing some complicated stuff.. Random numbers are: 1572344374, 816685910, 1011171264.
2018-11-13 00:03:26,642 46143  INFO  [7a50b7] Finished processing user request with id = 7a50b78d-3342-4c7b-a64a-5841485bd535 in 00:00:00.0267838.
2018-11-13 00:03:26,661 46163  INFO  [8f1084] Finished processing user request with id = 8f10846d-f25a-4921-9ee2-fa0b0256bd45 in 00:00:00.0210658.
2018-11-13 00:03:26,664 46165  INFO  [BackgroundDaemon] Processing data (21% completed)..
2018-11-13 00:03:26,674 46175  INFO  [e2c1d4] Started processing user request. Id = e2c1d4d2-7f92-4f7f-a35d-214e60e5b374. Size = 83.45 KB.
2018-11-13 00:03:26,675 46176  INFO  [7fa9b9] Started processing user request. Id = 7fa9b9f2-2533-409e-a7be-134d9a1483ba. Size = 79.74 KB.
2018-11-13 00:03:26,682 46183  INFO  [e2c1d4] Doing some complicated stuff.. Random numbers are: 1400927765, 1231385017, 1462842258.
2018-11-13 00:03:26,687 46188  INFO  [7fa9b9] Doing some complicated stuff.. Random numbers are: 1958007668, 405793587, 457811291.
2018-11-13 00:03:26,701 46202  INFO  [e2c1d4] Finished processing user request with id = e2c1d4d2-7f92-4f7f-a35d-214e60e5b374 in 00:00:00.0273187.
2018-11-13 00:03:26,715 46216  INFO  [BackgroundDaemon] Processing data (82% completed)..
2018-11-13 00:03:26,715 46216  INFO  [BackgroundDaemon] Finished iteration in 00:00:00.1647518.
2018-11-13 00:03:26,717 46218  INFO  [7fa9b9] Here's some useful guids:
		c856c2ad-4039-4d44-b31a-804572a83a68
2018-11-13 00:03:26,722 46223  INFO  [7fa9b9] Finished processing user request with id = 7fa9b9f2-2533-409e-a7be-134d9a1483ba in 00:00:00.0475013.
2018-11-13 00:03:26,733 46234  INFO  [a5e379] Started processing user request. Id = a5e379df-86ff-40d6-9843-311f4388331a. Size = 52.56 KB.
2018-11-13 00:03:26,735 46236  INFO  [e3631a] Started processing user request. Id = e3631ab5-00ca-4cf0-a352-a82159bc21ee. Size = 93.95 KB.
2018-11-13 00:03:26,737 46238  INFO  [e3631a] Doing some complicated stuff.. Random numbers are: 251425817, 216696000, 119699114.
2018-11-13 00:03:26,741 46242  INFO  [a5e379] Doing some complicated stuff.. Random numbers are: 1751068787, 1342733137, 596031130.
2018-11-13 00:03:26,742 46243  INFO  [e3631a] Here's some useful guids:
		74fd38f3-552b-4f56-81ec-111a63a3eed0
2018-11-13 00:03:26,755 46256  INFO  [8c383c] Started processing user request. Id = 8c383c5c-922f-4071-b859-c0283664a51b. Size = 62.56 KB.
2018-11-13 00:03:26,758 46259  INFO  [Metrics] Cpu: 0.63%; Memory: 19.79 GB/31.88 GB; Workers: 4/1024; IOCP: 0/1024
2018-11-13 00:03:26,768 46269  INFO  [8c383c] Doing some complicated stuff.. Random numbers are: 456378216, 1841194462, 2070063800.
2018-11-13 00:03:26,769 46270  INFO  [e3631a] Finished processing user request with id = e3631ab5-00ca-4cf0-a352-a82159bc21ee in 00:00:00.0336684.
2018-11-13 00:03:26,770 46271  INFO  [8c383c] Here's some useful guids:
		5feaa649-2cef-4f30-8308-7815309154b4
		b30f770f-680d-4150-a038-b26fc6b9d16e
		ee00f4cf-d3b1-4489-afa5-cfffc180de17
		1a585dd8-6678-489d-b35d-5d28fe53ff6e
		7ee32f4a-0e27-4cdb-bc1b-19d9114f91cc
2018-11-13 00:03:26,770 46271  INFO  [8c383c] Finished processing user request with id = 8c383c5c-922f-4071-b859-c0283664a51b in 00:00:00.0150539.
2018-11-13 00:03:26,773 46274  INFO  [a5e379] Here's some useful guids:
		7dc40dc7-5053-4f8c-ab5e-1735ad5e6d83
		9eef3639-6260-42ff-8495-0055834991aa
		bd64c030-a46a-4975-a60a-f1097d12f309
		6e1f356e-afcf-4535-b094-dd0bb2caf636
		c433b16b-0346-4906-aaf5-ac0249c76137
2018-11-13 00:03:26,776 46277  INFO  [a5e379] Finished processing user request with id = a5e379df-86ff-40d6-9843-311f4388331a in 00:00:00.0430436.
2018-11-13 00:03:26,783 46284  INFO  [3581bf] Started processing user request. Id = 3581bf73-17c6-4359-a025-ec09bfc9cc2d. Size = 83.42 KB.
2018-11-13 00:03:26,796 46297  INFO  [3581bf] Doing some complicated stuff.. Random numbers are: 105824021, 2125291363, 668924914.
2018-11-13 00:03:26,808 46309  INFO  [057512] Started processing user request. Id = 0575123e-0ca3-4cf2-8494-a37b38fb1703. Size = 39.73 KB.
2018-11-13 00:03:26,827 46328  INFO  [057512] Doing some complicated stuff.. Random numbers are: 1951246697, 1990006275, 1039226768.
2018-11-13 00:03:26,846 46347  INFO  [057512] Here's some useful guids:
		cb356d03-df33-4a48-9668-f1fec36098ac
		c46c5a14-fda0-4870-9521-c05bf69ea9b7
		06ef1c6e-2df9-4373-975a-cf253a344c31
		d98d3f71-b4a7-444f-82cb-995c2ccb879d
2018-11-13 00:03:26,849 46350  INFO  [057512] Finished processing user request with id = 0575123e-0ca3-4cf2-8494-a37b38fb1703 in 00:00:00.0409002.
2018-11-13 00:03:26,849 46350  INFO  [3581bf] Finished processing user request with id = 3581bf73-17c6-4359-a025-ec09bfc9cc2d in 00:00:00.0659537.
2018-11-13 00:03:26,862 46363  INFO  [2fc8ae] Started processing user request. Id = 2fc8ae42-c42e-4ac0-80ec-4ac333d923b5. Size = 44.14 KB.
2018-11-13 00:03:26,866 46367  INFO  [2fc8ae] Doing some complicated stuff.. Random numbers are: 141831605, 2111787433, 1109117960.
2018-11-13 00:03:26,866 46367  INFO  [2fc8ae] Here's some useful guids:
		61e72c93-dcb0-4a46-b8c7-d4f41e78a914
		f524aaf2-d7ab-4f6e-8c43-90cdacbf08f3
		dab519f1-b447-4e0e-8eaf-a78ba907ade0
2018-11-13 00:03:26,873 46374  INFO  [2fc8ae] Finished processing user request with id = 2fc8ae42-c42e-4ac0-80ec-4ac333d923b5 in 00:00:00.0109938.
2018-11-13 00:03:26,880 46381  INFO  [fdd3ef] Started processing user request. Id = fdd3efee-af1b-4e5d-ab71-f7cad03fb1d4. Size = 20.23 KB.
2018-11-13 00:03:26,886 46387  INFO  [6f1b91] Started processing user request. Id = 6f1b915f-639c-45d0-a742-3a9dc8a059ed. Size = 38.27 KB.
2018-11-13 00:03:26,889 46390  INFO  [6f1b91] Doing some complicated stuff.. Random numbers are: 1514631319, 631706097, 1571932832.
2018-11-13 00:03:26,895 46396  INFO  [fdd3ef] Doing some complicated stuff.. Random numbers are: 2134802822, 822755115, 1080928601.
2018-11-13 00:03:26,907 46408  INFO  [6f1b91] Here's some useful guids:
		49b5e579-9dbb-4565-b1b1-2c6a1e13ee66
		f94b731f-4a80-499e-a517-cd73ee1fe3cc
2018-11-13 00:03:26,915 46416  INFO  [BackgroundDaemon] Starting iteration #15554.
2018-11-13 00:03:26,935 46436  INFO  [fdd3ef] Finished processing user request with id = fdd3efee-af1b-4e5d-ab71-f7cad03fb1d4 in 00:00:00.0551319.
2018-11-13 00:03:26,936 46437  INFO  [6f1b91] Finished processing user request with id = 6f1b915f-639c-45d0-a742-3a9dc8a059ed in 00:00:00.0500499.
2018-11-13 00:03:26,937 46438  INFO  [7fcbc8] Started processing user request. Id = 7fcbc889-d818-4015-a597-d0af9d627da3. Size = 9.82 KB.
2018-11-13 00:03:26,943 46444  INFO  [7fcbc8] Doing some complicated stuff.. Random numbers are: 265234636, 1434414589, 1571909844.
2018-11-13 00:03:26,950 46451  INFO  [22af63] Started processing user request. Id = 22af638c-cec0-4e26-9053-4add3a4d44c0. Size = 25.25 KB.
2018-11-13 00:03:26,954 46455  INFO  [22af63] Doing some complicated stuff.. Random numbers are: 98557683, 209486525, 2122089829.
2018-11-13 00:03:26,966 46467  INFO  [ba9bad] Started processing user request. Id = ba9bad76-d5bd-464a-a991-9ee759138ed2. Size = 1.11 KB.
2018-11-13 00:03:26,971 46472  INFO  [7fcbc8] Here's some useful guids:
		bdee24d3-5078-4576-8753-a755ac660344
		cf2100c9-d59e-439d-ab4f-056ec6daffec
		f9aacff2-e11e-4723-b986-f9aa63be3a3c
		c93f2498-98fc-4d2e-ad8d-26d87b6a307a
		ddc4ada2-a83d-462e-9d41-316870085bf4
2018-11-13 00:03:26,972 46473  INFO  [ba9bad] Doing some complicated stuff.. Random numbers are: 1553965341, 1237873081, 436580867.
2018-11-13 00:03:26,980 46481  INFO  [7fcbc8] Finished processing user request with id = 7fcbc889-d818-4015-a597-d0af9d627da3 in 00:00:00.0427539.
2018-11-13 00:03:26,984 46485  INFO  [22af63] Here's some useful guids:
		1b4514a0-89d0-4833-afbf-db158c4a7b86
		b5409eea-7ae5-44a4-8794-8c8800fdb9bd
		b12084e2-7107-46b2-8a5e-7cd393f7a04e
2018-11-13 00:03:27,002 46503  INFO  [ba9bad] Here's some useful guids:
		44ba9e90-1fb2-450e-91df-416902cabfc2
		7ae1b657-ff26-48b5-a06d-72f7dd1e888e
2018-11-13 00:03:27,006 46507  INFO  [ba9bad] Finished processing user request with id = ba9bad76-d5bd-464a-a991-9ee759138ed2 in 00:00:00.0394932.
2018-11-13 00:03:27,012 46513  INFO  [22af63] Finished processing user request with id = 22af638c-cec0-4e26-9053-4add3a4d44c0 in 00:00:00.0616936.
2018-11-13 00:03:27,014 46515  INFO  [BackgroundDaemon] Processing data (16% completed)..
2018-11-13 00:03:27,025 46526  INFO  [316706] Started processing user request. Id = 316706a9-9bb6-42fd-a996-341f63cb248d. Size = 27.67 KB.
2018-11-13 00:03:27,037 46538  INFO  [09167d] Started processing user request. Id = 09167dc6-40a9-4470-8bd8-62d655cd0d6e. Size = 66.16 KB.
2018-11-13 00:03:27,041 46542  INFO  [316706] Doing some complicated stuff.. Random numbers are: 1784706949, 1393201653, 1593776792.
2018-11-13 00:03:27,042 46543  INFO  [09167d] Doing some complicated stuff.. Random numbers are: 1201152619, 24590756, 733996293.
2018-11-13 00:03:27,070 46571  INFO  [316706] Finished processing user request with id = 316706a9-9bb6-42fd-a996-341f63cb248d in 00:00:00.0452723.
2018-11-13 00:03:27,076 46577  INFO  [BackgroundDaemon] Processing data (44% completed)..
2018-11-13 00:03:27,080 46581  INFO  [09167d] Here's some useful guids:
		75d6aa77-d84a-4a38-85cd-648004675714
		ba9ac557-8cc3-47b1-8e01-879b8139e0c7
		2edd5e51-ddf3-4073-aed6-5a5121d12439
		434de2ac-09ca-45a0-9584-855f02695e84
		1f874cd7-0fa1-4ee6-95b6-f13f97f4ede2
2018-11-13 00:03:27,084 46585  INFO  [e280e1] Started processing user request. Id = e280e10f-0f7c-4109-9a4e-4a9aa46f8344. Size = 8.59 KB.
2018-11-13 00:03:27,095 46596  INFO  [09167d] Finished processing user request with id = 09167dc6-40a9-4470-8bd8-62d655cd0d6e in 00:00:00.0583738.
2018-11-13 00:03:27,096 46597  INFO  [e280e1] Doing some complicated stuff.. Random numbers are: 1439887091, 122806801, 376330618.
2018-11-13 00:03:27,109 46610  INFO  [BackgroundDaemon] Processing data (50% completed)..
2018-11-13 00:03:27,109 46610  INFO  [BackgroundDaemon] Finished iteration in 00:00:00.1938347.
2018-11-13 00:03:27,116 46617  INFO  [e280e1] Here's some useful guids:
		1669e429-a2ab-4c13-9f56-8ddf616a240d
2018-11-13 00:03:27,127 46628  INFO  [717a6b] Started processing user request. Id = 717a6b75-9ff0-4b5c-aa2a-2b18bf325ba1. Size = 12.11 KB.
2018-11-13 00:03:27,128 46629  INFO  [e280e1] Finished processing user request with id = e280e10f-0f7c-4109-9a4e-4a9aa46f8344 in 00:00:00.0441377.
2018-11-13 00:03:27,133 46634  INFO  [717a6b] Doing some complicated stuff.. Random numbers are: 1266593323, 1549692039, 1349664681.
2018-11-13 00:03:27,141 46642  INFO  [6c58b5] Started processing user request. Id = 6c58b5d1-e16e-4b74-a721-0410408e78a9. Size = 52.98 KB.
2018-11-13 00:03:27,144 46645  INFO  [6c58b5] Doing some complicated stuff.. Random numbers are: 1485508556, 2039200511, 1745578840.
2018-11-13 00:03:27,147 46648  INFO  [2782a8] Started processing user request. Id = 2782a870-3af7-4722-8951-5e6e68f1be9f. Size = 88.06 KB.
2018-11-13 00:03:27,155 46656  INFO  [6c58b5] Here's some useful guids:
		65ef8cd8-a631-44fa-996e-b201845a2170
2018-11-13 00:03:27,158 46659  INFO  [2782a8] Doing some complicated stuff.. Random numbers are: 1411878075, 959068451, 1609356517.
2018-11-13 00:03:27,181 46682  INFO  [717a6b] Finished processing user request with id = 717a6b75-9ff0-4b5c-aa2a-2b18bf325ba1 in 00:00:00.0534220.
2018-11-13 00:03:27,185 46686  ERROR [6c58b5] 
System.InvalidOperationException: Oh no! An error occurred!
2018-11-13 00:03:27,198 46699  INFO  [b33951] Started processing user request. Id = b3395106-1b12-480c-afa3-98fab7d8a925. Size = 73.99 KB.
2018-11-13 00:03:27,204 46705  INFO  [2782a8] Finished processing user request with id = 2782a870-3af7-4722-8951-5e6e68f1be9f in 00:00:00.0569084.
2018-11-13 00:03:27,212 46713  INFO  [a7340e] Started processing user request. Id = a7340e1e-ec29-44b8-9e02-e63d9ea6b6b9. Size = 11.96 KB.
2018-11-13 00:03:27,212 46713  INFO  [a7340e] Doing some complicated stuff.. Random numbers are: 2038096559, 678643862, 125635231.
2018-11-13 00:03:27,215 46716  INFO  [b33951] Doing some complicated stuff.. Random numbers are: 1863678794, 1138974744, 759642109.
2018-11-13 00:03:27,235 46736  INFO  [a7340e] Finished processing user request with id = a7340e1e-ec29-44b8-9e02-e63d9ea6b6b9 in 00:00:00.0232499.
2018-11-13 00:03:27,253 46754  INFO  [b33951] Finished processing user request with id = b3395106-1b12-480c-afa3-98fab7d8a925 in 00:00:00.0554073.
2018-11-13 00:03:27,257 46758  INFO  [Metrics] Cpu: 0.21%; Memory: 19.79 GB/31.88 GB; Workers: 4/1024; IOCP: 0/1024
2018-11-13 00:03:27,267 46768  INFO  [843214] Started processing user request. Id = 843214da-9ae4-421f-b7b1-3aad4a7a3e39. Size = 54.18 KB.
2018-11-13 00:03:27,267 46768  INFO  [18c344] Started processing user request. Id = 18c3442a-2ce9-4a7e-8234-18e7999e4248. Size = 69.22 KB.
2018-11-13 00:03:27,269 46770  INFO  [843214] Doing some complicated stuff.. Random numbers are: 1199732784, 48541555, 1372036944.
2018-11-13 00:03:27,270 46771  INFO  [18c344] Doing some complicated stuff.. Random numbers are: 1011013238, 144618221, 626439600.
2018-11-13 00:03:27,283 46784  INFO  [18c344] Here's some useful guids:
		5c546737-c3df-4f39-baa8-0ea053d8e0b2
		2418f606-d013-4ed6-8da2-57acfee5f32c
		d0b48d43-c0ce-441b-bf47-db1af6c9611b
2018-11-13 00:03:27,302 46803  INFO  [18c344] Finished processing user request with id = 18c3442a-2ce9-4a7e-8234-18e7999e4248 in 00:00:00.0352722.
2018-11-13 00:03:27,304 46805  INFO  [843214] Here's some useful guids:
		ea10ec97-5397-482a-bcf1-46e152431992
		b1848d60-fea4-4acb-a20e-f4b821315b69
		9c246522-9a96-4456-9932-c426a770f7c8
2018-11-13 00:03:27,308 46809  INFO  [843214] Finished processing user request with id = 843214da-9ae4-421f-b7b1-3aad4a7a3e39 in 00:00:00.0412779.
2018-11-13 00:03:27,310 46811  INFO  [BackgroundDaemon] Starting iteration #15555.
2018-11-13 00:03:27,322 46823  INFO  [3894b7] Started processing user request. Id = 3894b71c-9b03-4a95-a9e2-0e1effe8ea19. Size = 59.4 KB.
2018-11-13 00:03:27,333 46834  INFO  [e9f82f] Started processing user request. Id = e9f82fae-3f83-43e3-8812-07ea7a0abb8d. Size = 64.02 KB.
2018-11-13 00:03:27,337 46838  INFO  [3894b7] Doing some complicated stuff.. Random numbers are: 1326888689, 1554935518, 492401234.
2018-11-13 00:03:27,342 46843  INFO  [e9f82f] Doing some complicated stuff.. Random numbers are: 521457265, 701680305, 723163324.
2018-11-13 00:03:27,370 46871  INFO  [3894b7] Finished processing user request with id = 3894b71c-9b03-4a95-a9e2-0e1effe8ea19 in 00:00:00.0481834.
2018-11-13 00:03:27,371 46872  INFO  [1cced8] Started processing user request. Id = 1cced8ff-c8fa-4e48-8feb-8f0919e1c6c8. Size = 58.56 KB.
2018-11-13 00:03:27,377 46878  INFO  [1cced8] Doing some complicated stuff.. Random numbers are: 1494362058, 1133245165, 1724483640.
2018-11-13 00:03:27,384 46885  INFO  [a29e59] Started processing user request. Id = a29e59dd-a5a0-4a1a-b80e-b41ccca6e0f3. Size = 1.79 KB.
2018-11-13 00:03:27,389 46890  INFO  [BackgroundDaemon] Processing data (16% completed)..
2018-11-13 00:03:27,391 46892  INFO  [a29e59] Doing some complicated stuff.. Random numbers are: 1019804699, 933256534, 1981519553.
2018-11-13 00:03:27,394 46895  INFO  [e9f82f] Finished processing user request with id = e9f82fae-3f83-43e3-8812-07ea7a0abb8d in 00:00:00.0607957.
2018-11-13 00:03:27,401 46902  INFO  [a29e59] Finished processing user request with id = a29e59dd-a5a0-4a1a-b80e-b41ccca6e0f3 in 00:00:00.0172834.
2018-11-13 00:03:27,409 46910  INFO  [1cced8] Here's some useful guids:
		3a934e3c-2a58-48e8-8a4f-5da40ea9b6d5
		273aad40-e0d5-4d87-a879-c46668b1bf39
		ea35b836-e5f3-4747-bf84-b8e84a2afbd3
		dfb5f0c1-01ca-4910-9d61-7688ee8f4c31
		7e371f34-bb34-4639-b972-8ec91ffaf663
2018-11-13 00:03:27,414 46915  INFO  [b5dd14] Started processing user request. Id = b5dd1416-5ccf-41ca-87e0-ec9512afd923. Size = 13.75 KB.
2018-11-13 00:03:27,421 46922  INFO  [1cced8] Finished processing user request with id = 1cced8ff-c8fa-4e48-8feb-8f0919e1c6c8 in 00:00:00.0501684.
2018-11-13 00:03:27,425 46926  INFO  [44d24d] Started processing user request. Id = 44d24d3d-e9af-494d-bf8e-faec7e753357. Size = 199 B.
2018-11-13 00:03:27,429 46930  INFO  [b5dd14] Doing some complicated stuff.. Random numbers are: 942071835, 2018671553, 1916715989.
2018-11-13 00:03:27,439 46940  ERROR [b5dd14] 
System.InvalidOperationException: Oh no! An error occurred!
2018-11-13 00:03:27,444 46945  INFO  [44d24d] Doing some complicated stuff.. Random numbers are: 752736741, 2125274789, 1302787696.
2018-11-13 00:03:27,453 46954  INFO  [dc2c07] Started processing user request. Id = dc2c07de-ad4b-404f-9c84-994149663494. Size = 15.64 KB.
2018-11-13 00:03:27,455 46956  INFO  [dc2c07] Doing some complicated stuff.. Random numbers are: 123584670, 1670145124, 1424640274.
2018-11-13 00:03:27,461 46962  INFO  [dc2c07] Here's some useful guids:
		6e9b8683-69f6-421e-b402-b1cb65bd51c0
		35053b37-3dac-469f-9db0-8781a31fa84a
2018-11-13 00:03:27,468 46969  INFO  [dc2c07] Finished processing user request with id = dc2c07de-ad4b-404f-9c84-994149663494 in 00:00:00.0148841.
2018-11-13 00:03:27,475 46976  INFO  [BackgroundDaemon] Processing data (43% completed)..
2018-11-13 00:03:27,482 46983  INFO  [ba272e] Started processing user request. Id = ba272e54-e1ee-4141-a552-8ddca4cc0212. Size = 16.5 KB.
2018-11-13 00:03:27,491 46992  INFO  [44d24d] Finished processing user request with id = 44d24d3d-e9af-494d-bf8e-faec7e753357 in 00:00:00.0657396.
2018-11-13 00:03:27,494 46995  INFO  [ba272e] Doing some complicated stuff.. Random numbers are: 317952385, 1413629550, 314325758.
2018-11-13 00:03:27,520 47021  INFO  [ba272e] Here's some useful guids:
		2bb40156-e46c-40f5-9f4e-fc610f70fe46
		78abbd3c-952b-4b9f-8707-7154c931f090
		a4e107e9-1dbc-43af-9052-15c3ceb2d7b4
		447f4906-ab00-4d0a-9ae0-9c3f1d32fad5
2018-11-13 00:03:27,522 47023  INFO  [e2b5e1] Started processing user request. Id = e2b5e192-d2f5-44d7-bbaf-04d230c7617a. Size = 90.76 KB.
2018-11-13 00:03:27,523 47024  INFO  [ba272e] Finished processing user request with id = ba272e54-e1ee-4141-a552-8ddca4cc0212 in 00:00:00.0411797.
2018-11-13 00:03:27,533 47034  INFO  [e2b5e1] Doing some complicated stuff.. Random numbers are: 2014875420, 817061627, 584726679.
2018-11-13 00:03:27,537 47038  INFO  [34a3a6] Started processing user request. Id = 34a3a660-71fe-46a6-a0b6-5aa5189ef0bf. Size = 62.42 KB.
2018-11-13 00:03:27,556 47057  INFO  [34a3a6] Doing some complicated stuff.. Random numbers are: 1701168145, 1496080377, 561900966.
2018-11-13 00:03:27,564 47065  INFO  [BackgroundDaemon] Processing data (74% completed)..
2018-11-13 00:03:27,564 47065  INFO  [BackgroundDaemon] Finished iteration in 00:00:00.2537446.
2018-11-13 00:03:27,568 47069  INFO  [e2b5e1] Here's some useful guids:
		2f2aed82-b19d-475e-98c3-467eb35b606e
		8a76df3b-12b4-4627-8a01-4221012b4aae
2018-11-13 00:03:27,574 47075  INFO  [34a3a6] Here's some useful guids:
		f98ad07a-15d7-4d29-b6ec-eae03f8131db
		5c2c1fde-093f-498d-b66e-c465e628f580
		d21a576b-0934-4f27-b5d7-db84b0ef500e
2018-11-13 00:03:27,588 47089  INFO  [e2b5e1] Finished processing user request with id = e2b5e192-d2f5-44d7-bbaf-04d230c7617a in 00:00:00.0659818.
2018-11-13 00:03:27,589 47090  INFO  [17b77d] Started processing user request. Id = 17b77d37-a712-4fe4-9df9-6abfbe4b7a31. Size = 41.1 KB.
2018-11-13 00:03:27,594 47095  INFO  [34a3a6] Finished processing user request with id = 34a3a660-71fe-46a6-a0b6-5aa5189ef0bf in 00:00:00.0567712.
2018-11-13 00:03:27,602 47103  INFO  [17b77d] Doing some complicated stuff.. Random numbers are: 1711752312, 442465180, 1242872205.
2018-11-13 00:03:27,607 47108  INFO  [ddb40b] Started processing user request. Id = ddb40bc9-5317-4508-937f-0c9ccf712b4c. Size = 51.99 KB.
2018-11-13 00:03:27,619 47120  INFO  [412137] Started processing user request. Id = 41213752-dfb7-4656-9a03-282dfbf2ad44. Size = 96.35 KB.
2018-11-13 00:03:27,624 47125  INFO  [412137] Doing some complicated stuff.. Random numbers are: 640439816, 313008959, 442260592.
2018-11-13 00:03:27,624 47125  INFO  [412137] Finished processing user request with id = 41213752-dfb7-4656-9a03-282dfbf2ad44 in 00:00:00.0051168.
2018-11-13 00:03:27,625 47126  INFO  [ddb40b] Doing some complicated stuff.. Random numbers are: 37423901, 861577550, 1151181647.
2018-11-13 00:03:27,645 47146  INFO  [17b77d] Finished processing user request with id = 17b77d37-a712-4fe4-9df9-6abfbe4b7a31 in 00:00:00.0561492.
2018-11-13 00:03:27,653 47154  INFO  [ddb40b] Finished processing user request with id = ddb40bc9-5317-4508-937f-0c9ccf712b4c in 00:00:00.0461767.
2018-11-13 00:03:27,655 47156  INFO  [e01042] Started processing user request. Id = e01042b9-6ce8-4a25-a000-cdda5dc8aed4. Size = 66.97 KB.
2018-11-13 00:03:27,666 47167  INFO  [238ffd] Started processing user request. Id = 238ffd98-dad8-4dd3-97b2-6349b4622369. Size = 32.67 KB.
2018-11-13 00:03:27,667 47168  INFO  [e01042] Doing some complicated stuff.. Random numbers are: 1165640129, 797970744, 720073530.
2018-11-13 00:03:27,668 47170  INFO  [238ffd] Doing some complicated stuff.. Random numbers are: 1201525619, 1913673757, 1526318430.
2018-11-13 00:03:27,670 47172  INFO  [238ffd] Here's some useful guids:
		cdd4b50d-80da-4ace-a648-15906c53f93e
		68b6464c-5511-47cf-bd10-26c976d40e6d
		66e755b9-044e-4dd3-b76b-c48fa190d140
		b54919e9-14d5-4227-91f3-774f83bd6812
		15f5a534-b266-4e17-b5f7-2872b8f9695e
2018-11-13 00:03:27,672 47174  INFO  [238ffd] Finished processing user request with id = 238ffd98-dad8-4dd3-97b2-6349b4622369 in 00:00:00.0061192.
2018-11-13 00:03:27,686 47187  INFO  [8fde27] Started processing user request. Id = 8fde2766-86e1-4ea6-bea7-02a5e4b57043. Size = 27.08 KB.
2018-11-13 00:03:27,692 47193  INFO  [e01042] Finished processing user request with id = e01042b9-6ce8-4a25-a000-cdda5dc8aed4 in 00:00:00.0365637.
2018-11-13 00:03:27,698 47199  INFO  [8fde27] Doing some complicated stuff.. Random numbers are: 923787934, 1649280261, 1161836364.
2018-11-13 00:03:27,711 47212  INFO  [8fde27] Here's some useful guids:
		aa8d21e3-448a-4eaa-8f0c-3785200e0754
		b9343828-dd38-4432-a958-52938fac3a7f
2018-11-13 00:03:27,722 47223  INFO  [8fde27] Finished processing user request with id = 8fde2766-86e1-4ea6-bea7-02a5e4b57043 in 00:00:00.0364461.
2018-11-13 00:03:27,723 47224  INFO  [ac3bd1] Started processing user request. Id = ac3bd142-971c-4222-ab87-1a607e13efe2. Size = 17.02 KB.
2018-11-13 00:03:27,735 47236  INFO  [c26986] Started processing user request. Id = c26986fc-41c8-4c44-ab83-2a7ede563d34. Size = 21.27 KB.
2018-11-13 00:03:27,741 47242  INFO  [ac3bd1] Doing some complicated stuff.. Random numbers are: 251151017, 639035491, 145363636.
2018-11-13 00:03:27,750 47251  INFO  [c26986] Doing some complicated stuff.. Random numbers are: 1909896500, 1498830694, 726813800.
2018-11-13 00:03:27,756 47257  INFO  [Metrics] Cpu: 0.21%; Memory: 19.79 GB/31.88 GB; Workers: 4/1024; IOCP: 0/1024
2018-11-13 00:03:27,765 47266  INFO  [BackgroundDaemon] Starting iteration #15556.
2018-11-13 00:03:27,774 47275  INFO  [c26986] Here's some useful guids:
		22c99eae-f018-4a03-bc6d-b370ad120d9b
		187ae755-cea2-4448-9ae5-30fd8fdb894b
		aec6e24b-d30a-40b6-acaa-fc38cdbf48aa
		ee04c2e8-3e49-4515-8ddc-269ada79494a
2018-11-13 00:03:27,774 47275  INFO  [ac3bd1] Finished processing user request with id = ac3bd142-971c-4222-ab87-1a607e13efe2 in 00:00:00.0507390.
2018-11-13 00:03:27,796 47297  INFO  [c26986] Finished processing user request with id = c26986fc-41c8-4c44-ab83-2a7ede563d34 in 00:00:00.0608488.
2018-11-13 00:03:27,805 47306  INFO  [2c67a4] Started processing user request. Id = 2c67a4de-a314-413a-bc67-9b0b906f09c8. Size = 26.68 KB.
2018-11-13 00:03:27,808 47309  INFO  [2c67a4] Doing some complicated stuff.. Random numbers are: 790908569, 194114688, 2143588915.
2018-11-13 00:03:27,809 47311  INFO  [BackgroundDaemon] Processing data (12% completed)..
2018-11-13 00:03:27,809 47311  INFO  [d9361d] Started processing user request. Id = d9361df5-bd83-4a11-a456-62c5475bb047. Size = 59.77 KB.
2018-11-13 00:03:27,812 47313  INFO  [69ef22] Started processing user request. Id = 69ef2256-18d4-496b-9b84-8a4adf799776. Size = 57.73 KB.
2018-11-13 00:03:27,824 47325  INFO  [69ef22] Doing some complicated stuff.. Random numbers are: 852393086, 1101171712, 1226515629.
2018-11-13 00:03:27,826 47327  INFO  [d9361d] Doing some complicated stuff.. Random numbers are: 133721026, 1981839481, 1598212414.
2018-11-13 00:03:27,834 47335  INFO  [2c67a4] Finished processing user request with id = 2c67a4de-a314-413a-bc67-9b0b906f09c8 in 00:00:00.0284633.
2018-11-13 00:03:27,839 47340  INFO  [BackgroundDaemon] Processing data (26% completed)..
2018-11-13 00:03:27,843 47344  ERROR [69ef22] 
System.InvalidOperationException: Oh no! An error occurred!
2018-11-13 00:03:27,849 47350  INFO  [d9361d] Here's some useful guids:
		6cd87b4b-bf27-44e7-a693-583a046d3184
2018-11-13 00:03:27,851 47352  INFO  [d9361d] Finished processing user request with id = d9361df5-bd83-4a11-a456-62c5475bb047 in 00:00:00.0416706.
2018-11-13 00:03:27,864 47365  INFO  [155fa5] Started processing user request. Id = 155fa57e-9562-48f0-8317-4ad0b89a8181. Size = 12.44 KB.
2018-11-13 00:03:27,865 47366  INFO  [28a79b] Started processing user request. Id = 28a79b8e-efd3-41c3-846e-f640d375545a. Size = 69.07 KB.
2018-11-13 00:03:27,869 47370  INFO  [BackgroundDaemon] Processing data (82% completed)..
2018-11-13 00:03:27,869 47370  INFO  [BackgroundDaemon] Finished iteration in 00:00:00.1038590.
2018-11-13 00:03:27,874 47375  INFO  [155fa5] Doing some complicated stuff.. Random numbers are: 808863399, 299892800, 836172285.
2018-11-13 00:03:27,881 47382  INFO  [28a79b] Doing some complicated stuff.. Random numbers are: 310476149, 2074428351, 1830684744.
2018-11-13 00:03:27,885 47386  INFO  [155fa5] Here's some useful guids:
		6fed36b2-3786-4cc5-9a9c-62e185285fae
2018-11-13 00:03:27,899 47400  INFO  [155fa5] Finished processing user request with id = 155fa57e-9562-48f0-8317-4ad0b89a8181 in 00:00:00.0347150.
2018-11-13 00:03:27,913 47414  INFO  [f03871] Started processing user request. Id = f0387143-8e6a-4aa2-b561-fd8290186c51. Size = 28.22 KB.
2018-11-13 00:03:27,918 47419  INFO  [28a79b] Here's some useful guids:
		5b4f533b-3b05-4ed7-a4b9-91e2df895c55
		ca1c8406-5779-4025-9cae-2590e6d4c2a9
		0e35f38b-bb17-4501-b854-2f5cfb442592
2018-11-13 00:03:27,919 47420  INFO  [f03871] Doing some complicated stuff.. Random numbers are: 1008661559, 1555706121, 1113335778.
2018-11-13 00:03:27,922 47423  INFO  [28a79b] Finished processing user request with id = 28a79b8e-efd3-41c3-846e-f640d375545a in 00:00:00.0573342.
2018-11-13 00:03:27,943 47444  INFO  [f03871] Here's some useful guids:
		fed05417-319d-47a7-8afe-b3ae60c8d297
		ea9d5cad-b253-48ec-8bb9-a8f3115b08fe
		efbcc4f4-5524-4522-8996-798b72592fe6
		a17ab5ae-a825-41ab-9129-e3864d4dd69d
		c87f34e2-376e-4e17-9cfd-d11f83080cd6
2018-11-13 00:03:27,953 47454  INFO  [747223] Started processing user request. Id = 74722361-0042-4c5f-a2fd-99ced2615ad6. Size = 12.68 KB.
2018-11-13 00:03:27,960 47461  INFO  [f03871] Finished processing user request with id = f0387143-8e6a-4aa2-b561-fd8290186c51 in 00:00:00.0472130.
2018-11-13 00:03:27,966 47467  INFO  [747223] Doing some complicated stuff.. Random numbers are: 183656873, 1273667693, 937318103.
2018-11-13 00:03:27,973 47474  INFO  [c178a1] Started processing user request. Id = c178a1fc-12de-455a-a654-57ac189fc555. Size = 72.44 KB.
2018-11-13 00:03:27,983 47484  INFO  [c178a1] Doing some complicated stuff.. Random numbers are: 526585127, 1982054533, 1467365379.
2018-11-13 00:03:28,001 47503  INFO  [747223] Here's some useful guids:
		fd8fc429-a88c-48ec-9f7b-496054971c35
		fe85b26c-5230-466a-a9fc-ad12a11938d7
		8de724bf-23ff-40b5-b7ab-1cc30850f645
		5b8c0f39-1ada-45d4-899f-06ca36572718
		d85ace80-93e9-4230-8d77-2b5670d4b5d0
2018-11-13 00:03:28,010 47511  INFO  [6ead1f] Started processing user request. Id = 6ead1fef-4a1a-4f27-bae6-92dcc585f554. Size = 75.17 KB.
2018-11-13 00:03:28,013 47514  INFO  [6ead1f] Doing some complicated stuff.. Random numbers are: 327346062, 940531846, 1386524917.
2018-11-13 00:03:28,017 47518  INFO  [c178a1] Finished processing user request with id = c178a1fc-12de-455a-a654-57ac189fc555 in 00:00:00.0431981.
2018-11-13 00:03:28,030 47531  INFO  [747223] Finished processing user request with id = 74722361-0042-4c5f-a2fd-99ced2615ad6 in 00:00:00.0766693.
2018-11-13 00:03:28,030 47531  INFO  [a941aa] Started processing user request. Id = a941aabf-3cff-4fd2-bf6e-6a576dc3aef4. Size = 96.52 KB.
2018-11-13 00:03:28,035 47536  INFO  [a941aa] Doing some complicated stuff.. Random numbers are: 491080841, 384937399, 1484933122.
2018-11-13 00:03:28,047 47548  INFO  [6ead1f] Here's some useful guids:
		24ac1d73-a260-4e6d-a2d2-428b66cd276d
		e4377ddc-8ac2-49f3-b8a4-76f3fa4c68a5
		98b9be0a-cfa8-498f-b24d-b7c4298772af
2018-11-13 00:03:28,059 47560  INFO  [6ead1f] Finished processing user request with id = 6ead1fef-4a1a-4f27-bae6-92dcc585f554 in 00:00:00.0489575.
2018-11-13 00:03:28,062 47563  INFO  [a941aa] Finished processing user request with id = a941aabf-3cff-4fd2-bf6e-6a576dc3aef4 in 00:00:00.0318465.
2018-11-13 00:03:28,062 47563  INFO  [96ccca] Started processing user request. Id = 96ccca6b-3fac-4c1c-9ac3-cb062d7b0687. Size = 18.19 KB.
2018-11-13 00:03:28,069 47570  INFO  [BackgroundDaemon] Starting iteration #15557.
2018-11-13 00:03:28,073 47574  INFO  [96ccca] Doing some complicated stuff.. Random numbers are: 1262327664, 128710799, 454651522.
2018-11-13 00:03:28,075 47576  INFO  [e16d54] Started processing user request. Id = e16d546a-af47-4442-9740-bedfa7033f4b. Size = 30.28 KB.
2018-11-13 00:03:28,075 47576  INFO  [e16d54] Doing some complicated stuff.. Random numbers are: 1088249313, 382696158, 310782475.
2018-11-13 00:03:28,107 47608  INFO  [96ccca] Finished processing user request with id = 96ccca6b-3fac-4c1c-9ac3-cb062d7b0687 in 00:00:00.0452386.
2018-11-13 00:03:28,111 47612  INFO  [e16d54] Finished processing user request with id = e16d546a-af47-4442-9740-bedfa7033f4b in 00:00:00.0361760.
2018-11-13 00:03:28,125 47626  INFO  [2d5ee8] Started processing user request. Id = 2d5ee8a3-f500-4789-ab40-42736b708f6a. Size = 33.16 KB.
2018-11-13 00:03:28,133 47634  INFO  [2d5ee8] Doing some complicated stuff.. Random numbers are: 282375953, 716627861, 461476334.
2018-11-13 00:03:28,138 47639  INFO  [973273] Started processing user request. Id = 9732735f-70e8-4038-a347-fe08a5aa3210. Size = 60.27 KB.
2018-11-13 00:03:28,147 47648  INFO  [973273] Doing some complicated stuff.. Random numbers are: 1590673956, 1243702490, 1893241692.
2018-11-13 00:03:28,154 47655  INFO  [BackgroundDaemon] Processing data (7% completed)..
2018-11-13 00:03:28,179 47680  INFO  [2d5ee8] Finished processing user request with id = 2d5ee8a3-f500-4789-ab40-42736b708f6a in 00:00:00.0541563.
2018-11-13 00:03:28,192 47693  INFO  [5b4eaf] Started processing user request. Id = 5b4eafbf-e22e-40e3-8b82-77c47fe7022e. Size = 20.55 KB.
2018-11-13 00:03:28,193 47694  INFO  [973273] Finished processing user request with id = 9732735f-70e8-4038-a347-fe08a5aa3210 in 00:00:00.0546806.
2018-11-13 00:03:28,201 47702  INFO  [5b4eaf] Doing some complicated stuff.. Random numbers are: 980011068, 2033728782, 1642457389.
2018-11-13 00:03:28,225 47726  INFO  [5b4eaf] Here's some useful guids:
		bde3099a-7eb1-468d-a30d-5d94a0abb203
		f59071c3-6ab8-440c-a814-7bae0ac516a3
		55c5ee07-36dd-4959-83db-61404f4bc2c3
2018-11-13 00:03:28,225 47726  INFO  [c0a8b3] Started processing user request. Id = c0a8b37a-392b-4b0d-9e82-c51548ecadc7. Size = 1.14 KB.
2018-11-13 00:03:28,227 47728  INFO  [0d46f6] Started processing user request. Id = 0d46f673-f569-4a50-8e69-c945657f14f4. Size = 31.45 KB.
2018-11-13 00:03:28,229 47730  INFO  [c0a8b3] Doing some complicated stuff.. Random numbers are: 391978653, 1032907166, 1257824039.
2018-11-13 00:03:28,237 47738  INFO  [c0a8b3] Here's some useful guids:
		e788b4a1-07a5-4a7b-a947-6a522aa969d2
		f53ead01-ac1c-4f86-ae8a-6ce14b930d32
2018-11-13 00:03:28,243 47744  INFO  [c0a8b3] Finished processing user request with id = c0a8b37a-392b-4b0d-9e82-c51548ecadc7 in 00:00:00.0181312.
2018-11-13 00:03:28,244 47745  INFO  [0d46f6] Doing some complicated stuff.. Random numbers are: 655903556, 1595871749, 2007917054.
2018-11-13 00:03:28,248 47749  INFO  [5b4eaf] Finished processing user request with id = 5b4eafbf-e22e-40e3-8b82-77c47fe7022e in 00:00:00.0556782.
2018-11-13 00:03:28,250 47751  INFO  [BackgroundDaemon] Processing data (46% completed)..
2018-11-13 00:03:28,255 47756  INFO  [Metrics] Cpu: 0.41%; Memory: 19.79 GB/31.88 GB; Workers: 4/1024; IOCP: 0/1024
2018-11-13 00:03:28,262 47763  INFO  [7e8248] Started processing user request. Id = 7e824857-d443-4fb4-a756-5c019df6689b. Size = 9.56 KB.
2018-11-13 00:03:28,274 47775  INFO  [b9a76b] Started processing user request. Id = b9a76b5f-043a-4d4c-b1fe-b122789daba3. Size = 91.45 KB.
2018-11-13 00:03:28,277 47778  INFO  [7e8248] Doing some complicated stuff.. Random numbers are: 719624092, 1624286794, 578173188.
2018-11-13 00:03:28,279 47780  INFO  [b9a76b] Doing some complicated stuff.. Random numbers are: 1789038076, 519853757, 1485563753.
2018-11-13 00:03:28,281 47782  INFO  [b9a76b] Here's some useful guids:
		396d9a33-8b3c-475f-93da-66a4e94f771e
2018-11-13 00:03:28,287 47788  INFO  [b9a76b] Finished processing user request with id = b9a76b5f-043a-4d4c-b1fe-b122789daba3 in 00:00:00.0130513.
2018-11-13 00:03:28,290 47791  INFO  [0d46f6] Finished processing user request with id = 0d46f673-f569-4a50-8e69-c945657f14f4 in 00:00:00.0633939.
2018-11-13 00:03:28,301 47802  INFO  [BackgroundDaemon] Processing data (74% completed)..
2018-11-13 00:03:28,301 47802  INFO  [BackgroundDaemon] Finished iteration in 00:00:00.2320046.
2018-11-13 00:03:28,311 47812  INFO  [7e8248] Finished processing user request with id = 7e824857-d443-4fb4-a756-5c019df6689b in 00:00:00.0494687.
2018-11-13 00:03:28,318 47819  INFO  [7f554b] Started processing user request. Id = 7f554b34-c8a6-470b-8f0d-96e92b1020d9. Size = 74.03 KB.
2018-11-13 00:03:28,325 47826  INFO  [7f554b] Doing some complicated stuff.. Random numbers are: 220201625, 1297618136, 2136132085.
2018-11-13 00:03:28,325 47826  INFO  [edea38] Started processing user request. Id = edea3836-58a7-416a-b697-06c215bd9d45. Size = 54.95 KB.
2018-11-13 00:03:28,333 47834  INFO  [edea38] Doing some complicated stuff.. Random numbers are: 1190556264, 189701985, 753658980.
2018-11-13 00:03:28,336 47837  INFO  [edea38] Here's some useful guids:
		52785c3c-fb55-4a20-99b9-28ca09a8969f
2018-11-13 00:03:28,356 47857  INFO  [7f554b] Finished processing user request with id = 7f554b34-c8a6-470b-8f0d-96e92b1020d9 in 00:00:00.0381414.
2018-11-13 00:03:28,363 47864  INFO  [edea38] Finished processing user request with id = edea3836-58a7-416a-b697-06c215bd9d45 in 00:00:00.0378707.
2018-11-13 00:03:28,376 47877  INFO  [c05059] Started processing user request. Id = c05059bf-8ec4-4442-a6dd-44540710998f. Size = 5.28 KB.
2018-11-13 00:03:28,387 47888  INFO  [efaa1f] Started processing user request. Id = efaa1fec-a2f0-4c09-bafa-922c23edc289. Size = 20.01 KB.
2018-11-13 00:03:28,392 47894  INFO  [c05059] Doing some complicated stuff.. Random numbers are: 434416593, 1632473668, 1667288725.
2018-11-13 00:03:28,400 47901  INFO  [efaa1f] Doing some complicated stuff.. Random numbers are: 1719286951, 1441667235, 2056471973.
2018-11-13 00:03:28,423 47924  INFO  [c05059] Finished processing user request with id = c05059bf-8ec4-4442-a6dd-44540710998f in 00:00:00.0469529.
2018-11-13 00:03:28,436 47937  INFO  [0b5c9d] Started processing user request. Id = 0b5c9d19-25a7-4fee-a9b4-ad614aa8828f. Size = 27.61 KB.
2018-11-13 00:03:28,449 47950  INFO  [efaa1f] Finished processing user request with id = efaa1fec-a2f0-4c09-bafa-922c23edc289 in 00:00:00.0613118.
2018-11-13 00:03:28,455 47956  INFO  [0b5c9d] Doing some complicated stuff.. Random numbers are: 195513615, 1399611490, 1940226857.
2018-11-13 00:03:28,457 47958  INFO  [45df6c] Started processing user request. Id = 45df6c23-40fa-4087-a240-c9409ce10578. Size = 31.9 KB.
2018-11-13 00:03:28,459 47960  INFO  [45df6c] Doing some complicated stuff.. Random numbers are: 6199602, 1972374400, 2080150064.
2018-11-13 00:03:28,480 47981  INFO  [d667dc] Started processing user request. Id = d667dc94-aad7-47b5-88d2-33e2278144ba. Size = 1.38 KB.
2018-11-13 00:03:28,481 47982  INFO  [45df6c] Finished processing user request with id = 45df6c23-40fa-4087-a240-c9409ce10578 in 00:00:00.0236991.
2018-11-13 00:03:28,487 47988  INFO  [0b5c9d] Here's some useful guids:
		daa6531b-2c39-4c84-8a5a-b14f7a4ae77e
		96de30fb-08c4-4856-adce-7adbfdd3920c
		04290392-7f91-4fd1-a80c-c609e9eb2bdd
2018-11-13 00:03:28,487 47988  INFO  [0b5c9d] Finished processing user request with id = 0b5c9d19-25a7-4fee-a9b4-ad614aa8828f in 00:00:00.0504578.
2018-11-13 00:03:28,488 47989  INFO  [d667dc] Doing some complicated stuff.. Random numbers are: 92707650, 5774849, 635753668.
2018-11-13 00:03:28,501 48002  INFO  [66300b] Started processing user request. Id = 66300bcb-4ebd-4676-9c11-a8a6bb87f23f. Size = 84.63 KB.
2018-11-13 00:03:28,502 48003  INFO  [BackgroundDaemon] Starting iteration #15558.
2018-11-13 00:03:28,512 48013  INFO  [d667dc] Finished processing user request with id = d667dc94-aad7-47b5-88d2-33e2278144ba in 00:00:00.0320647.
2018-11-13 00:03:28,519 48020  INFO  [66300b] Doing some complicated stuff.. Random numbers are: 1421439818, 2062801937, 814441210.
2018-11-13 00:03:28,533 48034  INFO  [66300b] Here's some useful guids:
		689531d0-92b7-4e12-ba1b-3a68d1b3d8db
		1add7454-41a4-46dd-95c2-1eff16312df3
		2c85110f-41c8-4def-bfaa-1d1b785f3391
		82d7376d-c59b-45ab-9ddc-612fe40661a3
2018-11-13 00:03:28,543 48044  INFO  [7bd97a] Started processing user request. Id = 7bd97a91-d6f4-4cee-a231-a4fe78cfde67. Size = 22.09 KB.
2018-11-13 00:03:28,543 48044  INFO  [7bd97a] Doing some complicated stuff.. Random numbers are: 1089050372, 1403598197, 1871502140.
2018-11-13 00:03:28,544 48045  INFO  [66300b] Finished processing user request with id = 66300bcb-4ebd-4676-9c11-a8a6bb87f23f in 00:00:00.0430735.
2018-11-13 00:03:28,558 48059  INFO  [1da281] Started processing user request. Id = 1da281e5-77f4-4e27-96f5-87989417758f. Size = 85.24 KB.
2018-11-13 00:03:28,560 48061  INFO  [7bd97a] Here's some useful guids:
		b43c7869-d5b3-4140-84d2-0477041b22d2
		db162d99-2b7a-4fd7-ad0a-551f78d36434
		1b082f4c-dcc9-409a-9187-0c33f725e37b
2018-11-13 00:03:28,570 48071  INFO  [1da281] Doing some complicated stuff.. Random numbers are: 1050863358, 418490649, 1810865941.
2018-11-13 00:03:28,579 48080  INFO  [7bd97a] Finished processing user request with id = 7bd97a91-d6f4-4cee-a231-a4fe78cfde67 in 00:00:00.0360998.
2018-11-13 00:03:28,596 48097  INFO  [BackgroundDaemon] Processing data (3% completed)..
2018-11-13 00:03:28,599 48100  INFO  [1da281] Here's some useful guids:
		8fa2547e-a3cb-4f7a-96cc-dd797e397dd3
		ef7e52d3-b7cf-4d1b-bc7d-fdb322291248
		c30acd32-48e6-491a-b114-c7b1137a5100
		d417f6f1-7397-48fb-932a-bece8dba055c
		84aff561-7f38-4df5-80e7-8779a9480618
2018-11-13 00:03:28,599 48100  INFO  [1da281] Finished processing user request with id = 1da281e5-77f4-4e27-96f5-87989417758f in 00:00:00.0410715.
2018-11-13 00:03:28,610 48111  INFO  [90c652] Started processing user request. Id = 90c65248-b9a9-4215-bf15-920f54260887. Size = 56.75 KB.
2018-11-13 00:03:28,612 48113  INFO  [62d35f] Started processing user request. Id = 62d35ffb-6306-4787-9ac4-cbe7ece8af65. Size = 19.99 KB.
2018-11-13 00:03:28,620 48121  INFO  [62d35f] Doing some complicated stuff.. Random numbers are: 388279266, 411106889, 483768193.
2018-11-13 00:03:28,620 48121  INFO  [90c652] Doing some complicated stuff.. Random numbers are: 187179061, 560820501, 1349130461.
2018-11-13 00:03:28,647 48148  INFO  [62d35f] Here's some useful guids:
		d86f4f74-80df-4ad6-b06d-5e13ab7b2931
		12c6209d-a420-401f-b99a-f1bc4012e49e
		f4cb1f03-c922-473f-8654-afd46f936212
		ce5ad57e-a8e9-44f5-b149-daee4628c8b6
2018-11-13 00:03:28,648 48149  INFO  [76ca80] Started processing user request. Id = 76ca8073-2454-4838-a58a-550e1c22419c. Size = 76.76 KB.
2018-11-13 00:03:28,651 48152  INFO  [76ca80] Doing some complicated stuff.. Random numbers are: 288835665, 107477153, 1520370967.
2018-11-13 00:03:28,655 48156  INFO  [90c652] Finished processing user request with id = 90c65248-b9a9-4215-bf15-920f54260887 in 00:00:00.0448397.
2018-11-13 00:03:28,667 48168  INFO  [62d35f] Finished processing user request with id = 62d35ffb-6306-4787-9ac4-cbe7ece8af65 in 00:00:00.0547955.
2018-11-13 00:03:28,670 48171  INFO  [76ca80] Here's some useful guids:
		3623a029-10d0-42b4-ab37-702e956707b2
		aaf1bb17-8d6f-4308-87c0-96391ec209d1
2018-11-13 00:03:28,675 48176  ERROR [76ca80] 
System.InvalidOperationException: Oh no! An error occurred!
2018-11-13 00:03:28,680 48181  INFO  [8fbda3] Started processing user request. Id = 8fbda327-9c59-4502-bc95-10d7e0396593. Size = 11.39 KB.
2018-11-13 00:03:28,684 48185  INFO  [BackgroundDaemon] Processing data (45% completed)..
2018-11-13 00:03:28,687 48188  INFO  [efdf42] Started processing user request. Id = efdf42b9-d591-4c3d-a128-9e3bc34a4a48. Size = 52.75 KB.
2018-11-13 00:03:28,689 48190  INFO  [8fbda3] Doing some complicated stuff.. Random numbers are: 401434293, 976711488, 64489129.
2018-11-13 00:03:28,704 48205  INFO  [efdf42] Doing some complicated stuff.. Random numbers are: 902415985, 1979648408, 1224911849.
2018-11-13 00:03:28,721 48222  INFO  [8fbda3] Here's some useful guids:
		b1bc592a-0cb6-4ebb-b082-401027de1b50
		607d9c77-f665-4c46-b9b3-06a9d6f3aa23
		304134e0-9389-44b9-bca8-4b48fc98d644
		aff271dd-b18a-416b-a739-3d05c8948f66
		4b46e883-c189-42a0-b5ca-1df2a1ec91e2
2018-11-13 00:03:28,724 48225  INFO  [efdf42] Here's some useful guids:
		4467a755-8caf-4de9-914b-fd005e721286
		581920c9-f146-479e-85fa-dc148dde576c
		e2a0bb01-97c0-4acc-b063-323a0fa48d06
		015ca4eb-7278-4df9-8e10-422808ede12a
		1c0f5039-7aed-4acf-82d3-2688d6039f06
2018-11-13 00:03:28,725 48226  INFO  [BackgroundDaemon] Processing data (74% completed)..
2018-11-13 00:03:28,725 48226  INFO  [BackgroundDaemon] Finished iteration in 00:00:00.2230963.
2018-11-13 00:03:28,726 48227  INFO  [efdf42] Finished processing user request with id = efdf42b9-d591-4c3d-a128-9e3bc34a4a48 in 00:00:00.0391578.
2018-11-13 00:03:28,745 48246  INFO  [8fbda3] Finished processing user request with id = 8fbda327-9c59-4502-bc95-10d7e0396593 in 00:00:00.0650458.
2018-11-13 00:03:28,755 48256  INFO  [Metrics] Cpu: 0.41%; Memory: 19.79 GB/31.88 GB; Workers: 4/1024; IOCP: 0/1024
2018-11-13 00:03:28,758 48259  INFO  [059c91] Started processing user request. Id = 059c91bc-0f4c-4315-abbd-40a12864af69. Size = 7.27 KB.
2018-11-13 00:03:28,759 48260  INFO  [bf41b1] Started processing user request. Id = bf41b1c9-00aa-42c3-a39c-969d798b776c. Size = 52.26 KB.
2018-11-13 00:03:28,775 48276  INFO  [059c91] Doing some complicated stuff.. Random numbers are: 54286253, 1313318566, 1540855087.
2018-11-13 00:03:28,776 48277  INFO  [bf41b1] Doing some complicated stuff.. Random numbers are: 1126263879, 403640544, 1058725749.
2018-11-13 00:03:28,802 48303  INFO  [059c91] Here's some useful guids:
		995bbd50-7759-4bc8-8871-70d7d28776ff
		9354623c-900b-4584-938d-de3c00b56b07
		f7ffcad2-074b-4e3d-9bd1-4328e98d0481
2018-11-13 00:03:28,805 48306  INFO  [bf41b1] Here's some useful guids:
		2031c11e-05e8-47d3-bb15-afada372dc2a
		7416f285-9db9-46a3-b860-3c3f1906d384
		53ed3f0c-fdd9-4c2c-baee-cd371aede687
		99210772-336c-46f6-8422-fa6735de6de5
		9c016aff-a022-4623-8c34-69bd935bbc43
2018-11-13 00:03:28,819 48320  INFO  [059c91] Finished processing user request with id = 059c91bc-0f4c-4315-abbd-40a12864af69 in 00:00:00.0608491.
2018-11-13 00:03:28,829 48330  INFO  [bf41b1] Finished processing user request with id = bf41b1c9-00aa-42c3-a39c-969d798b776c in 00:00:00.0698970.
2018-11-13 00:03:28,842 48343  INFO  [f71651] Started processing user request. Id = f7165178-efb2-45dc-8f92-3c9c66806f8b. Size = 46.95 KB.
2018-11-13 00:03:28,842 48343  INFO  [ee318f] Started processing user request. Id = ee318f23-531b-4f60-b53c-0fda281cfe41. Size = 3.07 KB.
2018-11-13 00:03:28,849 48350  INFO  [f71651] Doing some complicated stuff.. Random numbers are: 1218902687, 953539093, 954215856.
2018-11-13 00:03:28,850 48351  INFO  [815c77] Started processing user request. Id = 815c7795-5c0b-44e8-87e3-6ad1707b3af1. Size = 37.21 KB.
2018-11-13 00:03:28,861 48362  INFO  [ee318f] Doing some complicated stuff.. Random numbers are: 1712840244, 270739126, 84864583.
2018-11-13 00:03:28,861 48362  INFO  [815c77] Doing some complicated stuff.. Random numbers are: 1083202642, 387256374, 1510299280.
2018-11-13 00:03:28,880 48381  INFO  [ee318f] Finished processing user request with id = ee318f23-531b-4f60-b53c-0fda281cfe41 in 00:00:00.0381387.
2018-11-13 00:03:28,882 48383  INFO  [f71651] Finished processing user request with id = f7165178-efb2-45dc-8f92-3c9c66806f8b in 00:00:00.0401612.
2018-11-13 00:03:28,896 48397  INFO  [812d6c] Started processing user request. Id = 812d6c1a-ba69-48fe-8472-7bc77598ee95. Size = 68.32 KB.
2018-11-13 00:03:28,898 48399  INFO  [815c77] Here's some useful guids:
		0ce04090-6037-443f-b660-a011b367bc8e
		5be711bd-4285-49ca-8b83-d30663e618ba
		b88b2d2b-77c6-4c55-a21a-f25b32b5fd3e
		12958d43-4f91-4631-becf-ef8e2dd6ec07
		ebe143ee-7786-42f8-b3e0-0f3e54a14ecc
2018-11-13 00:03:28,903 48404  INFO  [815c77] Finished processing user request with id = 815c7795-5c0b-44e8-87e3-6ad1707b3af1 in 00:00:00.0529202.
2018-11-13 00:03:28,914 48415  INFO  [812d6c] Doing some complicated stuff.. Random numbers are: 1130715741, 8844866, 113259283.
2018-11-13 00:03:28,925 48426  INFO  [BackgroundDaemon] Starting iteration #15559.
2018-11-13 00:03:28,934 48435  INFO  [278ffc] Started processing user request. Id = 278ffc83-b125-4fa2-9be1-cae6ee32b510. Size = 80.23 KB.
2018-11-13 00:03:28,941 48442  INFO  [278ffc] Doing some complicated stuff.. Random numbers are: 718003049, 961544721, 1816002594.
2018-11-13 00:03:28,953 48454  INFO  [812d6c] Here's some useful guids:
		183e6acc-2668-4047-869e-86cf07e3d5ac
		bd9d2630-e2f5-4589-9921-0ab2a8e297f5
2018-11-13 00:03:28,955 48456  INFO  [812d6c] Finished processing user request with id = 812d6c1a-ba69-48fe-8472-7bc77598ee95 in 00:00:00.0592919.
2018-11-13 00:03:28,968 48469  INFO  [1ae4aa] Started processing user request. Id = 1ae4aa32-e9b3-4db4-923a-7acf43b57af5. Size = 5.21 KB.
2018-11-13 00:03:28,975 48476  INFO  [1ae4aa] Doing some complicated stuff.. Random numbers are: 1065945757, 154828571, 1351308643.
2018-11-13 00:03:28,976 48477  INFO  [1ae4aa] Here's some useful guids:
		48fe5a82-17ca-49a9-87a2-eec41b1502f3
		efeb4671-3edc-4a60-832d-634b58ed1192
		85033b3f-17b9-44fd-9e91-6a25cab7df8b
		b754498b-6342-4226-905e-23f38b349928
		ce0c9220-98f2-483b-9cf9-5a6771b65b7f
2018-11-13 00:03:28,981 48482  ERROR [278ffc] 
System.InvalidOperationException: Oh no! An error occurred!
2018-11-13 00:03:29,006 48507  INFO  [1ae4aa] Finished processing user request with id = 1ae4aa32-e9b3-4db4-923a-7acf43b57af5 in 00:00:00.0376528.
2018-11-13 00:03:29,007 48508  INFO  [BackgroundDaemon] Processing data (7% completed)..
2018-11-13 00:03:29,012 48513  INFO  [2f5dfb] Started processing user request. Id = 2f5dfbf8-00af-4019-b69b-c95ee2aed69b. Size = 12.75 KB.
2018-11-13 00:03:29,019 48520  INFO  [4938bc] Started processing user request. Id = 4938bce8-acb8-476a-9709-66890f9e7bc6. Size = 50.95 KB.
2018-11-13 00:03:29,025 48526  INFO  [4938bc] Doing some complicated stuff.. Random numbers are: 1229846272, 1951712958, 1032771512.
2018-11-13 00:03:29,028 48529  INFO  [2f5dfb] Doing some complicated stuff.. Random numbers are: 1329300971, 180629890, 1506750998.
2018-11-13 00:03:29,048 48549  INFO  [9fd62c] Started processing user request. Id = 9fd62cd5-fe03-4282-8317-e4c5ba6dc1a4. Size = 83.96 KB.
2018-11-13 00:03:29,051 48552  INFO  [2f5dfb] Here's some useful guids:
		9e363d47-62f1-4854-8935-067329657322
		b970a19f-a9da-4aa1-88ec-557492feabc3
		e0eeb0d0-dd66-4106-8857-91828da93e96
2018-11-13 00:03:29,052 48553  INFO  [BackgroundDaemon] Processing data (33% completed)..
2018-11-13 00:03:29,057 48558  INFO  [9fd62c] Doing some complicated stuff.. Random numbers are: 1902675854, 1524430191, 1419989290.
2018-11-13 00:03:29,077 48578  INFO  [2f5dfb] Finished processing user request with id = 2f5dfbf8-00af-4019-b69b-c95ee2aed69b in 00:00:00.0651935.
2018-11-13 00:03:29,085 48586  INFO  [4938bc] Finished processing user request with id = 4938bce8-acb8-476a-9709-66890f9e7bc6 in 00:00:00.0661833.
2018-11-13 00:03:29,099 48600  INFO  [8d1b69] Started processing user request. Id = 8d1b693a-23b0-4258-a098-f525cc0b55a0. Size = 1.03 KB.
2018-11-13 00:03:29,109 48610  INFO  [8d1b69] Doing some complicated stuff.. Random numbers are: 239356031, 1978778532, 141066960.
2018-11-13 00:03:29,109 48610  INFO  [b4f4d7] Started processing user request. Id = b4f4d773-152e-486d-8307-785272f6295b. Size = 56.09 KB.
2018-11-13 00:03:29,110 48611  INFO  [9fd62c] Finished processing user request with id = 9fd62cd5-fe03-4282-8317-e4c5ba6dc1a4 in 00:00:00.0621004.
2018-11-13 00:03:29,115 48616  INFO  [b4f4d7] Doing some complicated stuff.. Random numbers are: 1435728245, 927888570, 430403177.
2018-11-13 00:03:29,115 48616  INFO  [8d1b69] Here's some useful guids:
		ad58b20d-44cc-4f9c-b00c-08005c1d6632
2018-11-13 00:03:29,142 48643  INFO  [8d1b69] Finished processing user request with id = 8d1b693a-23b0-4258-a098-f525cc0b55a0 in 00:00:00.0431885.
2018-11-13 00:03:29,151 48652  INFO  [BackgroundDaemon] Processing data (66% completed)..
2018-11-13 00:03:29,151 48652  INFO  [BackgroundDaemon] Finished iteration in 00:00:00.2258170.
2018-11-13 00:03:29,156 48657  INFO  [f62fb4] Started processing user request. Id = f62fb4f1-3836-4007-986f-a5d513142a58. Size = 19.49 KB.
2018-11-13 00:03:29,158 48659  INFO  [b4f4d7] Finished processing user request with id = b4f4d773-152e-486d-8307-785272f6295b in 00:00:00.0486886.
2018-11-13 00:03:29,159 48660  INFO  [f62fb4] Doing some complicated stuff.. Random numbers are: 682679679, 838925977, 1570505093.
2018-11-13 00:03:29,190 48691  INFO  [90679e] Started processing user request. Id = 90679eef-fbce-46f3-a9c9-aa041ffa4a6f. Size = 21.45 KB.
2018-11-13 00:03:29,203 48704  INFO  [90679e] Doing some complicated stuff.. Random numbers are: 656226480, 349813894, 1399665532.
2018-11-13 00:03:29,220 48721  INFO  [f62fb4] Finished processing user request with id = f62fb4f1-3836-4007-986f-a5d513142a58 in 00:00:00.0639276.
2018-11-13 00:03:29,234 48735  INFO  [7fe2c7] Started processing user request. Id = 7fe2c7c5-832f-43c0-80c0-298ae49bb477. Size = 92.09 KB.
2018-11-13 00:03:29,243 48744  INFO  [7fe2c7] Doing some complicated stuff.. Random numbers are: 296875330, 1348345435, 1472921622.
2018-11-13 00:03:29,251 48752  INFO  [90679e] Finished processing user request with id = 90679eef-fbce-46f3-a9c9-aa041ffa4a6f in 00:00:00.0609300.
2018-11-13 00:03:29,255 48756  INFO  [Metrics] Cpu: 0.56%; Memory: 19.79 GB/31.88 GB; Workers: 4/1024; IOCP: 0/1024
2018-11-13 00:03:29,274 48775  INFO  [7fe2c7] Here's some useful guids:
		127daea1-a9dc-43f4-a6f2-8e55701d2e83
		67a64cf8-4edd-4f9f-acc7-6fd05c20c5a5
		d7a6be4d-d718-4c54-9624-df8f627eb3a5
2018-11-13 00:03:29,277 48778  INFO  [6e55ea] Started processing user request. Id = 6e55eac2-1b65-4677-b38c-5e0a930aa6ac. Size = 18.6 KB.
2018-11-13 00:03:29,281 48782  INFO  [6e55ea] Doing some complicated stuff.. Random numbers are: 598440696, 1664355819, 842560504.
2018-11-13 00:03:29,282 48783  INFO  [09477a] Started processing user request. Id = 09477a32-095a-49d0-9e79-9a58bdce2bd6. Size = 56.68 KB.
2018-11-13 00:03:29,283 48784  INFO  [7fe2c7] Finished processing user request with id = 7fe2c7c5-832f-43c0-80c0-298ae49bb477 in 00:00:00.0494165.
2018-11-13 00:03:29,297 48798  INFO  [70e9e9] Started processing user request. Id = 70e9e902-d552-4bca-acbf-4444778d4608. Size = 51.35 KB.
2018-11-13 00:03:29,298 48799  INFO  [09477a] Doing some complicated stuff.. Random numbers are: 1743631299, 1899968979, 456300690.
2018-11-13 00:03:29,299 48800  INFO  [6e55ea] Finished processing user request with id = 6e55eac2-1b65-4677-b38c-5e0a930aa6ac in 00:00:00.0216253.
2018-11-13 00:03:29,302 48803  INFO  [70e9e9] Doing some complicated stuff.. Random numbers are: 457687730, 967273551, 1385819143.
2018-11-13 00:03:29,321 48822  INFO  [09477a] Here's some useful guids:
		a654a315-60ed-460c-97aa-97b081b01e1b
		15f9e5fc-d3bf-4a60-ae88-722e56958e8d
		97c148a7-005b-4497-b91a-4eeacab94e57
		b2d4a6ba-a713-4901-b533-fdd32e0af028
		0e6ca494-cd87-4383-8b74-9b648206cb86
2018-11-13 00:03:29,330 48831  INFO  [70e9e9] Finished processing user request with id = 70e9e902-d552-4bca-acbf-4444778d4608 in 00:00:00.0331203.
2018-11-13 00:03:29,344 48845  INFO  [09477a] Finished processing user request with id = 09477a32-095a-49d0-9e79-9a58bdce2bd6 in 00:00:00.0616411.
2018-11-13 00:03:29,344 48845  INFO  [6528da] Started processing user request. Id = 6528da81-122d-43ac-9ffb-1db46b1898ae. Size = 42.27 KB.
2018-11-13 00:03:29,351 48852  INFO  [BackgroundDaemon] Starting iteration #15560.
2018-11-13 00:03:29,362 48863  INFO  [6528da] Doing some complicated stuff.. Random numbers are: 307086233, 43338507, 886041218.
2018-11-13 00:03:29,375 48876  INFO  [341ef7] Started processing user request. Id = 341ef7f0-b404-4b76-9149-bfa8842a3bf4. Size = 78.79 KB.
2018-11-13 00:03:29,388 48889  INFO  [341ef7] Doing some complicated stuff.. Random numbers are: 984054914, 795305488, 737380805.
2018-11-13 00:03:29,396 48897  INFO  [6528da] Finished processing user request with id = 6528da81-122d-43ac-9ffb-1db46b1898ae in 00:00:00.0519598.
2018-11-13 00:03:29,409 48910  INFO  [41172b] Started processing user request. Id = 41172bf6-5f7d-451b-a7d9-22c5cb0b4378. Size = 85.12 KB.
2018-11-13 00:03:29,415 48916  INFO  [341ef7] Finished processing user request with id = 341ef7f0-b404-4b76-9149-bfa8842a3bf4 in 00:00:00.0399918.
2018-11-13 00:03:29,420 48921  INFO  [BackgroundDaemon] Processing data (2% completed)..
2018-11-13 00:03:29,425 48926  INFO  [41172b] Doing some complicated stuff.. Random numbers are: 329433328, 1401287471, 1830177503.
2018-11-13 00:03:29,446 48947  INFO  [b69430] Started processing user request. Id = b694309e-9988-40f1-807e-02a334bed0f0. Size = 86.52 KB.
2018-11-13 00:03:29,449 48950  INFO  [b69430] Doing some complicated stuff.. Random numbers are: 1493885135, 1833687667, 1147860327.
2018-11-13 00:03:29,456 48957  INFO  [41172b] Finished processing user request with id = 41172bf6-5f7d-451b-a7d9-22c5cb0b4378 in 00:00:00.0471866.
2018-11-13 00:03:29,460 48961  INFO  [BackgroundDaemon] Processing data (20% completed)..
2018-11-13 00:03:29,466 48967  INFO  [e71cce] Started processing user request. Id = e71cce7e-3b7c-4d5a-bff1-4565cf6c6e76. Size = 26.54 KB.
2018-11-13 00:03:29,469 48970  INFO  [e71cce] Doing some complicated stuff.. Random numbers are: 1784653746, 1238351050, 1433089443.
2018-11-13 00:03:29,470 48971  INFO  [5ed58b] Started processing user request. Id = 5ed58bd0-d4a3-4e81-acbb-61bd4e8a3f51. Size = 90.23 KB.
2018-11-13 00:03:29,478 48979  INFO  [5ed58b] Doing some complicated stuff.. Random numbers are: 320826743, 1824374681, 1479332171.
2018-11-13 00:03:29,480 48981  INFO  [b69430] Finished processing user request with id = b694309e-9988-40f1-807e-02a334bed0f0 in 00:00:00.0341148.
2018-11-13 00:03:29,485 48986  INFO  [5ed58b] Here's some useful guids:
		7b2d4c13-efe4-4ee7-b5f8-34750fbae10f
		69da8ae1-d6a5-4ba2-9d07-f4d37f6c839d
2018-11-13 00:03:29,493 48994  ERROR [5ed58b] 
System.InvalidOperationException: Oh no! An error occurred!
2018-11-13 00:03:29,506 49007  INFO  [730ca8] Started processing user request. Id = 730ca83d-378d-418d-ab2a-9fe25cb8ed66. Size = 65.45 KB.
2018-11-13 00:03:29,509 49010  INFO  [e71cce] Finished processing user request with id = e71cce7e-3b7c-4d5a-bff1-4565cf6c6e76 in 00:00:00.0431618.
2018-11-13 00:03:29,512 49013  INFO  [248ede] Started processing user request. Id = 248ede6e-b118-47f2-9c76-8934be43e7d6. Size = 60.73 KB.
2018-11-13 00:03:29,520 49021  INFO  [730ca8] Doing some complicated stuff.. Random numbers are: 787269739, 244108718, 1747686095.
2018-11-13 00:03:29,531 49032  INFO  [248ede] Doing some complicated stuff.. Random numbers are: 982633026, 1648230241, 1733050754.
2018-11-13 00:03:29,546 49047  INFO  [730ca8] Finished processing user request with id = 730ca83d-378d-418d-ab2a-9fe25cb8ed66 in 00:00:00.0397967.
2018-11-13 00:03:29,553 49054  INFO  [BackgroundDaemon] Processing data (79% completed)..
2018-11-13 00:03:29,553 49054  INFO  [BackgroundDaemon] Finished iteration in 00:00:00.2017577.
2018-11-13 00:03:29,560 49061  INFO  [af67c1] Started processing user request. Id = af67c19c-6bf6-4368-bd86-bf3141061d65. Size = 39.03 KB.
2018-11-13 00:03:29,565 49066  INFO  [248ede] Finished processing user request with id = 248ede6e-b118-47f2-9c76-8934be43e7d6 in 00:00:00.0531375.
2018-11-13 00:03:29,574 49075  INFO  [af67c1] Doing some complicated stuff.. Random numbers are: 525327835, 1914744484, 410041733.
2018-11-13 00:03:29,589 49090  INFO  [af67c1] Finished processing user request with id = af67c19c-6bf6-4368-bd86-bf3141061d65 in 00:00:00.0290125.
2018-11-13 00:03:29,596 49097  INFO  [af9dc5] Started processing user request. Id = af9dc536-0d95-4482-a6e5-55a8a6099628. Size = 67.4 KB.
2018-11-13 00:03:29,598 49099  INFO  [af9dc5] Doing some complicated stuff.. Random numbers are: 190334093, 25155042, 506560697.
2018-11-13 00:03:29,602 49103  INFO  [09340f] Started processing user request. Id = 09340f27-0bf5-423c-862c-4a7fdfd92fa0. Size = 85.45 KB.
2018-11-13 00:03:29,610 49111  INFO  [09340f] Doing some complicated stuff.. Random numbers are: 1513049827, 995370128, 687758499.
2018-11-13 00:03:29,632 49133  INFO  [09340f] Finished processing user request with id = 09340f27-0bf5-423c-862c-4a7fdfd92fa0 in 00:00:00.0295940.
2018-11-13 00:03:29,646 49147  INFO  [2ed1ed] Started processing user request. Id = 2ed1ed98-52cc-42fc-a634-1e383bd1f494. Size = 57.04 KB.
2018-11-13 00:03:29,652 49153  INFO  [2ed1ed] Doing some complicated stuff.. Random numbers are: 2118675855, 1356942554, 90815264.
2018-11-13 00:03:29,655 49156  INFO  [af9dc5] Finished processing user request with id = af9dc536-0d95-4482-a6e5-55a8a6099628 in 00:00:00.0587259.
2018-11-13 00:03:29,677 49178  INFO  [cd984d] Started processing user request. Id = cd984def-d4e0-4031-b11f-fdf57c649bd4. Size = 51.77 KB.
2018-11-13 00:03:29,685 49186  INFO  [2ed1ed] Finished processing user request with id = 2ed1ed98-52cc-42fc-a634-1e383bd1f494 in 00:00:00.0391179.
2018-11-13 00:03:29,686 49187  INFO  [444460] Started processing user request. Id = 444460d1-475d-4c5f-a636-605c2f66c499. Size = 74.62 KB.
2018-11-13 00:03:29,691 49192  INFO  [444460] Doing some complicated stuff.. Random numbers are: 2066329322, 1300514489, 155786122.
2018-11-13 00:03:29,696 49197  INFO  [cd984d] Doing some complicated stuff.. Random numbers are: 2068818666, 1813622343, 958333386.
2018-11-13 00:03:29,698 49199  INFO  [22f993] Started processing user request. Id = 22f993ff-7f28-4625-8559-b5de9282cec7. Size = 49.14 KB.
2018-11-13 00:03:29,713 49214  INFO  [22f993] Doing some complicated stuff.. Random numbers are: 729230880, 524582399, 646226837.
2018-11-13 00:03:29,721 49222  INFO  [22f993] Here's some useful guids:
		b2079c35-7552-478d-82fa-75cf27d241b1
		4ced9065-21fb-4ba4-8cbb-97c831d3462c
		b0ddc52b-2fb7-482f-bac5-4571bd17523c
		71af811d-df2f-45ec-ac16-14e9a085a76b
		3209ec1c-00c2-49a5-bc77-31cb7a0018e7
2018-11-13 00:03:29,726 49227  INFO  [22f993] Finished processing user request with id = 22f993ff-7f28-4625-8559-b5de9282cec7 in 00:00:00.0279099.
2018-11-13 00:03:29,738 49239  INFO  [444460] Finished processing user request with id = 444460d1-475d-4c5f-a636-605c2f66c499 in 00:00:00.0520449.
2018-11-13 00:03:29,739 49240  INFO  [cd984d] Finished processing user request with id = cd984def-d4e0-4031-b11f-fdf57c649bd4 in 00:00:00.0620273.
2018-11-13 00:03:29,740 49241  INFO  [39684a] Started processing user request. Id = 39684a92-a7bd-449c-802e-45a54071847a. Size = 52.4 KB.
2018-11-13 00:03:29,753 49254  INFO  [BackgroundDaemon] Starting iteration #15561.
2018-11-13 00:03:29,754 49255  INFO  [Metrics] Cpu: 0.56%; Memory: 19.79 GB/31.88 GB; Workers: 4/1024; IOCP: 0/1024
2018-11-13 00:03:29,759 49260  INFO  [39684a] Doing some complicated stuff.. Random numbers are: 1792376894, 253642698, 1434390466.
2018-11-13 00:03:29,770 49271  INFO  [742bff] Started processing user request. Id = 742bffd8-c927-4ec6-bff8-c494ef8240f4. Size = 86.55 KB.
2018-11-13 00:03:29,788 49289  INFO  [742bff] Doing some complicated stuff.. Random numbers are: 595770972, 686590530, 652704376.
2018-11-13 00:03:29,789 49290  INFO  [BackgroundDaemon] Processing data (9% completed)..
2018-11-13 00:03:29,796 49297  INFO  [39684a] Here's some useful guids:
		0749b4e8-e925-47a4-90bf-e195611e8668
		57773b9c-7e79-40fe-ad44-ed9c5614e642
		89e9be54-9c74-4bbe-a534-4215eca2ee33
		27cbbe8e-1152-4f91-8909-6035e8ecfb20
		f32abfa9-790d-4d09-a070-39e37ad80450
2018-11-13 00:03:29,805 49306  INFO  [39684a] Finished processing user request with id = 39684a92-a7bd-449c-802e-45a54071847a in 00:00:00.0649853.
2018-11-13 00:03:29,810 49311  INFO  [742bff] Finished processing user request with id = 742bffd8-c927-4ec6-bff8-c494ef8240f4 in 00:00:00.0400308.
2018-11-13 00:03:29,819 49320  INFO  [fd2c44] Started processing user request. Id = fd2c4482-cd94-41c6-9f04-fc43d519ead6. Size = 34.58 KB.
2018-11-13 00:03:29,824 49325  INFO  [fd2c44] Doing some complicated stuff.. Random numbers are: 891939347, 639526969, 295269199.
2018-11-13 00:03:29,841 49342  INFO  [5eee36] Started processing user request. Id = 5eee36f3-ceb8-46d5-bd4d-66d93e9a1a14. Size = 407 B.
2018-11-13 00:03:29,841 49342  INFO  [5eee36] Doing some complicated stuff.. Random numbers are: 1730597248, 1504146492, 847972756.
2018-11-13 00:03:29,863 49364  INFO  [fd2c44] Here's some useful guids:
		13a536dd-9a42-4218-b3ff-bdeb5e173147
		6be36fc4-615b-4898-94bf-eb3eb197d7a8
		ae13cb35-0a85-435f-8e6d-a9ba0b2d1158
		9a00d743-bda7-4c67-88bd-4e820fceca27
		603a5876-722f-4833-9bd0-869877b2bd24
2018-11-13 00:03:29,878 49379  INFO  [5eee36] Finished processing user request with id = 5eee36f3-ceb8-46d5-bd4d-66d93e9a1a14 in 00:00:00.0366126.
2018-11-13 00:03:29,884 49385  INFO  [BackgroundDaemon] Processing data (40% completed)..
2018-11-13 00:03:29,885 49386  INFO  [fd2c44] Finished processing user request with id = fd2c4482-cd94-41c6-9f04-fc43d519ead6 in 00:00:00.0662079.
2018-11-13 00:03:29,899 49400  INFO  [b8f37f] Started processing user request. Id = b8f37fca-ef3f-48c2-bd84-1c86fff1288e. Size = 11.25 KB.
2018-11-13 00:03:29,900 49401  INFO  [b8f37f] Doing some complicated stuff.. Random numbers are: 594296504, 1044163831, 150373704.
2018-11-13 00:03:29,906 49407  INFO  [c757b1] Started processing user request. Id = c757b1a7-5af9-48cd-b8b3-55fd606c68b9. Size = 87.95 KB.
2018-11-13 00:03:29,909 49410  INFO  [05682c] Started processing user request. Id = 05682ca2-fc4a-41d2-9e34-24e3f5ba8ec9. Size = 5.91 KB.
2018-11-13 00:03:29,914 49415  INFO  [c757b1] Doing some complicated stuff.. Random numbers are: 1016330022, 852936753, 1990217799.
2018-11-13 00:03:29,927 49428  INFO  [05682c] Doing some complicated stuff.. Random numbers are: 1928522822, 1511052154, 695238848.
2018-11-13 00:03:29,931 49432  INFO  [b8f37f] Here's some useful guids:
		0ae670d4-36a0-4703-94da-e0cfc134c53a
		b1a01597-1d17-498c-ae64-b99656783aa6
		9c2b3a23-512b-403d-906e-49b85ec2a297
		54b63da0-1f1f-495b-9d72-eeaccd536828
2018-11-13 00:03:29,933 49434  INFO  [b8f37f] Finished processing user request with id = b8f37fca-ef3f-48c2-bd84-1c86fff1288e in 00:00:00.0340898.
2018-11-13 00:03:29,939 49440  INFO  [c757b1] Here's some useful guids:
		6a744a9e-59ae-4f3b-9b69-c09cdc64ffae
2018-11-13 00:03:29,947 49448  INFO  [043f5b] Started processing user request. Id = 043f5b53-3c6a-4293-b28f-880b9925f994. Size = 26.69 KB.
2018-11-13 00:03:29,954 49455  INFO  [043f5b] Doing some complicated stuff.. Random numbers are: 11249746, 50753849, 2108985554.
2018-11-13 00:03:29,959 49460  INFO  [BackgroundDaemon] Processing data (88% completed)..
2018-11-13 00:03:29,959 49460  INFO  [BackgroundDaemon] Finished iteration in 00:00:00.2058113.
2018-11-13 00:03:29,967 49468  INFO  [c757b1] Finished processing user request with id = c757b1a7-5af9-48cd-b8b3-55fd606c68b9 in 00:00:00.0613030.
2018-11-13 00:03:29,970 49471  INFO  [05682c] Finished processing user request with id = 05682ca2-fc4a-41d2-9e34-24e3f5ba8ec9 in 00:00:00.0607215.
2018-11-13 00:03:29,971 49472  INFO  [043f5b] Finished processing user request with id = 043f5b53-3c6a-4293-b28f-880b9925f994 in 00:00:00.0244616.
2018-11-13 00:03:29,984 49485  INFO  [338fcc] Started processing user request. Id = 338fcc67-44c0-43b5-b024-df590d5f9313. Size = 69.47 KB.
2018-11-13 00:03:29,995 49496  INFO  [338fcc] Doing some complicated stuff.. Random numbers are: 521973385, 1133679257, 1526434177.
2018-11-13 00:03:30,001 49502  INFO  [be1825] Started processing user request. Id = be18251a-f06a-4dec-b5b5-444b621ef506. Size = 84.62 KB.
2018-11-13 00:03:30,001 49502  INFO  [be1825] Doing some complicated stuff.. Random numbers are: 1921332964, 2055812669, 2109462462.
2018-11-13 00:03:30,003 49504  INFO  [338fcc] Here's some useful guids:
		91b1320b-0eea-4752-a3a8-f014d72ade35
		ad0fccaf-ff31-4a69-b1b4-65ee49ef5201
2018-11-13 00:03:30,004 49505  INFO  [338fcc] Finished processing user request with id = 338fcc67-44c0-43b5-b024-df590d5f9313 in 00:00:00.0201388.
2018-11-13 00:03:30,017 49519  INFO  [f21482] Started processing user request. Id = f214827f-86ed-4054-8333-7557066f9ce8. Size = 32.46 KB.
2018-11-13 00:03:30,020 49521  INFO  [f21482] Doing some complicated stuff.. Random numbers are: 822080009, 347043806, 994767342.
2018-11-13 00:03:30,038 49539  INFO  [be1825] Here's some useful guids:
		18ff926f-fab4-4dd4-9613-aac63706eb2a
2018-11-13 00:03:30,042 49544  INFO  [f21482] Here's some useful guids:
		021f8a24-6edd-4665-9f38-7bdbf9279d11
		a20b9f0f-42d3-463b-a634-c3f64499a1db
		8af6d848-16fb-4883-a628-066ed6c410ed
		81426eeb-8a45-415f-8d26-024c2a288d39
2018-11-13 00:03:30,043 49545  INFO  [be1825] Finished processing user request with id = be18251a-f06a-4dec-b5b5-444b621ef506 in 00:00:00.0421647.
2018-11-13 00:03:30,053 49554  INFO  [f21482] Finished processing user request with id = f214827f-86ed-4054-8333-7557066f9ce8 in 00:00:00.0351115.
2018-11-13 00:03:30,066 49567  INFO  [5d1f85] Started processing user request. Id = 5d1f8590-f22f-4a45-9292-deb6e2186d67. Size = 89.03 KB.
2018-11-13 00:03:30,075 49576  INFO  [9f1708] Started processing user request. Id = 9f17083d-aa5f-4cb0-9b9b-e3718a964d26. Size = 36.02 KB.
2018-11-13 00:03:30,081 49582  INFO  [5d1f85] Doing some complicated stuff.. Random numbers are: 1875269293, 1764443959, 1637098430.
2018-11-13 00:03:30,090 49592  INFO  [9f1708] Doing some complicated stuff.. Random numbers are: 1714513661, 892729431, 1911485543.
2018-11-13 00:03:30,114 49615  INFO  [9f1708] Finished processing user request with id = 9f17083d-aa5f-4cb0-9b9b-e3718a964d26 in 00:00:00.0390862.
2018-11-13 00:03:30,125 49626  INFO  [5d1f85] Finished processing user request with id = 5d1f8590-f22f-4a45-9292-deb6e2186d67 in 00:00:00.0591139.
2018-11-13 00:03:30,135 49636  INFO  [a9b40f] Started processing user request. Id = a9b40f48-c339-42ea-8dda-b967df4bd3cb. Size = 25.15 KB.
2018-11-13 00:03:30,138 49639  INFO  [401b23] Started processing user request. Id = 401b23e6-3d00-404c-b791-30ea4a9af674. Size = 30.99 KB.
2018-11-13 00:03:30,145 49646  INFO  [08e850] Started processing user request. Id = 08e850d0-cd07-4f46-8b22-ba1a72aa9e5d. Size = 5.88 KB.
2018-11-13 00:03:30,146 49647  INFO  [a9b40f] Doing some complicated stuff.. Random numbers are: 1264653739, 978176917, 1632190393.
2018-11-13 00:03:30,154 49655  INFO  [401b23] Doing some complicated stuff.. Random numbers are: 480352034, 1993110581, 1052513861.
2018-11-13 00:03:30,156 49657  INFO  [401b23] Here's some useful guids:
		fd997363-65b3-47bc-ad0f-c7549f6099ee
		1a385fd2-0eba-457a-abeb-3445745000aa
		503be39c-5ab4-4033-b17a-28589761316d
		97ff6b9a-b765-4b89-8c41-652e5fb2052c
		5414982c-c94f-44e2-aaa7-c2666450a588
2018-11-13 00:03:30,159 49660  INFO  [BackgroundDaemon] Starting iteration #15562.
2018-11-13 00:03:30,162 49663  INFO  [08e850] Doing some complicated stuff.. Random numbers are: 1562572707, 1301391406, 386702136.
2018-11-13 00:03:30,164 49665  INFO  [a9b40f] Here's some useful guids:
		4d1fe0c2-3212-49aa-95e1-46280b8c7bb1
		6484fb61-d030-4ffe-942b-5667c8590c84
		83c10185-b814-4d69-b1f8-dc89b673ea2d
2018-11-13 00:03:30,173 49675  INFO  [401b23] Finished processing user request with id = 401b23e6-3d00-404c-b791-30ea4a9af674 in 00:00:00.0351502.
2018-11-13 00:03:30,177 49679  INFO  [a9b40f] Finished processing user request with id = a9b40f48-c339-42ea-8dda-b967df4bd3cb in 00:00:00.0422096.
2018-11-13 00:03:30,181 49682  INFO  [08e850] Finished processing user request with id = 08e850d0-cd07-4f46-8b22-ba1a72aa9e5d in 00:00:00.0361907.
2018-11-13 00:03:30,187 49688  INFO  [582af8] Started processing user request. Id = 582af887-a3c4-4cfe-a894-93affd99ed05. Size = 30.41 KB.
2018-11-13 00:03:30,202 49703  INFO  [582af8] Doing some complicated stuff.. Random numbers are: 962977984, 178118311, 1115857578.
2018-11-13 00:03:30,213 49714  INFO  [145efd] Started processing user request. Id = 145efd38-c6ed-4820-bcd6-ead1817b7cd5. Size = 17.49 KB.
2018-11-13 00:03:30,224 49725  INFO  [145efd] Doing some complicated stuff.. Random numbers are: 668306109, 819690984, 334402276.
2018-11-13 00:03:30,231 49732  INFO  [582af8] Here's some useful guids:
		a81bc01d-2ba8-4cc4-91ff-bb017887ce2e
		cd4aef67-c986-4a7e-971e-589764a483dc
		338c14ce-f856-4298-89c6-e7ece9d07f12
		14f463a9-e35d-466b-81c5-956de04581c1
		8793bef7-5efc-4347-9f1f-0a2a22c6ddc5
2018-11-13 00:03:30,238 49739  INFO  [582af8] Finished processing user request with id = 582af887-a3c4-4cfe-a894-93affd99ed05 in 00:00:00.0510440.
2018-11-13 00:03:30,241 49742  INFO  [BackgroundDaemon] Processing data (4% completed)..
2018-11-13 00:03:30,245 49746  INFO  [145efd] Finished processing user request with id = 145efd38-c6ed-4820-bcd6-ead1817b7cd5 in 00:00:00.0318400.
2018-11-13 00:03:30,252 49753  INFO  [787cee] Started processing user request. Id = 787cee66-8e06-4610-b29a-b5be943f24de. Size = 45.49 KB.
2018-11-13 00:03:30,254 49755  INFO  [Metrics] Cpu: 0.08%; Memory: 19.79 GB/31.88 GB; Workers: 4/1024; IOCP: 0/1024
2018-11-13 00:03:30,262 49764  INFO  [787cee] Doing some complicated stuff.. Random numbers are: 1354162357, 854881453, 193428497.
2018-11-13 00:03:30,276 49777  INFO  [c099b4] Started processing user request. Id = c099b417-611c-4f06-acd0-fa4c820e094a. Size = 4.59 KB.
2018-11-13 00:03:30,278 49779  INFO  [c099b4] Doing some complicated stuff.. Random numbers are: 1884879156, 635490495, 646980068.
2018-11-13 00:03:30,283 49784  INFO  [BackgroundDaemon] Processing data (44% completed)..
2018-11-13 00:03:30,296 49797  INFO  [c099b4] Finished processing user request with id = c099b417-611c-4f06-acd0-fa4c820e094a in 00:00:00.0200473.
2018-11-13 00:03:30,299 49800  INFO  [787cee] Finished processing user request with id = 787cee66-8e06-4610-b29a-b5be943f24de in 00:00:00.0471916.
2018-11-13 00:03:30,312 49813  INFO  [a54648] Started processing user request. Id = a546480a-e744-4834-900e-379e9379d28d. Size = 75.14 KB.
2018-11-13 00:03:30,322 49823  INFO  [BackgroundDaemon] Processing data (50% completed)..
2018-11-13 00:03:30,322 49823  INFO  [BackgroundDaemon] Finished iteration in 00:00:00.1625002.
2018-11-13 00:03:30,328 49829  INFO  [b5d554] Started processing user request. Id = b5d5542b-1b5f-4ae6-b773-ba98a6c13125. Size = 25.7 KB.
2018-11-13 00:03:30,328 49829  INFO  [a54648] Doing some complicated stuff.. Random numbers are: 465823786, 164097909, 1977074910.
2018-11-13 00:03:30,337 49838  INFO  [b5d554] Doing some complicated stuff.. Random numbers are: 17037279, 1083410339, 1712990405.
2018-11-13 00:03:30,345 49846  INFO  [81bc4b] Started processing user request. Id = 81bc4b8a-f2d4-4265-81bb-19e2c6247217. Size = 77.98 KB.
2018-11-13 00:03:30,353 49854  INFO  [81bc4b] Doing some complicated stuff.. Random numbers are: 1781159023, 2062762289, 1023035955.
2018-11-13 00:03:30,354 49855  INFO  [b5d554] Here's some useful guids:
		62bfad4f-ee3e-49e6-99c7-36d396bd0824
2018-11-13 00:03:30,357 49858  INFO  [a54648] Here's some useful guids:
		63dde13d-2efb-4315-91bf-92251e2f90c0
2018-11-13 00:03:30,358 49859  INFO  [b5d554] Finished processing user request with id = b5d5542b-1b5f-4ae6-b773-ba98a6c13125 in 00:00:00.0301436.
2018-11-13 00:03:30,363 49864  INFO  [a54648] Finished processing user request with id = a546480a-e744-4834-900e-379e9379d28d in 00:00:00.0506651.
2018-11-13 00:03:30,376 49877  INFO  [2aa640] Started processing user request. Id = 2aa640eb-87f9-4bf1-8730-340c0adf318c. Size = 10.17 KB.
2018-11-13 00:03:30,383 49884  INFO  [2aa640] Doing some complicated stuff.. Random numbers are: 1478682114, 1924621370, 248626179.
2018-11-13 00:03:30,384 49885  INFO  [2aa640] Here's some useful guids:
		5dbeaec3-5e29-48ea-8276-e50223055307
		9bb5f647-1da0-4578-a8b9-bf9c8076b00c
		2e188816-96de-47dc-a04f-f59336a1f892
2018-11-13 00:03:30,387 49888  INFO  [81bc4b] Finished processing user request with id = 81bc4b8a-f2d4-4265-81bb-19e2c6247217 in 00:00:00.0419380.
2018-11-13 00:03:30,389 49890  INFO  [833c06] Started processing user request. Id = 833c068e-1ce7-49b8-b5fd-0d2b5faf8347. Size = 39.96 KB.
2018-11-13 00:03:30,403 49904  INFO  [833c06] Doing some complicated stuff.. Random numbers are: 1089101533, 552629921, 1973873579.
2018-11-13 00:03:30,405 49906  INFO  [2aa640] Finished processing user request with id = 2aa640eb-87f9-4bf1-8730-340c0adf318c in 00:00:00.0291413.
2018-11-13 00:03:30,419 49920  INFO  [527ab9] Started processing user request. Id = 527ab9cf-e1e2-4589-948c-8cb1ad4ce2c8. Size = 8.54 KB.
2018-11-13 00:03:30,427 49928  INFO  [527ab9] Doing some complicated stuff.. Random numbers are: 90925676, 1563758035, 1433501653.
2018-11-13 00:03:30,459 49960  ERROR [833c06] 
System.InvalidOperationException: Oh no! An error occurred!
2018-11-13 00:03:30,469 49970  INFO  [527ab9] Finished processing user request with id = 527ab9cf-e1e2-4589-948c-8cb1ad4ce2c8 in 00:00:00.0501751.
2018-11-13 00:03:30,482 49983  INFO  [8d8b04] Started processing user request. Id = 8d8b04e2-ed8a-4337-b025-272465206ea8. Size = 82.25 KB.
2018-11-13 00:03:30,484 49985  INFO  [8d8b04] Doing some complicated stuff.. Random numbers are: 320776600, 1012086814, 966592409.
2018-11-13 00:03:30,490 49991  INFO  [bf2e16] Started processing user request. Id = bf2e16ba-c90e-49ca-ac27-dcbf970cc1f9. Size = 96.71 KB.
2018-11-13 00:03:30,503 50004  INFO  [bf2e16] Doing some complicated stuff.. Random numbers are: 1119073046, 1464282415, 1197179579.
2018-11-13 00:03:30,516 50017  INFO  [bf2e16] Here's some useful guids:
		5aca5e08-95a1-4d0a-a241-0dee56a2a2da
		309cbb56-1275-437a-979a-7f60269ef6e4
		9bc04391-9ae2-499c-918f-4b46a98a01de
2018-11-13 00:03:30,517 50018  INFO  [8d8b04] Finished processing user request with id = 8d8b04e2-ed8a-4337-b025-272465206ea8 in 00:00:00.0352024.
2018-11-13 00:03:30,523 50024  INFO  [BackgroundDaemon] Starting iteration #15563.
2018-11-13 00:03:30,531 50032  INFO  [918262] Started processing user request. Id = 91826205-af5b-47d0-8aa0-e1ebf708ac54. Size = 51.8 KB.
2018-11-13 00:03:30,539 50040  INFO  [918262] Doing some complicated stuff.. Random numbers are: 511162714, 1347606731, 444954803.
2018-11-13 00:03:30,545 50046  INFO  [bf2e16] Finished processing user request with id = bf2e16ba-c90e-49ca-ac27-dcbf970cc1f9 in 00:00:00.0551163.
2018-11-13 00:03:30,554 50055  INFO  [2c2819] Started processing user request. Id = 2c281935-1d63-4574-8bb7-71a0ace94ee2. Size = 72.38 KB.
2018-11-13 00:03:30,567 50068  INFO  [2c2819] Doing some complicated stuff.. Random numbers are: 402067035, 1646513462, 1011224106.
2018-11-13 00:03:30,577 50078  INFO  [64549e] Started processing user request. Id = 64549ef7-ec5b-4c6c-9888-506f860eca7b. Size = 56.98 KB.
2018-11-13 00:03:30,578 50079  INFO  [918262] Here's some useful guids:
		5e8c14dc-a7a7-4c33-8ecd-a1309bc366c1
		bed5f7a9-6315-4cdf-bce7-e46ad3ab0920
2018-11-13 00:03:30,590 50091  INFO  [64549e] Doing some complicated stuff.. Random numbers are: 1904157320, 1405823044, 369997531.
2018-11-13 00:03:30,598 50100  INFO  [BackgroundDaemon] Processing data (1% completed)..
2018-11-13 00:03:30,601 50103  INFO  [2c2819] Finished processing user request with id = 2c281935-1d63-4574-8bb7-71a0ace94ee2 in 00:00:00.0472705.
2018-11-13 00:03:30,601 50103  INFO  [918262] Finished processing user request with id = 91826205-af5b-47d0-8aa0-e1ebf708ac54 in 00:00:00.0706509.
2018-11-13 00:03:30,615 50116  INFO  [5c6462] Started processing user request. Id = 5c646282-e84b-48a0-9e4e-9bbe66fb27ba. Size = 50.52 KB.
2018-11-13 00:03:30,622 50123  INFO  [5c6462] Doing some complicated stuff.. Random numbers are: 1773934888, 2045991931, 412742168.
2018-11-13 00:03:30,622 50123  INFO  [64549e] Finished processing user request with id = 64549ef7-ec5b-4c6c-9888-506f860eca7b in 00:00:00.0445881.
2018-11-13 00:03:30,634 50135  INFO  [5c6462] Here's some useful guids:
		e824c4c3-cd53-4d87-ad00-d4c48f16fdbb
		94516aa2-2cd7-4ca8-b048-6772eb253bf2
		a527e265-b294-4654-809c-75385bfdc313
2018-11-13 00:03:30,654 50155  INFO  [f6dbfe] Started processing user request. Id = f6dbfe88-de36-4b8b-98f9-5362ece5f103. Size = 77.59 KB.
2018-11-13 00:03:30,655 50156  INFO  [BackgroundDaemon] Processing data (21% completed)..
2018-11-13 00:03:30,657 50158  INFO  [5c6462] Finished processing user request with id = 5c646282-e84b-48a0-9e4e-9bbe66fb27ba in 00:00:00.0420917.
2018-11-13 00:03:30,670 50171  INFO  [da84f0] Started processing user request. Id = da84f048-5cd1-4d0f-9f61-435b398a873f. Size = 40.13 KB.
2018-11-13 00:03:30,671 50172  INFO  [f6dbfe] Doing some complicated stuff.. Random numbers are: 568673093, 144731545, 313831004.
2018-11-13 00:03:30,689 50191  INFO  [da84f0] Doing some complicated stuff.. Random numbers are: 2021323322, 186755238, 604441319.
2018-11-13 00:03:30,700 50202  INFO  [f6dbfe] Finished processing user request with id = f6dbfe88-de36-4b8b-98f9-5362ece5f103 in 00:00:00.0468403.
2018-11-13 00:03:30,732 50233  INFO  [7e0f21] Started processing user request. Id = 7e0f2146-c1d0-49da-8c08-a53d1cebfc89. Size = 78.08 KB.
2018-11-13 00:03:30,733 50234  INFO  [da84f0] Finished processing user request with id = da84f048-5cd1-4d0f-9f61-435b398a873f in 00:00:00.0629185.
2018-11-13 00:03:30,745 50246  INFO  [BackgroundDaemon] Processing data (98% completed)..
2018-11-13 00:03:30,745 50246  INFO  [BackgroundDaemon] Finished iteration in 00:00:00.2223435.
2018-11-13 00:03:30,746 50247  INFO  [8283cc] Started processing user request. Id = 8283cc81-2fa9-47d8-a5dd-fa2b917929a1. Size = 23.4 KB.
2018-11-13 00:03:30,749 50250  INFO  [8283cc] Doing some complicated stuff.. Random numbers are: 706894199, 2030656672, 1194783427.
2018-11-13 00:03:30,751 50252  INFO  [7e0f21] Doing some complicated stuff.. Random numbers are: 744531395, 828758917, 922088890.
2018-11-13 00:03:30,753 50254  INFO  [Metrics] Cpu: 0.08%; Memory: 19.79 GB/31.88 GB; Workers: 4/1024; IOCP: 0/1024
2018-11-13 00:03:30,768 50270  INFO  [512d88] Started processing user request. Id = 512d8895-3f92-44d7-8195-8fff2cb7c2a0. Size = 21.49 KB.
2018-11-13 00:03:30,773 50274  INFO  [512d88] Doing some complicated stuff.. Random numbers are: 371940514, 1265209024, 1160850836.
2018-11-13 00:03:30,780 50281  INFO  [512d88] Here's some useful guids:
		6a7c71d5-5326-4ddb-8916-840efeb43c1e
		5148b164-0dac-4c65-9c7b-998b0710c85c
		0216edef-c4be-452a-8f87-cb916aaea3e9
		c6ae37b7-cb20-4a30-b3ce-990ed431b4cb
2018-11-13 00:03:30,787 50288  INFO  [8283cc] Here's some useful guids:
		69719565-fccd-4aa7-8635-a7088232a4fd
2018-11-13 00:03:30,801 50302  INFO  [8283cc] Finished processing user request with id = 8283cc81-2fa9-47d8-a5dd-fa2b917929a1 in 00:00:00.0545190.
2018-11-13 00:03:30,802 50303  INFO  [7e0f21] Finished processing user request with id = 7e0f2146-c1d0-49da-8c08-a53d1cebfc89 in 00:00:00.0699415.
2018-11-13 00:03:30,809 50310  INFO  [512d88] Finished processing user request with id = 512d8895-3f92-44d7-8195-8fff2cb7c2a0 in 00:00:00.0401777.
2018-11-13 00:03:30,814 50315  INFO  [773e1f] Started processing user request. Id = 773e1f36-727e-43c3-8437-5ba456788d3c. Size = 4.51 KB.
2018-11-13 00:03:30,826 50327  INFO  [773e1f] Doing some complicated stuff.. Random numbers are: 962142936, 329000518, 322274656.
2018-11-13 00:03:30,833 50334  INFO  [f1a9f4] Started processing user request. Id = f1a9f4d1-43e0-40b8-aaad-0315c4c104d8. Size = 75.79 KB.
2018-11-13 00:03:30,842 50343  INFO  [f1a9f4] Doing some complicated stuff.. Random numbers are: 437110373, 683646022, 2046777564.
2018-11-13 00:03:30,848 50349  INFO  [f1a9f4] Here's some useful guids:
		771697f6-68cd-427d-be6e-f08483af337f
		a4b8435f-8d91-40c3-bf57-2314466c244e
		19a6afc1-4e10-4a0f-8f43-065f95060ecc
2018-11-13 00:03:30,854 50355  INFO  [773e1f] Here's some useful guids:
		e18aa963-6249-4b17-8a3f-ffcb0fe9983c
2018-11-13 00:03:30,858 50359  ERROR [773e1f] 
System.InvalidOperationException: Oh no! An error occurred!
2018-11-13 00:03:30,862 50363  INFO  [f1a9f4] Finished processing user request with id = f1a9f4d1-43e0-40b8-aaad-0315c4c104d8 in 00:00:00.0294169.
2018-11-13 00:03:30,871 50372  INFO  [c784a3] Started processing user request. Id = c784a37b-d25e-45bf-b5ee-abf25f6c7d88. Size = 15.26 KB.
2018-11-13 00:03:30,874 50375  INFO  [c784a3] Doing some complicated stuff.. Random numbers are: 831654692, 106527309, 1297542375.
2018-11-13 00:03:30,894 50395  INFO  [e00f6a] Started processing user request. Id = e00f6a3e-dcc0-4580-bb7a-127eb2fce5ee. Size = 5.89 KB.
2018-11-13 00:03:30,899 50400  INFO  [c784a3] Finished processing user request with id = c784a37b-d25e-45bf-b5ee-abf25f6c7d88 in 00:00:00.0275762.
2018-11-13 00:03:30,901 50402  INFO  [e00f6a] Doing some complicated stuff.. Random numbers are: 1705669898, 782336843, 1077783129.
2018-11-13 00:03:30,912 50413  INFO  [3d4e78] Started processing user request. Id = 3d4e788e-2a44-45b4-9ab6-89eb1fa8b2cb. Size = 33.96 KB.
2018-11-13 00:03:30,913 50414  INFO  [e00f6a] Finished processing user request with id = e00f6a3e-dcc0-4580-bb7a-127eb2fce5ee in 00:00:00.0191473.
2018-11-13 00:03:30,930 50431  INFO  [3d4e78] Doing some complicated stuff.. Random numbers are: 391626404, 372132199, 790838197.
2018-11-13 00:03:30,945 50446  INFO  [e54791] Started processing user request. Id = e547918d-26ae-4652-b7f9-c644970f9c65. Size = 53.89 KB.
2018-11-13 00:03:30,946 50447  INFO  [BackgroundDaemon] Starting iteration #15564.
2018-11-13 00:03:30,952 50453  INFO  [e54791] Doing some complicated stuff.. Random numbers are: 177241287, 1357218693, 252105298.
2018-11-13 00:03:30,956 50457  INFO  [3d4e78] Finished processing user request with id = 3d4e788e-2a44-45b4-9ab6-89eb1fa8b2cb in 00:00:00.0440571.
2018-11-13 00:03:30,969 50470  INFO  [0d48af] Started processing user request. Id = 0d48af5c-2a62-4fe1-be6a-2b8332e28fc1. Size = 26.47 KB.
2018-11-13 00:03:30,969 50470  INFO  [0d48af] Doing some complicated stuff.. Random numbers are: 1788295665, 429896125, 1878769148.
2018-11-13 00:03:30,976 50477  INFO  [62115d] Started processing user request. Id = 62115d9b-9914-4819-9028-57b3b0327aa8. Size = 19.95 KB.
2018-11-13 00:03:30,978 50479  INFO  [BackgroundDaemon] Processing data (17% completed)..
2018-11-13 00:03:30,984 50485  INFO  [62115d] Doing some complicated stuff.. Random numbers are: 417274198, 317380846, 292094922.
2018-11-13 00:03:31,006 50507  ERROR [0d48af] 
System.InvalidOperationException: Oh no! An error occurred!
2018-11-13 00:03:31,012 50513  INFO  [62115d] Finished processing user request with id = 62115d9b-9914-4819-9028-57b3b0327aa8 in 00:00:00.0362995.
2018-11-13 00:03:31,019 50520  INFO  [e54791] Finished processing user request with id = e547918d-26ae-4652-b7f9-c644970f9c65 in 00:00:00.0737599.
2018-11-13 00:03:31,020 50521  INFO  [915285] Started processing user request. Id = 91528502-7a80-49ad-9b34-2755d29fd07e. Size = 82.37 KB.
2018-11-13 00:03:31,035 50536  INFO  [915285] Doing some complicated stuff.. Random numbers are: 874351790, 1751071040, 733559944.
2018-11-13 00:03:31,044 50545  INFO  [BackgroundDaemon] Processing data (29% completed)..
2018-11-13 00:03:31,050 50551  INFO  [9913ba] Started processing user request. Id = 9913bad0-e7f0-4504-bcba-a68eed35c8c5. Size = 19.1 KB.
2018-11-13 00:03:31,055 50556  INFO  [9913ba] Doing some complicated stuff.. Random numbers are: 293022475, 245974215, 1097244560.
2018-11-13 00:03:31,064 50565  INFO  [BackgroundDaemon] Processing data (72% completed)..
2018-11-13 00:03:31,064 50565  INFO  [BackgroundDaemon] Finished iteration in 00:00:00.1179953.
2018-11-13 00:03:31,083 50584  INFO  [915285] Finished processing user request with id = 91528502-7a80-49ad-9b34-2755d29fd07e in 00:00:00.0631695.
2018-11-13 00:03:31,096 50597  INFO  [b69b5f] Started processing user request. Id = b69b5fe8-f052-436b-9fad-afd29e076e2a. Size = 70.63 KB.
2018-11-13 00:03:31,102 50603  INFO  [b69b5f] Doing some complicated stuff.. Random numbers are: 733114297, 553185854, 849690901.
2018-11-13 00:03:31,114 50615  INFO  [9913ba] Finished processing user request with id = 9913bad0-e7f0-4504-bcba-a68eed35c8c5 in 00:00:00.0640704.
2018-11-13 00:03:31,143 50644  INFO  [b69b5f] Finished processing user request with id = b69b5fe8-f052-436b-9fad-afd29e076e2a in 00:00:00.0468687.
2018-11-13 00:03:31,146 50647  INFO  [6652f8] Started processing user request. Id = 6652f831-1584-4bd0-963f-ccbe692d49bb. Size = 46.35 KB.
2018-11-13 00:03:31,156 50657  INFO  [1ec496] Started processing user request. Id = 1ec49646-8267-4978-a4c2-2a61e2ad36cd. Size = 84.75 KB.
2018-11-13 00:03:31,165 50666  INFO  [6652f8] Doing some complicated stuff.. Random numbers are: 196141348, 1595685335, 1278978825.
2018-11-13 00:03:31,165 50666  INFO  [1ec496] Doing some complicated stuff.. Random numbers are: 171304739, 1324338790, 1336250392.
2018-11-13 00:03:31,172 50673  INFO  [6652f8] Here's some useful guids:
		517af3fb-b8bc-4c6b-b0bb-28d53cc02862
2018-11-13 00:03:31,178 50679  INFO  [6652f8] Finished processing user request with id = 6652f831-1584-4bd0-963f-ccbe692d49bb in 00:00:00.0320787.
2018-11-13 00:03:31,180 50681  INFO  [c27e68] Started processing user request. Id = c27e68c8-6186-43f4-872d-5a3910f1d568. Size = 50.32 KB.
2018-11-13 00:03:31,185 50686  INFO  [1ec496] Here's some useful guids:
		bb84ac44-dce3-473a-b224-8cc42105cb45
		31012bde-a3a5-4147-bcb3-233a95d4b536
		2c0e6c22-4aae-4dcc-a8ea-51a1a43417dd
		a6c485bb-4ac8-400c-a012-be6a761d3131
2018-11-13 00:03:31,189 50690  INFO  [1ec496] Finished processing user request with id = 1ec49646-8267-4978-a4c2-2a61e2ad36cd in 00:00:00.0328887.
2018-11-13 00:03:31,199 50700  INFO  [c27e68] Doing some complicated stuff.. Random numbers are: 1445334118, 1460466279, 1296635392.
2018-11-13 00:03:31,203 50704  INFO  [c570da] Started processing user request. Id = c570da5d-9889-498d-9a41-21b38ddc606e. Size = 93.76 KB.
2018-11-13 00:03:31,208 50709  INFO  [c570da] Doing some complicated stuff.. Random numbers are: 303911515, 769919955, 1537756340.
2018-11-13 00:03:31,210 50711  INFO  [cf256b] Started processing user request. Id = cf256b91-c24b-40e8-af29-c60f6671b489. Size = 58.32 KB.
2018-11-13 00:03:31,227 50728  INFO  [cf256b] Doing some complicated stuff.. Random numbers are: 309898964, 1313299749, 1415599970.
2018-11-13 00:03:31,229 50730  INFO  [c27e68] Here's some useful guids:
		28c70245-56ad-4b45-9693-e061a89db720
2018-11-13 00:03:31,231 50732  INFO  [c27e68] Finished processing user request with id = c27e68c8-6186-43f4-872d-5a3910f1d568 in 00:00:00.0510241.
2018-11-13 00:03:31,239 50740  INFO  [c570da] Finished processing user request with id = c570da5d-9889-498d-9a41-21b38ddc606e in 00:00:00.0360572.
2018-11-13 00:03:31,253 50754  INFO  [1fff9f] Started processing user request. Id = 1fff9f89-e666-472d-9d9b-a672dc26d1e3. Size = 52.08 KB.
2018-11-13 00:03:31,253 50754  INFO  [Metrics] Cpu: 0.00%; Memory: 19.79 GB/31.88 GB; Workers: 4/1024; IOCP: 0/1024
2018-11-13 00:03:31,259 50760  INFO  [cf256b] Here's some useful guids:
		19a4947e-a36e-4135-aa9e-39b91256111f
		e763f763-28ef-463c-a63d-0edce1b38165
2018-11-13 00:03:31,264 50765  INFO  [1fff9f] Doing some complicated stuff.. Random numbers are: 1061280358, 378304158, 1444259365.
2018-11-13 00:03:31,265 50766  INFO  [BackgroundDaemon] Starting iteration #15565.
2018-11-13 00:03:31,280 50781  INFO  [cf256b] Finished processing user request with id = cf256b91-c24b-40e8-af29-c60f6671b489 in 00:00:00.0700706.
2018-11-13 00:03:31,298 50799  INFO  [BackgroundDaemon] Processing data (16% completed)..
2018-11-13 00:03:31,308 50809  INFO  [1fff9f] Finished processing user request with id = 1fff9f89-e666-472d-9d9b-a672dc26d1e3 in 00:00:00.0551061.
2018-11-13 00:03:31,312 50813  INFO  [882e33] Started processing user request. Id = 882e330e-3317-406e-878d-a267df5f8aa4. Size = 8.46 KB.
2018-11-13 00:03:31,320 50821  INFO  [882e33] Doing some complicated stuff.. Random numbers are: 576909699, 405051176, 1947920378.
2018-11-13 00:03:31,322 50823  INFO  [30e40c] Started processing user request. Id = 30e40c39-ebff-4293-9bc7-9f9e12bf626f. Size = 1.19 KB.
2018-11-13 00:03:31,334 50835  INFO  [882e33] Here's some useful guids:
		7990b093-03a1-42f8-aec5-8057cb908103
		2e15b786-8c94-4a76-a131-8225e2614f02
2018-11-13 00:03:31,335 50836  INFO  [30e40c] Doing some complicated stuff.. Random numbers are: 1908965302, 506054600, 1635132316.
2018-11-13 00:03:31,363 50864  INFO  [882e33] Finished processing user request with id = 882e330e-3317-406e-878d-a267df5f8aa4 in 00:00:00.0510607.
2018-11-13 00:03:31,368 50869  INFO  [BackgroundDaemon] Processing data (43% completed)..
2018-11-13 00:03:31,385 50886  INFO  [30e40c] Finished processing user request with id = 30e40c39-ebff-4293-9bc7-9f9e12bf626f in 00:00:00.0633264.
2018-11-13 00:03:31,394 50895  INFO  [c43b31] Started processing user request. Id = c43b3115-b9b3-43e0-97d0-975b3c92329f. Size = 7.06 KB.
2018-11-13 00:03:31,399 50900  INFO  [c9a8b1] Started processing user request. Id = c9a8b131-1ade-4736-a916-c5d08060c628. Size = 11.58 KB.
2018-11-13 00:03:31,399 50900  INFO  [8d5b48] Started processing user request. Id = 8d5b48f8-dbc4-4565-9867-e2800a955da4. Size = 21.84 KB.
2018-11-13 00:03:31,403 50904  INFO  [8d5b48] Doing some complicated stuff.. Random numbers are: 1960590321, 1639144391, 1286964209.
2018-11-13 00:03:31,406 50907  INFO  [c43b31] Doing some complicated stuff.. Random numbers are: 1084464858, 1656609128, 742068817.
2018-11-13 00:03:31,413 50914  INFO  [c9a8b1] Doing some complicated stuff.. Random numbers are: 1922932441, 648809642, 813238451.
2018-11-13 00:03:31,421 50922  INFO  [c9a8b1] Here's some useful guids:
		12ce2d4b-882d-4fdf-80d3-624a510e350d
2018-11-13 00:03:31,427 50928  INFO  [c9a8b1] Finished processing user request with id = c9a8b131-1ade-4736-a916-c5d08060c628 in 00:00:00.0280762.
2018-11-13 00:03:31,437 50938  INFO  [BackgroundDaemon] Processing data (51% completed)..
2018-11-13 00:03:31,437 50938  INFO  [c43b31] Finished processing user request with id = c43b3115-b9b3-43e0-97d0-975b3c92329f in 00:00:00.0429043.
2018-11-13 00:03:31,437 50938  INFO  [BackgroundDaemon] Finished iteration in 00:00:00.1720546.
2018-11-13 00:03:31,448 50949  INFO  [8d5b48] Finished processing user request with id = 8d5b48f8-dbc4-4565-9867-e2800a955da4 in 00:00:00.0491244.
2018-11-13 00:03:31,462 50963  INFO  [f153a1] Started processing user request. Id = f153a1b7-e752-4545-ac43-5f2ae31888b3. Size = 56.74 KB.
2018-11-13 00:03:31,468 50969  INFO  [c69039] Started processing user request. Id = c690390c-32dc-437e-b1de-f9e5d12fad79. Size = 91.07 KB.
2018-11-13 00:03:31,473 50974  INFO  [c69039] Doing some complicated stuff.. Random numbers are: 2134202061, 1578392390, 1466957802.
2018-11-13 00:03:31,481 50982  INFO  [f153a1] Doing some complicated stuff.. Random numbers are: 1342841604, 1975008895, 1502465933.
2018-11-13 00:03:31,491 50992  INFO  [c69039] Finished processing user request with id = c690390c-32dc-437e-b1de-f9e5d12fad79 in 00:00:00.0229927.
2018-11-13 00:03:31,494 50995  INFO  [f153a1] Here's some useful guids:
		8329cccd-95c1-4eeb-ae4b-d73f20d3c90c
		83ff8214-55af-4812-8e41-d6d5d47c6b63
		0baa2c01-5710-43e6-b67c-4c5ec8139000
2018-11-13 00:03:31,518 51019  INFO  [f153a1] Finished processing user request with id = f153a1b7-e752-4545-ac43-5f2ae31888b3 in 00:00:00.0561110.
2018-11-13 00:03:31,522 51023  INFO  [db175f] Started processing user request. Id = db175f25-a05e-47b9-9a03-89d082fad494. Size = 46.84 KB.
2018-11-13 00:03:31,528 51029  INFO  [db175f] Doing some complicated stuff.. Random numbers are: 856237031, 765570415, 199309064.
2018-11-13 00:03:31,532 51033  INFO  [e6dd48] Started processing user request. Id = e6dd4835-3c99-428b-b151-8d583c0ecccd. Size = 24.65 KB.
2018-11-13 00:03:31,536 51037  INFO  [db175f] Here's some useful guids:
		c8289aa3-2984-45ef-825a-e7aea228a2fc
2018-11-13 00:03:31,541 51042  INFO  [e6dd48] Doing some complicated stuff.. Random numbers are: 435778456, 1748111690, 1262970027.
2018-11-13 00:03:31,556 51057  ERROR [db175f] 
System.InvalidOperationException: Oh no! An error occurred!
2018-11-13 00:03:31,587 51089  INFO  [f62d09] Started processing user request. Id = f62d0967-25d9-4a95-9a64-08c6745fe09e. Size = 82.05 KB.
2018-11-13 00:03:31,592 51094  INFO  [f62d09] Doing some complicated stuff.. Random numbers are: 2083674511, 45124198, 382553315.
2018-11-13 00:03:31,594 51096  INFO  [78fb05] Started processing user request. Id = 78fb052d-587e-446b-be00-4d2c13c0b2db. Size = 63.9 KB.
2018-11-13 00:03:31,595 51097  INFO  [e6dd48] Finished processing user request with id = e6dd4835-3c99-428b-b151-8d583c0ecccd in 00:00:00.0632772.
2018-11-13 00:03:31,605 51107  INFO  [78fb05] Doing some complicated stuff.. Random numbers are: 1784965354, 676784286, 909910390.
2018-11-13 00:03:31,608 51110  INFO  [f62d09] Finished processing user request with id = f62d0967-25d9-4a95-9a64-08c6745fe09e in 00:00:00.0210482.
2018-11-13 00:03:31,609 51111  INFO  [d4b834] Started processing user request. Id = d4b8341a-7abc-4c2b-850f-f10ebd780036. Size = 70.63 KB.
2018-11-13 00:03:31,619 51121  INFO  [d4b834] Doing some complicated stuff.. Random numbers are: 426203922, 1140283514, 548117822.
2018-11-13 00:03:31,638 51139  INFO  [BackgroundDaemon] Starting iteration #15566.
2018-11-13 00:03:31,638 51139  INFO  [d4b834] Here's some useful guids:
		ed5b32fa-a648-4d7d-abdc-4df91bf50541
		8f184a71-33ee-4d70-abac-4db8c12891c2
		9ce5005b-2061-40cb-8fb0-8b556271ce24
2018-11-13 00:03:31,640 51141  INFO  [a270bb] Started processing user request. Id = a270bb21-50e3-4fd3-949d-dfcffac97d20. Size = 36.6 KB.
2018-11-13 00:03:31,645 51146  INFO  [a270bb] Doing some complicated stuff.. Random numbers are: 1058819191, 408824896, 657463775.
2018-11-13 00:03:31,646 51147  INFO  [78fb05] Finished processing user request with id = 78fb052d-587e-446b-be00-4d2c13c0b2db in 00:00:00.0514208.
2018-11-13 00:03:31,662 51163  INFO  [d4b834] Finished processing user request with id = d4b8341a-7abc-4c2b-850f-f10ebd780036 in 00:00:00.0524375.
2018-11-13 00:03:31,676 51177  INFO  [ba29a8] Started processing user request. Id = ba29a80b-4351-42cb-a6f4-7735bcaf9438. Size = 89.58 KB.
2018-11-13 00:03:31,687 51188  INFO  [a270bb] Finished processing user request with id = a270bb21-50e3-4fd3-949d-dfcffac97d20 in 00:00:00.0473746.
2018-11-13 00:03:31,689 51190  INFO  [BackgroundDaemon] Processing data (15% completed)..
2018-11-13 00:03:31,695 51196  INFO  [ba29a8] Doing some complicated stuff.. Random numbers are: 651698531, 2001726096, 1142194456.
2018-11-13 00:03:31,719 51220  INFO  [ba29a8] Finished processing user request with id = ba29a80b-4351-42cb-a6f4-7735bcaf9438 in 00:00:00.0426234.
2018-11-13 00:03:31,719 51220  INFO  [619b6b] Started processing user request. Id = 619b6b6b-aa9e-4d71-a34b-1e1d7b7b9316. Size = 63.17 KB.
2018-11-13 00:03:31,731 51232  INFO  [619b6b] Doing some complicated stuff.. Random numbers are: 1713722988, 718575518, 656237760.
2018-11-13 00:03:31,733 51234  INFO  [dab8ab] Started processing user request. Id = dab8ab46-ef73-4d6a-821c-7cd4726cad62. Size = 90.93 KB.
2018-11-13 00:03:31,745 51246  INFO  [dab8ab] Doing some complicated stuff.. Random numbers are: 32268761, 383589856, 327243375.
2018-11-13 00:03:31,747 51248  INFO  [BackgroundDaemon] Processing data (30% completed)..
2018-11-13 00:03:31,753 51254  INFO  [Metrics] Cpu: 0.00%; Memory: 19.78 GB/31.88 GB; Workers: 4/1024; IOCP: 0/1024
2018-11-13 00:03:31,764 51265  INFO  [dab8ab] Here's some useful guids:
		16a0225a-6f69-4e86-8832-b5f36864d0de
		9e266d94-116b-4e16-8417-222e0df93a2c
		5e41b9a5-88f1-472a-ae75-a178184d1646
2018-11-13 00:03:31,764 51265  INFO  [dab8ab] Finished processing user request with id = dab8ab46-ef73-4d6a-821c-7cd4726cad62 in 00:00:00.0310345.
2018-11-13 00:03:31,772 51273  INFO  [619b6b] Finished processing user request with id = 619b6b6b-aa9e-4d71-a34b-1e1d7b7b9316 in 00:00:00.0531123.
2018-11-13 00:03:31,777 51278  INFO  [96913f] Started processing user request. Id = 96913f1f-119f-4239-a333-5ed663c0d794. Size = 31.88 KB.
2018-11-13 00:03:31,792 51293  INFO  [96913f] Doing some complicated stuff.. Random numbers are: 1866334081, 227687837, 1368348515.
2018-11-13 00:03:31,792 51293  INFO  [96913f] Here's some useful guids:
		70977879-617b-4fae-822b-03452c51139d
		d2fe4421-abdc-4bff-aabb-3ac256ef6a52
2018-11-13 00:03:31,803 51304  INFO  [bca9bf] Started processing user request. Id = bca9bf18-eefd-4484-8094-9122f1f90fad. Size = 70.22 KB.
2018-11-13 00:03:31,804 51305  INFO  [96913f] Finished processing user request with id = 96913f1f-119f-4239-a333-5ed663c0d794 in 00:00:00.0271304.
2018-11-13 00:03:31,813 51314  INFO  [bca9bf] Doing some complicated stuff.. Random numbers are: 701269241, 831879731, 540936306.
2018-11-13 00:03:31,814 51315  INFO  [a52c98] Started processing user request. Id = a52c98b6-eceb-4b3c-85f0-12110f8cc441. Size = 5.03 KB.
2018-11-13 00:03:31,818 51319  INFO  [0d39a4] Started processing user request. Id = 0d39a40e-34ae-4f54-ae6f-3d091e7ec921. Size = 45.43 KB.
2018-11-13 00:03:31,821 51322  INFO  [BackgroundDaemon] Processing data (96% completed)..
2018-11-13 00:03:31,821 51322  INFO  [BackgroundDaemon] Finished iteration in 00:00:00.1830661.
2018-11-13 00:03:31,823 51324  INFO  [0d39a4] Doing some complicated stuff.. Random numbers are: 1855026395, 836836827, 1751108832.
2018-11-13 00:03:31,823 51324  INFO  [a52c98] Doing some complicated stuff.. Random numbers are: 1133131943, 585372683, 599517090.
2018-11-13 00:03:31,858 51359  INFO  [0d39a4] Here's some useful guids:
		6d63050a-43a4-4fa6-a527-6e2528f91fab
		14cc8738-0e41-49da-97b1-3eba7769d138
		f6b5fc92-5faa-40ca-9cec-a46a06ab3b35
		66583ea0-c871-4e74-9661-263621bcb92f
		9db29459-bb21-4aff-9761-176c1e8b583f
2018-11-13 00:03:31,862 51363  INFO  [bca9bf] Finished processing user request with id = bca9bf18-eefd-4484-8094-9122f1f90fad in 00:00:00.0591591.
2018-11-13 00:03:31,864 51365  INFO  [a52c98] Finished processing user request with id = a52c98b6-eceb-4b3c-85f0-12110f8cc441 in 00:00:00.0504557.
2018-11-13 00:03:31,873 51374  INFO  [0d39a4] Finished processing user request with id = 0d39a40e-34ae-4f54-ae6f-3d091e7ec921 in 00:00:00.0551293.
2018-11-13 00:03:31,886 51387  INFO  [c5a34c] Started processing user request. Id = c5a34c00-2f82-4555-a9ff-98e0be4c1037. Size = 57.31 KB.
2018-11-13 00:03:31,893 51394  INFO  [7fbd25] Started processing user request. Id = 7fbd2518-0168-47da-adf4-efba35927f69. Size = 93.99 KB.
2018-11-13 00:03:31,898 51399  INFO  [7fbd25] Doing some complicated stuff.. Random numbers are: 1751648746, 760586013, 1618589792.
2018-11-13 00:03:31,898 51399  INFO  [c5a34c] Doing some complicated stuff.. Random numbers are: 1143142293, 1369673416, 1184459134.
2018-11-13 00:03:31,913 51414  INFO  [7fbd25] Here's some useful guids:
		e8f56982-9be9-41b4-a912-dea8a7a22168
		b565fc84-d973-455e-a473-66c7e1c1ffbc
		6cc36986-2513-473a-9676-01be32f7275d
		743e2a4b-9c3f-4fa6-b1cb-a92549cdbe7f
2018-11-13 00:03:31,925 51426  ERROR [7fbd25] 
System.InvalidOperationException: Oh no! An error occurred!
2018-11-13 00:03:31,934 51435  INFO  [c5a34c] Finished processing user request with id = c5a34c00-2f82-4555-a9ff-98e0be4c1037 in 00:00:00.0481511.
2018-11-13 00:03:31,948 51449  INFO  [6262f7] Started processing user request. Id = 6262f7b5-2974-4b50-ae73-91e2f06952e0. Size = 7.14 KB.
2018-11-13 00:03:31,948 51449  INFO  [6262f7] Doing some complicated stuff.. Random numbers are: 2110925171, 974519769, 216066263.
2018-11-13 00:03:31,956 51457  INFO  [09d25c] Started processing user request. Id = 09d25cf0-4037-4aa7-9f43-9e8afa025ab3. Size = 10.27 KB.
2018-11-13 00:03:31,958 51459  INFO  [09d25c] Doing some complicated stuff.. Random numbers are: 1653759849, 710802706, 1260518528.
2018-11-13 00:03:31,970 51471  INFO  [09d25c] Here's some useful guids:
		45768622-4d21-4150-94c5-741e5c0a5a20
2018-11-13 00:03:31,971 51472  INFO  [6262f7] Finished processing user request with id = 6262f7b5-2974-4b50-ae73-91e2f06952e0 in 00:00:00.0230138.
2018-11-13 00:03:31,974 51475  INFO  [09d25c] Finished processing user request with id = 09d25cf0-4037-4aa7-9f43-9e8afa025ab3 in 00:00:00.0180811.
2018-11-13 00:03:31,985 51486  INFO  [05e807] Started processing user request. Id = 05e807a1-cd1d-4161-8735-6ff65647360a. Size = 65.39 KB.
2018-11-13 00:03:32,004 51505  INFO  [05e807] Doing some complicated stuff.. Random numbers are: 277915425, 1826394530, 1277664733.
2018-11-13 00:03:32,006 51507  INFO  [649328] Started processing user request. Id = 6493288c-894a-4b4c-8cdf-5b4137fefe9c. Size = 91.67 KB.
2018-11-13 00:03:32,015 51516  INFO  [649328] Doing some complicated stuff.. Random numbers are: 245381420, 1133169596, 2052183966.
2018-11-13 00:03:32,021 51522  INFO  [BackgroundDaemon] Starting iteration #15567.
2018-11-13 00:03:32,023 51524  ERROR [649328] 
System.InvalidOperationException: Oh no! An error occurred!
2018-11-13 00:03:32,029 51530  INFO  [05e807] Finished processing user request with id = 05e807a1-cd1d-4161-8735-6ff65647360a in 00:00:00.0440682.
2018-11-13 00:03:32,032 51533  INFO  [86fd11] Started processing user request. Id = 86fd118d-ef21-4992-bf10-656abfabd8e6. Size = 55.88 KB.
2018-11-13 00:03:32,042 51543  INFO  [877f87] Started processing user request. Id = 877f8735-78ac-4c62-9745-d2d223d4a658. Size = 61.37 KB.
2018-11-13 00:03:32,050 51551  INFO  [877f87] Doing some complicated stuff.. Random numbers are: 589386314, 2145308284, 562683037.
2018-11-13 00:03:32,050 51551  INFO  [86fd11] Doing some complicated stuff.. Random numbers are: 701972583, 373933596, 806135609.
2018-11-13 00:03:32,054 51555  INFO  [e5434b] Started processing user request. Id = e5434b2d-5093-4e3b-81a7-d55646a52be5. Size = 1.38 KB.
2018-11-13 00:03:32,073 51574  INFO  [e5434b] Doing some complicated stuff.. Random numbers are: 996215599, 721684978, 100188863.
2018-11-13 00:03:32,085 51586  INFO  [BackgroundDaemon] Processing data (5% completed)..
2018-11-13 00:03:32,089 51590  INFO  [877f87] Here's some useful guids:
		1c3f2e38-6728-4f64-9874-cc0608bc69c0
		325f4a5b-f230-4cbc-ab5a-0b731095111d
		13100dca-7469-43a1-952c-3204f5788bb6
		bc4a0046-fecd-49f4-8431-7b58baacaa71
2018-11-13 00:03:32,105 51607  INFO  [e5434b] Here's some useful guids:
		0984766e-75ab-48b9-84d7-f29aa6a988f2
		859bd27b-8cb7-466e-bea3-cbe134af7e32
2018-11-13 00:03:32,109 51611  INFO  [86fd11] Finished processing user request with id = 86fd118d-ef21-4992-bf10-656abfabd8e6 in 00:00:00.0775871.
2018-11-13 00:03:32,110 51611  INFO  [877f87] Finished processing user request with id = 877f8735-78ac-4c62-9745-d2d223d4a658 in 00:00:00.0680155.
2018-11-13 00:03:32,114 51615  INFO  [e5434b] Finished processing user request with id = e5434b2d-5093-4e3b-81a7-d55646a52be5 in 00:00:00.0599808.
2018-11-13 00:03:32,124 51625  INFO  [a2b479] Started processing user request. Id = a2b47985-35e6-4807-99b4-cbbd7b1d1aad. Size = 22.7 KB.
2018-11-13 00:03:32,135 51636  INFO  [a2b479] Doing some complicated stuff.. Random numbers are: 2085793816, 678820104, 218298393.
2018-11-13 00:03:32,145 51646  INFO  [b8d57a] Started processing user request. Id = b8d57ac0-26e2-4b4b-a2df-1f685769eea7. Size = 41.21 KB.
2018-11-13 00:03:32,146 51647  INFO  [BackgroundDaemon] Processing data (22% completed)..
2018-11-13 00:03:32,147 51648  INFO  [b8d57a] Doing some complicated stuff.. Random numbers are: 1348911692, 327673315, 1981139464.
2018-11-13 00:03:32,149 51650  INFO  [a2b479] Here's some useful guids:
		d52cc7fe-da74-48a2-98eb-1808954d94b7
		5aafddb7-2d08-4078-a685-f42276b412c0
2018-11-13 00:03:32,163 51664  INFO  [a2b479] Finished processing user request with id = a2b47985-35e6-4807-99b4-cbbd7b1d1aad in 00:00:00.0393135.
2018-11-13 00:03:32,168 51669  INFO  [b8d57a] Here's some useful guids:
		8e1c4b8a-3d97-486a-802d-412ecb2c67c4
		b2d633ab-cfe7-4c50-a2a8-cf9b2afd7ca1
		b78a7e4a-cc55-4d2e-a780-8ab8a26e86dc
		a2370e0b-84bb-4c8e-a007-d27f9102d9de
		89b243d5-d1d0-4002-b57c-9928598e3917
2018-11-13 00:03:32,172 51673  INFO  [b8d57a] Finished processing user request with id = b8d57ac0-26e2-4b4b-a2df-1f685769eea7 in 00:00:00.0273771.
2018-11-13 00:03:32,173 51674  INFO  [BackgroundDaemon] Processing data (52% completed)..
2018-11-13 00:03:32,173 51674  INFO  [BackgroundDaemon] Finished iteration in 00:00:00.1526260.
2018-11-13 00:03:32,177 51678  INFO  [36e718] Started processing user request. Id = 36e71890-d1d3-417e-80f2-fb92b1499639. Size = 74.9 KB.
2018-11-13 00:03:32,194 51695  INFO  [36e718] Doing some complicated stuff.. Random numbers are: 1786222279, 1791583985, 1406756133.
2018-11-13 00:03:32,204 51705  INFO  [e23fa7] Started processing user request. Id = e23fa703-1bf9-427f-a690-7bd813274aed. Size = 9.39 KB.
2018-11-13 00:03:32,221 51722  INFO  [e23fa7] Doing some complicated stuff.. Random numbers are: 943043882, 1335242113, 1006589358.
2018-11-13 00:03:32,222 51723  INFO  [36e718] Finished processing user request with id = 36e71890-d1d3-417e-80f2-fb92b1499639 in 00:00:00.0448685.
2018-11-13 00:03:32,235 51736  INFO  [76719b] Started processing user request. Id = 76719b4d-624c-40aa-816f-6ec6376eeb89. Size = 817 B.
2018-11-13 00:03:32,244 51745  INFO  [76719b] Doing some complicated stuff.. Random numbers are: 17729927, 1828119669, 2061878681.
2018-11-13 00:03:32,248 51749  INFO  [e23fa7] Finished processing user request with id = e23fa703-1bf9-427f-a690-7bd813274aed in 00:00:00.0440389.
2018-11-13 00:03:32,252 51753  INFO  [Metrics] Cpu: 3.99%; Memory: 19.79 GB/31.88 GB; Workers: 4/1024; IOCP: 0/1024
2018-11-13 00:03:32,271 51772  INFO  [76719b] Finished processing user request with id = 76719b4d-624c-40aa-816f-6ec6376eeb89 in 00:00:00.0362607.
2018-11-13 00:03:32,277 51778  INFO  [ba9d38] Started processing user request. Id = ba9d3863-e451-41e8-9649-178a7dd19032. Size = 8.93 KB.
2018-11-13 00:03:32,279 51780  INFO  [8b4d8a] Started processing user request. Id = 8b4d8abc-71b5-4f69-8c18-8c07d23ec864. Size = 39.12 KB.
2018-11-13 00:03:32,285 51786  INFO  [b71366] Started processing user request. Id = b71366ee-4812-4706-8417-f15066a82cc7. Size = 76.9 KB.
2018-11-13 00:03:32,290 51791  INFO  [8b4d8a] Doing some complicated stuff.. Random numbers are: 1835027239, 471079991, 1485915963.
2018-11-13 00:03:32,293 51794  INFO  [ba9d38] Doing some complicated stuff.. Random numbers are: 2005373470, 1963571957, 517872467.
2018-11-13 00:03:32,305 51806  INFO  [b71366] Doing some complicated stuff.. Random numbers are: 225898574, 707843067, 1684333944.
2018-11-13 00:03:32,305 51806  INFO  [8b4d8a] Here's some useful guids:
		8562fd9c-3816-4c53-acf7-3dc7e4a075e4
		52a39b52-5998-4aee-b82f-6e7f318aa86e
		ab2b2bb3-5f68-45d7-99e6-bcf3a00fe4ae
		10d6349b-15b6-41d5-8b23-c4ec211e95bb
2018-11-13 00:03:32,327 51828  INFO  [8b4d8a] Finished processing user request with id = 8b4d8abc-71b5-4f69-8c18-8c07d23ec864 in 00:00:00.0475274.
2018-11-13 00:03:32,341 51842  INFO  [b71366] Finished processing user request with id = b71366ee-4812-4706-8417-f15066a82cc7 in 00:00:00.0555509.
2018-11-13 00:03:32,351 51852  ERROR [ba9d38] 
System.InvalidOperationException: Oh no! An error occurred!
2018-11-13 00:03:32,354 51855  INFO  [24ec80] Started processing user request. Id = 24ec80b5-88ba-4191-8b3e-497ca72c0586. Size = 58.42 KB.
2018-11-13 00:03:32,354 51855  INFO  [24ec80] Doing some complicated stuff.. Random numbers are: 1110101305, 596355293, 1616297416.
2018-11-13 00:03:32,358 51859  INFO  [f7697a] Started processing user request. Id = f7697a35-3a29-48bd-a111-a1eeb0413c8f. Size = 51.71 KB.
2018-11-13 00:03:32,363 51864  INFO  [f7697a] Doing some complicated stuff.. Random numbers are: 32321174, 344876737, 513046748.
2018-11-13 00:03:32,374 51875  INFO  [BackgroundDaemon] Starting iteration #15568.
2018-11-13 00:03:32,389 51890  INFO  [24ec80] Finished processing user request with id = 24ec80b5-88ba-4191-8b3e-497ca72c0586 in 00:00:00.0345576.
2018-11-13 00:03:32,391 51892  INFO  [f7697a] Here's some useful guids:
		6b851cfb-022c-414a-8430-8156f0aac393
		61d0bb9e-7356-4901-9e7c-757dc68288ee
2018-11-13 00:03:32,400 51901  INFO  [f7697a] Finished processing user request with id = f7697a35-3a29-48bd-a111-a1eeb0413c8f in 00:00:00.0414706.
2018-11-13 00:03:32,402 51903  INFO  [4e6348] Started processing user request. Id = 4e6348a9-1123-42dd-b5af-2f38493a4068. Size = 52.16 KB.
2018-11-13 00:03:32,410 51911  INFO  [4e6348] Doing some complicated stuff.. Random numbers are: 738552151, 2105888225, 934197500.
2018-11-13 00:03:32,411 51912  INFO  [BackgroundDaemon] Processing data (18% completed)..
2018-11-13 00:03:32,432 51933  INFO  [8dc003] Started processing user request. Id = 8dc003fa-076d-4de0-a613-687c146180f3. Size = 96.36 KB.
2018-11-13 00:03:32,443 51944  INFO  [4e6348] Here's some useful guids:
		34a72c7a-f61e-4169-a5c7-e4decbb61e3f
		9f5b7007-0026-4aa2-a867-1b0a8a201f97
		d2a941d7-bcc4-41a5-b205-092f8520e1b9
		d4e9389a-5f25-4030-b7ed-baa5cf1b5284
2018-11-13 00:03:32,444 51945  INFO  [8dc003] Doing some complicated stuff.. Random numbers are: 576700936, 785227632, 587747101.
2018-11-13 00:03:32,444 51945  INFO  [BackgroundDaemon] Processing data (29% completed)..
2018-11-13 00:03:32,466 51967  INFO  [4e6348] Finished processing user request with id = 4e6348a9-1123-42dd-b5af-2f38493a4068 in 00:00:00.0644291.
2018-11-13 00:03:32,479 51981  INFO  [efe9a9] Started processing user request. Id = efe9a9db-75ad-42db-8de8-0747f054a470. Size = 69.01 KB.
2018-11-13 00:03:32,479 51981  INFO  [efe9a9] Doing some complicated stuff.. Random numbers are: 508529836, 352282426, 1206718992.
2018-11-13 00:03:32,479 51981  INFO  [8dc003] Here's some useful guids:
		23b2f5fd-381f-450e-87cf-8aedeac6ae76
		deb0b80d-6227-40d3-b072-7b067a5d827f
		f9575667-1650-405a-be83-b5e7f78fdc28
2018-11-13 00:03:32,504 52006  INFO  [efe9a9] Finished processing user request with id = efe9a9db-75ad-42db-8de8-0747f054a470 in 00:00:00.0251149.
2018-11-13 00:03:32,505 52007  INFO  [8dc003] Finished processing user request with id = 8dc003fa-076d-4de0-a613-687c146180f3 in 00:00:00.0739919.
2018-11-13 00:03:32,519 52020  INFO  [a71043] Started processing user request. Id = a7104356-790e-4326-bf41-b47a0e8d1a2a. Size = 8.79 KB.
2018-11-13 00:03:32,519 52020  INFO  [c65dec] Started processing user request. Id = c65dec3f-4c34-4510-9406-f5b7a3e8eb00. Size = 42.55 KB.
2018-11-13 00:03:32,521 52022  INFO  [c65dec] Doing some complicated stuff.. Random numbers are: 213740508, 47004280, 870619720.
2018-11-13 00:03:32,526 52027  INFO  [a71043] Doing some complicated stuff.. Random numbers are: 550555889, 16004874, 1678011755.
2018-11-13 00:03:32,526 52027  INFO  [BackgroundDaemon] Processing data (94% completed)..
2018-11-13 00:03:32,526 52027  INFO  [BackgroundDaemon] Finished iteration in 00:00:00.1515700.
2018-11-13 00:03:32,537 52038  INFO  [d0432f] Started processing user request. Id = d0432f8b-0ed4-40da-bee4-599762630843. Size = 43.28 KB.
2018-11-13 00:03:32,543 52044  INFO  [d0432f] Doing some complicated stuff.. Random numbers are: 630899422, 2123126059, 1913174657.
2018-11-13 00:03:32,552 52053  INFO  [a71043] Here's some useful guids:
		f7284b81-ec58-4f31-8083-e9401da73b04
2018-11-13 00:03:32,560 52061  INFO  [c65dec] Finished processing user request with id = c65dec3f-4c34-4510-9406-f5b7a3e8eb00 in 00:00:00.0411169.
2018-11-13 00:03:32,562 52063  INFO  [a71043] Finished processing user request with id = a7104356-790e-4326-bf41-b47a0e8d1a2a in 00:00:00.0434412.
2018-11-13 00:03:32,573 52074  INFO  [55daad] Started processing user request. Id = 55daad81-6b69-464b-97fe-f89c8766d0fc. Size = 71.69 KB.
2018-11-13 00:03:32,580 52081  ERROR [d0432f] 
System.InvalidOperationException: Oh no! An error occurred!
2018-11-13 00:03:32,587 52088  INFO  [55daad] Doing some complicated stuff.. Random numbers are: 1843809078, 1983001404, 37711854.
2018-11-13 00:03:32,600 52101  INFO  [55daad] Here's some useful guids:
		4d63ee89-c6aa-4e16-b1e9-43af7ace9a2f
		74b73f29-e70e-4b01-b934-b40822d88712
2018-11-13 00:03:32,611 52113  INFO  [37bcb3] Started processing user request. Id = 37bcb3c6-f6bc-416a-a67e-50928c38a74a. Size = 76.93 KB.
2018-11-13 00:03:32,621 52122  INFO  [55daad] Finished processing user request with id = 55daad81-6b69-464b-97fe-f89c8766d0fc in 00:00:00.0482690.
2018-11-13 00:03:32,631 52132  INFO  [37bcb3] Doing some complicated stuff.. Random numbers are: 1943833057, 1237244524, 476608097.
2018-11-13 00:03:32,635 52136  INFO  [463f33] Started processing user request. Id = 463f332d-ab73-46bd-bf2d-bfbaff82cbc5. Size = 53.9 KB.
2018-11-13 00:03:32,641 52142  INFO  [463f33] Doing some complicated stuff.. Random numbers are: 627172376, 151849016, 2010004394.
2018-11-13 00:03:32,659 52160  INFO  [37bcb3] Finished processing user request with id = 37bcb3c6-f6bc-416a-a67e-50928c38a74a in 00:00:00.0472687.
2018-11-13 00:03:32,685 52186  INFO  [463f33] Finished processing user request with id = 463f332d-ab73-46bd-bf2d-bfbaff82cbc5 in 00:00:00.0498795.
2018-11-13 00:03:32,691 52192  INFO  [2d2a90] Started processing user request. Id = 2d2a909a-a2b5-4fbd-bdf7-631a6543795b. Size = 19.65 KB.
2018-11-13 00:03:32,698 52199  INFO  [d4c165] Started processing user request. Id = d4c1650a-118f-40b5-9b19-5a9c5c3e36ac. Size = 84.77 KB.
2018-11-13 00:03:32,709 52210  INFO  [2d2a90] Doing some complicated stuff.. Random numbers are: 148913985, 643725887, 516593529.
2018-11-13 00:03:32,717 52218  INFO  [d4c165] Doing some complicated stuff.. Random numbers are: 73558844, 454503217, 1404490392.
2018-11-13 00:03:32,727 52228  INFO  [BackgroundDaemon] Starting iteration #15569.
2018-11-13 00:03:32,730 52231  INFO  [d2ca99] Started processing user request. Id = d2ca9986-d239-4e35-89c3-9395b6f47153. Size = 40.09 KB.
2018-11-13 00:03:32,743 52244  INFO  [d2ca99] Doing some complicated stuff.. Random numbers are: 1429313002, 915318512, 1434665890.
2018-11-13 00:03:32,745 52246  INFO  [2d2a90] Here's some useful guids:
		b233a963-c46f-466f-8eff-bae490c08b58
		c2b0e4e2-7959-4dae-a6cc-4f07aabbbb76
		fc67a261-335e-4d71-84e6-3fe85709d7f9
		3569f68c-46ff-4bb5-ad9c-531a5f17ecff
2018-11-13 00:03:32,748 52249  INFO  [d4c165] Finished processing user request with id = d4c1650a-118f-40b5-9b19-5a9c5c3e36ac in 00:00:00.0500041.
2018-11-13 00:03:32,751 52252  INFO  [Metrics] Cpu: 3.99%; Memory: 19.79 GB/31.88 GB; Workers: 4/1024; IOCP: 0/1024
2018-11-13 00:03:32,754 52255  INFO  [2d2a90] Finished processing user request with id = 2d2a909a-a2b5-4fbd-bdf7-631a6543795b in 00:00:00.0630751.
2018-11-13 00:03:32,762 52263  INFO  [bd6a12] Started processing user request. Id = bd6a12ff-cf6f-405b-bf78-f181912f1494. Size = 41.05 KB.
2018-11-13 00:03:32,779 52280  INFO  [d2ca99] Finished processing user request with id = d2ca9986-d239-4e35-89c3-9395b6f47153 in 00:00:00.0489874.
2018-11-13 00:03:32,780 52281  INFO  [bd6a12] Doing some complicated stuff.. Random numbers are: 846649613, 1001974757, 629417430.
2018-11-13 00:03:32,785 52286  INFO  [0317e2] Started processing user request. Id = 0317e289-a41d-41e5-9913-9f4dec253798. Size = 92.81 KB.
2018-11-13 00:03:32,802 52303  INFO  [0317e2] Doing some complicated stuff.. Random numbers are: 336086019, 981365225, 1714919516.
2018-11-13 00:03:32,816 52317  INFO  [bd6a12] Finished processing user request with id = bd6a12ff-cf6f-405b-bf78-f181912f1494 in 00:00:00.0540304.
2018-11-13 00:03:32,817 52318  INFO  [BackgroundDaemon] Processing data (11% completed)..
2018-11-13 00:03:32,830 52331  INFO  [0632c8] Started processing user request. Id = 0632c8a5-9d4b-4379-b012-a886b751a508. Size = 76.53 KB.
2018-11-13 00:03:32,838 52339  INFO  [0317e2] Here's some useful guids:
		f52cec3a-ffea-45f2-8ff8-665309bfdef4
		c7cabf81-8575-47a3-8f58-c17f5624d278
2018-11-13 00:03:32,849 52350  INFO  [0632c8] Doing some complicated stuff.. Random numbers are: 1931130687, 1627492498, 494947088.
2018-11-13 00:03:32,855 52356  INFO  [BackgroundDaemon] Processing data (28% completed)..
2018-11-13 00:03:32,865 52366  INFO  [0317e2] Finished processing user request with id = 0317e289-a41d-41e5-9913-9f4dec253798 in 00:00:00.0798551.
2018-11-13 00:03:32,896 52397  INFO  [74a40a] Started processing user request. Id = 74a40ad4-7965-441d-937d-a6a3127cf84f. Size = 26.47 KB.
2018-11-13 00:03:32,897 52398  INFO  [0632c8] Finished processing user request with id = 0632c8a5-9d4b-4379-b012-a886b751a508 in 00:00:00.0672935.
2018-11-13 00:03:32,911 52412  INFO  [c12af4] Started processing user request. Id = c12af4db-f9b4-4074-8e7a-b08992953ba6. Size = 13.89 KB.
2018-11-13 00:03:32,911 52412  INFO  [c12af4] Doing some complicated stuff.. Random numbers are: 351219761, 928838960, 1844559635.
2018-11-13 00:03:32,915 52416  INFO  [74a40a] Doing some complicated stuff.. Random numbers are: 256303822, 1109757651, 793979980.
2018-11-13 00:03:32,935 52436  INFO  [74a40a] Here's some useful guids:
		4a072c05-8ed5-43e5-af07-797c88c143be
2018-11-13 00:03:32,937 52438  INFO  [74a40a] Finished processing user request with id = 74a40ad4-7965-441d-937d-a6a3127cf84f in 00:00:00.0410029.
2018-11-13 00:03:32,944 52446  INFO  [BackgroundDaemon] Processing data (51% completed)..
2018-11-13 00:03:32,944 52446  INFO  [BackgroundDaemon] Finished iteration in 00:00:00.2176791.
2018-11-13 00:03:32,946 52448  INFO  [6e4ffd] Started processing user request. Id = 6e4ffd71-1817-493e-bfc3-d1067f701e61. Size = 46.81 KB.
2018-11-13 00:03:32,949 52451  INFO  [6e4ffd] Doing some complicated stuff.. Random numbers are: 2041298782, 1062114524, 1304846640.
2018-11-13 00:03:32,967 52468  INFO  [c12af4] Finished processing user request with id = c12af4db-f9b4-4074-8e7a-b08992953ba6 in 00:00:00.0556779.
2018-11-13 00:03:32,969 52470  INFO  [51608a] Started processing user request. Id = 51608a2b-6d92-4900-9583-1c5ad5919845. Size = 72.09 KB.
2018-11-13 00:03:32,980 52481  INFO  [efade4] Started processing user request. Id = efade488-5114-4448-8bf4-2d8e07ad1e24. Size = 68.33 KB.
2018-11-13 00:03:32,983 52484  INFO  [51608a] Doing some complicated stuff.. Random numbers are: 1737824583, 1226205633, 738325440.
2018-11-13 00:03:32,983 52484  INFO  [6e4ffd] Finished processing user request with id = 6e4ffd71-1817-493e-bfc3-d1067f701e61 in 00:00:00.0361525.
2018-11-13 00:03:32,989 52490  INFO  [efade4] Doing some complicated stuff.. Random numbers are: 439318686, 1423205765, 1092145739.
2018-11-13 00:03:33,024 52525  INFO  [51608a] Finished processing user request with id = 51608a2b-6d92-4900-9583-1c5ad5919845 in 00:00:00.0551853.
2018-11-13 00:03:33,043 52544  INFO  [efade4] Finished processing user request with id = efade488-5114-4448-8bf4-2d8e07ad1e24 in 00:00:00.0635901.
2018-11-13 00:03:33,056 52557  INFO  [d46006] Started processing user request. Id = d4600641-e123-45ac-852c-d2355d0e0576. Size = 38.65 KB.
2018-11-13 00:03:33,057 52558  INFO  [24014a] Started processing user request. Id = 24014aff-80b9-4e27-9143-ac21d9d75134. Size = 40.11 KB.
2018-11-13 00:03:33,059 52560  INFO  [24014a] Doing some complicated stuff.. Random numbers are: 11012171, 1011436532, 187969582.
2018-11-13 00:03:33,069 52570  INFO  [d46006] Doing some complicated stuff.. Random numbers are: 247656480, 44643495, 164443925.
2018-11-13 00:03:33,092 52593  INFO  [24014a] Here's some useful guids:
		4866f3d5-f5d2-4629-a615-2fc59d10e8e1
		2373e724-886c-412b-b716-981ba56275c0
		3886b263-beed-4e4c-8a19-1bab59db7e22
		27007ff4-3643-4bcc-a845-3e4f4bbb45f6
2018-11-13 00:03:33,106 52607  INFO  [d46006] Here's some useful guids:
		54b3f1df-cee9-4792-8ace-ec1c8368f90a
		2ab781e3-32be-4f15-913e-1be1c33c4829
		860fdabd-4daa-4224-9c86-ed45cf372ebf
		8de4f540-4f1c-47bc-8f53-76b031a1dfd8
2018-11-13 00:03:33,113 52614  INFO  [24014a] Finished processing user request with id = 24014aff-80b9-4e27-9143-ac21d9d75134 in 00:00:00.0559155.
2018-11-13 00:03:33,119 52620  INFO  [d46006] Finished processing user request with id = d4600641-e123-45ac-852c-d2355d0e0576 in 00:00:00.0633534.
2018-11-13 00:03:33,126 52627  INFO  [b16669] Started processing user request. Id = b166691b-8864-41fd-b4cc-d2499de8bc1e. Size = 10.39 KB.
2018-11-13 00:03:33,140 52641  INFO  [b16669] Doing some complicated stuff.. Random numbers are: 1118206882, 1016911360, 1519520030.
2018-11-13 00:03:33,145 52646  INFO  [BackgroundDaemon] Starting iteration #15570.
2018-11-13 00:03:33,150 52651  INFO  [508575] Started processing user request. Id = 50857594-1533-4700-bdc4-1f5585e15e98. Size = 67.42 KB.
2018-11-13 00:03:33,150 52651  INFO  [303bdf] Started processing user request. Id = 303bdfb3-e590-4493-99e2-85154427c3d8. Size = 13.43 KB.
2018-11-13 00:03:33,154 52655  INFO  [303bdf] Doing some complicated stuff.. Random numbers are: 1696184639, 1340827843, 740554010.
2018-11-13 00:03:33,167 52668  INFO  [BackgroundDaemon] Processing data (17% completed)..
2018-11-13 00:03:33,169 52670  INFO  [508575] Doing some complicated stuff.. Random numbers are: 828154151, 1353775464, 116437059.
2018-11-13 00:03:33,176 52677  INFO  [b16669] Here's some useful guids:
		aac98560-1efe-4926-b2b6-b1333c81b332
		08aa7c28-4293-49ed-9deb-263f112a3c2b
		9091624c-4abe-48f6-983f-937f179393b3
		c942c7cf-9815-4238-8bd1-1caf8c324705
2018-11-13 00:03:33,184 52685  INFO  [508575] Here's some useful guids:
		b252a83e-eabd-4d55-ae24-6e842d7c3fde
		d5076912-262c-4850-981b-09adc229c2f6
		fe4b535e-8acf-4e91-a630-3ee758ef0036
		8a7933d0-9d6a-4117-92c8-329821a747ec
		ffaf4fe1-87c3-422d-9839-25e172453b19
2018-11-13 00:03:33,185 52686  ERROR [b16669] 
System.InvalidOperationException: Oh no! An error occurred!
2018-11-13 00:03:33,186 52687  INFO  [303bdf] Finished processing user request with id = 303bdfb3-e590-4493-99e2-85154427c3d8 in 00:00:00.0354092.
2018-11-13 00:03:33,198 52699  INFO  [0cbbcc] Started processing user request. Id = 0cbbccd9-2916-43e0-a774-44a5e759f2d0. Size = 7.81 KB.
2018-11-13 00:03:33,200 52701  ERROR [508575] 
System.InvalidOperationException: Oh no! An error occurred!
2018-11-13 00:03:33,207 52708  INFO  [0cbbcc] Doing some complicated stuff.. Random numbers are: 1839585864, 1380700493, 1201666957.
2018-11-13 00:03:33,223 52724  INFO  [0cbbcc] Finished processing user request with id = 0cbbccd9-2916-43e0-a774-44a5e759f2d0 in 00:00:00.0248584.
2018-11-13 00:03:33,223 52724  INFO  [BackgroundDaemon] Processing data (34% completed)..
2018-11-13 00:03:33,232 52733  INFO  [7796d4] Started processing user request. Id = 7796d429-1686-4cab-8b32-3267d3c9c090. Size = 72.84 KB.
2018-11-13 00:03:33,237 52738  INFO  [eb3020] Started processing user request. Id = eb3020c0-63e9-4753-880e-da1eeaf5a50c. Size = 47.6 KB.
2018-11-13 00:03:33,242 52743  INFO  [eb3020] Doing some complicated stuff.. Random numbers are: 1682704454, 681456880, 1550807200.
2018-11-13 00:03:33,244 52745  INFO  [7796d4] Doing some complicated stuff.. Random numbers are: 492974192, 1564911537, 482399645.
2018-11-13 00:03:33,251 52752  INFO  [Metrics] Cpu: 1.48%; Memory: 19.79 GB/31.88 GB; Workers: 4/1024; IOCP: 0/1024
2018-11-13 00:03:33,266 52767  INFO  [eb3020] Finished processing user request with id = eb3020c0-63e9-4753-880e-da1eeaf5a50c in 00:00:00.0292172.
2018-11-13 00:03:33,275 52776  INFO  [7796d4] Here's some useful guids:
		1c37b8a2-24fd-4ebc-ae42-3d57e691ae71
		d02d1119-3785-4cb0-9fe4-6066d287563c
		9e35e262-69e2-4be1-9758-23851eb0686e
		96b4390d-6b9f-46ed-bab0-ff173ff40569
		c0c6a5d8-cf6b-45d8-9f3b-c97ef5ce39c1
2018-11-13 00:03:33,280 52781  INFO  [9a28c6] Started processing user request. Id = 9a28c65c-cc23-4e53-850f-ae642f312561. Size = 92.36 KB.
2018-11-13 00:03:33,282 52783  INFO  [BackgroundDaemon] Processing data (92% completed)..
2018-11-13 00:03:33,282 52783  INFO  [BackgroundDaemon] Finished iteration in 00:00:00.1371281.
2018-11-13 00:03:33,287 52788  INFO  [9a28c6] Doing some complicated stuff.. Random numbers are: 445795300, 198090827, 455708822.
2018-11-13 00:03:33,293 52794  INFO  [7796d4] Finished processing user request with id = 7796d429-1686-4cab-8b32-3267d3c9c090 in 00:00:00.0609734.
2018-11-13 00:03:33,310 52811  INFO  [9a28c6] Finished processing user request with id = 9a28c65c-cc23-4e53-850f-ae642f312561 in 00:00:00.0298732.
2018-11-13 00:03:33,323 52824  INFO  [c398ad] Started processing user request. Id = c398ada2-795d-423f-8462-b3f4667b0c27. Size = 1.7 KB.
2018-11-13 00:03:33,324 52825  INFO  [c14ce4] Started processing user request. Id = c14ce467-a354-4f76-8608-9972aa096777. Size = 87.69 KB.
2018-11-13 00:03:33,326 52827  INFO  [c14ce4] Doing some complicated stuff.. Random numbers are: 303355045, 439530316, 1103578306.
2018-11-13 00:03:33,333 52834  INFO  [c398ad] Doing some complicated stuff.. Random numbers are: 1655786798, 303040666, 174257684.
2018-11-13 00:03:33,340 52841  INFO  [c14ce4] Here's some useful guids:
		bb8671a3-ac1a-4ba8-a006-87267dc7d60e
		1e941f12-e13e-4a10-b2aa-19d7188bab1e
		798d5400-18a7-4fbc-818b-b157d3bd6b24
		fcad5366-e2f1-43ba-85e4-b943115f780d
		26e66d5b-884c-43dc-b375-614e772a134c
2018-11-13 00:03:33,342 52843  INFO  [c14ce4] Finished processing user request with id = c14ce467-a354-4f76-8608-9972aa096777 in 00:00:00.0181506.
2018-11-13 00:03:33,354 52855  INFO  [c8e0e7] Started processing user request. Id = c8e0e7b9-a24a-4fd6-add4-a1bfb534ad7e. Size = 55.15 KB.
2018-11-13 00:03:33,356 52857  INFO  [c8e0e7] Doing some complicated stuff.. Random numbers are: 1409650038, 1546481975, 767853720.
2018-11-13 00:03:33,374 52875  INFO  [8b3ee9] Started processing user request. Id = 8b3ee98e-86ec-4ab6-8ddd-c85c774ae034. Size = 23.12 KB.
2018-11-13 00:03:33,377 52878  INFO  [c8e0e7] Here's some useful guids:
		2587a4b6-fcc4-40d2-80a1-17d8d58d62ae
		dcd8cafa-dc5d-4361-a5e2-f2f0becb0636
		fd581bfa-cc90-42b6-938e-aaa9a9f517ae
2018-11-13 00:03:33,384 52885  ERROR [c398ad] 
System.InvalidOperationException: Oh no! An error occurred!
2018-11-13 00:03:33,392 52893  INFO  [8b3ee9] Doing some complicated stuff.. Random numbers are: 1730187498, 2083147880, 772838421.
2018-11-13 00:03:33,397 52898  INFO  [8b3ee9] Here's some useful guids:
		d0d187c2-c847-4cb4-909a-0d3b18611d19
2018-11-13 00:03:33,398 52899  INFO  [4a6e73] Started processing user request. Id = 4a6e7343-1f9a-4c15-83ac-84f1f1733d60. Size = 22.18 KB.
2018-11-13 00:03:33,398 52899  INFO  [c8e0e7] Finished processing user request with id = c8e0e7b9-a24a-4fd6-add4-a1bfb534ad7e in 00:00:00.0439999.
2018-11-13 00:03:33,406 52907  INFO  [4a6e73] Doing some complicated stuff.. Random numbers are: 1957253222, 1719136798, 513887331.
2018-11-13 00:03:33,415 52916  INFO  [4a6e73] Finished processing user request with id = 4a6e7343-1f9a-4c15-83ac-84f1f1733d60 in 00:00:00.0170497.
2018-11-13 00:03:33,420 52921  INFO  [8b3ee9] Finished processing user request with id = 8b3ee98e-86ec-4ab6-8ddd-c85c774ae034 in 00:00:00.0458315.
2018-11-13 00:03:33,428 52929  INFO  [6d745c] Started processing user request. Id = 6d745c39-0791-4312-9178-06d006913aae. Size = 31.63 KB.
2018-11-13 00:03:33,437 52938  INFO  [6d745c] Doing some complicated stuff.. Random numbers are: 1714883329, 309388585, 1812002300.
2018-11-13 00:03:33,451 52952  INFO  [62c9d5] Started processing user request. Id = 62c9d573-1721-457e-8c10-0e8d66022e4a. Size = 8.88 KB.
2018-11-13 00:03:33,453 52954  INFO  [62c9d5] Doing some complicated stuff.. Random numbers are: 527025301, 453499120, 641379736.
2018-11-13 00:03:33,478 52979  ERROR [6d745c] 
System.InvalidOperationException: Oh no! An error occurred!
2018-11-13 00:03:33,482 52983  INFO  [BackgroundDaemon] Starting iteration #15571.
2018-11-13 00:03:33,483 52984  INFO  [62c9d5] Here's some useful guids:
		34f6dd6c-091b-4e2f-8ada-8e673cd49a34
		18cb9089-f614-4167-86bd-2e9e6e38b97f
2018-11-13 00:03:33,492 52993  INFO  [2762c5] Started processing user request. Id = 2762c533-610b-4c3b-b0f0-be45e272f026. Size = 76.37 KB.
2018-11-13 00:03:33,507 53008  INFO  [62c9d5] Finished processing user request with id = 62c9d573-1721-457e-8c10-0e8d66022e4a in 00:00:00.0560879.
2018-11-13 00:03:33,512 53013  INFO  [2762c5] Doing some complicated stuff.. Random numbers are: 600310538, 1515900134, 211825664.
2018-11-13 00:03:33,512 53013  INFO  [2762c5] Here's some useful guids:
		16df1b07-f2f8-4e02-b162-e456c80345f8
		22adfcf6-0d6b-4bc7-ac92-31ed5fd5ce70
		2f15d13d-6c2d-41bc-be4a-f77b48b29849
2018-11-13 00:03:33,514 53015  INFO  [BackgroundDaemon] Processing data (19% completed)..
2018-11-13 00:03:33,532 53033  INFO  [2762c5] Finished processing user request with id = 2762c533-610b-4c3b-b0f0-be45e272f026 in 00:00:00.0398290.
2018-11-13 00:03:33,539 53040  INFO  [2c0efb] Started processing user request. Id = 2c0efbbc-a54f-43a6-8b28-65a384d870a7. Size = 71.34 KB.
2018-11-13 00:03:33,541 53042  INFO  [2c0efb] Doing some complicated stuff.. Random numbers are: 89809130, 754530302, 457756399.
2018-11-13 00:03:33,546 53047  INFO  [81e833] Started processing user request. Id = 81e8337b-b2a5-4bc4-a52d-da47818d08fb. Size = 33.75 KB.
2018-11-13 00:03:33,549 53050  INFO  [81e833] Doing some complicated stuff.. Random numbers are: 166698533, 837409408, 22151587.
2018-11-13 00:03:33,565 53066  INFO  [81e833] Finished processing user request with id = 81e8337b-b2a5-4bc4-a52d-da47818d08fb in 00:00:00.0193031.
2018-11-13 00:03:33,565 53066  INFO  [9fa32a] Started processing user request. Id = 9fa32ab3-bfba-49db-8e94-019e7146d022. Size = 38.22 KB.
2018-11-13 00:03:33,570 53071  INFO  [9fa32a] Doing some complicated stuff.. Random numbers are: 521286316, 1513802382, 833939546.
2018-11-13 00:03:33,570 53071  INFO  [2c0efb] Finished processing user request with id = 2c0efbbc-a54f-43a6-8b28-65a384d870a7 in 00:00:00.0310166.
2018-11-13 00:03:33,575 53076  INFO  [9fa32a] Here's some useful guids:
		d63d9d16-c526-4142-8b82-a883b27cc9d6
		6aed4940-65ba-4451-99d8-9f821c8ff414
		aa657463-9f84-48ff-9a25-2c818436410c
		3957ce3e-2e1d-4d71-9011-450c9d333d76
		ac0cec4e-89a6-457c-b263-61466f43a406
2018-11-13 00:03:33,578 53079  INFO  [e35375] Started processing user request. Id = e3537521-c4ff-43b3-8ac2-9b972357a620. Size = 13.79 KB.
2018-11-13 00:03:33,580 53081  INFO  [9fa32a] Finished processing user request with id = 9fa32ab3-bfba-49db-8e94-019e7146d022 in 00:00:00.0150618.
2018-11-13 00:03:33,580 53081  INFO  [e35375] Doing some complicated stuff.. Random numbers are: 306038261, 950458472, 14844933.
2018-11-13 00:03:33,583 53084  INFO  [BackgroundDaemon] Processing data (27% completed)..
2018-11-13 00:03:33,601 53103  INFO  [d5fa9b] Started processing user request. Id = d5fa9b94-d40c-4bc4-92c1-a17bad91db32. Size = 69.71 KB.
2018-11-13 00:03:33,606 53107  INFO  [d5fa9b] Doing some complicated stuff.. Random numbers are: 702819091, 1664014687, 2088950809.
2018-11-13 00:03:33,616 53117  INFO  [e35375] Here's some useful guids:
		ae21a967-37f0-405f-9bcf-99ba9999f7fd
2018-11-13 00:03:33,628 53129  INFO  [e35375] Finished processing user request with id = e3537521-c4ff-43b3-8ac2-9b972357a620 in 00:00:00.0501006.
2018-11-13 00:03:33,638 53139  INFO  [BackgroundDaemon] Processing data (71% completed)..
2018-11-13 00:03:33,638 53139  INFO  [BackgroundDaemon] Finished iteration in 00:00:00.1560974.
2018-11-13 00:03:33,642 53143  INFO  [ad3c52] Started processing user request. Id = ad3c52dc-6218-43bc-877d-96ee44c65fac. Size = 64.11 KB.
2018-11-13 00:03:33,647 53148  INFO  [ad3c52] Doing some complicated stuff.. Random numbers are: 953927397, 876705093, 1629802906.
2018-11-13 00:03:33,658 53159  INFO  [d5fa9b] Finished processing user request with id = d5fa9b94-d40c-4bc4-92c1-a17bad91db32 in 00:00:00.0564682.
2018-11-13 00:03:33,672 53173  INFO  [ad3c52] Finished processing user request with id = ad3c52dc-6218-43bc-877d-96ee44c65fac in 00:00:00.0298659.
2018-11-13 00:03:33,685 53186  INFO  [dddc83] Started processing user request. Id = dddc8354-1adc-4417-aba0-15c2ecb64588. Size = 25.87 KB.
2018-11-13 00:03:33,689 53190  INFO  [962ca4] Started processing user request. Id = 962ca4d6-6f68-42af-8b5a-6087607cbce1. Size = 36.2 KB.
2018-11-13 00:03:33,692 53193  INFO  [962ca4] Doing some complicated stuff.. Random numbers are: 870610431, 225240907, 510730746.
2018-11-13 00:03:33,702 53203  INFO  [dddc83] Doing some complicated stuff.. Random numbers are: 1479660135, 1403800362, 863752721.
2018-11-13 00:03:33,707 53208  INFO  [962ca4] Here's some useful guids:
		cf559ba0-9996-4b8d-9558-a3594f239de8
		4523f625-96a1-4aea-bb0a-57d07e1019d8
		7c2f4fa1-5133-4f8a-a0c2-b60d34ea9e7d
		9c8e3b2f-b5ea-4a63-86ed-0c85b71fdbe8
		febbfbc7-ea31-4667-b044-81960c4664a4
2018-11-13 00:03:33,718 53219  INFO  [dddc83] Finished processing user request with id = dddc8354-1adc-4417-aba0-15c2ecb64588 in 00:00:00.0330333.
2018-11-13 00:03:33,732 53233  INFO  [abb7e7] Started processing user request. Id = abb7e7e9-85c6-4076-84ef-682c44f69e45. Size = 1.69 KB.
2018-11-13 00:03:33,733 53234  ERROR [962ca4] 
System.InvalidOperationException: Oh no! An error occurred!
2018-11-13 00:03:33,747 53248  INFO  [abb7e7] Doing some complicated stuff.. Random numbers are: 1570882826, 442351338, 1129968937.
2018-11-13 00:03:33,747 53248  INFO  [3c0f41] Started processing user request. Id = 3c0f416c-4762-4448-8303-0265c4e83540. Size = 63.67 KB.
2018-11-13 00:03:33,750 53251  INFO  [Metrics] Cpu: 1.48%; Memory: 19.79 GB/31.88 GB; Workers: 4/1024; IOCP: 0/1024
2018-11-13 00:03:33,762 53263  INFO  [3c0f41] Doing some complicated stuff.. Random numbers are: 1976922979, 2024769878, 1798796361.
2018-11-13 00:03:33,765 53266  INFO  [a2fcf0] Started processing user request. Id = a2fcf0e6-d5fb-4d26-b3ea-95c9e85c609e. Size = 88.92 KB.
2018-11-13 00:03:33,780 53281  INFO  [a2fcf0] Doing some complicated stuff.. Random numbers are: 1913472062, 1648784304, 279023424.
2018-11-13 00:03:33,798 53299  INFO  [3c0f41] Here's some useful guids:
		f6184f14-a1c7-40eb-bce2-9dec8af9111f
		9f9b3e89-209d-4675-b919-a5db5a3ee986
		127e1998-f016-4eb4-8254-338a9197b06c
		7ceb3ada-bab8-4a05-ad2e-9c1ae87ee371
		2c7f972e-e137-47c8-855a-77e9a5b5b61d
2018-11-13 00:03:33,811 53312  INFO  [abb7e7] Finished processing user request with id = abb7e7e9-85c6-4076-84ef-682c44f69e45 in 00:00:00.0790009.
2018-11-13 00:03:33,811 53312  INFO  [a2fcf0] Finished processing user request with id = a2fcf0e6-d5fb-4d26-b3ea-95c9e85c609e in 00:00:00.0461265.
2018-11-13 00:03:33,821 53322  INFO  [3c0f41] Finished processing user request with id = 3c0f416c-4762-4448-8303-0265c4e83540 in 00:00:00.0735849.
2018-11-13 00:03:33,824 53325  INFO  [69e761] Started processing user request. Id = 69e76143-3c6e-4ede-b39b-63cb89530171. Size = 53.46 KB.
2018-11-13 00:03:33,830 53331  INFO  [69e761] Doing some complicated stuff.. Random numbers are: 1739920016, 1882539430, 1917377978.
2018-11-13 00:03:33,839 53340  INFO  [BackgroundDaemon] Starting iteration #15572.
2018-11-13 00:03:33,843 53344  INFO  [4c94f8] Started processing user request. Id = 4c94f854-47bf-487b-9157-c3db4398d7d4. Size = 44.59 KB.
2018-11-13 00:03:33,859 53360  INFO  [4c94f8] Doing some complicated stuff.. Random numbers are: 1640881225, 663431834, 360635501.
2018-11-13 00:03:33,860 53361  INFO  [69e761] Finished processing user request with id = 69e76143-3c6e-4ede-b39b-63cb89530171 in 00:00:00.0358159.
2018-11-13 00:03:33,873 53374  INFO  [6c301b] Started processing user request. Id = 6c301bc0-f246-47a8-9c54-21b8c4f6bb75. Size = 88.3 KB.
2018-11-13 00:03:33,887 53388  INFO  [6c301b] Doing some complicated stuff.. Random numbers are: 684379274, 517009372, 613745237.
2018-11-13 00:03:33,899 53400  INFO  [4c94f8] Here's some useful guids:
		9d77b29d-5ee6-4aa4-9e58-5768283b8d06
		4c3e8277-2118-4d9c-8e24-2cc37a7ec4c9
		d6e670a1-a027-4dae-aa5a-c4ba89d2c355
		457c782a-0bac-4cf0-ba57-a423edc75668
		f821d2d8-93df-4017-81c0-a71b007dbdb1
2018-11-13 00:03:33,902 53403  INFO  [BackgroundDaemon] Processing data (6% completed)..
2018-11-13 00:03:33,918 53419  INFO  [6c301b] Here's some useful guids:
		136ae832-8b9c-4ddc-9852-00699e1b779c
		95a87ad2-984a-4264-9c0b-ab73670f5fd4
		1f62614e-b98a-425f-9cd8-336507aac118
		72be6091-2cdb-46be-af21-d738e0e19d14
2018-11-13 00:03:33,921 53422  INFO  [4c94f8] Finished processing user request with id = 4c94f854-47bf-487b-9157-c3db4398d7d4 in 00:00:00.0784331.
2018-11-13 00:03:33,944 53445  INFO  [6c301b] Finished processing user request with id = 6c301bc0-f246-47a8-9c54-21b8c4f6bb75 in 00:00:00.0712773.
2018-11-13 00:03:33,953 53454  INFO  [6212c2] Started processing user request. Id = 6212c26e-f971-43c2-8810-8aa71ca85668. Size = 26.76 KB.
2018-11-13 00:03:33,955 53456  INFO  [BackgroundDaemon] Processing data (35% completed)..
2018-11-13 00:03:33,958 53459  INFO  [6e98e8] Started processing user request. Id = 6e98e8ac-dd26-4763-a1c5-38f26bf607fd. Size = 42.04 KB.
2018-11-13 00:03:33,963 53464  INFO  [6212c2] Doing some complicated stuff.. Random numbers are: 918332924, 2018508117, 415289942.
2018-11-13 00:03:33,972 53473  INFO  [6e98e8] Doing some complicated stuff.. Random numbers are: 298392125, 312481567, 1639981667.
2018-11-13 00:03:33,988 53489  INFO  [78348f] Started processing user request. Id = 78348fa1-2f83-482e-a4a9-dc0e3a48869e. Size = 2.51 KB.
2018-11-13 00:03:33,990 53491  INFO  [6212c2] Finished processing user request with id = 6212c26e-f971-43c2-8810-8aa71ca85668 in 00:00:00.0373648.
2018-11-13 00:03:34,000 53501  INFO  [78348f] Doing some complicated stuff.. Random numbers are: 1030906942, 811636912, 2092253484.
2018-11-13 00:03:34,011 53512  INFO  [6e98e8] Here's some useful guids:
		48aa727f-7f9c-405c-b0c4-d8c88f35be3e
		bc3b650e-d5c5-404d-a6c0-8d9e6339b68f
		1a694363-070c-476a-9982-4dff127ba4c9
2018-11-13 00:03:34,015 53516  INFO  [BackgroundDaemon] Processing data (81% completed)..
2018-11-13 00:03:34,015 53516  INFO  [BackgroundDaemon] Finished iteration in 00:00:00.1759216.
2018-11-13 00:03:34,016 53517  INFO  [6e98e8] Finished processing user request with id = 6e98e8ac-dd26-4763-a1c5-38f26bf607fd in 00:00:00.0577717.
2018-11-13 00:03:34,021 53522  INFO  [f1716c] Started processing user request. Id = f1716c69-48e8-4152-a3c2-00d99cd0e8a9. Size = 88.67 KB.
2018-11-13 00:03:34,029 53530  INFO  [4d5922] Started processing user request. Id = 4d5922f1-6714-4904-9ebe-3fc269e1c8cb. Size = 70.37 KB.
2018-11-13 00:03:34,033 53534  INFO  [78348f] Finished processing user request with id = 78348fa1-2f83-482e-a4a9-dc0e3a48869e in 00:00:00.0446136.
2018-11-13 00:03:34,035 53536  INFO  [f1716c] Doing some complicated stuff.. Random numbers are: 705729592, 874487047, 1610655121.
2018-11-13 00:03:34,040 53541  INFO  [4d5922] Doing some complicated stuff.. Random numbers are: 1880854918, 1919775315, 1102790861.
2018-11-13 00:03:34,047 53548  INFO  [4d5922] Here's some useful guids:
		1ea2741e-ed6a-479c-a060-51ff9339f7f9
		fcf9f61f-e0d3-4c9f-9db8-19d75d47fbe0
		5310e69b-d10a-4381-9701-8c6311a9372f
		bd8062a3-ea3a-4293-b47a-838a558e2a97
2018-11-13 00:03:34,059 53561  ERROR [4d5922] 
System.InvalidOperationException: Oh no! An error occurred!
2018-11-13 00:03:34,070 53571  INFO  [f1716c] Here's some useful guids:
		17afb022-2c98-4485-bfe4-0c82a6c0663e
		cb47675d-65bb-4f69-bbeb-aecf43c84f93
2018-11-13 00:03:34,073 53574  INFO  [f841a0] Started processing user request. Id = f841a056-3ae0-4d23-aa40-493e313792d3. Size = 93.67 KB.
2018-11-13 00:03:34,091 53592  INFO  [f841a0] Doing some complicated stuff.. Random numbers are: 843028406, 431265377, 2065273887.
2018-11-13 00:03:34,094 53595  INFO  [f1716c] Finished processing user request with id = f1716c69-48e8-4152-a3c2-00d99cd0e8a9 in 00:00:00.0726802.
2018-11-13 00:03:34,126 53627  INFO  [685a5b] Started processing user request. Id = 685a5b2b-8550-4f64-9f36-d68d01bb5350. Size = 19.37 KB.
2018-11-13 00:03:34,127 53628  INFO  [685a5b] Doing some complicated stuff.. Random numbers are: 257221832, 1288695481, 89669165.
2018-11-13 00:03:34,131 53632  INFO  [f841a0] Finished processing user request with id = f841a056-3ae0-4d23-aa40-493e313792d3 in 00:00:00.0581277.
2018-11-13 00:03:34,145 53646  INFO  [f7da24] Started processing user request. Id = f7da2412-5d0d-4357-b342-b70180528884. Size = 93.85 KB.
2018-11-13 00:03:34,147 53648  INFO  [f7da24] Doing some complicated stuff.. Random numbers are: 1692369422, 144856032, 173807894.
2018-11-13 00:03:34,160 53661  INFO  [685a5b] Finished processing user request with id = 685a5b2b-8550-4f64-9f36-d68d01bb5350 in 00:00:00.0339400.
2018-11-13 00:03:34,177 53678  INFO  [f7da24] Finished processing user request with id = f7da2412-5d0d-4357-b342-b70180528884 in 00:00:00.0321034.
2018-11-13 00:03:34,190 53691  INFO  [93ab03] Started processing user request. Id = 93ab035d-489c-4846-9011-26324e0684da. Size = 4.57 KB.
2018-11-13 00:03:34,191 53692  INFO  [c2e896] Started processing user request. Id = c2e896db-61e1-4359-8f7d-b303fd6766b9. Size = 23.31 KB.
2018-11-13 00:03:34,194 53695  INFO  [c2e896] Doing some complicated stuff.. Random numbers are: 414675612, 867135664, 557380726.
2018-11-13 00:03:34,200 53701  INFO  [cd430c] Started processing user request. Id = cd430c47-c78a-4877-90e3-c7443be8c021. Size = 40.69 KB.
2018-11-13 00:03:34,205 53707  INFO  [cd430c] Doing some complicated stuff.. Random numbers are: 429436284, 1281686911, 934946739.
2018-11-13 00:03:34,207 53709  INFO  [93ab03] Doing some complicated stuff.. Random numbers are: 1675775245, 313328233, 1225381553.
2018-11-13 00:03:34,215 53716  INFO  [BackgroundDaemon] Starting iteration #15573.
2018-11-13 00:03:34,219 53720  INFO  [cd430c] Here's some useful guids:
		025c4549-792f-4fd4-bd44-8a7f01d86368
		33e2cd30-0ef6-4d24-8e7f-af2ac044639e
		44ad5923-44d8-4be9-9596-a91bca8a2621
		db7d6112-154d-4029-bb8d-509a716c1589
		1a57ce3f-60eb-4aa9-849e-a8edd96af89f
2018-11-13 00:03:34,226 53727  INFO  [c2e896] Finished processing user request with id = c2e896db-61e1-4359-8f7d-b303fd6766b9 in 00:00:00.0347200.
2018-11-13 00:03:34,230 53731  INFO  [93ab03] Here's some useful guids:
		cf744166-3454-4447-98b2-95d7094e8cea
		d66dbb3f-d71a-4476-8864-9280afd74234
2018-11-13 00:03:34,233 53734  INFO  [cd430c] Finished processing user request with id = cd430c47-c78a-4877-90e3-c7443be8c021 in 00:00:00.0328476.
2018-11-13 00:03:34,250 53751  INFO  [Metrics] Cpu: 0.68%; Memory: 19.79 GB/31.88 GB; Workers: 4/1024; IOCP: 0/1024
2018-11-13 00:03:34,255 53756  INFO  [93ab03] Finished processing user request with id = 93ab035d-489c-4846-9011-26324e0684da in 00:00:00.0652290.
2018-11-13 00:03:34,257 53758  INFO  [bb5228] Started processing user request. Id = bb522814-8aae-4f85-99c7-ea59a491477f. Size = 79.49 KB.
2018-11-13 00:03:34,268 53769  INFO  [57277b] Started processing user request. Id = 57277ba3-e194-4fed-a1f3-99658daf2006. Size = 71.37 KB.
2018-11-13 00:03:34,270 53771  INFO  [bb5228] Doing some complicated stuff.. Random numbers are: 1610628830, 969094405, 1725838365.
2018-11-13 00:03:34,271 53772  INFO  [BackgroundDaemon] Processing data (1% completed)..
2018-11-13 00:03:34,271 53772  INFO  [57277b] Doing some complicated stuff.. Random numbers are: 881525702, 875703122, 754169284.
2018-11-13 00:03:34,280 53781  INFO  [bb5228] Here's some useful guids:
		ea822e44-db84-4c8c-a507-b4341c943865
2018-11-13 00:03:34,283 53784  INFO  [bb5228] Finished processing user request with id = bb522814-8aae-4f85-99c7-ea59a491477f in 00:00:00.0263750.
2018-11-13 00:03:34,305 53806  INFO  [57277b] Here's some useful guids:
		72001c36-9c98-4803-b8d3-8a856ac39c3b
		3e1f2380-becc-42df-b3e7-d0639a456388
		3b77322a-9ba3-4644-9008-2c123d6d1a32
2018-11-13 00:03:34,314 53816  INFO  [2e1db7] Started processing user request. Id = 2e1db7aa-39fe-437c-b5c2-799e71f11f11. Size = 1.38 KB.
2018-11-13 00:03:34,315 53817  ERROR [57277b] 
System.InvalidOperationException: Oh no! An error occurred!
2018-11-13 00:03:34,323 53824  INFO  [2e1db7] Doing some complicated stuff.. Random numbers are: 1917645893, 1335823048, 484194806.
2018-11-13 00:03:34,329 53830  INFO  [dce2fc] Started processing user request. Id = dce2fcb8-cad1-4eda-a8bc-5f8549a15df8. Size = 18.04 KB.
2018-11-13 00:03:34,336 53837  INFO  [dce2fc] Doing some complicated stuff.. Random numbers are: 110336325, 721559521, 185205486.
2018-11-13 00:03:34,344 53845  INFO  [dce2fc] Here's some useful guids:
		950a4cae-643e-46a3-a282-1453f32944fc
		bff41c18-5d2a-4326-9370-7f5bf1b06989
		b6f82dc9-ac84-48c2-9bc2-b77e79e971eb
		cfc8b296-7550-45db-8eab-2b4fcd85d0e7
		74bf51d8-ee4d-406f-8c40-843023aa66f5
2018-11-13 00:03:34,351 53852  INFO  [2e1db7] Finished processing user request with id = 2e1db7aa-39fe-437c-b5c2-799e71f11f11 in 00:00:00.0365707.
2018-11-13 00:03:34,354 53855  INFO  [BackgroundDaemon] Processing data (35% completed)..
2018-11-13 00:03:34,357 53858  INFO  [dce2fc] Finished processing user request with id = dce2fcb8-cad1-4eda-a8bc-5f8549a15df8 in 00:00:00.0283228.
2018-11-13 00:03:34,371 53872  INFO  [4b71fb] Started processing user request. Id = 4b71fbe1-8212-45ae-abc4-4908c68bee62. Size = 44.88 KB.
2018-11-13 00:03:34,383 53884  INFO  [BackgroundDaemon] Processing data (53% completed)..
2018-11-13 00:03:34,383 53884  INFO  [BackgroundDaemon] Finished iteration in 00:00:00.1682696.
2018-11-13 00:03:34,383 53884  INFO  [1aac5a] Started processing user request. Id = 1aac5a92-a0ca-40af-ac93-ae0241e8750e. Size = 89.96 KB.
2018-11-13 00:03:34,384 53885  INFO  [4b71fb] Doing some complicated stuff.. Random numbers are: 1662184187, 510256835, 1424559210.
2018-11-13 00:03:34,391 53892  INFO  [1aac5a] Doing some complicated stuff.. Random numbers are: 1224445111, 1483371464, 886963583.
2018-11-13 00:03:34,400 53901  INFO  [32c62a] Started processing user request. Id = 32c62a86-c3bc-44dd-89a3-aa371e7fbe61. Size = 49.36 KB.
2018-11-13 00:03:34,403 53904  INFO  [4b71fb] Here's some useful guids:
		cd08bd48-ea5c-4479-a175-308402014933
		15035031-222c-4847-ad8e-6045559f4463
		249a8f09-b7f1-4492-a8df-c7a3ba92eebb
		28a4c827-bdb0-4567-8495-f6528cb046d8
		49e9d8b4-c551-4153-a20d-cc191a2d0642
2018-11-13 00:03:34,415 53916  INFO  [4b71fb] Finished processing user request with id = 4b71fbe1-8212-45ae-abc4-4908c68bee62 in 00:00:00.0439412.
2018-11-13 00:03:34,417 53918  INFO  [32c62a] Doing some complicated stuff.. Random numbers are: 1683859952, 1554380539, 697323640.
2018-11-13 00:03:34,429 53930  INFO  [2c0e06] Started processing user request. Id = 2c0e06b0-2c85-4835-b7a1-8e8abd6411f5. Size = 79.99 KB.
2018-11-13 00:03:34,441 53942  INFO  [1aac5a] Finished processing user request with id = 1aac5a92-a0ca-40af-ac93-ae0241e8750e in 00:00:00.0580679.
2018-11-13 00:03:34,441 53942  INFO  [2c0e06] Doing some complicated stuff.. Random numbers are: 1241816527, 1076423182, 105824701.
2018-11-13 00:03:34,447 53948  INFO  [32c62a] Finished processing user request with id = 32c62a86-c3bc-44dd-89a3-aa371e7fbe61 in 00:00:00.0472458.
2018-11-13 00:03:34,473 53974  INFO  [d38983] Started processing user request. Id = d3898389-9627-4ba8-9c10-545553ca9265. Size = 24.73 KB.
2018-11-13 00:03:34,475 53976  INFO  [d38983] Doing some complicated stuff.. Random numbers are: 1962574445, 379943891, 976654153.
2018-11-13 00:03:34,478 53979  INFO  [2c0e06] Finished processing user request with id = 2c0e06b0-2c85-4835-b7a1-8e8abd6411f5 in 00:00:00.0486247.
2018-11-13 00:03:34,491 53992  INFO  [c239c0] Started processing user request. Id = c239c0f5-27b5-4345-a518-5578e43c3401. Size = 18.95 KB.
2018-11-13 00:03:34,503 54004  INFO  [c239c0] Doing some complicated stuff.. Random numbers are: 2039301334, 1176066501, 1004271918.
2018-11-13 00:03:34,510 54011  INFO  [d38983] Finished processing user request with id = d3898389-9627-4ba8-9c10-545553ca9265 in 00:00:00.0370346.
2018-11-13 00:03:34,541 54042  INFO  [5c5870] Started processing user request. Id = 5c58705b-a292-4d27-b812-a4c845e12eb2. Size = 73.22 KB.
2018-11-13 00:03:34,546 54047  INFO  [5c5870] Doing some complicated stuff.. Random numbers are: 1908663084, 878776019, 1864521847.
2018-11-13 00:03:34,556 54057  INFO  [5c5870] Here's some useful guids:
		771ef5ad-5989-4b9b-8787-980ed4a81382
		fef8e39b-8ac4-441e-a301-22ce3eca60d4
		7bf9ae23-0086-4bf4-bad4-3ce1396975b1
2018-11-13 00:03:34,566 54067  INFO  [c239c0] Finished processing user request with id = c239c0f5-27b5-4345-a518-5578e43c3401 in 00:00:00.0748678.
2018-11-13 00:03:34,568 54069  INFO  [5c5870] Finished processing user request with id = 5c58705b-a292-4d27-b812-a4c845e12eb2 in 00:00:00.0267838.
2018-11-13 00:03:34,580 54081  INFO  [7e2dcb] Started processing user request. Id = 7e2dcbb9-ff7e-469f-bfc3-f3783ac13808. Size = 5.86 KB.
2018-11-13 00:03:34,584 54085  INFO  [BackgroundDaemon] Starting iteration #15574.
2018-11-13 00:03:34,588 54089  INFO  [7e2dcb] Doing some complicated stuff.. Random numbers are: 437017642, 981127249, 2049291032.
2018-11-13 00:03:34,594 54095  INFO  [7e2dcb] Finished processing user request with id = 7e2dcbb9-ff7e-469f-bfc3-f3783ac13808 in 00:00:00.0140299.
2018-11-13 00:03:34,599 54100  INFO  [9f2d3c] Started processing user request. Id = 9f2d3c6e-fce1-4d9c-871b-90bf6f60d1e7. Size = 48.5 KB.
2018-11-13 00:03:34,607 54108  INFO  [50cae6] Started processing user request. Id = 50cae65c-8fc1-46e0-b1a3-1db6b67706e2. Size = 16.97 KB.
2018-11-13 00:03:34,615 54116  INFO  [80a94d] Started processing user request. Id = 80a94de7-8d1c-4ace-b7d0-0f0d3ed4f14f. Size = 86.61 KB.
2018-11-13 00:03:34,618 54119  INFO  [9f2d3c] Doing some complicated stuff.. Random numbers are: 1870283024, 1489756409, 504768447.
2018-11-13 00:03:34,622 54123  INFO  [50cae6] Doing some complicated stuff.. Random numbers are: 1854431370, 1414642708, 1478574339.
2018-11-13 00:03:34,624 54125  INFO  [80a94d] Doing some complicated stuff.. Random numbers are: 794848823, 922775374, 1339101158.
2018-11-13 00:03:34,627 54128  INFO  [BackgroundDaemon] Processing data (17% completed)..
2018-11-13 00:03:34,630 54131  INFO  [50cae6] Finished processing user request with id = 50cae65c-8fc1-46e0-b1a3-1db6b67706e2 in 00:00:00.0230883.
2018-11-13 00:03:34,635 54136  INFO  [9f2d3c] Here's some useful guids:
		bfa9824e-f0eb-495c-9f39-271ecd88da1b
2018-11-13 00:03:34,641 54142  INFO  [80a94d] Here's some useful guids:
		641d8530-cd95-44b7-a5dc-1d9406410491
		741bab86-cdde-487d-b26a-3f5d964b876b
		5ab28333-6148-443c-bb9a-55d9be334cee
		8d66d37f-79c0-4e0d-829e-cb010f88dfef
		18df3984-3774-495c-9667-fb82a746a07c
2018-11-13 00:03:34,643 54144  INFO  [9f2d3c] Finished processing user request with id = 9f2d3c6e-fce1-4d9c-871b-90bf6f60d1e7 in 00:00:00.0440049.
2018-11-13 00:03:34,644 54145  INFO  [17ce80] Started processing user request. Id = 17ce8037-8060-4876-95c6-d3f41e709dd6. Size = 75.39 KB.
2018-11-13 00:03:34,652 54153  INFO  [BackgroundDaemon] Processing data (41% completed)..
2018-11-13 00:03:34,655 54156  INFO  [17ce80] Doing some complicated stuff.. Random numbers are: 615734820, 1481348659, 1373688142.
2018-11-13 00:03:34,665 54166  INFO  [80a94d] Finished processing user request with id = 80a94de7-8d1c-4ace-b7d0-0f0d3ed4f14f in 00:00:00.0500992.
2018-11-13 00:03:34,675 54176  INFO  [ad2988] Started processing user request. Id = ad298836-e422-4eac-8267-8f82746283f6. Size = 33.07 KB.
2018-11-13 00:03:34,683 54184  INFO  [17ce80] Here's some useful guids:
		89a92b06-d240-4910-8f96-633799175bc0
		69f89ce1-c970-4da2-88df-63505b83420a
2018-11-13 00:03:34,687 54188  INFO  [ad2988] Doing some complicated stuff.. Random numbers are: 266882274, 1557377442, 1031940273.
2018-11-13 00:03:34,690 54191  INFO  [17ce80] Finished processing user request with id = 17ce8037-8060-4876-95c6-d3f41e709dd6 in 00:00:00.0459825.
2018-11-13 00:03:34,704 54205  INFO  [fd02b5] Started processing user request. Id = fd02b5c4-41ef-4716-8e7c-39fb459cc242. Size = 6.92 KB.
2018-11-13 00:03:34,710 54211  INFO  [fd02b5] Doing some complicated stuff.. Random numbers are: 631964124, 2068638851, 1373865569.
2018-11-13 00:03:34,724 54225  INFO  [ad2988] Here's some useful guids:
		b6670984-3d7a-49ae-b5ca-7381bdd5529b
		21520193-4c4f-4379-b13c-dd0348e50d0a
		14dedfc0-e3a7-4553-92b7-eebce32548f5
2018-11-13 00:03:34,745 54246  INFO  [BackgroundDaemon] Processing data (51% completed)..
2018-11-13 00:03:34,745 54246  INFO  [BackgroundDaemon] Finished iteration in 00:00:00.1611434.
2018-11-13 00:03:34,749 54250  INFO  [Metrics] Cpu: 0.68%; Memory: 19.79 GB/31.88 GB; Workers: 4/1024; IOCP: 0/1024
2018-11-13 00:03:34,750 54251  ERROR [ad2988] 
System.InvalidOperationException: Oh no! An error occurred!
2018-11-13 00:03:34,770 54271  INFO  [fd02b5] Finished processing user request with id = fd02b5c4-41ef-4716-8e7c-39fb459cc242 in 00:00:00.0660572.
2018-11-13 00:03:34,782 54283  INFO  [61dbb0] Started processing user request. Id = 61dbb0ec-ec93-4240-bb41-fa3ffcd0f559. Size = 9.46 KB.
2018-11-13 00:03:34,784 54285  INFO  [4e9d01] Started processing user request. Id = 4e9d013e-5ae9-4f7e-bde8-aa1e320805cc. Size = 35.15 KB.
2018-11-13 00:03:34,784 54285  INFO  [61dbb0] Doing some complicated stuff.. Random numbers are: 223032951, 1789890973, 1760406702.
2018-11-13 00:03:34,784 54285  INFO  [61dbb0] Here's some useful guids:
		e14636ac-e8fa-4b24-9c5c-04d158a64a63
		65bc0615-1fbd-4fe8-8524-66f7349c1225
		694e079b-aab9-47fe-ba75-241efe52ee5e
2018-11-13 00:03:34,797 54298  INFO  [4e9d01] Doing some complicated stuff.. Random numbers are: 1147232754, 1146458362, 2019073416.
2018-11-13 00:03:34,799 54300  INFO  [4e9d01] Here's some useful guids:
		5a784bc2-8876-4a43-8467-32d3a6df8755
		b4c22ae8-b900-40c5-baea-6e3c068b3e1d
		4ba62bd2-947e-443f-ae40-583993bc4dfc
		6e0e3f82-bc6c-468c-92f8-1c126582e88c
		08ec386b-f126-4fdf-9f19-7091ae9627ca
2018-11-13 00:03:34,800 54301  INFO  [61dbb0] Finished processing user request with id = 61dbb0ec-ec93-4240-bb41-fa3ffcd0f559 in 00:00:00.0178151.
2018-11-13 00:03:34,816 54317  INFO  [4e9d01] Finished processing user request with id = 4e9d013e-5ae9-4f7e-bde8-aa1e320805cc in 00:00:00.0319315.
2018-11-13 00:03:34,829 54330  INFO  [63d45e] Started processing user request. Id = 63d45e08-6088-4356-81e6-528eb06f2080. Size = 87.88 KB.
2018-11-13 00:03:34,831 54332  INFO  [6a984a] Started processing user request. Id = 6a984a35-9896-46c5-ac40-28cbc4b458c5. Size = 52.78 KB.
2018-11-13 00:03:34,832 54333  INFO  [853a02] Started processing user request. Id = 853a027a-0023-4862-b015-737941101568. Size = 71.71 KB.
2018-11-13 00:03:34,835 54336  INFO  [853a02] Doing some complicated stuff.. Random numbers are: 539157057, 1504273036, 156058284.
2018-11-13 00:03:34,846 54347  INFO  [63d45e] Doing some complicated stuff.. Random numbers are: 64558476, 739889325, 704371208.
2018-11-13 00:03:34,848 54349  INFO  [6a984a] Doing some complicated stuff.. Random numbers are: 1078797804, 719143407, 24950019.
2018-11-13 00:03:34,877 54378  INFO  [853a02] Finished processing user request with id = 853a027a-0023-4862-b015-737941101568 in 00:00:00.0446846.
2018-11-13 00:03:34,878 54379  INFO  [6a984a] Here's some useful guids:
		b33c09d6-f145-44b6-b9ec-9dc76eeb657c
		0e160925-316b-4ef0-92b6-699a1bbbb61f
2018-11-13 00:03:34,883 54384  INFO  [63d45e] Here's some useful guids:
		db511bf5-bf62-4fcc-a5f7-f7a620c093ba
2018-11-13 00:03:34,894 54395  INFO  [63d45e] Finished processing user request with id = 63d45e08-6088-4356-81e6-528eb06f2080 in 00:00:00.0650302.
2018-11-13 00:03:34,898 54399  INFO  [6a984a] Finished processing user request with id = 6a984a35-9896-46c5-ac40-28cbc4b458c5 in 00:00:00.0667991.
2018-11-13 00:03:34,908 54409  INFO  [73b799] Started processing user request. Id = 73b7994c-5bae-40ab-a6a8-441cba9d0045. Size = 51.54 KB.
2018-11-13 00:03:34,927 54428  INFO  [73b799] Doing some complicated stuff.. Random numbers are: 1521257327, 1788925920, 987143368.
2018-11-13 00:03:34,929 54430  INFO  [bdcaf2] Started processing user request. Id = bdcaf2c1-e640-4613-b075-a7d33bb071c4. Size = 94.03 KB.
2018-11-13 00:03:34,929 54430  INFO  [73b799] Here's some useful guids:
		98c91272-7eaf-4cf4-9528-2b2ddba82e66
		7fc6a8ec-61c4-4810-8f6a-6cd3fb9732f8
		7a8782e1-ca6b-4df0-810e-d5816a8e946d
		84e289f1-56a2-49b2-88c8-1fedb7c612bd
		b1cee379-910a-46ec-af81-def4200d663b
2018-11-13 00:03:34,944 54445  INFO  [bdcaf2] Doing some complicated stuff.. Random numbers are: 680706660, 246351199, 778263714.
2018-11-13 00:03:34,946 54447  INFO  [BackgroundDaemon] Starting iteration #15575.
2018-11-13 00:03:34,951 54452  INFO  [bdcaf2] Here's some useful guids:
		e5f1c2e0-531d-47b8-9067-bfccce1b8369
2018-11-13 00:03:34,952 54453  INFO  [73b799] Finished processing user request with id = 73b7994c-5bae-40ab-a6a8-441cba9d0045 in 00:00:00.0442254.
2018-11-13 00:03:34,965 54467  INFO  [3dac50] Started processing user request. Id = 3dac5020-3f5b-4595-be90-be9c88a9da9a. Size = 87.1 KB.
2018-11-13 00:03:34,978 54479  ERROR [bdcaf2] 
System.InvalidOperationException: Oh no! An error occurred!
2018-11-13 00:03:34,984 54485  INFO  [3dac50] Doing some complicated stuff.. Random numbers are: 280685782, 1913292911, 1642765687.
2018-11-13 00:03:34,984 54485  INFO  [3dac50] Here's some useful guids:
		2e17da0e-3682-4954-85ff-58a5945e7298
2018-11-13 00:03:34,995 54496  INFO  [3dac50] Finished processing user request with id = 3dac5020-3f5b-4595-be90-be9c88a9da9a in 00:00:00.0294498.
2018-11-13 00:03:35,008 54509  INFO  [7f535a] Started processing user request. Id = 7f535aef-4c93-40ae-bc65-eb030acde516. Size = 26.18 KB.
2018-11-13 00:03:35,009 54510  INFO  [eb0299] Started processing user request. Id = eb0299d9-f9e3-4729-bdb2-063b1b0dec29. Size = 18.4 KB.
2018-11-13 00:03:35,022 54523  INFO  [7f535a] Doing some complicated stuff.. Random numbers are: 1972908714, 1528013440, 677810315.
2018-11-13 00:03:35,023 54525  INFO  [eb0299] Doing some complicated stuff.. Random numbers are: 1618167221, 819751239, 532822390.
2018-11-13 00:03:35,030 54531  INFO  [BackgroundDaemon] Processing data (2% completed)..
2018-11-13 00:03:35,043 54544  INFO  [eb0299] Finished processing user request with id = eb0299d9-f9e3-4729-bdb2-063b1b0dec29 in 00:00:00.0336561.
2018-11-13 00:03:35,044 54545  INFO  [ff461d] Started processing user request. Id = ff461d17-7588-4529-a552-05ac7619b0bd. Size = 47.62 KB.
2018-11-13 00:03:35,049 54550  INFO  [7f535a] Here's some useful guids:
		07fb1e6b-ec45-494c-82fe-d2ac61aa61de
		8b5d096c-d89c-446b-834b-f6ec2520d8e3
		ff738ff3-afa8-4bdf-ab33-beb9ed0d1e43
		08dae22a-f80e-44d5-8800-0319a3c1de55
		dbf6f1d1-b30d-4a55-9635-bca85e50bcbf
2018-11-13 00:03:35,057 54558  INFO  [ff461d] Doing some complicated stuff.. Random numbers are: 1045881387, 2119284246, 1486088569.
2018-11-13 00:03:35,073 54574  INFO  [ff461d] Here's some useful guids:
		f3e43ad5-36b4-46bb-8e3b-0d52aec196ae
		352305bc-c4f9-4756-94cb-a25db6433564
2018-11-13 00:03:35,074 54575  INFO  [658f8e] Started processing user request. Id = 658f8ee5-123d-4ab2-b3ce-4d409859f631. Size = 22.33 KB.
2018-11-13 00:03:35,078 54579  INFO  [658f8e] Doing some complicated stuff.. Random numbers are: 2124367484, 1234495632, 1962021638.
2018-11-13 00:03:35,078 54579  INFO  [7f535a] Finished processing user request with id = 7f535aef-4c93-40ae-bc65-eb030acde516 in 00:00:00.0694108.
2018-11-13 00:03:35,080 54581  INFO  [ff461d] Finished processing user request with id = ff461d17-7588-4529-a552-05ac7619b0bd in 00:00:00.0358716.
2018-11-13 00:03:35,091 54592  INFO  [d08a05] Started processing user request. Id = d08a0565-e8f9-4a1e-95a3-aba76c34caac. Size = 33.56 KB.
2018-11-13 00:03:35,099 54600  INFO  [658f8e] Finished processing user request with id = 658f8ee5-123d-4ab2-b3ce-4d409859f631 in 00:00:00.0248669.
2018-11-13 00:03:35,104 54605  INFO  [d08a05] Doing some complicated stuff.. Random numbers are: 813914843, 515608379, 218044298.
2018-11-13 00:03:35,123 54624  INFO  [BackgroundDaemon] Processing data (33% completed)..
2018-11-13 00:03:35,130 54632  INFO  [7afa42] Started processing user request. Id = 7afa4201-e4b7-4aa7-b287-92b417d7ec23. Size = 70.04 KB.
2018-11-13 00:03:35,141 54642  INFO  [d08a05] Finished processing user request with id = d08a0565-e8f9-4a1e-95a3-aba76c34caac in 00:00:00.0501036.
2018-11-13 00:03:35,145 54646  INFO  [7afa42] Doing some complicated stuff.. Random numbers are: 1160724659, 1462986281, 1625491285.
2018-11-13 00:03:35,148 54649  INFO  [7afa42] Here's some useful guids:
		cfbdd538-60f7-4231-b755-212a4b886f2d
		76752ff0-5c03-4bcb-b3b2-223c101b3c2d
2018-11-13 00:03:35,155 54656  INFO  [742a36] Started processing user request. Id = 742a36d7-9359-422a-b0af-5529bd5ff254. Size = 88.49 KB.
2018-11-13 00:03:35,155 54656  INFO  [742a36] Doing some complicated stuff.. Random numbers are: 1061500586, 332798562, 750686614.
2018-11-13 00:03:35,170 54671  ERROR [7afa42] 
System.InvalidOperationException: Oh no! An error occurred!
2018-11-13 00:03:35,171 54672  INFO  [BackgroundDaemon] Processing data (89% completed)..
2018-11-13 00:03:35,171 54672  INFO  [BackgroundDaemon] Finished iteration in 00:00:00.2250042.
2018-11-13 00:03:35,201 54702  INFO  [269929] Started processing user request. Id = 26992909-dc75-44d7-b268-d8e981414f7f. Size = 46.23 KB.
2018-11-13 00:03:35,202 54703  INFO  [742a36] Finished processing user request with id = 742a36d7-9359-422a-b0af-5529bd5ff254 in 00:00:00.0472036.
2018-11-13 00:03:35,215 54716  INFO  [269929] Doing some complicated stuff.. Random numbers are: 1892245263, 215871228, 1242889424.
2018-11-13 00:03:35,216 54717  INFO  [57ae98] Started processing user request. Id = 57ae989f-d172-4af6-92a4-fb77b5a17b85. Size = 56.88 KB.
2018-11-13 00:03:35,222 54723  INFO  [57ae98] Doing some complicated stuff.. Random numbers are: 1498750187, 604504421, 1741819500.
2018-11-13 00:03:35,237 54738  INFO  [269929] Here's some useful guids:
		21dbadde-0969-4e24-8a63-dd8ff70033dd
		5366557b-e7d2-42f1-b5f2-83f38e2146f7
		8f678356-5514-41ac-9150-6bafa768e3ff
		e23e7623-267f-4291-b976-a6151a440e6b
		ad25a02a-af89-4bc0-9e0f-40ab318b893c
2018-11-13 00:03:35,240 54741  INFO  [269929] Finished processing user request with id = 26992909-dc75-44d7-b268-d8e981414f7f in 00:00:00.0388100.
2018-11-13 00:03:35,247 54748  INFO  [6c4610] Started processing user request. Id = 6c4610de-1390-47a8-9ac8-a19cf281df60. Size = 15.25 KB.
2018-11-13 00:03:35,249 54750  INFO  [Metrics] Cpu: 1.09%; Memory: 19.79 GB/31.88 GB; Workers: 4/1024; IOCP: 0/1024
2018-11-13 00:03:35,251 54752  INFO  [57ae98] Here's some useful guids:
		1fe5f3dc-98ef-4557-93c5-9ed287a10cc5
		326a41cd-0e85-41e0-902b-fc4f2505e6c8
		4677fc6c-e7c3-4a39-888b-bce6dd38f04a
		475b4e8b-35dd-4d79-86e7-33bceef72243
2018-11-13 00:03:35,253 54754  ERROR [57ae98] 
System.InvalidOperationException: Oh no! An error occurred!
2018-11-13 00:03:35,261 54762  INFO  [6c4610] Doing some complicated stuff.. Random numbers are: 282023424, 259680045, 336730536.
2018-11-13 00:03:35,267 54768  INFO  [b54ac1] Started processing user request. Id = b54ac101-8e57-47fc-9133-b2650e7547cd. Size = 50.78 KB.
2018-11-13 00:03:35,272 54773  INFO  [31e5fa] Started processing user request. Id = 31e5fa04-840a-4ff6-b6dc-0ab57b8c7ead. Size = 8.51 KB.
2018-11-13 00:03:35,282 54783  INFO  [b54ac1] Doing some complicated stuff.. Random numbers are: 2143475605, 137010278, 1959195474.
2018-11-13 00:03:35,283 54784  INFO  [31e5fa] Doing some complicated stuff.. Random numbers are: 1887534175, 737903237, 1076726397.
2018-11-13 00:03:35,296 54797  INFO  [6c4610] Here's some useful guids:
		3391c4a9-8ec5-42a1-8be8-827ed5f184d5
2018-11-13 00:03:35,320 54821  INFO  [b54ac1] Finished processing user request with id = b54ac101-8e57-47fc-9133-b2650e7547cd in 00:00:00.0531135.
2018-11-13 00:03:35,322 54823  INFO  [6c4610] Finished processing user request with id = 6c4610de-1390-47a8-9ac8-a19cf281df60 in 00:00:00.0748831.
2018-11-13 00:03:35,331 54832  INFO  [31e5fa] Finished processing user request with id = 31e5fa04-840a-4ff6-b6dc-0ab57b8c7ead in 00:00:00.0590737.
2018-11-13 00:03:35,333 54834  INFO  [82105a] Started processing user request. Id = 82105adc-1514-4fae-a806-6422a7de814d. Size = 87.41 KB.
2018-11-13 00:03:35,348 54849  INFO  [82105a] Doing some complicated stuff.. Random numbers are: 798114901, 204737599, 1144145522.
2018-11-13 00:03:35,363 54864  INFO  [8f9c9d] Started processing user request. Id = 8f9c9d36-2edb-4ceb-995c-87fd49fc9e8f. Size = 39.58 KB.
2018-11-13 00:03:35,371 54872  INFO  [BackgroundDaemon] Starting iteration #15576.
2018-11-13 00:03:35,376 54877  INFO  [8f9c9d] Doing some complicated stuff.. Random numbers are: 1820596263, 184885947, 723753089.
2018-11-13 00:03:35,386 54887  INFO  [82105a] Here's some useful guids:
		b6915cdc-9a90-4c41-bc0f-894217cf93bf
		247002d1-c92a-4954-9d57-db2b906bd5c6
		40ef9fc8-6345-402c-a328-28fc72c55be5
2018-11-13 00:03:35,394 54895  INFO  [8f9c9d] Here's some useful guids:
		4bddc0b0-cc74-4969-8c07-575aeaf514f6
		638bed08-3e0a-4789-98e0-a81dc31697e9
		071f6ebe-f355-4425-bbee-611fc502623b
2018-11-13 00:03:35,410 54911  ERROR [8f9c9d] 
System.InvalidOperationException: Oh no! An error occurred!
2018-11-13 00:03:35,410 54911  INFO  [82105a] Finished processing user request with id = 82105adc-1514-4fae-a806-6422a7de814d in 00:00:00.0768742.
2018-11-13 00:03:35,424 54925  INFO  [f0d134] Started processing user request. Id = f0d1347d-afb8-4635-a894-66ac0ba46822. Size = 55.86 KB.
2018-11-13 00:03:35,426 54927  INFO  [f0d134] Doing some complicated stuff.. Random numbers are: 772880891, 2086773269, 1935576684.
2018-11-13 00:03:35,430 54931  INFO  [BackgroundDaemon] Processing data (1% completed)..
2018-11-13 00:03:35,441 54942  INFO  [8ac300] Started processing user request. Id = 8ac30068-c5db-4b70-adc8-5d036b2fa997. Size = 66.06 KB.
2018-11-13 00:03:35,449 54950  INFO  [8ac300] Doing some complicated stuff.. Random numbers are: 1837850151, 1461367865, 1878249750.
2018-11-13 00:03:35,451 54952  INFO  [f0d134] Finished processing user request with id = f0d1347d-afb8-4635-a894-66ac0ba46822 in 00:00:00.0271853.
2018-11-13 00:03:35,464 54965  INFO  [156e00] Started processing user request. Id = 156e001d-1b38-46b6-8919-0c95187f2891. Size = 78.77 KB.
2018-11-13 00:03:35,471 54972  INFO  [8ac300] Here's some useful guids:
		5e7041f0-3b6f-45c8-b52c-7657d7a80fad
		f0f9f8bd-dec2-497a-a97d-325f3d983a21
2018-11-13 00:03:35,473 54974  INFO  [8ac300] Finished processing user request with id = 8ac30068-c5db-4b70-adc8-5d036b2fa997 in 00:00:00.0322051.
2018-11-13 00:03:35,477 54978  INFO  [156e00] Doing some complicated stuff.. Random numbers are: 1635076472, 684449391, 745626086.
2018-11-13 00:03:35,489 54990  INFO  [397b6b] Started processing user request. Id = 397b6bd9-cf53-4cea-b255-9d7a81efb674. Size = 17.33 KB.
2018-11-13 00:03:35,489 54990  INFO  [397b6b] Doing some complicated stuff.. Random numbers are: 1099935861, 1213114336, 62948083.
2018-11-13 00:03:35,505 55006  INFO  [a73729] Started processing user request. Id = a7372956-cb9c-452f-8728-3b710afa0e2f. Size = 391 B.
2018-11-13 00:03:35,510 55011  INFO  [BackgroundDaemon] Processing data (39% completed)..
2018-11-13 00:03:35,513 55014  INFO  [156e00] Here's some useful guids:
		0d978372-0633-489f-a254-053b4fda804e
		b0ea4c10-f7b8-48a6-8a3b-aa7e051fe37e
2018-11-13 00:03:35,519 55020  INFO  [397b6b] Here's some useful guids:
		32b19bf3-8cfd-4470-8d56-bd781e594582
		426def8b-5309-4aa2-81be-41eed2d701e4
2018-11-13 00:03:35,521 55022  INFO  [a73729] Doing some complicated stuff.. Random numbers are: 1392714459, 957320523, 2057687661.
2018-11-13 00:03:35,524 55025  INFO  [397b6b] Finished processing user request with id = 397b6bd9-cf53-4cea-b255-9d7a81efb674 in 00:00:00.0351350.
2018-11-13 00:03:35,540 55041  ERROR [156e00] 
System.InvalidOperationException: Oh no! An error occurred!
2018-11-13 00:03:35,549 55050  INFO  [a73729] Here's some useful guids:
		c4301542-5493-4fca-b50c-eada35f1f88f
		5b97429a-4ac5-4f96-b177-b0e069ccd290
		fc6f1522-f75b-42cf-b1c5-936fc745746a
		8b3ba4f4-2266-4e0b-b31f-aa828ec648be
		a5a98f8d-ff3d-44c5-9530-20b4ec528326
2018-11-13 00:03:35,554 55055  INFO  [84c61c] Started processing user request. Id = 84c61ce5-c141-4147-ab02-04365c579bff. Size = 57.12 KB.
2018-11-13 00:03:35,555 55056  INFO  [a73729] Finished processing user request with id = a7372956-cb9c-452f-8728-3b710afa0e2f in 00:00:00.0497851.
2018-11-13 00:03:35,562 55063  INFO  [84c61c] Doing some complicated stuff.. Random numbers are: 1004543533, 801159708, 848442506.
2018-11-13 00:03:35,586 55087  INFO  [91153d] Started processing user request. Id = 91153d8d-2594-4195-91dd-216749305d4c. Size = 29.99 KB.
2018-11-13 00:03:35,595 55096  INFO  [84c61c] Here's some useful guids:
		d0e89dea-3726-4387-b6d7-ff0dd1c6a47a
		cab99612-264d-4605-972f-49ccdf8aa9de
2018-11-13 00:03:35,595 55096  INFO  [91153d] Doing some complicated stuff.. Random numbers are: 126774171, 564933463, 740877006.
2018-11-13 00:03:35,602 55103  INFO  [84c61c] Finished processing user request with id = 84c61ce5-c141-4147-ab02-04365c579bff in 00:00:00.0481186.
2018-11-13 00:03:35,607 55108  INFO  [BackgroundDaemon] Processing data (55% completed)..
2018-11-13 00:03:35,607 55108  INFO  [BackgroundDaemon] Finished iteration in 00:00:00.2359939.
2018-11-13 00:03:35,616 55117  INFO  [640816] Started processing user request. Id = 640816b1-285d-4aa7-a302-64c9040904a6. Size = 33.31 KB.
2018-11-13 00:03:35,623 55124  INFO  [640816] Doing some complicated stuff.. Random numbers are: 339195791, 1516633327, 419817560.
2018-11-13 00:03:35,625 55126  INFO  [91153d] Finished processing user request with id = 91153d8d-2594-4195-91dd-216749305d4c in 00:00:00.0391800.
2018-11-13 00:03:35,647 55148  INFO  [640816] Finished processing user request with id = 640816b1-285d-4aa7-a302-64c9040904a6 in 00:00:00.0312485.
2018-11-13 00:03:35,657 55158  INFO  [6f44bd] Started processing user request. Id = 6f44bda3-0916-4bf7-8f62-6e67e5432fe3. Size = 63.85 KB.
2018-11-13 00:03:35,661 55162  INFO  [071a88] Started processing user request. Id = 071a8846-e496-4807-b84e-7d152c562489. Size = 9.5 KB.
2018-11-13 00:03:35,665 55166  INFO  [6f44bd] Doing some complicated stuff.. Random numbers are: 353862771, 1358182662, 1847513301.
2018-11-13 00:03:35,674 55175  INFO  [071a88] Doing some complicated stuff.. Random numbers are: 586047408, 893866279, 1763708429.
2018-11-13 00:03:35,686 55187  ERROR [6f44bd] 
System.InvalidOperationException: Oh no! An error occurred!
2018-11-13 00:03:35,692 55193  INFO  [e6f80a] Started processing user request. Id = e6f80a86-1bf7-472a-a1d3-ada0ea9c0e6e. Size = 98.08 KB.
2018-11-13 00:03:35,696 55197  INFO  [071a88] Finished processing user request with id = 071a8846-e496-4807-b84e-7d152c562489 in 00:00:00.0351253.
2018-11-13 00:03:35,706 55207  INFO  [e6f80a] Doing some complicated stuff.. Random numbers are: 421182868, 1547879489, 1436193421.
2018-11-13 00:03:35,709 55210  INFO  [e79e97] Started processing user request. Id = e79e97ce-b30f-4ae4-ae98-b24550842e0b. Size = 2.4 KB.
2018-11-13 00:03:35,711 55212  INFO  [e6f80a] Here's some useful guids:
		5065d180-8a1b-4d71-9e29-2f03b3260094
		f7189447-f6d1-4358-b91b-5cfa6e4e056c
		036e5a84-dee8-4642-a5b0-e872edacd789
2018-11-13 00:03:35,713 55214  INFO  [e79e97] Doing some complicated stuff.. Random numbers are: 749470646, 1402739162, 1162625885.
2018-11-13 00:03:35,718 55219  INFO  [020360] Started processing user request. Id = 02036087-366c-4748-ab61-8312448f1fc7. Size = 434 B.
2018-11-13 00:03:35,732 55233  INFO  [e6f80a] Finished processing user request with id = e6f80a86-1bf7-472a-a1d3-ada0ea9c0e6e in 00:00:00.0398410.
2018-11-13 00:03:35,733 55234  INFO  [020360] Doing some complicated stuff.. Random numbers are: 606163219, 225537864, 1170487737.
2018-11-13 00:03:35,738 55239  INFO  [e79e97] Here's some useful guids:
		6ea5318f-1311-4543-8724-6357e7d96275
2018-11-13 00:03:35,742 55243  INFO  [e79e97] Finished processing user request with id = e79e97ce-b30f-4ae4-ae98-b24550842e0b in 00:00:00.0326984.
2018-11-13 00:03:35,749 55250  INFO  [Metrics] Cpu: 1.09%; Memory: 19.79 GB/31.88 GB; Workers: 4/1024; IOCP: 0/1024
2018-11-13 00:03:35,755 55256  INFO  [020360] Here's some useful guids:
		95fe0e88-7e58-46e2-885e-47f47efde4bd
		3570f942-a135-4551-be1d-23116f0ea757
		ceb43e05-9eca-499c-8c7f-bccbcc72e2e7
		17116cfe-2e0c-4189-91b7-b5fcba0b7ca6
2018-11-13 00:03:35,755 55256  INFO  [5fe7e2] Started processing user request. Id = 5fe7e264-bafe-456b-8fc4-93df5df26879. Size = 94.69 KB.
2018-11-13 00:03:35,759 55260  INFO  [5fe7e2] Doing some complicated stuff.. Random numbers are: 1184592438, 374406922, 875957168.
2018-11-13 00:03:35,779 55280  INFO  [5fe7e2] Finished processing user request with id = 5fe7e264-bafe-456b-8fc4-93df5df26879 in 00:00:00.0235458.
2018-11-13 00:03:35,785 55286  INFO  [020360] Finished processing user request with id = 02036087-366c-4748-ab61-8312448f1fc7 in 00:00:00.0671208.
2018-11-13 00:03:35,792 55293  INFO  [75bf46] Started processing user request. Id = 75bf466b-1feb-4e82-a2a6-80e59a40288b. Size = 5.41 KB.
2018-11-13 00:03:35,795 55296  INFO  [75bf46] Doing some complicated stuff.. Random numbers are: 1868823486, 2097551300, 56440162.
2018-11-13 00:03:35,807 55308  INFO  [BackgroundDaemon] Starting iteration #15577.
2018-11-13 00:03:35,816 55317  INFO  [69ecef] Started processing user request. Id = 69ecef45-9c35-420e-b89b-9bfb8c5d5d5b. Size = 12.55 KB.
2018-11-13 00:03:35,823 55324  INFO  [75bf46] Finished processing user request with id = 75bf466b-1feb-4e82-a2a6-80e59a40288b in 00:00:00.0308969.
2018-11-13 00:03:35,829 55330  INFO  [69ecef] Doing some complicated stuff.. Random numbers are: 685418216, 712969788, 449439466.
2018-11-13 00:03:35,837 55338  INFO  [c0c5c9] Started processing user request. Id = c0c5c904-fa21-4c06-858a-56696629fd66. Size = 97.06 KB.
2018-11-13 00:03:35,848 55349  INFO  [69ecef] Finished processing user request with id = 69ecef45-9c35-420e-b89b-9bfb8c5d5d5b in 00:00:00.0317957.
2018-11-13 00:03:35,850 55351  INFO  [c0c5c9] Doing some complicated stuff.. Random numbers are: 1936641455, 1007082725, 1466344690.
2018-11-13 00:03:35,862 55363  INFO  [BackgroundDaemon] Processing data (19% completed)..
2018-11-13 00:03:35,879 55380  INFO  [5d4150] Started processing user request. Id = 5d41507d-bab1-4758-8ae8-84ad56dd336d. Size = 58.17 KB.
2018-11-13 00:03:35,886 55387  INFO  [5d4150] Doing some complicated stuff.. Random numbers are: 1140498667, 2025217443, 1396662596.
2018-11-13 00:03:35,886 55387  INFO  [c0c5c9] Here's some useful guids:
		f5541450-be86-4bf8-8398-aa355f0cf2a5
2018-11-13 00:03:35,900 55401  INFO  [8cc0d1] Started processing user request. Id = 8cc0d19d-e055-4e1b-aaca-4224d2de38fb. Size = 33.61 KB.
2018-11-13 00:03:35,900 55401  INFO  [8cc0d1] Doing some complicated stuff.. Random numbers are: 339979155, 2118429740, 1353700983.
2018-11-13 00:03:35,910 55411  INFO  [c0c5c9] Finished processing user request with id = c0c5c904-fa21-4c06-858a-56696629fd66 in 00:00:00.0731673.
2018-11-13 00:03:35,918 55419  INFO  [5d4150] Here's some useful guids:
		de9d3772-7b53-471a-bae7-42b71d2d2174
2018-11-13 00:03:35,922 55423  INFO  [BackgroundDaemon] Processing data (41% completed)..
2018-11-13 00:03:35,924 55425  INFO  [5554fc] Started processing user request. Id = 5554fc73-202f-46e7-99dc-32c894c10bbc. Size = 80.95 KB.
2018-11-13 00:03:35,934 55435  INFO  [5554fc] Doing some complicated stuff.. Random numbers are: 1107556212, 28802728, 806607680.
2018-11-13 00:03:35,935 55436  INFO  [8cc0d1] Finished processing user request with id = 8cc0d19d-e055-4e1b-aaca-4224d2de38fb in 00:00:00.0351021.
2018-11-13 00:03:35,943 55444  INFO  [5554fc] Here's some useful guids:
		23c87580-dd79-4d8b-8da9-88a56a601243
		aa290ad8-e75a-423d-92c8-797daf00c881
		93cd2966-b4a7-486c-bf45-93833e2fdc74
		d9039938-ec90-4781-9f41-ae2973447b2b
2018-11-13 00:03:35,944 55445  INFO  [5d4150] Finished processing user request with id = 5d41507d-bab1-4758-8ae8-84ad56dd336d in 00:00:00.0652938.
2018-11-13 00:03:35,960 55461  INFO  [5554fc] Finished processing user request with id = 5554fc73-202f-46e7-99dc-32c894c10bbc in 00:00:00.0359024.
2018-11-13 00:03:35,973 55474  INFO  [9fe849] Started processing user request. Id = 9fe849b2-453a-49f4-96d2-255ec1f7d83c. Size = 84.89 KB.
2018-11-13 00:03:35,975 55476  INFO  [07642e] Started processing user request. Id = 07642eb6-fee0-4d40-8cc2-5fbb2ed1da5b. Size = 77.36 KB.
2018-11-13 00:03:35,977 55478  INFO  [9fe849] Doing some complicated stuff.. Random numbers are: 215187470, 74946747, 965428435.
2018-11-13 00:03:35,977 55478  INFO  [07642e] Doing some complicated stuff.. Random numbers are: 410973208, 1012946984, 490787742.
2018-11-13 00:03:35,980 55481  INFO  [9fe849] Here's some useful guids:
		fb27a59d-c39d-4f8b-9a85-739766a52b05
2018-11-13 00:03:35,986 55487  INFO  [9fe849] Finished processing user request with id = 9fe849b2-453a-49f4-96d2-255ec1f7d83c in 00:00:00.0126378.
2018-11-13 00:03:35,999 55500  INFO  [353f89] Started processing user request. Id = 353f895f-48d9-4d95-bfc4-cd8cce8d1cd8. Size = 17.46 KB.
2018-11-13 00:03:36,003 55504  INFO  [BackgroundDaemon] Processing data (71% completed)..
2018-11-13 00:03:36,003 55504  INFO  [BackgroundDaemon] Finished iteration in 00:00:00.1959590.
2018-11-13 00:03:36,012 55513  INFO  [07642e] Here's some useful guids:
		e9f3a982-a63c-41cb-923d-1a5085e7af5f
		5180b288-a3c7-4aa5-af96-a7cb8c897758
		bba2824d-29e2-4ac2-9dde-4b3c1ba80ab4
		7730b25c-c518-475b-b40d-b4b580991e14
		e8a9910e-ae6e-4a15-8c2c-a15f4b2057af
2018-11-13 00:03:36,013 55514  INFO  [353f89] Doing some complicated stuff.. Random numbers are: 682999921, 1892819411, 414634949.
2018-11-13 00:03:36,018 55519  ERROR [07642e] 
System.InvalidOperationException: Oh no! An error occurred!
2018-11-13 00:03:36,046 55547  INFO  [353f89] Finished processing user request with id = 353f895f-48d9-4d95-bfc4-cd8cce8d1cd8 in 00:00:00.0471004.
2018-11-13 00:03:36,050 55551  INFO  [c39586] Started processing user request. Id = c39586ec-8602-4c70-8e25-c492ff3dfbc6. Size = 49.13 KB.
2018-11-13 00:03:36,053 55554  INFO  [c39586] Doing some complicated stuff.. Random numbers are: 1538976930, 744051226, 475238903.
2018-11-13 00:03:36,060 55561  INFO  [9e3d8c] Started processing user request. Id = 9e3d8c5c-e9e1-4872-8c1c-f38c5159c6c6. Size = 66.01 KB.
2018-11-13 00:03:36,079 55580  INFO  [9e3d8c] Doing some complicated stuff.. Random numbers are: 779042644, 756431084, 74895487.
2018-11-13 00:03:36,080 55581  INFO  [c39586] Finished processing user request with id = c39586ec-8602-4c70-8e25-c492ff3dfbc6 in 00:00:00.0300996.
2018-11-13 00:03:36,103 55604  INFO  [ce0fb7] Started processing user request. Id = ce0fb7ae-b3cd-4793-9cbb-5c2cf73dfe98. Size = 81.08 KB.
2018-11-13 00:03:36,112 55613  INFO  [f4e6bd] Started processing user request. Id = f4e6bdd0-2729-4d12-9e57-886b5b9e3b1a. Size = 93.78 KB.
2018-11-13 00:03:36,118 55619  INFO  [f4e6bd] Doing some complicated stuff.. Random numbers are: 441553399, 434768600, 1013672865.
2018-11-13 00:03:36,118 55619  INFO  [ce0fb7] Doing some complicated stuff.. Random numbers are: 1460428230, 1641209425, 1873421486.
2018-11-13 00:03:36,120 55621  INFO  [9e3d8c] Finished processing user request with id = 9e3d8c5c-e9e1-4872-8c1c-f38c5159c6c6 in 00:00:00.0602500.
2018-11-13 00:03:36,134 55635  INFO  [89aabb] Started processing user request. Id = 89aabbd4-d75d-4f13-88c5-fd9eb46e7908. Size = 48.54 KB.
2018-11-13 00:02:40,574 76     INFO  Configured ThreadPool: 1024/32767 workers, 1024/32767 IOCP (min/max).
2018-11-13 00:02:41,315 816    INFO  [BackgroundDaemon] Starting iteration #15434.
2018-11-13 00:02:41,330 831    INFO  [0de1db] Started processing user request. Id = 0de1dbfb-fddb-40b5-b34b-7a7beb43a33f. Size = 2.83 KB.
2018-11-13 00:02:41,344 845    INFO  [0de1db] Doing some complicated stuff.. Random numbers are: 1192743271, 187325574, 168764164.
2018-11-13 00:02:41,345 846    INFO  [3a61cc] Started processing user request. Id = 3a61cc3f-2ee9-4738-8283-efc073235ec8. Size = 67.46 KB.
2018-11-13 00:02:41,354 855    INFO  [3a61cc] Doing some complicated stuff.. Random numbers are: 905206199, 2002603058, 533352593.
2018-11-13 00:02:41,373 875    INFO  [0de1db] Finished processing user request with id = 0de1dbfb-fddb-40b5-b34b-7a7beb43a33f in 00:00:00.0442952.
2018-11-13 00:02:41,383 884    INFO  [BackgroundDaemon] Processing data (10% completed)..
2018-11-13 00:02:41,387 888    INFO  [dfad50] Started processing user request. Id = dfad50dd-17ad-4ad3-b75b-c992ee1f1f1a. Size = 37.68 KB.
2018-11-13 00:02:41,394 895    INFO  [dfad50] Doing some complicated stuff.. Random numbers are: 551704423, 1141562255, 1240276331.
2018-11-13 00:02:41,399 900    INFO  [3a61cc] Finished processing user request with id = 3a61cc3f-2ee9-4738-8283-efc073235ec8 in 00:00:00.0536137.
2018-11-13 00:02:41,431 932    INFO  [8c2d7d] Started processing user request. Id = 8c2d7d0d-ea36-45a2-b915-b9b188139594. Size = 73.61 KB.
2018-11-13 00:02:41,435 936    INFO  [8c2d7d] Doing some complicated stuff.. Random numbers are: 1068253945, 1648598399, 436946751.
2018-11-13 00:02:41,442 943    INFO  [dfad50] Finished processing user request with id = dfad50dd-17ad-4ad3-b75b-c992ee1f1f1a in 00:00:00.0550134.
2018-11-13 00:02:41,455 956    INFO  [8afb16] Started processing user request. Id = 8afb16cb-d7e1-41ba-be7b-9b3b1e09416a. Size = 96.65 KB.
2018-11-13 00:02:41,455 956    INFO  [8c2d7d] Here's some useful guids:
		81d80c1e-cfdb-49e2-a820-1e157929dd9c
		600e50f4-c902-4d75-9f09-d48c8d0191b8
		a07133b8-f3bb-4334-9cae-e03594918b2f
2018-11-13 00:02:41,459 960    INFO  [BackgroundDaemon] Processing data (44% completed)..
2018-11-13 00:02:41,470 971    ERROR [8c2d7d] 
System.InvalidOperationException: Oh no! An error occurred!
2018-11-13 00:02:41,475 976    INFO  [8afb16] Doing some complicated stuff.. Random numbers are: 144508255, 619263569, 1986743925.
2018-11-13 00:02:41,477 978    INFO  [8afb16] Here's some useful guids:
		59eb3535-733c-4c2f-8c02-7512aa3403b1
2018-11-13 00:02:41,482 983    INFO  [67a720] Started processing user request. Id = 67a72089-2433-401d-aae0-adb523097bef. Size = 25.52 KB.
2018-11-13 00:02:41,488 989    INFO  [BackgroundDaemon] Processing data (99% completed)..
2018-11-13 00:02:41,488 989    INFO  [BackgroundDaemon] Finished iteration in 00:00:00.1730056.
2018-11-13 00:02:41,492 993    INFO  [67a720] Doing some complicated stuff.. Random numbers are: 1892550345, 1683140927, 1353309937.
2018-11-13 00:02:41,501 1002   INFO  [8afb16] Finished processing user request with id = 8afb16cb-d7e1-41ba-be7b-9b3b1e09416a in 00:00:00.0460318.
2018-11-13 00:02:41,502 1003   INFO  [93580a] Started processing user request. Id = 93580ad6-f731-4b4a-b982-b4521c7a6db9. Size = 69.13 KB.
2018-11-13 00:02:41,510 1011   INFO  [67a720] Finished processing user request with id = 67a72089-2433-401d-aae0-adb523097bef in 00:00:00.0280422.
2018-11-13 00:02:41,511 1012   INFO  [93580a] Doing some complicated stuff.. Random numbers are: 847659412, 734317104, 2132796648.
2018-11-13 00:02:41,514 1015   INFO  [2ac4d3] Started processing user request. Id = 2ac4d3e3-e1e9-40a9-bfca-cfd040e52f38. Size = 2.23 KB.
2018-11-13 00:02:41,531 1032   INFO  [2ac4d3] Doing some complicated stuff.. Random numbers are: 1661059604, 549381546, 347645918.
2018-11-13 00:02:41,534 1035   INFO  [93580a] Here's some useful guids:
		bdb25db8-30aa-422d-8247-607ac7d45dfb
		abf7f39c-eb1e-41d4-8e66-d4a434ba9eb6
		6f6e03ef-4390-42ad-aa0f-259519b24a24
		581d712b-cfce-4882-ad04-c0cea132d30b
2018-11-13 00:02:41,534 1035   ERROR [93580a] 
System.InvalidOperationException: Oh no! An error occurred!
2018-11-13 00:02:41,545 1046   INFO  [2ac4d3] Here's some useful guids:
		fcd28d2d-211e-4d77-8478-044df054b4c7
		19858eb6-dab9-4ae5-a77a-9d8774a695ba
		8e4074ad-9950-433e-bd47-31873d468816
2018-11-13 00:02:41,560 1061   INFO  [2ac4d3] Finished processing user request with id = 2ac4d3e3-e1e9-40a9-bfca-cfd040e52f38 in 00:00:00.0460154.
2018-11-13 00:02:41,566 1067   INFO  [8dc4ff] Started processing user request. Id = 8dc4ff05-ace0-47f6-855b-c9a8ba89cf06. Size = 43.42 KB.
2018-11-13 00:02:41,566 1067   INFO  [8dc4ff] Doing some complicated stuff.. Random numbers are: 1241757517, 318571875, 377873704.
2018-11-13 00:02:41,574 1075   INFO  [11aa9a] Started processing user request. Id = 11aa9a3e-2a7c-4dac-9131-1373cf3f5f2d. Size = 52.73 KB.
2018-11-13 00:02:41,592 1093   INFO  [11aa9a] Doing some complicated stuff.. Random numbers are: 867663203, 919388163, 238468725.
2018-11-13 00:02:41,602 1103   INFO  [8dc4ff] Finished processing user request with id = 8dc4ff05-ace0-47f6-855b-c9a8ba89cf06 in 00:00:00.0360241.
2018-11-13 00:02:41,629 1130   INFO  [11aa9a] Finished processing user request with id = 11aa9a3e-2a7c-4dac-9131-1373cf3f5f2d in 00:00:00.0550595.
2018-11-13 00:02:41,634 1135   INFO  [525ea1] Started processing user request. Id = 525ea1ac-62f2-464b-9b3d-66cc700535ef. Size = 6.52 KB.
2018-11-13 00:02:41,640 1141   INFO  [525ea1] Doing some complicated stuff.. Random numbers are: 72634101, 664348069, 478494213.
2018-11-13 00:02:41,643 1144   INFO  [52478b] Started processing user request. Id = 52478b29-1768-4a49-9317-10747d088027. Size = 8.92 KB.
2018-11-13 00:02:41,643 1144   INFO  [52478b] Doing some complicated stuff.. Random numbers are: 1523123631, 1352281388, 737303244.
2018-11-13 00:02:41,664 1165   INFO  [525ea1] Finished processing user request with id = 525ea1ac-62f2-464b-9b3d-66cc700535ef in 00:00:00.0293474.
2018-11-13 00:02:41,673 1174   INFO  [52478b] Here's some useful guids:
		2257372a-b3c3-4abc-8a21-86da4f982e14
		b065ad79-dce0-44c5-be35-2a5b105f7422
		86291fd0-8432-493d-8270-c30d7e0bd0a5
2018-11-13 00:02:41,678 1179   INFO  [1a4d04] Started processing user request. Id = 1a4d0431-e04b-4f6f-a99e-4dccbe2595ef. Size = 49.03 KB.
2018-11-13 00:02:41,689 1190   INFO  [BackgroundDaemon] Starting iteration #15435.
2018-11-13 00:02:41,692 1193   INFO  [1a4d04] Doing some complicated stuff.. Random numbers are: 1726866082, 587659955, 707947631.
2018-11-13 00:02:41,696 1197   INFO  [1c6ed5] Started processing user request. Id = 1c6ed5ef-b755-400a-99d0-4c02e6572c50. Size = 14.54 KB.
2018-11-13 00:02:41,696 1197   INFO  [52478b] Finished processing user request with id = 52478b29-1768-4a49-9317-10747d088027 in 00:00:00.0531091.
2018-11-13 00:02:41,703 1204   INFO  [1c6ed5] Doing some complicated stuff.. Random numbers are: 343976292, 1887861836, 1207081766.
2018-11-13 00:02:41,708 1209   INFO  [1c6ed5] Here's some useful guids:
		234e0c17-5094-4133-892a-9234fff587da
		5e43b8cf-5b4a-4b73-a632-713e0dfbbe76
		4e92d14e-68e5-4fda-bb7b-71b72dc9a19d
2018-11-13 00:02:41,710 1211   INFO  [422891] Started processing user request. Id = 4228912a-84cc-4532-9394-35e3cf6d2ac9. Size = 51.38 KB.
2018-11-13 00:02:41,711 1212   INFO  [1a4d04] Finished processing user request with id = 1a4d0431-e04b-4f6f-a99e-4dccbe2595ef in 00:00:00.0331250.
2018-11-13 00:02:41,717 1218   INFO  [1c6ed5] Finished processing user request with id = 1c6ed5ef-b755-400a-99d0-4c02e6572c50 in 00:00:00.0210493.
2018-11-13 00:02:41,729 1230   INFO  [422891] Doing some complicated stuff.. Random numbers are: 84033091, 1043419786, 1285148037.
2018-11-13 00:02:41,749 1250   INFO  [0caae7] Started processing user request. Id = 0caae795-01a1-4698-866d-73948e887fa9. Size = 42.04 KB.
2018-11-13 00:02:41,752 1253   INFO  [422891] Here's some useful guids:
		fbd60a7b-82cc-4af2-96a9-aa378fdf75b5
		9cfd1a61-cd36-4857-8ee6-e7c9e996a207
		dda4e852-09c1-4ed1-8238-bd8113772f2a
		43d279a8-4536-4995-b6bc-bb0e3acd67ed
2018-11-13 00:02:41,755 1256   INFO  [422891] Finished processing user request with id = 4228912a-84cc-4532-9394-35e3cf6d2ac9 in 00:00:00.0450048.
2018-11-13 00:02:41,757 1258   INFO  [0caae7] Doing some complicated stuff.. Random numbers are: 361740629, 437102729, 1614347010.
2018-11-13 00:02:41,769 1270   INFO  [c7c087] Started processing user request. Id = c7c087a7-c56e-4f8d-8dad-316f767f3bc7. Size = 17.87 KB.
2018-11-13 00:02:41,773 1274   INFO  [c7c087] Doing some complicated stuff.. Random numbers are: 712568204, 510638642, 1548766112.
2018-11-13 00:02:41,774 1275   INFO  [0caae7] Here's some useful guids:
		15383536-f355-47f3-ae91-d34c7f83b13c
		0ade5b88-8936-42cf-9bae-988875a73da7
		18232f37-c358-4881-b63e-93c161dff0f0
		d5632ef6-128d-4260-8a78-941d2022f221
2018-11-13 00:02:41,783 1284   INFO  [c7c087] Here's some useful guids:
		7bdf4771-159a-42f1-b167-d91c808e3bc3
		84b21d3d-817f-4dec-9920-0cbaa690f796
		af7355fa-04b6-4c7e-a3c4-7d2a386c18cd
2018-11-13 00:02:41,784 1285   INFO  [BackgroundDaemon] Processing data (6% completed)..
2018-11-13 00:02:41,792 1293   INFO  [0caae7] Finished processing user request with id = 0caae795-01a1-4698-866d-73948e887fa9 in 00:00:00.0430588.
2018-11-13 00:02:41,802 1303   INFO  [c7c087] Finished processing user request with id = c7c087a7-c56e-4f8d-8dad-316f767f3bc7 in 00:00:00.0330737.
2018-11-13 00:02:41,814 1315   INFO  [BackgroundDaemon] Processing data (31% completed)..
2018-11-13 00:02:41,814 1315   INFO  [Metrics] Cpu: 12.06%; Memory: 19.77 GB/31.88 GB; Workers: 4/1024; IOCP: 0/1024
2018-11-13 00:02:41,816 1317   INFO  [4763c8] Started processing user request. Id = 4763c820-5960-4026-9f25-fd822722c7ff. Size = 35.85 KB.
2018-11-13 00:02:41,824 1325   INFO  [4763c8] Doing some complicated stuff.. Random numbers are: 1553438552, 881690657, 1466977054.
2018-11-13 00:02:41,824 1325   INFO  [37c225] Started processing user request. Id = 37c225a9-0ec0-4f6d-9065-41e52f2a26d7. Size = 58.07 KB.
2018-11-13 00:02:41,835 1336   INFO  [4763c8] Here's some useful guids:
		2a563afc-7585-4d26-b33d-bbdfa9230dcf
2018-11-13 00:02:41,843 1344   INFO  [37c225] Doing some complicated stuff.. Random numbers are: 1545517822, 761037209, 1112344460.
2018-11-13 00:02:41,847 1348   INFO  [4763c8] Finished processing user request with id = 4763c820-5960-4026-9f25-fd822722c7ff in 00:00:00.0310735.
2018-11-13 00:02:41,861 1362   INFO  [087c8c] Started processing user request. Id = 087c8ccd-35a6-4e0c-b8a6-af054fa93f25. Size = 80.27 KB.
2018-11-13 00:02:41,878 1379   INFO  [920131] Started processing user request. Id = 920131ab-c292-4096-bbb0-dcada1c52f29. Size = 40.46 KB.
2018-11-13 00:02:41,880 1381   INFO  [087c8c] Doing some complicated stuff.. Random numbers are: 1441502547, 1642253012, 2046589822.
2018-11-13 00:02:41,881 1382   INFO  [BackgroundDaemon] Processing data (70% completed)..
2018-11-13 00:02:41,881 1382   INFO  [BackgroundDaemon] Finished iteration in 00:00:00.1922562.
2018-11-13 00:02:41,882 1383   INFO  [37c225] Finished processing user request with id = 37c225a9-0ec0-4f6d-9065-41e52f2a26d7 in 00:00:00.0581175.
2018-11-13 00:02:41,888 1389   INFO  [920131] Doing some complicated stuff.. Random numbers are: 1602554245, 417781613, 1097735602.
2018-11-13 00:02:41,903 1404   INFO  [920131] Here's some useful guids:
		d3afbe6a-31d4-468c-a00b-37937e93cf50
		91e3a71b-1530-4acd-aca1-7b1d0cfdfdbe
2018-11-13 00:02:41,908 1409   ERROR [920131] 
System.InvalidOperationException: Oh no! An error occurred!
2018-11-13 00:02:41,911 1412   INFO  [087c8c] Here's some useful guids:
		6fdd7f05-d227-4ffc-bb2e-77044f8e41d2
		cd3c8e14-8153-499f-97e4-3bae7668ffae
2018-11-13 00:02:41,914 1415   INFO  [ec887d] Started processing user request. Id = ec887d2a-d045-4aef-b9ab-e225d043e74a. Size = 16.87 KB.
2018-11-13 00:02:41,917 1418   INFO  [ec887d] Doing some complicated stuff.. Random numbers are: 39234871, 176856184, 1202822380.
2018-11-13 00:02:41,936 1437   INFO  [087c8c] Finished processing user request with id = 087c8ccd-35a6-4e0c-b8a6-af054fa93f25 in 00:00:00.0750417.
2018-11-13 00:02:41,950 1451   INFO  [c9c9d5] Started processing user request. Id = c9c9d5ba-df4c-4944-acd0-463551b86bf5. Size = 66.66 KB.
2018-11-13 00:02:41,960 1461   INFO  [ec887d] Finished processing user request with id = ec887d2a-d045-4aef-b9ab-e225d043e74a in 00:00:00.0460526.
2018-11-13 00:02:41,969 1470   INFO  [c9c9d5] Doing some complicated stuff.. Random numbers are: 1169967698, 743424431, 959442899.
2018-11-13 00:02:41,992 1493   INFO  [ed704d] Started processing user request. Id = ed704de1-6d56-4d10-a616-1844a1546216. Size = 44.06 KB.
2018-11-13 00:02:42,002 1503   INFO  [ed704d] Doing some complicated stuff.. Random numbers are: 181316487, 1612489619, 2113918368.
2018-11-13 00:02:42,022 1523   ERROR [c9c9d5] 
System.InvalidOperationException: Oh no! An error occurred!
2018-11-13 00:02:42,028 1529   INFO  [ed704d] Here's some useful guids:
		1adbdf91-eb6b-447c-a461-ad1b7bcb2b7e
		dc8a2f51-7304-44c0-8f6a-e6b81c0c1334
		c60b7213-0e37-49e5-bba1-e3849bd8ba98
		ecb73410-000f-4557-9969-575690c184b5
2018-11-13 00:02:42,036 1537   INFO  [8af469] Started processing user request. Id = 8af469d1-d504-40f0-b008-c950c02335c3. Size = 10.33 KB.
2018-11-13 00:02:42,049 1550   INFO  [8af469] Doing some complicated stuff.. Random numbers are: 1697805638, 1729846814, 1209281469.
2018-11-13 00:02:42,054 1555   INFO  [ed704d] Finished processing user request with id = ed704de1-6d56-4d10-a616-1844a1546216 in 00:00:00.0620575.
2018-11-13 00:02:42,066 1567   INFO  [8af469] Here's some useful guids:
		997154de-ceaf-4b98-86ef-8f392c9665de
2018-11-13 00:02:42,075 1576   INFO  [85f6df] Started processing user request. Id = 85f6dfe0-8e62-4f30-8ed1-a77a486456f3. Size = 86.24 KB.
2018-11-13 00:02:42,081 1582   INFO  [BackgroundDaemon] Starting iteration #15436.
2018-11-13 00:02:42,085 1586   INFO  [8af469] Finished processing user request with id = 8af469d1-d504-40f0-b008-c950c02335c3 in 00:00:00.0489857.
2018-11-13 00:02:42,086 1587   INFO  [49c1b3] Started processing user request. Id = 49c1b315-ebcf-4ab9-b018-938872d64a25. Size = 27.68 KB.
2018-11-13 00:02:42,093 1594   INFO  [85f6df] Doing some complicated stuff.. Random numbers are: 2018211915, 926462330, 1121315673.
2018-11-13 00:02:42,099 1600   INFO  [fdac36] Started processing user request. Id = fdac369b-29cb-4aa2-a966-3dcf4c065e25. Size = 33.19 KB.
2018-11-13 00:02:42,105 1606   INFO  [49c1b3] Doing some complicated stuff.. Random numbers are: 1994049979, 1011338285, 840595965.
2018-11-13 00:02:42,105 1606   INFO  [fdac36] Doing some complicated stuff.. Random numbers are: 541285601, 387076862, 1293583015.
2018-11-13 00:02:42,114 1615   INFO  [85f6df] Finished processing user request with id = 85f6dfe0-8e62-4f30-8ed1-a77a486456f3 in 00:00:00.0390234.
2018-11-13 00:02:42,117 1618   INFO  [49c1b3] Finished processing user request with id = 49c1b315-ebcf-4ab9-b018-938872d64a25 in 00:00:00.0309793.
2018-11-13 00:02:42,117 1618   INFO  [fdac36] Here's some useful guids:
		706af298-71fd-4177-97a3-46e177ca13ce
		d4f7fdd9-e652-4ce2-b539-909dc905d800
		8c8f99da-f61e-47be-8a9a-1b978371d257
2018-11-13 00:02:42,134 1635   INFO  [fdac36] Finished processing user request with id = fdac369b-29cb-4aa2-a966-3dcf4c065e25 in 00:00:00.0351438.
2018-11-13 00:02:42,148 1649   INFO  [b9681e] Started processing user request. Id = b9681ef3-5e9e-4e3d-b8e2-b7343881659a. Size = 94.1 KB.
2018-11-13 00:02:42,148 1649   INFO  [ff3135] Started processing user request. Id = ff31359b-36e9-4e14-8ee1-ac74df0e7f5f. Size = 79.08 KB.
2018-11-13 00:02:42,156 1657   INFO  [ff3135] Doing some complicated stuff.. Random numbers are: 287407630, 837484211, 844817711.
2018-11-13 00:02:42,163 1664   INFO  [b9681e] Doing some complicated stuff.. Random numbers are: 1588613582, 1605825944, 1682171326.
2018-11-13 00:02:42,164 1665   INFO  [BackgroundDaemon] Processing data (0% completed)..
2018-11-13 00:02:42,166 1667   INFO  [ff3135] Here's some useful guids:
		824183d0-ad75-4d39-a27f-0a727d9cc0ff
		af667ad6-2c8b-45d8-9d9c-8a3f9d2ae865
		eb26db6e-2634-40f2-b8a7-65012fa5312c
		b108089f-6eb9-4312-aa3e-bc1b4e7a86ff
		f917d521-df22-4fb1-8b84-70c4708ec62c
2018-11-13 00:02:42,179 1680   INFO  [ff3135] Finished processing user request with id = ff31359b-36e9-4e14-8ee1-ac74df0e7f5f in 00:00:00.0310342.
2018-11-13 00:02:42,183 1684   INFO  [b9681e] Here's some useful guids:
		8a0ed187-2651-4fb1-86d8-cb801f6b5ea2
		39fcf79c-d180-40c4-951e-319528abb83b
		a1edbeb1-4c1c-4ab1-80ed-3162d1a568d4
		2b99b1f9-bb04-44e5-908f-4f6a45ce8237
		ca61e88d-380f-4460-801c-1540592c5abd
2018-11-13 00:02:42,194 1695   ERROR [b9681e] 
System.InvalidOperationException: Oh no! An error occurred!
2018-11-13 00:02:42,208 1709   INFO  [b680ca] Started processing user request. Id = b680ca6c-8a31-4bab-a7a9-97a42c335321. Size = 74.4 KB.
2018-11-13 00:02:42,210 1711   INFO  [BackgroundDaemon] Processing data (32% completed)..
2018-11-13 00:02:42,211 1712   INFO  [637c52] Started processing user request. Id = 637c525f-2087-4bf8-b9da-f8277bf06806. Size = 59.71 KB.
2018-11-13 00:02:42,219 1720   INFO  [b680ca] Doing some complicated stuff.. Random numbers are: 1808086861, 582490850, 697823122.
2018-11-13 00:02:42,226 1727   INFO  [637c52] Doing some complicated stuff.. Random numbers are: 175688508, 1252544076, 1569802968.
2018-11-13 00:02:42,238 1739   INFO  [637c52] Here's some useful guids:
		9037659e-4018-4ce2-81d4-225e1a03657c
		13957db7-4d48-4b87-b5cd-405d8b37e6d4
2018-11-13 00:02:42,253 1754   INFO  [b680ca] Here's some useful guids:
		1bfdda23-9140-496f-b5bf-13f276a5b8d8
2018-11-13 00:02:42,257 1758   INFO  [b680ca] Finished processing user request with id = b680ca6c-8a31-4bab-a7a9-97a42c335321 in 00:00:00.0490502.
2018-11-13 00:02:42,263 1764   ERROR [637c52] 
System.InvalidOperationException: Oh no! An error occurred!
2018-11-13 00:02:42,270 1771   INFO  [7e523c] Started processing user request. Id = 7e523c1d-5392-43ae-bb5b-060008b3bda8. Size = 81.04 KB.
2018-11-13 00:02:42,281 1782   INFO  [c700e7] Started processing user request. Id = c700e7af-ef18-4750-92da-7e30c327a752. Size = 51.3 KB.
2018-11-13 00:02:42,282 1783   INFO  [7e523c] Doing some complicated stuff.. Random numbers are: 1867490484, 1238693823, 1003822385.
2018-11-13 00:02:42,294 1795   INFO  [6fc613] Started processing user request. Id = 6fc61305-b9aa-46c6-85f7-6e0c3daf3bd3. Size = 8.86 KB.
2018-11-13 00:02:42,300 1801   INFO  [c700e7] Doing some complicated stuff.. Random numbers are: 1703876826, 1456320097, 1062324683.
2018-11-13 00:02:42,300 1801   INFO  [BackgroundDaemon] Processing data (61% completed)..
2018-11-13 00:02:42,300 1801   INFO  [BackgroundDaemon] Finished iteration in 00:00:00.2191254.
2018-11-13 00:02:42,306 1807   INFO  [7e523c] Here's some useful guids:
		3eae9e34-20f3-4a5f-9be4-6a4634bdc8cf
		7b1bc407-78fa-44a9-aaef-a1d22bb908aa
		fef2d502-f4e2-4372-a639-93cdc8e28d5f
		bf9521fa-5716-4631-845d-03f5fa958276
2018-11-13 00:02:42,311 1812   INFO  [Metrics] Cpu: 12.06%; Memory: 19.77 GB/31.88 GB; Workers: 4/1024; IOCP: 0/1024
2018-11-13 00:02:42,311 1812   INFO  [c700e7] Here's some useful guids:
		deff5340-1601-4bcb-895c-460b0b7780ad
		7f4531d3-789a-4fda-8ed0-4111bfddfb0a
		52c4aed4-b8b6-4302-b31b-8377bb7d892e
2018-11-13 00:02:42,314 1815   INFO  [6fc613] Doing some complicated stuff.. Random numbers are: 1922454857, 1138709819, 1373396051.
2018-11-13 00:02:42,315 1816   ERROR [c700e7] 
System.InvalidOperationException: Oh no! An error occurred!
2018-11-13 00:02:42,329 1830   INFO  [6fc613] Here's some useful guids:
		47e1aebf-a24e-406e-a868-a2d37dcc9b72
		2fab9a14-6bd5-4bb5-9b96-4ef49551c60b
2018-11-13 00:02:42,334 1835   INFO  [7e523c] Finished processing user request with id = 7e523c1d-5392-43ae-bb5b-060008b3bda8 in 00:00:00.0642381.
2018-11-13 00:02:42,348 1849   INFO  [6fc613] Finished processing user request with id = 6fc61305-b9aa-46c6-85f7-6e0c3daf3bd3 in 00:00:00.0542407.
2018-11-13 00:02:42,348 1849   INFO  [0da28b] Started processing user request. Id = 0da28bb8-95d3-4a18-b395-b1dfafb7bcb4. Size = 16.63 KB.
2018-11-13 00:02:42,357 1858   INFO  [0da28b] Doing some complicated stuff.. Random numbers are: 318187356, 400952522, 2039404547.
2018-11-13 00:02:42,374 1875   INFO  [0da28b] Finished processing user request with id = 0da28bb8-95d3-4a18-b395-b1dfafb7bcb4 in 00:00:00.0260000.
2018-11-13 00:02:42,380 1881   INFO  [8c4a96] Started processing user request. Id = 8c4a9638-2a7f-47ac-bba8-80094479459c. Size = 94.32 KB.
2018-11-13 00:02:42,388 1890   INFO  [fdcd6f] Started processing user request. Id = fdcd6f26-6ecf-47b5-a2ae-3d6e3f6eeaba. Size = 6.38 KB.
2018-11-13 00:02:42,393 1894   INFO  [8c4a96] Doing some complicated stuff.. Random numbers are: 504871775, 111702888, 32420193.
2018-11-13 00:02:42,402 1903   INFO  [8c4a96] Here's some useful guids:
		f0252de6-8b6f-4ec8-b932-901463e207d2
2018-11-13 00:02:42,408 1909   INFO  [fdcd6f] Doing some complicated stuff.. Random numbers are: 592427354, 1765402354, 1427578323.
2018-11-13 00:02:42,423 1924   ERROR [fdcd6f] 
System.InvalidOperationException: Oh no! An error occurred!
2018-11-13 00:02:42,423 1924   INFO  [8c4a96] Finished processing user request with id = 8c4a9638-2a7f-47ac-bba8-80094479459c in 00:00:00.0428014.
2018-11-13 00:02:42,437 1938   INFO  [90cd09] Started processing user request. Id = 90cd09e0-9074-49d1-80f0-1e459d51b724. Size = 83.94 KB.
2018-11-13 00:02:42,453 1954   INFO  [90cd09] Doing some complicated stuff.. Random numbers are: 536414862, 382415961, 829941140.
2018-11-13 00:02:42,454 1955   INFO  [fae0d7] Started processing user request. Id = fae0d730-cd4b-4451-a18a-741b6e55ddfb. Size = 84.76 KB.
2018-11-13 00:02:42,462 1963   INFO  [90cd09] Here's some useful guids:
		dba75d4c-1c78-4f5b-9bf9-68da9f158d27
		835c96fe-7d6c-4add-b432-c35db55549f5
2018-11-13 00:02:42,468 1969   INFO  [fae0d7] Doing some complicated stuff.. Random numbers are: 2030626620, 698685614, 622046068.
2018-11-13 00:02:42,481 1982   INFO  [fae0d7] Here's some useful guids:
		ae59a838-a0c5-4eae-8633-82189f04db82
		7b910aa3-76a7-47f4-8cf9-fff486eb3948
2018-11-13 00:02:42,482 1983   INFO  [be5e5b] Started processing user request. Id = be5e5b43-2bb1-4173-8e17-998c51c9594b. Size = 69.67 KB.
2018-11-13 00:02:42,487 1988   INFO  [fae0d7] Finished processing user request with id = fae0d730-cd4b-4451-a18a-741b6e55ddfb in 00:00:00.0329860.
2018-11-13 00:02:42,489 1990   INFO  [90cd09] Finished processing user request with id = 90cd09e0-9074-49d1-80f0-1e459d51b724 in 00:00:00.0520129.
2018-11-13 00:02:42,496 1997   INFO  [be5e5b] Doing some complicated stuff.. Random numbers are: 1862460222, 957089509, 604908566.
2018-11-13 00:02:42,500 2001   INFO  [BackgroundDaemon] Starting iteration #15437.
2018-11-13 00:02:42,503 2004   INFO  [26fa0d] Started processing user request. Id = 26fa0d72-67d7-4b30-9cee-7ebc16c7a323. Size = 27.51 KB.
2018-11-13 00:02:42,507 2008   INFO  [26fa0d] Doing some complicated stuff.. Random numbers are: 152242802, 1388871997, 1952013534.
2018-11-13 00:02:42,509 2010   INFO  [be5e5b] Here's some useful guids:
		f8639bdf-e7ac-4869-8c92-06608c25cfa8
		2daf23b6-1b86-447d-87d8-be96e821f1d9
		1c27e32c-b0de-438a-96e1-e86eb5e45a65
		63565c85-1507-4423-ad3b-73dfc44d454b
		dc49aa07-b59a-474e-9203-780e88bd4282
2018-11-13 00:02:42,511 2012   ERROR [be5e5b] 
System.InvalidOperationException: Oh no! An error occurred!
2018-11-13 00:02:42,519 2020   INFO  [88d4f5] Started processing user request. Id = 88d4f512-84f9-4d39-ae6d-0b9b078348cd. Size = 27.98 KB.
2018-11-13 00:02:42,522 2023   INFO  [BackgroundDaemon] Processing data (3% completed)..
2018-11-13 00:02:42,529 2030   INFO  [26fa0d] Finished processing user request with id = 26fa0d72-67d7-4b30-9cee-7ebc16c7a323 in 00:00:00.0260334.
2018-11-13 00:02:42,537 2038   INFO  [88d4f5] Doing some complicated stuff.. Random numbers are: 187313460, 600507503, 1133006648.
2018-11-13 00:02:42,543 2044   INFO  [0b18e3] Started processing user request. Id = 0b18e3d5-44ba-4a2c-b124-bffefa3785f6. Size = 64.31 KB.
2018-11-13 00:02:42,550 2051   INFO  [0b18e3] Doing some complicated stuff.. Random numbers are: 2060910619, 2002059999, 2114164779.
2018-11-13 00:02:42,554 2055   INFO  [0b18e3] Here's some useful guids:
		7968b483-cd24-4a30-bca0-0fc2328c54e6
		503d8230-61f5-4e6d-8441-9214a280f759
2018-11-13 00:02:42,570 2071   INFO  [88d4f5] Here's some useful guids:
		4ffca87f-4f8c-4c8e-b1a1-8b1ca694dc99
		60d5133f-67dc-4942-833c-c71badf720bb
		7769aa54-f896-4b67-a423-4358b8b78543
		86bc96fa-84d5-43fe-a804-f804a8ea77a3
2018-11-13 00:02:42,571 2072   INFO  [0b18e3] Finished processing user request with id = 0b18e3d5-44ba-4a2c-b124-bffefa3785f6 in 00:00:00.0279947.
2018-11-13 00:02:42,585 2086   INFO  [0cf7b3] Started processing user request. Id = 0cf7b39d-f16f-4e27-bb09-9a20fe125c3c. Size = 20.1 KB.
2018-11-13 00:02:42,585 2086   INFO  [BackgroundDaemon] Processing data (23% completed)..
2018-11-13 00:02:42,593 2094   INFO  [88d4f5] Finished processing user request with id = 88d4f512-84f9-4d39-ae6d-0b9b078348cd in 00:00:00.0733277.
2018-11-13 00:02:42,595 2096   INFO  [0cf7b3] Doing some complicated stuff.. Random numbers are: 1448115018, 386784180, 958580293.
2018-11-13 00:02:42,624 2125   INFO  [661313] Started processing user request. Id = 66131390-03a7-4062-a210-fb7416f54ba3. Size = 96.15 KB.
2018-11-13 00:02:42,632 2133   INFO  [0cf7b3] Here's some useful guids:
		4bdc3ce9-167b-4b26-9efc-c78ac39d2a5f
		f2ddd4f5-32a7-4bf0-80cd-da5de0cced5c
		c667061d-c49c-488e-b8d4-29221b11d410
		5fbf527d-7dfe-49e1-a3c3-da9d5a0b43da
		ce37b21f-47d6-4810-a9a2-cbe807b161b0
2018-11-13 00:02:42,642 2143   INFO  [661313] Doing some complicated stuff.. Random numbers are: 622319421, 1682019421, 722352436.
2018-11-13 00:02:42,653 2154   INFO  [BackgroundDaemon] Processing data (94% completed)..
2018-11-13 00:02:42,653 2154   INFO  [BackgroundDaemon] Finished iteration in 00:00:00.1524764.
2018-11-13 00:02:42,662 2163   INFO  [0cf7b3] Finished processing user request with id = 0cf7b39d-f16f-4e27-bb09-9a20fe125c3c in 00:00:00.0769191.
2018-11-13 00:02:42,675 2176   INFO  [fda933] Started processing user request. Id = fda933f3-98a9-4e7b-9dc7-7fec20600d6b. Size = 92.56 KB.
2018-11-13 00:02:42,678 2180   INFO  [ce25ad] Started processing user request. Id = ce25add3-63e3-4b85-b592-6e0e0caed3d8. Size = 50.04 KB.
2018-11-13 00:02:42,681 2182   INFO  [661313] Finished processing user request with id = 66131390-03a7-4062-a210-fb7416f54ba3 in 00:00:00.0572318.
2018-11-13 00:02:42,689 2191   INFO  [fda933] Doing some complicated stuff.. Random numbers are: 1189565432, 1062865899, 1600495617.
2018-11-13 00:02:42,691 2192   INFO  [ce25ad] Doing some complicated stuff.. Random numbers are: 508759926, 54235085, 1583202028.
2018-11-13 00:02:42,709 2210   INFO  [ce25ad] Here's some useful guids:
		0c360851-ea2f-4b3e-9959-dc297500d66a
		4a1c53eb-cab4-4174-a6cc-85e53a0553b4
		109c2187-47f2-4047-83e3-4b3312682cf7
2018-11-13 00:02:42,713 2214   INFO  [9ba9a7] Started processing user request. Id = 9ba9a7d4-46c1-465a-a1e3-b1d9c844bc27. Size = 51.9 KB.
2018-11-13 00:02:42,717 2218   INFO  [ce25ad] Finished processing user request with id = ce25add3-63e3-4b85-b592-6e0e0caed3d8 in 00:00:00.0385425.
2018-11-13 00:02:42,732 2234   INFO  [9ba9a7] Doing some complicated stuff.. Random numbers are: 41423709, 1231866807, 729610879.
2018-11-13 00:02:42,736 2238   INFO  [9ba9a7] Here's some useful guids:
		7df32aec-94af-498c-a117-25906eab6013
2018-11-13 00:02:42,749 2251   INFO  [fda933] Finished processing user request with id = fda933f3-98a9-4e7b-9dc7-7fec20600d6b in 00:00:00.0745294.
2018-11-13 00:02:42,755 2256   INFO  [9ba9a7] Finished processing user request with id = 9ba9a7d4-46c1-465a-a1e3-b1d9c844bc27 in 00:00:00.0415410.
2018-11-13 00:02:42,764 2265   INFO  [9bbae1] Started processing user request. Id = 9bbae1f0-0d21-4cea-8c94-cadb6af13cc0. Size = 36.01 KB.
2018-11-13 00:02:42,775 2276   INFO  [9bbae1] Doing some complicated stuff.. Random numbers are: 1869206485, 1539985604, 850909309.
2018-11-13 00:02:42,787 2288   INFO  [1abec9] Started processing user request. Id = 1abec93e-203f-4e1d-9ca2-205f6f7b1655. Size = 30.88 KB.
2018-11-13 00:02:42,791 2292   INFO  [1abec9] Doing some complicated stuff.. Random numbers are: 2036140599, 98351856, 1031184274.
2018-11-13 00:02:42,804 2305   INFO  [1abec9] Here's some useful guids:
		79010ead-55fc-43df-aaa6-0c530bd29a1b
		b662a138-7df6-4040-8d53-7d1427910443
		1abdd248-5123-4fec-8a99-014b15509e8b
2018-11-13 00:02:42,811 2312   INFO  [Metrics] Cpu: 15.47%; Memory: 19.77 GB/31.88 GB; Workers: 4/1024; IOCP: 0/1024
2018-11-13 00:02:42,831 2332   INFO  [9bbae1] Finished processing user request with id = 9bbae1f0-0d21-4cea-8c94-cadb6af13cc0 in 00:00:00.0674325.
2018-11-13 00:02:42,833 2334   INFO  [1abec9] Finished processing user request with id = 1abec93e-203f-4e1d-9ca2-205f6f7b1655 in 00:00:00.0464233.
2018-11-13 00:02:42,845 2346   INFO  [779562] Started processing user request. Id = 77956216-e320-44a9-b97d-331e88522571. Size = 26.04 KB.
2018-11-13 00:02:42,848 2349   INFO  [779562] Doing some complicated stuff.. Random numbers are: 737383685, 1782342144, 1952431319.
2018-11-13 00:02:42,853 2354   INFO  [BackgroundDaemon] Starting iteration #15438.
2018-11-13 00:02:42,865 2366   INFO  [3d94b2] Started processing user request. Id = 3d94b2f4-0409-462a-9cab-92140838470f. Size = 20.42 KB.
2018-11-13 00:02:42,880 2381   INFO  [3d94b2] Doing some complicated stuff.. Random numbers are: 1527979828, 722940786, 1473315298.
2018-11-13 00:02:42,885 2386   INFO  [86eafb] Started processing user request. Id = 86eafbf5-f8f7-4308-b8c4-e5b7c0efa945. Size = 93.18 KB.
2018-11-13 00:02:42,894 2395   INFO  [779562] Finished processing user request with id = 77956216-e320-44a9-b97d-331e88522571 in 00:00:00.0490206.
2018-11-13 00:02:42,896 2397   INFO  [86eafb] Doing some complicated stuff.. Random numbers are: 1797284850, 1725436117, 2104519016.
2018-11-13 00:02:42,908 2409   INFO  [a4efb1] Started processing user request. Id = a4efb163-d2c4-4566-97f1-9c878ed27fb2. Size = 624 B.
2018-11-13 00:02:42,913 2414   INFO  [3d94b2] Finished processing user request with id = 3d94b2f4-0409-462a-9cab-92140838470f in 00:00:00.0480282.
2018-11-13 00:02:42,921 2422   INFO  [a4efb1] Doing some complicated stuff.. Random numbers are: 1573830743, 1564220138, 1049731497.
2018-11-13 00:02:42,929 2430   INFO  [86eafb] Finished processing user request with id = 86eafbf5-f8f7-4308-b8c4-e5b7c0efa945 in 00:00:00.0440656.
2018-11-13 00:02:42,938 2439   INFO  [BackgroundDaemon] Processing data (3% completed)..
2018-11-13 00:02:42,944 2445   INFO  [299811] Started processing user request. Id = 2998112b-e6a2-4b51-a9bc-013178bff3c3. Size = 97.06 KB.
2018-11-13 00:02:42,951 2452   INFO  [299811] Doing some complicated stuff.. Random numbers are: 1746473880, 366096610, 1618744052.
2018-11-13 00:02:42,953 2454   INFO  [a4efb1] Here's some useful guids:
		63623f25-ede8-487f-86f3-8bc65961cf17
		0d117b8e-e63f-470a-91fe-9cf2058cd1df
		ad7181f5-d55b-4bfb-8b1a-360d0717fb1a
2018-11-13 00:02:42,978 2479   INFO  [299811] Here's some useful guids:
		45870a7b-6d4c-4273-b5dd-9308acb791c0
		eaee2f7e-49d0-45c1-b330-cd9751136074
2018-11-13 00:02:42,981 2482   INFO  [a4efb1] Finished processing user request with id = a4efb163-d2c4-4566-97f1-9c878ed27fb2 in 00:00:00.0731491.
2018-11-13 00:02:42,987 2488   INFO  [299811] Finished processing user request with id = 2998112b-e6a2-4b51-a9bc-013178bff3c3 in 00:00:00.0430201.
2018-11-13 00:02:42,995 2496   INFO  [e60492] Started processing user request. Id = e60492e3-c240-4aa5-9be4-bd801151f2b6. Size = 45.61 KB.
2018-11-13 00:02:42,998 2499   INFO  [e60492] Doing some complicated stuff.. Random numbers are: 476704997, 517922855, 105136634.
2018-11-13 00:02:43,000 2501   INFO  [e60492] Here's some useful guids:
		19667d97-5425-449d-be82-1e6f109af1a2
		f46beddd-23b4-4cd1-bc41-0c29233c3ede
2018-11-13 00:02:43,011 2512   INFO  [BackgroundDaemon] Processing data (28% completed)..
2018-11-13 00:02:43,011 2512   INFO  [e60492] Finished processing user request with id = e60492e3-c240-4aa5-9be4-bd801151f2b6 in 00:00:00.0160301.
2018-11-13 00:02:43,019 2520   INFO  [be0323] Started processing user request. Id = be032314-32f4-46bd-99ab-b7e88d061efe. Size = 19.74 KB.
2018-11-13 00:02:43,022 2523   INFO  [be0323] Doing some complicated stuff.. Random numbers are: 1619093885, 1924260570, 779517707.
2018-11-13 00:02:43,025 2526   INFO  [747374] Started processing user request. Id = 74737475-f5c7-459c-b01d-843a7c639f51. Size = 27.29 KB.
2018-11-13 00:02:43,034 2535   INFO  [747374] Doing some complicated stuff.. Random numbers are: 1690355492, 39214486, 753778461.
2018-11-13 00:02:43,038 2539   INFO  [BackgroundDaemon] Processing data (89% completed)..
2018-11-13 00:02:43,038 2539   INFO  [BackgroundDaemon] Finished iteration in 00:00:00.1852027.
2018-11-13 00:02:43,039 2540   INFO  [be0323] Finished processing user request with id = be032314-32f4-46bd-99ab-b7e88d061efe in 00:00:00.0200450.
2018-11-13 00:02:43,070 2572   INFO  [3d0d48] Started processing user request. Id = 3d0d48a2-b56e-4a59-b27f-ebbdf942b643. Size = 79.46 KB.
2018-11-13 00:02:43,079 2580   INFO  [747374] Finished processing user request with id = 74737475-f5c7-459c-b01d-843a7c639f51 in 00:00:00.0533876.
2018-11-13 00:02:43,080 2581   INFO  [3d0d48] Doing some complicated stuff.. Random numbers are: 498172637, 926651315, 1194370420.
2018-11-13 00:02:43,093 2594   INFO  [a1d94c] Started processing user request. Id = a1d94cef-bd8b-4169-9510-2561f82c41a6. Size = 80.33 KB.
2018-11-13 00:02:43,097 2598   INFO  [b78875] Started processing user request. Id = b78875dd-a18a-49bb-8775-74c28f0881d9. Size = 91.96 KB.
2018-11-13 00:02:43,101 2602   INFO  [3d0d48] Here's some useful guids:
		bfe1bcab-f18c-4483-a929-aba2485717d0
		b2168f64-9361-41e1-901c-9c9b69fe1b31
		9e9e2aa7-f23f-4267-8580-044f4b44cb9d
		ce9f25c4-6009-4706-adf5-647af43cd1f9
2018-11-13 00:02:43,102 2603   INFO  [b78875] Doing some complicated stuff.. Random numbers are: 1860276492, 210911318, 908744905.
2018-11-13 00:02:43,109 2610   INFO  [3d0d48] Finished processing user request with id = 3d0d48a2-b56e-4a59-b27f-ebbdf942b643 in 00:00:00.0380783.
2018-11-13 00:02:43,111 2612   INFO  [a1d94c] Doing some complicated stuff.. Random numbers are: 1781247809, 245767290, 336087594.
2018-11-13 00:02:43,120 2621   INFO  [b78875] Here's some useful guids:
		eca2727f-3a64-4106-870d-6729891115a2
2018-11-13 00:02:43,133 2634   INFO  [b78875] Finished processing user request with id = b78875dd-a18a-49bb-8775-74c28f0881d9 in 00:00:00.0360077.
2018-11-13 00:02:43,141 2642   INFO  [bfaa8a] Started processing user request. Id = bfaa8afa-af47-4342-9561-451b84461fe5. Size = 87.11 KB.
2018-11-13 00:02:43,144 2645   INFO  [a1d94c] Here's some useful guids:
		3e8e9dbd-c143-480b-bfa2-620fbc28dafc
		c7beca1a-50b3-45cc-b9a9-b4cff69c9e40
		5e6bade0-1897-4c61-ba59-3115889c2667
		8d1b1f17-985a-4584-9bcc-94ea3574cd7c
2018-11-13 00:02:43,158 2659   INFO  [bfaa8a] Doing some complicated stuff.. Random numbers are: 198066759, 49664714, 1912969384.
2018-11-13 00:02:43,164 2665   INFO  [a1d94c] Finished processing user request with id = a1d94cef-bd8b-4169-9510-2561f82c41a6 in 00:00:00.0710544.
2018-11-13 00:02:43,178 2679   INFO  [3e1649] Started processing user request. Id = 3e164960-04e6-45cb-9539-9424b0d88653. Size = 6.62 KB.
2018-11-13 00:02:43,187 2688   INFO  [3e1649] Doing some complicated stuff.. Random numbers are: 2023841889, 1791147255, 1914703930.
2018-11-13 00:02:43,198 2699   INFO  [bfaa8a] Finished processing user request with id = bfaa8afa-af47-4342-9561-451b84461fe5 in 00:00:00.0570442.
2018-11-13 00:02:43,207 2708   INFO  [3e1649] Finished processing user request with id = 3e164960-04e6-45cb-9539-9424b0d88653 in 00:00:00.0290632.
2018-11-13 00:02:43,221 2722   INFO  [681fb5] Started processing user request. Id = 681fb595-b385-430e-a3d9-9eff90e58943. Size = 28.89 KB.
2018-11-13 00:02:43,230 2731   INFO  [a3bdd1] Started processing user request. Id = a3bdd1b8-6ba4-48a3-a5bf-237b71e04ed9. Size = 19.08 KB.
2018-11-13 00:02:43,237 2738   INFO  [681fb5] Doing some complicated stuff.. Random numbers are: 1559508242, 918419336, 710912414.
2018-11-13 00:02:43,238 2739   INFO  [a3bdd1] Doing some complicated stuff.. Random numbers are: 588834624, 163259642, 1763891205.
2018-11-13 00:02:43,239 2740   INFO  [BackgroundDaemon] Starting iteration #15439.
2018-11-13 00:02:43,270 2771   INFO  [681fb5] Here's some useful guids:
		493f9696-96d6-4bee-96cf-d9e056a9653b
		dbe35397-85da-4f8c-9373-e3f3ee8c6286
		a58dd2a3-49f4-4ee1-ac7f-370dceaeb264
2018-11-13 00:02:43,282 2783   INFO  [a3bdd1] Finished processing user request with id = a3bdd1b8-6ba4-48a3-a5bf-237b71e04ed9 in 00:00:00.0520425.
2018-11-13 00:02:43,292 2793   INFO  [BackgroundDaemon] Processing data (18% completed)..
2018-11-13 00:02:43,295 2796   INFO  [681fb5] Finished processing user request with id = 681fb595-b385-430e-a3d9-9eff90e58943 in 00:00:00.0740676.
2018-11-13 00:02:43,300 2801   INFO  [a4b8b9] Started processing user request. Id = a4b8b94c-56dd-4740-9b9b-3d33966b50e4. Size = 11.87 KB.
2018-11-13 00:02:43,304 2805   INFO  [a4b8b9] Doing some complicated stuff.. Random numbers are: 736512565, 1582505058, 660546672.
2018-11-13 00:02:43,309 2810   INFO  [4248d3] Started processing user request. Id = 4248d3a6-1b01-4cce-a699-2b7fc3fe4747. Size = 37.04 KB.
2018-11-13 00:02:43,311 2812   INFO  [Metrics] Cpu: 15.47%; Memory: 19.77 GB/31.88 GB; Workers: 4/1024; IOCP: 0/1024
2018-11-13 00:02:43,314 2815   INFO  [7c71ec] Started processing user request. Id = 7c71ec99-ce89-4f5c-b7bb-8e77ea8e86b2. Size = 82.46 KB.
2018-11-13 00:02:43,321 2822   INFO  [7c71ec] Doing some complicated stuff.. Random numbers are: 1934523752, 1866716529, 1052083726.
2018-11-13 00:02:43,328 2829   INFO  [4248d3] Doing some complicated stuff.. Random numbers are: 1959875998, 1252001056, 731678926.
2018-11-13 00:02:43,336 2837   INFO  [a4b8b9] Finished processing user request with id = a4b8b94c-56dd-4740-9b9b-3d33966b50e4 in 00:00:00.0360728.
2018-11-13 00:02:43,343 2844   INFO  [BackgroundDaemon] Processing data (46% completed)..
2018-11-13 00:02:43,350 2851   INFO  [7c71ec] Finished processing user request with id = 7c71ec99-ce89-4f5c-b7bb-8e77ea8e86b2 in 00:00:00.0360361.
2018-11-13 00:02:43,353 2854   INFO  [4248d3] Finished processing user request with id = 4248d3a6-1b01-4cce-a699-2b7fc3fe4747 in 00:00:00.0440119.
2018-11-13 00:02:43,367 2868   INFO  [e3a0d7] Started processing user request. Id = e3a0d767-2407-467f-8bfd-af5074f96143. Size = 6.43 KB.
2018-11-13 00:02:43,376 2877   INFO  [e3a0d7] Doing some complicated stuff.. Random numbers are: 1458861969, 918717864, 1169245748.
2018-11-13 00:02:43,379 2880   INFO  [BackgroundDaemon] Processing data (56% completed)..
2018-11-13 00:02:43,379 2880   INFO  [BackgroundDaemon] Finished iteration in 00:00:00.1401435.
2018-11-13 00:02:43,382 2883   INFO  [59f1cd] Started processing user request. Id = 59f1cdf1-f496-4ebe-a2f8-a7d6848a640c. Size = 86.55 KB.
2018-11-13 00:02:43,385 2886   INFO  [e3a0d7] Here's some useful guids:
		60be0319-9935-4303-90d7-15e1950861f3
		20133c33-6df7-4abd-8795-80e1bbcc8959
2018-11-13 00:02:43,388 2889   INFO  [59f1cd] Doing some complicated stuff.. Random numbers are: 1428290877, 845337188, 1881335755.
2018-11-13 00:02:43,396 2897   INFO  [e3a0d7] Finished processing user request with id = e3a0d767-2407-467f-8bfd-af5074f96143 in 00:00:00.0290407.
2018-11-13 00:02:43,409 2910   INFO  [ca3816] Started processing user request. Id = ca381677-8104-4d68-853c-f835078096a2. Size = 87.89 KB.
2018-11-13 00:02:43,421 2922   INFO  [ca3816] Doing some complicated stuff.. Random numbers are: 1521327908, 1096655065, 65501952.
2018-11-13 00:02:43,437 2938   ERROR [59f1cd] 
System.InvalidOperationException: Oh no! An error occurred!
2018-11-13 00:02:43,438 2939   INFO  [ca3816] Here's some useful guids:
		39a6ab14-2279-4b19-9f6a-1e818d879c6d
2018-11-13 00:02:43,453 2954   INFO  [ca3816] Finished processing user request with id = ca381677-8104-4d68-853c-f835078096a2 in 00:00:00.0439840.
2018-11-13 00:02:43,467 2968   INFO  [2feb34] Started processing user request. Id = 2feb3416-3085-45e7-930b-9c4900631fd9. Size = 29.3 KB.
2018-11-13 00:02:43,468 2969   INFO  [b891a9] Started processing user request. Id = b891a97f-9030-4e10-b340-fd510da1ca78. Size = 10.69 KB.
2018-11-13 00:02:43,470 2971   INFO  [b891a9] Doing some complicated stuff.. Random numbers are: 1853608148, 676824505, 935771972.
2018-11-13 00:02:43,484 2985   INFO  [2feb34] Doing some complicated stuff.. Random numbers are: 519529595, 1142967648, 1916875844.
2018-11-13 00:02:43,495 2996   INFO  [2feb34] Here's some useful guids:
		575710b9-5b47-4b7b-9901-3f5558aaaa40
2018-11-13 00:02:43,504 3005   INFO  [1865bb] Started processing user request. Id = 1865bb39-e3e2-444f-947f-62d0bd62e057. Size = 92.35 KB.
2018-11-13 00:02:43,504 3005   INFO  [1865bb] Doing some complicated stuff.. Random numbers are: 521009052, 1536504361, 567809075.
2018-11-13 00:02:43,521 3022   INFO  [2feb34] Finished processing user request with id = 2feb3416-3085-45e7-930b-9c4900631fd9 in 00:00:00.0538648.
2018-11-13 00:02:43,533 3034   INFO  [b891a9] Finished processing user request with id = b891a97f-9030-4e10-b340-fd510da1ca78 in 00:00:00.0648692.
2018-11-13 00:02:43,535 3036   INFO  [cf5f3d] Started processing user request. Id = cf5f3db4-7cf6-4350-962d-e9dd4ce944c5. Size = 71.15 KB.
2018-11-13 00:02:43,535 3036   INFO  [cf5f3d] Doing some complicated stuff.. Random numbers are: 1708468784, 1224137108, 2099894977.
2018-11-13 00:02:43,538 3039   INFO  [1865bb] Here's some useful guids:
		d998589a-8a6a-4726-bd7d-a892f6c37399
2018-11-13 00:02:43,564 3065   INFO  [1865bb] Finished processing user request with id = 1865bb39-e3e2-444f-947f-62d0bd62e057 in 00:00:00.0599986.
2018-11-13 00:02:43,565 3066   INFO  [cf5f3d] Finished processing user request with id = cf5f3db4-7cf6-4350-962d-e9dd4ce944c5 in 00:00:00.0299492.
2018-11-13 00:02:43,565 3066   INFO  [9c185a] Started processing user request. Id = 9c185a68-45e6-4262-afa4-36ce674cb827. Size = 52.55 KB.
2018-11-13 00:02:43,573 3074   INFO  [9c185a] Doing some complicated stuff.. Random numbers are: 881765079, 1361877159, 1722036262.
2018-11-13 00:02:43,579 3080   INFO  [300e3f] Started processing user request. Id = 300e3f31-efd6-44df-8f7d-81048e8476f6. Size = 22.16 KB.
2018-11-13 00:02:43,580 3081   INFO  [BackgroundDaemon] Starting iteration #15440.
2018-11-13 00:02:43,581 3082   INFO  [300e3f] Doing some complicated stuff.. Random numbers are: 932784255, 2130802659, 7177516.
2018-11-13 00:02:43,605 3107   ERROR [9c185a] 
System.InvalidOperationException: Oh no! An error occurred!
2018-11-13 00:02:43,618 3119   INFO  [300e3f] Here's some useful guids:
		d833aa65-ea15-4ffe-aada-8122a2283334
		f0ea4add-a5e3-4717-8188-5d511a1e1ea6
		604336cd-16f4-435c-b526-dabeb32aff43
		1e0271c6-a595-4c5e-ab42-8cdcbc9c4325
2018-11-13 00:02:43,631 3132   INFO  [300e3f] Finished processing user request with id = 300e3f31-efd6-44df-8f7d-81048e8476f6 in 00:00:00.0521774.
2018-11-13 00:02:43,637 3138   INFO  [830ffe] Started processing user request. Id = 830ffed1-8288-4e23-9a7e-85ef7eeaff39. Size = 76.73 KB.
2018-11-13 00:02:43,637 3138   INFO  [830ffe] Doing some complicated stuff.. Random numbers are: 705243491, 2013500532, 953559269.
2018-11-13 00:02:43,645 3146   INFO  [e1ebe3] Started processing user request. Id = e1ebe376-c202-4fff-9544-232e8757ca92. Size = 17.35 KB.
2018-11-13 00:02:43,645 3146   INFO  [e1ebe3] Doing some complicated stuff.. Random numbers are: 36017713, 852298112, 293945163.
2018-11-13 00:02:43,646 3147   INFO  [830ffe] Finished processing user request with id = 830ffed1-8288-4e23-9a7e-85ef7eeaff39 in 00:00:00.0089610.
2018-11-13 00:02:43,648 3149   INFO  [BackgroundDaemon] Processing data (9% completed)..
2018-11-13 00:02:43,676 3177   INFO  [e1ebe3] Here's some useful guids:
		04c9b5fa-e0f5-424b-a999-290f4e6a8b0d
2018-11-13 00:02:43,678 3179   INFO  [b703ff] Started processing user request. Id = b703ffb9-f822-4e0c-b180-9b5a2e6324eb. Size = 34.6 KB.
2018-11-13 00:02:43,681 3182   INFO  [e1ebe3] Finished processing user request with id = e1ebe376-c202-4fff-9544-232e8757ca92 in 00:00:00.0358411.
2018-11-13 00:02:43,695 3196   INFO  [b703ff] Doing some complicated stuff.. Random numbers are: 1075964521, 712144291, 1058506611.
2018-11-13 00:02:43,695 3196   INFO  [BackgroundDaemon] Processing data (34% completed)..
2018-11-13 00:02:43,695 3196   INFO  [cada82] Started processing user request. Id = cada8272-a42c-4104-8a34-8b7e271d3c6f. Size = 27.81 KB.
2018-11-13 00:02:43,698 3199   INFO  [cada82] Doing some complicated stuff.. Random numbers are: 240959756, 1140337128, 1576168151.
2018-11-13 00:02:43,731 3232   INFO  [0ca1cf] Started processing user request. Id = 0ca1cfc0-d545-44c4-9c6d-32d12effeff6. Size = 45.7 KB.
2018-11-13 00:02:43,733 3234   INFO  [0ca1cf] Doing some complicated stuff.. Random numbers are: 1485316389, 1172508451, 1566919079.
2018-11-13 00:02:43,733 3234   INFO  [b703ff] Finished processing user request with id = b703ffb9-f822-4e0c-b180-9b5a2e6324eb in 00:00:00.0550410.
2018-11-13 00:02:43,735 3236   INFO  [BackgroundDaemon] Processing data (69% completed)..
2018-11-13 00:02:43,735 3236   INFO  [BackgroundDaemon] Finished iteration in 00:00:00.1551007.
2018-11-13 00:02:43,756 3257   INFO  [cada82] Finished processing user request with id = cada8272-a42c-4104-8a34-8b7e271d3c6f in 00:00:00.0609356.
2018-11-13 00:02:43,759 3260   INFO  [0ca1cf] Finished processing user request with id = 0ca1cfc0-d545-44c4-9c6d-32d12effeff6 in 00:00:00.0279310.
2018-11-13 00:02:43,765 3266   INFO  [0b1387] Started processing user request. Id = 0b138751-3d13-49fd-ad52-f28c2c0c366e. Size = 58 KB.
2018-11-13 00:02:43,770 3271   INFO  [c5c3ab] Started processing user request. Id = c5c3ab45-981d-45db-9c01-feea8dbe8881. Size = 52.29 KB.
2018-11-13 00:02:43,776 3277   INFO  [0b1387] Doing some complicated stuff.. Random numbers are: 1960173796, 2075303964, 150605859.
2018-11-13 00:02:43,782 3283   INFO  [c5c3ab] Doing some complicated stuff.. Random numbers are: 1698917537, 2042358353, 1955433192.
2018-11-13 00:02:43,792 3293   INFO  [c5c3ab] Here's some useful guids:
		45bce711-2f40-404c-aa77-a2f22b1beeb5
		dfef8b7f-834f-404f-80df-cd50b9229fb5
		2d0af57b-0bee-4752-a916-31cff9c7c048
		062062c4-c346-429b-9f11-7376b8222fcb
		82ffca3e-6592-4ea3-8343-ec05d2a8d60b
2018-11-13 00:02:43,805 3306   INFO  [0b1387] Finished processing user request with id = 0b138751-3d13-49fd-ad52-f28c2c0c366e in 00:00:00.0400146.
2018-11-13 00:02:43,810 3311   INFO  [Metrics] Cpu: 11.03%; Memory: 19.78 GB/31.88 GB; Workers: 4/1024; IOCP: 0/1024
2018-11-13 00:02:43,818 3319   INFO  [c5c3ab] Finished processing user request with id = c5c3ab45-981d-45db-9c01-feea8dbe8881 in 00:00:00.0480350.
2018-11-13 00:02:43,832 3333   INFO  [6a881a] Started processing user request. Id = 6a881acd-b3b2-4a08-92b4-1a4b9a66ccbb. Size = 57.94 KB.
2018-11-13 00:02:43,837 3338   INFO  [9a6aa2] Started processing user request. Id = 9a6aa2bd-71cf-4611-857a-859ff37f9ca0. Size = 34 KB.
2018-11-13 00:02:43,842 3343   INFO  [9a6aa2] Doing some complicated stuff.. Random numbers are: 977550845, 1220563689, 1047037105.
2018-11-13 00:02:43,848 3349   INFO  [6a881a] Doing some complicated stuff.. Random numbers are: 1271605530, 1430565146, 585528209.
2018-11-13 00:02:43,878 3379   INFO  [9a6aa2] Here's some useful guids:
		5fed5347-1407-4be4-9bcd-1d167818d178
		c250700e-9226-47c0-866b-8e25b7130450
		95569d8a-5e88-4c0d-8c01-716b2bf10743
		bb5f7bea-da1a-487f-ab06-ddce9ffd6844
		3631b93d-53f3-4700-bdd7-7d493eb6dbf6
2018-11-13 00:02:43,890 3391   INFO  [9a6aa2] Finished processing user request with id = 9a6aa2bd-71cf-4611-857a-859ff37f9ca0 in 00:00:00.0530704.
2018-11-13 00:02:43,896 3397   INFO  [6a881a] Finished processing user request with id = 6a881acd-b3b2-4a08-92b4-1a4b9a66ccbb in 00:00:00.0640601.
2018-11-13 00:02:43,910 3411   INFO  [d87d53] Started processing user request. Id = d87d53ff-92b9-4a7d-8495-26bd64fa8c33. Size = 64.65 KB.
2018-11-13 00:02:43,922 3423   INFO  [0fdca9] Started processing user request. Id = 0fdca95a-ef84-4168-81ff-a79822e72c74. Size = 16.82 KB.
2018-11-13 00:02:43,926 3427   INFO  [d87d53] Doing some complicated stuff.. Random numbers are: 1591198689, 598613192, 1004974408.
2018-11-13 00:02:43,926 3427   INFO  [afd8aa] Started processing user request. Id = afd8aaeb-8955-4ba2-9203-0f388fcb30fb. Size = 79.86 KB.
2018-11-13 00:02:43,935 3436   INFO  [0fdca9] Doing some complicated stuff.. Random numbers are: 1488689432, 1055032628, 838292938.
2018-11-13 00:02:43,935 3436   INFO  [BackgroundDaemon] Starting iteration #15441.
2018-11-13 00:02:43,938 3439   INFO  [afd8aa] Doing some complicated stuff.. Random numbers are: 1021782412, 987554809, 1291833598.
2018-11-13 00:02:43,956 3457   INFO  [BackgroundDaemon] Processing data (11% completed)..
2018-11-13 00:02:43,963 3464   INFO  [0fdca9] Here's some useful guids:
		9358b1ab-2039-424a-8efe-28e493fa6487
2018-11-13 00:02:43,964 3465   ERROR [d87d53] 
System.InvalidOperationException: Oh no! An error occurred!
2018-11-13 00:02:43,975 3476   INFO  [afd8aa] Here's some useful guids:
		0316e5f8-9f13-4f1f-81a5-9a74585a1ed6
2018-11-13 00:02:43,977 3478   INFO  [BackgroundDaemon] Processing data (32% completed)..
2018-11-13 00:02:43,978 3479   INFO  [a05a37] Started processing user request. Id = a05a37b6-6949-43a6-a3cc-af8788e184f0. Size = 88.66 KB.
2018-11-13 00:02:43,984 3485   INFO  [a05a37] Doing some complicated stuff.. Random numbers are: 309104441, 149266176, 720220165.
2018-11-13 00:02:43,992 3493   INFO  [0fdca9] Finished processing user request with id = 0fdca95a-ef84-4168-81ff-a79822e72c74 in 00:00:00.0699222.
2018-11-13 00:02:43,994 3495   INFO  [afd8aa] Finished processing user request with id = afd8aaeb-8955-4ba2-9203-0f388fcb30fb in 00:00:00.0678853.
2018-11-13 00:02:44,014 3515   INFO  [a05a37] Finished processing user request with id = a05a37b6-6949-43a6-a3cc-af8788e184f0 in 00:00:00.0360646.
2018-11-13 00:02:44,023 3524   INFO  [bf9dbd] Started processing user request. Id = bf9dbd75-8359-414c-9442-500650690ea2. Size = 85.63 KB.
2018-11-13 00:02:44,027 3528   INFO  [BackgroundDaemon] Processing data (51% completed)..
2018-11-13 00:02:44,027 3528   INFO  [BackgroundDaemon] Finished iteration in 00:00:00.0920408.
2018-11-13 00:02:44,028 3529   INFO  [b4cd9b] Started processing user request. Id = b4cd9b93-0dda-42a8-970b-23f19fc80d84. Size = 7.02 KB.
2018-11-13 00:02:44,031 3532   INFO  [b4cd9b] Doing some complicated stuff.. Random numbers are: 324512520, 1508627465, 1953640824.
2018-11-13 00:02:44,043 3544   INFO  [bf9dbd] Doing some complicated stuff.. Random numbers are: 1644962014, 336181812, 1676601624.
2018-11-13 00:02:44,056 3557   INFO  [bf9dbd] Here's some useful guids:
		6f29fc1d-c08e-4b40-bdba-beeee98cc21b
2018-11-13 00:02:44,065 3566   INFO  [b4cd9b] Finished processing user request with id = b4cd9b93-0dda-42a8-970b-23f19fc80d84 in 00:00:00.0370493.
2018-11-13 00:02:44,079 3580   INFO  [7ba244] Started processing user request. Id = 7ba2441a-6e53-4a95-948a-c8daaf612326. Size = 67.84 KB.
2018-11-13 00:02:44,081 3582   ERROR [bf9dbd] 
System.InvalidOperationException: Oh no! An error occurred!
2018-11-13 00:02:44,088 3589   INFO  [7ba244] Doing some complicated stuff.. Random numbers are: 1802915194, 1841118096, 332427799.
2018-11-13 00:02:44,095 3596   INFO  [7ba244] Here's some useful guids:
		2e04d590-ad1f-42c7-9091-a6ea1fe16462
2018-11-13 00:02:44,106 3607   INFO  [7ba244] Finished processing user request with id = 7ba2441a-6e53-4a95-948a-c8daaf612326 in 00:00:00.0269656.
2018-11-13 00:02:44,113 3614   INFO  [672666] Started processing user request. Id = 672666a4-4955-4eda-95e3-49675c63e247. Size = 66.31 KB.
2018-11-13 00:02:44,118 3619   INFO  [672666] Doing some complicated stuff.. Random numbers are: 859754347, 1749132231, 1025396415.
2018-11-13 00:02:44,120 3621   INFO  [9ff675] Started processing user request. Id = 9ff6752f-2dcf-473f-b1be-ce421c2efa18. Size = 29.78 KB.
2018-11-13 00:02:44,127 3628   INFO  [9ff675] Doing some complicated stuff.. Random numbers are: 255818764, 26213500, 282563968.
2018-11-13 00:02:44,161 3663   INFO  [557360] Started processing user request. Id = 55736054-accc-4111-9a76-031b334a764d. Size = 51.95 KB.
2018-11-13 00:02:44,163 3665   INFO  [9ff675] Finished processing user request with id = 9ff6752f-2dcf-473f-b1be-ce421c2efa18 in 00:00:00.0438706.
2018-11-13 00:02:44,173 3674   INFO  [557360] Doing some complicated stuff.. Random numbers are: 35936209, 1064427944, 1826709746.
2018-11-13 00:02:44,174 3675   INFO  [672666] Finished processing user request with id = 672666a4-4955-4eda-95e3-49675c63e247 in 00:00:00.0608678.
2018-11-13 00:02:44,178 3679   INFO  [356f1c] Started processing user request. Id = 356f1c26-4ccc-40ce-b711-e9f347c886c0. Size = 51.12 KB.
2018-11-13 00:02:44,187 3688   INFO  [356f1c] Doing some complicated stuff.. Random numbers are: 132198914, 1663932600, 2088830999.
2018-11-13 00:02:44,206 3707   INFO  [709bdb] Started processing user request. Id = 709bdb59-b19c-48e3-80e4-df3be278a8e5. Size = 56.67 KB.
2018-11-13 00:02:44,208 3709   INFO  [557360] Here's some useful guids:
		b01e7b78-e1d3-4331-8b84-3f595629405f
		30c0282d-a825-4ea1-9b99-52c7d1f567d0
		7b6d7d76-553a-4f50-a288-50627736c3b9
		b95e0cac-a561-4661-8d4e-a5865d6c36cc
2018-11-13 00:02:44,213 3714   INFO  [709bdb] Doing some complicated stuff.. Random numbers are: 1485196398, 104768368, 574299625.
2018-11-13 00:02:44,217 3718   INFO  [356f1c] Finished processing user request with id = 356f1c26-4ccc-40ce-b711-e9f347c886c0 in 00:00:00.0390827.
2018-11-13 00:02:44,223 3724   INFO  [557360] Finished processing user request with id = 55736054-accc-4111-9a76-031b334a764d in 00:00:00.0610655.
2018-11-13 00:02:44,228 3729   INFO  [BackgroundDaemon] Starting iteration #15442.
2018-11-13 00:02:44,231 3732   INFO  [8897fc] Started processing user request. Id = 8897fc5c-c9d2-4e0c-ab30-1cd755d7bf78. Size = 93.84 KB.
2018-11-13 00:02:44,249 3750   INFO  [8897fc] Doing some complicated stuff.. Random numbers are: 731104504, 746786053, 1956908633.
2018-11-13 00:02:44,252 3753   INFO  [8897fc] Here's some useful guids:
		f7cf7321-8d98-48ab-8daf-c2ca6014d5a6
		f2abe4c2-d975-434f-b1d5-2c49ffac5070
		ee372d94-a2ff-4c46-8474-dabe5ae756b3
		f0fea98f-de5c-4d7c-b80a-81bde8477743
2018-11-13 00:02:44,256 3757   INFO  [8897fc] Finished processing user request with id = 8897fc5c-c9d2-4e0c-ab30-1cd755d7bf78 in 00:00:00.0249956.
2018-11-13 00:02:44,259 3760   INFO  [709bdb] Finished processing user request with id = 709bdb59-b19c-48e3-80e4-df3be278a8e5 in 00:00:00.0530745.
2018-11-13 00:02:44,270 3771   INFO  [811264] Started processing user request. Id = 8112646f-dad4-4e1d-b2d5-e59f74a48abc. Size = 10.16 KB.
2018-11-13 00:02:44,290 3791   INFO  [811264] Doing some complicated stuff.. Random numbers are: 1768357421, 434296485, 404284270.
2018-11-13 00:02:44,290 3791   INFO  [b784bf] Started processing user request. Id = b784bf89-ad52-4689-b065-f6ddcb9f72d8. Size = 51.27 KB.
2018-11-13 00:02:44,296 3797   ERROR [811264] 
System.InvalidOperationException: Oh no! An error occurred!
2018-11-13 00:02:44,296 3797   INFO  [b784bf] Doing some complicated stuff.. Random numbers are: 1339143352, 1323569013, 1603442494.
2018-11-13 00:02:44,310 3811   INFO  [Metrics] Cpu: 11.03%; Memory: 19.76 GB/31.88 GB; Workers: 4/1024; IOCP: 0/1024
2018-11-13 00:02:44,310 3811   INFO  [8b0e28] Started processing user request. Id = 8b0e28b1-a15b-40ad-9fec-e2f4b2c9c041. Size = 9.22 KB.
2018-11-13 00:02:44,310 3811   INFO  [8b0e28] Doing some complicated stuff.. Random numbers are: 472400414, 2037660121, 1766126590.
2018-11-13 00:02:44,319 3820   INFO  [BackgroundDaemon] Processing data (12% completed)..
2018-11-13 00:02:44,330 3831   INFO  [b784bf] Here's some useful guids:
		dd7b6e8e-abb4-4f95-9ae6-9b0b890aa009
		2669901e-1993-416c-b813-31feb17d5419
2018-11-13 00:02:44,344 3845   INFO  [8b0e28] Here's some useful guids:
		179b6204-e855-4fb6-ad40-b794d85d5ce7
		14a94597-110c-4650-8626-ddb8fa1da5a0
2018-11-13 00:02:44,345 3846   INFO  [b784bf] Finished processing user request with id = b784bf89-ad52-4689-b065-f6ddcb9f72d8 in 00:00:00.0550864.
2018-11-13 00:02:44,363 3864   INFO  [8b0e28] Finished processing user request with id = 8b0e28b1-a15b-40ad-9fec-e2f4b2c9c041 in 00:00:00.0530589.
2018-11-13 00:02:44,377 3878   INFO  [d019e0] Started processing user request. Id = d019e070-7115-4afc-a8f9-b73fd9218fda. Size = 85.08 KB.
2018-11-13 00:02:44,377 3878   INFO  [da806c] Started processing user request. Id = da806ccb-b986-40d4-89b1-281a9318677b. Size = 77.3 KB.
2018-11-13 00:02:44,381 3882   INFO  [da806c] Doing some complicated stuff.. Random numbers are: 1065449297, 54986090, 2117171359.
2018-11-13 00:02:44,387 3888   INFO  [BackgroundDaemon] Processing data (37% completed)..
2018-11-13 00:02:44,389 3890   INFO  [d019e0] Doing some complicated stuff.. Random numbers are: 1389718999, 1179308957, 1655424398.
2018-11-13 00:02:44,390 3891   INFO  [c82580] Started processing user request. Id = c82580e2-a1f7-460e-b2e7-da8a67b4cede. Size = 24.93 KB.
2018-11-13 00:02:44,397 3898   INFO  [d019e0] Here's some useful guids:
		39651ecd-84c1-49a7-8694-295f9d016277
		004ac639-8b3e-436e-ba3e-1a1642e5abf3
		6ec0ba59-397e-4a2c-a8ff-0b5f7684e5eb
2018-11-13 00:02:44,399 3900   INFO  [c82580] Doing some complicated stuff.. Random numbers are: 572408679, 868535924, 2034906523.
2018-11-13 00:02:44,426 3927   INFO  [d019e0] Finished processing user request with id = d019e070-7115-4afc-a8f9-b73fd9218fda in 00:00:00.0490358.
2018-11-13 00:02:44,428 3929   INFO  [da806c] Finished processing user request with id = da806ccb-b986-40d4-89b1-281a9318677b in 00:00:00.0510543.
2018-11-13 00:02:44,440 3941   INFO  [bfde8a] Started processing user request. Id = bfde8a84-f4d8-454f-ab26-8a173e7db893. Size = 5.59 KB.
2018-11-13 00:02:44,449 3950   INFO  [c82580] Finished processing user request with id = c82580e2-a1f7-460e-b2e7-da8a67b4cede in 00:00:00.0590564.
2018-11-13 00:02:44,450 3951   INFO  [BackgroundDaemon] Processing data (84% completed)..
2018-11-13 00:02:44,450 3951   INFO  [BackgroundDaemon] Finished iteration in 00:00:00.2222286.
2018-11-13 00:02:44,457 3958   INFO  [bfde8a] Doing some complicated stuff.. Random numbers are: 993880811, 795084304, 1964651672.
2018-11-13 00:02:44,460 3961   INFO  [1e45f3] Started processing user request. Id = 1e45f329-bd65-4689-8535-dfc58da24743. Size = 86.24 KB.
2018-11-13 00:02:44,460 3961   INFO  [1e45f3] Doing some complicated stuff.. Random numbers are: 1272687093, 1935099414, 1422345327.
2018-11-13 00:02:44,476 3977   INFO  [bfde8a] Here's some useful guids:
		8157bab1-f80a-469d-af3e-6f24a6a70fa3
		101ec60a-b704-46e8-bff6-a4d521e03230
		6f9cacce-6f51-4baa-b6f8-e71d01be8470
		f00e969a-bc9e-4715-b3ea-e1194bdd1f3e
2018-11-13 00:02:44,483 3984   INFO  [bfde8a] Finished processing user request with id = bfde8a84-f4d8-454f-ab26-8a173e7db893 in 00:00:00.0428577.
2018-11-13 00:02:44,489 3990   INFO  [1e45f3] Here's some useful guids:
		66a45aaf-974a-4003-a824-ea6ecf89652c
		5a93878f-2af8-45a7-8bbe-ce5815ad47aa
		6460cdb8-f13a-4d65-b675-207fc97aa881
		515bf886-2ebe-46b7-ad2e-4d731cf8cbbf
		227ed64d-a292-445c-a027-9870bbd282c6
2018-11-13 00:02:44,495 3996   ERROR [1e45f3] 
System.InvalidOperationException: Oh no! An error occurred!
2018-11-13 00:02:44,497 3998   INFO  [520ff7] Started processing user request. Id = 520ff770-b969-48bc-975f-7d15c107e215. Size = 66.28 KB.
2018-11-13 00:02:44,517 4018   INFO  [520ff7] Doing some complicated stuff.. Random numbers are: 484116714, 1192463306, 1090976954.
2018-11-13 00:02:44,527 4028   INFO  [a4ae87] Started processing user request. Id = a4ae87d2-e22f-4e13-858f-1b01146c998a. Size = 48.93 KB.
2018-11-13 00:02:44,541 4042   INFO  [a4ae87] Doing some complicated stuff.. Random numbers are: 243386125, 896508602, 845576825.
2018-11-13 00:02:44,565 4066   INFO  [520ff7] Finished processing user request with id = 520ff770-b969-48bc-975f-7d15c107e215 in 00:00:00.0679592.
2018-11-13 00:02:44,571 4072   INFO  [a4ae87] Finished processing user request with id = a4ae87d2-e22f-4e13-858f-1b01146c998a in 00:00:00.0439427.
2018-11-13 00:02:44,579 4080   INFO  [bb326a] Started processing user request. Id = bb326ae1-dd1f-4e0f-a718-7caf8c77e6bd. Size = 50.19 KB.
2018-11-13 00:02:44,597 4098   INFO  [bb326a] Doing some complicated stuff.. Random numbers are: 1551260518, 1240093121, 2143560937.
2018-11-13 00:02:44,603 4104   INFO  [fd4d66] Started processing user request. Id = fd4d6667-d6ba-4eae-9530-ab75667d4405. Size = 48.17 KB.
2018-11-13 00:02:44,607 4108   INFO  [bb326a] Here's some useful guids:
		b56820fd-2bea-4a45-9e67-fae7f4a5de02
		72565526-0eea-465e-8f9b-1c9cf99dd50c
		03f91bfc-cad0-49c6-9452-70102a03aad2
2018-11-13 00:02:44,615 4116   INFO  [fd4d66] Doing some complicated stuff.. Random numbers are: 712136024, 248611912, 678694670.
2018-11-13 00:02:44,616 4117   INFO  [0b6c49] Started processing user request. Id = 0b6c49f3-2726-4971-9134-187e25b64d3c. Size = 60.19 KB.
2018-11-13 00:02:44,620 4121   INFO  [bb326a] Finished processing user request with id = bb326ae1-dd1f-4e0f-a718-7caf8c77e6bd in 00:00:00.0410967.
2018-11-13 00:02:44,629 4130   INFO  [0b6c49] Doing some complicated stuff.. Random numbers are: 1272372874, 1332037104, 1078189552.
2018-11-13 00:02:44,634 4135   INFO  [d22fa1] Started processing user request. Id = d22fa1c2-727e-499e-b4fe-568609fcadf3. Size = 2.48 KB.
2018-11-13 00:02:44,639 4140   INFO  [fd4d66] Finished processing user request with id = fd4d6667-d6ba-4eae-9530-ab75667d4405 in 00:00:00.0360728.
2018-11-13 00:02:44,649 4150   INFO  [d22fa1] Doing some complicated stuff.. Random numbers are: 1391646958, 87806916, 1397286922.
2018-11-13 00:02:44,651 4152   INFO  [BackgroundDaemon] Starting iteration #15443.
2018-11-13 00:02:44,665 4166   INFO  [0b6c49] Here's some useful guids:
		fb7dd2c9-aed6-4441-8b93-1e27505bce54
		fb3dca44-2e06-4540-ac64-81128cf9e93e
		132ff119-d7ef-488b-9a7b-587cb791b1ed
2018-11-13 00:02:44,671 4172   INFO  [c3a97c] Started processing user request. Id = c3a97cc5-cb89-405f-8f05-7c84a9ab3853. Size = 27.31 KB.
2018-11-13 00:02:44,681 4182   INFO  [BackgroundDaemon] Processing data (9% completed)..
2018-11-13 00:02:44,682 4183   INFO  [0b6c49] Finished processing user request with id = 0b6c49f3-2726-4971-9134-187e25b64d3c in 00:00:00.0659000.
2018-11-13 00:02:44,685 4186   INFO  [d22fa1] Here's some useful guids:
		d67d9414-6b69-42dd-b253-4848fe99f3a0
		b3815c4c-8dcb-4ef1-bf21-72751a30e9a5
		d2bf8e6a-11a6-4a7f-adda-a16c61bd1154
2018-11-13 00:02:44,686 4187   INFO  [c3a97c] Doing some complicated stuff.. Random numbers are: 1331062678, 735130906, 1159956295.
2018-11-13 00:02:44,703 4204   INFO  [c3a97c] Here's some useful guids:
		5ee29fd8-9ac4-4f97-b65b-c48c5bf94118
2018-11-13 00:02:44,711 4212   INFO  [d22fa1] Finished processing user request with id = d22fa1c2-727e-499e-b4fe-568609fcadf3 in 00:00:00.0767426.
2018-11-13 00:02:44,725 4226   INFO  [ce1522] Started processing user request. Id = ce152245-1d1f-4366-95e7-c1c62e3a1e8f. Size = 34.13 KB.
2018-11-13 00:02:44,730 4231   INFO  [c3a97c] Finished processing user request with id = c3a97cc5-cb89-405f-8f05-7c84a9ab3853 in 00:00:00.0592365.
2018-11-13 00:02:44,739 4240   INFO  [ce1522] Doing some complicated stuff.. Random numbers are: 726782103, 240470054, 1624291008.
2018-11-13 00:02:44,762 4263   INFO  [a75d18] Started processing user request. Id = a75d18d5-d350-4e09-9264-fb3eff3d2dcc. Size = 94.34 KB.
2018-11-13 00:02:44,776 4277   INFO  [BackgroundDaemon] Processing data (44% completed)..
2018-11-13 00:02:44,779 4280   INFO  [a75d18] Doing some complicated stuff.. Random numbers are: 795923031, 2018659965, 648435033.
2018-11-13 00:02:44,789 4290   INFO  [ce1522] Finished processing user request with id = ce152245-1d1f-4366-95e7-c1c62e3a1e8f in 00:00:00.0642376.
2018-11-13 00:02:44,803 4304   INFO  [b3149a] Started processing user request. Id = b3149a5e-476d-42b0-a4d2-2a9aca02d068. Size = 4.04 KB.
2018-11-13 00:02:44,809 4310   INFO  [Metrics] Cpu: 12.03%; Memory: 19.76 GB/31.88 GB; Workers: 4/1024; IOCP: 0/1024
2018-11-13 00:02:44,810 4311   INFO  [b3149a] Doing some complicated stuff.. Random numbers are: 946531782, 1113476266, 2004446275.
2018-11-13 00:02:44,815 4316   INFO  [a75d18] Finished processing user request with id = a75d18d5-d350-4e09-9264-fb3eff3d2dcc in 00:00:00.0531120.
2018-11-13 00:02:44,838 4339   INFO  [b3149a] Finished processing user request with id = b3149a5e-476d-42b0-a4d2-2a9aca02d068 in 00:00:00.0350520.
2018-11-13 00:02:44,847 4348   INFO  [3c3d67] Started processing user request. Id = 3c3d6788-a010-4607-a936-809049e4488c. Size = 74.09 KB.
2018-11-13 00:02:44,850 4351   INFO  [3c3d67] Doing some complicated stuff.. Random numbers are: 1172359901, 959243173, 224136274.
2018-11-13 00:02:44,850 4351   INFO  [79ebe0] Started processing user request. Id = 79ebe0b2-645c-404f-8056-b38087f8425a. Size = 79.87 KB.
2018-11-13 00:02:44,852 4353   INFO  [2979bd] Started processing user request. Id = 2979bdd5-2661-45c9-b9e9-a042f4103b67. Size = 45.6 KB.
2018-11-13 00:02:44,853 4354   INFO  [79ebe0] Doing some complicated stuff.. Random numbers are: 1553546462, 889352879, 842337904.
2018-11-13 00:02:44,855 4356   INFO  [2979bd] Doing some complicated stuff.. Random numbers are: 941035311, 39273176, 1413661577.
2018-11-13 00:02:44,875 4376   INFO  [BackgroundDaemon] Processing data (98% completed)..
2018-11-13 00:02:44,875 4376   INFO  [BackgroundDaemon] Finished iteration in 00:00:00.2240191.
2018-11-13 00:02:44,880 4381   INFO  [79ebe0] Finished processing user request with id = 79ebe0b2-645c-404f-8056-b38087f8425a in 00:00:00.0301269.
2018-11-13 00:02:44,880 4381   INFO  [2979bd] Here's some useful guids:
		d40d88bc-1979-43e1-924c-432e7e92e74b
2018-11-13 00:02:44,880 4381   ERROR [2979bd] 
System.InvalidOperationException: Oh no! An error occurred!
2018-11-13 00:02:44,884 4385   INFO  [3c3d67] Here's some useful guids:
		2a705321-4846-4f73-a21f-f8454cf9ac7d
		57511ca0-922f-4705-b6bf-33f9cd7402e9
		a9c65256-b163-42e5-86e7-88f042e23dca
		0977a387-ae10-4a20-b7db-4766aaf58ff6
2018-11-13 00:02:44,893 4394   INFO  [57be34] Started processing user request. Id = 57be348a-4d9d-4e96-8ecb-60955fa90fac. Size = 56.41 KB.
2018-11-13 00:02:44,900 4401   INFO  [3c3d67] Finished processing user request with id = 3c3d6788-a010-4607-a936-809049e4488c in 00:00:00.0532278.
2018-11-13 00:02:44,907 4408   INFO  [57be34] Doing some complicated stuff.. Random numbers are: 470520660, 1930435358, 1903663279.
2018-11-13 00:02:44,932 4433   INFO  [766bf6] Started processing user request. Id = 766bf62e-8c7b-488b-afe6-05c785f60d0c. Size = 27.15 KB.
2018-11-13 00:02:44,941 4442   INFO  [766bf6] Doing some complicated stuff.. Random numbers are: 1429706565, 1250935177, 632941323.
2018-11-13 00:02:44,944 4445   INFO  [57be34] Here's some useful guids:
		962ba360-0fe4-45c0-9754-c6a52f033ad9
		a65e1ac8-594e-4692-a585-8b691f5ded1f
		718643d1-4c40-4719-8ee3-29f81ef7a310
		b235f8fd-dfd2-4405-b7e2-47f82b6f48ad
2018-11-13 00:02:44,961 4462   INFO  [57be34] Finished processing user request with id = 57be348a-4d9d-4e96-8ecb-60955fa90fac in 00:00:00.0677275.
2018-11-13 00:02:44,966 4467   INFO  [766bf6] Here's some useful guids:
		546f575a-6c89-4a3e-936e-01a0df651ac2
		cc9893f5-2065-4809-881a-96635c8ab9da
2018-11-13 00:02:44,971 4472   INFO  [766bf6] Finished processing user request with id = 766bf62e-8c7b-488b-afe6-05c785f60d0c in 00:00:00.0386847.
2018-11-13 00:02:44,975 4476   INFO  [8c1352] Started processing user request. Id = 8c135207-994a-43d1-a55b-0b6fe7c6eeeb. Size = 80.58 KB.
2018-11-13 00:02:44,975 4476   INFO  [8c1352] Doing some complicated stuff.. Random numbers are: 761720849, 285053111, 782715664.
2018-11-13 00:02:45,003 4504   INFO  [fb1bde] Started processing user request. Id = fb1bde2b-d504-4e5a-bf3a-929b92ff7e6a. Size = 68.13 KB.
2018-11-13 00:02:45,010 4511   INFO  [8c1352] Finished processing user request with id = 8c135207-994a-43d1-a55b-0b6fe7c6eeeb in 00:00:00.0350303.
2018-11-13 00:02:45,011 4512   INFO  [fb1bde] Doing some complicated stuff.. Random numbers are: 802818429, 1180916071, 352365991.
2018-11-13 00:02:45,024 4525   INFO  [67874f] Started processing user request. Id = 67874f68-4da3-4476-9221-2229db3e1790. Size = 70.14 KB.
2018-11-13 00:02:45,026 4527   INFO  [fb1bde] Here's some useful guids:
		507712f2-5df1-4ae7-8136-d0b03f4e5dcd
2018-11-13 00:02:45,036 4537   INFO  [67874f] Doing some complicated stuff.. Random numbers are: 245206713, 1204196731, 131667394.
2018-11-13 00:02:45,045 4546   INFO  [fb1bde] Finished processing user request with id = fb1bde2b-d504-4e5a-bf3a-929b92ff7e6a in 00:00:00.0420093.
2018-11-13 00:02:45,048 4549   INFO  [7384b4] Started processing user request. Id = 7384b446-ac3f-44c1-bb6e-fdd6ca18f205. Size = 82.54 KB.
2018-11-13 00:02:45,058 4559   INFO  [67874f] Finished processing user request with id = 67874f68-4da3-4476-9221-2229db3e1790 in 00:00:00.0340060.
2018-11-13 00:02:45,062 4563   INFO  [7384b4] Doing some complicated stuff.. Random numbers are: 1077012410, 932008330, 418044053.
2018-11-13 00:02:45,064 4565   INFO  [7384b4] Here's some useful guids:
		7a42225d-2ced-4dc8-902b-98e0c438c618
		6c5a11f5-e739-4c01-ade2-5fd27b59ae8b
		74951696-fc7b-4f6a-99ea-6048e42e8764
2018-11-13 00:02:45,072 4573   INFO  [08892e] Started processing user request. Id = 08892ecc-3c9c-4044-8f88-9dee0120b60c. Size = 7.48 KB.
2018-11-13 00:02:45,074 4575   INFO  [7384b4] Finished processing user request with id = 7384b446-ac3f-44c1-bb6e-fdd6ca18f205 in 00:00:00.0259912.
2018-11-13 00:02:45,076 4577   INFO  [BackgroundDaemon] Starting iteration #15444.
2018-11-13 00:02:45,077 4578   INFO  [7cf361] Started processing user request. Id = 7cf361a4-3339-4961-9d96-0ec7a6120565. Size = 67.71 KB.
2018-11-13 00:02:45,083 4584   INFO  [7cf361] Doing some complicated stuff.. Random numbers are: 1877529648, 692062822, 828543193.
2018-11-13 00:02:45,086 4587   INFO  [08892e] Doing some complicated stuff.. Random numbers are: 1953047287, 1321449565, 2078529919.
2018-11-13 00:02:45,121 4622   INFO  [BackgroundDaemon] Processing data (13% completed)..
2018-11-13 00:02:45,130 4631   INFO  [7cf361] Finished processing user request with id = 7cf361a4-3339-4961-9d96-0ec7a6120565 in 00:00:00.0533137.
2018-11-13 00:02:45,137 4638   INFO  [08892e] Finished processing user request with id = 08892ecc-3c9c-4044-8f88-9dee0120b60c in 00:00:00.0652924.
2018-11-13 00:02:45,150 4651   INFO  [f51e28] Started processing user request. Id = f51e28df-6578-4acc-b604-000a15188a56. Size = 40.86 KB.
2018-11-13 00:02:45,158 4659   INFO  [BackgroundDaemon] Processing data (30% completed)..
2018-11-13 00:02:45,162 4663   INFO  [f51e28] Doing some complicated stuff.. Random numbers are: 1320749912, 1638866771, 1433127506.
2018-11-13 00:02:45,162 4663   INFO  [858eef] Started processing user request. Id = 858eeff9-f211-4ce0-b9e0-9305c3bc5ebe. Size = 46.77 KB.
2018-11-13 00:02:45,164 4665   INFO  [858eef] Doing some complicated stuff.. Random numbers are: 1570558779, 1013314470, 261734095.
2018-11-13 00:02:45,200 4701   INFO  [858eef] Finished processing user request with id = 858eeff9-f211-4ce0-b9e0-9305c3bc5ebe in 00:00:00.0380106.
2018-11-13 00:02:45,215 4716   INFO  [f51e28] Finished processing user request with id = f51e28df-6578-4acc-b604-000a15188a56 in 00:00:00.0649985.
2018-11-13 00:02:45,229 4730   INFO  [b04923] Started processing user request. Id = b04923be-9d49-4286-b917-c1ca495ee0be. Size = 75.58 KB.
2018-11-13 00:02:45,232 4733   INFO  [0272ce] Started processing user request. Id = 0272ce4b-32f4-4218-8e6b-e6104a6f3ecb. Size = 7.45 KB.
2018-11-13 00:02:45,236 4737   INFO  [b04923] Doing some complicated stuff.. Random numbers are: 1404041159, 549371381, 1948743849.
2018-11-13 00:02:45,239 4740   INFO  [0272ce] Doing some complicated stuff.. Random numbers are: 1775382545, 235711058, 1775684597.
2018-11-13 00:02:45,242 4743   INFO  [9f1fca] Started processing user request. Id = 9f1fca06-2925-4657-8b63-777a6573d251. Size = 50.28 KB.
2018-11-13 00:02:45,255 4756   INFO  [BackgroundDaemon] Processing data (82% completed)..
2018-11-13 00:02:45,255 4756   INFO  [BackgroundDaemon] Finished iteration in 00:00:00.1788840.
2018-11-13 00:02:45,256 4757   INFO  [9f1fca] Doing some complicated stuff.. Random numbers are: 687006719, 1482826785, 1085581666.
2018-11-13 00:02:45,269 4770   INFO  [0272ce] Finished processing user request with id = 0272ce4b-32f4-4218-8e6b-e6104a6f3ecb in 00:00:00.0370197.
2018-11-13 00:02:45,271 4772   INFO  [b04923] Finished processing user request with id = b04923be-9d49-4286-b917-c1ca495ee0be in 00:00:00.0420550.
2018-11-13 00:02:45,285 4786   INFO  [a3d514] Started processing user request. Id = a3d514cb-4ebc-4e4f-af02-e29896d8b0c7. Size = 45.2 KB.
2018-11-13 00:02:45,287 4788   INFO  [a3d514] Doing some complicated stuff.. Random numbers are: 338853266, 1732687491, 346889274.
2018-11-13 00:02:45,296 4797   INFO  [9f1fca] Here's some useful guids:
		c300c805-5934-4d55-b848-4751f8e39202
		637abf74-bf2b-4755-bd46-83873790897e
		a698da71-55fc-46ec-b962-c1fa2d18a2e3
		fab83f04-95af-4302-99f1-c96e01d69ddc
		429fb930-f5c4-4d80-bf73-6b24d7160cac
2018-11-13 00:02:45,301 4802   INFO  [e0e3c3] Started processing user request. Id = e0e3c370-dc98-49db-9770-6a2ead2b3f5a. Size = 97.75 KB.
2018-11-13 00:02:45,307 4808   INFO  [e0e3c3] Doing some complicated stuff.. Random numbers are: 1591364883, 1502293086, 693286487.
2018-11-13 00:02:45,309 4810   INFO  [Metrics] Cpu: 12.03%; Memory: 19.77 GB/31.88 GB; Workers: 4/1024; IOCP: 0/1024
2018-11-13 00:02:45,317 4818   ERROR [e0e3c3] 
System.InvalidOperationException: Oh no! An error occurred!
2018-11-13 00:02:45,322 4823   INFO  [a3d514] Finished processing user request with id = a3d514cb-4ebc-4e4f-af02-e29896d8b0c7 in 00:00:00.0369607.
2018-11-13 00:02:45,324 4825   INFO  [9f1fca] Finished processing user request with id = 9f1fca06-2925-4657-8b63-777a6573d251 in 00:00:00.0820213.
2018-11-13 00:02:45,336 4837   INFO  [db706a] Started processing user request. Id = db706a9e-824a-4c2d-b106-c07b03f38a37. Size = 68.79 KB.
2018-11-13 00:02:45,341 4842   INFO  [db706a] Doing some complicated stuff.. Random numbers are: 75286604, 857322722, 780803300.
2018-11-13 00:02:45,349 4850   INFO  [7b0739] Started processing user request. Id = 7b0739b2-f7e4-4118-a733-b44185196981. Size = 52.64 KB.
2018-11-13 00:02:45,355 4856   INFO  [7b0739] Doing some complicated stuff.. Random numbers are: 422391984, 678235655, 1909502145.
2018-11-13 00:02:45,384 4885   INFO  [7b0739] Finished processing user request with id = 7b0739b2-f7e4-4118-a733-b44185196981 in 00:00:00.0352036.
2018-11-13 00:02:45,388 4889   INFO  [db706a] Finished processing user request with id = db706a9e-824a-4c2d-b106-c07b03f38a37 in 00:00:00.0523076.
2018-11-13 00:02:45,402 4903   INFO  [e86c72] Started processing user request. Id = e86c72ce-abe8-44c5-8653-49323cdc1103. Size = 58.76 KB.
2018-11-13 00:02:45,416 4917   INFO  [476073] Started processing user request. Id = 47607354-66f5-4ffd-b691-6f6ae796e6b4. Size = 94.5 KB.
2018-11-13 00:02:45,422 4923   INFO  [e86c72] Doing some complicated stuff.. Random numbers are: 1995575665, 246265982, 1796367602.
2018-11-13 00:02:45,435 4936   INFO  [476073] Doing some complicated stuff.. Random numbers are: 541084334, 1925714729, 428762008.
2018-11-13 00:02:45,440 4941   INFO  [476073] Finished processing user request with id = 47607354-66f5-4ffd-b691-6f6ae796e6b4 in 00:00:00.0240065.
2018-11-13 00:02:45,455 4956   INFO  [BackgroundDaemon] Starting iteration #15445.
2018-11-13 00:02:45,472 4973   INFO  [265753] Started processing user request. Id = 265753f0-1875-4d5b-bd0f-a6760c1fab9c. Size = 19.92 KB.
2018-11-13 00:02:45,476 4977   INFO  [BackgroundDaemon] Processing data (18% completed)..
2018-11-13 00:02:45,478 4979   INFO  [e86c72] Finished processing user request with id = e86c72ce-abe8-44c5-8653-49323cdc1103 in 00:00:00.0760578.
2018-11-13 00:02:45,484 4985   INFO  [265753] Doing some complicated stuff.. Random numbers are: 1086761287, 860235631, 734780520.
2018-11-13 00:02:45,486 4987   INFO  [265753] Here's some useful guids:
		49d38cb5-b4a8-434d-bff8-adb3c9f75924
		5c9db2db-2171-4bab-865a-dc612d9b60e5
		99b3171c-7294-49c8-8922-8d54a47364a8
		03940415-c780-41de-b13b-75cb31ac603a
2018-11-13 00:02:45,491 4992   INFO  [3a08bb] Started processing user request. Id = 3a08bb4f-358f-4a3c-959a-a52fe8e43d79. Size = 58.86 KB.
2018-11-13 00:02:45,492 4993   INFO  [44776d] Started processing user request. Id = 44776de7-1cfd-40d5-8bc4-d08516a6a271. Size = 66.32 KB.
2018-11-13 00:02:45,504 5006   INFO  [3a08bb] Doing some complicated stuff.. Random numbers are: 878114899, 1427138585, 114607991.
2018-11-13 00:02:45,508 5010   INFO  [44776d] Doing some complicated stuff.. Random numbers are: 1688249975, 625878052, 1477688704.
2018-11-13 00:02:45,515 5017   INFO  [265753] Finished processing user request with id = 265753f0-1875-4d5b-bd0f-a6760c1fab9c in 00:00:00.0435204.
2018-11-13 00:02:45,533 5035   INFO  [3a08bb] Here's some useful guids:
		ddc46194-1411-413a-a58d-ee655cb83f43
		4e57c162-349b-473b-affb-0908e5edddd5
		34334d68-7d15-4a66-b33f-7c1b7ec83241
2018-11-13 00:02:45,546 5047   INFO  [44776d] Finished processing user request with id = 44776de7-1cfd-40d5-8bc4-d08516a6a271 in 00:00:00.0535231.
2018-11-13 00:02:45,548 5049   INFO  [328133] Started processing user request. Id = 32813338-a8ee-4acb-a7de-0333d2ab7b88. Size = 76.25 KB.
2018-11-13 00:02:45,560 5061   INFO  [a4bc5a] Started processing user request. Id = a4bc5a47-8956-4853-82a9-8a76df7423d7. Size = 65.19 KB.
2018-11-13 00:02:45,562 5063   INFO  [BackgroundDaemon] Processing data (25% completed)..
2018-11-13 00:02:45,564 5065   INFO  [3a08bb] Finished processing user request with id = 3a08bb4f-358f-4a3c-959a-a52fe8e43d79 in 00:00:00.0725664.
2018-11-13 00:02:45,564 5065   INFO  [328133] Doing some complicated stuff.. Random numbers are: 1425954410, 2049594284, 1962347088.
2018-11-13 00:02:45,573 5074   INFO  [a4bc5a] Doing some complicated stuff.. Random numbers are: 843462876, 659996696, 1980896148.
2018-11-13 00:02:45,593 5094   INFO  [328133] Here's some useful guids:
		8dff6cbe-cd04-45be-aa9a-52c68ea965b9
		4e950292-3b6f-4c7c-9d20-9c8a43642ff2
		2b330cbf-5aff-44d6-bd69-831fb7d98a2b
		54570a94-9274-4d3a-b995-cffbfc818aec
		640bf4b0-22b9-4295-af6e-416104287372
2018-11-13 00:02:45,597 5098   INFO  [328133] Finished processing user request with id = 32813338-a8ee-4acb-a7de-0333d2ab7b88 in 00:00:00.0490511.
2018-11-13 00:02:45,612 5113   INFO  [a4bc5a] Here's some useful guids:
		c9a47e1b-2d72-4ae8-b670-6f57793c5ff2
2018-11-13 00:02:45,619 5120   INFO  [a4bc5a] Finished processing user request with id = a4bc5a47-8956-4853-82a9-8a76df7423d7 in 00:00:00.0590098.
2018-11-13 00:02:45,628 5129   INFO  [3ca2a9] Started processing user request. Id = 3ca2a92f-0df1-4b97-bc29-b37fd8801558. Size = 42.13 KB.
2018-11-13 00:02:45,632 5133   INFO  [ed1c41] Started processing user request. Id = ed1c4163-4288-4f11-b4d1-7f8585a69cdc. Size = 36.4 KB.
2018-11-13 00:02:45,641 5142   INFO  [3ca2a9] Doing some complicated stuff.. Random numbers are: 663890255, 315993089, 920049734.
2018-11-13 00:02:45,641 5142   INFO  [3ca2a9] Here's some useful guids:
		42412df6-c437-4f8a-9476-227b32dae97c
		c797de2d-9d9d-4670-a0cd-f85853c0370c
		227b8bb3-bcd3-4698-a44a-87256fc60f33
2018-11-13 00:02:45,644 5145   INFO  [3ca2a9] Finished processing user request with id = 3ca2a92f-0df1-4b97-bc29-b37fd8801558 in 00:00:00.0160213.
2018-11-13 00:02:45,646 5147   INFO  [BackgroundDaemon] Processing data (69% completed)..
2018-11-13 00:02:45,646 5147   INFO  [BackgroundDaemon] Finished iteration in 00:00:00.1907609.
2018-11-13 00:02:45,651 5152   INFO  [ed1c41] Doing some complicated stuff.. Random numbers are: 1548934206, 1450376175, 1259218066.
2018-11-13 00:02:45,675 5176   INFO  [ed1c41] Here's some useful guids:
		2bc3ae90-0b46-4e0b-a5f7-31ded758eb60
		0a8c97e9-e7e9-4f47-b18d-b356d13d5f78
2018-11-13 00:02:45,676 5177   INFO  [a3c1d4] Started processing user request. Id = a3c1d40d-9df9-4319-9867-1063a243803a. Size = 66.07 KB.
2018-11-13 00:02:45,688 5189   INFO  [ed1c41] Finished processing user request with id = ed1c4163-4288-4f11-b4d1-7f8585a69cdc in 00:00:00.0560181.
2018-11-13 00:02:45,693 5194   INFO  [a3c1d4] Doing some complicated stuff.. Random numbers are: 598155288, 1643527687, 675401740.
2018-11-13 00:02:45,701 5202   INFO  [6df293] Started processing user request. Id = 6df29304-88fc-4975-95a3-3501bde542c5. Size = 25.78 KB.
2018-11-13 00:02:45,712 5213   INFO  [6df293] Doing some complicated stuff.. Random numbers are: 378926622, 443903819, 37278631.
2018-11-13 00:02:45,718 5219   INFO  [a3c1d4] Here's some useful guids:
		242ba561-6d03-4907-9a81-46eadc1412f7
2018-11-13 00:02:45,718 5219   INFO  [a3c1d4] Finished processing user request with id = a3c1d40d-9df9-4319-9867-1063a243803a in 00:00:00.0421328.
2018-11-13 00:02:45,721 5222   INFO  [6df293] Finished processing user request with id = 6df29304-88fc-4975-95a3-3501bde542c5 in 00:00:00.0200526.
2018-11-13 00:02:45,731 5232   INFO  [e2ecb7] Started processing user request. Id = e2ecb761-bc2e-410c-9227-eff21b00dae1. Size = 7.54 KB.
2018-11-13 00:02:45,735 5236   INFO  [aa3fec] Started processing user request. Id = aa3fec82-d590-4de8-8f56-e1864ee137d3. Size = 50.8 KB.
2018-11-13 00:02:45,740 5241   INFO  [e2ecb7] Doing some complicated stuff.. Random numbers are: 1070941689, 2149670, 1263322363.
2018-11-13 00:02:45,743 5244   INFO  [aa3fec] Doing some complicated stuff.. Random numbers are: 1680128294, 118176568, 1287915787.
2018-11-13 00:02:45,750 5251   INFO  [6b95b1] Started processing user request. Id = 6b95b18f-e9b8-4720-bc9f-6aa5f91dc554. Size = 6.42 KB.
2018-11-13 00:02:45,754 5255   INFO  [6b95b1] Doing some complicated stuff.. Random numbers are: 514882291, 56259282, 1938660972.
2018-11-13 00:02:45,764 5265   INFO  [6b95b1] Here's some useful guids:
		41f98081-09d6-443b-aef0-6bc2d77aa0d9
		e618f418-5317-4b11-9835-0d9292da55fb
		ad8b587c-2c37-47ff-a106-f3b3015ef218
		6737b81d-988d-4db5-9874-968cd71e6ee7
		48788865-5591-43c2-911e-637926e17c1a
2018-11-13 00:02:45,775 5276   INFO  [6b95b1] Finished processing user request with id = 6b95b18f-e9b8-4720-bc9f-6aa5f91dc554 in 00:00:00.0251120.
2018-11-13 00:02:45,777 5278   INFO  [e2ecb7] Here's some useful guids:
		44b4b6ae-2ee6-43a0-80e5-0c3a756aecf0
2018-11-13 00:02:45,789 5290   INFO  [e2ecb7] Finished processing user request with id = e2ecb761-bc2e-410c-9227-eff21b00dae1 in 00:00:00.0580858.
2018-11-13 00:02:45,798 5299   INFO  [aa3fec] Finished processing user request with id = aa3fec82-d590-4de8-8f56-e1864ee137d3 in 00:00:00.0631135.
2018-11-13 00:02:45,807 5308   INFO  [914b47] Started processing user request. Id = 914b47a6-d348-4be3-870a-a7a5145d79b5. Size = 75.73 KB.
2018-11-13 00:02:45,808 5309   INFO  [Metrics] Cpu: 12.42%; Memory: 19.77 GB/31.88 GB; Workers: 4/1024; IOCP: 0/1024
2018-11-13 00:02:45,810 5311   INFO  [914b47] Doing some complicated stuff.. Random numbers are: 1593049356, 610385146, 1874209817.
2018-11-13 00:02:45,812 5313   INFO  [5453d9] Started processing user request. Id = 5453d957-26ce-4874-b7fc-8c6a35b2be32. Size = 2.85 KB.
2018-11-13 00:02:45,832 5333   INFO  [5453d9] Doing some complicated stuff.. Random numbers are: 2058438199, 1746281650, 975013662.
2018-11-13 00:02:45,833 5334   INFO  [914b47] Here's some useful guids:
		edb1706c-ab5c-49c9-8566-d7d9c2afaa4c
		88361055-9388-4d5e-a11e-99b11173cb74
2018-11-13 00:02:45,847 5348   INFO  [BackgroundDaemon] Starting iteration #15446.
2018-11-13 00:02:45,852 5353   ERROR [5453d9] 
System.InvalidOperationException: Oh no! An error occurred!
2018-11-13 00:02:45,863 5364   INFO  [914b47] Finished processing user request with id = 914b47a6-d348-4be3-870a-a7a5145d79b5 in 00:00:00.0557635.
2018-11-13 00:02:45,866 5367   INFO  [934d96] Started processing user request. Id = 934d965e-d1cc-4cc9-8885-5305f1ad8052. Size = 14.23 KB.
2018-11-13 00:02:45,870 5371   INFO  [934d96] Doing some complicated stuff.. Random numbers are: 1511061140, 772258513, 631352560.
2018-11-13 00:02:45,882 5383   INFO  [934d96] Finished processing user request with id = 934d965e-d1cc-4cc9-8885-5305f1ad8052 in 00:00:00.0160063.
2018-11-13 00:02:45,894 5395   INFO  [4e8e95] Started processing user request. Id = 4e8e95b7-5f37-4cd1-b263-af9ca1e9cb7a. Size = 58.85 KB.
2018-11-13 00:02:45,895 5396   INFO  [c82bc0] Started processing user request. Id = c82bc088-e985-4a17-8208-5ae4c7da3e93. Size = 42.5 KB.
2018-11-13 00:02:45,899 5400   INFO  [c82bc0] Doing some complicated stuff.. Random numbers are: 622718065, 1626493247, 185189738.
2018-11-13 00:02:45,910 5411   INFO  [4e8e95] Doing some complicated stuff.. Random numbers are: 1368132232, 1918756804, 217360216.
2018-11-13 00:02:45,924 5425   INFO  [c82bc0] Finished processing user request with id = c82bc088-e985-4a17-8208-5ae4c7da3e93 in 00:00:00.0290251.
2018-11-13 00:02:45,938 5439   INFO  [BackgroundDaemon] Processing data (10% completed)..
2018-11-13 00:02:45,938 5439   INFO  [3f2f75] Started processing user request. Id = 3f2f7516-bf81-4bd7-abc8-fe7f38dd8728. Size = 57.76 KB.
2018-11-13 00:02:45,947 5448   INFO  [4e8e95] Here's some useful guids:
		04b46b92-dedc-4d5e-8f87-ef6d5ca5f81c
		be1cade7-9f73-4623-82bb-7c9ed0eae131
		ceb23233-1797-487e-8db1-f76f6d654543
		73849c4b-ef48-4762-bbfc-d038195eb5bd
		7ccc3279-f3a8-4b90-aaad-0649c70b371c
2018-11-13 00:02:45,956 5457   INFO  [3f2f75] Doing some complicated stuff.. Random numbers are: 261018419, 1630339046, 1878458027.
2018-11-13 00:02:45,957 5458   INFO  [026156] Started processing user request. Id = 02615600-4932-46ef-bbb6-e36850d15b1c. Size = 28.94 KB.
2018-11-13 00:02:45,966 5467   INFO  [4e8e95] Finished processing user request with id = 4e8e95b7-5f37-4cd1-b263-af9ca1e9cb7a in 00:00:00.0721213.
2018-11-13 00:02:45,966 5467   INFO  [026156] Doing some complicated stuff.. Random numbers are: 1895263549, 845572816, 110119798.
2018-11-13 00:02:45,994 5495   INFO  [3f2f75] Here's some useful guids:
		dc198334-7e7b-41ec-8e36-099e2adbd8c4
		ef572e14-7fca-4c16-8f15-f420539f1598
2018-11-13 00:02:45,997 5498   INFO  [aad6da] Started processing user request. Id = aad6da37-3a3f-4385-83f2-becfce9f111b. Size = 26.69 KB.
2018-11-13 00:02:46,003 5504   INFO  [aad6da] Doing some complicated stuff.. Random numbers are: 2041551788, 2032717187, 1491645670.
2018-11-13 00:02:46,005 5506   INFO  [026156] Here's some useful guids:
		7ffbf880-26c0-4d3e-b488-0021e6286902
		cad8eeca-2139-4448-95a5-7f35302c292d
		66eb0e72-7661-497d-a95f-90845a77cd4a
2018-11-13 00:02:46,008 5509   INFO  [3f2f75] Finished processing user request with id = 3f2f7516-bf81-4bd7-abc8-fe7f38dd8728 in 00:00:00.0702694.
2018-11-13 00:02:46,012 5513   INFO  [026156] Finished processing user request with id = 02615600-4932-46ef-bbb6-e36850d15b1c in 00:00:00.0552861.
2018-11-13 00:02:46,015 5516   INFO  [aad6da] Here's some useful guids:
		b73a234a-5cf3-47ba-bd42-4413daa0ffaf
		70f879e5-78de-4af8-bc0c-b814b45bf794
2018-11-13 00:02:46,022 5523   INFO  [a271b5] Started processing user request. Id = a271b5f4-ce18-4566-9907-d70568a4675d. Size = 44.11 KB.
2018-11-13 00:02:46,022 5523   INFO  [a271b5] Doing some complicated stuff.. Random numbers are: 2088833441, 1337384192, 1436466593.
2018-11-13 00:02:46,023 5524   INFO  [aad6da] Finished processing user request with id = aad6da37-3a3f-4385-83f2-becfce9f111b in 00:00:00.0259950.
2018-11-13 00:02:46,032 5533   INFO  [BackgroundDaemon] Processing data (24% completed)..
2018-11-13 00:02:46,055 5556   INFO  [7ed1ff] Started processing user request. Id = 7ed1ff68-4f01-443c-9e99-e5d24114aaf9. Size = 70.51 KB.
2018-11-13 00:02:46,056 5557   INFO  [a271b5] Finished processing user request with id = a271b5f4-ce18-4566-9907-d70568a4675d in 00:00:00.0339274.
2018-11-13 00:02:46,059 5560   INFO  [BackgroundDaemon] Processing data (50% completed)..
2018-11-13 00:02:46,059 5560   INFO  [BackgroundDaemon] Finished iteration in 00:00:00.2123584.
2018-11-13 00:02:46,065 5566   INFO  [7ed1ff] Doing some complicated stuff.. Random numbers are: 297232463, 1958636469, 668528585.
2018-11-13 00:02:46,070 5571   INFO  [266bf6] Started processing user request. Id = 266bf61b-dbed-40b7-83a5-8a5ac044a543. Size = 15.51 KB.
2018-11-13 00:02:46,072 5573   INFO  [266bf6] Doing some complicated stuff.. Random numbers are: 1234561900, 198390580, 1137290917.
2018-11-13 00:02:46,088 5589   INFO  [7ed1ff] Here's some useful guids:
		50e22888-0cac-497f-a0e1-77c984b328c6
		1b44bf29-a542-4f04-bced-f4482b70684e
		3939ec79-1f24-4227-97ec-93e35c10ef28
		97d7d16c-9a27-44bb-8c33-9b4160ba4615
		79ce0e05-5960-4bd1-9d3b-953bfdf3d592
2018-11-13 00:02:46,102 5603   INFO  [266bf6] Here's some useful guids:
		ca039f82-a8d9-4810-bceb-3bcb08a27e9b
		ac3e955d-581b-4868-83f8-dcc220d6440d
		a2b275c1-39d1-4165-b60e-0205110ff250
2018-11-13 00:02:46,102 5603   INFO  [266bf6] Finished processing user request with id = 266bf61b-dbed-40b7-83a5-8a5ac044a543 in 00:00:00.0320814.
2018-11-13 00:02:46,115 5616   INFO  [7ed1ff] Finished processing user request with id = 7ed1ff68-4f01-443c-9e99-e5d24114aaf9 in 00:00:00.0600227.
2018-11-13 00:02:46,116 5617   INFO  [430f10] Started processing user request. Id = 430f1003-820e-47ee-8d12-1e4f706cf196. Size = 86.01 KB.
2018-11-13 00:02:46,134 5635   INFO  [430f10] Doing some complicated stuff.. Random numbers are: 428060823, 1655494208, 337130578.
2018-11-13 00:02:46,147 5648   INFO  [eaa914] Started processing user request. Id = eaa914f9-7cba-4d44-9157-d0f6f1becb8b. Size = 35.03 KB.
2018-11-13 00:02:46,149 5650   INFO  [eaa914] Doing some complicated stuff.. Random numbers are: 351490683, 1452630146, 1219160348.
2018-11-13 00:02:46,172 5673   ERROR [eaa914] 
System.InvalidOperationException: Oh no! An error occurred!
2018-11-13 00:02:46,174 5675   INFO  [430f10] Here's some useful guids:
		b4dd13f5-e81a-40fe-987b-7fef2f9eaf34
		91ab4edc-4c99-48ce-8b58-e33072ae5b21
		0a6900fb-2b28-4726-8719-383892c09253
		84ce5c6c-1b63-408a-bb90-38283859ea2a
		4564f42e-b26e-4176-aba5-8a5ca9402f79
2018-11-13 00:02:46,180 5681   INFO  [307e0c] Started processing user request. Id = 307e0c97-f990-4253-a815-58364ef0a19f. Size = 20.64 KB.
2018-11-13 00:02:46,186 5687   INFO  [430f10] Finished processing user request with id = 430f1003-820e-47ee-8d12-1e4f706cf196 in 00:00:00.0697398.
2018-11-13 00:02:46,188 5689   INFO  [307e0c] Doing some complicated stuff.. Random numbers are: 1299022912, 2006371274, 2106577007.
2018-11-13 00:02:46,196 5697   INFO  [307e0c] Here's some useful guids:
		25987971-82a9-4ffb-be42-c23bc8ecf891
		4b9a3fc2-7555-4c49-a96b-dc2429601feb
		64af1d07-80f4-4c45-a86e-7534361fe6cb
		bc8168af-7905-4912-a884-031e5ee4881f
		9f45ad01-8e16-42a9-99d0-5d110b1b84db
2018-11-13 00:02:46,200 5701   INFO  [79a925] Started processing user request. Id = 79a925bf-314b-4f44-ae21-f9d7d9552209. Size = 73.93 KB.
2018-11-13 00:02:46,204 5705   INFO  [701b77] Started processing user request. Id = 701b7735-8535-42e8-9378-f49b1e4e2ff0. Size = 95.17 KB.
2018-11-13 00:02:46,207 5708   INFO  [79a925] Doing some complicated stuff.. Random numbers are: 2065561365, 1633728610, 1235383443.
2018-11-13 00:02:46,208 5709   INFO  [307e0c] Finished processing user request with id = 307e0c97-f990-4253-a815-58364ef0a19f in 00:00:00.0280143.
2018-11-13 00:02:46,220 5721   INFO  [701b77] Doing some complicated stuff.. Random numbers are: 859321020, 713638951, 112301870.
2018-11-13 00:02:46,231 5732   INFO  [79a925] Here's some useful guids:
		a6c7e640-fa4d-4c1c-8d74-7a01e0f70294
		0a98dbeb-e611-458b-b974-223f947f1a1c
		4b7ee04f-5ecf-4efb-abfa-b06934a0bc77
2018-11-13 00:02:46,248 5749   INFO  [79a925] Finished processing user request with id = 79a925bf-314b-4f44-ae21-f9d7d9552209 in 00:00:00.0481282.
2018-11-13 00:02:46,256 5757   INFO  [701b77] Here's some useful guids:
		36b5c567-6ed9-40e8-a11e-af9a3d6954e1
2018-11-13 00:02:46,260 5761   INFO  [BackgroundDaemon] Starting iteration #15447.
2018-11-13 00:02:46,262 5763   INFO  [d68953] Started processing user request. Id = d68953e1-a46d-476e-adcf-e5c2e30e3037. Size = 53.66 KB.
2018-11-13 00:02:46,270 5771   INFO  [d68953] Doing some complicated stuff.. Random numbers are: 518617393, 1949933195, 1127630476.
2018-11-13 00:02:46,280 5781   INFO  [701b77] Finished processing user request with id = 701b7735-8535-42e8-9378-f49b1e4e2ff0 in 00:00:00.0761789.
2018-11-13 00:02:46,307 5808   INFO  [Metrics] Cpu: 12.42%; Memory: 19.78 GB/31.88 GB; Workers: 4/1024; IOCP: 0/1024
2018-11-13 00:02:46,309 5810   INFO  [d68953] Here's some useful guids:
		d0230f7b-0e82-476c-9f74-9923e1fc79fa
		137751fe-a6de-4f18-9268-0d0aeac3027c
		3d6e5998-d095-4114-86ec-87adc5e8cbed
		d46b594a-029c-4887-97e1-ad2dd119f617
2018-11-13 00:02:46,312 5813   INFO  [6fee51] Started processing user request. Id = 6fee51ea-8341-46f8-9e98-ea3c54105197. Size = 58.52 KB.
2018-11-13 00:02:46,317 5818   INFO  [6fee51] Doing some complicated stuff.. Random numbers are: 2121888655, 245952434, 1749593679.
2018-11-13 00:02:46,327 5828   INFO  [d68953] Finished processing user request with id = d68953e1-a46d-476e-adcf-e5c2e30e3037 in 00:00:00.0649314.
2018-11-13 00:02:46,341 5842   INFO  [1c9595] Started processing user request. Id = 1c9595d5-b8fc-4d40-ae12-37b720cd156b. Size = 58.5 KB.
2018-11-13 00:02:46,342 5843   INFO  [6fee51] Here's some useful guids:
		a8b5cc9d-1f3f-4185-b282-b99f5793578c
		c449169a-53b0-4a93-a57b-1ba4850179cb
		89730961-1a20-4492-8a52-915a5c613b7e
		1a00e5f7-c49a-4110-bbd1-2e54019dfafe
2018-11-13 00:02:46,351 5852   INFO  [1c9595] Doing some complicated stuff.. Random numbers are: 76513014, 129879384, 1224720919.
2018-11-13 00:02:46,352 5853   INFO  [BackgroundDaemon] Processing data (8% completed)..
2018-11-13 00:02:46,364 5865   INFO  [6fee51] Finished processing user request with id = 6fee51ea-8341-46f8-9e98-ea3c54105197 in 00:00:00.0520452.
2018-11-13 00:02:46,372 5873   INFO  [1c9595] Here's some useful guids:
		c70ee8b5-5052-47de-a0ca-66fb03ab1622
		dbab95d4-8f01-4b8d-964d-6ab218cc3936
2018-11-13 00:02:46,375 5876   INFO  [0e0379] Started processing user request. Id = 0e0379b5-bde4-4055-80a1-25378662c41d. Size = 57.37 KB.
2018-11-13 00:02:46,389 5890   INFO  [0e0379] Doing some complicated stuff.. Random numbers are: 908007157, 934655805, 2135823372.
2018-11-13 00:02:46,393 5894   INFO  [0e0379] Here's some useful guids:
		d3522863-2500-4c04-b595-9c3911916699
		c2fa12a2-aad4-496a-905f-65e6a5f5c7d1
2018-11-13 00:02:46,396 5897   INFO  [ad1487] Started processing user request. Id = ad148791-7f6f-4ab7-87cd-74190b36865f. Size = 53.38 KB.
2018-11-13 00:02:46,397 5898   INFO  [1c9595] Finished processing user request with id = 1c9595d5-b8fc-4d40-ae12-37b720cd156b in 00:00:00.0560468.
2018-11-13 00:02:46,397 5898   INFO  [0e0379] Finished processing user request with id = 0e0379b5-bde4-4055-80a1-25378662c41d in 00:00:00.0220030.
2018-11-13 00:02:46,411 5912   INFO  [e1de1b] Started processing user request. Id = e1de1bde-2880-4f29-bbae-9f393676a3eb. Size = 20.34 KB.
2018-11-13 00:02:46,413 5914   INFO  [ad1487] Doing some complicated stuff.. Random numbers are: 1076828631, 13108853, 1970964621.
2018-11-13 00:02:46,419 5920   INFO  [e1de1b] Doing some complicated stuff.. Random numbers are: 750776010, 1143257182, 2045604898.
2018-11-13 00:02:46,434 5935   INFO  [BackgroundDaemon] Processing data (39% completed)..
2018-11-13 00:02:46,450 5952   INFO  [ad1487] Here's some useful guids:
		e30b66fd-80f0-42c8-80a1-7b4defdaaf8b
2018-11-13 00:02:46,452 5954   INFO  [e1de1b] Here's some useful guids:
		cacb3260-7093-4b15-ae4f-367aa1dd084e
		07191de4-30ab-4464-9850-3f47db6de65d
		59c5600d-c923-41e3-a9c3-104fafb051df
		b4695404-2ed4-4608-b11e-97ffa9c181c7
		d90faf48-8d1e-4902-bce8-9f88d3e75f61
2018-11-13 00:02:46,459 5961   INFO  [ad1487] Finished processing user request with id = ad148791-7f6f-4ab7-87cd-74190b36865f in 00:00:00.0635056.
2018-11-13 00:02:46,468 5970   ERROR [e1de1b] 
System.InvalidOperationException: Oh no! An error occurred!
2018-11-13 00:02:46,482 5984   INFO  [020bea] Started processing user request. Id = 020bea61-0459-457b-b758-23821ba8ff7e. Size = 63.08 KB.
2018-11-13 00:02:46,486 5987   INFO  [BackgroundDaemon] Processing data (73% completed)..
2018-11-13 00:02:46,486 5987   INFO  [BackgroundDaemon] Finished iteration in 00:00:00.2255596.
2018-11-13 00:02:46,492 5993   INFO  [8da334] Started processing user request. Id = 8da33475-ba66-4544-9440-fde5a987d955. Size = 39.54 KB.
2018-11-13 00:02:46,500 6001   INFO  [020bea] Doing some complicated stuff.. Random numbers are: 1907155525, 816848084, 1556671596.
2018-11-13 00:02:46,508 6009   INFO  [8da334] Doing some complicated stuff.. Random numbers are: 52620498, 768731907, 589945321.
2018-11-13 00:02:46,524 6025   INFO  [8da334] Here's some useful guids:
		31cd5e81-c3c2-47db-9b63-3e870070c03b
2018-11-13 00:02:46,527 6028   ERROR [8da334] 
System.InvalidOperationException: Oh no! An error occurred!
2018-11-13 00:02:46,530 6031   INFO  [020bea] Finished processing user request with id = 020bea61-0459-457b-b758-23821ba8ff7e in 00:00:00.0471153.
2018-11-13 00:02:46,544 6045   INFO  [fe5c49] Started processing user request. Id = fe5c49ea-5f9d-4e42-8888-e99bbd99cccd. Size = 19.24 KB.
2018-11-13 00:02:46,559 6060   INFO  [efdd27] Started processing user request. Id = efdd2721-757a-48a4-ab69-bdcdd8d86798. Size = 81.64 KB.
2018-11-13 00:02:46,564 6065   INFO  [fe5c49] Doing some complicated stuff.. Random numbers are: 1432681601, 517371242, 819394799.
2018-11-13 00:02:46,565 6066   INFO  [cb5604] Started processing user request. Id = cb5604e0-0e45-454c-a714-6b30ef846a73. Size = 86.5 KB.
2018-11-13 00:02:46,565 6066   INFO  [cb5604] Doing some complicated stuff.. Random numbers are: 1157520130, 731824682, 471897316.
2018-11-13 00:02:46,567 6068   INFO  [efdd27] Doing some complicated stuff.. Random numbers are: 658825776, 869030666, 636268694.
2018-11-13 00:02:46,570 6071   INFO  [cb5604] Finished processing user request with id = cb5604e0-0e45-454c-a714-6b30ef846a73 in 00:00:00.0050019.
2018-11-13 00:02:46,588 6089   INFO  [efdd27] Here's some useful guids:
		df32c8f9-dfce-4070-9a71-816e859cc7de
		cc26fe7d-ac8f-4562-9e4e-140775ab4b7f
		f70e2aa7-3aee-4325-8020-c83040e186e4
		8a04b799-5e17-40e4-9e72-e32bc8379e2d
		b72fb136-f534-4713-aafd-fab5f4887d68
2018-11-13 00:02:46,594 6095   INFO  [fe5c49] Here's some useful guids:
		da537749-91d6-43d8-88c3-09a7dca5b519
		88c17dcf-fd25-4480-b602-b9f7224bf5cf
2018-11-13 00:02:46,599 6100   INFO  [efdd27] Finished processing user request with id = efdd2721-757a-48a4-ab69-bdcdd8d86798 in 00:00:00.0400111.
2018-11-13 00:02:46,622 6123   INFO  [fe5c49] Finished processing user request with id = fe5c49ea-5f9d-4e42-8888-e99bbd99cccd in 00:00:00.0780361.
2018-11-13 00:02:46,631 6132   INFO  [7b7ee8] Started processing user request. Id = 7b7ee88a-255f-4d4d-844b-c75e66d9e693. Size = 41.78 KB.
2018-11-13 00:02:46,636 6137   INFO  [25f198] Started processing user request. Id = 25f198a3-d07e-49b1-b18c-fb28afa23feb. Size = 4.66 KB.
2018-11-13 00:02:46,643 6144   INFO  [25f198] Doing some complicated stuff.. Random numbers are: 1791445279, 1384270112, 2009940060.
2018-11-13 00:02:46,644 6145   INFO  [7b7ee8] Doing some complicated stuff.. Random numbers are: 1698012817, 1640864562, 818475235.
2018-11-13 00:02:46,650 6151   INFO  [7b7ee8] Here's some useful guids:
		6883f8bd-2465-4d3e-ab97-fabc83f1607e
		6b460acd-5b10-40b5-87e0-3d80d83ff4b0
2018-11-13 00:02:46,660 6161   INFO  [25f198] Here's some useful guids:
		5c82c92c-42e1-46e7-9ea1-64e376c03de6
2018-11-13 00:02:46,663 6164   INFO  [7b7ee8] Finished processing user request with id = 7b7ee88a-255f-4d4d-844b-c75e66d9e693 in 00:00:00.0321113.
2018-11-13 00:02:46,682 6183   ERROR [25f198] 
System.InvalidOperationException: Oh no! An error occurred!
2018-11-13 00:02:46,686 6187   INFO  [BackgroundDaemon] Starting iteration #15448.
2018-11-13 00:02:46,695 6196   INFO  [3ed0b9] Started processing user request. Id = 3ed0b901-6ce8-4f7a-b805-bc10bb35dcb9. Size = 70.87 KB.
2018-11-13 00:02:46,696 6197   INFO  [8ab531] Started processing user request. Id = 8ab53182-cbbb-4ba6-820e-7717d31510e0. Size = 67.68 KB.
2018-11-13 00:02:46,703 6204   INFO  [3ed0b9] Doing some complicated stuff.. Random numbers are: 1913242431, 894258977, 400963214.
2018-11-13 00:02:46,712 6213   INFO  [8ab531] Doing some complicated stuff.. Random numbers are: 428425991, 595604615, 1466776809.
2018-11-13 00:02:46,720 6221   INFO  [BackgroundDaemon] Processing data (16% completed)..
2018-11-13 00:02:46,736 6237   INFO  [3ed0b9] Here's some useful guids:
		72576809-33c6-4000-8ce9-2ca08e6caf36
		40c51c9c-03f6-4cc6-9195-bd7fa13ca245
		1e64e620-75c3-4106-a728-7896d4868791
		10d14a70-05a6-450c-8bc2-1ea65dec8025
2018-11-13 00:02:46,737 6238   INFO  [29f2a6] Started processing user request. Id = 29f2a6dd-f8ce-4af1-a90d-d0584740f659. Size = 6.5 KB.
2018-11-13 00:02:46,742 6243   INFO  [29f2a6] Doing some complicated stuff.. Random numbers are: 6736693, 671509080, 1218576429.
2018-11-13 00:02:46,746 6247   INFO  [8ab531] Finished processing user request with id = 8ab53182-cbbb-4ba6-820e-7717d31510e0 in 00:00:00.0500455.
2018-11-13 00:02:46,760 6261   INFO  [3c4073] Started processing user request. Id = 3c407348-09e1-4ce7-bb54-7b4d4bb1b086. Size = 32.94 KB.
2018-11-13 00:02:46,760 6261   INFO  [3c4073] Doing some complicated stuff.. Random numbers are: 1953491395, 2059063489, 69284704.
2018-11-13 00:02:46,762 6263   INFO  [3ed0b9] Finished processing user request with id = 3ed0b901-6ce8-4f7a-b805-bc10bb35dcb9 in 00:00:00.0670680.
2018-11-13 00:02:46,771 6272   INFO  [BackgroundDaemon] Processing data (40% completed)..
2018-11-13 00:02:46,793 6294   INFO  [29f2a6] Finished processing user request with id = 29f2a6dd-f8ce-4af1-a90d-d0584740f659 in 00:00:00.0557240.
2018-11-13 00:02:46,794 6295   INFO  [780db5] Started processing user request. Id = 780db53f-d9b9-442d-b5f6-b6f458a38a83. Size = 28.29 KB.
2018-11-13 00:02:46,794 6295   INFO  [780db5] Doing some complicated stuff.. Random numbers are: 1179518860, 1563984257, 1611271031.
2018-11-13 00:02:46,802 6303   INFO  [3c4073] Finished processing user request with id = 3c407348-09e1-4ce7-bb54-7b4d4bb1b086 in 00:00:00.0417580.
2018-11-13 00:02:46,804 6305   INFO  [780db5] Finished processing user request with id = 780db53f-d9b9-442d-b5f6-b6f458a38a83 in 00:00:00.0100079.
2018-11-13 00:02:46,807 6308   INFO  [Metrics] Cpu: 11.21%; Memory: 19.78 GB/31.88 GB; Workers: 4/1024; IOCP: 0/1024
2018-11-13 00:02:46,816 6317   INFO  [2e98a9] Started processing user request. Id = 2e98a9ec-a143-46e8-bceb-0a1174cde413. Size = 95.01 KB.
2018-11-13 00:02:46,833 6334   INFO  [2e98a9] Doing some complicated stuff.. Random numbers are: 1499519239, 1178077400, 478109179.
2018-11-13 00:02:46,835 6336   INFO  [c3aa46] Started processing user request. Id = c3aa4639-16a8-4eff-b5ea-14e2d8d3ed09. Size = 40.96 KB.
2018-11-13 00:02:46,846 6347   INFO  [c3aa46] Doing some complicated stuff.. Random numbers are: 491885995, 1674111152, 438692167.
2018-11-13 00:02:46,851 6352   INFO  [BackgroundDaemon] Processing data (85% completed)..
2018-11-13 00:02:46,851 6352   INFO  [BackgroundDaemon] Finished iteration in 00:00:00.1655069.
2018-11-13 00:02:46,857 6358   INFO  [2e98a9] Here's some useful guids:
		d8f04861-ce6b-4d96-b50a-e6a7ee5cfe31
		4fff5738-a173-486c-aec1-ff60098a24fe
		9ed256e9-e433-4814-97f7-89854ac52049
2018-11-13 00:02:46,882 6383   INFO  [2e98a9] Finished processing user request with id = 2e98a9ec-a143-46e8-bceb-0a1174cde413 in 00:00:00.0662003.
2018-11-13 00:02:46,896 6397   INFO  [1900e1] Started processing user request. Id = 1900e151-23d4-42fb-a98c-c9b566fc312b. Size = 93.45 KB.
2018-11-13 00:02:46,914 6415   INFO  [c3aa46] Finished processing user request with id = c3aa4639-16a8-4eff-b5ea-14e2d8d3ed09 in 00:00:00.0789252.
2018-11-13 00:02:46,916 6417   INFO  [1900e1] Doing some complicated stuff.. Random numbers are: 1193651081, 1126029687, 1952012138.
2018-11-13 00:02:46,940 6441   INFO  [1900e1] Finished processing user request with id = 1900e151-23d4-42fb-a98c-c9b566fc312b in 00:00:00.0437946.
2018-11-13 00:02:46,945 6446   INFO  [dcc1da] Started processing user request. Id = dcc1daca-1275-4592-b6df-b1d565b825e5. Size = 95.87 KB.
2018-11-13 00:02:46,948 6449   INFO  [dcc1da] Doing some complicated stuff.. Random numbers are: 232670657, 1984750160, 1526318131.
2018-11-13 00:02:46,953 6454   INFO  [38fb0e] Started processing user request. Id = 38fb0e4d-81c4-4a39-a25d-cf33f2f4748d. Size = 38.26 KB.
2018-11-13 00:02:46,960 6461   INFO  [0b1426] Started processing user request. Id = 0b142624-b12f-4796-b1ec-6cd8ed7d6961. Size = 1.97 KB.
2018-11-13 00:02:46,965 6466   INFO  [38fb0e] Doing some complicated stuff.. Random numbers are: 42965460, 2042833133, 1381676815.
2018-11-13 00:02:46,969 6470   INFO  [0b1426] Doing some complicated stuff.. Random numbers are: 1460696549, 590190898, 1704788261.
2018-11-13 00:02:46,986 6487   INFO  [dcc1da] Here's some useful guids:
		3ee752cc-0818-43e1-8404-862b420b2f87
		04d32399-9c0a-4ac0-bac8-1987c6eaf326
		5fe0f9a8-c5f0-47bd-89b0-f9bca9db2ef1
2018-11-13 00:02:46,995 6496   INFO  [38fb0e] Finished processing user request with id = 38fb0e4d-81c4-4a39-a25d-cf33f2f4748d in 00:00:00.0421404.
2018-11-13 00:02:47,002 6503   INFO  [dcc1da] Finished processing user request with id = dcc1daca-1275-4592-b6df-b1d565b825e5 in 00:00:00.0571084.
2018-11-13 00:02:47,009 6510   INFO  [58e3c9] Started processing user request. Id = 58e3c95b-a9fd-483c-997b-56b7ce6b3679. Size = 40.4 KB.
2018-11-13 00:02:47,024 6525   INFO  [0b1426] Finished processing user request with id = 0b142624-b12f-4796-b1ec-6cd8ed7d6961 in 00:00:00.0641340.
2018-11-13 00:02:47,026 6527   INFO  [58e3c9] Doing some complicated stuff.. Random numbers are: 53636808, 623660773, 1876070240.
2018-11-13 00:02:47,028 6529   INFO  [58e3c9] Here's some useful guids:
		997104a0-3724-4ede-8141-a23ed80a7791
		0d2036a8-79c6-4150-a6e5-e9334396cfb7
		17a269e9-8448-436c-9935-43b8d9463881
		b1d85a17-984e-48d0-8dd9-9e4cf23e1232
		8197f7ba-532f-41c6-8622-00b4a81c5940
2018-11-13 00:02:47,034 6535   INFO  [177c87] Started processing user request. Id = 177c87e3-f46d-4156-ac2b-2f964b30aae6. Size = 21.39 KB.
2018-11-13 00:02:47,036 6537   INFO  [58e3c9] Finished processing user request with id = 58e3c95b-a9fd-483c-997b-56b7ce6b3679 in 00:00:00.0270055.
2018-11-13 00:02:47,044 6545   INFO  [177c87] Doing some complicated stuff.. Random numbers are: 651443698, 1586313975, 267024801.
2018-11-13 00:02:47,050 6551   INFO  [4e90d6] Started processing user request. Id = 4e90d6fb-2ec4-417a-9448-bd173a7d58fe. Size = 60.29 KB.
2018-11-13 00:02:47,051 6552   INFO  [BackgroundDaemon] Starting iteration #15449.
2018-11-13 00:02:47,062 6563   INFO  [4e90d6] Doing some complicated stuff.. Random numbers are: 1734600824, 310524282, 1187732975.
2018-11-13 00:02:47,086 6587   INFO  [BackgroundDaemon] Processing data (16% completed)..
2018-11-13 00:02:47,094 6595   INFO  [177c87] Finished processing user request with id = 177c87e3-f46d-4156-ac2b-2f964b30aae6 in 00:00:00.0600415.
2018-11-13 00:02:47,107 6609   INFO  [4e90d6] Finished processing user request with id = 4e90d6fb-2ec4-417a-9448-bd173a7d58fe in 00:00:00.0570899.
2018-11-13 00:02:47,121 6622   INFO  [54b9b2] Started processing user request. Id = 54b9b210-5869-48fd-81be-cff2cafc6758. Size = 51.07 KB.
2018-11-13 00:02:47,121 6622   INFO  [54b9b2] Doing some complicated stuff.. Random numbers are: 1337780511, 1022324766, 559317251.
2018-11-13 00:02:47,126 6627   INFO  [f920ac] Started processing user request. Id = f920acc2-eaef-47a4-a25d-b482e424209d. Size = 6.13 KB.
2018-11-13 00:02:47,126 6627   INFO  [f920ac] Doing some complicated stuff.. Random numbers are: 492823716, 1319398345, 380232147.
2018-11-13 00:02:47,147 6648   INFO  [BackgroundDaemon] Processing data (31% completed)..
2018-11-13 00:02:47,156 6657   INFO  [54b9b2] Here's some useful guids:
		255e01ae-7c63-41d3-b143-d4f71045e1dc
		ee1b52e9-dcdd-4b82-b0ce-061d924fe625
		20bf24ed-c6e5-4b81-881d-ac9163d46073
2018-11-13 00:02:47,171 6673   INFO  [f920ac] Finished processing user request with id = f920acc2-eaef-47a4-a25d-b482e424209d in 00:00:00.0451034.
2018-11-13 00:02:47,181 6682   INFO  [BackgroundDaemon] Processing data (79% completed)..
2018-11-13 00:02:47,181 6682   INFO  [BackgroundDaemon] Finished iteration in 00:00:00.1295493.
2018-11-13 00:02:47,185 6686   INFO  [54b9b2] Finished processing user request with id = 54b9b210-5869-48fd-81be-cff2cafc6758 in 00:00:00.0634197.
2018-11-13 00:02:47,192 6693   INFO  [a73adc] Started processing user request. Id = a73adc77-f3ce-4101-a45b-d335bf6aa352. Size = 43.9 KB.
2018-11-13 00:02:47,199 6700   INFO  [119037] Started processing user request. Id = 1190371b-9452-4183-ae9a-80ce826b6c50. Size = 5.38 KB.
2018-11-13 00:02:47,200 6701   INFO  [a73adc] Doing some complicated stuff.. Random numbers are: 2066631255, 1786569187, 375863160.
2018-11-13 00:02:47,203 6704   INFO  [5e954a] Started processing user request. Id = 5e954acb-9f6c-4a4f-9645-f395d0a68e68. Size = 56.07 KB.
2018-11-13 00:02:47,217 6718   INFO  [5e954a] Doing some complicated stuff.. Random numbers are: 994884063, 945123260, 1858725165.
2018-11-13 00:02:47,218 6719   INFO  [119037] Doing some complicated stuff.. Random numbers are: 1410602280, 1026353556, 712491840.
2018-11-13 00:02:47,224 6725   INFO  [119037] Here's some useful guids:
		c5c59a0b-d15c-468f-aac8-e2186bf7fd02
2018-11-13 00:02:47,232 6733   INFO  [a73adc] Finished processing user request with id = a73adc77-f3ce-4101-a45b-d335bf6aa352 in 00:00:00.0400064.
2018-11-13 00:02:47,243 6744   INFO  [119037] Finished processing user request with id = 1190371b-9452-4183-ae9a-80ce826b6c50 in 00:00:00.0440550.
2018-11-13 00:02:47,257 6758   INFO  [53f18e] Started processing user request. Id = 53f18ea0-7004-497a-9b82-8090166acc4d. Size = 51.39 KB.
2018-11-13 00:02:47,267 6768   INFO  [53f18e] Doing some complicated stuff.. Random numbers are: 6937749, 168990273, 891617191.
2018-11-13 00:02:47,275 6776   INFO  [5e954a] Finished processing user request with id = 5e954acb-9f6c-4a4f-9645-f395d0a68e68 in 00:00:00.0721145.
2018-11-13 00:02:47,297 6798   INFO  [53f18e] Here's some useful guids:
		a9b5dec2-6d1f-43f7-914b-90b3c0d33ff8
		43e4e6fc-96ae-47bc-b897-f93c9b649e5b
		1b0dfec9-7ca9-4ddd-aaa6-04e347dbb3bd
2018-11-13 00:02:47,306 6807   INFO  [Metrics] Cpu: 11.21%; Memory: 19.78 GB/31.88 GB; Workers: 4/1024; IOCP: 0/1024
2018-11-13 00:02:47,307 6808   INFO  [778688] Started processing user request. Id = 7786880f-9499-4bff-a928-6023bd0657a9. Size = 35.72 KB.
2018-11-13 00:02:47,310 6811   INFO  [53f18e] Finished processing user request with id = 53f18ea0-7004-497a-9b82-8090166acc4d in 00:00:00.0526185.
2018-11-13 00:02:47,314 6815   INFO  [778688] Doing some complicated stuff.. Random numbers are: 1259363198, 974228864, 578393437.
2018-11-13 00:02:47,323 6824   INFO  [2d8eab] Started processing user request. Id = 2d8eab13-4ee2-4886-97d5-4433665bef66. Size = 34.08 KB.
2018-11-13 00:02:47,343 6844   INFO  [2d8eab] Doing some complicated stuff.. Random numbers are: 2025089274, 1687950192, 1342933376.
2018-11-13 00:02:47,359 6860   INFO  [2d8eab] Finished processing user request with id = 2d8eab13-4ee2-4886-97d5-4433665bef66 in 00:00:00.0360264.
2018-11-13 00:02:47,367 6868   INFO  [778688] Finished processing user request with id = 7786880f-9499-4bff-a928-6023bd0657a9 in 00:00:00.0600702.
2018-11-13 00:02:47,373 6874   INFO  [8c7957] Started processing user request. Id = 8c7957cf-119b-4e57-8f3d-49ba619ef09e. Size = 41.92 KB.
2018-11-13 00:02:47,381 6882   INFO  [BackgroundDaemon] Starting iteration #15450.
2018-11-13 00:02:47,388 6889   INFO  [8c7957] Doing some complicated stuff.. Random numbers are: 973467091, 182842269, 115170759.
2018-11-13 00:02:47,397 6898   INFO  [8c7957] Here's some useful guids:
		0a24a676-7707-4963-afda-85c11e030542
		ca2975d5-cedc-44bd-9d8e-57349c89fc4b
		05636689-f414-499d-bc1c-882a007d132c
		8c0849c2-fa32-4c1d-9521-13a5391d723b
		71e05306-5b32-41b1-95c3-6c80d977f189
2018-11-13 00:02:47,399 6900   INFO  [0f4d82] Started processing user request. Id = 0f4d82e9-71f7-412a-83aa-4ac0976a4f0f. Size = 11.19 KB.
2018-11-13 00:02:47,399 6900   INFO  [c91076] Started processing user request. Id = c910766e-0019-43a0-8720-f6f70b126d34. Size = 83.6 KB.
2018-11-13 00:02:47,400 6901   INFO  [8c7957] Finished processing user request with id = 8c7957cf-119b-4e57-8f3d-49ba619ef09e in 00:00:00.0269269.
2018-11-13 00:02:47,405 6906   INFO  [c91076] Doing some complicated stuff.. Random numbers are: 1534473958, 1859389463, 872947311.
2018-11-13 00:02:47,414 6915   INFO  [BackgroundDaemon] Processing data (13% completed)..
2018-11-13 00:02:47,414 6915   INFO  [a4becd] Started processing user request. Id = a4becd12-5380-44b0-879a-1486bd88d407. Size = 1.75 KB.
2018-11-13 00:02:47,415 6916   INFO  [c91076] Here's some useful guids:
		33df003e-edf9-4913-8251-8c3457f182ef
		cbbbffb5-837a-40d7-97df-9e42a77b6d35
2018-11-13 00:02:47,416 6917   INFO  [0f4d82] Doing some complicated stuff.. Random numbers are: 224861194, 1853623411, 907384683.
2018-11-13 00:02:47,424 6925   INFO  [c91076] Finished processing user request with id = c910766e-0019-43a0-8720-f6f70b126d34 in 00:00:00.0250170.
2018-11-13 00:02:47,425 6926   INFO  [a4becd] Doing some complicated stuff.. Random numbers are: 977517493, 2141122334, 1279162760.
2018-11-13 00:02:47,436 6937   INFO  [a4becd] Here's some useful guids:
		9cc54804-569d-4b07-9aaf-ecdd9463c68d
		6eacfae2-322c-4524-9739-b8ace8af6cb7
		854d3116-c854-4402-ae92-7d66e3d0d52f
		fbcf3808-fdc8-4239-a850-616287917956
		7d7d0d79-f779-4ca8-8278-b9ce53b8560b
2018-11-13 00:02:47,452 6953   INFO  [a4becd] Finished processing user request with id = a4becd12-5380-44b0-879a-1486bd88d407 in 00:00:00.0381082.
2018-11-13 00:02:47,464 6965   INFO  [0f4d82] Finished processing user request with id = 0f4d82e9-71f7-412a-83aa-4ac0976a4f0f in 00:00:00.0651686.
2018-11-13 00:02:47,466 6967   INFO  [fe2106] Started processing user request. Id = fe210646-3715-4ae7-bac0-c35a5e86cb09. Size = 50.6 KB.
2018-11-13 00:02:47,480 6981   INFO  [fe2106] Doing some complicated stuff.. Random numbers are: 1220422138, 355667521, 1033183266.
2018-11-13 00:02:47,484 6985   INFO  [BackgroundDaemon] Processing data (30% completed)..
2018-11-13 00:02:47,496 6997   INFO  [6b4a6c] Started processing user request. Id = 6b4a6c1f-be4c-402b-aec8-61e3705a6d8a. Size = 73.35 KB.
2018-11-13 00:02:47,501 7002   INFO  [fe2106] Here's some useful guids:
		6b399ef8-bae0-4ccb-b8cd-8e370c677123
		bbd5fa9d-dc82-4540-9171-e78e28b62441
		ff9c277d-0e3e-44b8-9d67-8e0668e72b14
		0fcb91da-513f-49c6-8743-69b3dd3785fb
		356fa5e7-c968-4c8f-b7bb-7f406f7c233c
2018-11-13 00:02:47,507 7008   INFO  [6b4a6c] Doing some complicated stuff.. Random numbers are: 1999922157, 515378152, 1532357390.
2018-11-13 00:02:47,528 7029   INFO  [fe2106] Finished processing user request with id = fe210646-3715-4ae7-bac0-c35a5e86cb09 in 00:00:00.0614089.
2018-11-13 00:02:47,537 7038   INFO  [BackgroundDaemon] Processing data (73% completed)..
2018-11-13 00:02:47,537 7038   INFO  [BackgroundDaemon] Finished iteration in 00:00:00.1554872.
2018-11-13 00:02:47,542 7043   INFO  [aedffc] Started processing user request. Id = aedffc44-3f1a-433e-8818-59945fb4a04f. Size = 19.1 KB.
2018-11-13 00:02:47,549 7050   INFO  [aedffc] Doing some complicated stuff.. Random numbers are: 1461667274, 825172406, 503676385.
2018-11-13 00:02:47,551 7052   INFO  [6b4a6c] Finished processing user request with id = 6b4a6c1f-be4c-402b-aec8-61e3705a6d8a in 00:00:00.0544287.
2018-11-13 00:02:47,564 7065   INFO  [aedffc] Here's some useful guids:
		b0ecd2aa-52a9-4f8c-8ea6-485116adca2e
		0d4810e6-2d43-4027-8e54-14237f6585e0
		5ac28a9d-1824-47da-b1af-c43cff089bcb
2018-11-13 00:02:47,582 7083   INFO  [d95a3d] Started processing user request. Id = d95a3d0e-6897-484c-9041-f15f54a15804. Size = 41.92 KB.
2018-11-13 00:02:47,591 7092   INFO  [b1d32e] Started processing user request. Id = b1d32ef3-88fa-4641-be92-c56d620ee0a5. Size = 35.71 KB.
2018-11-13 00:02:47,592 7093   INFO  [aedffc] Finished processing user request with id = aedffc44-3f1a-433e-8818-59945fb4a04f in 00:00:00.0506669.
2018-11-13 00:02:47,598 7099   INFO  [d95a3d] Doing some complicated stuff.. Random numbers are: 1278146414, 787359594, 183413899.
2018-11-13 00:02:47,606 7107   INFO  [4468ca] Started processing user request. Id = 4468cabf-bf0d-46c0-a2c8-def3cdff095f. Size = 18.76 KB.
2018-11-13 00:02:47,609 7110   INFO  [b1d32e] Doing some complicated stuff.. Random numbers are: 1656315680, 662696819, 580835359.
2018-11-13 00:02:47,622 7123   INFO  [4468ca] Doing some complicated stuff.. Random numbers are: 233133240, 227850825, 849196425.
2018-11-13 00:02:47,628 7129   INFO  [d95a3d] Finished processing user request with id = d95a3d0e-6897-484c-9041-f15f54a15804 in 00:00:00.0460904.
2018-11-13 00:02:47,633 7134   INFO  [b1d32e] Here's some useful guids:
		d9fb0a72-0e00-4cda-b165-60e7074083cb
		850d7a41-718a-46ff-9b18-10e8dfcb9b54
		b10a4e30-ba81-4b03-8ad7-19bf5cc22426
		ba79d4c8-5c58-4e39-a31c-5673392ddaf7
2018-11-13 00:02:47,660 7161   INFO  [b1d32e] Finished processing user request with id = b1d32ef3-88fa-4641-be92-c56d620ee0a5 in 00:00:00.0684457.
2018-11-13 00:02:47,660 7161   INFO  [50d59c] Started processing user request. Id = 50d59c89-2d76-42af-92f2-be8fc420a625. Size = 51.1 KB.
2018-11-13 00:02:47,673 7174   INFO  [50d59c] Doing some complicated stuff.. Random numbers are: 1598683741, 1243669372, 2105641983.
2018-11-13 00:02:47,685 7186   INFO  [50d59c] Here's some useful guids:
		245ac9c6-661f-4610-997d-513845d31b99
		e4b53670-7d0a-4f14-b6d1-20ef0e086bdf
		04efa13c-1c21-49f0-958e-3f15dea2be6f
		fbf631c1-18c7-4b66-8202-c877881aefe6
		ae62a6c3-7246-4a08-86d2-30c63cde8891
2018-11-13 00:02:47,689 7190   INFO  [4468ca] Finished processing user request with id = 4468cabf-bf0d-46c0-a2c8-def3cdff095f in 00:00:00.0824190.
2018-11-13 00:02:47,703 7204   INFO  [75b28b] Started processing user request. Id = 75b28b38-97ca-4e1c-9f46-19db08d9beb1. Size = 52 KB.
2018-11-13 00:02:47,708 7209   INFO  [50d59c] Finished processing user request with id = 50d59c89-2d76-42af-92f2-be8fc420a625 in 00:00:00.0480274.
2018-11-13 00:02:47,715 7216   INFO  [75b28b] Doing some complicated stuff.. Random numbers are: 299974833, 524998516, 569128234.
2018-11-13 00:02:47,729 7230   INFO  [75b28b] Finished processing user request with id = 75b28b38-97ca-4e1c-9f46-19db08d9beb1 in 00:00:00.0264205.
2018-11-13 00:02:47,737 7238   INFO  [BackgroundDaemon] Starting iteration #15451.
2018-11-13 00:02:47,739 7240   INFO  [bad1dc] Started processing user request. Id = bad1dc7f-5c1f-44ac-aee3-c6e43c9c93ad. Size = 69.5 KB.
2018-11-13 00:02:47,743 7244   INFO  [6688c5] Started processing user request. Id = 6688c5b5-f902-44d7-82e4-c01d8b9799b0. Size = 59.28 KB.
2018-11-13 00:02:47,745 7246   INFO  [bad1dc] Doing some complicated stuff.. Random numbers are: 1973705112, 1719184401, 2057114481.
2018-11-13 00:02:47,754 7255   INFO  [6688c5] Doing some complicated stuff.. Random numbers are: 283607646, 537213219, 185873606.
2018-11-13 00:02:47,764 7265   INFO  [6688c5] Here's some useful guids:
		089ef0f6-0f6d-47a8-9534-0268cdb38fb7
		963c2c12-3f1c-4863-84b4-3a29325b9ee0
		4c3f8ba8-b0d6-43a3-a4ab-ad33da858b69
		485c7c3f-6c7a-47c1-98cb-3e15e6e40010
2018-11-13 00:02:47,774 7275   INFO  [BackgroundDaemon] Processing data (14% completed)..
2018-11-13 00:02:47,779 7280   INFO  [bad1dc] Finished processing user request with id = bad1dc7f-5c1f-44ac-aee3-c6e43c9c93ad in 00:00:00.0400290.
2018-11-13 00:02:47,790 7291   INFO  [6688c5] Finished processing user request with id = 6688c5b5-f902-44d7-82e4-c01d8b9799b0 in 00:00:00.0470488.
2018-11-13 00:02:47,803 7304   INFO  [496ce5] Started processing user request. Id = 496ce53e-6085-414c-be80-5a00517bb85e. Size = 74.83 KB.
2018-11-13 00:02:47,805 7306   INFO  [Metrics] Cpu: 11.80%; Memory: 19.78 GB/31.88 GB; Workers: 4/1024; IOCP: 0/1024
2018-11-13 00:02:47,808 7309   INFO  [496ce5] Doing some complicated stuff.. Random numbers are: 399098456, 1338288543, 102774518.
2018-11-13 00:02:47,810 7311   INFO  [856760] Started processing user request. Id = 856760d7-6852-4c7a-affa-4d89f7b40b8c. Size = 12.17 KB.
2018-11-13 00:02:47,822 7323   INFO  [856760] Doing some complicated stuff.. Random numbers are: 400958957, 1443310883, 772451579.
2018-11-13 00:02:47,827 7328   INFO  [1a8944] Started processing user request. Id = 1a894406-c726-4694-af78-85e7fed76b3d. Size = 20.96 KB.
2018-11-13 00:02:47,840 7341   INFO  [1a8944] Doing some complicated stuff.. Random numbers are: 744649281, 1291430663, 114370914.
2018-11-13 00:02:47,856 7358   INFO  [496ce5] Finished processing user request with id = 496ce53e-6085-414c-be80-5a00517bb85e in 00:00:00.0530325.
2018-11-13 00:02:47,856 7358   INFO  [856760] Here's some useful guids:
		66a20cf9-5018-4826-8131-60b688bd6ad2
2018-11-13 00:02:47,859 7360   INFO  [BackgroundDaemon] Processing data (26% completed)..
2018-11-13 00:02:47,870 7371   INFO  [ea4188] Started processing user request. Id = ea418806-bd85-4fa8-a1b4-7bc4e1e1b630. Size = 45.36 KB.
2018-11-13 00:02:47,874 7375   INFO  [1a8944] Finished processing user request with id = 1a894406-c726-4694-af78-85e7fed76b3d in 00:00:00.0467321.
2018-11-13 00:02:47,876 7377   INFO  [856760] Finished processing user request with id = 856760d7-6852-4c7a-affa-4d89f7b40b8c in 00:00:00.0657560.
2018-11-13 00:02:47,886 7387   INFO  [ea4188] Doing some complicated stuff.. Random numbers are: 1204180673, 1315773769, 177481533.
2018-11-13 00:02:47,908 7409   INFO  [5cc74b] Started processing user request. Id = 5cc74b98-9112-4af9-a91a-39f5cbac2a5b. Size = 72.24 KB.
2018-11-13 00:02:47,912 7413   INFO  [ea4188] Here's some useful guids:
		4a218730-10a9-460d-aad6-14b3f19d8570
		c746c6b8-ceae-40d1-8bef-734a71137ce3
2018-11-13 00:02:47,914 7415   INFO  [ea4188] Finished processing user request with id = ea418806-bd85-4fa8-a1b4-7bc4e1e1b630 in 00:00:00.0440172.
2018-11-13 00:02:47,922 7423   INFO  [5cc74b] Doing some complicated stuff.. Random numbers are: 581874276, 10249030, 947618113.
2018-11-13 00:02:47,926 7427   INFO  [5cc74b] Here's some useful guids:
		8683c921-9204-40ed-b21f-c8e575afeba6
		3c3225c9-0fc6-46ea-9850-655f647a3095
		be5b9f9e-e521-4c53-9722-8f87f851de40
2018-11-13 00:02:47,927 7428   INFO  [c5df9c] Started processing user request. Id = c5df9cf4-e8aa-4f73-b7d0-c6df1c6c4d05. Size = 40.79 KB.
2018-11-13 00:02:47,930 7431   INFO  [c5df9c] Doing some complicated stuff.. Random numbers are: 996716821, 461261517, 1680663304.
2018-11-13 00:02:47,932 7433   INFO  [5cc74b] Finished processing user request with id = 5cc74b98-9112-4af9-a91a-39f5cbac2a5b in 00:00:00.0238519.
2018-11-13 00:02:47,935 7436   INFO  [BackgroundDaemon] Processing data (50% completed)..
2018-11-13 00:02:47,935 7436   INFO  [BackgroundDaemon] Finished iteration in 00:00:00.1978558.
2018-11-13 00:02:47,963 7464   INFO  [c5df9c] Here's some useful guids:
		eb874843-15f3-42c6-971a-6ebda879a338
		bfc4a983-59c4-41ab-b4bb-e31c64cdd16b
		e8ba56d2-2a1d-4f29-855e-cfda202c3aca
		cba2160b-81de-4f4c-9b7f-5f67bb354c21
2018-11-13 00:02:47,964 7465   INFO  [883989] Started processing user request. Id = 88398927-6de3-418c-982a-5007d122d075. Size = 62.13 KB.
2018-11-13 00:02:47,981 7482   INFO  [883989] Doing some complicated stuff.. Random numbers are: 1783150187, 1413362355, 844425410.
2018-11-13 00:02:47,992 7493   INFO  [c5df9c] Finished processing user request with id = c5df9cf4-e8aa-4f73-b7d0-c6df1c6c4d05 in 00:00:00.0648355.
2018-11-13 00:02:48,005 7506   ERROR [883989] 
System.InvalidOperationException: Oh no! An error occurred!
2018-11-13 00:02:48,005 7506   INFO  [261e46] Started processing user request. Id = 261e4631-4ac8-48f5-ba5f-842327c00af2. Size = 84.72 KB.
2018-11-13 00:02:48,022 7523   INFO  [261e46] Doing some complicated stuff.. Random numbers are: 1536700854, 116956328, 1763444744.
2018-11-13 00:02:48,032 7533   INFO  [261e46] Here's some useful guids:
		56d3468a-046a-446f-a894-21b8b2329d78
		c29fc53b-1ccc-4ef2-8ccf-1084cb090edc
2018-11-13 00:02:48,037 7538   INFO  [9757e7] Started processing user request. Id = 9757e725-a55a-4605-b781-95dc9373a5f3. Size = 62.54 KB.
2018-11-13 00:02:48,042 7543   INFO  [c5f12f] Started processing user request. Id = c5f12f73-c52e-4615-8fd2-624f94a61d53. Size = 3.69 KB.
2018-11-13 00:02:48,051 7552   INFO  [9757e7] Doing some complicated stuff.. Random numbers are: 385430426, 512283675, 427965392.
2018-11-13 00:02:48,056 7557   INFO  [c5f12f] Doing some complicated stuff.. Random numbers are: 1410970052, 59911517, 989995423.
2018-11-13 00:02:48,062 7563   INFO  [261e46] Finished processing user request with id = 261e4631-4ac8-48f5-ba5f-842327c00af2 in 00:00:00.0570876.
2018-11-13 00:02:48,072 7573   ERROR [9757e7] 
System.InvalidOperationException: Oh no! An error occurred!
2018-11-13 00:02:48,076 7577   INFO  [768a26] Started processing user request. Id = 768a264e-54dc-4c51-bd24-bcecd802d13a. Size = 56.59 KB.
2018-11-13 00:02:48,084 7585   INFO  [768a26] Doing some complicated stuff.. Random numbers are: 1118690892, 477174061, 1487662136.
2018-11-13 00:02:48,103 7604   INFO  [948e3b] Started processing user request. Id = 948e3b7c-c482-477f-9990-aeedf9ae938d. Size = 37.76 KB.
2018-11-13 00:02:48,105 7606   INFO  [768a26] Here's some useful guids:
		1b864af2-8d08-4432-8012-c6aa045310d1
		495a8668-5cee-47e0-a6d2-e832497474e5
		4e92c373-c2d3-4440-a25b-44cd1df4d415
		cf68d500-8d96-4f91-9441-a26844e7b669
		490cb924-de9a-48fc-b85a-d6c2784addc0
2018-11-13 00:02:48,107 7608   INFO  [768a26] Finished processing user request with id = 768a264e-54dc-4c51-bd24-bcecd802d13a in 00:00:00.0310116.
2018-11-13 00:02:48,115 7616   INFO  [c5f12f] Finished processing user request with id = c5f12f73-c52e-4615-8fd2-624f94a61d53 in 00:00:00.0731256.
2018-11-13 00:02:48,118 7619   INFO  [948e3b] Doing some complicated stuff.. Random numbers are: 1661568357, 423715313, 1677646674.
2018-11-13 00:02:48,121 7622   INFO  [920ad6] Started processing user request. Id = 920ad664-5ff8-4e8c-80a9-39aa9aa90eac. Size = 73.17 KB.
2018-11-13 00:02:48,124 7625   INFO  [948e3b] Here's some useful guids:
		114cb4ff-05d2-4404-ae7d-3e2b308ce77e
		c63b85ac-94bf-4ec8-8689-7d30ebd49019
		7c1a9b9d-6e38-4352-89eb-8697c60bc2cd
		81450a98-9caf-4d7f-93c6-c1aba9fe5ccb
2018-11-13 00:02:48,136 7637   INFO  [BackgroundDaemon] Starting iteration #15452.
2018-11-13 00:02:48,138 7639   INFO  [948e3b] Finished processing user request with id = 948e3b7c-c482-477f-9990-aeedf9ae938d in 00:00:00.0343083.
2018-11-13 00:02:48,141 7642   INFO  [920ad6] Doing some complicated stuff.. Random numbers are: 486132819, 1259115932, 966990872.
2018-11-13 00:02:48,170 7671   INFO  [031ab2] Started processing user request. Id = 031ab221-fbdc-4fb4-9105-bf3a0c02ce4b. Size = 46.89 KB.
2018-11-13 00:02:48,179 7680   INFO  [920ad6] Here's some useful guids:
		afa8d7c1-1470-4e08-ab45-500a7b02e16d
2018-11-13 00:02:48,184 7685   INFO  [031ab2] Doing some complicated stuff.. Random numbers are: 1415303493, 403475741, 1584219889.
2018-11-13 00:02:48,192 7693   INFO  [920ad6] Finished processing user request with id = 920ad664-5ff8-4e8c-80a9-39aa9aa90eac in 00:00:00.0703588.
2018-11-13 00:02:48,206 7707   INFO  [3d7cae] Started processing user request. Id = 3d7cae2f-803f-4330-a8ed-476687cf89b8. Size = 63.51 KB.
2018-11-13 00:02:48,219 7720   INFO  [BackgroundDaemon] Processing data (19% completed)..
2018-11-13 00:02:48,220 7721   INFO  [031ab2] Finished processing user request with id = 031ab221-fbdc-4fb4-9105-bf3a0c02ce4b in 00:00:00.0499584.
2018-11-13 00:02:48,225 7726   INFO  [3d7cae] Doing some complicated stuff.. Random numbers are: 1994604045, 58194361, 1470962566.
2018-11-13 00:02:48,251 7752   INFO  [3d7cae] Here's some useful guids:
		a27e3ad5-a125-40ec-8461-140a4261253d
		28a42ea1-f217-44a3-8cd9-978499b9c9fa
		7e189262-d1f0-448f-9c2c-fcf72813cd41
2018-11-13 00:02:48,252 7753   INFO  [2e5fb3] Started processing user request. Id = 2e5fb3b8-9e83-4c05-9940-f99e10931f1a. Size = 51.88 KB.
2018-11-13 00:02:48,258 7759   INFO  [2e5fb3] Doing some complicated stuff.. Random numbers are: 339822046, 612426103, 1500612355.
2018-11-13 00:02:48,262 7763   INFO  [2e5fb3] Here's some useful guids:
		8b204629-6e8c-462b-a1b4-9277befe1165
2018-11-13 00:02:48,271 7772   INFO  [BackgroundDaemon] Processing data (47% completed)..
2018-11-13 00:02:48,275 7776   INFO  [3d7cae] Finished processing user request with id = 3d7cae2f-803f-4330-a8ed-476687cf89b8 in 00:00:00.0690102.
2018-11-13 00:02:48,279 7780   INFO  [2e5fb3] Finished processing user request with id = 2e5fb3b8-9e83-4c05-9940-f99e10931f1a in 00:00:00.0269627.
2018-11-13 00:02:48,283 7784   INFO  [268ad2] Started processing user request. Id = 268ad285-489b-464e-8da2-ae8bee3770ca. Size = 98.08 KB.
2018-11-13 00:02:48,289 7790   INFO  [2ef6a5] Started processing user request. Id = 2ef6a5a0-de06-4d62-8b95-f68f7b09a9c3. Size = 49.58 KB.
2018-11-13 00:02:48,292 7793   INFO  [268ad2] Doing some complicated stuff.. Random numbers are: 109852213, 1029594437, 1362147192.
2018-11-13 00:02:48,305 7806   INFO  [Metrics] Cpu: 11.80%; Memory: 19.78 GB/31.88 GB; Workers: 4/1024; IOCP: 0/1024
2018-11-13 00:02:48,309 7810   INFO  [2ef6a5] Doing some complicated stuff.. Random numbers are: 608794206, 2068283998, 1110115016.
2018-11-13 00:02:48,309 7810   INFO  [268ad2] Here's some useful guids:
		e9e5a711-98bb-4cb6-b7ca-9585278c451a
		f0e76aff-297b-4339-96c4-39be88856876
2018-11-13 00:02:48,311 7812   INFO  [5c04fb] Started processing user request. Id = 5c04fb91-d925-4571-9a65-df45a1ab37ac. Size = 7.03 KB.
2018-11-13 00:02:48,317 7818   INFO  [2ef6a5] Finished processing user request with id = 2ef6a5a0-de06-4d62-8b95-f68f7b09a9c3 in 00:00:00.0280137.
2018-11-13 00:02:48,326 7827   INFO  [5c04fb] Doing some complicated stuff.. Random numbers are: 1998851363, 1685822022, 777838528.
2018-11-13 00:02:48,330 7831   INFO  [268ad2] Finished processing user request with id = 268ad285-489b-464e-8da2-ae8bee3770ca in 00:00:00.0470236.
2018-11-13 00:02:48,331 7832   INFO  [a2bff5] Started processing user request. Id = a2bff5ad-afbb-4644-998f-d17a3fe4d291. Size = 26.02 KB.
2018-11-13 00:02:48,331 7832   INFO  [5c04fb] Here's some useful guids:
		f5e7bd20-ea40-4e4f-a4cc-d69c671bf0de
		189c38e8-bf47-478a-a6af-6852b4ab4260
		ddf1666a-3163-438b-835a-c84e70b28e63
		c0a7f870-795f-42b2-b3a0-790ccc7d5624
2018-11-13 00:02:48,345 7846   INFO  [5c04fb] Finished processing user request with id = 5c04fb91-d925-4571-9a65-df45a1ab37ac in 00:00:00.0339397.
2018-11-13 00:02:48,347 7848   INFO  [a2bff5] Doing some complicated stuff.. Random numbers are: 997875500, 1492289880, 681534667.
2018-11-13 00:02:48,365 7866   INFO  [BackgroundDaemon] Processing data (79% completed)..
2018-11-13 00:02:48,365 7866   INFO  [BackgroundDaemon] Finished iteration in 00:00:00.2289953.
2018-11-13 00:02:48,377 7878   INFO  [796c85] Started processing user request. Id = 796c8591-0add-47c2-9c38-52b104906599. Size = 68.16 KB.
2018-11-13 00:02:48,391 7892   INFO  [796c85] Doing some complicated stuff.. Random numbers are: 1479552530, 1641191484, 625348426.
2018-11-13 00:02:48,393 7894   INFO  [796c85] Here's some useful guids:
		15e62449-f42e-48b6-a785-fdb02d31a200
		7d66d055-7c5a-40cb-aa80-54d5009817fd
		60f2c081-05a8-4fc4-993b-a801de70430d
		2d6286f1-3084-4a0b-9293-25ad7be2d74c
		6cc18526-b123-4e13-9817-219103a03606
2018-11-13 00:02:48,404 7905   INFO  [a2bff5] Finished processing user request with id = a2bff5ad-afbb-4644-998f-d17a3fe4d291 in 00:00:00.0729421.
2018-11-13 00:02:48,408 7909   INFO  [796c85] Finished processing user request with id = 796c8591-0add-47c2-9c38-52b104906599 in 00:00:00.0310424.
2018-11-13 00:02:48,418 7919   INFO  [3b3dbc] Started processing user request. Id = 3b3dbce4-84b8-401d-a419-4a073b02fdc9. Size = 59.3 KB.
2018-11-13 00:02:48,436 7937   INFO  [3b3dbc] Doing some complicated stuff.. Random numbers are: 1990153319, 236885149, 2020338901.
2018-11-13 00:02:48,440 7941   INFO  [cec182] Started processing user request. Id = cec1823d-7258-45f4-a827-3e8b12918226. Size = 58.66 KB.
2018-11-13 00:02:48,443 7944   INFO  [3b3dbc] Here's some useful guids:
		12a4de84-2aa3-4262-9a37-bd5210a4a5d1
		0cccdb5c-0b12-41b1-9687-1c14011501ff
		0cdccd33-e746-4b42-a470-65c80a1065e6
		f73f580b-cc68-4167-9eb6-ee1115651058
2018-11-13 00:02:48,449 7950   INFO  [cec182] Doing some complicated stuff.. Random numbers are: 2093006666, 1607122849, 1729465985.
2018-11-13 00:02:48,457 7958   INFO  [3b3dbc] Finished processing user request with id = 3b3dbce4-84b8-401d-a419-4a073b02fdc9 in 00:00:00.0390246.
2018-11-13 00:02:48,471 7972   INFO  [e46e72] Started processing user request. Id = e46e7220-d180-4cfa-8b26-b87ed86552c6. Size = 52.73 KB.
2018-11-13 00:02:48,473 7974   INFO  [e46e72] Doing some complicated stuff.. Random numbers are: 994074585, 1153221279, 310471659.
2018-11-13 00:02:48,475 7976   INFO  [cec182] Here's some useful guids:
		b2473f75-7b82-4ae9-8d05-f2616a444ae9
		5592214e-0c75-4aac-97eb-0c754b1afcbc
		8860fe9f-c39a-40a8-82d4-8d6e8a7ce033
2018-11-13 00:02:48,478 7979   INFO  [cec182] Finished processing user request with id = cec1823d-7258-45f4-a827-3e8b12918226 in 00:00:00.0380147.
2018-11-13 00:02:48,481 7982   INFO  [e46e72] Here's some useful guids:
		dbd5ea75-4528-46af-b26a-100af99790fb
		398766f5-1376-4c7f-b080-a765bea9cf62
		a928a756-1be4-4c9d-8838-5be6b078c8be
		af6694e3-67b5-4b28-9f02-68e4273e11cf
2018-11-13 00:02:48,498 7999   INFO  [d4ee0a] Started processing user request. Id = d4ee0aef-e1e3-4972-b007-bdfbcbb0f6c6. Size = 67.9 KB.
2018-11-13 00:02:48,503 8004   INFO  [e46e72] Finished processing user request with id = e46e7220-d180-4cfa-8b26-b87ed86552c6 in 00:00:00.0320110.
2018-11-13 00:02:48,503 8004   INFO  [d4ee0a] Doing some complicated stuff.. Random numbers are: 1881546068, 1407620286, 1661293456.
2018-11-13 00:02:48,510 8011   INFO  [610205] Started processing user request. Id = 610205b3-2a5e-4fe9-bccf-4550b2de6fd3. Size = 75.04 KB.
2018-11-13 00:02:48,512 8013   INFO  [610205] Doing some complicated stuff.. Random numbers are: 963881040, 555536864, 785012812.
2018-11-13 00:02:48,517 8018   INFO  [746f36] Started processing user request. Id = 746f36a1-dfd5-4772-8b39-378690fde851. Size = 6.81 KB.
2018-11-13 00:02:48,526 8027   INFO  [746f36] Doing some complicated stuff.. Random numbers are: 690039231, 121186368, 1050290543.
2018-11-13 00:02:48,532 8033   INFO  [746f36] Here's some useful guids:
		52ff1093-c9eb-41f4-8d12-7a04528e98da
2018-11-13 00:02:48,539 8040   INFO  [746f36] Finished processing user request with id = 746f36a1-dfd5-4772-8b39-378690fde851 in 00:00:00.0220133.
2018-11-13 00:02:48,548 8049   ERROR [d4ee0a] 
System.InvalidOperationException: Oh no! An error occurred!
2018-11-13 00:02:48,553 8054   INFO  [6b2fb4] Started processing user request. Id = 6b2fb461-d211-43fe-8c6e-3e47314ae299. Size = 7.04 KB.
2018-11-13 00:02:48,560 8061   INFO  [610205] Finished processing user request with id = 610205b3-2a5e-4fe9-bccf-4550b2de6fd3 in 00:00:00.0500314.
2018-11-13 00:02:48,565 8066   INFO  [BackgroundDaemon] Starting iteration #15453.
2018-11-13 00:02:48,570 8071   INFO  [6b2fb4] Doing some complicated stuff.. Random numbers are: 83785805, 1987152614, 1937258889.
2018-11-13 00:02:48,592 8093   INFO  [ee5e81] Started processing user request. Id = ee5e8171-bae1-4734-9f5e-954546d9ab9e. Size = 6.91 KB.
2018-11-13 00:02:48,599 8100   INFO  [ee5e81] Doing some complicated stuff.. Random numbers are: 1875708270, 696141657, 634556317.
2018-11-13 00:02:48,600 8101   INFO  [BackgroundDaemon] Processing data (13% completed)..
2018-11-13 00:02:48,617 8118   INFO  [6b2fb4] Finished processing user request with id = 6b2fb461-d211-43fe-8c6e-3e47314ae299 in 00:00:00.0640308.
2018-11-13 00:02:48,620 8121   INFO  [ee5e81] Finished processing user request with id = ee5e8171-bae1-4734-9f5e-954546d9ab9e in 00:00:00.0279642.
2018-11-13 00:02:48,631 8132   INFO  [a2f243] Started processing user request. Id = a2f24364-c999-4fb0-bd34-3ade3f9ddcff. Size = 12.93 KB.
2018-11-13 00:02:48,641 8142   INFO  [BackgroundDaemon] Processing data (42% completed)..
2018-11-13 00:02:48,642 8143   INFO  [a2f243] Doing some complicated stuff.. Random numbers are: 1855200999, 1189501371, 258794598.
2018-11-13 00:02:48,651 8152   INFO  [318b5b] Started processing user request. Id = 318b5b32-3ee2-454d-86ee-c2edd597b61f. Size = 97.55 KB.
2018-11-13 00:02:48,664 8165   INFO  [318b5b] Doing some complicated stuff.. Random numbers are: 1778082884, 82545440, 1249993895.
2018-11-13 00:02:48,670 8171   INFO  [a2f243] Here's some useful guids:
		2cc709c1-e5e3-4580-8747-662e1a5d8a5b
		1eeb7cf5-7202-499a-a579-24b1bb401e0c
		a14105e9-ec1a-4bd8-85b0-7e7629d41594
		39d7d061-a5c8-46be-a9b2-b3391c262e09
		85dc3b2b-5b29-4782-9b75-1f91eea3ac40
2018-11-13 00:02:48,674 8175   INFO  [BackgroundDaemon] Processing data (56% completed)..
2018-11-13 00:02:48,674 8175   INFO  [BackgroundDaemon] Finished iteration in 00:00:00.1092316.
2018-11-13 00:02:48,677 8178   INFO  [a2f243] Finished processing user request with id = a2f24364-c999-4fb0-bd34-3ade3f9ddcff in 00:00:00.0461679.
2018-11-13 00:02:48,688 8189   INFO  [318b5b] Finished processing user request with id = 318b5b32-3ee2-454d-86ee-c2edd597b61f in 00:00:00.0371736.
2018-11-13 00:02:48,691 8192   INFO  [0c6a2a] Started processing user request. Id = 0c6a2a7a-a0aa-422f-8e28-a4b7e89c3864. Size = 49.37 KB.
2018-11-13 00:02:48,695 8196   INFO  [0c6a2a] Doing some complicated stuff.. Random numbers are: 444057192, 362856968, 719735700.
2018-11-13 00:02:48,698 8199   INFO  [0c6a2a] Here's some useful guids:
		15ee14af-d866-43d8-a222-7a0475f5856d
		300629a9-740e-4ea4-9eac-50da164e9964
		af85c375-ed26-44ca-988c-29471b3b3496
2018-11-13 00:02:48,715 8216   INFO  [34cc8a] Started processing user request. Id = 34cc8a0e-cb23-45e9-8ace-163dac7dab43. Size = 11.11 KB.
2018-11-13 00:02:48,720 8221   INFO  [cd858f] Started processing user request. Id = cd858f26-8471-484f-b474-f03dd0a94fca. Size = 17.9 KB.
2018-11-13 00:02:48,725 8226   INFO  [0c6a2a] Finished processing user request with id = 0c6a2a7a-a0aa-422f-8e28-a4b7e89c3864 in 00:00:00.0340183.
2018-11-13 00:02:48,731 8232   INFO  [34cc8a] Doing some complicated stuff.. Random numbers are: 167131693, 1357091921, 1229951153.
2018-11-13 00:02:48,735 8236   INFO  [34cc8a] Here's some useful guids:
		ec4b5842-ee88-493a-b43a-5591ec6affd5
		2562144f-2cea-437a-a0e8-3be08dfc2049
		e7320a18-f70a-4ff7-bf49-6f14189aff88
		232d531c-b96f-4738-a5cf-47230ef70c0a
		6aaa59bf-a3e6-4173-a65f-349313df66f2
2018-11-13 00:02:48,738 8239   INFO  [3fe48a] Started processing user request. Id = 3fe48a97-fff6-43c7-8eb4-78cf803e7a12. Size = 78.78 KB.
2018-11-13 00:02:48,739 8240   INFO  [cd858f] Doing some complicated stuff.. Random numbers are: 1512751541, 1913287327, 2075716750.
2018-11-13 00:02:48,740 8241   INFO  [3fe48a] Doing some complicated stuff.. Random numbers are: 563395500, 911369644, 1836114728.
2018-11-13 00:02:48,757 8258   INFO  [34cc8a] Finished processing user request with id = 34cc8a0e-cb23-45e9-8ace-163dac7dab43 in 00:00:00.0420612.
2018-11-13 00:02:48,757 8258   INFO  [3fe48a] Finished processing user request with id = 3fe48a97-fff6-43c7-8eb4-78cf803e7a12 in 00:00:00.0190289.
2018-11-13 00:02:48,767 8268   INFO  [cd858f] Here's some useful guids:
		a3c31231-99a5-428a-9565-ba7d32b6f43f
		d169105e-7d15-4f44-9d93-066f561a9860
2018-11-13 00:02:48,771 8272   INFO  [96e485] Started processing user request. Id = 96e4856d-e07a-4298-aeb9-5e3c097ffff4. Size = 62.31 KB.
2018-11-13 00:02:48,776 8277   INFO  [96e485] Doing some complicated stuff.. Random numbers are: 560630319, 1553933087, 1486970935.
2018-11-13 00:02:48,786 8287   INFO  [cd858f] Finished processing user request with id = cd858f26-8471-484f-b474-f03dd0a94fca in 00:00:00.0661088.
2018-11-13 00:02:48,805 8306   INFO  [Metrics] Cpu: 11.06%; Memory: 19.78 GB/31.88 GB; Workers: 4/1024; IOCP: 0/1024
2018-11-13 00:02:48,806 8307   INFO  [96e485] Finished processing user request with id = 96e4856d-e07a-4298-aeb9-5e3c097ffff4 in 00:00:00.0344364.
2018-11-13 00:02:48,818 8319   INFO  [72758e] Started processing user request. Id = 72758e4d-2bb4-4f9d-b22b-f4b7414fd6af. Size = 42.23 KB.
2018-11-13 00:02:48,820 8321   INFO  [efdee7] Started processing user request. Id = efdee70c-e61b-409d-92d5-3379a34abca2. Size = 19.71 KB.
2018-11-13 00:02:48,826 8327   INFO  [72758e] Doing some complicated stuff.. Random numbers are: 1595306225, 1037622283, 856982229.
2018-11-13 00:02:48,828 8329   INFO  [efdee7] Doing some complicated stuff.. Random numbers are: 48015678, 721323724, 1805589885.
2018-11-13 00:02:48,853 8354   INFO  [72758e] Here's some useful guids:
		f7ca6f69-87ad-4187-af73-a3508ef64faf
2018-11-13 00:02:48,875 8376   INFO  [efdee7] Finished processing user request with id = efdee70c-e61b-409d-92d5-3379a34abca2 in 00:00:00.0550457.
2018-11-13 00:02:48,875 8376   INFO  [BackgroundDaemon] Starting iteration #15454.
2018-11-13 00:02:48,875 8376   INFO  [72758e] Finished processing user request with id = 72758e4d-2bb4-4f9d-b22b-f4b7414fd6af in 00:00:00.0570269.
2018-11-13 00:02:48,889 8390   INFO  [d47e9f] Started processing user request. Id = d47e9fbf-1ca2-4819-8a72-3a5ea658fb8e. Size = 62.97 KB.
2018-11-13 00:02:48,904 8405   INFO  [d47e9f] Doing some complicated stuff.. Random numbers are: 1858568608, 1563082475, 734139488.
2018-11-13 00:02:48,907 8408   INFO  [c65d20] Started processing user request. Id = c65d205d-ac41-4beb-96a1-4b69a99ece67. Size = 66.65 KB.
2018-11-13 00:02:48,915 8416   INFO  [d47e9f] Finished processing user request with id = d47e9fbf-1ca2-4819-8a72-3a5ea658fb8e in 00:00:00.0260108.
2018-11-13 00:02:48,915 8416   INFO  [BackgroundDaemon] Processing data (6% completed)..
2018-11-13 00:02:48,921 8422   INFO  [c65d20] Doing some complicated stuff.. Random numbers are: 1996001841, 145754044, 1787779554.
2018-11-13 00:02:48,925 8426   INFO  [41815e] Started processing user request. Id = 41815e59-909f-4bc2-ab3c-61343ec7b2fb. Size = 30.45 KB.
2018-11-13 00:02:48,928 8429   INFO  [484449] Started processing user request. Id = 484449c7-9938-4be5-842c-2adb28125422. Size = 25.13 KB.
2018-11-13 00:02:48,935 8436   INFO  [41815e] Doing some complicated stuff.. Random numbers are: 1537896758, 1591165417, 310650245.
2018-11-13 00:02:48,937 8438   INFO  [484449] Doing some complicated stuff.. Random numbers are: 1500870290, 1499797676, 2100414016.
2018-11-13 00:02:48,940 8441   INFO  [c65d20] Here's some useful guids:
		3d07fd4a-5ca9-439e-b084-c6e8b9ae61a6
		6fc4911a-33c1-4dce-9cec-225b85f4ebcd
2018-11-13 00:02:48,947 8448   INFO  [BackgroundDaemon] Processing data (22% completed)..
2018-11-13 00:02:48,956 8457   INFO  [484449] Here's some useful guids:
		fa875b32-fe94-414c-b162-e5411a2c6727
		c2620d3d-d881-4bb3-8ed2-0480d7d7d7bc
		f97cee08-b4b0-4d91-8a0c-1d20cd8c7408
2018-11-13 00:02:48,959 8460   INFO  [484449] Finished processing user request with id = 484449c7-9938-4be5-842c-2adb28125422 in 00:00:00.0309315.
2018-11-13 00:02:48,962 8463   INFO  [c65d20] Finished processing user request with id = c65d205d-ac41-4beb-96a1-4b69a99ece67 in 00:00:00.0550029.
2018-11-13 00:02:48,963 8464   INFO  [41815e] Here's some useful guids:
		3f7ce7a0-06d4-4f02-a707-731f601740ed
		b491580b-f373-47c5-876b-a8ce6a2a09db
		bd9557a4-5a74-427f-9428-36e6186179c5
2018-11-13 00:02:48,973 8474   INFO  [485f1b] Started processing user request. Id = 485f1b72-665c-4de3-9f83-abb632f77320. Size = 46.65 KB.
2018-11-13 00:02:48,984 8485   INFO  [485f1b] Doing some complicated stuff.. Random numbers are: 1278431078, 1267585249, 1834784089.
2018-11-13 00:02:48,986 8487   ERROR [41815e] 
System.InvalidOperationException: Oh no! An error occurred!
2018-11-13 00:02:48,994 8495   INFO  [6e3a87] Started processing user request. Id = 6e3a8762-f431-4fc1-8ec7-bd690e3fcec8. Size = 32.78 KB.
2018-11-13 00:02:48,996 8497   INFO  [485f1b] Here's some useful guids:
		afbdeb4d-7575-46a2-b875-3c4be9f18967
		da22a3cf-aa30-4e29-8c11-92802377887a
		3445fe20-d503-422b-9dcc-f89ceee5a26c
2018-11-13 00:02:49,002 8503   INFO  [6e3a87] Doing some complicated stuff.. Random numbers are: 1574706100, 1743658164, 782990769.
2018-11-13 00:02:49,013 8514   INFO  [485f1b] Finished processing user request with id = 485f1b72-665c-4de3-9f83-abb632f77320 in 00:00:00.0400824.
2018-11-13 00:02:49,027 8528   INFO  [8e6982] Started processing user request. Id = 8e6982b8-b99e-44b7-be0d-22e57b09e837. Size = 24.39 KB.
2018-11-13 00:02:49,035 8536   INFO  [8e6982] Doing some complicated stuff.. Random numbers are: 1500588124, 950229892, 1196521799.
2018-11-13 00:02:49,039 8540   INFO  [8e6982] Here's some useful guids:
		93cc0f39-e749-4d8e-b5aa-3228a9114682
		c74aafb5-14be-439a-b93e-72344b562d06
		00b76dae-c4b9-40c3-9159-954b84ec90f7
		a2d98630-7a9e-4d77-977d-5021083047da
2018-11-13 00:02:49,044 8545   INFO  [6e3a87] Finished processing user request with id = 6e3a8762-f431-4fc1-8ec7-bd690e3fcec8 in 00:00:00.0506062.
2018-11-13 00:02:49,046 8547   INFO  [BackgroundDaemon] Processing data (50% completed)..
2018-11-13 00:02:49,046 8547   INFO  [BackgroundDaemon] Finished iteration in 00:00:00.1717165.
2018-11-13 00:02:49,066 8567   INFO  [8e6982] Finished processing user request with id = 8e6982b8-b99e-44b7-be0d-22e57b09e837 in 00:00:00.0395419.
2018-11-13 00:02:49,075 8576   INFO  [c96caa] Started processing user request. Id = c96caaed-d7ff-4540-a93a-b0fe75205826. Size = 17.76 KB.
2018-11-13 00:02:49,079 8580   INFO  [77a628] Started processing user request. Id = 77a62890-7a7c-40f0-8021-d58e61d13e63. Size = 19.68 KB.
2018-11-13 00:02:49,095 8596   INFO  [c96caa] Doing some complicated stuff.. Random numbers are: 78182826, 941278196, 1443212726.
2018-11-13 00:02:49,099 8600   INFO  [77a628] Doing some complicated stuff.. Random numbers are: 942608301, 1140706736, 1049847581.
2018-11-13 00:02:49,110 8611   INFO  [c96caa] Finished processing user request with id = c96caaed-d7ff-4540-a93a-b0fe75205826 in 00:00:00.0350684.
2018-11-13 00:02:49,129 8631   INFO  [77a628] Here's some useful guids:
		3223a2ed-fcc2-4739-89c2-9d314bef54c8
		35471f69-84c8-42f0-8af7-ea5303971ae5
		bfa810fa-0d74-46df-b1e8-294d19bb8cd5
2018-11-13 00:02:49,141 8642   INFO  [77a628] Finished processing user request with id = 77a62890-7a7c-40f0-8021-d58e61d13e63 in 00:00:00.0611429.
2018-11-13 00:02:49,142 8643   INFO  [f254e5] Started processing user request. Id = f254e558-507b-43ee-8c54-c9153bcdcf0a. Size = 42.1 KB.
2018-11-13 00:02:49,149 8650   INFO  [f254e5] Doing some complicated stuff.. Random numbers are: 351810039, 2117395086, 265574677.
2018-11-13 00:02:49,154 8655   INFO  [ae1b7f] Started processing user request. Id = ae1b7ff9-89d3-463a-b1b9-6ebf4742e648. Size = 91.68 KB.
2018-11-13 00:02:49,154 8655   INFO  [42bc90] Started processing user request. Id = 42bc90c7-1418-4d80-93e0-2763674bee7d. Size = 6.99 KB.
2018-11-13 00:02:49,160 8661   INFO  [42bc90] Doing some complicated stuff.. Random numbers are: 1676639464, 1038648986, 2012633381.
2018-11-13 00:02:49,161 8662   INFO  [ae1b7f] Doing some complicated stuff.. Random numbers are: 1818468659, 1401523554, 1128256367.
2018-11-13 00:02:49,170 8671   INFO  [f254e5] Here's some useful guids:
		d377b18c-4048-40c6-bbb1-111b698e1898
		618e4cb3-d0a9-4c31-ac79-8c75aee73bd7
		394c7682-c8f3-4623-8e54-bd9d73b5c2fa
2018-11-13 00:02:49,172 8673   INFO  [f254e5] Finished processing user request with id = f254e558-507b-43ee-8c54-c9153bcdcf0a in 00:00:00.0300884.
2018-11-13 00:02:49,175 8676   INFO  [42bc90] Here's some useful guids:
		26f65191-f947-4955-a1e3-19f91100f015
2018-11-13 00:02:49,175 8676   INFO  [42bc90] Finished processing user request with id = 42bc90c7-1418-4d80-93e0-2763674bee7d in 00:00:00.0210191.
2018-11-13 00:02:49,189 8690   INFO  [44b407] Started processing user request. Id = 44b4070b-eac2-4d2e-93c7-806a3bedd1bb. Size = 96.03 KB.
2018-11-13 00:02:49,200 8701   INFO  [44b407] Doing some complicated stuff.. Random numbers are: 375243504, 1689415073, 1705093672.
2018-11-13 00:02:49,203 8704   INFO  [e65c6e] Started processing user request. Id = e65c6eb0-de88-45d4-9467-dae907cd48bc. Size = 5.74 KB.
2018-11-13 00:02:49,204 8705   ERROR [ae1b7f] 
System.InvalidOperationException: Oh no! An error occurred!
2018-11-13 00:02:49,214 8715   INFO  [e65c6e] Doing some complicated stuff.. Random numbers are: 614424856, 249959587, 1144513431.
2018-11-13 00:02:49,220 8721   INFO  [e65c6e] Finished processing user request with id = e65c6eb0-de88-45d4-9467-dae907cd48bc in 00:00:00.0170283.
2018-11-13 00:02:49,242 8743   INFO  [44b407] Finished processing user request with id = 44b4070b-eac2-4d2e-93c7-806a3bedd1bb in 00:00:00.0530577.
2018-11-13 00:02:49,247 8748   INFO  [BackgroundDaemon] Starting iteration #15455.
2018-11-13 00:02:49,252 8753   INFO  [fb93a6] Started processing user request. Id = fb93a636-fb07-4b85-8950-cf6d4f032103. Size = 91.36 KB.
2018-11-13 00:02:49,255 8756   INFO  [fb93a6] Doing some complicated stuff.. Random numbers are: 1035376849, 191033698, 512725591.
2018-11-13 00:02:49,256 8757   INFO  [6e24d0] Started processing user request. Id = 6e24d089-285f-45d2-aea6-15e129aaa800. Size = 87.65 KB.
2018-11-13 00:02:49,259 8760   INFO  [6e24d0] Doing some complicated stuff.. Random numbers are: 1272501264, 1459761187, 397029293.
2018-11-13 00:02:49,264 8765   INFO  [6e24d0] Finished processing user request with id = 6e24d089-285f-45d2-aea6-15e129aaa800 in 00:00:00.0080103.
2018-11-13 00:02:49,278 8779   INFO  [23c3c3] Started processing user request. Id = 23c3c335-b895-4337-8172-7a140b89bbce. Size = 9.95 KB.
2018-11-13 00:02:49,280 8781   INFO  [23c3c3] Doing some complicated stuff.. Random numbers are: 260020421, 1848867210, 311219820.
2018-11-13 00:02:49,282 8783   INFO  [23c3c3] Here's some useful guids:
		291232be-750a-451a-8f66-767fac667680
		5123e287-3946-44e4-81c1-8f2e547d97f1
		3a980988-5eb9-4bfd-9088-87a4a4d216d1
		35e49cb3-dc5a-4431-903f-4f37553f7b8a
		5086e3e8-bf8c-44d5-b39e-f1641beaf5e0
2018-11-13 00:02:49,292 8793   INFO  [fb93a6] Finished processing user request with id = fb93a636-fb07-4b85-8950-cf6d4f032103 in 00:00:00.0398750.
2018-11-13 00:02:49,301 8802   INFO  [23c3c3] Finished processing user request with id = 23c3c335-b895-4337-8172-7a140b89bbce in 00:00:00.0229986.
2018-11-13 00:02:49,304 8805   INFO  [Metrics] Cpu: 11.06%; Memory: 19.77 GB/31.88 GB; Workers: 4/1024; IOCP: 0/1024
2018-11-13 00:02:49,315 8816   INFO  [03c741] Started processing user request. Id = 03c7412a-0bef-4cad-88dd-b99732776957. Size = 49.59 KB.
2018-11-13 00:02:49,320 8821   INFO  [03c741] Doing some complicated stuff.. Random numbers are: 82990124, 427023750, 1419536138.
2018-11-13 00:02:49,324 8825   INFO  [500f4b] Started processing user request. Id = 500f4bb6-2cf8-48e1-ad89-c1bf1fa9699d. Size = 23.79 KB.
2018-11-13 00:02:49,330 8831   INFO  [500f4b] Doing some complicated stuff.. Random numbers are: 1950436767, 1797844017, 457703060.
2018-11-13 00:02:49,339 8840   INFO  [BackgroundDaemon] Processing data (10% completed)..
2018-11-13 00:02:49,350 8851   INFO  [500f4b] Finished processing user request with id = 500f4bb6-2cf8-48e1-ad89-c1bf1fa9699d in 00:00:00.0259651.
2018-11-13 00:02:49,359 8860   INFO  [03c741] Finished processing user request with id = 03c7412a-0bef-4cad-88dd-b99732776957 in 00:00:00.0439749.
2018-11-13 00:02:49,372 8873   INFO  [b61bbf] Started processing user request. Id = b61bbf78-7160-4d50-8195-2f854d63c4c7. Size = 86.7 KB.
2018-11-13 00:02:49,373 8874   INFO  [4d74fb] Started processing user request. Id = 4d74fbc4-e78c-4c3d-8127-ea3a7bf4a863. Size = 64.01 KB.
2018-11-13 00:02:49,374 8875   INFO  [b61bbf] Doing some complicated stuff.. Random numbers are: 1012764761, 1313504350, 1367873299.
2018-11-13 00:02:49,381 8882   INFO  [22d9fd] Started processing user request. Id = 22d9fdda-1bc8-4153-9eaf-77e816048cec. Size = 34.15 KB.
2018-11-13 00:02:49,386 8887   INFO  [22d9fd] Doing some complicated stuff.. Random numbers are: 464376256, 1620757182, 1853110837.
2018-11-13 00:02:49,387 8888   INFO  [4d74fb] Doing some complicated stuff.. Random numbers are: 1359153924, 54208978, 1977227924.
2018-11-13 00:02:49,388 8889   INFO  [BackgroundDaemon] Processing data (29% completed)..
2018-11-13 00:02:49,401 8902   INFO  [4d74fb] Here's some useful guids:
		d5a5c963-9f86-4f77-9ae9-e0cbf5c9df57
		ebcff310-e3a2-4eab-95fc-76cab951b81d
		e973bb7d-908f-4145-b15f-299396d464a0
2018-11-13 00:02:49,403 8904   INFO  [b61bbf] Here's some useful guids:
		ae6b9d53-acd2-416d-9162-87546222c981
		cd4ce2af-168d-4255-a7ce-25432da59d13
		c5786ba6-ec8a-4127-92f5-8d07cc725d3b
		fa2b36c5-2ea2-444f-aebf-c5bee0bc80f5
		5afb9ad0-a0f8-43ba-9055-87e6d179508f
2018-11-13 00:02:49,408 8909   INFO  [BackgroundDaemon] Processing data (71% completed)..
2018-11-13 00:02:49,408 8909   INFO  [BackgroundDaemon] Finished iteration in 00:00:00.1612009.
2018-11-13 00:02:49,416 8917   INFO  [4d74fb] Finished processing user request with id = 4d74fbc4-e78c-4c3d-8127-ea3a7bf4a863 in 00:00:00.0430289.
2018-11-13 00:02:49,425 8926   INFO  [22d9fd] Finished processing user request with id = 22d9fdda-1bc8-4153-9eaf-77e816048cec in 00:00:00.0440902.
2018-11-13 00:02:49,428 8929   INFO  [b61bbf] Finished processing user request with id = b61bbf78-7160-4d50-8195-2f854d63c4c7 in 00:00:00.0560706.
2018-11-13 00:02:49,430 8931   INFO  [205689] Started processing user request. Id = 2056899e-48ef-4390-9c51-916e12b43c45. Size = 58.48 KB.
2018-11-13 00:02:49,439 8940   INFO  [205689] Doing some complicated stuff.. Random numbers are: 884525287, 590910910, 2109249152.
2018-11-13 00:02:49,448 8949   INFO  [205689] Finished processing user request with id = 2056899e-48ef-4390-9c51-916e12b43c45 in 00:00:00.0181520.
2018-11-13 00:02:49,456 8957   INFO  [31547f] Started processing user request. Id = 31547f57-16f5-4e26-9c37-27b042685c29. Size = 87.82 KB.
2018-11-13 00:02:49,462 8963   INFO  [c32f9a] Started processing user request. Id = c32f9abe-fc6b-4d6c-af44-434eff476964. Size = 38.96 KB.
2018-11-13 00:02:49,465 8966   INFO  [c32f9a] Doing some complicated stuff.. Random numbers are: 839969315, 1716966032, 508240261.
2018-11-13 00:02:49,472 8973   INFO  [31547f] Doing some complicated stuff.. Random numbers are: 1081153042, 627145440, 1722704028.
2018-11-13 00:02:49,478 8979   INFO  [31547f] Here's some useful guids:
		e58d7111-86c9-4409-9482-fd52b50855fb
		eddf7b03-5934-41c6-ab39-f199872f6fc2
2018-11-13 00:02:49,481 8982   ERROR [31547f] 
System.InvalidOperationException: Oh no! An error occurred!
2018-11-13 00:02:49,513 9014   INFO  [8128eb] Started processing user request. Id = 8128eb20-3420-4ebd-b276-3530a0510ac7. Size = 26.31 KB.
2018-11-13 00:02:49,515 9016   INFO  [c32f9a] Finished processing user request with id = c32f9abe-fc6b-4d6c-af44-434eff476964 in 00:00:00.0531240.
2018-11-13 00:02:49,529 9030   INFO  [3d20c3] Started processing user request. Id = 3d20c3c2-5a12-4a20-8fc4-426790ce3b9c. Size = 92.17 KB.
2018-11-13 00:02:49,532 9033   INFO  [8128eb] Doing some complicated stuff.. Random numbers are: 436886052, 1246404520, 781478206.
2018-11-13 00:02:49,547 9048   INFO  [3d20c3] Doing some complicated stuff.. Random numbers are: 434591357, 572737084, 822000260.
2018-11-13 00:02:49,549 9050   INFO  [8128eb] Here's some useful guids:
		b5f08d2a-22b2-4a18-b05c-196bb67eaeb3
		103c6de7-766f-468c-a42b-12a05d31d707
		873182cf-3f17-4c37-9933-8285265a1438
		6ca2a2fd-425e-4ddb-84c9-09d86b566d73
2018-11-13 00:02:49,571 9072   INFO  [8128eb] Finished processing user request with id = 8128eb20-3420-4ebd-b276-3530a0510ac7 in 00:00:00.0576345.
2018-11-13 00:02:49,578 9079   INFO  [3d20c3] Here's some useful guids:
		a9dc78cc-7900-4f0f-88d5-020fd286f28e
		858e147a-ad38-4045-989f-56c72888ffa5
2018-11-13 00:02:49,592 9093   INFO  [3d20c3] Finished processing user request with id = 3d20c3c2-5a12-4a20-8fc4-426790ce3b9c in 00:00:00.0630783.
2018-11-13 00:02:49,595 9096   INFO  [ca54dc] Started processing user request. Id = ca54dc49-fdd0-412f-bc88-13dd21fd70f0. Size = 39.19 KB.
2018-11-13 00:02:49,602 9103   INFO  [22b456] Started processing user request. Id = 22b4565b-ab78-4adc-a3a9-88cf7d17a3a6. Size = 28.38 KB.
2018-11-13 00:02:49,603 9104   INFO  [ca54dc] Doing some complicated stuff.. Random numbers are: 1036248539, 1176205842, 813866691.
2018-11-13 00:02:49,604 9105   INFO  [22b456] Doing some complicated stuff.. Random numbers are: 643487049, 351968042, 1776079480.
2018-11-13 00:02:49,606 9107   INFO  [576b51] Started processing user request. Id = 576b512a-3b65-43b3-9478-89f695251e40. Size = 19.66 KB.
2018-11-13 00:02:49,608 9109   INFO  [BackgroundDaemon] Starting iteration #15456.
2018-11-13 00:02:49,615 9117   INFO  [576b51] Doing some complicated stuff.. Random numbers are: 1426745484, 1273332840, 1968961572.
2018-11-13 00:02:49,632 9133   INFO  [576b51] Here's some useful guids:
		da607ffb-bc34-443f-8201-f5a122c9bf80
		18fe4c8b-2f92-4187-8fbc-4de0369ff916
		c8c5fe5d-1cdc-479f-beb5-db63f8b35f45
		bb26d9e3-bc53-4094-9771-df61b85ac4a8
2018-11-13 00:02:49,635 9136   ERROR [576b51] 
System.InvalidOperationException: Oh no! An error occurred!
2018-11-13 00:02:49,638 9139   INFO  [22b456] Finished processing user request with id = 22b4565b-ab78-4adc-a3a9-88cf7d17a3a6 in 00:00:00.0358300.
2018-11-13 00:02:49,647 9148   INFO  [ca54dc] Finished processing user request with id = ca54dc49-fdd0-412f-bc88-13dd21fd70f0 in 00:00:00.0518238.
2018-11-13 00:02:49,648 9149   INFO  [b2399d] Started processing user request. Id = b2399d3d-f8ba-4c98-9db2-bae9d5f0dfa8. Size = 5.54 KB.
2018-11-13 00:02:49,652 9153   INFO  [b2399d] Doing some complicated stuff.. Random numbers are: 1585599852, 362512872, 1719334098.
2018-11-13 00:02:49,659 9160   INFO  [BackgroundDaemon] Processing data (10% completed)..
2018-11-13 00:02:49,669 9170   INFO  [d1698a] Started processing user request. Id = d1698a77-75a5-4163-80fb-f89969d63e5a. Size = 25.09 KB.
2018-11-13 00:02:49,670 9171   ERROR [b2399d] 
System.InvalidOperationException: Oh no! An error occurred!
2018-11-13 00:02:49,681 9182   INFO  [d1698a] Doing some complicated stuff.. Random numbers are: 285834124, 252775099, 2015549778.
2018-11-13 00:02:49,683 9184   INFO  [a6fcdc] Started processing user request. Id = a6fcdc18-6b2e-40e5-9afd-f0a85219855f. Size = 38.89 KB.
2018-11-13 00:02:49,693 9194   INFO  [a6fcdc] Doing some complicated stuff.. Random numbers are: 364184037, 916028136, 1344497709.
2018-11-13 00:02:49,706 9207   INFO  [d1698a] Here's some useful guids:
		deb1b486-4aea-4eeb-bd7b-a38f0b1fae11
2018-11-13 00:02:49,723 9224   INFO  [a6fcdc] Finished processing user request with id = a6fcdc18-6b2e-40e5-9afd-f0a85219855f in 00:00:00.0404129.
2018-11-13 00:02:49,734 9235   INFO  [d1698a] Finished processing user request with id = d1698a77-75a5-4163-80fb-f89969d63e5a in 00:00:00.0655818.
2018-11-13 00:02:49,736 9237   INFO  [3fe03f] Started processing user request. Id = 3fe03f4a-eae2-4232-994b-88874c782c2b. Size = 5.84 KB.
2018-11-13 00:02:49,750 9251   INFO  [3fe03f] Doing some complicated stuff.. Random numbers are: 1829626182, 1407137874, 1167627091.
2018-11-13 00:02:49,758 9259   INFO  [BackgroundDaemon] Processing data (29% completed)..
2018-11-13 00:02:49,766 9267   INFO  [df0ff2] Started processing user request. Id = df0ff240-cf88-4357-9040-3f37a288ed09. Size = 75.38 KB.
2018-11-13 00:02:49,776 9277   INFO  [df0ff2] Doing some complicated stuff.. Random numbers are: 1917579669, 331052421, 1868232379.
2018-11-13 00:02:49,781 9282   INFO  [df0ff2] Here's some useful guids:
		cfecb6f8-e4f2-429f-b6c4-64040eddcdd6
2018-11-13 00:02:49,785 9286   INFO  [3fe03f] Here's some useful guids:
		303903a2-9b5a-4156-945a-db7ef3b78964
		2b5a126e-a431-45a8-9546-99d3c50c5a08
		b892b02f-0a06-413f-b83e-251e5fe4d007
		964989c2-e0d5-4f7d-8801-a44b7889f194
2018-11-13 00:02:49,803 9304   INFO  [df0ff2] Finished processing user request with id = df0ff240-cf88-4357-9040-3f37a288ed09 in 00:00:00.0363118.
2018-11-13 00:02:49,803 9304   INFO  [Metrics] Cpu: 6.26%; Memory: 19.78 GB/31.88 GB; Workers: 4/1024; IOCP: 0/1024
2018-11-13 00:02:49,807 9308   INFO  [3fe03f] Finished processing user request with id = 3fe03f4a-eae2-4232-994b-88874c782c2b in 00:00:00.0703920.
2018-11-13 00:02:49,812 9313   INFO  [BackgroundDaemon] Processing data (84% completed)..
2018-11-13 00:02:49,812 9313   INFO  [BackgroundDaemon] Finished iteration in 00:00:00.2043677.
2018-11-13 00:02:49,814 9315   INFO  [0fc6ee] Started processing user request. Id = 0fc6ee60-a8d6-42a6-be84-55858fc6f4dc. Size = 71.79 KB.
2018-11-13 00:02:49,820 9321   INFO  [17ee2b] Started processing user request. Id = 17ee2b4b-a3ab-445e-870f-1169568aa477. Size = 46.55 KB.
2018-11-13 00:02:49,828 9329   INFO  [17ee2b] Doing some complicated stuff.. Random numbers are: 457913389, 1616581969, 1412489016.
2018-11-13 00:02:49,834 9335   INFO  [0fc6ee] Doing some complicated stuff.. Random numbers are: 695376226, 810792030, 548227412.
2018-11-13 00:02:49,834 9335   INFO  [10648e] Started processing user request. Id = 10648e70-8a34-4801-97f5-a138304ff1e0. Size = 33.39 KB.
2018-11-13 00:02:49,847 9348   INFO  [10648e] Doing some complicated stuff.. Random numbers are: 158718809, 488638844, 1932286736.
2018-11-13 00:02:49,851 9352   INFO  [17ee2b] Finished processing user request with id = 17ee2b4b-a3ab-445e-870f-1169568aa477 in 00:00:00.0309650.
2018-11-13 00:02:49,865 9366   INFO  [c283bf] Started processing user request. Id = c283bf47-3e8d-4d2f-a978-69d6fbccf798. Size = 3.29 KB.
2018-11-13 00:02:49,867 9368   ERROR [0fc6ee] 
System.InvalidOperationException: Oh no! An error occurred!
2018-11-13 00:02:49,875 9376   INFO  [c283bf] Doing some complicated stuff.. Random numbers are: 260166637, 263285186, 348060815.
2018-11-13 00:02:49,886 9387   INFO  [10648e] Finished processing user request with id = 10648e70-8a34-4801-97f5-a138304ff1e0 in 00:00:00.0517364.
2018-11-13 00:02:49,891 9392   INFO  [c283bf] Here's some useful guids:
		b401520b-d715-4850-a074-3b4fbde0da28
		72a264ed-a231-43c5-986a-b60fd1d281a5
		7e39767e-2d9b-42af-ae73-8dc2fc28563d
2018-11-13 00:02:49,891 9392   INFO  [c283bf] Finished processing user request with id = c283bf47-3e8d-4d2f-a978-69d6fbccf798 in 00:00:00.0258953.
2018-11-13 00:02:49,905 9406   INFO  [9106b2] Started processing user request. Id = 9106b225-e2af-43f6-ae00-8b51b9407f5a. Size = 3.76 KB.
2018-11-13 00:02:49,907 9408   INFO  [9106b2] Doing some complicated stuff.. Random numbers are: 793958865, 103827452, 1490937432.
2018-11-13 00:02:49,917 9418   INFO  [9d9834] Started processing user request. Id = 9d9834f7-7746-4159-a255-c4cc884682f2. Size = 45.64 KB.
2018-11-13 00:02:49,923 9424   INFO  [9d9834] Doing some complicated stuff.. Random numbers are: 875776402, 1891366649, 309232512.
2018-11-13 00:02:49,935 9436   INFO  [9106b2] Here's some useful guids:
		d78bd4d4-c07f-4dbf-99b5-a5da87c006f4
2018-11-13 00:02:49,948 9449   INFO  [9106b2] Finished processing user request with id = 9106b225-e2af-43f6-ae00-8b51b9407f5a in 00:00:00.0430615.
2018-11-13 00:02:49,956 9457   INFO  [9d9834] Here's some useful guids:
		ed96a0b8-d9d1-41dd-8abd-aa6024880c39
2018-11-13 00:02:49,962 9463   INFO  [1ce99a] Started processing user request. Id = 1ce99a8c-b319-48a3-97d3-635342291809. Size = 86.25 KB.
2018-11-13 00:02:49,964 9465   INFO  [1ce99a] Doing some complicated stuff.. Random numbers are: 392621176, 1136013724, 155860850.
2018-11-13 00:02:49,981 9482   INFO  [9d9834] Finished processing user request with id = 9d9834f7-7746-4159-a255-c4cc884682f2 in 00:00:00.0639722.
2018-11-13 00:02:50,002 9503   INFO  [1ce99a] Finished processing user request with id = 1ce99a8c-b319-48a3-97d3-635342291809 in 00:00:00.0398137.
2018-11-13 00:02:50,013 9514   INFO  [81b91e] Started processing user request. Id = 81b91e57-aebf-448b-9081-6315d9d12593. Size = 91.47 KB.
2018-11-13 00:02:50,013 9514   INFO  [BackgroundDaemon] Starting iteration #15457.
2018-11-13 00:02:50,015 9516   INFO  [81b91e] Doing some complicated stuff.. Random numbers are: 591002625, 663368247, 724963641.
2018-11-13 00:02:50,015 9516   INFO  [d5bbd0] Started processing user request. Id = d5bbd0e9-2d3e-4e08-9a89-53c8a0395f09. Size = 50.23 KB.
2018-11-13 00:02:50,024 9525   INFO  [d5bbd0] Doing some complicated stuff.. Random numbers are: 1778262054, 1594266471, 760153786.
2018-11-13 00:02:50,035 9536   INFO  [4eb951] Started processing user request. Id = 4eb9519a-7a73-4f86-a034-3b25c04f2046. Size = 41.73 KB.
2018-11-13 00:02:50,038 9539   INFO  [4eb951] Doing some complicated stuff.. Random numbers are: 1317875870, 186775540, 163996624.
2018-11-13 00:02:50,065 9566   INFO  [d5bbd0] Finished processing user request with id = d5bbd0e9-2d3e-4e08-9a89-53c8a0395f09 in 00:00:00.0507035.
2018-11-13 00:02:50,065 9566   ERROR [81b91e] 
System.InvalidOperationException: Oh no! An error occurred!
2018-11-13 00:02:50,079 9580   INFO  [875aec] Started processing user request. Id = 875aec6d-1580-453d-9977-fecac5dafa4b. Size = 67.71 KB.
2018-11-13 00:02:50,084 9585   INFO  [BackgroundDaemon] Processing data (19% completed)..
2018-11-13 00:02:50,085 9586   INFO  [875aec] Doing some complicated stuff.. Random numbers are: 1012473363, 635562661, 166288707.
2018-11-13 00:02:50,097 9598   INFO  [297ddc] Started processing user request. Id = 297ddcc9-54a2-4c9a-9831-13f69f4abf31. Size = 42.17 KB.
2018-11-13 00:02:50,097 9598   INFO  [4eb951] Finished processing user request with id = 4eb9519a-7a73-4f86-a034-3b25c04f2046 in 00:00:00.0620845.
2018-11-13 00:02:50,099 9600   INFO  [297ddc] Doing some complicated stuff.. Random numbers are: 929627005, 810248541, 54988053.
2018-11-13 00:02:50,114 9615   INFO  [BackgroundDaemon] Processing data (31% completed)..
2018-11-13 00:02:50,119 9620   INFO  [875aec] Finished processing user request with id = 875aec6d-1580-453d-9977-fecac5dafa4b in 00:00:00.0395592.
2018-11-13 00:02:50,133 9634   INFO  [463169] Started processing user request. Id = 463169fa-ce75-4ec5-bb5e-a482b7475130. Size = 32.48 KB.
2018-11-13 00:02:50,141 9642   INFO  [297ddc] Finished processing user request with id = 297ddcc9-54a2-4c9a-9831-13f69f4abf31 in 00:00:00.0441512.
2018-11-13 00:02:50,143 9644   INFO  [463169] Doing some complicated stuff.. Random numbers are: 84625658, 485734842, 1983776021.
2018-11-13 00:02:50,159 9660   INFO  [463169] Here's some useful guids:
		8db2c9cd-fe42-49e3-9f26-be0a2766f602
		90892b19-02a4-4442-b0cd-095dc732b560
2018-11-13 00:02:50,172 9673   INFO  [73c09a] Started processing user request. Id = 73c09a6a-3091-401b-a89b-eb816de67a5a. Size = 88.88 KB.
2018-11-13 00:02:50,177 9678   INFO  [73c09a] Doing some complicated stuff.. Random numbers are: 824162406, 1758178910, 1635040107.
2018-11-13 00:02:50,188 9689   INFO  [463169] Finished processing user request with id = 463169fa-ce75-4ec5-bb5e-a482b7475130 in 00:00:00.0547639.
2018-11-13 00:02:50,202 9703   INFO  [071419] Started processing user request. Id = 07141941-e09b-4ee3-b4c0-66cbf26cfc39. Size = 58.12 KB.
2018-11-13 00:02:50,204 9705   INFO  [071419] Doing some complicated stuff.. Random numbers are: 805844645, 1784392261, 1909637101.
2018-11-13 00:02:50,208 9709   INFO  [BackgroundDaemon] Processing data (89% completed)..
2018-11-13 00:02:50,208 9709   INFO  [BackgroundDaemon] Finished iteration in 00:00:00.1949368.
2018-11-13 00:02:50,209 9710   INFO  [73c09a] Here's some useful guids:
		bd38735e-375a-4fe0-8015-38bd8684c2a9
2018-11-13 00:02:50,219 9720   INFO  [73c09a] Finished processing user request with id = 73c09a6a-3091-401b-a89b-eb816de67a5a in 00:00:00.0465180.
2018-11-13 00:02:50,250 9752   INFO  [9a18b7] Started processing user request. Id = 9a18b7d5-c39c-4c96-be54-d44045df52e1. Size = 73.5 KB.
2018-11-13 00:02:50,255 9757   INFO  [071419] Finished processing user request with id = 07141941-e09b-4ee3-b4c0-66cbf26cfc39 in 00:00:00.0538489.
2018-11-13 00:02:50,257 9759   INFO  [9a18b7] Doing some complicated stuff.. Random numbers are: 1156634238, 2074333920, 1260143126.
2018-11-13 00:02:50,265 9766   INFO  [cc6df6] Started processing user request. Id = cc6df6b7-3a96-474e-b816-9b602c4573c8. Size = 84.68 KB.
2018-11-13 00:02:50,267 9768   INFO  [cc6df6] Doing some complicated stuff.. Random numbers are: 9144961, 1724518300, 1665708373.
2018-11-13 00:02:50,269 9770   INFO  [290173] Started processing user request. Id = 2901733c-db5b-40c5-ae18-313e6d4abdab. Size = 34.91 KB.
2018-11-13 00:02:50,269 9770   INFO  [290173] Doing some complicated stuff.. Random numbers are: 1524793345, 1784950978, 1664389841.
2018-11-13 00:02:50,292 9793   INFO  [cc6df6] Here's some useful guids:
		28cf0c3b-9194-4bea-89d5-f967fc12ff8b
		e3464f1a-1599-44ce-9d5e-9ba615c2efce
2018-11-13 00:02:50,302 9803   INFO  [Metrics] Cpu: 6.26%; Memory: 19.78 GB/31.88 GB; Workers: 4/1024; IOCP: 0/1024
2018-11-13 00:02:50,305 9806   INFO  [290173] Here's some useful guids:
		cf3a12ac-2460-4317-8ac2-d2d1d1114876
2018-11-13 00:02:50,310 9811   INFO  [cc6df6] Finished processing user request with id = cc6df6b7-3a96-474e-b816-9b602c4573c8 in 00:00:00.0449955.
2018-11-13 00:02:50,311 9812   INFO  [290173] Finished processing user request with id = 2901733c-db5b-40c5-ae18-313e6d4abdab in 00:00:00.0419175.
2018-11-13 00:02:50,317 9818   INFO  [9a18b7] Finished processing user request with id = 9a18b7d5-c39c-4c96-be54-d44045df52e1 in 00:00:00.0661671.
2018-11-13 00:02:50,324 9825   INFO  [c48451] Started processing user request. Id = c484510e-6642-488c-91d4-dbd07ce83745. Size = 96.49 KB.
2018-11-13 00:02:50,336 9837   INFO  [c48451] Doing some complicated stuff.. Random numbers are: 1792441600, 1322388723, 1465167292.
2018-11-13 00:02:50,348 9849   INFO  [ac4d0b] Started processing user request. Id = ac4d0b06-c4dc-42fb-a7b2-3f77465c253a. Size = 28.93 KB.
2018-11-13 00:02:50,363 9864   INFO  [ac4d0b] Doing some complicated stuff.. Random numbers are: 574052147, 399036738, 340427863.
2018-11-13 00:02:50,366 9867   INFO  [c48451] Finished processing user request with id = c484510e-6642-488c-91d4-dbd07ce83745 in 00:00:00.0425574.
2018-11-13 00:02:50,380 9881   INFO  [e75666] Started processing user request. Id = e7566627-7caf-428c-83a4-402c717eb167. Size = 49.03 KB.
2018-11-13 00:02:50,388 9889   INFO  [e75666] Doing some complicated stuff.. Random numbers are: 1359008706, 85124039, 784571327.
2018-11-13 00:02:50,400 9901   INFO  [ac4d0b] Here's some useful guids:
		32e938dc-b6e6-4444-a650-18ac6b3d7426
		8ecb4aac-b87d-4230-8e1c-d1aa9479e62c
2018-11-13 00:02:50,400 9901   ERROR [ac4d0b] 
System.InvalidOperationException: Oh no! An error occurred!
2018-11-13 00:02:50,408 9909   INFO  [BackgroundDaemon] Starting iteration #15458.
2018-11-13 00:02:50,412 9913   INFO  [e75666] Here's some useful guids:
		cc235774-afba-4bd2-ba9a-f27236855271
		8905b138-55a2-4334-87bd-d824f2c6acf4
		0ebff62d-4a4c-4349-adb8-10229e76714a
2018-11-13 00:02:50,422 9923   INFO  [e75666] Finished processing user request with id = e7566627-7caf-428c-83a4-402c717eb167 in 00:00:00.0418263.
2018-11-13 00:02:50,432 9933   INFO  [51973b] Started processing user request. Id = 51973b9e-378c-4e82-92e1-aa09d94eae22. Size = 37.51 KB.
2018-11-13 00:02:50,435 9936   INFO  [9c4f82] Started processing user request. Id = 9c4f827a-60e0-49b5-9e57-f0183e916d05. Size = 57.14 KB.
2018-11-13 00:02:50,437 9938   INFO  [51973b] Doing some complicated stuff.. Random numbers are: 661498062, 341809635, 1696191285.
2018-11-13 00:02:50,445 9946   INFO  [9c4f82] Doing some complicated stuff.. Random numbers are: 1199375268, 1921484149, 1039586403.
2018-11-13 00:02:50,450 9951   INFO  [9c4f82] Here's some useful guids:
		446accbb-916c-420e-9a25-3b5a215caa0d
		7560f900-d8ea-4a3c-ac60-f268cb703af1
		ffa4c9f1-8894-40ff-8e34-9dbf4cac3868
		66f37779-ece8-4e28-b05e-5d4d122fc971
2018-11-13 00:02:50,453 9954   INFO  [BackgroundDaemon] Processing data (5% completed)..
2018-11-13 00:02:50,471 9972   INFO  [9c4f82] Finished processing user request with id = 9c4f827a-60e0-49b5-9e57-f0183e916d05 in 00:00:00.0356546.
2018-11-13 00:02:50,474 9975   INFO  [51973b] Finished processing user request with id = 51973b9e-378c-4e82-92e1-aa09d94eae22 in 00:00:00.0419102.
2018-11-13 00:02:50,477 9978   INFO  [e2b023] Started processing user request. Id = e2b023a1-7648-46ed-87db-4d11edf6ba8b. Size = 78.43 KB.
2018-11-13 00:02:50,484 9985   INFO  [253915] Started processing user request. Id = 25391501-aba9-4ac3-83e6-4621c049ecf8. Size = 32.77 KB.
2018-11-13 00:02:50,486 9987   INFO  [e2b023] Doing some complicated stuff.. Random numbers are: 616068100, 1952517735, 2111659792.
2018-11-13 00:02:50,495 9996   INFO  [253915] Doing some complicated stuff.. Random numbers are: 561735793, 2014545304, 1570773234.
2018-11-13 00:02:50,505 10006  INFO  [b39194] Started processing user request. Id = b3919463-842a-4a18-9680-b6251ad28ea1. Size = 28.96 KB.
2018-11-13 00:02:50,506 10007  INFO  [e2b023] Here's some useful guids:
		9e75bf69-5690-4f41-8e6a-4a6cbe9f3b0a
2018-11-13 00:02:50,515 10016  INFO  [b39194] Doing some complicated stuff.. Random numbers are: 1768492908, 349421518, 1288389066.
2018-11-13 00:02:50,523 10024  INFO  [e2b023] Finished processing user request with id = e2b023a1-7648-46ed-87db-4d11edf6ba8b in 00:00:00.0461558.
2018-11-13 00:02:50,537 10038  INFO  [b39194] Finished processing user request with id = b3919463-842a-4a18-9680-b6251ad28ea1 in 00:00:00.0320101.
2018-11-13 00:02:50,544 10045  INFO  [BackgroundDaemon] Processing data (47% completed)..
2018-11-13 00:02:50,556 10057  INFO  [253915] Finished processing user request with id = 25391501-aba9-4ac3-83e6-4621c049ecf8 in 00:00:00.0721303.
2018-11-13 00:02:50,569 10070  INFO  [a11462] Started processing user request. Id = a1146231-f00a-4b54-81c1-72f36ce76862. Size = 9.52 KB.
2018-11-13 00:02:50,570 10071  INFO  [988c10] Started processing user request. Id = 988c10cf-9587-40da-81e9-88fe3349a8c4. Size = 68.01 KB.
2018-11-13 00:02:50,578 10079  INFO  [BackgroundDaemon] Processing data (73% completed)..
2018-11-13 00:02:50,578 10079  INFO  [BackgroundDaemon] Finished iteration in 00:00:00.1704106.
2018-11-13 00:02:50,582 10083  INFO  [988c10] Doing some complicated stuff.. Random numbers are: 483612784, 234714196, 500953260.
2018-11-13 00:02:50,586 10087  INFO  [a11462] Doing some complicated stuff.. Random numbers are: 1068639586, 538697482, 1720059721.
2018-11-13 00:02:50,611 10112  ERROR [988c10] 
System.InvalidOperationException: Oh no! An error occurred!
2018-11-13 00:02:50,617 10118  INFO  [a11462] Here's some useful guids:
		a0630635-7696-448f-affd-1473f6e9cc4a
		7513849b-31ba-4e0c-adc2-773700579802
		820560df-cb29-46cc-99ff-c00957111a26
		1e1707c4-0c39-42be-b26e-1240da5fae6c
		f01b4b4e-273f-4ea2-be66-90b563dabec0
2018-11-13 00:02:50,624 10125  INFO  [2b94d4] Started processing user request. Id = 2b94d456-3055-4be2-a972-79271847d7a0. Size = 33.83 KB.
2018-11-13 00:02:50,630 10131  INFO  [2b94d4] Doing some complicated stuff.. Random numbers are: 920976284, 865663841, 160793399.
2018-11-13 00:02:50,636 10137  INFO  [a11462] Finished processing user request with id = a1146231-f00a-4b54-81c1-72f36ce76862 in 00:00:00.0671539.
2018-11-13 00:02:50,663 10164  INFO  [2b94d4] Finished processing user request with id = 2b94d456-3055-4be2-a972-79271847d7a0 in 00:00:00.0390425.
2018-11-13 00:02:50,668 10169  INFO  [6512be] Started processing user request. Id = 6512be07-f014-449f-8c00-638ca321ae1b. Size = 22.11 KB.
2018-11-13 00:02:50,677 10178  INFO  [6459a0] Started processing user request. Id = 6459a0c1-bc7f-45e4-ba83-1f716346d0fa. Size = 72.97 KB.
2018-11-13 00:02:50,684 10186  INFO  [6459a0] Doing some complicated stuff.. Random numbers are: 1105272905, 1274439846, 1302435552.
2018-11-13 00:02:50,685 10187  INFO  [6512be] Doing some complicated stuff.. Random numbers are: 1385132536, 1123415401, 973436384.
2018-11-13 00:02:50,691 10192  INFO  [f371a8] Started processing user request. Id = f371a8eb-e3eb-484f-b34a-4c84ca21396b. Size = 21.23 KB.
2018-11-13 00:02:50,699 10200  INFO  [f371a8] Doing some complicated stuff.. Random numbers are: 1403785322, 2083814779, 807065702.
2018-11-13 00:02:50,707 10208  INFO  [6512be] Finished processing user request with id = 6512be07-f014-449f-8c00-638ca321ae1b in 00:00:00.0384264.
2018-11-13 00:02:50,724 10225  INFO  [6459a0] Here's some useful guids:
		257da15e-6a74-48d9-b034-ec8c94f679e7
		0ef930e4-4d94-43eb-aa56-5934045f7b0b
		7ee72de9-6f15-4e25-b1a8-8dc6c479c9c4
		935464ec-bcb7-4899-95a8-c50c224d6daf
		fca712ba-ca1b-49f6-ba3a-3e0708dd8f47
2018-11-13 00:02:50,739 10240  INFO  [b1da0a] Started processing user request. Id = b1da0a64-dee0-4ef7-90bf-2e861d9e84e0. Size = 18.04 KB.
2018-11-13 00:02:50,745 10246  INFO  [f371a8] Finished processing user request with id = f371a8eb-e3eb-484f-b34a-4c84ca21396b in 00:00:00.0540043.
2018-11-13 00:02:50,753 10254  INFO  [6459a0] Finished processing user request with id = 6459a0c1-bc7f-45e4-ba83-1f716346d0fa in 00:00:00.0754751.
2018-11-13 00:02:50,753 10254  INFO  [b1da0a] Doing some complicated stuff.. Random numbers are: 1581598704, 2141805787, 2144435087.
2018-11-13 00:02:50,767 10268  INFO  [d985b5] Started processing user request. Id = d985b5fd-3794-430c-9fc5-0b4f2261ad62. Size = 68.18 KB.
2018-11-13 00:02:50,774 10275  INFO  [d985b5] Doing some complicated stuff.. Random numbers are: 806468251, 2007515435, 1264218597.
2018-11-13 00:02:50,779 10280  INFO  [BackgroundDaemon] Starting iteration #15459.
2018-11-13 00:02:50,798 10299  INFO  [b1da0a] Finished processing user request with id = b1da0a64-dee0-4ef7-90bf-2e861d9e84e0 in 00:00:00.0590629.
2018-11-13 00:02:50,801 10302  INFO  [d985b5] Finished processing user request with id = d985b5fd-3794-430c-9fc5-0b4f2261ad62 in 00:00:00.0340156.
2018-11-13 00:02:50,802 10303  INFO  [Metrics] Cpu: 3.81%; Memory: 19.78 GB/31.88 GB; Workers: 4/1024; IOCP: 0/1024
2018-11-13 00:02:50,815 10316  INFO  [a1ac57] Started processing user request. Id = a1ac5702-6eb2-4e77-9002-3c68d67dadd7. Size = 36.31 KB.
2018-11-13 00:02:50,822 10323  INFO  [a1ac57] Doing some complicated stuff.. Random numbers are: 1598803623, 1514230179, 812284568.
2018-11-13 00:02:50,825 10326  INFO  [BackgroundDaemon] Processing data (7% completed)..
2018-11-13 00:02:50,826 10327  INFO  [a1ac57] Here's some useful guids:
		f57e5f33-19b1-4cf5-8557-3511ba000f60
		25733df1-f729-4501-94cb-4f65973ae449
		3a6df44f-4707-42f1-910f-d7c66aac5f35
2018-11-13 00:02:50,829 10330  INFO  [b1a73d] Started processing user request. Id = b1a73dc9-71fc-4252-a2a7-faa921dcc620. Size = 56.3 KB.
2018-11-13 00:02:50,842 10343  INFO  [b1a73d] Doing some complicated stuff.. Random numbers are: 211284790, 1097815511, 753218905.
2018-11-13 00:02:50,852 10353  ERROR [a1ac57] 
System.InvalidOperationException: Oh no! An error occurred!
2018-11-13 00:02:50,852 10353  INFO  [b1a73d] Here's some useful guids:
		3c640eca-4cd1-425c-aa50-d5875d6e6ed8
2018-11-13 00:02:50,864 10365  INFO  [b1a73d] Finished processing user request with id = b1a73dc9-71fc-4252-a2a7-faa921dcc620 in 00:00:00.0349218.
2018-11-13 00:02:50,865 10366  INFO  [3b1af6] Started processing user request. Id = 3b1af6d6-f9bd-408b-8f09-24d5ab330f75. Size = 45.08 KB.
2018-11-13 00:02:50,876 10377  INFO  [3b1af6] Doing some complicated stuff.. Random numbers are: 749185458, 1348184281, 1213634993.
2018-11-13 00:02:50,884 10385  INFO  [BackgroundDaemon] Processing data (35% completed)..
2018-11-13 00:02:50,895 10396  INFO  [5c3b3c] Started processing user request. Id = 5c3b3cd6-cfa5-4d8e-8c18-93ddfa01ddf8. Size = 47.4 KB.
2018-11-13 00:02:50,906 10407  INFO  [5c3b3c] Doing some complicated stuff.. Random numbers are: 1722072352, 2114539597, 1269592083.
2018-11-13 00:02:50,912 10413  INFO  [6bb23c] Started processing user request. Id = 6bb23cc8-d486-4d35-8d48-4c6b0a45f877. Size = 31.42 KB.
2018-11-13 00:02:50,913 10414  INFO  [BackgroundDaemon] Processing data (54% completed)..
2018-11-13 00:02:50,913 10414  INFO  [BackgroundDaemon] Finished iteration in 00:00:00.1342029.
2018-11-13 00:02:50,913 10414  INFO  [3b1af6] Here's some useful guids:
		8ff75c16-22b7-4525-88f8-40c43f671bb1
		17bfce9a-9c82-425b-9577-5ecb973da13a
		65847875-f466-49cd-acaa-b1c936ea3b72
		70fe8193-c6c9-4cb9-96bb-704d82783e6c
		e79543e2-6bf8-46fe-9f75-20347d80eb73
2018-11-13 00:02:50,916 10417  ERROR [3b1af6] 
System.InvalidOperationException: Oh no! An error occurred!
2018-11-13 00:02:50,922 10423  INFO  [6bb23c] Doing some complicated stuff.. Random numbers are: 1555495235, 1388198456, 1131899958.
2018-11-13 00:02:50,930 10431  INFO  [f5aea6] Started processing user request. Id = f5aea667-6da2-4ee4-9ca0-c407da383e26. Size = 24.43 KB.
2018-11-13 00:02:50,935 10436  INFO  [5c3b3c] Finished processing user request with id = 5c3b3cd6-cfa5-4d8e-8c18-93ddfa01ddf8 in 00:00:00.0401492.
2018-11-13 00:02:50,943 10444  INFO  [f5aea6] Doing some complicated stuff.. Random numbers are: 604489260, 397094879, 1308462520.
2018-11-13 00:02:50,967 10468  INFO  [ddcdb5] Started processing user request. Id = ddcdb528-3dea-4560-8ff4-a32cba401c8f. Size = 93.47 KB.
2018-11-13 00:02:50,968 10469  ERROR [6bb23c] 
System.InvalidOperationException: Oh no! An error occurred!
2018-11-13 00:02:50,974 10475  INFO  [ddcdb5] Doing some complicated stuff.. Random numbers are: 1913141112, 1335496137, 1599422281.
2018-11-13 00:02:50,975 10476  INFO  [f5aea6] Finished processing user request with id = f5aea667-6da2-4ee4-9ca0-c407da383e26 in 00:00:00.0452468.
2018-11-13 00:02:50,983 10484  INFO  [ddcdb5] Here's some useful guids:
		77bcec1c-afcd-4f55-b2d2-e45be4c94001
2018-11-13 00:02:50,988 10489  INFO  [982d25] Started processing user request. Id = 982d2570-253b-41dd-bd43-6d4b64850b3a. Size = 82.46 KB.
2018-11-13 00:02:50,994 10495  INFO  [ddcdb5] Finished processing user request with id = ddcdb528-3dea-4560-8ff4-a32cba401c8f in 00:00:00.0273615.
2018-11-13 00:02:50,995 10496  INFO  [982d25] Doing some complicated stuff.. Random numbers are: 973233677, 1865434607, 498652721.
2018-11-13 00:02:51,025 10526  INFO  [982d25] Here's some useful guids:
		a00f595d-d15e-4541-b08d-187f22b59046
		03b7b555-35e0-4d7e-b94d-70f46be59781
		40f0f718-a126-4308-844c-951a42308198
		3cd8f7e0-ceb3-41bf-83bb-de382fed868b
		b74fad4b-8c8e-4f54-9357-00266c3627b4
2018-11-13 00:02:51,026 10527  INFO  [954631] Started processing user request. Id = 9546312f-9931-4f9f-a0a9-ec4c1fc0e3d0. Size = 48.98 KB.
2018-11-13 00:02:51,038 10539  INFO  [954631] Doing some complicated stuff.. Random numbers are: 644673280, 389532692, 1902764441.
2018-11-13 00:02:51,045 10546  INFO  [982d25] Finished processing user request with id = 982d2570-253b-41dd-bd43-6d4b64850b3a in 00:00:00.0569758.
2018-11-13 00:02:51,059 10560  INFO  [df756d] Started processing user request. Id = df756d70-785f-4903-a487-4a9443d39fcf. Size = 47.18 KB.
2018-11-13 00:02:51,066 10567  INFO  [df756d] Doing some complicated stuff.. Random numbers are: 1159269752, 1304718261, 45148015.
2018-11-13 00:02:51,076 10577  INFO  [954631] Finished processing user request with id = 9546312f-9931-4f9f-a0a9-ec4c1fc0e3d0 in 00:00:00.0500431.
2018-11-13 00:02:51,098 10599  INFO  [df756d] Finished processing user request with id = df756d70-785f-4903-a487-4a9443d39fcf in 00:00:00.0390073.
2018-11-13 00:02:51,108 10609  INFO  [3b2ecd] Started processing user request. Id = 3b2ecd97-82ad-4ff0-a392-061f716d1be3. Size = 53.9 KB.
2018-11-13 00:02:51,112 10613  INFO  [d3b56a] Started processing user request. Id = d3b56a72-9bfe-419e-b952-1afd8b102fdd. Size = 79.54 KB.
2018-11-13 00:02:51,112 10613  INFO  [d3b56a] Doing some complicated stuff.. Random numbers are: 390395187, 290809207, 1121322215.
2018-11-13 00:02:51,113 10614  INFO  [BackgroundDaemon] Starting iteration #15460.
2018-11-13 00:02:51,117 10618  INFO  [3b2ecd] Doing some complicated stuff.. Random numbers are: 737754674, 573997661, 1860625569.
2018-11-13 00:02:51,135 10636  INFO  [403560] Started processing user request. Id = 40356036-a9d2-4911-be58-b69126bc1eaa. Size = 17.93 KB.
2018-11-13 00:02:51,146 10647  INFO  [d3b56a] Here's some useful guids:
		36bf7875-f773-469b-ac96-59125d47ec0f
		ac7be41e-a8d0-4a16-a5ea-fcccd03771c1
		c3a98c07-5471-4c80-93cd-3c7f4a37bdb1
		4e84264a-d931-44f3-a596-5f5763bd43b0
2018-11-13 00:02:51,148 10649  INFO  [d3b56a] Finished processing user request with id = d3b56a72-9bfe-419e-b952-1afd8b102fdd in 00:00:00.0359115.
2018-11-13 00:02:51,149 10650  INFO  [403560] Doing some complicated stuff.. Random numbers are: 645424579, 1976745750, 1350901311.
2018-11-13 00:02:51,159 10660  INFO  [BackgroundDaemon] Processing data (2% completed)..
2018-11-13 00:02:51,162 10663  INFO  [4ec731] Started processing user request. Id = 4ec731fd-1397-4253-80f6-2c91c84283f0. Size = 9.4 KB.
2018-11-13 00:02:51,170 10671  INFO  [4ec731] Doing some complicated stuff.. Random numbers are: 955199818, 659429406, 257531393.
2018-11-13 00:02:51,179 10680  INFO  [3b2ecd] Finished processing user request with id = 3b2ecd97-82ad-4ff0-a392-061f716d1be3 in 00:00:00.0709541.
2018-11-13 00:02:51,186 10687  INFO  [403560] Finished processing user request with id = 40356036-a9d2-4911-be58-b69126bc1eaa in 00:00:00.0505305.
2018-11-13 00:02:51,209 10710  INFO  [4ec731] Finished processing user request with id = 4ec731fd-1397-4253-80f6-2c91c84283f0 in 00:00:00.0470640.
2018-11-13 00:02:51,211 10712  INFO  [7363da] Started processing user request. Id = 7363da53-5917-4ee2-a76f-8d84fb503ee6. Size = 74.99 KB.
2018-11-13 00:02:51,214 10715  INFO  [7363da] Doing some complicated stuff.. Random numbers are: 944920073, 736028468, 962529711.
2018-11-13 00:02:51,223 10724  INFO  [429efa] Started processing user request. Id = 429efabc-1d75-4a13-9681-84b40979d58e. Size = 11.45 KB.
2018-11-13 00:02:51,236 10737  INFO  [BackgroundDaemon] Processing data (44% completed)..
2018-11-13 00:02:51,241 10742  INFO  [429efa] Doing some complicated stuff.. Random numbers are: 1000105271, 1938308634, 1635198392.
2018-11-13 00:02:51,252 10753  INFO  [7363da] Finished processing user request with id = 7363da53-5917-4ee2-a76f-8d84fb503ee6 in 00:00:00.0410636.
2018-11-13 00:02:51,281 10782  INFO  [BackgroundDaemon] Processing data (58% completed)..
2018-11-13 00:02:51,281 10782  INFO  [BackgroundDaemon] Finished iteration in 00:00:00.1683347.
2018-11-13 00:02:51,283 10784  INFO  [6407dc] Started processing user request. Id = 6407dc62-00c7-4cf4-a404-e3bcad6709f3. Size = 4.46 KB.
2018-11-13 00:02:51,291 10792  INFO  [6407dc] Doing some complicated stuff.. Random numbers are: 654568607, 2075702107, 178142366.
2018-11-13 00:02:51,292 10793  INFO  [429efa] Finished processing user request with id = 429efabc-1d75-4a13-9681-84b40979d58e in 00:00:00.0687750.
2018-11-13 00:02:51,301 10803  INFO  [Metrics] Cpu: 3.81%; Memory: 19.77 GB/31.88 GB; Workers: 4/1024; IOCP: 0/1024
2018-11-13 00:02:51,305 10807  INFO  [86ee76] Started processing user request. Id = 86ee76f7-b623-4a5c-a746-4162b7667ed4. Size = 5.76 KB.
2018-11-13 00:02:51,311 10813  INFO  [86ee76] Doing some complicated stuff.. Random numbers are: 1457977733, 2172859, 1465089904.
2018-11-13 00:02:51,323 10825  INFO  [6407dc] Here's some useful guids:
		cbb12e50-3a55-4eed-a3a2-e0b47f61f3f7
		e0b3371d-cea5-4ac9-a6b9-411c51c1d81a
		eea24a75-8a7e-4b57-9b42-6128075939f4
		5e060346-4637-456c-938e-b370b35b4e7b
		88d5b3e8-1aff-409d-8bab-b6cdc7f45278
2018-11-13 00:02:51,340 10841  INFO  [6407dc] Finished processing user request with id = 6407dc62-00c7-4cf4-a404-e3bcad6709f3 in 00:00:00.0560908.
2018-11-13 00:02:51,351 10852  INFO  [86ee76] Here's some useful guids:
		ac89efb8-937b-4c61-b9d8-3a6d7d646267
		642764db-524a-4a2a-a37e-e1927a26ec39
2018-11-13 00:02:51,353 10854  INFO  [833eba] Started processing user request. Id = 833ebaa4-69db-48f0-a67a-a8bca81e70cc. Size = 19.37 KB.
2018-11-13 00:02:51,366 10867  INFO  [833eba] Doing some complicated stuff.. Random numbers are: 1275620127, 1388168126, 1926157631.
2018-11-13 00:02:51,370 10871  INFO  [86ee76] Finished processing user request with id = 86ee76f7-b623-4a5c-a746-4162b7667ed4 in 00:00:00.0641704.
2018-11-13 00:02:51,371 10872  INFO  [a1f7cc] Started processing user request. Id = a1f7cc88-f899-4ab5-95c1-a88b8fdcefc7. Size = 34.91 KB.
2018-11-13 00:02:51,377 10878  INFO  [833eba] Here's some useful guids:
		e8efd830-7b75-48b7-85d4-a48deb70a196
		815285a1-2ce4-47af-aae7-e15776c4f1cb
		0324a4de-ee2a-4712-81a5-9136efdd1e3e
		88e75853-a375-4d06-937a-e960147a83c9
2018-11-13 00:02:51,384 10885  INFO  [261d47] Started processing user request. Id = 261d47d1-4b9f-40fc-a110-6112e64e8815. Size = 91.38 KB.
2018-11-13 00:02:51,384 10885  INFO  [261d47] Doing some complicated stuff.. Random numbers are: 266526336, 64451333, 119596974.
2018-11-13 00:02:51,390 10891  INFO  [a1f7cc] Doing some complicated stuff.. Random numbers are: 1617221559, 1332112031, 1339235232.
2018-11-13 00:02:51,391 10892  INFO  [833eba] Finished processing user request with id = 833ebaa4-69db-48f0-a67a-a8bca81e70cc in 00:00:00.0379326.
2018-11-13 00:02:51,425 10926  INFO  [261d47] Finished processing user request with id = 261d47d1-4b9f-40fc-a110-6112e64e8815 in 00:00:00.0411049.
2018-11-13 00:02:51,433 10934  INFO  [a1f7cc] Finished processing user request with id = a1f7cc88-f899-4ab5-95c1-a88b8fdcefc7 in 00:00:00.0623300.
2018-11-13 00:02:51,438 10939  INFO  [cd4818] Started processing user request. Id = cd4818de-dc8a-4836-afa0-5a2902d37a43. Size = 2.28 KB.
2018-11-13 00:02:51,446 10947  INFO  [cd4818] Doing some complicated stuff.. Random numbers are: 1314732768, 941440309, 1073365969.
2018-11-13 00:02:51,464 10965  INFO  [589ce1] Started processing user request. Id = 589ce165-66ff-41ad-b405-81f28cf36097. Size = 10.1 KB.
2018-11-13 00:02:51,464 10965  INFO  [589ce1] Doing some complicated stuff.. Random numbers are: 1664694075, 1900717629, 649798872.
2018-11-13 00:02:51,464 10965  INFO  [589ce1] Here's some useful guids:
		51d5b0f4-b04f-4066-b0dd-11395d4d849e
		44b6289e-a33d-487a-987e-bbd820414516
2018-11-13 00:02:51,476 10977  INFO  [589ce1] Finished processing user request with id = 589ce165-66ff-41ad-b405-81f28cf36097 in 00:00:00.0120959.
2018-11-13 00:02:51,482 10983  INFO  [BackgroundDaemon] Starting iteration #15461.
2018-11-13 00:02:51,483 10984  INFO  [cd4818] Here's some useful guids:
		492666ab-1824-41ef-bb71-e34cec09861d
		3fc1f70e-f5d2-4b6f-80e6-06f6e0c5c411
		3bc85540-94e8-40e7-b6fd-2a76c2d2a825
		af2e83de-3226-4496-b283-7324fc8dae98
2018-11-13 00:02:51,493 10994  INFO  [cd4818] Finished processing user request with id = cd4818de-dc8a-4836-afa0-5a2902d37a43 in 00:00:00.0546448.
2018-11-13 00:02:51,506 11007  INFO  [c74c1a] Started processing user request. Id = c74c1ab9-691f-464e-ab75-e1995e62cd6f. Size = 41.25 KB.
2018-11-13 00:02:51,508 11009  INFO  [fb4685] Started processing user request. Id = fb4685cd-6861-4a54-be92-006ba8873a08. Size = 13.85 KB.
2018-11-13 00:02:51,514 11015  INFO  [c74c1a] Doing some complicated stuff.. Random numbers are: 1939994501, 360266649, 856815397.
2018-11-13 00:02:51,517 11018  INFO  [fb4685] Doing some complicated stuff.. Random numbers are: 1168626128, 1685880829, 1178641853.
2018-11-13 00:02:51,554 11055  INFO  [BackgroundDaemon] Processing data (8% completed)..
2018-11-13 00:02:51,558 11059  INFO  [8bac90] Started processing user request. Id = 8bac9013-1c33-4c13-aa8b-e77e785dd6e7. Size = 3.33 KB.
2018-11-13 00:02:51,566 11067  INFO  [c74c1a] Finished processing user request with id = c74c1ab9-691f-464e-ab75-e1995e62cd6f in 00:00:00.0595186.
2018-11-13 00:02:51,567 11068  INFO  [fb4685] Finished processing user request with id = fb4685cd-6861-4a54-be92-006ba8873a08 in 00:00:00.0585342.
2018-11-13 00:02:51,567 11068  INFO  [8bac90] Doing some complicated stuff.. Random numbers are: 599960179, 2052345354, 455858614.
2018-11-13 00:02:51,567 11068  INFO  [8bac90] Here's some useful guids:
		0adea60b-f4c9-46e2-a4de-f4ba69dad905
		468b267b-8952-4211-9940-31fd0ac6fd20
		16e32a77-deb5-48f4-8ddb-07226e2c52df
		614cb6ad-65eb-47a7-9a78-094a41ffd39d
		85fd6db3-72fe-47be-98a3-e38e450a1080
2018-11-13 00:02:51,570 11071  INFO  [8bac90] Finished processing user request with id = 8bac9013-1c33-4c13-aa8b-e77e785dd6e7 in 00:00:00.0120164.
2018-11-13 00:02:51,580 11081  INFO  [bfbc5d] Started processing user request. Id = bfbc5d33-2322-49ad-b60c-d722aa0674e6. Size = 65.55 KB.
2018-11-13 00:02:51,590 11091  INFO  [bfbc5d] Doing some complicated stuff.. Random numbers are: 318508897, 1796735172, 723622993.
2018-11-13 00:02:51,599 11100  INFO  [b3ef04] Started processing user request. Id = b3ef040a-97e2-4a8a-93db-ec59ba6dae8c. Size = 33.05 KB.
2018-11-13 00:02:51,605 11106  INFO  [bfbc5d] Here's some useful guids:
		551ee7ef-30b1-4021-a95d-a680e328a717
		93d39cf3-a5e4-4f67-b200-44c2262ec3b5
		eba85ec6-2642-4cac-a6ad-6a079a5a7d35
		db3dbe98-e47d-415f-a978-b3e15fb2b6a9
2018-11-13 00:02:51,610 11111  INFO  [b3ef04] Doing some complicated stuff.. Random numbers are: 1997204324, 2061691584, 654346904.
2018-11-13 00:02:51,635 11136  INFO  [bfbc5d] Finished processing user request with id = bfbc5d33-2322-49ad-b60c-d722aa0674e6 in 00:00:00.0551137.
2018-11-13 00:02:51,649 11150  INFO  [10efb6] Started processing user request. Id = 10efb602-2491-4de4-8b81-91b03c3ef142. Size = 40.24 KB.
2018-11-13 00:02:51,651 11152  INFO  [b3ef04] Finished processing user request with id = b3ef040a-97e2-4a8a-93db-ec59ba6dae8c in 00:00:00.0518633.
2018-11-13 00:02:51,651 11152  INFO  [BackgroundDaemon] Processing data (49% completed)..
2018-11-13 00:02:51,659 11160  INFO  [10efb6] Doing some complicated stuff.. Random numbers are: 454857386, 2140670048, 1251617739.
2018-11-13 00:02:51,682 11183  INFO  [17b29b] Started processing user request. Id = 17b29bd3-36fa-4541-91b9-7aaa727e69ef. Size = 51.52 KB.
2018-11-13 00:02:51,684 11185  INFO  [10efb6] Here's some useful guids:
		90c084aa-a473-40c4-95a1-af9a4e766c90
		4158a127-3a54-40e4-94f6-bc97fd4c59fb
		ce19dcfd-b897-4ccd-bf22-5c267d51a8db
2018-11-13 00:02:51,698 11199  INFO  [17b29b] Doing some complicated stuff.. Random numbers are: 861024528, 1683991833, 1332058114.
2018-11-13 00:02:51,708 11209  INFO  [10efb6] Finished processing user request with id = 10efb602-2491-4de4-8b81-91b03c3ef142 in 00:00:00.0594635.
2018-11-13 00:02:51,715 11216  INFO  [BackgroundDaemon] Processing data (68% completed)..
2018-11-13 00:02:51,715 11216  INFO  [BackgroundDaemon] Finished iteration in 00:00:00.2329764.
2018-11-13 00:02:51,720 11221  INFO  [17b29b] Finished processing user request with id = 17b29bd3-36fa-4541-91b9-7aaa727e69ef in 00:00:00.0376126.
2018-11-13 00:02:51,721 11222  INFO  [ae3e53] Started processing user request. Id = ae3e5374-ed24-40f5-89a9-38b4a78e1efa. Size = 8.39 KB.
2018-11-13 00:02:51,730 11231  INFO  [ae3e53] Doing some complicated stuff.. Random numbers are: 432094938, 1748192522, 327670177.
2018-11-13 00:02:51,738 11239  INFO  [cdaf1c] Started processing user request. Id = cdaf1cb8-61c8-4cf8-b9a8-bc28b1256d50. Size = 74.57 KB.
2018-11-13 00:02:51,740 11241  INFO  [ae3e53] Finished processing user request with id = ae3e5374-ed24-40f5-89a9-38b4a78e1efa in 00:00:00.0184808.
2018-11-13 00:02:51,742 11243  INFO  [cdaf1c] Doing some complicated stuff.. Random numbers are: 186300466, 2141125772, 1076934622.
2018-11-13 00:02:51,751 11252  INFO  [ea44b1] Started processing user request. Id = ea44b1a7-9a96-45b4-b2cc-ba3adeecfd4b. Size = 45.98 KB.
2018-11-13 00:02:51,751 11252  INFO  [ea44b1] Doing some complicated stuff.. Random numbers are: 2070859428, 1513351890, 1296707109.
2018-11-13 00:02:51,754 11255  INFO  [98efca] Started processing user request. Id = 98efca64-2c47-45ae-a244-9bc1263a064b. Size = 71.17 KB.
2018-11-13 00:02:51,761 11262  INFO  [98efca] Doing some complicated stuff.. Random numbers are: 585005471, 1199816015, 976746206.
2018-11-13 00:02:51,789 11290  INFO  [cdaf1c] Finished processing user request with id = cdaf1cb8-61c8-4cf8-b9a8-bc28b1256d50 in 00:00:00.0511563.
2018-11-13 00:02:51,793 11294  INFO  [98efca] Finished processing user request with id = 98efca64-2c47-45ae-a244-9bc1263a064b in 00:00:00.0390237.
2018-11-13 00:02:51,801 11302  INFO  [ea44b1] Finished processing user request with id = ea44b1a7-9a96-45b4-b2cc-ba3adeecfd4b in 00:00:00.0498912.
2018-11-13 00:02:51,801 11302  INFO  [Metrics] Cpu: 7.91%; Memory: 19.78 GB/31.88 GB; Workers: 4/1024; IOCP: 0/1024
2018-11-13 00:02:51,807 11308  INFO  [ed73cb] Started processing user request. Id = ed73cbac-5db1-4374-a179-49447f21a11a. Size = 27.01 KB.
2018-11-13 00:02:51,809 11310  INFO  [ed73cb] Doing some complicated stuff.. Random numbers are: 912042607, 551869631, 508222453.
2018-11-13 00:02:51,832 11333  INFO  [1d0db1] Started processing user request. Id = 1d0db16c-8abc-429e-84e9-7336652a4e67. Size = 79.65 KB.
2018-11-13 00:02:51,835 11336  INFO  [1d0db1] Doing some complicated stuff.. Random numbers are: 438579706, 1492282570, 93447259.
2018-11-13 00:02:51,857 11358  INFO  [1d0db1] Here's some useful guids:
		0a324a61-569d-40e5-b4a8-0cd3ab157a69
		20ca2538-9c52-4436-ae0a-621d0b3de160
		ed37ddc6-1491-455a-8ad9-e5e7c3cfac55
		a75427c2-bf60-44fe-bf9e-bd2ddbb8efe5
		a924968d-8370-4b3f-8551-a4e7105a0fc6
2018-11-13 00:02:51,860 11361  INFO  [1d0db1] Finished processing user request with id = 1d0db16c-8abc-429e-84e9-7336652a4e67 in 00:00:00.0279812.
2018-11-13 00:02:51,866 11367  INFO  [ed73cb] Finished processing user request with id = ed73cbac-5db1-4374-a179-49447f21a11a in 00:00:00.0591198.
2018-11-13 00:02:51,879 11380  INFO  [c74131] Started processing user request. Id = c74131fe-c409-4b40-a3cf-c5048c570e9d. Size = 34.89 KB.
2018-11-13 00:02:51,885 11386  INFO  [c74131] Doing some complicated stuff.. Random numbers are: 1125742388, 235759121, 426397095.
2018-11-13 00:02:51,891 11392  INFO  [a21cb0] Started processing user request. Id = a21cb002-470b-4a61-9109-3d41d40249e7. Size = 6.32 KB.
2018-11-13 00:02:51,901 11402  INFO  [a21cb0] Doing some complicated stuff.. Random numbers are: 446964712, 1620219211, 1151476471.
2018-11-13 00:02:51,916 11417  INFO  [BackgroundDaemon] Starting iteration #15462.
2018-11-13 00:02:51,923 11424  INFO  [c74131] Finished processing user request with id = c74131fe-c409-4b40-a3cf-c5048c570e9d in 00:00:00.0441227.
2018-11-13 00:02:51,933 11434  INFO  [a21cb0] Finished processing user request with id = a21cb002-470b-4a61-9109-3d41d40249e7 in 00:00:00.0418219.
2018-11-13 00:02:51,937 11438  INFO  [6a0639] Started processing user request. Id = 6a063977-6328-4bc7-ab3b-fced9c6ca5a1. Size = 25.13 KB.
2018-11-13 00:02:51,944 11445  INFO  [6a0639] Doing some complicated stuff.. Random numbers are: 1469064995, 212457288, 1094144398.
2018-11-13 00:02:51,954 11455  INFO  [6a0639] Finished processing user request with id = 6a063977-6328-4bc7-ab3b-fced9c6ca5a1 in 00:00:00.0171008.
2018-11-13 00:02:51,956 11457  INFO  [8f619b] Started processing user request. Id = 8f619b91-4c3d-4be6-8719-cf9f3a25a1a7. Size = 74.1 KB.
2018-11-13 00:02:51,959 11460  INFO  [8f619b] Doing some complicated stuff.. Random numbers are: 6757231, 1885117780, 768724508.
2018-11-13 00:02:51,964 11465  INFO  [28dca1] Started processing user request. Id = 28dca114-5f9d-40f3-8a9d-704b0c1a5fc7. Size = 35.03 KB.
2018-11-13 00:02:51,968 11469  INFO  [0a54a1] Started processing user request. Id = 0a54a152-ca8b-427c-80c3-4ae8f19dad9a. Size = 13.5 KB.
2018-11-13 00:02:51,979 11480  INFO  [8f619b] Here's some useful guids:
		6ec0dc87-9314-4e0f-8ab2-fb7394778803
		f10239d0-02f4-43d2-bae4-98cee3ad63f4
		229213b5-9ca7-4b18-8133-08faf425ae2d
		85e79495-36c7-4551-8159-3a30a7b02e32
2018-11-13 00:02:51,981 11482  INFO  [28dca1] Doing some complicated stuff.. Random numbers are: 1107622633, 1690056080, 1912481211.
2018-11-13 00:02:51,983 11484  INFO  [BackgroundDaemon] Processing data (17% completed)..
2018-11-13 00:02:51,987 11488  INFO  [0a54a1] Doing some complicated stuff.. Random numbers are: 1625594827, 1886425247, 8943871.
2018-11-13 00:02:51,999 11501  INFO  [8f619b] Finished processing user request with id = 8f619b91-4c3d-4be6-8719-cf9f3a25a1a7 in 00:00:00.0436706.
2018-11-13 00:02:52,007 11508  INFO  [28dca1] Here's some useful guids:
		4a96d7af-3ee6-4663-81ea-7a7d2b2560ef
		85516229-28d0-4ae4-858d-2612c358d4ee
		0e98269f-6fc9-45b4-ada1-9fd07b3b8463
2018-11-13 00:02:52,023 11524  INFO  [0a54a1] Finished processing user request with id = 0a54a152-ca8b-427c-80c3-4ae8f19dad9a in 00:00:00.0548993.
2018-11-13 00:02:52,024 11525  INFO  [BackgroundDaemon] Processing data (37% completed)..
2018-11-13 00:02:52,026 11527  INFO  [28dca1] Finished processing user request with id = 28dca114-5f9d-40f3-8a9d-704b0c1a5fc7 in 00:00:00.0616590.
2018-11-13 00:02:52,037 11538  INFO  [8f1554] Started processing user request. Id = 8f15542b-b1da-4b5c-8e44-835bf35a5c45. Size = 74.04 KB.
2018-11-13 00:02:52,053 11554  INFO  [8f1554] Doing some complicated stuff.. Random numbers are: 464638597, 599090818, 1888489185.
2018-11-13 00:02:52,053 11554  INFO  [BackgroundDaemon] Processing data (59% completed)..
2018-11-13 00:02:52,053 11554  INFO  [BackgroundDaemon] Finished iteration in 00:00:00.1371284.
2018-11-13 00:02:52,057 11558  INFO  [f5d35d] Started processing user request. Id = f5d35da0-4d46-408d-be32-f46d9fc22a60. Size = 90.36 KB.
2018-11-13 00:02:52,057 11558  INFO  [f5d35d] Doing some complicated stuff.. Random numbers are: 450933630, 1940997744, 2026674883.
2018-11-13 00:02:52,072 11573  INFO  [8f1554] Here's some useful guids:
		8986ac80-d91f-4573-9ace-bb9da9dc7d86
		49fc01bb-d7df-43cf-b494-69174b743b93
		f6de0ab4-cd78-4c5a-8b11-75b98892112f
2018-11-13 00:02:52,087 11588  INFO  [f5d35d] Here's some useful guids:
		bc6f8ead-c3cb-4dc6-a494-e58e31c8c591
		7baf00cf-2a28-448b-a48c-514543021616
		9a611457-de2e-482d-a43c-cbb27190e471
		790cb46e-824a-45e6-b00d-7fd1015d7c18
		1989c63c-45bb-4e04-84af-1aec8fe447b9
2018-11-13 00:02:52,094 11595  INFO  [8f1554] Finished processing user request with id = 8f15542b-b1da-4b5c-8e44-835bf35a5c45 in 00:00:00.0569386.
2018-11-13 00:02:52,107 11608  INFO  [e9d455] Started processing user request. Id = e9d455c0-7d28-4213-a4e3-cce709e08bcc. Size = 60.39 KB.
2018-11-13 00:02:52,110 11611  INFO  [e9d455] Doing some complicated stuff.. Random numbers are: 668314904, 1840696768, 956654981.
2018-11-13 00:02:52,111 11612  INFO  [f5d35d] Finished processing user request with id = f5d35da0-4d46-408d-be32-f46d9fc22a60 in 00:00:00.0540642.
2018-11-13 00:02:52,142 11643  INFO  [9941f9] Started processing user request. Id = 9941f99e-a67a-4501-b0d1-b631d484763a. Size = 85.23 KB.
2018-11-13 00:02:52,147 11648  INFO  [e9d455] Here's some useful guids:
		350d69dc-5ef9-4f21-83f1-b26958a4927c
		29b6fdd4-9c78-47a0-8b67-17cbf7cf5b33
		cd71d39e-617a-4ebc-9355-9ffe85e958fe
2018-11-13 00:02:52,157 11658  INFO  [9941f9] Doing some complicated stuff.. Random numbers are: 1560503327, 2027416316, 1771970210.
2018-11-13 00:02:52,167 11668  INFO  [2abbe2] Started processing user request. Id = 2abbe25b-8008-4f33-b5ee-1f866a0f41ae. Size = 45.2 KB.
2018-11-13 00:02:52,173 11674  INFO  [e9d455] Finished processing user request with id = e9d455c0-7d28-4213-a4e3-cce709e08bcc in 00:00:00.0660349.
2018-11-13 00:02:52,180 11681  INFO  [2abbe2] Doing some complicated stuff.. Random numbers are: 1942881811, 589979632, 1011637542.
2018-11-13 00:02:52,186 11687  INFO  [a27e56] Started processing user request. Id = a27e567c-40a7-450f-a025-0f91cb34ca3d. Size = 54.86 KB.
2018-11-13 00:02:52,187 11688  INFO  [9941f9] Finished processing user request with id = 9941f99e-a67a-4501-b0d1-b631d484763a in 00:00:00.0452092.
2018-11-13 00:02:52,193 11694  INFO  [a27e56] Doing some complicated stuff.. Random numbers are: 998140406, 2081410638, 951675626.
2018-11-13 00:02:52,219 11720  INFO  [8eab0d] Started processing user request. Id = 8eab0d8d-e913-4733-93d6-693057479c3b. Size = 42.02 KB.
2018-11-13 00:02:52,225 11726  INFO  [8eab0d] Doing some complicated stuff.. Random numbers are: 1961870024, 721994846, 2136122804.
2018-11-13 00:02:52,226 11727  INFO  [2abbe2] Finished processing user request with id = 2abbe25b-8008-4f33-b5ee-1f866a0f41ae in 00:00:00.0589476.
2018-11-13 00:02:52,236 11737  INFO  [8eab0d] Finished processing user request with id = 8eab0d8d-e913-4733-93d6-693057479c3b in 00:00:00.0171178.
2018-11-13 00:02:52,239 11740  INFO  [a27e56] Finished processing user request with id = a27e567c-40a7-450f-a025-0f91cb34ca3d in 00:00:00.0527249.
2018-11-13 00:02:52,253 11754  INFO  [c1b353] Started processing user request. Id = c1b35342-e1ff-4fb2-a549-3afff97b7c26. Size = 31.05 KB.
2018-11-13 00:02:52,254 11755  INFO  [BackgroundDaemon] Starting iteration #15463.
2018-11-13 00:02:52,267 11768  INFO  [ef2585] Started processing user request. Id = ef258594-f8f0-4555-be97-e1f126705cb0. Size = 30.78 KB.
2018-11-13 00:02:52,267 11768  INFO  [ef2585] Doing some complicated stuff.. Random numbers are: 2001255107, 269589178, 994362211.
2018-11-13 00:02:52,268 11769  INFO  [c1b353] Doing some complicated stuff.. Random numbers are: 867189679, 58737850, 445837659.
2018-11-13 00:02:52,278 11779  INFO  [ef2585] Here's some useful guids:
		422d6f60-5a87-46f9-a436-4eabb31f59b0
2018-11-13 00:02:52,300 11801  INFO  [Metrics] Cpu: 7.91%; Memory: 19.78 GB/31.88 GB; Workers: 4/1024; IOCP: 0/1024
2018-11-13 00:02:52,303 11804  INFO  [ef2585] Finished processing user request with id = ef258594-f8f0-4555-be97-e1f126705cb0 in 00:00:00.0362314.
2018-11-13 00:02:52,305 11806  INFO  [c1b353] Here's some useful guids:
		93e2647a-651f-4fec-8163-d0deb8fcece6
		e1c7d2d0-acf5-4e9b-b7d6-334a269de3bc
		5a73c1ad-da78-4f8e-9d43-bed411cdc28e
		6a27afaa-98b4-4f0a-95ff-dd68ddda43d3
		9d78829b-b554-49a9-a350-21a681c7851c
2018-11-13 00:02:52,334 11835  INFO  [c1b353] Finished processing user request with id = c1b35342-e1ff-4fb2-a549-3afff97b7c26 in 00:00:00.0815595.
2018-11-13 00:02:52,334 11835  INFO  [b185c6] Started processing user request. Id = b185c679-0380-4daa-9c99-cef5b6b74ed0. Size = 25.95 KB.
2018-11-13 00:02:52,334 11835  INFO  [b185c6] Doing some complicated stuff.. Random numbers are: 431537345, 1203555647, 1847225065.
2018-11-13 00:02:52,347 11848  INFO  [19e6f9] Started processing user request. Id = 19e6f99d-6fba-4e0f-8583-9ce774875d72. Size = 19.53 KB.
2018-11-13 00:02:52,349 11850  INFO  [19e6f9] Doing some complicated stuff.. Random numbers are: 9777656, 730898908, 966401185.
2018-11-13 00:02:52,353 11854  INFO  [BackgroundDaemon] Processing data (17% completed)..
2018-11-13 00:02:52,376 11877  INFO  [19e6f9] Here's some useful guids:
		4da7bade-f062-4e84-bf56-0d93f41b9743
		16d980fa-ce44-4231-a5e4-9ee1c3f8b36f
		e9d3aa06-dda7-40c0-ba8d-0804bed6e228
		ac4f1429-444f-4c89-b57c-e14645f0ef04
		2c71c09d-2ff1-4483-ae13-ed7746e8c510
2018-11-13 00:02:52,378 11879  INFO  [19e6f9] Finished processing user request with id = 19e6f99d-6fba-4e0f-8583-9ce774875d72 in 00:00:00.0309016.
2018-11-13 00:02:52,386 11887  INFO  [b185c6] Finished processing user request with id = b185c679-0380-4daa-9c99-cef5b6b74ed0 in 00:00:00.0520323.
2018-11-13 00:02:52,392 11893  INFO  [2f46bd] Started processing user request. Id = 2f46bdd3-6986-4960-aad2-3c57d5e6fafd. Size = 95.68 KB.
2018-11-13 00:02:52,393 11894  INFO  [41d444] Started processing user request. Id = 41d444d2-a7a2-4e74-9d59-a0a4ece22d78. Size = 8.66 KB.
2018-11-13 00:02:52,405 11906  INFO  [BackgroundDaemon] Processing data (30% completed)..
2018-11-13 00:02:52,406 11907  INFO  [2f46bd] Doing some complicated stuff.. Random numbers are: 489696131, 1732631250, 2136490405.
2018-11-13 00:02:52,411 11912  INFO  [41d444] Doing some complicated stuff.. Random numbers are: 753071828, 1349398916, 1916437360.
2018-11-13 00:02:52,414 11915  INFO  [2f46bd] Here's some useful guids:
		869861ac-c831-48ad-9180-080411ed1c01
		846161ab-b139-4dec-ae7e-78231e3963a8
2018-11-13 00:02:52,417 11918  INFO  [52b0a4] Started processing user request. Id = 52b0a419-f744-4aea-bb40-0a82f1b1202e. Size = 56.11 KB.
2018-11-13 00:02:52,421 11922  INFO  [2f46bd] Finished processing user request with id = 2f46bdd3-6986-4960-aad2-3c57d5e6fafd in 00:00:00.0290366.
2018-11-13 00:02:52,434 11935  INFO  [22c6ab] Started processing user request. Id = 22c6ab54-6ee1-4bf9-8bd2-6b18911c88e5. Size = 8.08 KB.
2018-11-13 00:02:52,436 11937  INFO  [52b0a4] Doing some complicated stuff.. Random numbers are: 637144528, 1836779953, 1828011984.
2018-11-13 00:02:52,438 11940  INFO  [41d444] Here's some useful guids:
		8a1a899b-2953-4dc0-a517-90b587582a1f
2018-11-13 00:02:52,443 11945  INFO  [52b0a4] Here's some useful guids:
		d1ec5a49-9c78-469d-a119-19bda29ece20
		62f561a4-3833-4ba4-8092-9167418f2f55
2018-11-13 00:02:52,443 11945  INFO  [52b0a4] Finished processing user request with id = 52b0a419-f744-4aea-bb40-0a82f1b1202e in 00:00:00.0261800.
2018-11-13 00:02:52,448 11950  INFO  [22c6ab] Doing some complicated stuff.. Random numbers are: 1241114420, 59943554, 839074602.
2018-11-13 00:02:52,455 11956  INFO  [41d444] Finished processing user request with id = 41d444d2-a7a2-4e74-9d59-a0a4ece22d78 in 00:00:00.0612626.
2018-11-13 00:02:52,472 11973  INFO  [22c6ab] Here's some useful guids:
		19e75cc3-8497-4e39-9072-225afe9f40e7
2018-11-13 00:02:52,475 11977  ERROR [22c6ab] 
System.InvalidOperationException: Oh no! An error occurred!
2018-11-13 00:02:52,475 11977  INFO  [78f04d] Started processing user request. Id = 78f04d1d-50dd-42cb-954b-935ddf521d95. Size = 21.13 KB.
2018-11-13 00:02:52,486 11988  INFO  [BackgroundDaemon] Processing data (86% completed)..
2018-11-13 00:02:52,486 11988  INFO  [BackgroundDaemon] Finished iteration in 00:00:00.2328354.
2018-11-13 00:02:52,489 11991  INFO  [e5f966] Started processing user request. Id = e5f96689-a481-4d9c-90c9-7cee061db04f. Size = 25.97 KB.
2018-11-13 00:02:52,493 11994  INFO  [78f04d] Doing some complicated stuff.. Random numbers are: 85412436, 946717808, 2129084477.
2018-11-13 00:02:52,508 12009  INFO  [e5f966] Doing some complicated stuff.. Random numbers are: 741947760, 184203217, 1503662585.
2018-11-13 00:02:52,515 12016  INFO  [e5f966] Finished processing user request with id = e5f96689-a481-4d9c-90c9-7cee061db04f in 00:00:00.0251217.
2018-11-13 00:02:52,528 12029  INFO  [fd9902] Started processing user request. Id = fd990293-2cce-4ecf-aa33-addaf502a207. Size = 31.13 KB.
2018-11-13 00:02:52,531 12032  INFO  [fd9902] Doing some complicated stuff.. Random numbers are: 2084496236, 1536653665, 300772030.
2018-11-13 00:02:52,537 12038  INFO  [78f04d] Finished processing user request with id = 78f04d1d-50dd-42cb-954b-935ddf521d95 in 00:00:00.0616499.
2018-11-13 00:02:52,567 12068  INFO  [fd9902] Finished processing user request with id = fd990293-2cce-4ecf-aa33-addaf502a207 in 00:00:00.0394921.
2018-11-13 00:02:52,569 12070  INFO  [b550f3] Started processing user request. Id = b550f32d-d351-471b-8881-da6a3d2f8397. Size = 23.53 KB.
2018-11-13 00:02:52,579 12080  INFO  [b550f3] Doing some complicated stuff.. Random numbers are: 1675954271, 1403801030, 1587962707.
2018-11-13 00:02:52,581 12082  INFO  [091800] Started processing user request. Id = 0918008f-8208-4ff5-b559-b839e5b2b74e. Size = 3.19 KB.
2018-11-13 00:02:52,582 12083  INFO  [091800] Doing some complicated stuff.. Random numbers are: 1224100786, 1754963743, 1613582857.
2018-11-13 00:02:52,587 12088  INFO  [091800] Here's some useful guids:
		0699d501-44c3-43da-9d82-7fa9c439a39c
		083ee208-c682-4c30-aa9c-e63569df1ada
		faf55f04-de15-4305-8ca2-6a0647c7bb39
2018-11-13 00:02:52,596 12097  INFO  [b550f3] Finished processing user request with id = b550f32d-d351-471b-8881-da6a3d2f8397 in 00:00:00.0270173.
2018-11-13 00:02:52,602 12103  ERROR [091800] 
System.InvalidOperationException: Oh no! An error occurred!
2018-11-13 00:02:52,616 12117  INFO  [ce0a56] Started processing user request. Id = ce0a563d-cb21-4afa-ba61-33c6047686d2. Size = 93.2 KB.
2018-11-13 00:02:52,622 12123  INFO  [54cee9] Started processing user request. Id = 54cee942-e603-4e1a-a19e-e8b7ccbfe78c. Size = 14.22 KB.
2018-11-13 00:02:52,622 12123  INFO  [54cee9] Doing some complicated stuff.. Random numbers are: 812772578, 1284974922, 701226548.
2018-11-13 00:02:52,627 12128  INFO  [bff661] Started processing user request. Id = bff66189-ed31-4872-8dad-51c807ca735c. Size = 76.26 KB.
2018-11-13 00:02:52,629 12130  INFO  [bff661] Doing some complicated stuff.. Random numbers are: 1109675603, 231375020, 836866862.
2018-11-13 00:02:52,634 12135  INFO  [ce0a56] Doing some complicated stuff.. Random numbers are: 946097858, 286806451, 1552194324.
2018-11-13 00:02:52,640 12141  INFO  [ce0a56] Here's some useful guids:
		4f1811e8-4568-4245-84d1-5ad0bc79f9dd
2018-11-13 00:02:52,651 12152  INFO  [ce0a56] Finished processing user request with id = ce0a563d-cb21-4afa-ba61-33c6047686d2 in 00:00:00.0349930.
2018-11-13 00:02:52,651 12152  INFO  [54cee9] Here's some useful guids:
		acbcd873-cf6a-437d-b230-a545cdac4086
2018-11-13 00:02:52,665 12166  INFO  [019b5c] Started processing user request. Id = 019b5c64-af4e-4a68-81d2-d6f940a84dbb. Size = 10.46 KB.
2018-11-13 00:02:52,668 12169  ERROR [54cee9] 
System.InvalidOperationException: Oh no! An error occurred!
2018-11-13 00:02:52,674 12175  INFO  [bff661] Finished processing user request with id = bff66189-ed31-4872-8dad-51c807ca735c in 00:00:00.0469983.
2018-11-13 00:02:52,683 12184  INFO  [019b5c] Doing some complicated stuff.. Random numbers are: 1374823304, 730712006, 749237964.
2018-11-13 00:02:52,687 12188  INFO  [BackgroundDaemon] Starting iteration #15464.
2018-11-13 00:02:52,705 12206  INFO  [41dc9c] Started processing user request. Id = 41dc9c00-28c1-43d1-b388-3fae26c3f363. Size = 18.1 KB.
2018-11-13 00:02:52,707 12208  INFO  [41dc9c] Doing some complicated stuff.. Random numbers are: 2075042659, 585861578, 2076612069.
2018-11-13 00:02:52,717 12218  INFO  [BackgroundDaemon] Processing data (19% completed)..
2018-11-13 00:02:52,724 12225  INFO  [019b5c] Finished processing user request with id = 019b5c64-af4e-4a68-81d2-d6f940a84dbb in 00:00:00.0591471.
2018-11-13 00:02:52,733 12234  INFO  [41dc9c] Finished processing user request with id = 41dc9c00-28c1-43d1-b388-3fae26c3f363 in 00:00:00.0280551.
2018-11-13 00:02:52,738 12239  INFO  [fee15e] Started processing user request. Id = fee15e85-5407-4b97-8002-427fd3f8225f. Size = 42.98 KB.
2018-11-13 00:02:52,749 12250  INFO  [fee15e] Doing some complicated stuff.. Random numbers are: 1623303824, 126927059, 1319687357.
2018-11-13 00:02:52,755 12257  INFO  [fee15e] Here's some useful guids:
		8f021007-c951-4911-bc71-71097a6341a7
		e6ad6844-b727-4870-8216-400209e54ba2
2018-11-13 00:02:52,765 12266  INFO  [BackgroundDaemon] Processing data (46% completed)..
2018-11-13 00:02:52,765 12266  INFO  [82bdee] Started processing user request. Id = 82bdee68-07c8-409b-8d0a-be7c2f468eb0. Size = 22.04 KB.
2018-11-13 00:02:52,769 12271  INFO  [fee15e] Finished processing user request with id = fee15e85-5407-4b97-8002-427fd3f8225f in 00:00:00.0310641.
2018-11-13 00:02:52,777 12278  INFO  [82bdee] Doing some complicated stuff.. Random numbers are: 449936515, 144584757, 150055376.
2018-11-13 00:02:52,782 12284  INFO  [7fe9f4] Started processing user request. Id = 7fe9f480-671a-4687-9dd5-05aff904ab95. Size = 20.04 KB.
2018-11-13 00:02:52,785 12286  INFO  [BackgroundDaemon] Processing data (80% completed)..
2018-11-13 00:02:52,785 12286  INFO  [BackgroundDaemon] Finished iteration in 00:00:00.0972632.
2018-11-13 00:02:52,798 12299  INFO  [7fe9f4] Doing some complicated stuff.. Random numbers are: 479855641, 1321537629, 1240775519.
2018-11-13 00:02:52,800 12301  INFO  [Metrics] Cpu: 11.44%; Memory: 19.79 GB/31.88 GB; Workers: 4/1024; IOCP: 0/1024
2018-11-13 00:02:52,801 12302  INFO  [7fe9f4] Here's some useful guids:
		cbc825a7-059b-4cc2-83ca-f2e16e2f8bd4
		6bfa0cb5-7360-489d-b148-f4e4dabe156a
		d2931d3a-f06f-489f-a29e-734cd042db17
		b9eb6086-fd2c-4521-b770-5b0b95d1a7eb
		d1a5ffd7-9f7d-40d4-866f-e3743e890105
2018-11-13 00:02:52,801 12302  INFO  [7fe9f4] Finished processing user request with id = 7fe9f480-671a-4687-9dd5-05aff904ab95 in 00:00:00.0181095.
2018-11-13 00:02:52,814 12315  INFO  [0f0d3c] Started processing user request. Id = 0f0d3cc6-2176-4f57-bf80-6ad32da16044. Size = 56.74 KB.
2018-11-13 00:02:52,816 12317  INFO  [0f0d3c] Doing some complicated stuff.. Random numbers are: 928115336, 641540072, 827343158.
2018-11-13 00:02:52,816 12317  INFO  [82bdee] Here's some useful guids:
		7da62195-8f25-4100-aeec-3e39b373498a
		c6c8fcc2-fa70-4a7c-bb50-b4b16b7db92f
		5d344a95-01af-4acd-b049-5e1c34fbfd73
2018-11-13 00:02:52,836 12337  INFO  [0f0d3c] Here's some useful guids:
		9e447c1d-02f9-4331-882c-aeed03c15d6f
		caece30f-42c3-45ca-8e97-19f0ae48922d
2018-11-13 00:02:52,836 12337  INFO  [c7616f] Started processing user request. Id = c7616f3b-4cba-4c7e-a301-70dfd07ccce3. Size = 45.08 KB.
2018-11-13 00:02:52,836 12337  INFO  [82bdee] Finished processing user request with id = 82bdee68-07c8-409b-8d0a-be7c2f468eb0 in 00:00:00.0711342.
2018-11-13 00:02:52,842 12343  INFO  [0f0d3c] Finished processing user request with id = 0f0d3cc6-2176-4f57-bf80-6ad32da16044 in 00:00:00.0279914.
2018-11-13 00:02:52,856 12357  INFO  [e9b3f0] Started processing user request. Id = e9b3f005-7f00-4956-909c-c97b30131108. Size = 80.62 KB.
2018-11-13 00:02:52,856 12357  INFO  [c7616f] Doing some complicated stuff.. Random numbers are: 653093340, 1298567986, 541414807.
2018-11-13 00:02:52,865 12367  INFO  [e9b3f0] Doing some complicated stuff.. Random numbers are: 560197019, 1009541005, 115141476.
2018-11-13 00:02:52,867 12369  INFO  [150dae] Started processing user request. Id = 150dae60-3f18-4ffd-a4c7-813959bb0a29. Size = 30.24 KB.
2018-11-13 00:02:52,879 12380  INFO  [150dae] Doing some complicated stuff.. Random numbers are: 1336036388, 1836637998, 1995877788.
2018-11-13 00:02:52,880 12381  INFO  [c7616f] Here's some useful guids:
		db2fd432-c5e4-4c4c-9553-be396bb8b92c
		5b63cdee-0bb4-4fd4-850f-aede1b158e31
		7eba30b9-6f54-4ae9-a209-22361bc33ab7
		8591f947-5463-4de8-9363-d04078aad15c
		f38aa001-f7b2-4c51-aa2f-7e211f6c557f
2018-11-13 00:02:52,884 12385  INFO  [e9b3f0] Here's some useful guids:
		82a33567-2dbe-4607-802e-a1020d4752ca
		ebcb70d2-d237-4d03-8f42-85ee9404f4e3
		fa149ba7-8086-477b-a1cc-c9179e5a8788
		177f4497-7d53-4e71-8e9c-e5250a2a9dce
		ed5cf57c-af42-4b50-ba69-af49eab2837c
2018-11-13 00:02:52,907 12408  INFO  [c7616f] Finished processing user request with id = c7616f3b-4cba-4c7e-a301-70dfd07ccce3 in 00:00:00.0710453.
2018-11-13 00:02:52,908 12409  INFO  [e9b3f0] Finished processing user request with id = e9b3f005-7f00-4956-909c-c97b30131108 in 00:00:00.0521410.
2018-11-13 00:02:52,921 12422  INFO  [751f9a] Started processing user request. Id = 751f9aa1-8daa-448e-9c0a-50adfbee7a34. Size = 62.04 KB.
2018-11-13 00:02:52,936 12437  INFO  [751f9a] Doing some complicated stuff.. Random numbers are: 1287508189, 1967759925, 283169046.
2018-11-13 00:02:52,945 12446  INFO  [150dae] Finished processing user request with id = 150dae60-3f18-4ffd-a4c7-813959bb0a29 in 00:00:00.0779534.
2018-11-13 00:02:52,962 12463  INFO  [751f9a] Finished processing user request with id = 751f9aa1-8daa-448e-9c0a-50adfbee7a34 in 00:00:00.0408539.
2018-11-13 00:02:52,975 12477  INFO  [b794df] Started processing user request. Id = b794dfaa-2f57-459b-a2ab-ae3738a5a35f. Size = 24.83 KB.
2018-11-13 00:02:52,977 12478  INFO  [1eddf3] Started processing user request. Id = 1eddf31b-c6f8-4026-8f67-2c15a60b5f47. Size = 10.55 KB.
2018-11-13 00:02:52,980 12481  INFO  [b794df] Doing some complicated stuff.. Random numbers are: 114675476, 1435234780, 1854974173.
2018-11-13 00:02:52,985 12486  INFO  [BackgroundDaemon] Starting iteration #15465.
2018-11-13 00:02:52,987 12488  INFO  [1eddf3] Doing some complicated stuff.. Random numbers are: 511913190, 1539304515, 1308832051.
2018-11-13 00:02:52,998 12499  INFO  [b794df] Here's some useful guids:
		6fa86109-3c65-430c-8455-7b19a6e76a53
2018-11-13 00:02:53,011 12512  INFO  [b794df] Finished processing user request with id = b794dfaa-2f57-459b-a2ab-ae3738a5a35f in 00:00:00.0352534.
2018-11-13 00:02:53,025 12526  INFO  [e29163] Started processing user request. Id = e2916346-9f68-4159-ae10-4adfa1709fcb. Size = 12.18 KB.
2018-11-13 00:02:53,029 12530  INFO  [1eddf3] Finished processing user request with id = 1eddf31b-c6f8-4026-8f67-2c15a60b5f47 in 00:00:00.0520009.
2018-11-13 00:02:53,044 12545  INFO  [e29163] Doing some complicated stuff.. Random numbers are: 1541523787, 236657112, 2102475472.
2018-11-13 00:02:53,060 12561  INFO  [c4ba82] Started processing user request. Id = c4ba8279-2bc5-4dc3-a7c8-e32cc72288b0. Size = 94.9 KB.
2018-11-13 00:02:53,069 12571  INFO  [c4ba82] Doing some complicated stuff.. Random numbers are: 1339714630, 316806010, 215399557.
2018-11-13 00:02:53,070 12572  INFO  [e29163] Finished processing user request with id = e2916346-9f68-4159-ae10-4adfa1709fcb in 00:00:00.0459204.
2018-11-13 00:02:53,075 12576  INFO  [a0268a] Started processing user request. Id = a0268afe-02ed-4b0c-94f4-55b2b985543c. Size = 52.51 KB.
2018-11-13 00:02:53,075 12576  INFO  [a0268a] Doing some complicated stuff.. Random numbers are: 2043137221, 357836655, 705552049.
2018-11-13 00:02:53,078 12579  INFO  [BackgroundDaemon] Processing data (17% completed)..
2018-11-13 00:02:53,085 12586  INFO  [6a19e5] Started processing user request. Id = 6a19e5cc-933b-49d5-9ab1-cc25e11f0c96. Size = 55.13 KB.
2018-11-13 00:02:53,087 12588  INFO  [6a19e5] Doing some complicated stuff.. Random numbers are: 1918876157, 745390172, 108558635.
2018-11-13 00:02:53,090 12591  INFO  [a0268a] Here's some useful guids:
		df533720-f263-41e4-9d8d-748a73592a87
		f17d0a0c-714f-4907-b5b4-e2bc7f24911c
		c3707836-010b-4337-a1f0-1ccb7092ddde
2018-11-13 00:02:53,093 12594  INFO  [a0268a] Finished processing user request with id = a0268afe-02ed-4b0c-94f4-55b2b985543c in 00:00:00.0181409.
2018-11-13 00:02:53,110 12611  INFO  [6a19e5] Finished processing user request with id = 6a19e5cc-933b-49d5-9ab1-cc25e11f0c96 in 00:00:00.0251302.
2018-11-13 00:02:53,111 12612  INFO  [c4ba82] Finished processing user request with id = c4ba8279-2bc5-4dc3-a7c8-e32cc72288b0 in 00:00:00.0510296.
2018-11-13 00:02:53,123 12624  INFO  [dedb1c] Started processing user request. Id = dedb1c1b-a2d0-463a-a053-789946462e97. Size = 50.63 KB.
2018-11-13 00:02:53,127 12628  INFO  [dedb1c] Doing some complicated stuff.. Random numbers are: 2053547651, 1303960387, 1872330901.
2018-11-13 00:02:53,132 12633  INFO  [BackgroundDaemon] Processing data (46% completed)..
2018-11-13 00:02:53,143 12644  INFO  [606ec2] Started processing user request. Id = 606ec23d-bb5d-4511-97f2-cf854d90b0b2. Size = 69.65 KB.
2018-11-13 00:02:53,148 12649  INFO  [dedb1c] Finished processing user request with id = dedb1c1b-a2d0-463a-a053-789946462e97 in 00:00:00.0248701.
2018-11-13 00:02:53,161 12663  INFO  [d208c1] Started processing user request. Id = d208c1e3-aaf1-4894-9b61-d4bd87b0dfbc. Size = 77.3 KB.
2018-11-13 00:02:53,163 12664  INFO  [606ec2] Doing some complicated stuff.. Random numbers are: 1155822482, 2069376365, 2094366197.
2018-11-13 00:02:53,169 12670  INFO  [d208c1] Doing some complicated stuff.. Random numbers are: 89375643, 1522312617, 767132635.
2018-11-13 00:02:53,172 12673  INFO  [606ec2] Finished processing user request with id = 606ec23d-bb5d-4511-97f2-cf854d90b0b2 in 00:00:00.0289600.
2018-11-13 00:02:53,198 12699  INFO  [d208c1] Here's some useful guids:
		ff6e317e-1909-48fd-921c-f6548397487f
		65f0431e-1da6-46f4-95a3-0d1c21183e88
		18a7810e-14af-40ce-b113-3a852e101a14
		1d14992d-2d54-448f-887d-3437a25cbec4
2018-11-13 00:02:53,198 12699  ERROR [d208c1] 
System.InvalidOperationException: Oh no! An error occurred!
2018-11-13 00:02:53,203 12704  INFO  [83da54] Started processing user request. Id = 83da5408-47f2-44d1-8e87-76ca62ceb323. Size = 55.19 KB.
2018-11-13 00:02:53,208 12709  INFO  [83da54] Doing some complicated stuff.. Random numbers are: 79164871, 665206557, 965191703.
2018-11-13 00:02:53,211 12713  INFO  [d1d6d6] Started processing user request. Id = d1d6d693-ead5-4cc8-b53d-e45dc17e5e5b. Size = 67.45 KB.
2018-11-13 00:02:53,217 12718  INFO  [83da54] Here's some useful guids:
		b3ecb95c-7065-48df-b4a5-b7848a14beaa
		d5ab5722-ec8e-44aa-96a4-6ad1847835a6
		f30e0a9d-0a8b-48bc-af8b-57ddb24b4951
2018-11-13 00:02:53,224 12725  ERROR [83da54] 
System.InvalidOperationException: Oh no! An error occurred!
2018-11-13 00:02:53,224 12725  INFO  [d1d6d6] Doing some complicated stuff.. Random numbers are: 1254329161, 823846255, 2097262413.
2018-11-13 00:02:53,231 12732  INFO  [BackgroundDaemon] Processing data (65% completed)..
2018-11-13 00:02:53,231 12732  INFO  [BackgroundDaemon] Finished iteration in 00:00:00.2460732.
2018-11-13 00:02:53,255 12756  INFO  [d683d2] Started processing user request. Id = d683d232-6456-47af-8d02-81d0ffa0bb57. Size = 84.43 KB.
2018-11-13 00:02:53,258 12759  INFO  [d1d6d6] Finished processing user request with id = d1d6d693-ead5-4cc8-b53d-e45dc17e5e5b in 00:00:00.0462799.
2018-11-13 00:02:53,261 12762  INFO  [9bf6e1] Started processing user request. Id = 9bf6e14d-6fd9-4c68-a541-79c1cca7c52f. Size = 96.13 KB.
2018-11-13 00:02:53,268 12769  INFO  [d683d2] Doing some complicated stuff.. Random numbers are: 1269535128, 996482653, 468630122.
2018-11-13 00:02:53,271 12772  INFO  [9bf6e1] Doing some complicated stuff.. Random numbers are: 1483377147, 260631566, 1135511640.
2018-11-13 00:02:53,272 12773  INFO  [69d400] Started processing user request. Id = 69d40072-f568-4f02-b164-e7292ea9fa30. Size = 83.46 KB.
2018-11-13 00:02:53,272 12773  INFO  [69d400] Doing some complicated stuff.. Random numbers are: 1413709599, 532794074, 1391088334.
2018-11-13 00:02:53,282 12784  INFO  [d683d2] Here's some useful guids:
		06cc7af7-d0e0-423a-88c1-2be45d3e9259
2018-11-13 00:02:53,288 12790  INFO  [d683d2] Finished processing user request with id = d683d232-6456-47af-8d02-81d0ffa0bb57 in 00:00:00.0335303.
2018-11-13 00:02:53,296 12797  INFO  [9bf6e1] Here's some useful guids:
		a88a81f0-9123-4f3f-a92c-828c3be52f1d
2018-11-13 00:02:53,299 12800  INFO  [Metrics] Cpu: 11.44%; Memory: 19.79 GB/31.88 GB; Workers: 4/1024; IOCP: 0/1024
2018-11-13 00:02:53,313 12814  INFO  [9bf6e1] Finished processing user request with id = 9bf6e14d-6fd9-4c68-a541-79c1cca7c52f in 00:00:00.0524985.
2018-11-13 00:02:53,315 12816  INFO  [69d400] Finished processing user request with id = 69d40072-f568-4f02-b164-e7292ea9fa30 in 00:00:00.0435706.
2018-11-13 00:02:53,320 12821  INFO  [da90df] Started processing user request. Id = da90df15-3589-435a-8895-66e1e220b4da. Size = 44.85 KB.
2018-11-13 00:02:53,322 12823  INFO  [da90df] Doing some complicated stuff.. Random numbers are: 180141405, 593922101, 2030229571.
2018-11-13 00:02:53,328 12829  INFO  [157eb1] Started processing user request. Id = 157eb144-9bed-43c5-8bcc-0ee41d653c74. Size = 50.74 KB.
2018-11-13 00:02:53,331 12832  INFO  [157eb1] Doing some complicated stuff.. Random numbers are: 875022848, 286583699, 1520886490.
2018-11-13 00:02:53,355 12856  INFO  [157eb1] Finished processing user request with id = 157eb144-9bed-43c5-8bcc-0ee41d653c74 in 00:00:00.0267299.
2018-11-13 00:02:53,368 12869  INFO  [b90c80] Started processing user request. Id = b90c80e7-a1bc-47f1-b356-7196e2080cb9. Size = 83.71 KB.
2018-11-13 00:02:53,374 12875  INFO  [da90df] Finished processing user request with id = da90df15-3589-435a-8895-66e1e220b4da in 00:00:00.0532337.
2018-11-13 00:02:53,384 12885  INFO  [b90c80] Doing some complicated stuff.. Random numbers are: 337152133, 465263078, 748762080.
2018-11-13 00:02:53,405 12906  INFO  [0a9051] Started processing user request. Id = 0a9051f6-7d5f-4646-bf0a-c28c8f134c28. Size = 48.58 KB.
2018-11-13 00:02:53,407 12908  INFO  [0a9051] Doing some complicated stuff.. Random numbers are: 1683626915, 1150348112, 35277483.
2018-11-13 00:02:53,426 12927  INFO  [b90c80] Finished processing user request with id = b90c80e7-a1bc-47f1-b356-7196e2080cb9 in 00:00:00.0575078.
2018-11-13 00:02:53,431 12932  INFO  [0a9051] Finished processing user request with id = 0a9051f6-7d5f-4646-bf0a-c28c8f134c28 in 00:00:00.0260243.
2018-11-13 00:02:53,431 12932  INFO  [BackgroundDaemon] Starting iteration #15466.
2018-11-13 00:02:53,439 12940  INFO  [4a9a87] Started processing user request. Id = 4a9a876f-7ce9-4830-8004-9e986f3689be. Size = 91.45 KB.
2018-11-13 00:02:53,454 12955  INFO  [4a9a87] Doing some complicated stuff.. Random numbers are: 2103768885, 1025161999, 345828479.
2018-11-13 00:02:53,462 12963  INFO  [689e84] Started processing user request. Id = 689e843d-6a74-4e6f-967f-6493b77d637a. Size = 4.77 KB.
2018-11-13 00:02:53,471 12972  INFO  [689e84] Doing some complicated stuff.. Random numbers are: 1696276841, 1221239507, 623015155.
2018-11-13 00:02:53,481 12982  INFO  [4a9a87] Finished processing user request with id = 4a9a876f-7ce9-4830-8004-9e986f3689be in 00:00:00.0415545.
2018-11-13 00:02:53,481 12982  INFO  [80e760] Started processing user request. Id = 80e7605f-b551-4e18-8b99-746378e87816. Size = 16.44 KB.
2018-11-13 00:02:53,490 12991  INFO  [80e760] Doing some complicated stuff.. Random numbers are: 2044073754, 2108618651, 556989639.
2018-11-13 00:02:53,495 12996  INFO  [6a07d9] Started processing user request. Id = 6a07d9e2-ec3e-4043-af41-e8d01bb4242a. Size = 12.69 KB.
2018-11-13 00:02:53,498 12999  INFO  [6a07d9] Doing some complicated stuff.. Random numbers are: 845770956, 1842005453, 1673936804.
2018-11-13 00:02:53,515 13016  INFO  [689e84] Finished processing user request with id = 689e843d-6a74-4e6f-967f-6493b77d637a in 00:00:00.0530821.
2018-11-13 00:02:53,515 13016  INFO  [6a07d9] Here's some useful guids:
		abdeb50e-4998-400a-8453-417fa3a19db3
2018-11-13 00:02:53,517 13018  INFO  [80e760] Finished processing user request with id = 80e7605f-b551-4e18-8b99-746378e87816 in 00:00:00.0366241.
2018-11-13 00:02:53,529 13030  INFO  [BackgroundDaemon] Processing data (16% completed)..
2018-11-13 00:02:53,543 13044  INFO  [6a07d9] Finished processing user request with id = 6a07d9e2-ec3e-4043-af41-e8d01bb4242a in 00:00:00.0484168.
2018-11-13 00:02:53,547 13048  INFO  [7b2e96] Started processing user request. Id = 7b2e96b5-5fbb-48d8-9b24-1fa89bf4f288. Size = 50.98 KB.
2018-11-13 00:02:53,554 13055  INFO  [7b2e96] Doing some complicated stuff.. Random numbers are: 1280116886, 1133387775, 52678053.
2018-11-13 00:02:53,556 13057  INFO  [66ae12] Started processing user request. Id = 66ae12b3-e186-4035-be07-5df3000893da. Size = 54.35 KB.
2018-11-13 00:02:53,574 13075  INFO  [66ae12] Doing some complicated stuff.. Random numbers are: 42677519, 908511200, 1978468518.
2018-11-13 00:02:53,584 13086  INFO  [7b2e96] Finished processing user request with id = 7b2e96b5-5fbb-48d8-9b24-1fa89bf4f288 in 00:00:00.0373308.
2018-11-13 00:02:53,594 13095  INFO  [66ae12] Finished processing user request with id = 66ae12b3-e186-4035-be07-5df3000893da in 00:00:00.0382252.
2018-11-13 00:02:53,601 13102  INFO  [BackgroundDaemon] Processing data (48% completed)..
2018-11-13 00:02:53,607 13109  INFO  [a0d8fc] Started processing user request. Id = a0d8fc88-0fb6-4f8b-aa91-a16427d898d8. Size = 62.2 KB.
2018-11-13 00:02:53,616 13117  INFO  [7215ed] Started processing user request. Id = 7215ed81-8b18-45b2-bb6e-3ad27379f8ab. Size = 13.89 KB.
2018-11-13 00:02:53,621 13122  INFO  [a0d8fc] Doing some complicated stuff.. Random numbers are: 1445447395, 1174179295, 1190377743.
2018-11-13 00:02:53,632 13133  INFO  [7215ed] Doing some complicated stuff.. Random numbers are: 782460633, 1377841438, 499674334.
2018-11-13 00:02:53,661 13162  INFO  [7215ed] Here's some useful guids:
		5bf57efc-8226-4023-8c69-dd5fdd675ec6
		cfe120bf-5e66-4e96-87d6-689ebfebe8ac
		a7f7f113-e218-4d2a-893f-f5bbea7cb122
		b13c9c76-ad66-4176-94e0-8ae95c5a8fa3
2018-11-13 00:02:53,675 13177  INFO  [a0d8fc] Finished processing user request with id = a0d8fc88-0fb6-4f8b-aa91-a16427d898d8 in 00:00:00.0680249.
2018-11-13 00:02:53,678 13180  INFO  [BackgroundDaemon] Processing data (73% completed)..
2018-11-13 00:02:53,678 13180  INFO  [BackgroundDaemon] Finished iteration in 00:00:00.2473996.
2018-11-13 00:02:53,685 13186  INFO  [5f953a] Started processing user request. Id = 5f953a1a-14e0-45ae-b842-3481fa34ff10. Size = 27.3 KB.
2018-11-13 00:02:53,689 13190  INFO  [7215ed] Finished processing user request with id = 7215ed81-8b18-45b2-bb6e-3ad27379f8ab in 00:00:00.0728600.
2018-11-13 00:02:53,690 13191  INFO  [79858d] Started processing user request. Id = 79858dd9-acce-4583-bc08-c2878dbaf5e3. Size = 3.88 KB.
2018-11-13 00:02:53,695 13196  INFO  [5f953a] Doing some complicated stuff.. Random numbers are: 1124085566, 344603606, 1992736335.
2018-11-13 00:02:53,698 13199  INFO  [5f953a] Here's some useful guids:
		aebbe9f9-e78c-438a-bd40-fa5acd107a3d
2018-11-13 00:02:53,704 13205  INFO  [5f953a] Finished processing user request with id = 5f953a1a-14e0-45ae-b842-3481fa34ff10 in 00:00:00.0197206.
2018-11-13 00:02:53,708 13209  INFO  [79858d] Doing some complicated stuff.. Random numbers are: 69961699, 1108433143, 618044133.
2018-11-13 00:02:53,720 13221  INFO  [885fe5] Started processing user request. Id = 885fe5c2-5c1f-43b5-acf0-880f0584f2a0. Size = 6.32 KB.
2018-11-13 00:02:53,731 13232  INFO  [885fe5] Doing some complicated stuff.. Random numbers are: 902986861, 1467495895, 1348201527.
2018-11-13 00:02:53,762 13263  INFO  [885fe5] Here's some useful guids:
		62c53099-f9b4-4fdb-a60d-25fd3e17c074
		1f9178e7-8918-40a4-9f77-f9d755550baa
		c0b5d66d-9246-463d-b08d-db678f714845
		3231d42c-40b4-430f-943b-82dbaf422e9c
2018-11-13 00:02:53,767 13268  INFO  [79858d] Finished processing user request with id = 79858dd9-acce-4583-bc08-c2878dbaf5e3 in 00:00:00.0770250.
2018-11-13 00:02:53,773 13274  INFO  [885fe5] Finished processing user request with id = 885fe5c2-5c1f-43b5-acf0-880f0584f2a0 in 00:00:00.0534903.
2018-11-13 00:02:53,780 13281  INFO  [df9bbc] Started processing user request. Id = df9bbce4-0498-422d-b1d4-bceccac3b53b. Size = 97.67 KB.
2018-11-13 00:02:53,798 13299  INFO  [Metrics] Cpu: 0.39%; Memory: 19.79 GB/31.88 GB; Workers: 4/1024; IOCP: 0/1024
2018-11-13 00:02:53,800 13301  INFO  [df9bbc] Doing some complicated stuff.. Random numbers are: 1526304482, 1726139528, 351619084.
2018-11-13 00:02:53,803 13304  INFO  [df9bbc] Here's some useful guids:
		ec199f39-6ea1-48ac-a989-0e1c6c214b09
		1805c66c-f043-4e0a-88c6-e38840ccd5d0
		95a6648d-24b7-4581-aa4e-d9324915ebed
2018-11-13 00:02:53,805 13306  INFO  [8734ac] Started processing user request. Id = 8734ac6d-1fb0-4c51-81a5-c482bceb0caa. Size = 79.06 KB.
2018-11-13 00:02:53,810 13311  INFO  [8734ac] Doing some complicated stuff.. Random numbers are: 1039309531, 1133424938, 1480298939.
2018-11-13 00:02:53,828 13329  INFO  [8734ac] Here's some useful guids:
		ffc49f5b-7169-4173-8e40-0d093d26e769
		89d4c871-b946-4425-afb7-669376f4da1c
		fb37a953-34b0-49c9-aebd-a77421c476b9
2018-11-13 00:02:53,831 13332  ERROR [df9bbc] 
System.InvalidOperationException: Oh no! An error occurred!
2018-11-13 00:02:53,844 13345  INFO  [73a280] Started processing user request. Id = 73a28014-b4ce-4e84-9bed-b6975b84b18e. Size = 35.35 KB.
2018-11-13 00:02:53,846 13347  INFO  [73a280] Doing some complicated stuff.. Random numbers are: 127302604, 650893240, 449096719.
2018-11-13 00:02:53,857 13358  INFO  [8734ac] Finished processing user request with id = 8734ac6d-1fb0-4c51-81a5-c482bceb0caa in 00:00:00.0522472.
2018-11-13 00:02:53,865 13366  INFO  [73a280] Finished processing user request with id = 73a28014-b4ce-4e84-9bed-b6975b84b18e in 00:00:00.0211021.
2018-11-13 00:02:53,871 13373  INFO  [9e91be] Started processing user request. Id = 9e91be1a-f4ef-4145-be55-e904d3b158a6. Size = 91.15 KB.
2018-11-13 00:02:53,878 13379  INFO  [9e91be] Doing some complicated stuff.. Random numbers are: 1739301144, 1975736727, 747728742.
2018-11-13 00:02:53,878 13379  INFO  [6e130b] Started processing user request. Id = 6e130bd6-4157-456c-9e53-ff6fa9d1f582. Size = 59.1 KB.
2018-11-13 00:02:53,879 13380  INFO  [BackgroundDaemon] Starting iteration #15467.
2018-11-13 00:02:53,889 13390  INFO  [0a875d] Started processing user request. Id = 0a875d4a-a38d-4ede-88cc-93b1407219f9. Size = 1.83 KB.
2018-11-13 00:02:53,895 13396  INFO  [6e130b] Doing some complicated stuff.. Random numbers are: 1889187267, 286767223, 2016946990.
2018-11-13 00:02:53,902 13403  INFO  [0a875d] Doing some complicated stuff.. Random numbers are: 29287601, 1238782009, 844670507.
2018-11-13 00:02:53,915 13416  INFO  [9e91be] Here's some useful guids:
		7147a1f0-e1f8-4b7b-9f40-342173d8c15a
		bd50a719-a33b-4139-b8d8-a8d1ab464405
2018-11-13 00:02:53,921 13422  INFO  [9e91be] Finished processing user request with id = 9e91be1a-f4ef-4145-be55-e904d3b158a6 in 00:00:00.0490350.
2018-11-13 00:02:53,922 13423  INFO  [6e130b] Here's some useful guids:
		ee52b978-1ba8-4d23-8601-dfd0a8380d55
		43317b37-cf1b-42bc-9c3d-9120460352e3
		ef40344a-873a-4a9c-81d7-e2ff39bb4b85
		1257f047-10a4-4d2b-b25e-8b97a41e9a17
		be7fbb43-fb76-4489-9fa6-8be1efa4a63d
2018-11-13 00:02:53,937 13438  INFO  [6e130b] Finished processing user request with id = 6e130bd6-4157-456c-9e53-ff6fa9d1f582 in 00:00:00.0583591.
2018-11-13 00:02:53,941 13442  INFO  [0a875d] Here's some useful guids:
		e72c3f95-3b60-4155-b20b-c8fc34e66b80
		9c628494-ee46-47b4-b385-ec2557fb55fe
		2bae284c-00cf-4b95-88d2-7ed4083b0372
2018-11-13 00:02:53,947 13448  INFO  [0a875d] Finished processing user request with id = 0a875d4a-a38d-4ede-88cc-93b1407219f9 in 00:00:00.0579005.
2018-11-13 00:02:53,951 13452  INFO  [637ce9] Started processing user request. Id = 637ce919-25e7-466a-b8db-6c81c1be92ad. Size = 61.29 KB.
2018-11-13 00:02:53,956 13457  INFO  [637ce9] Doing some complicated stuff.. Random numbers are: 1270937929, 32103395, 215207711.
2018-11-13 00:02:53,965 13466  INFO  [BackgroundDaemon] Processing data (7% completed)..
2018-11-13 00:02:53,978 13479  INFO  [d140cd] Started processing user request. Id = d140cd7b-55a9-44ee-b57f-453837e4d8b0. Size = 17.76 KB.
2018-11-13 00:02:53,989 13490  INFO  [d140cd] Doing some complicated stuff.. Random numbers are: 1875511063, 1538380015, 758564634.
2018-11-13 00:02:53,990 13491  INFO  [637ce9] Here's some useful guids:
		c59f367c-c6ec-4f23-b771-480d3a3b983f
		0514ccd3-64ec-45d5-ba1d-b7150d17d875
		6f974154-02f1-46d8-8cb9-54f7b3bc100c
2018-11-13 00:02:54,011 13512  INFO  [d140cd] Here's some useful guids:
		ab3541ba-383d-440e-a8d2-95afcd786a89
		be397e3e-767a-45da-a534-ba277acbdd3d
		8975d4b7-5ca6-4d35-bff2-749c2f4829da
		292e927a-2fbd-40fe-bbb5-6b18b1aaf549
2018-11-13 00:02:54,014 13515  INFO  [637ce9] Finished processing user request with id = 637ce919-25e7-466a-b8db-6c81c1be92ad in 00:00:00.0631364.
2018-11-13 00:02:54,028 13529  INFO  [d46abd] Started processing user request. Id = d46abd8b-6a1a-4f49-b156-1e81b60c06be. Size = 59.12 KB.
2018-11-13 00:02:54,036 13537  INFO  [d46abd] Doing some complicated stuff.. Random numbers are: 31449890, 36959082, 1576337203.
2018-11-13 00:02:54,040 13541  INFO  [d140cd] Finished processing user request with id = d140cd7b-55a9-44ee-b57f-453837e4d8b0 in 00:00:00.0613403.
2018-11-13 00:02:54,044 13545  INFO  [BackgroundDaemon] Processing data (35% completed)..
2018-11-13 00:02:54,072 13573  INFO  [d46abd] Finished processing user request with id = d46abd8b-6a1a-4f49-b156-1e81b60c06be in 00:00:00.0439937.
2018-11-13 00:02:54,072 13573  INFO  [3a5ee8] Started processing user request. Id = 3a5ee86a-0db9-4175-82c6-5171d9545784. Size = 91.65 KB.
2018-11-13 00:02:54,072 13573  INFO  [3a5ee8] Doing some complicated stuff.. Random numbers are: 1164835826, 245963478, 1419849437.
2018-11-13 00:02:54,085 13586  INFO  [04799e] Started processing user request. Id = 04799e9f-ed3c-42b1-9ad9-4b1ecabe7ae8. Size = 80.82 KB.
2018-11-13 00:02:54,088 13589  INFO  [04799e] Doing some complicated stuff.. Random numbers are: 1076168970, 1477681841, 805258882.
2018-11-13 00:02:54,088 13589  INFO  [dadd9e] Started processing user request. Id = dadd9eb5-55b1-4d8e-8ccc-e58f4780c028. Size = 63.11 KB.
2018-11-13 00:02:54,091 13592  INFO  [BackgroundDaemon] Processing data (65% completed)..
2018-11-13 00:02:54,091 13592  INFO  [BackgroundDaemon] Finished iteration in 00:00:00.2114804.
2018-11-13 00:02:54,099 13600  INFO  [dadd9e] Doing some complicated stuff.. Random numbers are: 337683747, 594598362, 708652570.
2018-11-13 00:02:54,101 13602  INFO  [04799e] Here's some useful guids:
		c294ce01-b398-4e2c-a719-b2266f313862
2018-11-13 00:02:54,106 13607  INFO  [3a5ee8] Here's some useful guids:
		60ba0453-8cd5-4361-8547-380daa12fcb7
		9901d4ac-1b81-4f2b-a1f5-a552208aea42
		93ded8a0-2b14-4e41-90d1-26589edc6ee0
		d24e8142-26eb-4a62-86c2-564f7a3fe1cb
		1b8bc547-2779-484a-a570-eed148939436
2018-11-13 00:02:54,116 13617  INFO  [dadd9e] Here's some useful guids:
		161d3f6d-80db-473f-be43-eea88b669287
2018-11-13 00:02:54,126 13627  INFO  [04799e] Finished processing user request with id = 04799e9f-ed3c-42b1-9ad9-4b1ecabe7ae8 in 00:00:00.0415492.
2018-11-13 00:02:54,135 13636  INFO  [3a5ee8] Finished processing user request with id = 3a5ee86a-0db9-4175-82c6-5171d9545784 in 00:00:00.0628517.
2018-11-13 00:02:54,140 13641  INFO  [7dcada] Started processing user request. Id = 7dcada41-89c6-49a2-baf7-637ade0f7078. Size = 12.65 KB.
2018-11-13 00:02:54,140 13641  INFO  [7dcada] Doing some complicated stuff.. Random numbers are: 226287947, 1546458828, 1078094611.
2018-11-13 00:02:54,145 13647  ERROR [dadd9e] 
System.InvalidOperationException: Oh no! An error occurred!
2018-11-13 00:02:54,166 13667  INFO  [8c198c] Started processing user request. Id = 8c198ca4-d9a6-4381-b9b2-844f6214aadf. Size = 44.85 KB.
2018-11-13 00:02:54,177 13678  INFO  [7dcada] Finished processing user request with id = 7dcada41-89c6-49a2-baf7-637ade0f7078 in 00:00:00.0368555.
2018-11-13 00:02:54,183 13684  INFO  [8c198c] Doing some complicated stuff.. Random numbers are: 1662502833, 1850789210, 123745824.
2018-11-13 00:02:54,190 13691  INFO  [2ed29d] Started processing user request. Id = 2ed29d55-ad8e-4e97-b907-abd4f84b7b8e. Size = 94.13 KB.
2018-11-13 00:02:54,199 13700  INFO  [2ed29d] Doing some complicated stuff.. Random numbers are: 72154492, 1982397237, 2054531144.
2018-11-13 00:02:54,225 13726  INFO  [8c198c] Finished processing user request with id = 8c198ca4-d9a6-4381-b9b2-844f6214aadf in 00:00:00.0591212.
2018-11-13 00:02:54,230 13731  INFO  [2ed29d] Finished processing user request with id = 2ed29d55-ad8e-4e97-b907-abd4f84b7b8e in 00:00:00.0403117.
2018-11-13 00:02:54,244 13745  INFO  [3c33eb] Started processing user request. Id = 3c33eb78-1667-4841-9e08-5e4f42c6aecc. Size = 84.65 KB.
2018-11-13 00:02:54,252 13753  INFO  [3c33eb] Doing some complicated stuff.. Random numbers are: 1701576253, 2137438246, 354495186.
2018-11-13 00:02:54,256 13757  INFO  [ac1b2b] Started processing user request. Id = ac1b2b18-ce5a-4c56-98fc-3e3845441c46. Size = 63.63 KB.
2018-11-13 00:02:54,265 13766  INFO  [ac1b2b] Doing some complicated stuff.. Random numbers are: 1468239999, 1198557823, 704745536.
2018-11-13 00:02:54,291 13792  INFO  [BackgroundDaemon] Starting iteration #15468.
2018-11-13 00:02:54,292 13793  INFO  [3c33eb] Finished processing user request with id = 3c33eb78-1667-4841-9e08-5e4f42c6aecc in 00:00:00.0482338.
2018-11-13 00:02:54,293 13794  INFO  [ac1b2b] Here's some useful guids:
		22f73aa1-ed9b-43a9-b5f7-b6def5617c83
		9575448a-1107-409e-8d0e-0ee36d939b18
		f7a701c7-62bb-4496-b8b2-8f4517d55685
2018-11-13 00:02:54,297 13798  INFO  [Metrics] Cpu: 0.39%; Memory: 19.79 GB/31.88 GB; Workers: 4/1024; IOCP: 0/1024
2018-11-13 00:02:54,306 13807  INFO  [304545] Started processing user request. Id = 304545d1-80e3-444f-8534-8de464e6ede2. Size = 52.28 KB.
2018-11-13 00:02:54,311 13812  INFO  [304545] Doing some complicated stuff.. Random numbers are: 1526438690, 1335432887, 1604999046.
2018-11-13 00:02:54,313 13814  INFO  [640b9f] Started processing user request. Id = 640b9f0d-93ef-4a7c-a015-12a6817740c9. Size = 21.41 KB.
2018-11-13 00:02:54,316 13818  INFO  [ac1b2b] Finished processing user request with id = ac1b2b18-ce5a-4c56-98fc-3e3845441c46 in 00:00:00.0606197.
2018-11-13 00:02:54,328 13830  INFO  [BackgroundDaemon] Processing data (15% completed)..
2018-11-13 00:02:54,329 13831  INFO  [640b9f] Doing some complicated stuff.. Random numbers are: 1413834246, 252010400, 1787868642.
2018-11-13 00:02:54,344 13846  INFO  [304545] Finished processing user request with id = 304545d1-80e3-444f-8534-8de464e6ede2 in 00:00:00.0385144.
2018-11-13 00:02:54,348 13849  INFO  [679ef1] Started processing user request. Id = 679ef1b5-db01-4581-8215-edf31a637028. Size = 14.28 KB.
2018-11-13 00:02:54,356 13857  INFO  [679ef1] Doing some complicated stuff.. Random numbers are: 1403754544, 1244478137, 493416876.
2018-11-13 00:02:54,358 13859  INFO  [640b9f] Here's some useful guids:
		361b4b60-1525-41f2-9085-3ce293d8b283
		9162bdff-5dea-4ac1-ad5b-0d150b37a7fd
2018-11-13 00:02:54,358 13859  INFO  [b944a6] Started processing user request. Id = b944a6bd-9802-423c-a586-c1d2192a8103. Size = 48.78 KB.
2018-11-13 00:02:54,362 13863  INFO  [679ef1] Finished processing user request with id = 679ef1b5-db01-4581-8215-edf31a637028 in 00:00:00.0143055.
2018-11-13 00:02:54,370 13871  INFO  [b944a6] Doing some complicated stuff.. Random numbers are: 1100838926, 1462169366, 92192983.
2018-11-13 00:02:54,371 13872  INFO  [BackgroundDaemon] Processing data (29% completed)..
2018-11-13 00:02:54,380 13881  INFO  [640b9f] Finished processing user request with id = 640b9f0d-93ef-4a7c-a015-12a6817740c9 in 00:00:00.0670665.
2018-11-13 00:02:54,385 13886  INFO  [b944a6] Finished processing user request with id = b944a6bd-9802-423c-a586-c1d2192a8103 in 00:00:00.0271454.
2018-11-13 00:02:54,393 13894  INFO  [a736d8] Started processing user request. Id = a736d88d-a9ac-4556-a7e9-2a317b1e871b. Size = 89.87 KB.
2018-11-13 00:02:54,398 13899  INFO  [8b9437] Started processing user request. Id = 8b94378e-8ac7-4bf5-9bb1-0f538241d57f. Size = 77.52 KB.
2018-11-13 00:02:54,402 13903  INFO  [8b9437] Doing some complicated stuff.. Random numbers are: 1169121473, 145109998, 1119115622.
2018-11-13 00:02:54,405 13906  INFO  [a736d8] Doing some complicated stuff.. Random numbers are: 1509881943, 979786652, 976562913.
2018-11-13 00:02:54,413 13914  INFO  [8b9437] Finished processing user request with id = 8b94378e-8ac7-4bf5-9bb1-0f538241d57f in 00:00:00.0148691.
2018-11-13 00:02:54,426 13927  INFO  [5f1b6a] Started processing user request. Id = 5f1b6a78-8897-4330-8b80-e4a327a05e87. Size = 96.1 KB.
2018-11-13 00:02:54,429 13930  INFO  [5f1b6a] Doing some complicated stuff.. Random numbers are: 1832439756, 1688338595, 148743035.
2018-11-13 00:02:54,431 13932  INFO  [BackgroundDaemon] Processing data (61% completed)..
2018-11-13 00:02:54,431 13932  INFO  [BackgroundDaemon] Finished iteration in 00:00:00.1403849.
2018-11-13 00:02:54,432 13933  INFO  [a736d8] Finished processing user request with id = a736d88d-a9ac-4556-a7e9-2a317b1e871b in 00:00:00.0389569.
2018-11-13 00:02:54,452 13953  INFO  [5f1b6a] Here's some useful guids:
		8e965007-50bb-42f7-ab01-37e56107e3b4
2018-11-13 00:02:54,464 13965  INFO  [91d4c7] Started processing user request. Id = 91d4c75a-7ab4-417b-87a6-767b04221f39. Size = 1.13 KB.
2018-11-13 00:02:54,468 13969  INFO  [5f1b6a] Finished processing user request with id = 5f1b6a78-8897-4330-8b80-e4a327a05e87 in 00:00:00.0418404.
2018-11-13 00:02:54,477 13978  INFO  [91d4c7] Doing some complicated stuff.. Random numbers are: 1957151285, 2110274578, 548398864.
2018-11-13 00:02:54,481 13982  INFO  [a95086] Started processing user request. Id = a9508623-8709-40b7-bbee-7c3238b59ab2. Size = 33.09 KB.
2018-11-13 00:02:54,490 13992  INFO  [91d4c7] Here's some useful guids:
		ff141637-62dd-47b8-b610-d3a1c4a59c88
		e2f2f6a5-6917-4d54-8775-485155053e04
2018-11-13 00:02:54,495 13996  INFO  [a95086] Doing some complicated stuff.. Random numbers are: 1534950892, 435804840, 548986821.
2018-11-13 00:02:54,498 14000  INFO  [91d4c7] Finished processing user request with id = 91d4c75a-7ab4-417b-87a6-767b04221f39 in 00:00:00.0343042.
2018-11-13 00:02:54,500 14002  INFO  [a95086] Here's some useful guids:
		d0bb7488-e588-40f3-94df-3afc6d86cfea
		b56d6da7-5934-4994-92d8-17c6c104d498
		f5853bc2-8665-46b5-951a-5a56c00cd31f
		112fc6d0-a4b0-4f3d-8436-2844bc2983fb
2018-11-13 00:02:54,511 14012  INFO  [a95086] Finished processing user request with id = a9508623-8709-40b7-bbee-7c3238b59ab2 in 00:00:00.0292635.
2018-11-13 00:02:54,524 14025  INFO  [63c489] Started processing user request. Id = 63c4895c-5b8e-494f-9ebb-569edf5451de. Size = 34.99 KB.
2018-11-13 00:02:54,530 14031  INFO  [0b5e9e] Started processing user request. Id = 0b5e9ed1-06fc-419b-8465-e595cc01a91b. Size = 21.03 KB.
2018-11-13 00:02:54,533 14034  INFO  [63c489] Doing some complicated stuff.. Random numbers are: 771217279, 308917476, 243397410.
2018-11-13 00:02:54,538 14039  INFO  [0b5e9e] Doing some complicated stuff.. Random numbers are: 868388204, 896305812, 1092487370.
2018-11-13 00:02:54,548 14049  INFO  [73ab4a] Started processing user request. Id = 73ab4a96-1df3-4cee-920b-783b0aa62ba4. Size = 37.69 KB.
2018-11-13 00:02:54,558 14059  INFO  [73ab4a] Doing some complicated stuff.. Random numbers are: 1868860144, 1638675019, 1394661119.
2018-11-13 00:02:54,568 14069  INFO  [73ab4a] Here's some useful guids:
		1ed3237f-95b6-4a4d-9cc3-ca249faa92d3
		ca71e6ee-bdb5-4bf8-87f6-89251ee59473
		8623590b-d559-49fe-a37d-d61dd4a9a0c9
2018-11-13 00:02:54,576 14077  INFO  [0b5e9e] Finished processing user request with id = 0b5e9ed1-06fc-419b-8465-e595cc01a91b in 00:00:00.0462470.
2018-11-13 00:02:54,584 14085  INFO  [63c489] Finished processing user request with id = 63c4895c-5b8e-494f-9ebb-569edf5451de in 00:00:00.0602535.
2018-11-13 00:02:54,586 14087  INFO  [73ab4a] Finished processing user request with id = 73ab4a96-1df3-4cee-920b-783b0aa62ba4 in 00:00:00.0381974.
2018-11-13 00:02:54,597 14098  INFO  [9bda48] Started processing user request. Id = 9bda4847-3ace-4cb4-846b-818a236fa727. Size = 68.28 KB.
2018-11-13 00:02:54,607 14108  INFO  [b9a6cf] Started processing user request. Id = b9a6cf7c-2af0-4652-9500-95195cf96f2a. Size = 25.56 KB.
2018-11-13 00:02:54,610 14111  INFO  [9bda48] Doing some complicated stuff.. Random numbers are: 2079601386, 1061885474, 1850345934.
2018-11-13 00:02:54,618 14119  INFO  [b9a6cf] Doing some complicated stuff.. Random numbers are: 1601373382, 124496060, 776906172.
2018-11-13 00:02:54,632 14133  INFO  [BackgroundDaemon] Starting iteration #15469.
2018-11-13 00:02:54,658 14159  INFO  [9bda48] Finished processing user request with id = 9bda4847-3ace-4cb4-846b-818a236fa727 in 00:00:00.0612986.
2018-11-13 00:02:54,667 14168  ERROR [b9a6cf] 
System.InvalidOperationException: Oh no! An error occurred!
2018-11-13 00:02:54,672 14173  INFO  [a8a8eb] Started processing user request. Id = a8a8eb44-756f-4954-8050-25bd0e1ed7b7. Size = 55.25 KB.
2018-11-13 00:02:54,690 14191  INFO  [a8a8eb] Doing some complicated stuff.. Random numbers are: 1004796421, 1899506021, 1775931206.
2018-11-13 00:02:54,698 14199  INFO  [8925b7] Started processing user request. Id = 8925b7c4-4515-490f-a2c4-753460279759. Size = 4.05 KB.
2018-11-13 00:02:54,703 14204  INFO  [8925b7] Doing some complicated stuff.. Random numbers are: 325973125, 1594723874, 786488427.
2018-11-13 00:02:54,708 14209  INFO  [BackgroundDaemon] Processing data (19% completed)..
2018-11-13 00:02:54,717 14218  INFO  [a8a8eb] Finished processing user request with id = a8a8eb44-756f-4954-8050-25bd0e1ed7b7 in 00:00:00.0452427.
2018-11-13 00:02:54,723 14224  INFO  [8925b7] Here's some useful guids:
		91b0252b-91ff-4f2d-883d-010a3fc1101e
2018-11-13 00:02:54,730 14232  INFO  [8925b7] Finished processing user request with id = 8925b7c4-4515-490f-a2c4-753460279759 in 00:00:00.0322415.
2018-11-13 00:02:54,730 14232  INFO  [1199fd] Started processing user request. Id = 1199fd35-9625-48d0-a768-f8d1b81b2231. Size = 95.71 KB.
2018-11-13 00:02:54,736 14237  INFO  [1199fd] Doing some complicated stuff.. Random numbers are: 1973789831, 352855544, 937609652.
2018-11-13 00:02:54,750 14251  INFO  [1199fd] Here's some useful guids:
		17eb8012-1e70-47c4-b19e-67f9e92787df
2018-11-13 00:02:54,754 14255  INFO  [c2c58b] Started processing user request. Id = c2c58b16-65c2-4f10-bb14-03604d5e8a53. Size = 25.02 KB.
2018-11-13 00:02:54,756 14257  INFO  [BackgroundDaemon] Processing data (49% completed)..
2018-11-13 00:02:54,762 14264  INFO  [d9affa] Started processing user request. Id = d9affaeb-ca24-4a93-9ae3-97847720a657. Size = 9.45 KB.
2018-11-13 00:02:54,766 14267  INFO  [1199fd] Finished processing user request with id = 1199fd35-9625-48d0-a768-f8d1b81b2231 in 00:00:00.0355637.
2018-11-13 00:02:54,769 14270  INFO  [d9affa] Doing some complicated stuff.. Random numbers are: 557465476, 2125564932, 1859839538.
2018-11-13 00:02:54,770 14271  INFO  [c2c58b] Doing some complicated stuff.. Random numbers are: 882971375, 1438931143, 1574465035.
2018-11-13 00:02:54,780 14281  INFO  [373caa] Started processing user request. Id = 373caac6-bfac-4f65-9a26-6d237fd9b458. Size = 69.63 KB.
2018-11-13 00:02:54,793 14295  INFO  [373caa] Doing some complicated stuff.. Random numbers are: 447221377, 1734223529, 1361594000.
2018-11-13 00:02:54,796 14298  INFO  [Metrics] Cpu: 1.64%; Memory: 19.79 GB/31.88 GB; Workers: 4/1024; IOCP: 0/1024
2018-11-13 00:02:54,800 14301  INFO  [c2c58b] Here's some useful guids:
		38bef43f-2003-401f-b7d4-fe98216c9638
		2c497809-164c-44b7-9b47-26a82863fcb0
2018-11-13 00:02:54,805 14306  INFO  [d9affa] Finished processing user request with id = d9affaeb-ca24-4a93-9ae3-97847720a657 in 00:00:00.0422266.
2018-11-13 00:02:54,824 14326  INFO  [c2c58b] Finished processing user request with id = c2c58b16-65c2-4f10-bb14-03604d5e8a53 in 00:00:00.0709122.
2018-11-13 00:02:54,831 14332  INFO  [BackgroundDaemon] Processing data (67% completed)..
2018-11-13 00:02:54,831 14332  INFO  [BackgroundDaemon] Finished iteration in 00:00:00.1995329.
2018-11-13 00:02:54,837 14338  INFO  [259fe7] Started processing user request. Id = 259fe7d5-c302-4062-9ccd-4e312dff2f38. Size = 13.07 KB.
2018-11-13 00:02:54,840 14341  INFO  [259fe7] Doing some complicated stuff.. Random numbers are: 1705611261, 1391558378, 2096068512.
2018-11-13 00:02:54,842 14343  INFO  [373caa] Finished processing user request with id = 373caac6-bfac-4f65-9a26-6d237fd9b458 in 00:00:00.0622097.
2018-11-13 00:02:54,855 14356  INFO  [ef0e42] Started processing user request. Id = ef0e4233-6af2-4725-9745-eb2441cd000c. Size = 19.47 KB.
2018-11-13 00:02:54,871 14372  INFO  [259fe7] Here's some useful guids:
		c3cda671-ebe8-499f-b604-43c74dac2590
		8c8f9426-6659-4afb-bc9b-bc4f304172dd
2018-11-13 00:02:54,872 14373  INFO  [ef0e42] Doing some complicated stuff.. Random numbers are: 991960976, 1477738536, 1137475541.
2018-11-13 00:02:54,879 14380  INFO  [259fe7] Finished processing user request with id = 259fe7d5-c302-4062-9ccd-4e312dff2f38 in 00:00:00.0418093.
2018-11-13 00:02:54,897 14398  INFO  [ef0e42] Here's some useful guids:
		ea0858b8-0fcb-4c95-b2f7-98968d16a617
		e4bb5911-028a-401b-9766-3582563c8565
2018-11-13 00:02:54,910 14411  INFO  [b9536e] Started processing user request. Id = b9536eda-7cbc-4552-91d4-d7f7b2b20a6d. Size = 53.94 KB.
2018-11-13 00:02:54,916 14417  INFO  [b9536e] Doing some complicated stuff.. Random numbers are: 703126584, 1303828785, 804508259.
2018-11-13 00:02:54,919 14420  INFO  [ef0e42] Finished processing user request with id = ef0e4233-6af2-4725-9745-eb2441cd000c in 00:00:00.0638194.
2018-11-13 00:02:54,923 14424  INFO  [b9536e] Here's some useful guids:
		030ed309-7fcb-4555-b84f-148de0f2914d
		59ce506c-bd22-49bb-bc37-02405837afd5
2018-11-13 00:02:54,932 14434  INFO  [0cb69e] Started processing user request. Id = 0cb69e27-753c-4a9a-a886-f0d942298ad5. Size = 57.6 KB.
2018-11-13 00:02:54,935 14436  INFO  [0cb69e] Doing some complicated stuff.. Random numbers are: 987485419, 1289366153, 1687762062.
2018-11-13 00:02:54,937 14438  INFO  [b9536e] Finished processing user request with id = b9536eda-7cbc-4552-91d4-d7f7b2b20a6d in 00:00:00.0272469.
2018-11-13 00:02:54,966 14467  INFO  [0cb69e] Here's some useful guids:
		19a1468f-eee6-4ef7-8536-915dbb0233ec
		f7612f79-8bef-4b19-9bd8-7dec454ba84c
		7cb7a209-c5e9-4b9a-8e12-0eacaa6f9afe
2018-11-13 00:02:54,968 14469  INFO  [92c93b] Started processing user request. Id = 92c93b79-b2e5-4ad7-8d00-65681f179f21. Size = 90.5 KB.
2018-11-13 00:02:54,968 14469  INFO  [92c93b] Doing some complicated stuff.. Random numbers are: 858708398, 856466372, 1382741149.
2018-11-13 00:02:54,981 14483  INFO  [0cb69e] Finished processing user request with id = 0cb69e27-753c-4a9a-a886-f0d942298ad5 in 00:00:00.0489634.
2018-11-13 00:02:54,981 14483  INFO  [92c93b] Here's some useful guids:
		6b8ae4e5-ff50-499a-996a-9af829e50696
2018-11-13 00:02:54,992 14494  INFO  [a4ca8e] Started processing user request. Id = a4ca8eea-eaa7-4a41-9fe4-948382de8f55. Size = 94.04 KB.
2018-11-13 00:02:54,994 14496  INFO  [a4ca8e] Doing some complicated stuff.. Random numbers are: 260477591, 654088907, 110870934.
2018-11-13 00:02:54,995 14497  INFO  [986d6a] Started processing user request. Id = 986d6a23-ae80-4709-a67b-88daa3d81622. Size = 61.55 KB.
2018-11-13 00:02:54,998 14500  INFO  [92c93b] Finished processing user request with id = 92c93b79-b2e5-4ad7-8d00-65681f179f21 in 00:00:00.0306274.
2018-11-13 00:02:55,005 14506  INFO  [986d6a] Doing some complicated stuff.. Random numbers are: 1634241658, 377343783, 1703136820.
2018-11-13 00:02:55,020 14521  INFO  [a4ca8e] Finished processing user request with id = a4ca8eea-eaa7-4a41-9fe4-948382de8f55 in 00:00:00.0270991.
2018-11-13 00:02:55,030 14531  INFO  [fcc33f] Started processing user request. Id = fcc33f11-3d72-4df1-ae36-9967e61ec10b. Size = 50.95 KB.
2018-11-13 00:02:55,032 14533  INFO  [BackgroundDaemon] Starting iteration #15470.
2018-11-13 00:02:55,040 14541  INFO  [fcc33f] Doing some complicated stuff.. Random numbers are: 365397770, 894727912, 1302015949.
2018-11-13 00:02:55,041 14542  INFO  [986d6a] Here's some useful guids:
		233e2095-a23b-4fb0-a6a8-ed68f77c69ba
		f980ffed-aa20-4ee6-a5d0-4898be78d9a1
2018-11-13 00:02:55,045 14547  INFO  [986d6a] Finished processing user request with id = 986d6a23-ae80-4709-a67b-88daa3d81622 in 00:00:00.0499760.
2018-11-13 00:02:55,059 14560  INFO  [246053] Started processing user request. Id = 24605315-9b9a-4b0d-9f82-75c6d5805d76. Size = 18.77 KB.
2018-11-13 00:02:55,070 14571  INFO  [fcc33f] Here's some useful guids:
		f0e4676b-16f3-41fa-978d-bce9a92b96a9
		f4da01f8-8943-436a-9da0-d9b606344406
		3948fba9-98a0-47f3-b8f8-62955f9fc8d8
2018-11-13 00:02:55,075 14576  ERROR [fcc33f] 
System.InvalidOperationException: Oh no! An error occurred!
2018-11-13 00:02:55,078 14579  INFO  [246053] Doing some complicated stuff.. Random numbers are: 1347620877, 676887790, 675396046.
2018-11-13 00:02:55,105 14606  INFO  [246053] Finished processing user request with id = 24605315-9b9a-4b0d-9f82-75c6d5805d76 in 00:00:00.0463547.
2018-11-13 00:02:55,106 14607  INFO  [2bc53d] Started processing user request. Id = 2bc53d14-6a8d-4a82-a04b-73c2e56ab3fd. Size = 28.03 KB.
2018-11-13 00:02:55,112 14613  INFO  [2bc53d] Doing some complicated stuff.. Random numbers are: 317994922, 1091124488, 1532431200.
2018-11-13 00:02:55,117 14618  INFO  [BackgroundDaemon] Processing data (15% completed)..
2018-11-13 00:02:55,118 14619  INFO  [bd408e] Started processing user request. Id = bd408ee6-0625-46a8-8b4c-4b4ccfdbcc07. Size = 50.87 KB.
2018-11-13 00:02:55,126 14627  INFO  [bd408e] Doing some complicated stuff.. Random numbers are: 2095630600, 767792355, 1349889613.
2018-11-13 00:02:55,166 14667  INFO  [2bc53d] Finished processing user request with id = 2bc53d14-6a8d-4a82-a04b-73c2e56ab3fd in 00:00:00.0600981.
2018-11-13 00:02:55,172 14673  INFO  [BackgroundDaemon] Processing data (30% completed)..
2018-11-13 00:02:55,173 14674  INFO  [bd408e] Finished processing user request with id = bd408ee6-0625-46a8-8b4c-4b4ccfdbcc07 in 00:00:00.0550442.
2018-11-13 00:02:55,186 14687  INFO  [3293e7] Started processing user request. Id = 3293e715-be91-45d7-8222-465964d91184. Size = 41.45 KB.
2018-11-13 00:02:55,186 14687  INFO  [3293e7] Doing some complicated stuff.. Random numbers are: 738466060, 316233214, 696608936.
2018-11-13 00:02:55,187 14688  INFO  [b8a863] Started processing user request. Id = b8a86331-4d41-48d1-8aff-38bcc7d91ccc. Size = 62.17 KB.
2018-11-13 00:02:55,195 14696  INFO  [BackgroundDaemon] Processing data (82% completed)..
2018-11-13 00:02:55,195 14696  INFO  [BackgroundDaemon] Finished iteration in 00:00:00.1636178.
2018-11-13 00:02:55,196 14697  INFO  [b8a863] Doing some complicated stuff.. Random numbers are: 1524707021, 1126031543, 264865544.
2018-11-13 00:02:55,197 14698  INFO  [f01eea] Started processing user request. Id = f01eea5d-ab8c-4966-9ccc-28a4430187d6. Size = 77.64 KB.
2018-11-13 00:02:55,213 14714  INFO  [f01eea] Doing some complicated stuff.. Random numbers are: 493413660, 846534118, 968176959.
2018-11-13 00:02:55,223 14724  INFO  [b8a863] Here's some useful guids:
		6f920d50-c10d-4dc3-b497-6a5d2dae4c11
		5e0347fc-d4ac-491a-b4b4-52b316e2c096
		ceaaed34-4c38-4922-aad5-f89cfc41290c
		eafa3a4b-6756-49e0-98fe-bf09b0e69d98
2018-11-13 00:02:55,227 14729  INFO  [3293e7] Finished processing user request with id = 3293e715-be91-45d7-8222-465964d91184 in 00:00:00.0412926.
2018-11-13 00:02:55,235 14736  INFO  [b8a863] Finished processing user request with id = b8a86331-4d41-48d1-8aff-38bcc7d91ccc in 00:00:00.0479652.
2018-11-13 00:02:55,236 14737  INFO  [f01eea] Here's some useful guids:
		4f10fc6f-01a0-44c3-9f9f-183198c15e52
		77a54df4-668d-4195-b94f-a74abae33d5f
		5b667d66-645d-474b-9e59-9447803869c4
		3321ed07-7405-4690-a834-19a78a668eca
2018-11-13 00:02:55,241 14743  INFO  [210a06] Started processing user request. Id = 210a06ee-56b5-4d40-b51a-694f5c5a330b. Size = 28.09 KB.
2018-11-13 00:02:55,248 14750  INFO  [f01eea] Finished processing user request with id = f01eea5d-ab8c-4966-9ccc-28a4430187d6 in 00:00:00.0511883.
2018-11-13 00:02:55,259 14760  INFO  [210a06] Doing some complicated stuff.. Random numbers are: 1332185901, 1305661148, 1503323691.
2018-11-13 00:02:55,277 14778  INFO  [210a06] Finished processing user request with id = 210a06ee-56b5-4d40-b51a-694f5c5a330b in 00:00:00.0351015.
2018-11-13 00:02:55,280 14781  INFO  [71b8b3] Started processing user request. Id = 71b8b353-1a33-4b43-9b71-d4b1697f45f3. Size = 63.02 KB.
2018-11-13 00:02:55,286 14787  INFO  [71b8b3] Doing some complicated stuff.. Random numbers are: 171406603, 1450744239, 829298274.
2018-11-13 00:02:55,289 14791  INFO  [71b8b3] Here's some useful guids:
		0529beb1-3b00-4678-aadb-8a5835fc37d9
2018-11-13 00:02:55,290 14792  INFO  [ffe215] Started processing user request. Id = ffe21502-0e86-4e6f-b081-2d4f891fdf37. Size = 42 KB.
2018-11-13 00:02:55,293 14795  INFO  [ffe215] Doing some complicated stuff.. Random numbers are: 613970107, 1211123777, 578866012.
2018-11-13 00:02:55,295 14797  INFO  [Metrics] Cpu: 1.64%; Memory: 19.79 GB/31.88 GB; Workers: 4/1024; IOCP: 0/1024
2018-11-13 00:02:55,317 14819  INFO  [71b8b3] Finished processing user request with id = 71b8b353-1a33-4b43-9b71-d4b1697f45f3 in 00:00:00.0374308.
2018-11-13 00:02:55,321 14822  INFO  [ffe215] Here's some useful guids:
		53176dfe-94f0-4cba-9252-abfebb2f08bf
2018-11-13 00:02:55,347 14848  INFO  [ffe215] Finished processing user request with id = ffe21502-0e86-4e6f-b081-2d4f891fdf37 in 00:00:00.0560867.
2018-11-13 00:02:55,349 14850  INFO  [61247a] Started processing user request. Id = 61247a06-a240-42b7-9a43-b0b9ca906b03. Size = 61.21 KB.
2018-11-13 00:02:55,361 14862  INFO  [b8c560] Started processing user request. Id = b8c56040-2aca-4825-9044-b6e284406bdc. Size = 6.45 KB.
2018-11-13 00:02:55,363 14864  INFO  [b8c560] Doing some complicated stuff.. Random numbers are: 423677301, 159296302, 1416736426.
2018-11-13 00:02:55,368 14869  INFO  [61247a] Doing some complicated stuff.. Random numbers are: 945264143, 286285053, 1097983957.
2018-11-13 00:02:55,396 14897  INFO  [BackgroundDaemon] Starting iteration #15471.
2018-11-13 00:02:55,403 14904  INFO  [77a9b4] Started processing user request. Id = 77a9b449-4a33-42d2-baf3-744190a6de6f. Size = 9.64 KB.
2018-11-13 00:02:55,405 14906  INFO  [77a9b4] Doing some complicated stuff.. Random numbers are: 1272426377, 955074578, 1996233920.
2018-11-13 00:02:55,406 14907  INFO  [b8c560] Finished processing user request with id = b8c56040-2aca-4825-9044-b6e284406bdc in 00:00:00.0450834.
2018-11-13 00:02:55,419 14920  INFO  [00f90f] Started processing user request. Id = 00f90f32-68bf-4eac-86a1-58f4165e7bd3. Size = 4.32 KB.
2018-11-13 00:02:55,424 14926  INFO  [61247a] Finished processing user request with id = 61247a06-a240-42b7-9a43-b0b9ca906b03 in 00:00:00.0758177.
2018-11-13 00:02:55,431 14933  INFO  [00f90f] Doing some complicated stuff.. Random numbers are: 368053185, 1231734158, 1158107909.
2018-11-13 00:02:55,431 14933  INFO  [77a9b4] Here's some useful guids:
		4602802a-b8c1-4ee7-9435-84661df7b156
		dabb1f4f-9bec-47b6-9cf9-ff770cc02da5
2018-11-13 00:02:55,437 14938  INFO  [00f90f] Here's some useful guids:
		dcebaa91-2615-4a4e-a5af-26bd90162612
		24a9272d-f964-4c17-b077-7e38d49ef517
		b30807ef-6252-45a0-abaa-3fe16fbbad16
		045e1c4d-5b36-4f93-80b4-2d8104b3f56d
2018-11-13 00:02:55,456 14957  INFO  [0f9a2f] Started processing user request. Id = 0f9a2f74-315c-40d8-a766-bdaa30963a1b. Size = 67.25 KB.
2018-11-13 00:02:55,460 14961  ERROR [00f90f] 
System.InvalidOperationException: Oh no! An error occurred!
2018-11-13 00:02:55,461 14962  INFO  [77a9b4] Finished processing user request with id = 77a9b449-4a33-42d2-baf3-744190a6de6f in 00:00:00.0581418.
2018-11-13 00:02:55,473 14974  INFO  [0f9a2f] Doing some complicated stuff.. Random numbers are: 1213369713, 1710160333, 248806283.
2018-11-13 00:02:55,474 14975  INFO  [500f4e] Started processing user request. Id = 500f4e50-8685-4fb2-a313-58fbef275121. Size = 66.92 KB.
2018-11-13 00:02:55,488 14989  INFO  [500f4e] Doing some complicated stuff.. Random numbers are: 1025732378, 746906681, 778963625.
2018-11-13 00:02:55,491 14992  INFO  [BackgroundDaemon] Processing data (13% completed)..
2018-11-13 00:02:55,500 15001  INFO  [500f4e] Here's some useful guids:
		20fbff37-cfb6-40a5-963a-e307ac2a5155
		1888a0fd-dced-4f01-a348-bcb45061cf5a
		5dff54b6-dc64-4b3b-80fb-be476c11edae
		3ac56d77-2575-4dcf-9b84-c589b080adab
2018-11-13 00:02:55,503 15004  INFO  [0f9a2f] Here's some useful guids:
		21fb6d1d-4137-471a-abe8-54c923090de2
		ef607ec6-a7bb-47ce-90d9-bd87ea006610
2018-11-13 00:02:55,507 15008  INFO  [0f9a2f] Finished processing user request with id = 0f9a2f74-315c-40d8-a766-bdaa30963a1b in 00:00:00.0507798.
2018-11-13 00:02:55,525 15026  INFO  [500f4e] Finished processing user request with id = 500f4e50-8685-4fb2-a313-58fbef275121 in 00:00:00.0512983.
2018-11-13 00:02:55,538 15039  INFO  [78f08a] Started processing user request. Id = 78f08ab8-2123-4229-96c1-4f46353ef9a9. Size = 81.21 KB.
2018-11-13 00:02:55,538 15039  INFO  [637304] Started processing user request. Id = 6373047b-8ace-4b72-acab-e218f093c312. Size = 64.22 KB.
2018-11-13 00:02:55,548 15049  INFO  [78f08a] Doing some complicated stuff.. Random numbers are: 2053907301, 1828781234, 1238785126.
2018-11-13 00:02:55,558 15059  INFO  [637304] Doing some complicated stuff.. Random numbers are: 668524755, 1327379436, 193909950.
2018-11-13 00:02:55,576 15078  INFO  [78f08a] Finished processing user request with id = 78f08ab8-2123-4229-96c1-4f46353ef9a9 in 00:00:00.0386595.
2018-11-13 00:02:55,583 15084  INFO  [BackgroundDaemon] Processing data (48% completed)..
2018-11-13 00:02:55,588 15089  INFO  [637304] Finished processing user request with id = 6373047b-8ace-4b72-acab-e218f093c312 in 00:00:00.0499654.
2018-11-13 00:02:55,601 15103  INFO  [3cb51d] Started processing user request. Id = 3cb51d9e-9a98-40ee-ac82-53295b2dc950. Size = 94.28 KB.
2018-11-13 00:02:55,607 15109  INFO  [e73f66] Started processing user request. Id = e73f66aa-460a-4743-b4ae-039a1b91915c. Size = 74.78 KB.
2018-11-13 00:02:55,614 15115  INFO  [3cb51d] Doing some complicated stuff.. Random numbers are: 1648582905, 239027741, 837323616.
2018-11-13 00:02:55,616 15117  INFO  [e73f66] Doing some complicated stuff.. Random numbers are: 1417191725, 1485371136, 1842836743.
2018-11-13 00:02:55,628 15129  INFO  [46285b] Started processing user request. Id = 46285b98-755a-409d-a19e-98cee0047f33. Size = 8.49 KB.
2018-11-13 00:02:55,630 15131  INFO  [3cb51d] Finished processing user request with id = 3cb51d9e-9a98-40ee-ac82-53295b2dc950 in 00:00:00.0281533.
2018-11-13 00:02:55,635 15136  INFO  [46285b] Doing some complicated stuff.. Random numbers are: 449779841, 996282980, 607709159.
2018-11-13 00:02:55,639 15141  INFO  [46285b] Here's some useful guids:
		2cad02ba-33be-4636-b3c1-3a6a1f955527
		b30d32e5-0eda-41bf-bf4c-2d558a034e99
2018-11-13 00:02:55,643 15145  INFO  [f136e0] Started processing user request. Id = f136e00f-2f2f-413e-98db-e4cca1a1c6f9. Size = 73.28 KB.
2018-11-13 00:02:55,643 15145  INFO  [e73f66] Here's some useful guids:
		30c35e92-560a-4e40-b67d-82cb631834d9
		2ee2f5cb-5619-462a-a35a-7b4cccbf2146
		6aa8c928-4d53-4d40-8a23-f856c1e12208
		e1099027-0b34-496e-9843-bf184a498d9e
		7dea9c2d-8fd7-460f-93bd-4593ec8d85f9
2018-11-13 00:02:55,652 15153  INFO  [BackgroundDaemon] Processing data (63% completed)..
2018-11-13 00:02:55,652 15153  INFO  [BackgroundDaemon] Finished iteration in 00:00:00.2559721.
2018-11-13 00:02:55,652 15153  INFO  [f136e0] Doing some complicated stuff.. Random numbers are: 91109300, 2112937424, 832114750.
2018-11-13 00:02:55,656 15157  INFO  [46285b] Finished processing user request with id = 46285b98-755a-409d-a19e-98cee0047f33 in 00:00:00.0276079.
2018-11-13 00:02:55,656 15157  INFO  [e73f66] Finished processing user request with id = e73f66aa-460a-4743-b4ae-039a1b91915c in 00:00:00.0480831.
2018-11-13 00:02:55,657 15158  INFO  [f136e0] Here's some useful guids:
		4b8d9a97-1cde-48f2-9ffe-3dd57cb90c58
		c1d8cf89-e05a-484d-a4a2-91482367d3f4
		986db46f-f7e5-40fc-9703-b27cef42b8e4
		88e4ce23-c92a-4ab9-8574-6d29374bff47
		a38359ca-ae21-4cf5-ba4e-3480f2b5edfc
2018-11-13 00:02:55,674 15175  INFO  [f136e0] Finished processing user request with id = f136e00f-2f2f-413e-98db-e4cca1a1c6f9 in 00:00:00.0304298.
2018-11-13 00:02:55,687 15188  INFO  [316df2] Started processing user request. Id = 316df2a6-be49-47c4-9a61-d8a112abb531. Size = 86.65 KB.
2018-11-13 00:02:55,688 15189  INFO  [d8f48d] Started processing user request. Id = d8f48d24-a6ac-499e-ba2a-6f30cea66ec0. Size = 81.91 KB.
2018-11-13 00:02:55,700 15202  INFO  [316df2] Doing some complicated stuff.. Random numbers are: 1973767320, 589031015, 1938585912.
2018-11-13 00:02:55,703 15205  INFO  [d8f48d] Doing some complicated stuff.. Random numbers are: 1191297194, 384390739, 158921601.
2018-11-13 00:02:55,719 15220  INFO  [d8f48d] Finished processing user request with id = d8f48d24-a6ac-499e-ba2a-6f30cea66ec0 in 00:00:00.0308661.
2018-11-13 00:02:55,729 15230  INFO  [316df2] Here's some useful guids:
		ae837b72-88fa-49cd-9f38-bb8d21d935c1
2018-11-13 00:02:55,732 15233  INFO  [e4950b] Started processing user request. Id = e4950b1d-75ea-452c-bd92-6a3984a3e96e. Size = 54.3 KB.
2018-11-13 00:02:55,742 15243  INFO  [e4950b] Doing some complicated stuff.. Random numbers are: 1781858138, 365296436, 296816820.
2018-11-13 00:02:55,744 15245  ERROR [316df2] 
System.InvalidOperationException: Oh no! An error occurred!
2018-11-13 00:02:55,775 15277  INFO  [e5d84c] Started processing user request. Id = e5d84cf1-7a5d-4122-85cc-8c92ae7cd6eb. Size = 89.51 KB.
2018-11-13 00:02:55,784 15285  INFO  [e5d84c] Doing some complicated stuff.. Random numbers are: 1701249970, 2044251602, 926010076.
2018-11-13 00:02:55,786 15288  ERROR [e4950b] 
System.InvalidOperationException: Oh no! An error occurred!
2018-11-13 00:02:55,794 15296  INFO  [Metrics] Cpu: 0.59%; Memory: 19.79 GB/31.88 GB; Workers: 4/1024; IOCP: 0/1024
2018-11-13 00:02:55,800 15302  INFO  [14a40e] Started processing user request. Id = 14a40e74-62f3-453a-9f3f-ac5de125b52a. Size = 62.67 KB.
2018-11-13 00:02:55,802 15304  INFO  [14a40e] Doing some complicated stuff.. Random numbers are: 238405913, 845782574, 73691681.
2018-11-13 00:02:55,807 15309  INFO  [e5d84c] Finished processing user request with id = e5d84cf1-7a5d-4122-85cc-8c92ae7cd6eb in 00:00:00.0319585.
2018-11-13 00:02:55,823 15324  INFO  [fb8b76] Started processing user request. Id = fb8b76e6-32b4-4b95-869f-58f4546c6fa9. Size = 51.48 KB.
2018-11-13 00:02:55,824 15325  INFO  [14a40e] Here's some useful guids:
		db1ffb86-40b0-481e-88de-3b4153d39dd5
		74d40906-7bec-4346-bdb3-59b7c08a25b3
		5755f542-b889-4b09-a868-23647bd9e174
2018-11-13 00:02:55,835 15336  INFO  [fb8b76] Doing some complicated stuff.. Random numbers are: 1428200942, 910005343, 2083459575.
2018-11-13 00:02:55,839 15340  INFO  [ba3ac7] Started processing user request. Id = ba3ac749-5fa1-40ff-a3e0-e9197d9937f6. Size = 84.73 KB.
2018-11-13 00:02:55,845 15346  INFO  [14a40e] Finished processing user request with id = 14a40e74-62f3-453a-9f3f-ac5de125b52a in 00:00:00.0442201.
2018-11-13 00:02:55,850 15351  INFO  [ba3ac7] Doing some complicated stuff.. Random numbers are: 1797244251, 1180324794, 200881994.
2018-11-13 00:02:55,852 15353  INFO  [BackgroundDaemon] Starting iteration #15472.
2018-11-13 00:02:55,853 15354  INFO  [ba3ac7] Here's some useful guids:
		6a52e88d-6dbb-42d9-92fc-253bb4a293de
2018-11-13 00:02:55,857 15358  INFO  [ba3ac7] Finished processing user request with id = ba3ac749-5fa1-40ff-a3e0-e9197d9937f6 in 00:00:00.0181567.
2018-11-13 00:02:55,858 15359  INFO  [819cf5] Started processing user request. Id = 819cf570-945f-45fa-bd72-e6bbc0436dde. Size = 59.2 KB.
2018-11-13 00:02:55,863 15364  INFO  [819cf5] Doing some complicated stuff.. Random numbers are: 991953349, 405501081, 260943783.
2018-11-13 00:02:55,866 15367  INFO  [fb8b76] Finished processing user request with id = fb8b76e6-32b4-4b95-869f-58f4546c6fa9 in 00:00:00.0430714.
2018-11-13 00:02:55,871 15372  INFO  [819cf5] Here's some useful guids:
		2106a4aa-b2e1-4206-b3d1-9c8237e3ae43
2018-11-13 00:02:55,884 15385  INFO  [819cf5] Finished processing user request with id = 819cf570-945f-45fa-bd72-e6bbc0436dde in 00:00:00.0258610.
2018-11-13 00:02:55,889 15390  INFO  [ead830] Started processing user request. Id = ead83072-38a8-4996-8ad4-78baad3b6f0f. Size = 9.55 KB.
2018-11-13 00:02:55,897 15398  INFO  [d6d71e] Started processing user request. Id = d6d71eb7-c60c-44ba-ab33-28c21f8a5058. Size = 68.08 KB.
2018-11-13 00:02:55,906 15407  INFO  [ead830] Doing some complicated stuff.. Random numbers are: 1984696129, 1352851907, 414350467.
2018-11-13 00:02:55,913 15414  INFO  [d6d71e] Doing some complicated stuff.. Random numbers are: 1190321491, 394008679, 1360184000.
2018-11-13 00:02:55,915 15416  INFO  [BackgroundDaemon] Processing data (0% completed)..
2018-11-13 00:02:55,915 15416  INFO  [ead830] Here's some useful guids:
		3f1ae404-a800-4f1c-9e24-8e72428abbe8
		60465938-8b26-4add-8c00-f9bce118b559
		38f229ec-faab-47d4-ae10-37e78500fa99
		93ab1027-0c60-4e68-9e19-13037a11abf5
		42a71b34-523c-4790-9ec5-1d558924f935
2018-11-13 00:02:55,921 15423  INFO  [ead830] Finished processing user request with id = ead83072-38a8-4996-8ad4-78baad3b6f0f in 00:00:00.0327734.
2018-11-13 00:02:55,941 15442  INFO  [d6d71e] Here's some useful guids:
		198d0c7e-1d9e-41ee-9943-2101e8efe4c1
		867be878-f751-4416-9e7a-854c9b91ae4f
		b3b1c0e1-1c67-46c2-a6e6-d1f1e4e71e7b
		fac28f8f-6f7e-4480-b593-e9ac145a5224
		7d5e19a2-2764-471a-8e75-3eb3ab5896c7
2018-11-13 00:02:55,947 15448  INFO  [BackgroundDaemon] Processing data (47% completed)..
2018-11-13 00:02:55,949 15450  ERROR [d6d71e] 
System.InvalidOperationException: Oh no! An error occurred!
2018-11-13 00:02:55,953 15454  INFO  [f983b7] Started processing user request. Id = f983b779-a8b2-4479-9738-1ed2399fca85. Size = 13.88 KB.
2018-11-13 00:02:55,961 15462  INFO  [f983b7] Doing some complicated stuff.. Random numbers are: 980347558, 396773639, 519311401.
2018-11-13 00:02:55,963 15464  INFO  [355e07] Started processing user request. Id = 355e0767-ec20-4c0e-ae4e-f70b3f6484de. Size = 9.73 KB.
2018-11-13 00:02:55,975 15476  INFO  [355e07] Doing some complicated stuff.. Random numbers are: 1792857267, 519763176, 564601797.
2018-11-13 00:02:55,988 15489  INFO  [f983b7] Here's some useful guids:
		6d2aa7c8-103e-4306-8b21-a2996320a7ff
		389a9829-6158-4614-bed9-524c67ed36a4
		20ad7b3c-875d-49aa-a186-62eba9b554d1
		ba87a09e-9b61-4aa4-b70c-0c56cf16d4ef
2018-11-13 00:02:56,008 15509  INFO  [BackgroundDaemon] Processing data (70% completed)..
2018-11-13 00:02:56,008 15509  INFO  [BackgroundDaemon] Finished iteration in 00:00:00.1566772.
2018-11-13 00:02:56,009 15511  INFO  [355e07] Finished processing user request with id = 355e0767-ec20-4c0e-ae4e-f70b3f6484de in 00:00:00.0460558.
2018-11-13 00:02:56,009 15511  INFO  [f983b7] Finished processing user request with id = f983b779-a8b2-4479-9738-1ed2399fca85 in 00:00:00.0561248.
2018-11-13 00:02:56,023 15524  INFO  [b943f3] Started processing user request. Id = b943f31d-424e-4eeb-af2e-19657aa949b8. Size = 2.04 KB.
2018-11-13 00:02:56,026 15527  INFO  [b943f3] Doing some complicated stuff.. Random numbers are: 1395434855, 1389158499, 354721666.
2018-11-13 00:02:56,033 15534  INFO  [aea3b3] Started processing user request. Id = aea3b381-7ca4-4693-851e-ee5d54267bfd. Size = 96 KB.
2018-11-13 00:02:56,041 15543  INFO  [705afe] Started processing user request. Id = 705afe8e-f104-40ac-a19c-61f2f13b97b0. Size = 76.04 KB.
2018-11-13 00:02:56,045 15547  INFO  [705afe] Doing some complicated stuff.. Random numbers are: 1275551305, 1587450968, 1162713527.
2018-11-13 00:02:56,045 15547  INFO  [b943f3] Here's some useful guids:
		628ee4de-6e6e-4909-90b2-a09045dd8500
2018-11-13 00:02:56,046 15548  INFO  [aea3b3] Doing some complicated stuff.. Random numbers are: 180865833, 2008037590, 1329549961.
2018-11-13 00:02:56,054 15556  INFO  [b943f3] Finished processing user request with id = b943f31d-424e-4eeb-af2e-19657aa949b8 in 00:00:00.0310421.
2018-11-13 00:02:56,065 15567  INFO  [705afe] Here's some useful guids:
		bbd5c724-e8cd-40fb-9dcb-3a74c89d28c3
2018-11-13 00:02:56,068 15570  INFO  [f1a064] Started processing user request. Id = f1a0642b-48eb-4481-8c2d-6d2d2597ec16. Size = 97.65 KB.
2018-11-13 00:02:56,075 15577  INFO  [aea3b3] Here's some useful guids:
		ac57a29c-8ee1-4749-96ac-b8192db1f986
		2a5b9a95-6716-4310-a40c-7a28f50f2d9d
2018-11-13 00:02:56,086 15587  INFO  [f1a064] Doing some complicated stuff.. Random numbers are: 1819224014, 864526633, 1727473264.
2018-11-13 00:02:56,090 15591  INFO  [705afe] Finished processing user request with id = 705afe8e-f104-40ac-a19c-61f2f13b97b0 in 00:00:00.0487291.
2018-11-13 00:02:56,095 15596  INFO  [aea3b3] Finished processing user request with id = aea3b381-7ca4-4693-851e-ee5d54267bfd in 00:00:00.0617596.
2018-11-13 00:02:56,112 15613  ERROR [f1a064] 
System.InvalidOperationException: Oh no! An error occurred!
2018-11-13 00:02:56,122 15623  INFO  [0ea518] Started processing user request. Id = 0ea51839-b64d-4f15-bda6-2351a6c431cd. Size = 42.93 KB.
2018-11-13 00:02:56,126 15627  INFO  [203a35] Started processing user request. Id = 203a3507-27af-4e76-9676-9c17b00206cf. Size = 74.63 KB.
2018-11-13 00:02:56,133 15634  INFO  [203a35] Doing some complicated stuff.. Random numbers are: 958052851, 264255020, 343934390.
2018-11-13 00:02:56,136 15637  INFO  [0ea518] Doing some complicated stuff.. Random numbers are: 198426466, 795044348, 842531227.
2018-11-13 00:02:56,163 15664  INFO  [0ea518] Finished processing user request with id = 0ea51839-b64d-4f15-bda6-2351a6c431cd in 00:00:00.0405618.
2018-11-13 00:02:56,166 15667  INFO  [203a35] Finished processing user request with id = 203a3507-27af-4e76-9676-9c17b00206cf in 00:00:00.0395401.
2018-11-13 00:02:56,180 15681  INFO  [2450f0] Started processing user request. Id = 2450f0c4-ae16-4bb4-98f6-f2aa395de61d. Size = 21.58 KB.
2018-11-13 00:02:56,195 15696  INFO  [9f2294] Started processing user request. Id = 9f229447-275e-4114-ab3b-72a247dca687. Size = 71.95 KB.
2018-11-13 00:02:56,199 15700  INFO  [2450f0] Doing some complicated stuff.. Random numbers are: 1334046557, 1077010087, 1747295114.
2018-11-13 00:02:56,204 15705  INFO  [9f2294] Doing some complicated stuff.. Random numbers are: 375693461, 691325330, 1317653387.
2018-11-13 00:02:56,209 15710  INFO  [BackgroundDaemon] Starting iteration #15473.
2018-11-13 00:02:56,211 15712  INFO  [2450f0] Here's some useful guids:
		50f3f70e-92b3-4145-bee8-de8ecff5c0fd
		5b5425a9-3065-45e9-8e6b-d140102f15c8
2018-11-13 00:02:56,213 15714  INFO  [2450f0] Finished processing user request with id = 2450f0c4-ae16-4bb4-98f6-f2aa395de61d in 00:00:00.0330508.
2018-11-13 00:02:56,226 15727  INFO  [20fa9b] Started processing user request. Id = 20fa9b8b-a6df-4542-8e96-7103d128ed55. Size = 38.19 KB.
2018-11-13 00:02:56,241 15742  INFO  [20fa9b] Doing some complicated stuff.. Random numbers are: 1087590075, 1314170030, 1703683430.
2018-11-13 00:02:56,242 15743  INFO  [9f2294] Here's some useful guids:
		7e205843-2c3b-4adb-af71-b8365c823a6e
2018-11-13 00:02:56,250 15751  INFO  [20fa9b] Here's some useful guids:
		f8cd043c-73c4-4cb3-9ed8-56458b138003
2018-11-13 00:02:56,258 15759  INFO  [20fa9b] Finished processing user request with id = 20fa9b8b-a6df-4542-8e96-7103d128ed55 in 00:00:00.0320119.
2018-11-13 00:02:56,262 15763  INFO  [9f2294] Finished processing user request with id = 9f229447-275e-4114-ab3b-72a247dca687 in 00:00:00.0671328.
2018-11-13 00:02:56,263 15764  INFO  [04c4c8] Started processing user request. Id = 04c4c840-317d-4535-a26a-d0b8a2e71045. Size = 64.02 KB.
2018-11-13 00:02:56,272 15773  INFO  [59ee28] Started processing user request. Id = 59ee28f2-2ef5-44bc-8b15-96414eb4791a. Size = 2.99 KB.
2018-11-13 00:02:56,272 15773  INFO  [59ee28] Doing some complicated stuff.. Random numbers are: 807655667, 2076293602, 1602125864.
2018-11-13 00:02:56,277 15778  INFO  [04c4c8] Doing some complicated stuff.. Random numbers are: 1572367009, 1444431298, 662261732.
2018-11-13 00:02:56,277 15778  INFO  [04c4c8] Here's some useful guids:
		27b10adc-cb18-4767-9769-3cde4846336d
		19c0a78a-e3d4-4abd-844f-4029e4be68cb
2018-11-13 00:02:56,284 15785  INFO  [04c4c8] Finished processing user request with id = 04c4c840-317d-4535-a26a-d0b8a2e71045 in 00:00:00.0210766.
2018-11-13 00:02:56,294 15795  INFO  [Metrics] Cpu: 0.59%; Memory: 19.79 GB/31.88 GB; Workers: 4/1024; IOCP: 0/1024
2018-11-13 00:02:56,294 15795  INFO  [dab703] Started processing user request. Id = dab7037b-f412-4ec1-aa74-7ea68e89297b. Size = 42.11 KB.
2018-11-13 00:02:56,300 15801  INFO  [59ee28] Here's some useful guids:
		bedbeab6-b65f-496c-80ae-440a208b4682
		66b5657d-dd5e-4d1a-9772-46ec04a261d2
		b2f84a82-43b3-44c6-b86b-a483ddf7c8f0
2018-11-13 00:02:56,300 15801  INFO  [59ee28] Finished processing user request with id = 59ee28f2-2ef5-44bc-8b15-96414eb4791a in 00:00:00.0280419.
2018-11-13 00:02:56,308 15809  INFO  [dab703] Doing some complicated stuff.. Random numbers are: 1784559345, 681386971, 1824374224.
2018-11-13 00:02:56,309 15810  INFO  [BackgroundDaemon] Processing data (12% completed)..
2018-11-13 00:02:56,314 15815  INFO  [bdbd12] Started processing user request. Id = bdbd12dc-fda0-4c48-aded-fff13fe6208d. Size = 82.28 KB.
2018-11-13 00:02:56,325 15826  INFO  [bdbd12] Doing some complicated stuff.. Random numbers are: 914693628, 1617564419, 1871497521.
2018-11-13 00:02:56,339 15841  INFO  [bdbd12] Here's some useful guids:
		f1d3c2e9-032e-4f9a-99fc-eb3cb3d1c05d
		0a0f8633-e67e-4855-81f5-4157eafc2580
		a32a6bd6-350c-4771-9463-4132ca7ee80c
2018-11-13 00:02:56,342 15844  INFO  [bdbd12] Finished processing user request with id = bdbd12dc-fda0-4c48-aded-fff13fe6208d in 00:00:00.0286527.
2018-11-13 00:02:56,353 15854  INFO  [dab703] Finished processing user request with id = dab7037b-f412-4ec1-aa74-7ea68e89297b in 00:00:00.0590872.
2018-11-13 00:02:56,356 15857  INFO  [65d488] Started processing user request. Id = 65d4888f-f283-4a0a-b462-49ff30707946. Size = 1.72 KB.
2018-11-13 00:02:56,366 15867  INFO  [65d488] Doing some complicated stuff.. Random numbers are: 379258805, 1679243687, 309971093.
2018-11-13 00:02:56,374 15875  INFO  [65d488] Here's some useful guids:
		c00848a9-61b8-47d3-b376-7f7ca319c221
		62ded89a-ed92-405a-99e4-2fac88996c78
		2044c8bd-33ff-425b-b915-8e4816d4e3a5
		ad38ace4-d600-4a29-ae46-3fabb4471f71
2018-11-13 00:02:56,380 15881  INFO  [BackgroundDaemon] Processing data (21% completed)..
2018-11-13 00:02:56,384 15885  INFO  [d34e3b] Started processing user request. Id = d34e3b15-f2f3-43b6-b1d4-21c7110c7be3. Size = 8.69 KB.
2018-11-13 00:02:56,393 15895  ERROR [65d488] 
System.InvalidOperationException: Oh no! An error occurred!
2018-11-13 00:02:56,398 15899  INFO  [d34e3b] Doing some complicated stuff.. Random numbers are: 371131802, 1885664717, 177809090.
2018-11-13 00:02:56,407 15908  INFO  [a72077] Started processing user request. Id = a7207736-0961-402d-bc9e-1c44068b5320. Size = 87.46 KB.
2018-11-13 00:02:56,412 15913  INFO  [d34e3b] Finished processing user request with id = d34e3b15-f2f3-43b6-b1d4-21c7110c7be3 in 00:00:00.0275988.
2018-11-13 00:02:56,423 15924  INFO  [a72077] Doing some complicated stuff.. Random numbers are: 685574891, 1820497580, 737129150.
2018-11-13 00:02:56,443 15944  INFO  [aeb654] Started processing user request. Id = aeb6544f-ac8b-4822-a1a6-c233f94288cb. Size = 8.47 KB.
2018-11-13 00:02:56,449 15950  INFO  [a72077] Finished processing user request with id = a7207736-0961-402d-bc9e-1c44068b5320 in 00:00:00.0423398.
2018-11-13 00:02:56,452 15953  INFO  [3d9be9] Started processing user request. Id = 3d9be935-397b-464d-98a1-9fe5f9c2f439. Size = 2.17 KB.
2018-11-13 00:02:56,454 15955  INFO  [BackgroundDaemon] Processing data (62% completed)..
2018-11-13 00:02:56,454 15955  INFO  [BackgroundDaemon] Finished iteration in 00:00:00.2451794.
2018-11-13 00:02:56,458 15960  INFO  [aeb654] Doing some complicated stuff.. Random numbers are: 284474930, 1453169583, 1479557262.
2018-11-13 00:02:56,460 15962  INFO  [3d9be9] Doing some complicated stuff.. Random numbers are: 1563164815, 206558683, 1466171937.
2018-11-13 00:02:56,462 15964  INFO  [e88c74] Started processing user request. Id = e88c74e1-5719-47f5-a3b1-c781e91826ab. Size = 13.09 KB.
2018-11-13 00:02:56,477 15979  INFO  [3d9be9] Finished processing user request with id = 3d9be935-397b-464d-98a1-9fe5f9c2f439 in 00:00:00.0255915.
2018-11-13 00:02:56,480 15981  INFO  [e88c74] Doing some complicated stuff.. Random numbers are: 1740245913, 662233741, 1190209631.
2018-11-13 00:02:56,486 15987  INFO  [aeb654] Finished processing user request with id = aeb6544f-ac8b-4822-a1a6-c233f94288cb in 00:00:00.0430063.
2018-11-13 00:02:56,499 16001  INFO  [e88c74] Finished processing user request with id = e88c74e1-5719-47f5-a3b1-c781e91826ab in 00:00:00.0369645.
2018-11-13 00:02:56,513 16014  INFO  [168346] Started processing user request. Id = 168346a3-f6f4-452e-84ee-0fc167327e00. Size = 72.67 KB.
2018-11-13 00:02:56,517 16018  INFO  [4a4f7f] Started processing user request. Id = 4a4f7f79-47f5-4813-ad5c-b9b47beca921. Size = 83.71 KB.
2018-11-13 00:02:56,522 16023  INFO  [168346] Doing some complicated stuff.. Random numbers are: 261189201, 1665552294, 2040406386.
2018-11-13 00:02:56,536 16037  INFO  [4a4f7f] Doing some complicated stuff.. Random numbers are: 1676097047, 112857886, 759272164.
2018-11-13 00:02:56,550 16051  INFO  [168346] Here's some useful guids:
		26ebe512-9e67-4236-8af7-d29792cca243
		8e26c91f-4b21-43d1-960d-b0d0cc32ada6
		5ccb7d26-2e3a-465a-bceb-93a7b1c302ec
2018-11-13 00:02:56,563 16064  INFO  [4a4f7f] Finished processing user request with id = 4a4f7f79-47f5-4813-ad5c-b9b47beca921 in 00:00:00.0461066.
2018-11-13 00:02:56,575 16076  INFO  [168346] Finished processing user request with id = 168346a3-f6f4-452e-84ee-0fc167327e00 in 00:00:00.0620619.
2018-11-13 00:02:56,589 16090  INFO  [4e2cf2] Started processing user request. Id = 4e2cf2b4-b82b-42b4-b9ae-69ec54772487. Size = 80.72 KB.
2018-11-13 00:02:56,594 16096  INFO  [14c122] Started processing user request. Id = 14c12239-1df2-4440-ba5f-32555195572b. Size = 59.52 KB.
2018-11-13 00:02:56,600 16102  INFO  [4e2cf2] Doing some complicated stuff.. Random numbers are: 915324029, 1500916289, 1979782808.
2018-11-13 00:02:56,602 16104  INFO  [14c122] Doing some complicated stuff.. Random numbers are: 521535889, 940960244, 1009059187.
2018-11-13 00:02:56,607 16109  INFO  [4e2cf2] Finished processing user request with id = 4e2cf2b4-b82b-42b4-b9ae-69ec54772487 in 00:00:00.0181937.
2018-11-13 00:02:56,621 16122  INFO  [7a163e] Started processing user request. Id = 7a163eec-ab4d-477e-9199-c55da2a6c1d6. Size = 56.75 KB.
2018-11-13 00:02:56,629 16130  INFO  [7a163e] Doing some complicated stuff.. Random numbers are: 1445585270, 1758180226, 929114843.
2018-11-13 00:02:56,645 16147  INFO  [9a876b] Started processing user request. Id = 9a876bb3-2490-4823-8622-9c68a778e5bd. Size = 46.57 KB.
2018-11-13 00:02:56,653 16155  INFO  [9a876b] Doing some complicated stuff.. Random numbers are: 230489539, 206444325, 225205696.
2018-11-13 00:02:56,653 16155  INFO  [9a876b] Finished processing user request with id = 9a876bb3-2490-4823-8622-9c68a778e5bd in 00:00:00.0079358.
2018-11-13 00:02:56,654 16156  ERROR [14c122] 
System.InvalidOperationException: Oh no! An error occurred!
2018-11-13 00:02:56,654 16156  INFO  [BackgroundDaemon] Starting iteration #15474.
2018-11-13 00:02:56,679 16180  INFO  [7a163e] Finished processing user request with id = 7a163eec-ab4d-477e-9199-c55da2a6c1d6 in 00:00:00.0573518.
2018-11-13 00:02:56,685 16187  INFO  [fea9ca] Started processing user request. Id = fea9ca0e-a5d5-44dc-a37b-8b3ddd70b852. Size = 54.99 KB.
2018-11-13 00:02:56,693 16194  INFO  [70ed56] Started processing user request. Id = 70ed569f-9ea6-4d43-8de9-5afbe1e25797. Size = 16.85 KB.
2018-11-13 00:02:56,697 16198  INFO  [fea9ca] Doing some complicated stuff.. Random numbers are: 197884371, 645099074, 2141729444.
2018-11-13 00:02:56,701 16202  INFO  [BackgroundDaemon] Processing data (12% completed)..
2018-11-13 00:02:56,705 16206  INFO  [70ed56] Doing some complicated stuff.. Random numbers are: 1107016629, 749777266, 1904307032.
2018-11-13 00:02:56,717 16218  INFO  [fea9ca] Here's some useful guids:
		215ae3cf-f45e-4f9f-941d-249a804f5ac0
2018-11-13 00:02:56,731 16233  INFO  [70ed56] Finished processing user request with id = 70ed569f-9ea6-4d43-8de9-5afbe1e25797 in 00:00:00.0389440.
2018-11-13 00:02:56,743 16244  INFO  [fea9ca] Finished processing user request with id = fea9ca0e-a5d5-44dc-a37b-8b3ddd70b852 in 00:00:00.0574512.
2018-11-13 00:02:56,745 16246  INFO  [822176] Started processing user request. Id = 82217668-9f6d-4c5e-bc05-5cfe0ad33935. Size = 11.34 KB.
2018-11-13 00:02:56,751 16252  INFO  [BackgroundDaemon] Processing data (25% completed)..
2018-11-13 00:02:56,761 16263  INFO  [822176] Doing some complicated stuff.. Random numbers are: 1343690976, 1479200515, 1702591678.
2018-11-13 00:02:56,774 16275  INFO  [2ff358] Started processing user request. Id = 2ff35836-ee27-40ce-9d1f-2f946b1bb515. Size = 73.84 KB.
2018-11-13 00:02:56,786 16287  INFO  [BackgroundDaemon] Processing data (50% completed)..
2018-11-13 00:02:56,786 16287  INFO  [BackgroundDaemon] Finished iteration in 00:00:00.1315443.
2018-11-13 00:02:56,793 16294  INFO  [Metrics] Cpu: 4.53%; Memory: 19.79 GB/31.88 GB; Workers: 4/1024; IOCP: 0/1024
2018-11-13 00:02:56,794 16295  INFO  [2ff358] Doing some complicated stuff.. Random numbers are: 1709346080, 735293444, 2139742873.
2018-11-13 00:02:56,801 16302  INFO  [822176] Finished processing user request with id = 82217668-9f6d-4c5e-bc05-5cfe0ad33935 in 00:00:00.0556454.
2018-11-13 00:02:56,807 16308  INFO  [2ff358] Here's some useful guids:
		c9d8c8a5-1989-41b4-96be-153eecf2e201
		f843b0d5-e288-4a0a-a549-7b437b9a021c
2018-11-13 00:02:56,814 16315  INFO  [5b74eb] Started processing user request. Id = 5b74eb61-bdac-46a1-ad86-34407749a7ff. Size = 69.4 KB.
2018-11-13 00:02:56,817 16318  INFO  [5b74eb] Doing some complicated stuff.. Random numbers are: 1907946752, 444038770, 2052338098.
2018-11-13 00:02:56,819 16320  INFO  [2ff358] Finished processing user request with id = 2ff35836-ee27-40ce-9d1f-2f946b1bb515 in 00:00:00.0449984.
2018-11-13 00:02:56,821 16322  INFO  [90b634] Started processing user request. Id = 90b63498-7f37-4f31-ab2a-6a973526ad7e. Size = 57.94 KB.
2018-11-13 00:02:56,835 16336  INFO  [90b634] Doing some complicated stuff.. Random numbers are: 1919090502, 1579584251, 1366335742.
2018-11-13 00:02:56,845 16347  INFO  [90b634] Finished processing user request with id = 90b63498-7f37-4f31-ab2a-6a973526ad7e in 00:00:00.0243927.
2018-11-13 00:02:56,846 16348  INFO  [5b74eb] Finished processing user request with id = 5b74eb61-bdac-46a1-ad86-34407749a7ff in 00:00:00.0324344.
2018-11-13 00:02:56,850 16351  INFO  [7d0b60] Started processing user request. Id = 7d0b6041-9b5e-4525-bac0-20e7f9ac4405. Size = 33.63 KB.
2018-11-13 00:02:56,860 16361  INFO  [f405b2] Started processing user request. Id = f405b208-ba75-4249-8779-17bccdae96c8. Size = 6.61 KB.
2018-11-13 00:02:56,866 16367  INFO  [7d0b60] Doing some complicated stuff.. Random numbers are: 86095166, 1473760600, 1124810467.
2018-11-13 00:02:56,866 16367  INFO  [7d0b60] Here's some useful guids:
		82acace7-44b6-4f23-9346-7bae377cf832
2018-11-13 00:02:56,872 16373  INFO  [f405b2] Doing some complicated stuff.. Random numbers are: 1479558005, 80716059, 28622541.
2018-11-13 00:02:56,883 16384  INFO  [f405b2] Finished processing user request with id = f405b208-ba75-4249-8779-17bccdae96c8 in 00:00:00.0233003.
2018-11-13 00:02:56,885 16386  INFO  [7d0b60] Finished processing user request with id = 7d0b6041-9b5e-4525-bac0-20e7f9ac4405 in 00:00:00.0348564.
2018-11-13 00:02:56,897 16398  INFO  [caddf6] Started processing user request. Id = caddf6d3-10c2-48df-bdc0-995c7abe87b9. Size = 7.72 KB.
2018-11-13 00:02:56,906 16407  INFO  [caddf6] Doing some complicated stuff.. Random numbers are: 1428297160, 1987341186, 1546957577.
2018-11-13 00:02:56,916 16418  INFO  [9e4104] Started processing user request. Id = 9e41047a-5198-4ecd-a990-0dfa99fb92b3. Size = 27.85 KB.
2018-11-13 00:02:56,934 16435  INFO  [9e4104] Doing some complicated stuff.. Random numbers are: 120326432, 283379446, 890378733.
2018-11-13 00:02:56,934 16435  INFO  [caddf6] Here's some useful guids:
		bda34df2-2791-4e05-927e-4da838b7d6b7
		38ab4fe6-c333-4f3c-9e79-17e8b6e58d4f
		8a86d799-89a1-4ea5-a13e-0fc72808ee5c
2018-11-13 00:02:56,941 16443  INFO  [caddf6] Finished processing user request with id = caddf6d3-10c2-48df-bdc0-995c7abe87b9 in 00:00:00.0449705.
2018-11-13 00:02:56,955 16457  INFO  [a6f667] Started processing user request. Id = a6f6673d-1ef0-4c64-a627-70e48221e374. Size = 87.29 KB.
2018-11-13 00:02:56,964 16465  ERROR [9e4104] 
System.InvalidOperationException: Oh no! An error occurred!
2018-11-13 00:02:56,968 16469  INFO  [a6f667] Doing some complicated stuff.. Random numbers are: 686692136, 1853348589, 1290200750.
2018-11-13 00:02:56,986 16487  INFO  [BackgroundDaemon] Starting iteration #15475.
2018-11-13 00:02:56,989 16491  INFO  [a6f667] Here's some useful guids:
		6e080905-9baf-476e-9bf8-08cef6068e85
		9ca98733-b95a-4f0f-b581-2324074ef5ca
		7fb1950f-9f9c-4578-b203-e8593ffdebf3
2018-11-13 00:02:56,995 16497  INFO  [61fdc9] Started processing user request. Id = 61fdc95f-579a-4696-a4ca-094a240c20c4. Size = 27.31 KB.
2018-11-13 00:02:56,999 16500  ERROR [a6f667] 
System.InvalidOperationException: Oh no! An error occurred!
2018-11-13 00:02:57,012 16514  INFO  [61fdc9] Doing some complicated stuff.. Random numbers are: 637079108, 1147058039, 1423031088.
2018-11-13 00:02:57,013 16515  INFO  [244cc3] Started processing user request. Id = 244cc38e-dd67-49b3-8c87-c23699db1539. Size = 88.16 KB.
2018-11-13 00:02:57,013 16515  INFO  [57d767] Started processing user request. Id = 57d76708-0d24-4e68-b137-d1714e21cf51. Size = 65.43 KB.
2018-11-13 00:02:57,019 16521  INFO  [57d767] Doing some complicated stuff.. Random numbers are: 1779414546, 338321146, 338392456.
2018-11-13 00:02:57,021 16523  INFO  [244cc3] Doing some complicated stuff.. Random numbers are: 907810147, 1550887478, 595865167.
2018-11-13 00:02:57,033 16534  INFO  [244cc3] Here's some useful guids:
		a551e978-160c-4619-aea2-085ca188a691
		76f7cf87-2d76-44da-9520-025021740f44
2018-11-13 00:02:57,050 16552  INFO  [244cc3] Finished processing user request with id = 244cc38e-dd67-49b3-8c87-c23699db1539 in 00:00:00.0369795.
2018-11-13 00:02:57,059 16561  INFO  [57d767] Finished processing user request with id = 57d76708-0d24-4e68-b137-d1714e21cf51 in 00:00:00.0459957.
2018-11-13 00:02:57,062 16564  INFO  [61fdc9] Finished processing user request with id = 61fdc95f-579a-4696-a4ca-094a240c20c4 in 00:00:00.0670730.
2018-11-13 00:02:57,073 16575  INFO  [000000] Started processing user request. Id = 000000dd-5c4f-415f-ad2a-cf0e35ea2de4. Size = 80.94 KB.
2018-11-13 00:02:57,083 16584  INFO  [BackgroundDaemon] Processing data (19% completed)..
2018-11-13 00:02:57,086 16587  INFO  [000000] Doing some complicated stuff.. Random numbers are: 1582753322, 889183349, 280923191.
2018-11-13 00:02:57,094 16595  INFO  [32c290] Started processing user request. Id = 32c29051-e478-416a-8fd5-c456342fa8eb. Size = 24.19 KB.
2018-11-13 00:02:57,097 16598  INFO  [32c290] Doing some complicated stuff.. Random numbers are: 859708264, 1220825654, 855449594.
2018-11-13 00:02:57,114 16615  INFO  [BackgroundDaemon] Processing data (29% completed)..
2018-11-13 00:02:57,121 16622  INFO  [000000] Here's some useful guids:
		b43ce70b-219a-4c4f-9a29-583034853e06
		41285eea-f2ff-4d2b-999f-a7e4ad671e61
		10679871-5113-4299-a7a0-eae3ee8e7b6c
2018-11-13 00:02:57,143 16644  INFO  [32c290] Finished processing user request with id = 32c29051-e478-416a-8fd5-c456342fa8eb in 00:00:00.0497921.
2018-11-13 00:02:57,144 16645  INFO  [000000] Finished processing user request with id = 000000dd-5c4f-415f-ad2a-cf0e35ea2de4 in 00:00:00.0709277.
2018-11-13 00:02:57,145 16646  INFO  [BackgroundDaemon] Processing data (97% completed)..
2018-11-13 00:02:57,145 16646  INFO  [BackgroundDaemon] Finished iteration in 00:00:00.1593419.
2018-11-13 00:02:57,158 16660  INFO  [6e195c] Started processing user request. Id = 6e195c0e-86e9-46f1-b5ec-c6594b721d6b. Size = 19.09 KB.
2018-11-13 00:02:57,175 16676  INFO  [4882da] Started processing user request. Id = 4882da52-6751-42fa-82a6-848287a38b13. Size = 39.83 KB.
2018-11-13 00:02:57,176 16677  INFO  [6e195c] Doing some complicated stuff.. Random numbers are: 1015059556, 8428087, 1871706236.
2018-11-13 00:02:57,190 16692  INFO  [4882da] Doing some complicated stuff.. Random numbers are: 2120643602, 887488138, 360030416.
2018-11-13 00:02:57,219 16720  INFO  [df1f36] Started processing user request. Id = df1f369b-64a0-4d70-ac26-f354923397df. Size = 96.97 KB.
2018-11-13 00:02:57,224 16725  INFO  [df1f36] Doing some complicated stuff.. Random numbers are: 1108595301, 440060715, 2069990250.
2018-11-13 00:02:57,231 16733  INFO  [df1f36] Here's some useful guids:
		f483b276-ce34-4908-80a5-1f01ad552c47
		d3b02b9e-9f9b-481b-b9c5-e39e5447edaf
		73013394-e880-4705-a540-73f9fbbbf9be
		40d9f638-6276-4350-ac54-1d98f17bf41e
		36a0d508-e0ca-4604-8f75-c62d8534806a
2018-11-13 00:02:57,232 16734  INFO  [6e195c] Finished processing user request with id = 6e195c0e-86e9-46f1-b5ec-c6594b721d6b in 00:00:00.0740555.
2018-11-13 00:02:57,234 16736  INFO  [4882da] Finished processing user request with id = 4882da52-6751-42fa-82a6-848287a38b13 in 00:00:00.0590928.
2018-11-13 00:02:57,246 16747  INFO  [546fde] Started processing user request. Id = 546fdeb0-b849-44ab-9288-6e00566e9bfd. Size = 8.65 KB.
2018-11-13 00:02:57,248 16749  INFO  [df1f36] Finished processing user request with id = df1f369b-64a0-4d70-ac26-f354923397df in 00:00:00.0296594.
2018-11-13 00:02:57,256 16758  INFO  [546fde] Doing some complicated stuff.. Random numbers are: 1682960900, 1051745534, 1359544073.
2018-11-13 00:02:57,266 16767  INFO  [4a1233] Started processing user request. Id = 4a123302-59cb-433a-a935-78f827c0171f. Size = 92.06 KB.
2018-11-13 00:02:57,279 16780  INFO  [4a1233] Doing some complicated stuff.. Random numbers are: 1992398358, 1444176514, 1770457665.
2018-11-13 00:02:57,292 16793  INFO  [Metrics] Cpu: 4.53%; Memory: 19.79 GB/31.88 GB; Workers: 4/1024; IOCP: 0/1024
2018-11-13 00:02:57,297 16798  INFO  [546fde] Finished processing user request with id = 546fdeb0-b849-44ab-9288-6e00566e9bfd in 00:00:00.0503804.
2018-11-13 00:02:57,300 16801  INFO  [4a1233] Here's some useful guids:
		8a244591-5e6d-4462-9e79-1ef42990468e
2018-11-13 00:02:57,306 16807  INFO  [4a1233] Finished processing user request with id = 4a123302-59cb-433a-a935-78f827c0171f in 00:00:00.0400070.
2018-11-13 00:02:57,310 16811  INFO  [5366ca] Started processing user request. Id = 5366cae8-ac9c-4c25-bd15-dcb53dc77726. Size = 49.81 KB.
2018-11-13 00:02:57,325 16826  INFO  [5366ca] Doing some complicated stuff.. Random numbers are: 1737569751, 154675207, 440251689.
2018-11-13 00:02:57,337 16838  INFO  [69a9b4] Started processing user request. Id = 69a9b4d0-272d-444e-a6b1-6c5e237b7f4c. Size = 24.03 KB.
2018-11-13 00:02:57,341 16842  INFO  [5366ca] Here's some useful guids:
		15fd1c7f-4503-4f55-9a06-924fe5d03e8c
2018-11-13 00:02:57,345 16846  INFO  [69a9b4] Doing some complicated stuff.. Random numbers are: 90412069, 43181793, 428110174.
2018-11-13 00:02:57,346 16847  INFO  [BackgroundDaemon] Starting iteration #15476.
2018-11-13 00:02:57,346 16847  INFO  [5366ca] Finished processing user request with id = 5366cae8-ac9c-4c25-bd15-dcb53dc77726 in 00:00:00.0368273.
2018-11-13 00:02:57,360 16861  INFO  [9b219b] Started processing user request. Id = 9b219bb4-4d4d-4105-9b1f-51c12e84939d. Size = 18.54 KB.
2018-11-13 00:02:57,364 16866  ERROR [69a9b4] 
System.InvalidOperationException: Oh no! An error occurred!
2018-11-13 00:02:57,369 16871  INFO  [BackgroundDaemon] Processing data (9% completed)..
2018-11-13 00:02:57,380 16881  INFO  [9b219b] Doing some complicated stuff.. Random numbers are: 520348253, 2138638745, 961847917.
2018-11-13 00:02:57,383 16884  INFO  [9b219b] Here's some useful guids:
		c20a2023-652c-4b6e-925e-505bef115a74
2018-11-13 00:02:57,388 16890  INFO  [9b219b] Finished processing user request with id = 9b219bb4-4d4d-4105-9b1f-51c12e84939d in 00:00:00.0280029.
2018-11-13 00:02:57,396 16898  INFO  [001d01] Started processing user request. Id = 001d0174-be14-44a7-8aa4-205616431a18. Size = 70.2 KB.
2018-11-13 00:02:57,402 16904  INFO  [1bdb49] Started processing user request. Id = 1bdb490d-25af-47d8-81a8-bffe36022943. Size = 93.93 KB.
2018-11-13 00:02:57,406 16908  INFO  [001d01] Doing some complicated stuff.. Random numbers are: 985859743, 1227339147, 1359993149.
2018-11-13 00:02:57,409 16911  INFO  [1bdb49] Doing some complicated stuff.. Random numbers are: 926645660, 351509076, 1887299701.
2018-11-13 00:02:57,411 16913  INFO  [1bdb49] Finished processing user request with id = 1bdb490d-25af-47d8-81a8-bffe36022943 in 00:00:00.0090358.
2018-11-13 00:02:57,414 16916  INFO  [BackgroundDaemon] Processing data (22% completed)..
2018-11-13 00:02:57,415 16917  INFO  [4402cd] Started processing user request. Id = 4402cd67-5b7d-4182-a0cb-44cd2cb54d99. Size = 61.57 KB.
2018-11-13 00:02:57,425 16926  INFO  [5b4da9] Started processing user request. Id = 5b4da9dc-32f2-4d52-85ad-2297d9798692. Size = 10.2 KB.
2018-11-13 00:02:57,425 16926  INFO  [5b4da9] Doing some complicated stuff.. Random numbers are: 1234631618, 209808300, 1532721800.
2018-11-13 00:02:57,427 16928  INFO  [5b4da9] Here's some useful guids:
		6d5f5304-f799-4ceb-9d7d-61bbe8677a0b
		e0160093-5e52-4470-8b71-e9c447a68e01
		4f152418-29d6-4f61-8499-88a73d9f2ce5
		e235f12f-15cd-4e5d-b514-02c98dcbe6dd
2018-11-13 00:02:57,429 16930  INFO  [4402cd] Doing some complicated stuff.. Random numbers are: 1143594606, 2144871787, 1712812700.
2018-11-13 00:02:57,430 16931  INFO  [5b4da9] Finished processing user request with id = 5b4da9dc-32f2-4d52-85ad-2297d9798692 in 00:00:00.0053758.
2018-11-13 00:02:57,440 16941  INFO  [001d01] Here's some useful guids:
		e9a5e6f7-af81-4b99-b6c8-2d7379a27adc
		96aa336f-0b6d-4de6-b9af-6a315058131a
		f17f1735-79ee-4d06-aca7-4d095eac43b5
		6f5e0d21-177b-4235-a2e6-ddf0a32da6cb
2018-11-13 00:02:57,443 16944  INFO  [3280a2] Started processing user request. Id = 3280a2a9-0b86-419b-ab50-bb962e4738d9. Size = 6.63 KB.
2018-11-13 00:02:57,455 16956  INFO  [3280a2] Doing some complicated stuff.. Random numbers are: 1809410386, 1476297201, 1123086554.
2018-11-13 00:02:57,466 16968  INFO  [4402cd] Finished processing user request with id = 4402cd67-5b7d-4182-a0cb-44cd2cb54d99 in 00:00:00.0509991.
2018-11-13 00:02:57,470 16971  INFO  [001d01] Finished processing user request with id = 001d0174-be14-44a7-8aa4-205616431a18 in 00:00:00.0732057.
2018-11-13 00:02:57,480 16981  INFO  [BackgroundDaemon] Processing data (81% completed)..
2018-11-13 00:02:57,480 16981  INFO  [BackgroundDaemon] Finished iteration in 00:00:00.1334800.
2018-11-13 00:02:57,501 17003  INFO  [33eddc] Started processing user request. Id = 33eddc7a-03d4-4845-b9c7-6511830bfa60. Size = 66.55 KB.
2018-11-13 00:02:57,503 17005  INFO  [3280a2] Finished processing user request with id = 3280a2a9-0b86-419b-ab50-bb962e4738d9 in 00:00:00.0601731.
2018-11-13 00:02:57,517 17019  INFO  [34cc61] Started processing user request. Id = 34cc61f1-5a9f-461d-92a7-ce3d2e97f80e. Size = 32.96 KB.
2018-11-13 00:02:57,519 17021  INFO  [33eddc] Doing some complicated stuff.. Random numbers are: 2140980358, 1655827275, 1644253153.
2018-11-13 00:02:57,526 17027  INFO  [34cc61] Doing some complicated stuff.. Random numbers are: 1092914731, 745112908, 777156406.
2018-11-13 00:02:57,542 17044  INFO  [33eddc] Here's some useful guids:
		fc07e17a-f5a2-42d5-8f93-0848e8f20dea
2018-11-13 00:02:57,551 17052  INFO  [34cc61] Finished processing user request with id = 34cc61f1-5a9f-461d-92a7-ce3d2e97f80e in 00:00:00.0332658.
2018-11-13 00:02:57,560 17061  INFO  [33eddc] Finished processing user request with id = 33eddc7a-03d4-4845-b9c7-6511830bfa60 in 00:00:00.0589893.
2018-11-13 00:02:57,564 17066  INFO  [ed9d5f] Started processing user request. Id = ed9d5fcf-b256-4efb-9123-f32e2f366108. Size = 63.35 KB.
2018-11-13 00:02:57,568 17070  INFO  [ed9d5f] Doing some complicated stuff.. Random numbers are: 406674482, 1783168180, 744393808.
2018-11-13 00:02:57,592 17094  INFO  [660a27] Started processing user request. Id = 660a27b5-2188-4d7f-a860-619cfd219b07. Size = 86.69 KB.
2018-11-13 00:02:57,598 17099  INFO  [660a27] Doing some complicated stuff.. Random numbers are: 584449853, 873352644, 1104809534.
2018-11-13 00:02:57,604 17105  INFO  [ed9d5f] Here's some useful guids:
		d71f4de3-f782-416e-878e-6357c459f8e9
		23c59d06-84cc-4c3d-8c80-eeac6e8ed915
2018-11-13 00:02:57,619 17121  INFO  [660a27] Here's some useful guids:
		17720a1b-9879-4049-854a-ccedf361b702
		4bc05cbe-01c0-4743-9dd1-3d14b91a22f9
2018-11-13 00:02:57,623 17124  INFO  [ed9d5f] Finished processing user request with id = ed9d5fcf-b256-4efb-9123-f32e2f366108 in 00:00:00.0580386.
2018-11-13 00:02:57,634 17135  INFO  [f9a78c] Started processing user request. Id = f9a78c3e-67f2-40ef-b9a6-67cc7449a4cd. Size = 75.36 KB.
2018-11-13 00:02:57,636 17137  INFO  [c763e6] Started processing user request. Id = c763e6a5-e6e6-4dca-a33b-e8b79d0a6243. Size = 51.88 KB.
2018-11-13 00:02:57,642 17143  INFO  [660a27] Finished processing user request with id = 660a27b5-2188-4d7f-a860-619cfd219b07 in 00:00:00.0491798.
2018-11-13 00:02:57,644 17145  INFO  [f9a78c] Doing some complicated stuff.. Random numbers are: 392561586, 1348498249, 666855439.
2018-11-13 00:02:57,655 17156  INFO  [c763e6] Doing some complicated stuff.. Random numbers are: 932015629, 906812066, 3547124.
2018-11-13 00:02:57,669 17170  INFO  [c763e6] Here's some useful guids:
		8d1eb568-13e4-41a0-a432-515fa3e4c973
		8452a128-9f1b-4aa5-86f2-caba9b7da416
		46b584b5-f423-42f6-a027-a35cfee04f11
		a533c3fd-4c91-4108-8558-b1b06e09a85f
2018-11-13 00:02:57,669 17170  INFO  [f9a78c] Here's some useful guids:
		658036a8-1d2b-43b5-b893-4568af721eda
		8a3d7aaa-3636-4f0b-b6db-43f70ac945cd
		cd93bfcd-ea09-4934-81cc-c61ca706520b
		7bb007f7-6fb6-474a-8a48-06b10e57656d
2018-11-13 00:02:57,673 17174  INFO  [c763e6] Finished processing user request with id = c763e6a5-e6e6-4dca-a33b-e8b79d0a6243 in 00:00:00.0378326.
2018-11-13 00:02:57,673 17174  INFO  [ccc33f] Started processing user request. Id = ccc33fcb-5fb0-4acc-a6f6-b15454d7be96. Size = 34.3 KB.
2018-11-13 00:02:57,680 17181  INFO  [BackgroundDaemon] Starting iteration #15477.
2018-11-13 00:02:57,681 17182  INFO  [ccc33f] Doing some complicated stuff.. Random numbers are: 1861138669, 1320602720, 378694817.
2018-11-13 00:02:57,687 17188  INFO  [c162a5] Started processing user request. Id = c162a540-b52b-4c13-9afb-dfd43c578b92. Size = 89.17 KB.
2018-11-13 00:02:57,691 17193  INFO  [f9a78c] Finished processing user request with id = f9a78c3e-67f2-40ef-b9a6-67cc7449a4cd in 00:00:00.0575474.
2018-11-13 00:02:57,698 17199  INFO  [ccc33f] Here's some useful guids:
		010c0f33-b62f-433f-b364-77bb5ba813ab
2018-11-13 00:02:57,699 17200  INFO  [c162a5] Doing some complicated stuff.. Random numbers are: 261513938, 364568205, 144777732.
2018-11-13 00:02:57,707 17209  INFO  [ccc33f] Finished processing user request with id = ccc33fcb-5fb0-4acc-a6f6-b15454d7be96 in 00:00:00.0340447.
2018-11-13 00:02:57,731 17233  INFO  [BackgroundDaemon] Processing data (5% completed)..
2018-11-13 00:02:57,739 17240  INFO  [b8b403] Started processing user request. Id = b8b40335-bd0a-4819-b5d6-e410dd1646c3. Size = 70.92 KB.
2018-11-13 00:02:57,746 17247  INFO  [c162a5] Finished processing user request with id = c162a540-b52b-4c13-9afb-dfd43c578b92 in 00:00:00.0592998.
2018-11-13 00:02:57,753 17254  INFO  [b8b403] Doing some complicated stuff.. Random numbers are: 647653986, 560855859, 1099945306.
2018-11-13 00:02:57,759 17261  INFO  [ed78cf] Started processing user request. Id = ed78cf95-0b4b-4805-9580-eafd6ebf37e9. Size = 20.91 KB.
2018-11-13 00:02:57,759 17261  INFO  [b8b403] Here's some useful guids:
		bb09f2a5-6b1f-42c5-bb37-6419560217b0
		0ced9c9a-fe32-4907-be23-803a5c596777
		b061f160-09de-410d-bc29-c7cbff8cb92c
		fb5280a2-f099-4c1d-bacf-58595f58ba99
2018-11-13 00:02:57,763 17265  INFO  [BackgroundDaemon] Processing data (20% completed)..
2018-11-13 00:02:57,768 17269  INFO  [b8b403] Finished processing user request with id = b8b40335-bd0a-4819-b5d6-e410dd1646c3 in 00:00:00.0286119.
2018-11-13 00:02:57,772 17273  INFO  [ed78cf] Doing some complicated stuff.. Random numbers are: 55815766, 1806263518, 1455012865.
2018-11-13 00:02:57,792 17293  INFO  [Metrics] Cpu: 1.64%; Memory: 19.79 GB/31.88 GB; Workers: 4/1024; IOCP: 0/1024
2018-11-13 00:02:57,799 17301  INFO  [03bb95] Started processing user request. Id = 03bb95f3-417e-4159-aa2c-7f11d5ed8538. Size = 5.19 KB.
2018-11-13 00:02:57,819 17320  INFO  [03bb95] Doing some complicated stuff.. Random numbers are: 469767856, 559537541, 83579224.
2018-11-13 00:02:57,827 17328  INFO  [ed78cf] Finished processing user request with id = ed78cf95-0b4b-4805-9580-eafd6ebf37e9 in 00:00:00.0672698.
2018-11-13 00:02:57,836 17337  INFO  [03bb95] Here's some useful guids:
		6a3225aa-3338-46d7-86fd-74c0831f7eff
2018-11-13 00:02:57,838 17339  INFO  [03bb95] Finished processing user request with id = 03bb95f3-417e-4159-aa2c-7f11d5ed8538 in 00:00:00.0383235.
2018-11-13 00:02:57,841 17342  INFO  [76cea9] Started processing user request. Id = 76cea9a6-5797-4def-ac7b-0a4070ac21e6. Size = 26.47 KB.
2018-11-13 00:02:57,844 17345  INFO  [BackgroundDaemon] Processing data (73% completed)..
2018-11-13 00:02:57,844 17345  INFO  [BackgroundDaemon] Finished iteration in 00:00:00.1631967.
2018-11-13 00:02:57,859 17361  INFO  [76cea9] Doing some complicated stuff.. Random numbers are: 1372296945, 687291705, 2028456125.
2018-11-13 00:02:57,859 17361  INFO  [67ab71] Started processing user request. Id = 67ab71ed-62cd-48ec-b351-9bf1e3e9e649. Size = 79.34 KB.
2018-11-13 00:02:57,859 17361  INFO  [67ab71] Doing some complicated stuff.. Random numbers are: 1802072004, 936215563, 1922953702.
2018-11-13 00:02:57,859 17361  INFO  [67ab71] Here's some useful guids:
		0d0afe2c-eb4b-4a62-9cb9-3b837ca45b63
2018-11-13 00:02:57,869 17370  INFO  [7069f8] Started processing user request. Id = 7069f84e-3ef6-4297-a561-262da6e14d19. Size = 70.96 KB.
2018-11-13 00:02:57,875 17376  ERROR [67ab71] 
System.InvalidOperationException: Oh no! An error occurred!
2018-11-13 00:02:57,883 17384  INFO  [7069f8] Doing some complicated stuff.. Random numbers are: 41626622, 445442385, 1107014072.
2018-11-13 00:02:57,895 17396  INFO  [76cea9] Here's some useful guids:
		ed9c4da2-806b-43d8-b127-2be252e80b6f
		3b80f66a-594c-418a-8f21-bbc62a5e7901
		25ae29c0-8359-404c-96a4-4fe097c629b6
2018-11-13 00:02:57,895 17397  INFO  [7069f8] Here's some useful guids:
		c13add48-5514-41b8-95ec-f8f70f3fed61
		33609c9b-da38-46ac-89e7-792439ad090d
2018-11-13 00:02:57,913 17415  INFO  [7069f8] Finished processing user request with id = 7069f84e-3ef6-4297-a561-262da6e14d19 in 00:00:00.0446430.
2018-11-13 00:02:57,922 17423  INFO  [76cea9] Finished processing user request with id = 76cea9a6-5797-4def-ac7b-0a4070ac21e6 in 00:00:00.0819055.
2018-11-13 00:02:57,936 17437  INFO  [19d56c] Started processing user request. Id = 19d56c33-2298-4283-8b2f-9b12c223cb50. Size = 49.79 KB.
2018-11-13 00:02:57,945 17447  INFO  [107e3b] Started processing user request. Id = 107e3b98-830b-444c-9a1b-8a32fe3feeda. Size = 8.51 KB.
2018-11-13 00:02:57,947 17449  INFO  [107e3b] Doing some complicated stuff.. Random numbers are: 1724265935, 1581003815, 1200430772.
2018-11-13 00:02:57,953 17455  INFO  [107e3b] Finished processing user request with id = 107e3b98-830b-444c-9a1b-8a32fe3feeda in 00:00:00.0079690.
2018-11-13 00:02:57,956 17457  INFO  [19d56c] Doing some complicated stuff.. Random numbers are: 505679185, 1728541357, 1231124463.
2018-11-13 00:02:57,979 17480  INFO  [19d56c] Here's some useful guids:
		26927380-2bb1-42fd-93e3-28cd90e501e7
2018-11-13 00:02:57,982 17483  INFO  [19d56c] Finished processing user request with id = 19d56c33-2298-4283-8b2f-9b12c223cb50 in 00:00:00.0460500.
2018-11-13 00:02:57,985 17486  INFO  [0fc0cd] Started processing user request. Id = 0fc0cd59-00ff-4527-942f-22cbc10131d7. Size = 34.98 KB.
2018-11-13 00:02:57,991 17492  INFO  [0fc0cd] Doing some complicated stuff.. Random numbers are: 1085185298, 187552786, 648609365.
2018-11-13 00:02:57,996 17497  INFO  [7ada13] Started processing user request. Id = 7ada13fe-e393-47f2-bff0-c56d6c99d78c. Size = 74.88 KB.
2018-11-13 00:02:58,008 17509  INFO  [7ada13] Doing some complicated stuff.. Random numbers are: 416204858, 973705738, 1180558717.
2018-11-13 00:02:58,020 17522  INFO  [0fc0cd] Here's some useful guids:
		a2cceb53-4824-424c-98b2-958d3d93d9a1
2018-11-13 00:02:58,024 17526  INFO  [7ada13] Here's some useful guids:
		ce9f8bd2-37e5-4978-9214-d11a4413aaae
		91c805e8-0db6-42cc-88f3-c7e57c6e8089
		214999f5-396a-477b-8ba0-f647d61f3ed1
2018-11-13 00:02:58,028 17530  INFO  [7ada13] Finished processing user request with id = 7ada13fe-e393-47f2-bff0-c56d6c99d78c in 00:00:00.0328940.
2018-11-13 00:02:58,039 17540  INFO  [0fc0cd] Finished processing user request with id = 0fc0cd59-00ff-4527-942f-22cbc10131d7 in 00:00:00.0546202.
2018-11-13 00:02:58,042 17543  INFO  [fc2b2e] Started processing user request. Id = fc2b2e3d-fef8-4ce5-92c5-832e9f8d519c. Size = 41.75 KB.
2018-11-13 00:02:58,043 17544  INFO  [fc2b2e] Doing some complicated stuff.. Random numbers are: 1869194023, 1909503808, 879130997.
2018-11-13 00:02:58,043 17544  INFO  [17e5eb] Started processing user request. Id = 17e5eb9c-7912-4e9d-818a-4e2fee75d878. Size = 52.86 KB.
2018-11-13 00:02:58,044 17545  INFO  [BackgroundDaemon] Starting iteration #15478.
2018-11-13 00:02:58,052 17553  INFO  [17e5eb] Doing some complicated stuff.. Random numbers are: 835532630, 791196143, 1061471263.
2018-11-13 00:02:58,059 17560  INFO  [17e5eb] Here's some useful guids:
		ba50c43f-2311-49d7-a142-6c9c4922988a
		5546af3f-ce14-4232-af45-a4955461de2d
		3d6161bf-1685-4dd5-8d52-2d3c84ca1842
		48564db3-e108-4d10-8bd5-4cee7b330c93
		79333c12-86dc-4f2b-afdc-af975dfbe77c
2018-11-13 00:02:58,066 17567  INFO  [fc2b2e] Finished processing user request with id = fc2b2e3d-fef8-4ce5-92c5-832e9f8d519c in 00:00:00.0242446.
2018-11-13 00:02:58,071 17572  INFO  [BackgroundDaemon] Processing data (15% completed)..
2018-11-13 00:02:58,071 17572  INFO  [d8f21a] Started processing user request. Id = d8f21a5e-f08d-44b1-9235-9e1c73022af0. Size = 71.88 KB.
2018-11-13 00:02:58,072 17573  ERROR [17e5eb] 
System.InvalidOperationException: Oh no! An error occurred!
2018-11-13 00:02:58,075 17576  INFO  [d8f21a] Doing some complicated stuff.. Random numbers are: 916061135, 76097874, 424526473.
2018-11-13 00:02:58,079 17580  INFO  [6008eb] Started processing user request. Id = 6008eb53-a34e-4132-8382-371906355069. Size = 24.83 KB.
2018-11-13 00:02:58,097 17598  INFO  [6008eb] Doing some complicated stuff.. Random numbers are: 1127502981, 1725264721, 1507730515.
2018-11-13 00:02:58,101 17602  INFO  [d8f21a] Finished processing user request with id = d8f21a5e-f08d-44b1-9235-9e1c73022af0 in 00:00:00.0299289.
2018-11-13 00:02:58,127 17628  INFO  [BackgroundDaemon] Processing data (47% completed)..
2018-11-13 00:02:58,130 17631  INFO  [6008eb] Finished processing user request with id = 6008eb53-a34e-4132-8382-371906355069 in 00:00:00.0510607.
2018-11-13 00:02:58,132 17633  INFO  [b115da] Started processing user request. Id = b115dabb-e372-4d61-8689-fbcf84d8f141. Size = 73.18 KB.
2018-11-13 00:02:58,136 17637  INFO  [b115da] Doing some complicated stuff.. Random numbers are: 293911398, 1859364116, 25071639.
2018-11-13 00:02:58,144 17645  INFO  [660f8b] Started processing user request. Id = 660f8bda-5c10-42ee-891f-5eb17dad163a. Size = 44.43 KB.
2018-11-13 00:02:58,148 17649  INFO  [BackgroundDaemon] Processing data (54% completed)..
2018-11-13 00:02:58,148 17649  INFO  [BackgroundDaemon] Finished iteration in 00:00:00.1040901.
2018-11-13 00:02:58,150 17651  INFO  [660f8b] Doing some complicated stuff.. Random numbers are: 536268901, 2054104887, 1842361497.
2018-11-13 00:02:58,169 17670  INFO  [660f8b] Here's some useful guids:
		4888dd18-9fad-46de-acac-a2b5cb4f0787
		f47dbde3-98a2-42b5-b026-466e9797cdcf
		13001a08-3d31-4a9b-adc6-1c6cab4502ac
		1e7e9e7d-9a07-4fb9-acb9-1e4eecef3936
2018-11-13 00:02:58,172 17673  INFO  [b115da] Here's some useful guids:
		2865619c-a41f-4bbe-9c18-42039f1f25c4
		ade6c174-cbf7-476b-acf2-31cf4a945c8e
		a1251c27-e18a-4cd6-8d61-0b16db88f1f9
		b53ff1bd-4ff9-4634-9beb-927981ef6e7d
		3301b390-a770-41bd-be4f-10aa87d6fc33
2018-11-13 00:02:58,177 17678  INFO  [b115da] Finished processing user request with id = b115dabb-e372-4d61-8689-fbcf84d8f141 in 00:00:00.0451840.
2018-11-13 00:02:58,191 17692  INFO  [660f8b] Finished processing user request with id = 660f8bda-5c10-42ee-891f-5eb17dad163a in 00:00:00.0470904.
2018-11-13 00:02:58,204 17705  INFO  [bd0d38] Started processing user request. Id = bd0d38f4-df79-45a1-b368-497cdaddd9e6. Size = 75.6 KB.
2018-11-13 00:02:58,209 17710  INFO  [29c52d] Started processing user request. Id = 29c52d17-f90f-417c-8181-e01c8bac1f02. Size = 68.85 KB.
2018-11-13 00:02:58,215 17716  INFO  [bd0d38] Doing some complicated stuff.. Random numbers are: 1276064643, 1749571862, 898840969.
2018-11-13 00:02:58,226 17727  INFO  [29c52d] Doing some complicated stuff.. Random numbers are: 1018287625, 413078434, 339099761.
2018-11-13 00:02:58,234 17735  INFO  [bd0d38] Finished processing user request with id = bd0d38f4-df79-45a1-b368-497cdaddd9e6 in 00:00:00.0300134.
2018-11-13 00:02:58,239 17740  INFO  [7beb69] Started processing user request. Id = 7beb69fd-b153-459c-82bc-7cdc09b81dce. Size = 58.03 KB.
2018-11-13 00:02:58,247 17748  INFO  [2ea27a] Started processing user request. Id = 2ea27a21-a600-4040-8b2e-16f0d7422082. Size = 33.99 KB.
2018-11-13 00:02:58,254 17756  INFO  [2ea27a] Doing some complicated stuff.. Random numbers are: 864556175, 1220489453, 1802476563.
2018-11-13 00:02:58,254 17756  INFO  [7beb69] Doing some complicated stuff.. Random numbers are: 1524225593, 2102713098, 1731608461.
2018-11-13 00:02:58,261 17763  INFO  [29c52d] Finished processing user request with id = 29c52d17-f90f-417c-8181-e01c8bac1f02 in 00:00:00.0526762.
2018-11-13 00:02:58,275 17776  INFO  [2ea27a] Finished processing user request with id = 2ea27a21-a600-4040-8b2e-16f0d7422082 in 00:00:00.0279322.
2018-11-13 00:02:58,288 17789  INFO  [7beb69] Finished processing user request with id = 7beb69fd-b153-459c-82bc-7cdc09b81dce in 00:00:00.0492264.
2018-11-13 00:02:58,288 17789  INFO  [b5c54a] Started processing user request. Id = b5c54a2a-ef84-4a27-bb34-94ec972dbcb1. Size = 82.25 KB.
2018-11-13 00:02:58,292 17793  INFO  [Metrics] Cpu: 1.64%; Memory: 19.79 GB/31.88 GB; Workers: 4/1024; IOCP: 0/1024
2018-11-13 00:02:58,293 17794  INFO  [3c8cff] Started processing user request. Id = 3c8cff30-7511-46ea-b490-07e44a63044b. Size = 70.4 KB.
2018-11-13 00:02:58,298 17799  INFO  [b5c54a] Doing some complicated stuff.. Random numbers are: 785295180, 1867315022, 909349735.
2018-11-13 00:02:58,302 17803  INFO  [3c8cff] Doing some complicated stuff.. Random numbers are: 284087799, 315579067, 891456515.
2018-11-13 00:02:58,316 17817  INFO  [b5c54a] Here's some useful guids:
		b4f63336-5c78-46a6-9d6c-5d45851310cd
		84ed9cd9-0b3b-42ce-934a-8231c876d3c6
		fda9775e-f176-4956-a259-5538482a1b79
		0e3336a8-085d-4eb3-8cc3-6f461fa7a2b2
		b8819cf4-127d-403e-a877-1532a0afda90
2018-11-13 00:02:58,331 17832  INFO  [b5c54a] Finished processing user request with id = b5c54a2a-ef84-4a27-bb34-94ec972dbcb1 in 00:00:00.0432154.
2018-11-13 00:02:58,338 17839  INFO  [3c8cff] Finished processing user request with id = 3c8cff30-7511-46ea-b490-07e44a63044b in 00:00:00.0457089.
2018-11-13 00:02:58,345 17846  INFO  [d875ef] Started processing user request. Id = d875efc1-7fb6-462b-8ab5-9e64aaa698e8. Size = 21.04 KB.
2018-11-13 00:02:58,348 17849  INFO  [BackgroundDaemon] Starting iteration #15479.
2018-11-13 00:02:58,352 17854  INFO  [d875ef] Doing some complicated stuff.. Random numbers are: 890953549, 1677513670, 903559863.
2018-11-13 00:02:58,370 17871  INFO  [c1c7f6] Started processing user request. Id = c1c7f6a7-8e4e-494a-bb43-2e1445ed50ef. Size = 1.82 KB.
2018-11-13 00:02:58,382 17883  INFO  [c1c7f6] Doing some complicated stuff.. Random numbers are: 1334630972, 1233755931, 902782412.
2018-11-13 00:02:58,389 17890  INFO  [d875ef] Finished processing user request with id = d875efc1-7fb6-462b-8ab5-9e64aaa698e8 in 00:00:00.0439538.
2018-11-13 00:02:58,402 17903  INFO  [3a7bf3] Started processing user request. Id = 3a7bf350-4ddf-46c3-90d6-0b7de3f4208a. Size = 3.71 KB.
2018-11-13 00:02:58,405 17906  INFO  [3a7bf3] Doing some complicated stuff.. Random numbers are: 1413170131, 267514560, 1401850657.
2018-11-13 00:02:58,417 17918  INFO  [c1c7f6] Here's some useful guids:
		74b1b265-c872-4a52-b45c-2fb87fc37230
		84929140-5f84-4de5-972d-48622359c205
		ccb0d2bf-1342-44f8-9f49-e061d38b7d35
		710e104b-ed4b-4fd1-8258-70d5a0505d04
2018-11-13 00:02:58,423 17924  INFO  [c1c7f6] Finished processing user request with id = c1c7f6a7-8e4e-494a-bb43-2e1445ed50ef in 00:00:00.0538090.
2018-11-13 00:02:58,424 17926  INFO  [BackgroundDaemon] Processing data (15% completed)..
2018-11-13 00:02:58,442 17943  INFO  [3a7bf3] Finished processing user request with id = 3a7bf350-4ddf-46c3-90d6-0b7de3f4208a in 00:00:00.0391850.
2018-11-13 00:02:58,453 17954  INFO  [BackgroundDaemon] Processing data (25% completed)..
2018-11-13 00:02:58,455 17956  INFO  [faec97] Started processing user request. Id = faec973b-e123-4473-a087-c095987daac2. Size = 70 KB.
2018-11-13 00:02:58,455 17956  INFO  [4387f3] Started processing user request. Id = 4387f353-4c80-4cec-9a1a-3fa437ac5531. Size = 48.45 KB.
2018-11-13 00:02:58,455 17956  INFO  [fc1794] Started processing user request. Id = fc179430-04f4-48a4-b7e4-f7e757983e32. Size = 56.51 KB.
2018-11-13 00:02:58,459 17960  INFO  [4387f3] Doing some complicated stuff.. Random numbers are: 2006228026, 1581163636, 472021377.
2018-11-13 00:02:58,463 17965  INFO  [faec97] Doing some complicated stuff.. Random numbers are: 1238386629, 84848460, 680383197.
2018-11-13 00:02:58,473 17974  INFO  [fc1794] Doing some complicated stuff.. Random numbers are: 968244527, 911870758, 1541945562.
2018-11-13 00:02:58,475 17976  INFO  [BackgroundDaemon] Processing data (71% completed)..
2018-11-13 00:02:58,475 17976  INFO  [BackgroundDaemon] Finished iteration in 00:00:00.1270095.
2018-11-13 00:02:58,481 17982  INFO  [faec97] Finished processing user request with id = faec973b-e123-4473-a087-c095987daac2 in 00:00:00.0260249.
2018-11-13 00:02:58,494 17996  INFO  [27f861] Started processing user request. Id = 27f8614a-4bfd-4273-b3ee-137282416068. Size = 88.41 KB.
2018-11-13 00:02:58,497 17998  INFO  [27f861] Doing some complicated stuff.. Random numbers are: 275876702, 1642452478, 1237510017.
2018-11-13 00:02:58,506 18008  INFO  [4387f3] Finished processing user request with id = 4387f353-4c80-4cec-9a1a-3fa437ac5531 in 00:00:00.0510144.
2018-11-13 00:02:58,522 18024  INFO  [27f861] Here's some useful guids:
		aaf6d281-f9e2-48d0-aef5-2b53d1811425
		d4430e95-4abd-4415-8bc0-b2619dcc4033
2018-11-13 00:02:58,526 18028  INFO  [fc1794] Finished processing user request with id = fc179430-04f4-48a4-b7e4-f7e757983e32 in 00:00:00.0711037.
2018-11-13 00:02:58,538 18039  INFO  [a52cb1] Started processing user request. Id = a52cb1b6-cdac-40a2-9542-8914bf596f11. Size = 735 B.
2018-11-13 00:02:58,544 18045  ERROR [27f861] 
System.InvalidOperationException: Oh no! An error occurred!
2018-11-13 00:02:58,544 18045  INFO  [a52cb1] Doing some complicated stuff.. Random numbers are: 718892401, 836504043, 1926351003.
2018-11-13 00:02:58,558 18059  INFO  [d26165] Started processing user request. Id = d2616585-7cdb-4b1c-9c9c-2e1c4dcae50c. Size = 60.3 KB.
2018-11-13 00:02:58,558 18059  INFO  [a52cb1] Here's some useful guids:
		40903976-34d5-4ebf-a225-d20ccd00d766
		25b06c5f-d78a-4b93-a99a-f7c70f73207e
		7c987ef2-b29a-495e-90bc-6ef8313d2bd5
		48c80670-b491-40b4-8d0c-9d7be4e020fd
2018-11-13 00:02:58,576 18077  INFO  [a52cb1] Finished processing user request with id = a52cb1b6-cdac-40a2-9542-8914bf596f11 in 00:00:00.0386806.
2018-11-13 00:02:58,577 18078  INFO  [d26165] Doing some complicated stuff.. Random numbers are: 1637893072, 45458503, 564601828.
2018-11-13 00:02:58,583 18085  INFO  [d26165] Here's some useful guids:
		d68858b2-8818-4ddc-be6a-ac547c046443
2018-11-13 00:02:58,588 18090  INFO  [d26165] Finished processing user request with id = d2616585-7cdb-4b1c-9c9c-2e1c4dcae50c in 00:00:00.0309362.
2018-11-13 00:02:58,602 18103  INFO  [4b5a98] Started processing user request. Id = 4b5a98f1-cb70-40d5-80e5-831d57ed9421. Size = 69.97 KB.
2018-11-13 00:02:58,608 18109  INFO  [e8503b] Started processing user request. Id = e8503b89-29b3-4875-8931-303a6126bc87. Size = 70.83 KB.
2018-11-13 00:02:58,608 18109  INFO  [4b5a98] Doing some complicated stuff.. Random numbers are: 1701212732, 112685478, 2146984256.
2018-11-13 00:02:58,610 18111  INFO  [e8503b] Doing some complicated stuff.. Random numbers are: 320804504, 1612317708, 1519810011.
2018-11-13 00:02:58,614 18115  INFO  [4b5a98] Here's some useful guids:
		a7099948-3ad4-4f11-a29b-15980c4a7c91
		1befe1c7-fed4-4872-8501-da32c2abaecb
		742c1df3-f9ee-4d86-8403-9746afed74d1
		b013a0fa-4870-43c7-a1c6-8b75421f5cb5
		05492cc1-c865-4fc0-a153-a3a93d93542d
2018-11-13 00:02:58,619 18121  INFO  [4b5a98] Finished processing user request with id = 4b5a98f1-cb70-40d5-80e5-831d57ed9421 in 00:00:00.0172271.
2018-11-13 00:02:58,633 18135  INFO  [30bc6d] Started processing user request. Id = 30bc6dbe-ff7f-4a49-877b-e0cd5fcde716. Size = 17.52 KB.
2018-11-13 00:02:58,653 18154  INFO  [30bc6d] Doing some complicated stuff.. Random numbers are: 349025781, 2116784001, 1970116447.
2018-11-13 00:02:58,675 18177  INFO  [BackgroundDaemon] Starting iteration #15480.
2018-11-13 00:02:58,675 18177  INFO  [e8503b] Finished processing user request with id = e8503b89-29b3-4875-8931-303a6126bc87 in 00:00:00.0672331.
2018-11-13 00:02:58,694 18195  INFO  [f01afb] Started processing user request. Id = f01afbc7-eb34-48a4-b662-3705a379d34c. Size = 62.53 KB.
2018-11-13 00:02:58,700 18201  INFO  [30bc6d] Finished processing user request with id = 30bc6dbe-ff7f-4a49-877b-e0cd5fcde716 in 00:00:00.0669064.
2018-11-13 00:02:58,707 18208  INFO  [811db1] Started processing user request. Id = 811db19a-eac0-462e-8259-24bb3ae68f35. Size = 46.75 KB.
2018-11-13 00:02:58,714 18215  INFO  [43449e] Started processing user request. Id = 43449e27-776b-40c4-95f7-2cda0ac8609f. Size = 1.91 KB.
2018-11-13 00:02:58,714 18215  INFO  [43449e] Doing some complicated stuff.. Random numbers are: 928253318, 1850053425, 1502915175.
2018-11-13 00:02:58,714 18215  INFO  [f01afb] Doing some complicated stuff.. Random numbers are: 1287435309, 1314455362, 2120993404.
2018-11-13 00:02:58,718 18219  INFO  [811db1] Doing some complicated stuff.. Random numbers are: 1990809874, 1014664107, 1033276378.
2018-11-13 00:02:58,718 18219  INFO  [BackgroundDaemon] Processing data (15% completed)..
2018-11-13 00:02:58,741 18242  INFO  [f01afb] Finished processing user request with id = f01afbc7-eb34-48a4-b662-3705a379d34c in 00:00:00.0470494.
2018-11-13 00:02:58,745 18246  INFO  [43449e] Here's some useful guids:
		863a2059-af5e-4181-96bb-8c5a52037537
		f4b42005-d1ae-4f7d-ac5d-5bb3cec12514
		2607ca31-721f-4293-bd4c-f68a7aae709b
		565a620b-90f4-49ab-8fa6-149912ebd4ca
		d1a60f37-e1a5-441f-9145-1def7685b875
2018-11-13 00:02:58,749 18250  INFO  [811db1] Finished processing user request with id = 811db19a-eac0-462e-8259-24bb3ae68f35 in 00:00:00.0421377.
2018-11-13 00:02:58,756 18257  INFO  [43449e] Finished processing user request with id = 43449e27-776b-40c4-95f7-2cda0ac8609f in 00:00:00.0421055.
2018-11-13 00:02:58,769 18270  INFO  [61ba61] Started processing user request. Id = 61ba61ba-b478-41c7-92eb-2bd97d4d3e6e. Size = 86.36 KB.
2018-11-13 00:02:58,773 18274  INFO  [61ba61] Doing some complicated stuff.. Random numbers are: 225437337, 1310286140, 1913574299.
2018-11-13 00:02:58,778 18279  INFO  [BackgroundDaemon] Processing data (46% completed)..
2018-11-13 00:02:58,780 18281  INFO  [54df06] Started processing user request. Id = 54df06b6-4efe-4548-afef-0df544de998e. Size = 72.22 KB.
2018-11-13 00:02:58,787 18288  INFO  [61ba61] Finished processing user request with id = 61ba61ba-b478-41c7-92eb-2bd97d4d3e6e in 00:00:00.0178981.
2018-11-13 00:02:58,791 18292  INFO  [Metrics] Cpu: 1.09%; Memory: 19.79 GB/31.88 GB; Workers: 4/1024; IOCP: 0/1024
2018-11-13 00:02:58,799 18300  INFO  [54df06] Doing some complicated stuff.. Random numbers are: 1016432200, 1096445803, 272125930.
2018-11-13 00:02:58,800 18301  INFO  [524e45] Started processing user request. Id = 524e4533-4230-47ae-b567-79d65c5053dd. Size = 75.09 KB.
2018-11-13 00:02:58,808 18309  INFO  [524e45] Doing some complicated stuff.. Random numbers are: 1164419202, 464786220, 97999590.
2018-11-13 00:02:58,823 18324  INFO  [54df06] Here's some useful guids:
		383c378c-87be-4d8c-9d2f-c707967b2bf0
		1eb9e92f-3ab3-40fd-8a7f-fda0cbd8941d
2018-11-13 00:02:58,843 18344  INFO  [54df06] Finished processing user request with id = 54df06b6-4efe-4548-afef-0df544de998e in 00:00:00.0628130.
2018-11-13 00:02:58,852 18354  INFO  [524e45] Finished processing user request with id = 524e4533-4230-47ae-b567-79d65c5053dd in 00:00:00.0522991.
2018-11-13 00:02:58,866 18367  INFO  [0e8ad7] Started processing user request. Id = 0e8ad71a-c6ad-47f4-b0dc-3d7285e82d30. Size = 76.26 KB.
2018-11-13 00:02:58,869 18370  INFO  [0e8ad7] Doing some complicated stuff.. Random numbers are: 571446026, 1351403728, 1839178217.
2018-11-13 00:02:58,874 18375  INFO  [28bde8] Started processing user request. Id = 28bde8ca-48c4-4e42-8f35-09715390a58c. Size = 71.1 KB.
2018-11-13 00:02:58,877 18378  INFO  [BackgroundDaemon] Processing data (81% completed)..
2018-11-13 00:02:58,877 18378  INFO  [BackgroundDaemon] Finished iteration in 00:00:00.2017973.
2018-11-13 00:02:58,878 18379  INFO  [28bde8] Doing some complicated stuff.. Random numbers are: 893314494, 544612411, 1399998219.
2018-11-13 00:02:58,893 18394  INFO  [0e8ad7] Here's some useful guids:
		50e0d3ae-265b-4a44-9a16-d73d61234786
		ab6bc667-d56e-4dfd-82e8-da08361cb7fd
2018-11-13 00:02:58,902 18403  INFO  [0e8ad7] Finished processing user request with id = 0e8ad71a-c6ad-47f4-b0dc-3d7285e82d30 in 00:00:00.0360939.
2018-11-13 00:02:58,903 18404  INFO  [28bde8] Here's some useful guids:
		31e3e337-d3a0-4bba-a10b-97f1104d996c
		110cf20d-94db-4d1a-bdba-265300fee19b
2018-11-13 00:02:58,908 18409  INFO  [45e67d] Started processing user request. Id = 45e67d69-0563-432b-be18-71c53d6e6057. Size = 79.93 KB.
2018-11-13 00:02:58,911 18412  INFO  [45e67d] Doing some complicated stuff.. Random numbers are: 312433884, 844770195, 525311887.
2018-11-13 00:02:58,913 18414  INFO  [28bde8] Finished processing user request with id = 28bde8ca-48c4-4e42-8f35-09715390a58c in 00:00:00.0390234.
2018-11-13 00:02:58,915 18416  INFO  [567bba] Started processing user request. Id = 567bba11-0d2d-4ec7-b167-e6fd2cf0c14b. Size = 9.06 KB.
2018-11-13 00:02:58,921 18422  INFO  [567bba] Doing some complicated stuff.. Random numbers are: 2000361793, 383546329, 1518607690.
2018-11-13 00:02:58,939 18440  INFO  [45e67d] Finished processing user request with id = 45e67d69-0563-432b-be18-71c53d6e6057 in 00:00:00.0311934.
2018-11-13 00:02:58,944 18446  INFO  [fb61e9] Started processing user request. Id = fb61e971-7ba1-4406-b175-0e97f8c21b07. Size = 22.23 KB.
2018-11-13 00:02:58,944 18446  INFO  [567bba] Here's some useful guids:
		9059965e-4b20-4446-a90c-273237df1d60
		d61bedd8-24ff-439d-a32b-c5828fcfc810
		c405029b-896a-4c9b-a4f9-118f06aff93b
		3c02ce54-10e0-4fb4-8170-9e147ccdac24
		8c66de73-176f-4fd7-8778-64d7142154d2
2018-11-13 00:02:58,947 18449  INFO  [567bba] Finished processing user request with id = 567bba11-0d2d-4ec7-b167-e6fd2cf0c14b in 00:00:00.0321943.
2018-11-13 00:02:58,960 18461  INFO  [fb61e9] Doing some complicated stuff.. Random numbers are: 1420855943, 1745013798, 1669659874.
2018-11-13 00:02:58,961 18462  INFO  [39d53f] Started processing user request. Id = 39d53f6a-d073-4b90-baa7-9be900416bd6. Size = 26.64 KB.
2018-11-13 00:02:58,971 18472  INFO  [fb61e9] Finished processing user request with id = fb61e971-7ba1-4406-b175-0e97f8c21b07 in 00:00:00.0267686.
2018-11-13 00:02:58,978 18480  INFO  [39d53f] Doing some complicated stuff.. Random numbers are: 662600928, 1436407906, 975666903.
2018-11-13 00:02:58,999 18500  INFO  [39d53f] Here's some useful guids:
		c7320cfd-9769-4f97-9690-6dc86a9e1e4e
		0c4c6651-bbdd-4935-8830-2bd5dbf59e73
		71123d6f-a835-4c67-b906-978314f958f4
2018-11-13 00:02:59,003 18504  INFO  [ea1566] Started processing user request. Id = ea1566f4-c813-449d-bd16-ed0a27a13d1a. Size = 83.78 KB.
2018-11-13 00:02:59,003 18504  INFO  [ea1566] Doing some complicated stuff.. Random numbers are: 371475528, 1839383217, 475195040.
2018-11-13 00:02:59,022 18523  INFO  [39d53f] Finished processing user request with id = 39d53f6a-d073-4b90-baa7-9be900416bd6 in 00:00:00.0610857.
2018-11-13 00:02:59,035 18537  INFO  [af0684] Started processing user request. Id = af068422-99f0-4ca5-8afc-d0ceb49c8eaa. Size = 21.1 KB.
2018-11-13 00:02:59,054 18555  INFO  [af0684] Doing some complicated stuff.. Random numbers are: 376888791, 534651932, 372578528.
2018-11-13 00:02:59,056 18557  INFO  [ea1566] Finished processing user request with id = ea1566f4-c813-449d-bd16-ed0a27a13d1a in 00:00:00.0529856.
2018-11-13 00:02:59,065 18566  INFO  [af0684] Here's some useful guids:
		a3d14b66-d585-4ccf-931d-17e20606d30b
		0d3e01d7-366c-4b04-9f1b-7346f4d420d6
2018-11-13 00:02:59,074 18575  INFO  [af0684] Finished processing user request with id = af068422-99f0-4ca5-8afc-d0ceb49c8eaa in 00:00:00.0382076.
2018-11-13 00:02:59,078 18579  INFO  [BackgroundDaemon] Starting iteration #15481.
2018-11-13 00:02:59,087 18588  INFO  [b4b487] Started processing user request. Id = b4b48782-dbae-430d-ae13-8cf29856c02b. Size = 91.58 KB.
2018-11-13 00:02:59,088 18589  INFO  [b567ed] Started processing user request. Id = b567ed4f-4aba-4e8d-8b3a-c25b17560235. Size = 44.13 KB.
2018-11-13 00:02:59,097 18598  INFO  [b4b487] Doing some complicated stuff.. Random numbers are: 1278011497, 679232763, 637110060.
2018-11-13 00:02:59,098 18599  INFO  [b567ed] Doing some complicated stuff.. Random numbers are: 1774660299, 383215556, 505933986.
2018-11-13 00:02:59,107 18608  INFO  [119f2e] Started processing user request. Id = 119f2e87-9dc0-49d8-b990-7b6ad8478790. Size = 32.28 KB.
2018-11-13 00:02:59,108 18609  INFO  [BackgroundDaemon] Processing data (4% completed)..
2018-11-13 00:02:59,110 18612  INFO  [b4b487] Here's some useful guids:
		bd4000d1-79b5-4f2c-bfd5-73a443bc800b
		e7db1856-22b2-4191-aedb-3970cca2133b
		adc6401d-90b5-4cc9-83d7-39446bfd008d
		74da76e2-046c-4478-b63d-446e59c30e75
		127e193b-ad9a-4f6d-b214-6aa1fd823da1
2018-11-13 00:02:59,112 18614  INFO  [b4b487] Finished processing user request with id = b4b48782-dbae-430d-ae13-8cf29856c02b in 00:00:00.0258536.
2018-11-13 00:02:59,125 18626  INFO  [119f2e] Doing some complicated stuff.. Random numbers are: 1352090749, 1154743136, 448754342.
2018-11-13 00:02:59,140 18641  INFO  [b567ed] Finished processing user request with id = b567ed4f-4aba-4e8d-8b3a-c25b17560235 in 00:00:00.0527850.
2018-11-13 00:02:59,144 18645  INFO  [34d77f] Started processing user request. Id = 34d77f7d-169b-4a6d-b010-3776df80ccdc. Size = 27 KB.
2018-11-13 00:02:59,154 18656  INFO  [89971d] Started processing user request. Id = 89971d5e-4b13-469c-be67-eb887cd1b5fe. Size = 62.61 KB.
2018-11-13 00:02:59,160 18662  INFO  [34d77f] Doing some complicated stuff.. Random numbers are: 2111802166, 48080730, 815566320.
2018-11-13 00:02:59,171 18672  INFO  [89971d] Doing some complicated stuff.. Random numbers are: 1641421504, 1459044945, 520856120.
2018-11-13 00:02:59,176 18677  INFO  [119f2e] Finished processing user request with id = 119f2e87-9dc0-49d8-b990-7b6ad8478790 in 00:00:00.0681882.
2018-11-13 00:02:59,193 18694  INFO  [34d77f] Finished processing user request with id = 34d77f7d-169b-4a6d-b010-3776df80ccdc in 00:00:00.0490549.
2018-11-13 00:02:59,199 18700  INFO  [BackgroundDaemon] Processing data (25% completed)..
2018-11-13 00:02:59,216 18718  INFO  [89971d] Finished processing user request with id = 89971d5e-4b13-469c-be67-eb887cd1b5fe in 00:00:00.0619734.
2018-11-13 00:02:59,224 18725  INFO  [957e72] Started processing user request. Id = 957e72a2-4f33-4e42-bf80-b79d2af07af0. Size = 64.85 KB.
2018-11-13 00:02:59,230 18731  INFO  [cd01ca] Started processing user request. Id = cd01ca77-0258-4638-a2a8-3409e4ca78f1. Size = 17.17 KB.
2018-11-13 00:02:59,237 18738  INFO  [cd01ca] Doing some complicated stuff.. Random numbers are: 1112713907, 1467364569, 1184816076.
2018-11-13 00:02:59,239 18740  INFO  [957e72] Doing some complicated stuff.. Random numbers are: 1983910590, 2028069096, 161926556.
2018-11-13 00:02:59,269 18771  INFO  [957e72] Finished processing user request with id = 957e72a2-4f33-4e42-bf80-b79d2af07af0 in 00:00:00.0451635.
2018-11-13 00:02:59,272 18774  INFO  [cd01ca] Here's some useful guids:
		e905d48c-bd49-489c-ad4d-8b1b96f3d0e4
2018-11-13 00:02:59,276 18777  INFO  [cd01ca] Finished processing user request with id = cd01ca77-0258-4638-a2a8-3409e4ca78f1 in 00:00:00.0456916.
2018-11-13 00:02:59,289 18790  INFO  [fff84e] Started processing user request. Id = fff84e28-2ac7-4a22-a55e-7f69fac3236d. Size = 513 B.
2018-11-13 00:02:59,290 18791  INFO  [BackgroundDaemon] Processing data (51% completed)..
2018-11-13 00:02:59,290 18791  INFO  [BackgroundDaemon] Finished iteration in 00:00:00.2125807.
2018-11-13 00:02:59,290 18791  INFO  [Metrics] Cpu: 1.09%; Memory: 19.79 GB/31.88 GB; Workers: 4/1024; IOCP: 0/1024
2018-11-13 00:02:59,297 18798  INFO  [fff84e] Doing some complicated stuff.. Random numbers are: 1139881624, 95377326, 1183565191.
2018-11-13 00:02:59,301 18802  INFO  [7c3d53] Started processing user request. Id = 7c3d5325-ddc1-4812-96f7-a6cc6db9ad2f. Size = 37.71 KB.
2018-11-13 00:02:59,305 18806  INFO  [7c3d53] Doing some complicated stuff.. Random numbers are: 789257368, 2042310653, 74082620.
2018-11-13 00:02:59,316 18818  INFO  [7c3d53] Here's some useful guids:
		6580b03c-d671-4eee-8b6d-6bed6be64840
		0c3c5260-1462-4109-b572-9cad04607382
		f8914460-3907-480c-aa1e-df697a210950
		d649a17e-d593-4a28-8dae-82b0587adddf
2018-11-13 00:02:59,341 18842  ERROR [7c3d53] 
System.InvalidOperationException: Oh no! An error occurred!
2018-11-13 00:02:59,341 18842  INFO  [fff84e] Finished processing user request with id = fff84e28-2ac7-4a22-a55e-7f69fac3236d in 00:00:00.0513126.
2018-11-13 00:02:59,344 18845  INFO  [731aba] Started processing user request. Id = 731aba27-6d7b-40b9-bba3-8bd4e39d86a6. Size = 8.61 KB.
2018-11-13 00:02:59,344 18845  INFO  [731aba] Doing some complicated stuff.. Random numbers are: 1441070715, 1356999894, 2088255688.
2018-11-13 00:02:59,355 18856  INFO  [566368] Started processing user request. Id = 566368ac-c9cf-4ea9-be70-7861826b9b17. Size = 12.77 KB.
2018-11-13 00:02:59,360 18861  INFO  [731aba] Here's some useful guids:
		8018795d-7c80-4a26-8b6c-2c700e5a3401
2018-11-13 00:02:59,364 18865  INFO  [566368] Doing some complicated stuff.. Random numbers are: 1357039031, 1448070312, 1749113440.
2018-11-13 00:02:59,372 18873  INFO  [f81c61] Started processing user request. Id = f81c6146-c355-4de2-8f75-c4ba5388381a. Size = 45.06 KB.
2018-11-13 00:02:59,373 18874  INFO  [731aba] Finished processing user request with id = 731aba27-6d7b-40b9-bba3-8bd4e39d86a6 in 00:00:00.0297055.
2018-11-13 00:02:59,379 18880  INFO  [f81c61] Doing some complicated stuff.. Random numbers are: 1451677051, 1913905607, 306000609.
2018-11-13 00:02:59,389 18890  INFO  [566368] Here's some useful guids:
		7f811c3d-0be6-4006-a075-6a1aff79ab9b
		b5e39264-3ee4-455b-9868-7e291eaa6b83
		1e826bad-ad72-42c5-b04f-ed79f2199cde
		17731ab3-4e8e-4d35-bc7c-ca328e5a3535
2018-11-13 00:02:59,403 18904  INFO  [566368] Finished processing user request with id = 566368ac-c9cf-4ea9-be70-7861826b9b17 in 00:00:00.0478713.
2018-11-13 00:02:59,417 18918  INFO  [896422] Started processing user request. Id = 896422c7-2068-4cc6-95d1-8d2c212c1a68. Size = 91.56 KB.
2018-11-13 00:02:59,420 18921  INFO  [f81c61] Finished processing user request with id = f81c6146-c355-4de2-8f75-c4ba5388381a in 00:00:00.0481241.
2018-11-13 00:02:59,431 18932  INFO  [896422] Doing some complicated stuff.. Random numbers are: 590918307, 1052767004, 967300655.
2018-11-13 00:02:59,451 18953  INFO  [2c1055] Started processing user request. Id = 2c10556c-cb6f-4490-975f-7fd467710d08. Size = 96.36 KB.
2018-11-13 00:02:59,464 18965  INFO  [896422] Finished processing user request with id = 896422c7-2068-4cc6-95d1-8d2c212c1a68 in 00:00:00.0473617.
2018-11-13 00:02:59,467 18968  INFO  [2c1055] Doing some complicated stuff.. Random numbers are: 1722479645, 1427340177, 1945687239.
2018-11-13 00:02:59,477 18978  INFO  [1f0b02] Started processing user request. Id = 1f0b0215-3e48-409e-9a62-0c8a2c1d986c. Size = 96.98 KB.
2018-11-13 00:02:59,490 18991  INFO  [BackgroundDaemon] Starting iteration #15482.
2018-11-13 00:02:59,495 18996  INFO  [1f0b02] Doing some complicated stuff.. Random numbers are: 2068084170, 193653239, 1598436958.
2018-11-13 00:02:59,499 19000  INFO  [2c1055] Finished processing user request with id = 2c10556c-cb6f-4490-975f-7fd467710d08 in 00:00:00.0478517.
2018-11-13 00:02:59,501 19002  INFO  [1f0b02] Here's some useful guids:
		4e2598f3-c627-4aa4-a28c-1c88df68f18f
		289e44ad-4560-434c-afc9-52226dd8090c
		718b56c8-b0c9-4639-9887-5134dc090582
2018-11-13 00:02:59,505 19006  INFO  [1f0b02] Finished processing user request with id = 1f0b0215-3e48-409e-9a62-0c8a2c1d986c in 00:00:00.0282351.
2018-11-13 00:02:59,519 19020  INFO  [BackgroundDaemon] Processing data (18% completed)..
2018-11-13 00:02:59,519 19020  INFO  [0d9059] Started processing user request. Id = 0d90590b-1b6d-42cc-8cf0-a826e980cd5d. Size = 20.92 KB.
2018-11-13 00:02:59,522 19023  INFO  [0d9059] Doing some complicated stuff.. Random numbers are: 668526627, 1752921576, 1816871670.
2018-11-13 00:02:59,531 19032  INFO  [fea91f] Started processing user request. Id = fea91ffe-4f7e-40fc-9afa-ddf4331683b3. Size = 58.98 KB.
2018-11-13 00:02:59,540 19042  INFO  [99d05a] Started processing user request. Id = 99d05a2e-43bd-41c1-95dc-9e6681baa3b6. Size = 96.1 KB.
2018-11-13 00:02:59,541 19043  INFO  [fea91f] Doing some complicated stuff.. Random numbers are: 1548436429, 1001851164, 281152046.
2018-11-13 00:02:59,542 19044  INFO  [BackgroundDaemon] Processing data (20% completed)..
2018-11-13 00:02:59,548 19049  INFO  [0d9059] Here's some useful guids:
		60dbdde7-38eb-4c78-b7a2-c73ba3f48293
		180e3b36-ef61-4c1d-93c6-fa0f7fafc0e3
		db109b30-a1e4-46c1-956c-151da712f099
2018-11-13 00:02:59,557 19058  INFO  [99d05a] Doing some complicated stuff.. Random numbers are: 626610316, 496570400, 1069011236.
2018-11-13 00:02:59,569 19070  INFO  [0d9059] Finished processing user request with id = 0d90590b-1b6d-42cc-8cf0-a826e980cd5d in 00:00:00.0494569.
2018-11-13 00:02:59,580 19081  INFO  [99d05a] Finished processing user request with id = 99d05a2e-43bd-41c1-95dc-9e6681baa3b6 in 00:00:00.0392677.
2018-11-13 00:02:59,582 19083  INFO  [19732e] Started processing user request. Id = 19732e61-7fa1-465a-bbdc-81e4bfc5d38f. Size = 4.04 KB.
2018-11-13 00:02:59,590 19091  INFO  [19732e] Doing some complicated stuff.. Random numbers are: 554123136, 1642351607, 1885308882.
2018-11-13 00:02:59,590 19091  ERROR [fea91f] 
System.InvalidOperationException: Oh no! An error occurred!
2018-11-13 00:02:59,614 19115  INFO  [BackgroundDaemon] Processing data (69% completed)..
2018-11-13 00:02:59,614 19115  INFO  [BackgroundDaemon] Finished iteration in 00:00:00.1231471.
2018-11-13 00:02:59,618 19119  ERROR [19732e] 
System.InvalidOperationException: Oh no! An error occurred!
2018-11-13 00:02:59,621 19122  INFO  [eb1f1a] Started processing user request. Id = eb1f1af7-529f-4f48-ad32-c5d9c03d1dcf. Size = 31.81 KB.
2018-11-13 00:02:59,631 19132  INFO  [f8f270] Started processing user request. Id = f8f270c3-03ae-4715-81a4-736173d74174. Size = 7.89 KB.
2018-11-13 00:02:59,638 19139  INFO  [eb1f1a] Doing some complicated stuff.. Random numbers are: 1496337034, 1272515264, 1247372232.
2018-11-13 00:02:59,650 19152  INFO  [f8f270] Doing some complicated stuff.. Random numbers are: 1221217573, 1254355926, 354162693.
2018-11-13 00:02:59,664 19165  ERROR [eb1f1a] 
System.InvalidOperationException: Oh no! An error occurred!
2018-11-13 00:02:59,680 19181  INFO  [f8f270] Here's some useful guids:
		f2108aab-0f13-4090-8dc2-e03706845550
2018-11-13 00:02:59,691 19192  INFO  [f8f270] Finished processing user request with id = f8f270c3-03ae-4715-81a4-736173d74174 in 00:00:00.0601010.
2018-11-13 00:02:59,695 19197  INFO  [48acec] Started processing user request. Id = 48acec66-9ff3-4f32-83d9-edd01d8f1e5c. Size = 96.65 KB.
2018-11-13 00:02:59,705 19206  INFO  [e27055] Started processing user request. Id = e270552a-9b70-4479-8552-848e45beeabe. Size = 51.36 KB.
2018-11-13 00:02:59,712 19213  INFO  [48acec] Doing some complicated stuff.. Random numbers are: 1677909981, 1352342760, 580358556.
2018-11-13 00:02:59,716 19217  INFO  [e27055] Doing some complicated stuff.. Random numbers are: 491383089, 116686902, 1996686868.
2018-11-13 00:02:59,725 19226  INFO  [e27055] Here's some useful guids:
		1b8a0bc0-6672-412a-a6b2-b0e3fe10c519
		b0d5c276-a009-4df6-b8ee-bbb5bb075f56
		55eb4784-509b-4cf4-8939-366f35417189
		3b605c7f-2fa5-4118-824f-5f911b84c68a
2018-11-13 00:02:59,743 19244  INFO  [48acec] Finished processing user request with id = 48acec66-9ff3-4f32-83d9-edd01d8f1e5c in 00:00:00.0476980.
2018-11-13 00:02:59,747 19248  INFO  [759e02] Started processing user request. Id = 759e020f-1f40-437c-9d32-76a12e24464e. Size = 17.9 KB.
2018-11-13 00:02:59,751 19252  INFO  [e27055] Finished processing user request with id = e270552a-9b70-4479-8552-848e45beeabe in 00:00:00.0466951.
2018-11-13 00:02:59,761 19262  INFO  [759e02] Doing some complicated stuff.. Random numbers are: 276572000, 1281734364, 453537023.
2018-11-13 00:02:59,764 19265  INFO  [0add98] Started processing user request. Id = 0add985b-e6d7-45e4-8959-71b24edc26dd. Size = 80.98 KB.
2018-11-13 00:02:59,770 19271  INFO  [0add98] Doing some complicated stuff.. Random numbers are: 1143715552, 661900101, 605533150.
2018-11-13 00:02:59,774 19275  INFO  [e6b91c] Started processing user request. Id = e6b91cf0-53f1-4bb2-a40b-fbf3bdd374d4. Size = 57.14 KB.
2018-11-13 00:02:59,784 19285  INFO  [e6b91c] Doing some complicated stuff.. Random numbers are: 991053776, 1075833566, 228540605.
2018-11-13 00:02:59,789 19290  INFO  [759e02] Here's some useful guids:
		2524f09e-c0f2-4ce1-a62e-9e5abe51ce60
		9b68e17f-050a-45da-a1fa-ce96c699f0f9
		5babfa9a-638f-4bba-89a2-a6f18b6bd9e0
		3a17a9a3-6ad7-4524-8f81-25552897b386
		c274323f-a854-42a1-8d32-699eb8594c47
2018-11-13 00:02:59,789 19291  INFO  [Metrics] Cpu: 0.84%; Memory: 19.79 GB/31.88 GB; Workers: 4/1024; IOCP: 0/1024
2018-11-13 00:02:59,806 19307  INFO  [759e02] Finished processing user request with id = 759e020f-1f40-437c-9d32-76a12e24464e in 00:00:00.0588500.
2018-11-13 00:02:59,814 19315  INFO  [BackgroundDaemon] Starting iteration #15483.
2018-11-13 00:02:59,816 19317  INFO  [e6b91c] Here's some useful guids:
		1c73787a-6890-4ba8-9cea-f55cafcd572b
2018-11-13 00:02:59,820 19322  INFO  [0add98] Finished processing user request with id = 0add985b-e6d7-45e4-8959-71b24edc26dd in 00:00:00.0561020.
2018-11-13 00:02:59,826 19327  INFO  [e6b91c] Finished processing user request with id = e6b91cf0-53f1-4bb2-a40b-fbf3bdd374d4 in 00:00:00.0512798.
2018-11-13 00:02:59,834 19335  INFO  [4a226d] Started processing user request. Id = 4a226d39-820b-4a57-b8da-1ca9b59aa625. Size = 20.83 KB.
2018-11-13 00:02:59,842 19343  INFO  [BackgroundDaemon] Processing data (6% completed)..
2018-11-13 00:02:59,845 19346  INFO  [4a226d] Doing some complicated stuff.. Random numbers are: 364270531, 1145712465, 1034830341.
2018-11-13 00:02:59,857 19358  INFO  [7ba1d2] Started processing user request. Id = 7ba1d2ea-24eb-4fb3-84aa-d53b4b20ca93. Size = 97.42 KB.
2018-11-13 00:02:59,861 19362  INFO  [7ba1d2] Doing some complicated stuff.. Random numbers are: 195144745, 835848341, 594421685.
2018-11-13 00:02:59,866 19367  INFO  [4a226d] Finished processing user request with id = 4a226d39-820b-4a57-b8da-1ca9b59aa625 in 00:00:00.0326893.
2018-11-13 00:02:59,874 19376  INFO  [7ba1d2] Here's some useful guids:
		c5741c3b-1dee-46f4-818e-f550c102b8f2
2018-11-13 00:02:59,879 19381  INFO  [a3d5e6] Started processing user request. Id = a3d5e6c0-0de2-4083-8546-a941d47943aa. Size = 14.37 KB.
2018-11-13 00:02:59,880 19382  INFO  [7ba1d2] Finished processing user request with id = 7ba1d2ea-24eb-4fb3-84aa-d53b4b20ca93 in 00:00:00.0231575.
2018-11-13 00:02:59,881 19383  INFO  [a3d5e6] Doing some complicated stuff.. Random numbers are: 1559355000, 1069538201, 1762710813.
2018-11-13 00:02:59,908 19409  INFO  [a3d5e6] Here's some useful guids:
		9522a2cf-3583-4891-84a4-3c7cb86e2188
2018-11-13 00:02:59,912 19413  INFO  [66cec7] Started processing user request. Id = 66cec731-b7e6-40ac-9039-020003aa54be. Size = 20.84 KB.
2018-11-13 00:02:59,924 19425  INFO  [66cec7] Doing some complicated stuff.. Random numbers are: 39186919, 827120738, 1113225242.
2018-11-13 00:02:59,931 19432  INFO  [BackgroundDaemon] Processing data (46% completed)..
2018-11-13 00:02:59,932 19433  INFO  [a3d5e6] Finished processing user request with id = a3d5e6c0-0de2-4083-8546-a941d47943aa in 00:00:00.0529381.
2018-11-13 00:02:59,946 19447  INFO  [589c2a] Started processing user request. Id = 589c2a32-fe92-4929-91b8-4fc4a4a1b4db. Size = 32.22 KB.
2018-11-13 00:02:59,957 19458  INFO  [589c2a] Doing some complicated stuff.. Random numbers are: 1546408772, 1124135846, 207398377.
2018-11-13 00:02:59,959 19460  INFO  [BackgroundDaemon] Processing data (70% completed)..
2018-11-13 00:02:59,959 19460  INFO  [BackgroundDaemon] Finished iteration in 00:00:00.1444047.
2018-11-13 00:02:59,968 19469  ERROR [66cec7] 
System.InvalidOperationException: Oh no! An error occurred!
2018-11-13 00:02:59,969 19470  INFO  [589c2a] Here's some useful guids:
		b176415e-32bc-4fb8-8b7a-f887006c9a1b
		0b71d9ce-e876-450c-aa7e-b1c32a8b66ae
		27fc0e76-22da-4587-b34c-983a9ffe4855
		aad79a1f-2a71-4474-81f3-20ada0dbb4a0
2018-11-13 00:02:59,973 19474  INFO  [9fa571] Started processing user request. Id = 9fa57110-f654-46ab-8d98-b8501d787423. Size = 76.12 KB.
2018-11-13 00:02:59,973 19474  INFO  [9fa571] Doing some complicated stuff.. Random numbers are: 1597076998, 78882061, 823365137.
2018-11-13 00:02:59,982 19483  INFO  [589c2a] Finished processing user request with id = 589c2a32-fe92-4929-91b8-4fc4a4a1b4db in 00:00:00.0352159.
2018-11-13 00:02:59,995 19496  INFO  [9e0e58] Started processing user request. Id = 9e0e584b-ac9c-4bfa-9b4b-30d049e09ace. Size = 29.65 KB.
2018-11-13 00:02:59,999 19500  INFO  [5e88bc] Started processing user request. Id = 5e88bc40-43af-4f00-852e-e97b018fcc7e. Size = 24.48 KB.
2018-11-13 00:02:59,999 19500  INFO  [9fa571] Here's some useful guids:
		048fc3f7-f790-4afb-b32a-828f8eef8317
		60e563bb-5156-4546-8db4-2024435d5b5d
		8340104a-316a-4f11-a0b1-f9a27213b191
2018-11-13 00:03:00,001 19502  INFO  [5e88bc] Doing some complicated stuff.. Random numbers are: 1087889772, 1935267150, 1775637073.
2018-11-13 00:03:00,004 19505  INFO  [9e0e58] Doing some complicated stuff.. Random numbers are: 312515643, 956884278, 2080535933.
2018-11-13 00:03:00,005 19506  INFO  [9fa571] Finished processing user request with id = 9fa57110-f654-46ab-8d98-b8501d787423 in 00:00:00.0322497.
2018-11-13 00:03:00,009 19510  INFO  [9e0e58] Here's some useful guids:
		d295aac5-f6e2-42d2-a112-c30b31f06c59
		4a78380a-f6ad-4bdc-88d6-0df27570e13d
2018-11-13 00:03:00,009 19510  INFO  [9e0e58] Finished processing user request with id = 9e0e584b-ac9c-4bfa-9b4b-30d049e09ace in 00:00:00.0140929.
2018-11-13 00:03:00,023 19525  INFO  [ccf597] Started processing user request. Id = ccf59753-ad17-41f4-84a7-abf72dd0f819. Size = 2.7 KB.
2018-11-13 00:03:00,027 19528  INFO  [ccf597] Doing some complicated stuff.. Random numbers are: 1273252020, 1357700634, 1020625757.
2018-11-13 00:03:00,037 19539  INFO  [5e88bc] Here's some useful guids:
		4f1b7c24-2414-451d-b456-9f1febff4730
		54d1c6bd-0d03-46d9-8387-0925967f58a9
		55f4dd1c-0739-4d7a-9846-11f94524f70c
2018-11-13 00:03:00,063 19564  INFO  [5e88bc] Finished processing user request with id = 5e88bc40-43af-4f00-852e-e97b018fcc7e in 00:00:00.0631572.
2018-11-13 00:03:00,069 19570  INFO  [ccf597] Finished processing user request with id = ccf59753-ad17-41f4-84a7-abf72dd0f819 in 00:00:00.0451347.
2018-11-13 00:03:00,082 19583  INFO  [692119] Started processing user request. Id = 69211919-44f3-4791-916e-2c7ebf47439b. Size = 86.08 KB.
2018-11-13 00:03:00,086 19587  INFO  [692119] Doing some complicated stuff.. Random numbers are: 277800517, 1960429072, 562769469.
2018-11-13 00:03:00,094 19595  INFO  [85450d] Started processing user request. Id = 85450d52-fcdf-4c8c-ab34-d5f2ed4e720b. Size = 87.18 KB.
2018-11-13 00:03:00,097 19598  INFO  [85450d] Doing some complicated stuff.. Random numbers are: 822224115, 1973266365, 981920788.
2018-11-13 00:03:00,114 19615  INFO  [692119] Finished processing user request with id = 69211919-44f3-4791-916e-2c7ebf47439b in 00:00:00.0319356.
2018-11-13 00:03:00,127 19628  INFO  [552055] Started processing user request. Id = 552055ad-0be9-432a-a834-d1164c2201b6. Size = 7.17 KB.
2018-11-13 00:03:00,131 19632  INFO  [552055] Doing some complicated stuff.. Random numbers are: 806425388, 500258714, 646882359.
2018-11-13 00:03:00,145 19646  INFO  [85450d] Finished processing user request with id = 85450d52-fcdf-4c8c-ab34-d5f2ed4e720b in 00:00:00.0510944.
2018-11-13 00:03:00,146 19647  INFO  [552055] Here's some useful guids:
		c9a8109b-2c32-4bbf-8524-9af53def197d
		8ac35659-5e88-4ad7-a936-0f54ab203df6
		ac2a8121-2e2d-4e00-9108-9a9b8497f85f
		e3d9c09d-2051-4cf1-973f-2b9264ee8c07
2018-11-13 00:03:00,160 19661  INFO  [BackgroundDaemon] Starting iteration #15484.
2018-11-13 00:03:00,173 19674  INFO  [82ca7c] Started processing user request. Id = 82ca7ca4-409f-4fad-8187-5f0f4892bb28. Size = 75.43 KB.
2018-11-13 00:03:00,174 19675  INFO  [552055] Finished processing user request with id = 552055ad-0be9-432a-a834-d1164c2201b6 in 00:00:00.0469576.
2018-11-13 00:03:00,177 19678  INFO  [f64028] Started processing user request. Id = f64028ea-c811-4dd1-a375-65ef9a828c0e. Size = 49.52 KB.
2018-11-13 00:03:00,180 19681  INFO  [82ca7c] Doing some complicated stuff.. Random numbers are: 123608187, 1895622401, 1079496925.
2018-11-13 00:03:00,182 19683  INFO  [f64028] Doing some complicated stuff.. Random numbers are: 1694775205, 1108015096, 1689000922.
2018-11-13 00:03:00,187 19688  INFO  [77f187] Started processing user request. Id = 77f187eb-8ff4-4516-84d2-52890fefa9f6. Size = 51.94 KB.
2018-11-13 00:03:00,201 19702  INFO  [77f187] Doing some complicated stuff.. Random numbers are: 788288716, 1712272442, 290093617.
2018-11-13 00:03:00,202 19703  INFO  [82ca7c] Here's some useful guids:
		49bdab3b-d32d-490a-9d64-7fd35b000ba2
2018-11-13 00:03:00,204 19705  INFO  [77f187] Here's some useful guids:
		6e29d918-3e9a-4a7a-97a8-179a666a67a7
2018-11-13 00:03:00,215 19716  INFO  [f64028] Finished processing user request with id = f64028ea-c811-4dd1-a375-65ef9a828c0e in 00:00:00.0381038.
2018-11-13 00:03:00,220 19721  INFO  [82ca7c] Finished processing user request with id = 82ca7ca4-409f-4fad-8187-5f0f4892bb28 in 00:00:00.0471705.
2018-11-13 00:03:00,225 19726  INFO  [BackgroundDaemon] Processing data (0% completed)..
2018-11-13 00:03:00,233 19734  INFO  [77f187] Finished processing user request with id = 77f187eb-8ff4-4516-84d2-52890fefa9f6 in 00:00:00.0459344.
2018-11-13 00:03:00,246 19748  INFO  [5ecb35] Started processing user request. Id = 5ecb356e-0c93-48d1-aead-f9653b238d7a. Size = 4.73 KB.
2018-11-13 00:03:00,246 19748  INFO  [785cb2] Started processing user request. Id = 785cb28f-9dd1-4be4-8eb6-cc6fe2c3b11f. Size = 7.49 KB.
2018-11-13 00:03:00,252 19754  INFO  [5ecb35] Doing some complicated stuff.. Random numbers are: 1283827573, 1673499200, 704786166.
2018-11-13 00:03:00,266 19767  INFO  [785cb2] Doing some complicated stuff.. Random numbers are: 350223588, 369899152, 413528539.
2018-11-13 00:03:00,275 19776  INFO  [5ecb35] Here's some useful guids:
		a5d23b07-a43e-49ff-91cf-1a023e1080ce
2018-11-13 00:03:00,275 19776  INFO  [785cb2] Here's some useful guids:
		72a4d36e-5c0d-40d1-b802-3de660089861
2018-11-13 00:03:00,289 19791  INFO  [785cb2] Finished processing user request with id = 785cb28f-9dd1-4be4-8eb6-cc6fe2c3b11f in 00:00:00.0429961.
2018-11-13 00:03:00,289 19791  INFO  [Metrics] Cpu: 0.00%; Memory: 19.79 GB/31.88 GB; Workers: 4/1024; IOCP: 0/1024
2018-11-13 00:03:00,290 19792  INFO  [5ecb35] Finished processing user request with id = 5ecb356e-0c93-48d1-aead-f9653b238d7a in 00:00:00.0439896.
2018-11-13 00:03:00,304 19805  INFO  [a7f625] Started processing user request. Id = a7f625be-a523-445d-bdff-bb411a82547d. Size = 9.77 KB.
2018-11-13 00:03:00,310 19811  INFO  [a7f625] Doing some complicated stuff.. Random numbers are: 1371573445, 456631430, 602563765.
2018-11-13 00:03:00,321 19822  INFO  [609312] Started processing user request. Id = 6093126d-d9c4-4515-bab3-c8ba766b676b. Size = 25.91 KB.
2018-11-13 00:03:00,323 19824  INFO  [BackgroundDaemon] Processing data (21% completed)..
2018-11-13 00:03:00,330 19831  INFO  [609312] Doing some complicated stuff.. Random numbers are: 2021105685, 1763572250, 1412915915.
2018-11-13 00:03:00,341 19842  INFO  [a7f625] Here's some useful guids:
		17daf533-9c2e-43cc-8e8b-27aeba3bb5a7
		fb021388-423b-4980-a43a-0a5192035078
		784abfe6-74b7-45f7-933b-d1047916e4c9
		84ea6f7e-81d2-4f76-b881-f54fd3cc1024
2018-11-13 00:03:00,347 19848  INFO  [609312] Here's some useful guids:
		397f7ecf-1d84-4ad8-a92e-8115d7bcf2f0
		304fe709-15ba-4418-a18e-f704cd58bafa
2018-11-13 00:03:00,367 19868  INFO  [a7f625] Finished processing user request with id = a7f625be-a523-445d-bdff-bb411a82547d in 00:00:00.0632003.
2018-11-13 00:03:00,372 19873  INFO  [609312] Finished processing user request with id = 6093126d-d9c4-4515-bab3-c8ba766b676b in 00:00:00.0511739.
2018-11-13 00:03:00,381 19882  INFO  [6c373e] Started processing user request. Id = 6c373e58-2d41-4051-a368-10e547c26a6a. Size = 40.12 KB.
2018-11-13 00:03:00,388 19889  INFO  [be8038] Started processing user request. Id = be8038db-9fa0-49ad-822c-ff42d3bb171c. Size = 30.78 KB.
2018-11-13 00:03:00,392 19893  INFO  [BackgroundDaemon] Processing data (68% completed)..
2018-11-13 00:03:00,392 19893  INFO  [BackgroundDaemon] Finished iteration in 00:00:00.2320761.
2018-11-13 00:03:00,393 19894  INFO  [be8038] Doing some complicated stuff.. Random numbers are: 178185922, 1735556033, 1650340626.
2018-11-13 00:03:00,396 19898  INFO  [6c373e] Doing some complicated stuff.. Random numbers are: 1899970172, 907188209, 1713387132.
2018-11-13 00:03:00,403 19905  INFO  [5911de] Started processing user request. Id = 5911dec8-3f6c-4c1a-881f-8ad43f965122. Size = 55.06 KB.
2018-11-13 00:03:00,421 19922  INFO  [5911de] Doing some complicated stuff.. Random numbers are: 1664263632, 106236764, 394343554.
2018-11-13 00:03:00,422 19923  INFO  [be8038] Finished processing user request with id = be8038db-9fa0-49ad-822c-ff42d3bb171c in 00:00:00.0338705.
2018-11-13 00:03:00,438 19939  ERROR [6c373e] 
System.InvalidOperationException: Oh no! An error occurred!
2018-11-13 00:03:00,451 19953  INFO  [2e3f3d] Started processing user request. Id = 2e3f3dcf-3102-4842-a64e-4b7f8de61b96. Size = 83.18 KB.
2018-11-13 00:03:00,463 19964  INFO  [5911de] Finished processing user request with id = 5911dec8-3f6c-4c1a-881f-8ad43f965122 in 00:00:00.0590600.
2018-11-13 00:03:00,471 19972  INFO  [2e3f3d] Doing some complicated stuff.. Random numbers are: 451348643, 1581546536, 868194741.
2018-11-13 00:03:00,493 19994  INFO  [2e3f3d] Finished processing user request with id = 2e3f3dcf-3102-4842-a64e-4b7f8de61b96 in 00:00:00.0411504.
2018-11-13 00:03:00,494 19995  INFO  [e55033] Started processing user request. Id = e55033f9-85b8-43c5-896d-f4a0b1f807b3. Size = 70.67 KB.
2018-11-13 00:03:00,496 19997  INFO  [e55033] Doing some complicated stuff.. Random numbers are: 603278816, 1960608760, 1769207289.
2018-11-13 00:03:00,507 20008  INFO  [deb531] Started processing user request. Id = deb531f7-bb92-4b74-acd4-7f5583ee0ec2. Size = 88.8 KB.
2018-11-13 00:03:00,521 20022  INFO  [deb531] Doing some complicated stuff.. Random numbers are: 603162830, 108838088, 386196756.
2018-11-13 00:03:00,523 20024  INFO  [deb531] Here's some useful guids:
		3785ea70-863e-430c-9c85-aa8bf7149205
		7e434f76-1edf-49ac-b664-1b60ae85333a
2018-11-13 00:03:00,525 20026  INFO  [deb531] Finished processing user request with id = deb531f7-bb92-4b74-acd4-7f5583ee0ec2 in 00:00:00.0181758.
2018-11-13 00:03:00,530 20031  INFO  [e55033] Finished processing user request with id = e55033f9-85b8-43c5-896d-f4a0b1f807b3 in 00:00:00.0361786.
2018-11-13 00:03:00,539 20040  INFO  [e2c36f] Started processing user request. Id = e2c36ff1-ef2d-43a4-8df0-b0f9cd1d9d21. Size = 50.72 KB.
2018-11-13 00:03:00,547 20048  INFO  [e2c36f] Doing some complicated stuff.. Random numbers are: 1490239035, 1103333088, 525657406.
2018-11-13 00:03:00,561 20062  INFO  [2c703d] Started processing user request. Id = 2c703da6-a1de-4342-bb21-96a4786aec41. Size = 96.13 KB.
2018-11-13 00:03:00,565 20066  INFO  [2c703d] Doing some complicated stuff.. Random numbers are: 1847732970, 732004610, 90537760.
2018-11-13 00:03:00,585 20086  INFO  [e2c36f] Finished processing user request with id = e2c36ff1-ef2d-43a4-8df0-b0f9cd1d9d21 in 00:00:00.0460421.
2018-11-13 00:03:00,589 20090  INFO  [fd917b] Started processing user request. Id = fd917b57-466d-45d3-8bbb-690fcfacb308. Size = 90.22 KB.
2018-11-13 00:03:00,592 20093  INFO  [BackgroundDaemon] Starting iteration #15485.
2018-11-13 00:03:00,599 20100  INFO  [b68fd4] Started processing user request. Id = b68fd4ca-569a-4e53-94b9-26eaea922756. Size = 17.21 KB.
2018-11-13 00:03:00,605 20106  INFO  [fd917b] Doing some complicated stuff.. Random numbers are: 963601843, 885308068, 188322285.
2018-11-13 00:03:00,612 20113  INFO  [2c703d] Finished processing user request with id = 2c703da6-a1de-4342-bb21-96a4786aec41 in 00:00:00.0511578.
2018-11-13 00:03:00,618 20119  INFO  [b68fd4] Doing some complicated stuff.. Random numbers are: 1186478660, 105264776, 1596239140.
2018-11-13 00:03:00,632 20133  INFO  [fd917b] Here's some useful guids:
		781f15f5-5721-4318-8938-0a1c3998c8e0
		4cb4b057-afb3-4c2a-a8cd-d4390b83c29a
2018-11-13 00:03:00,644 20145  INFO  [edd93b] Started processing user request. Id = edd93bf7-2009-45a3-88c6-5da2990f1a82. Size = 46.26 KB.
2018-11-13 00:03:00,647 20148  INFO  [edd93b] Doing some complicated stuff.. Random numbers are: 197424253, 1076651858, 1338568883.
2018-11-13 00:03:00,654 20155  INFO  [b68fd4] Finished processing user request with id = b68fd4ca-569a-4e53-94b9-26eaea922756 in 00:00:00.0544950.
2018-11-13 00:03:00,655 20156  ERROR [fd917b] 
System.InvalidOperationException: Oh no! An error occurred!
2018-11-13 00:03:00,667 20168  INFO  [3cf6c8] Started processing user request. Id = 3cf6c83a-4e87-4e88-9df5-d6c621ed92b5. Size = 55.1 KB.
2018-11-13 00:03:00,671 20173  INFO  [3cf6c8] Doing some complicated stuff.. Random numbers are: 397482297, 1056757070, 322047373.
2018-11-13 00:03:00,675 20176  INFO  [edd93b] Here's some useful guids:
		391b35e2-f8e1-4eb9-8aa5-6f734cc94440
		6edacfa9-06cc-4ea8-8bdd-4d76010e8ec6
		dea31f26-706b-4281-a72d-a36e8364810d
		dcb2bd7c-8b2a-4c5b-8c99-fa58839d57f6
		34ccaed9-4b66-43c5-94bc-971942c1acdd
2018-11-13 00:03:00,680 20181  INFO  [BackgroundDaemon] Processing data (16% completed)..
2018-11-13 00:03:00,681 20182  INFO  [edd93b] Finished processing user request with id = edd93bf7-2009-45a3-88c6-5da2990f1a82 in 00:00:00.0371660.
2018-11-13 00:03:00,708 20209  ERROR [3cf6c8] 
System.InvalidOperationException: Oh no! An error occurred!
2018-11-13 00:03:00,713 20214  INFO  [f587d7] Started processing user request. Id = f587d714-9bdd-45c4-be0a-0d0cecd7891e. Size = 11.15 KB.
2018-11-13 00:03:00,721 20223  INFO  [2405ff] Started processing user request. Id = 2405ff68-00cd-4e36-a85c-09c06441f855. Size = 35.14 KB.
2018-11-13 00:03:00,732 20234  INFO  [f587d7] Doing some complicated stuff.. Random numbers are: 1007469715, 1176994756, 1284582215.
2018-11-13 00:03:00,733 20235  INFO  [2405ff] Doing some complicated stuff.. Random numbers are: 1805869953, 518405641, 1216681787.
2018-11-13 00:03:00,738 20240  INFO  [BackgroundDaemon] Processing data (46% completed)..
2018-11-13 00:03:00,762 20263  ERROR [f587d7] 
System.InvalidOperationException: Oh no! An error occurred!
2018-11-13 00:03:00,762 20263  INFO  [2405ff] Here's some useful guids:
		dd871c60-122a-4a28-a59c-07e749e8b2e5
		e51a5509-201f-4667-b1ae-3336f5f12d4e
		df66c392-9071-4ee5-b8b2-c53a66cc2372
		4796698d-e664-4651-a227-8fb3f9089f5c
		f6e40493-1b09-451c-9992-8cf3b7668661
2018-11-13 00:03:00,781 20282  INFO  [2405ff] Finished processing user request with id = 2405ff68-00cd-4e36-a85c-09c06441f855 in 00:00:00.0598811.
2018-11-13 00:03:00,789 20290  INFO  [Metrics] Cpu: 0.00%; Memory: 19.79 GB/31.88 GB; Workers: 4/1024; IOCP: 0/1024
2018-11-13 00:03:00,793 20294  INFO  [d56c69] Started processing user request. Id = d56c698f-5ffd-4c7c-b69b-f83acfc9d63d. Size = 54.61 KB.
2018-11-13 00:03:00,795 20296  INFO  [61047e] Started processing user request. Id = 61047ece-17c1-44c4-8b41-8603f7e7928b. Size = 43.18 KB.
2018-11-13 00:03:00,796 20297  INFO  [d56c69] Doing some complicated stuff.. Random numbers are: 819471486, 1755373156, 1887300233.
2018-11-13 00:03:00,814 20315  INFO  [61047e] Doing some complicated stuff.. Random numbers are: 23301167, 1557326890, 1606198992.
2018-11-13 00:03:00,818 20320  INFO  [d56c69] Here's some useful guids:
		5b4d4768-61eb-4d7c-8ae9-dda5e9158d3e
		797f16d3-d47e-4d5c-a6b6-9c0f05c02d0d
		480f7bc3-2767-4b6a-8a53-40f2eca3a951
		8ef6429f-4c2b-431c-bff3-a353f49a970f
2018-11-13 00:03:00,822 20324  INFO  [BackgroundDaemon] Processing data (90% completed)..
2018-11-13 00:03:00,822 20324  INFO  [BackgroundDaemon] Finished iteration in 00:00:00.2304498.
2018-11-13 00:03:00,822 20324  INFO  [a278ea] Started processing user request. Id = a278eaac-ecc0-43c6-abbf-5f7d74d029fd. Size = 56.05 KB.
2018-11-13 00:03:00,827 20329  INFO  [a278ea] Doing some complicated stuff.. Random numbers are: 1635406237, 1736014572, 707569120.
2018-11-13 00:03:00,829 20331  INFO  [61047e] Here's some useful guids:
		6db7528f-c3f5-4b2b-be1f-0d94edb752cf
		7720f1f7-eb30-4385-ab23-67de49f69630
		b1cb3825-2dea-48f9-a58d-c62283de4288
		7b4f1540-c558-4376-a88b-41371284477f
2018-11-13 00:03:00,840 20341  INFO  [61047e] Finished processing user request with id = 61047ece-17c1-44c4-8b41-8603f7e7928b in 00:00:00.0453761.
2018-11-13 00:03:00,842 20343  INFO  [d56c69] Finished processing user request with id = d56c698f-5ffd-4c7c-b69b-f83acfc9d63d in 00:00:00.0489405.
2018-11-13 00:03:00,853 20354  INFO  [7e809a] Started processing user request. Id = 7e809a49-404e-4451-b04d-59946738a154. Size = 52.76 KB.
2018-11-13 00:03:00,856 20357  INFO  [a278ea] Finished processing user request with id = a278eaac-ecc0-43c6-abbf-5f7d74d029fd in 00:00:00.0336761.
2018-11-13 00:03:00,870 20371  INFO  [7e809a] Doing some complicated stuff.. Random numbers are: 1074906733, 244949113, 626443057.
2018-11-13 00:03:00,873 20374  INFO  [ed059f] Started processing user request. Id = ed059fea-ca69-4bcf-8036-2d97e598f5b8. Size = 79.96 KB.
2018-11-13 00:03:00,879 20380  INFO  [ed059f] Doing some complicated stuff.. Random numbers are: 901147830, 430320004, 343676213.
2018-11-13 00:03:00,888 20389  INFO  [ed059f] Here's some useful guids:
		79b1f07f-b932-4d1d-91e0-68de6eb9d722
		039bbcc2-6376-4244-aab9-3eac63476972
		9318913b-e24f-4330-862b-ea6cd7da0bad
2018-11-13 00:03:00,895 20396  INFO  [ed059f] Finished processing user request with id = ed059fea-ca69-4bcf-8036-2d97e598f5b8 in 00:00:00.0222006.
2018-11-13 00:03:00,927 20428  INFO  [6578a9] Started processing user request. Id = 6578a9c4-3f7b-4e66-b0dc-5087afcc4116. Size = 55.4 KB.
2018-11-13 00:03:00,927 20428  INFO  [7e809a] Finished processing user request with id = 7e809a49-404e-4451-b04d-59946738a154 in 00:00:00.0736013.
2018-11-13 00:03:00,939 20440  INFO  [6578a9] Doing some complicated stuff.. Random numbers are: 1874881062, 472939396, 1359198067.
2018-11-13 00:03:00,941 20442  INFO  [fb9dd0] Started processing user request. Id = fb9dd0c7-4074-41fe-a4e4-e8e9a0d4926e. Size = 19.66 KB.
2018-11-13 00:03:00,960 20461  INFO  [fb9dd0] Doing some complicated stuff.. Random numbers are: 1339964323, 205753799, 1712961094.
2018-11-13 00:03:00,971 20472  INFO  [6578a9] Finished processing user request with id = 6578a9c4-3f7b-4e66-b0dc-5087afcc4116 in 00:00:00.0440263.
2018-11-13 00:03:00,988 20490  ERROR [fb9dd0] 
System.InvalidOperationException: Oh no! An error occurred!
2018-11-13 00:03:01,002 20503  INFO  [ed7eb6] Started processing user request. Id = ed7eb645-a8dd-4b81-9470-45f380d8d330. Size = 25.74 KB.
2018-11-13 00:03:01,002 20503  INFO  [7da063] Started processing user request. Id = 7da06303-5071-4ee4-9530-e9b911c6eb0f. Size = 40.72 KB.
2018-11-13 00:03:01,017 20519  INFO  [ed7eb6] Doing some complicated stuff.. Random numbers are: 593098949, 493708209, 1388860078.
2018-11-13 00:03:01,018 20520  INFO  [7da063] Doing some complicated stuff.. Random numbers are: 1489074594, 1933061225, 1147772668.
2018-11-13 00:03:01,023 20524  INFO  [BackgroundDaemon] Starting iteration #15486.
2018-11-13 00:03:01,024 20525  INFO  [02e096] Started processing user request. Id = 02e0966f-2b26-45c7-9a30-e35b5d6b4b88. Size = 9.24 KB.
2018-11-13 00:03:01,035 20536  INFO  [ed7eb6] Here's some useful guids:
		f6d8e36a-63e8-42be-be82-a24f741dabad
2018-11-13 00:03:01,037 20538  INFO  [02e096] Doing some complicated stuff.. Random numbers are: 1042580136, 334819730, 642941897.
2018-11-13 00:03:01,040 20541  INFO  [7da063] Here's some useful guids:
		0ef5eb29-5287-421e-a09d-c6b231d170b5
		1fe8582a-e6b6-4d27-ae74-1de1cf1f220d
		8952563c-4cf6-4154-bab3-7c3594bd8b7b
		d5b200ae-35a9-4bc1-95b9-6daadd258038
		a4a76c21-88ba-4578-8586-db15de28f77d
2018-11-13 00:03:01,044 20545  INFO  [ed7eb6] Finished processing user request with id = ed7eb645-a8dd-4b81-9470-45f380d8d330 in 00:00:00.0419275.
2018-11-13 00:03:01,052 20553  INFO  [BackgroundDaemon] Processing data (10% completed)..
2018-11-13 00:03:01,056 20557  INFO  [7da063] Finished processing user request with id = 7da06303-5071-4ee4-9530-e9b911c6eb0f in 00:00:00.0534750.
2018-11-13 00:03:01,069 20570  INFO  [69e7a2] Started processing user request. Id = 69e7a2bb-45d3-4af4-b343-dd1dd5d18e38. Size = 42.9 KB.
2018-11-13 00:03:01,071 20572  INFO  [69e7a2] Doing some complicated stuff.. Random numbers are: 1482804702, 344387052, 1154374877.
2018-11-13 00:03:01,072 20573  ERROR [02e096] 
System.InvalidOperationException: Oh no! An error occurred!
2018-11-13 00:03:01,076 20577  INFO  [12359d] Started processing user request. Id = 12359d30-2089-4e04-9a12-b412997bbc9f. Size = 91.49 KB.
2018-11-13 00:03:01,083 20584  INFO  [12359d] Doing some complicated stuff.. Random numbers are: 92544450, 1190655262, 1569064706.
2018-11-13 00:03:01,089 20591  INFO  [69e7a2] Here's some useful guids:
		c32c814e-2205-430c-9e8f-ca67d616c190
		7b7f71ab-dbae-4578-aa06-cc508486578c
		8816f0b9-074a-4fbc-9cbb-55b1030ec455
2018-11-13 00:03:01,092 20593  INFO  [69e7a2] Finished processing user request with id = 69e7a2bb-45d3-4af4-b343-dd1dd5d18e38 in 00:00:00.0234458.
2018-11-13 00:03:01,095 20596  INFO  [BackgroundDaemon] Processing data (35% completed)..
2018-11-13 00:03:01,106 20607  INFO  [e43566] Started processing user request. Id = e4356686-5b6e-4cb9-84a6-8612da0a8363. Size = 93.21 KB.
2018-11-13 00:03:01,121 20622  INFO  [12359d] Finished processing user request with id = 12359d30-2089-4e04-9a12-b412997bbc9f in 00:00:00.0450201.
2018-11-13 00:03:01,124 20625  INFO  [e43566] Doing some complicated stuff.. Random numbers are: 1948880475, 829498840, 1757709955.
2018-11-13 00:03:01,141 20642  INFO  [e43566] Here's some useful guids:
		3b2d7530-1ded-481a-8110-624bf380a762
		b6f3878e-ca58-45c7-a98d-3c26cc4e8810
		65e444cc-1216-429f-b1c6-efe43b1638a8
		e849acfc-2f51-48f5-b457-453b7d57d0d0
		01056d3e-b2eb-458e-a49a-2bd34962fdbc
2018-11-13 00:03:01,153 20654  INFO  [8c75c5] Started processing user request. Id = 8c75c51d-547f-4231-beda-8501600f0284. Size = 30.34 KB.
2018-11-13 00:03:01,160 20661  INFO  [8c75c5] Doing some complicated stuff.. Random numbers are: 578006678, 203254392, 1175201819.
2018-11-13 00:03:01,168 20669  INFO  [e43566] Finished processing user request with id = e4356686-5b6e-4cb9-84a6-8612da0a8363 in 00:00:00.0616320.
2018-11-13 00:03:01,181 20682  INFO  [ffbb4a] Started processing user request. Id = ffbb4aaf-a2c8-48ca-9c03-12e7e30e70be. Size = 39.67 KB.
2018-11-13 00:03:01,183 20684  INFO  [ffbb4a] Doing some complicated stuff.. Random numbers are: 1782002427, 1128492595, 429383839.
2018-11-13 00:03:01,185 20686  INFO  [BackgroundDaemon] Processing data (76% completed)..
2018-11-13 00:03:01,185 20686  INFO  [BackgroundDaemon] Finished iteration in 00:00:00.1625674.
2018-11-13 00:03:01,191 20692  INFO  [8c75c5] Here's some useful guids:
		c3a7f13b-32f4-497d-8352-09450d815bff
		62bb5cef-2c3a-4d02-9d91-210c081c506c
		2f59be4f-afa9-456f-a107-c3f3cee1cff1
		85ec2806-5007-4d33-9c2a-9a332db3bdc0
		9df44cf1-8c33-402c-9f2e-193f6d695646
2018-11-13 00:03:01,199 20700  INFO  [8c75c5] Finished processing user request with id = 8c75c51d-547f-4231-beda-8501600f0284 in 00:00:00.0464028.
2018-11-13 00:03:01,223 20724  INFO  [ffbb4a] Finished processing user request with id = ffbb4aaf-a2c8-48ca-9c03-12e7e30e70be in 00:00:00.0417941.
2018-11-13 00:03:01,230 20732  INFO  [f31cbb] Started processing user request. Id = f31cbb94-0234-48ff-96f1-cced493145f3. Size = 18.11 KB.
2018-11-13 00:03:01,236 20737  INFO  [71bb92] Started processing user request. Id = 71bb9224-0fe3-4516-9908-6f3640caf6ed. Size = 95.67 KB.
2018-11-13 00:03:01,239 20740  INFO  [f31cbb] Doing some complicated stuff.. Random numbers are: 1807512860, 1562069434, 140265552.
2018-11-13 00:03:01,240 20741  INFO  [6022d2] Started processing user request. Id = 6022d2f3-9c63-4146-8f64-f9577dd29b64. Size = 91.82 KB.
2018-11-13 00:03:01,246 20747  INFO  [6022d2] Doing some complicated stuff.. Random numbers are: 2146136869, 1505746078, 1795565481.
2018-11-13 00:03:01,246 20747  INFO  [6022d2] Here's some useful guids:
		ee5c6ced-a8da-405c-8dbf-77d24c8c7905
		0b8c7658-d184-4d59-9ab6-258e64f629f8
2018-11-13 00:03:01,249 20750  INFO  [71bb92] Doing some complicated stuff.. Random numbers are: 789794783, 256054797, 660714173.
2018-11-13 00:03:01,255 20756  ERROR [6022d2] 
System.InvalidOperationException: Oh no! An error occurred!
2018-11-13 00:03:01,260 20761  INFO  [f31cbb] Here's some useful guids:
		bce0c173-9202-49c2-898e-3c0d181085c7
		7bf64f93-7358-49cb-8497-1ab7f7d2e909
		4c00b972-2865-4e73-a758-34dea1d17cb7
2018-11-13 00:03:01,262 20764  INFO  [f31cbb] Finished processing user request with id = f31cbb94-0234-48ff-96f1-cced493145f3 in 00:00:00.0319600.
2018-11-13 00:03:01,285 20787  INFO  [71bb92] Finished processing user request with id = 71bb9224-0fe3-4516-9908-6f3640caf6ed in 00:00:00.0490810.
2018-11-13 00:03:01,288 20790  INFO  [Metrics] Cpu: 0.00%; Memory: 19.79 GB/31.88 GB; Workers: 4/1024; IOCP: 0/1024
2018-11-13 00:03:01,293 20795  INFO  [732517] Started processing user request. Id = 732517bb-9119-4859-92f9-dd0454a9a6df. Size = 75.92 KB.
2018-11-13 00:03:01,299 20800  INFO  [5492b3] Started processing user request. Id = 5492b354-d441-4c4a-9538-ea005eb9c08c. Size = 8.48 KB.
2018-11-13 00:03:01,308 20809  INFO  [732517] Doing some complicated stuff.. Random numbers are: 252658132, 32605756, 540752923.
2018-11-13 00:03:01,312 20813  INFO  [5492b3] Doing some complicated stuff.. Random numbers are: 874600509, 1793353476, 1294097784.
2018-11-13 00:03:01,320 20821  INFO  [732517] Here's some useful guids:
		0f26a475-85e0-4ff3-aa5a-0ca396312bca
		29d26be9-9cc4-4501-ae7c-0b390bc8c792
		b2a72dc2-628b-405b-bdab-7559116d252c
2018-11-13 00:03:01,320 20821  INFO  [732517] Finished processing user request with id = 732517bb-9119-4859-92f9-dd0454a9a6df in 00:00:00.0260384.
2018-11-13 00:03:01,351 20852  INFO  [b8ca34] Started processing user request. Id = b8ca3489-995f-42a9-a767-e61a15a3dd1a. Size = 80.05 KB.
2018-11-13 00:03:01,361 20862  ERROR [5492b3] 
System.InvalidOperationException: Oh no! An error occurred!
2018-11-13 00:03:01,366 20867  INFO  [b8ca34] Doing some complicated stuff.. Random numbers are: 1583948439, 2016888356, 432131496.
2018-11-13 00:03:01,374 20875  INFO  [5270cb] Started processing user request. Id = 5270cbe8-f3f3-4300-9e62-83244c84b4d1. Size = 30.14 KB.
2018-11-13 00:03:01,376 20877  INFO  [5270cb] Doing some complicated stuff.. Random numbers are: 194863166, 624680602, 1447107822.
2018-11-13 00:03:01,379 20881  INFO  [5270cb] Here's some useful guids:
		72c5fd61-1ca0-4187-99d0-9e113c6c5e7f
2018-11-13 00:03:01,386 20887  INFO  [BackgroundDaemon] Starting iteration #15487.
2018-11-13 00:03:01,391 20892  INFO  [5270cb] Finished processing user request with id = 5270cbe8-f3f3-4300-9e62-83244c84b4d1 in 00:00:00.0169835.
2018-11-13 00:03:01,397 20898  INFO  [b8ca34] Finished processing user request with id = b8ca3489-995f-42a9-a767-e61a15a3dd1a in 00:00:00.0460514.
2018-11-13 00:03:01,405 20906  INFO  [a2c7e6] Started processing user request. Id = a2c7e6c4-cba5-45b5-8557-2590a4da0d02. Size = 16.19 KB.
2018-11-13 00:03:01,423 20924  INFO  [eec792] Started processing user request. Id = eec79250-4196-4c98-8328-d6552ca58590. Size = 95.19 KB.
2018-11-13 00:03:01,424 20925  INFO  [a2c7e6] Doing some complicated stuff.. Random numbers are: 28729540, 979451170, 1617014473.
2018-11-13 00:03:01,428 20929  INFO  [eec792] Doing some complicated stuff.. Random numbers are: 436799131, 627362162, 1002886873.
2018-11-13 00:03:01,429 20930  INFO  [12b4e1] Started processing user request. Id = 12b4e116-8667-4703-8e4d-d327c31484e2. Size = 43.26 KB.
2018-11-13 00:03:01,430 20931  INFO  [a2c7e6] Here's some useful guids:
		cfe1107a-c660-4978-853e-204f05563b7d
2018-11-13 00:03:01,434 20935  INFO  [12b4e1] Doing some complicated stuff.. Random numbers are: 929838012, 433466881, 1993611823.
2018-11-13 00:03:01,434 20935  INFO  [eec792] Here's some useful guids:
		7a8404bd-382d-40dc-986d-fa664773dfab
		ffb2cc24-5705-4b58-8b3a-87e363db9023
		a5281ce1-a5f9-4abe-8773-96cb3d40c52c
		099a6541-20ce-4199-8020-9207a1223b85
		4b653f91-fc59-4673-afff-8f27897801bc
2018-11-13 00:03:01,443 20944  INFO  [12b4e1] Finished processing user request with id = 12b4e116-8667-4703-8e4d-d327c31484e2 in 00:00:00.0139724.
2018-11-13 00:03:01,447 20948  INFO  [a2c7e6] Finished processing user request with id = a2c7e6c4-cba5-45b5-8557-2590a4da0d02 in 00:00:00.0423011.
2018-11-13 00:03:01,450 20951  INFO  [eec792] Finished processing user request with id = eec79250-4196-4c98-8328-d6552ca58590 in 00:00:00.0275102.
2018-11-13 00:03:01,453 20955  INFO  [BackgroundDaemon] Processing data (17% completed)..
2018-11-13 00:03:01,460 20961  INFO  [53a570] Started processing user request. Id = 53a57057-c608-4d17-8441-c0b083b8d0e1. Size = 58.87 KB.
2018-11-13 00:03:01,474 20975  INFO  [5d949e] Started processing user request. Id = 5d949ec6-ecd5-498d-b8ad-6491e35fde65. Size = 95.96 KB.
2018-11-13 00:03:01,474 20975  INFO  [5d949e] Doing some complicated stuff.. Random numbers are: 626709166, 1859792497, 1718369981.
2018-11-13 00:03:01,477 20979  INFO  [53a570] Doing some complicated stuff.. Random numbers are: 1926804010, 2005597368, 1023102262.
2018-11-13 00:03:01,507 21008  INFO  [53a570] Here's some useful guids:
		b35efa9e-b654-47a3-90a5-4775f8a174c1
		c69672d7-40d8-415f-83e9-b5dc5451b710
		e5a55acd-394c-4921-82d3-153af1e8996c
		bf32fc48-0842-4ea9-8df8-0e575cd7866b
		d2ae07af-bbce-4224-a238-abd82bc3071b
2018-11-13 00:03:01,510 21011  INFO  [5d949e] Here's some useful guids:
		b76e3900-03ea-49bb-bdef-90d9cc58af62
		4876bf6d-061e-421e-9ea1-2533dc5030fa
		3252de6b-7b1a-4750-ac13-bb5774204ec7
2018-11-13 00:03:01,516 21018  INFO  [5d949e] Finished processing user request with id = 5d949ec6-ecd5-498d-b8ad-6491e35fde65 in 00:00:00.0425286.
2018-11-13 00:03:01,525 21026  INFO  [53a570] Finished processing user request with id = 53a57057-c608-4d17-8441-c0b083b8d0e1 in 00:00:00.0641299.
2018-11-13 00:03:01,538 21039  INFO  [c7d73d] Started processing user request. Id = c7d73dca-2f33-44cd-bb8b-a1c32464da12. Size = 97.93 KB.
2018-11-13 00:03:01,544 21045  INFO  [BackgroundDaemon] Processing data (32% completed)..
2018-11-13 00:03:01,548 21049  INFO  [3d0877] Started processing user request. Id = 3d0877e4-f43f-4971-918c-da72936e9f2f. Size = 82.72 KB.
2018-11-13 00:03:01,549 21050  INFO  [c7d73d] Doing some complicated stuff.. Random numbers are: 1464164034, 1296209967, 1487338638.
2018-11-13 00:03:01,554 21055  INFO  [3d0877] Doing some complicated stuff.. Random numbers are: 1583389701, 1926822819, 2116925443.
2018-11-13 00:03:01,559 21060  INFO  [3d0877] Here's some useful guids:
		c1b0d45b-84ea-4014-83f3-14177dee0e92
		82389c27-79c9-4025-8ba3-bd182605ef88
		aecfe0d1-cf06-4910-8198-22d749fbf28f
2018-11-13 00:03:01,571 21072  INFO  [c7d73d] Here's some useful guids:
		b1f42b1e-0b20-4f25-842e-49a3df884752
		84fc1231-0015-4594-929d-729598685fab
		f393036b-b9da-4226-b223-469e21adb17b
		a19daa1d-bdd0-4cc6-a2af-4ab0f2fdf09a
2018-11-13 00:03:01,580 21081  ERROR [3d0877] 
System.InvalidOperationException: Oh no! An error occurred!
2018-11-13 00:03:01,600 21101  INFO  [c7d73d] Finished processing user request with id = c7d73dca-2f33-44cd-bb8b-a1c32464da12 in 00:00:00.0624115.
2018-11-13 00:03:01,612 21113  INFO  [90d13d] Started processing user request. Id = 90d13dd0-1265-44a6-8905-42e64bf47bee. Size = 51.64 KB.
2018-11-13 00:03:01,614 21115  INFO  [48ed14] Started processing user request. Id = 48ed145e-6a97-4c02-a9e7-b645a8da6ba2. Size = 76.73 KB.
2018-11-13 00:03:01,618 21119  INFO  [48ed14] Doing some complicated stuff.. Random numbers are: 326769481, 1390862710, 740483674.
2018-11-13 00:03:01,618 21119  INFO  [7d8490] Started processing user request. Id = 7d8490eb-3958-4121-bc2a-91ded166d44d. Size = 73.95 KB.
2018-11-13 00:03:01,627 21128  INFO  [90d13d] Doing some complicated stuff.. Random numbers are: 1161110274, 1615220304, 1738721478.
2018-11-13 00:03:01,628 21129  INFO  [BackgroundDaemon] Processing data (54% completed)..
2018-11-13 00:03:01,628 21129  INFO  [BackgroundDaemon] Finished iteration in 00:00:00.2420044.
2018-11-13 00:03:01,629 21130  INFO  [7d8490] Doing some complicated stuff.. Random numbers are: 2083614817, 1698781877, 1530962711.
2018-11-13 00:03:01,650 21151  INFO  [48ed14] Here's some useful guids:
		a8acc95f-3424-43ba-a219-3ae165076c57
2018-11-13 00:03:01,657 21158  INFO  [7d8490] Finished processing user request with id = 7d8490eb-3958-4121-bc2a-91ded166d44d in 00:00:00.0385035.
2018-11-13 00:03:01,664 21165  INFO  [90d13d] Finished processing user request with id = 90d13dd0-1265-44a6-8905-42e64bf47bee in 00:00:00.0518768.
2018-11-13 00:03:01,670 21171  INFO  [48ed14] Finished processing user request with id = 48ed145e-6a97-4c02-a9e7-b645a8da6ba2 in 00:00:00.0560882.
2018-11-13 00:03:01,683 21184  INFO  [dd691e] Started processing user request. Id = dd691eb7-293e-4f60-a588-f714e0ef6040. Size = 48.01 KB.
2018-11-13 00:03:01,695 21196  INFO  [7d72d0] Started processing user request. Id = 7d72d015-825f-47df-a190-3e948d4c87b1. Size = 18.58 KB.
2018-11-13 00:03:01,698 21200  INFO  [dd691e] Doing some complicated stuff.. Random numbers are: 864103338, 1590547773, 688752715.
2018-11-13 00:03:01,713 21214  INFO  [7d72d0] Doing some complicated stuff.. Random numbers are: 1043658056, 420752462, 845144418.
2018-11-13 00:03:01,717 21218  INFO  [dd691e] Here's some useful guids:
		de2fd876-6ddc-4d6a-b093-234ce74a24fc
2018-11-13 00:03:01,741 21242  ERROR [dd691e] 
System.InvalidOperationException: Oh no! An error occurred!
2018-11-13 00:03:01,754 21255  INFO  [9b6b5b] Started processing user request. Id = 9b6b5b9a-5372-49a0-a7d4-6203a49708a8. Size = 80.94 KB.
2018-11-13 00:03:01,759 21260  ERROR [7d72d0] 
System.InvalidOperationException: Oh no! An error occurred!
2018-11-13 00:03:01,765 21266  INFO  [9b6b5b] Doing some complicated stuff.. Random numbers are: 1150933755, 1987575238, 592279890.
2018-11-13 00:03:01,788 21289  INFO  [Metrics] Cpu: 0.00%; Memory: 19.79 GB/31.88 GB; Workers: 4/1024; IOCP: 0/1024
2018-11-13 00:03:01,790 21291  INFO  [9b6b5b] Here's some useful guids:
		dfdfbb5b-e29f-4481-b8a5-276d247d1f7c
		00474136-38e1-4edf-998a-73999844d3a6
		4e878bec-d394-4481-8309-58f648f2d07b
2018-11-13 00:03:01,791 21292  INFO  [807731] Started processing user request. Id = 80773165-1d7a-464e-a613-82f9ae7e3140. Size = 92.63 KB.
2018-11-13 00:03:01,807 21308  INFO  [807731] Doing some complicated stuff.. Random numbers are: 1985316181, 1301529992, 95057163.
2018-11-13 00:03:01,812 21313  INFO  [9b6b5b] Finished processing user request with id = 9b6b5b9a-5372-49a0-a7d4-6203a49708a8 in 00:00:00.0578779.
2018-11-13 00:03:01,824 21325  INFO  [5df100] Started processing user request. Id = 5df10035-b347-4613-b7ba-e630d3d11ddb. Size = 14.65 KB.
2018-11-13 00:03:01,826 21327  INFO  [d3ff79] Started processing user request. Id = d3ff7931-b01b-465f-9170-26393ba33c14. Size = 88.45 KB.
2018-11-13 00:03:01,828 21330  INFO  [BackgroundDaemon] Starting iteration #15488.
2018-11-13 00:03:01,835 21336  INFO  [d3ff79] Doing some complicated stuff.. Random numbers are: 326941394, 576567501, 2138177323.
2018-11-13 00:03:01,843 21344  INFO  [5df100] Doing some complicated stuff.. Random numbers are: 648410962, 228156563, 765458394.
2018-11-13 00:03:01,851 21352  INFO  [807731] Finished processing user request with id = 80773165-1d7a-464e-a613-82f9ae7e3140 in 00:00:00.0603242.
2018-11-13 00:03:01,852 21353  INFO  [BackgroundDaemon] Processing data (13% completed)..
2018-11-13 00:03:01,854 21355  INFO  [5df100] Here's some useful guids:
		4e86e20b-c23f-495c-a5c9-176099a75ef7
		7ecca421-cd2c-44d2-b8a6-5349e3d70d1a
		6472842a-6545-4e7a-96a7-0ded49952b9d
		895a4f98-5c5e-4537-9464-cb0ca4fed6b5
		98a97b57-e2fc-4647-ae58-ecf950133c3d
2018-11-13 00:03:01,857 21358  INFO  [d3ff79] Finished processing user request with id = d3ff7931-b01b-465f-9170-26393ba33c14 in 00:00:00.0311617.
2018-11-13 00:03:01,871 21372  INFO  [fdca77] Started processing user request. Id = fdca77a3-57f4-4070-a174-1e7b1f65622f. Size = 66.58 KB.
2018-11-13 00:03:01,880 21381  INFO  [5df100] Finished processing user request with id = 5df10035-b347-4613-b7ba-e630d3d11ddb in 00:00:00.0562201.
2018-11-13 00:03:01,882 21383  INFO  [BackgroundDaemon] Processing data (41% completed)..
2018-11-13 00:03:01,882 21383  INFO  [74bf63] Started processing user request. Id = 74bf63a6-1449-451f-ac54-a4a3227230f8. Size = 32.47 KB.
2018-11-13 00:03:01,885 21386  INFO  [fdca77] Doing some complicated stuff.. Random numbers are: 98161193, 325637175, 1894483695.
2018-11-13 00:03:01,890 21391  INFO  [74bf63] Doing some complicated stuff.. Random numbers are: 214782256, 1251091671, 1479314438.
2018-11-13 00:03:01,893 21394  INFO  [74bf63] Here's some useful guids:
		c269f69c-cf14-461e-b12d-8ec2be9a61a6
2018-11-13 00:03:01,898 21399  INFO  [74bf63] Finished processing user request with id = 74bf63a6-1449-451f-ac54-a4a3227230f8 in 00:00:00.0159961.
2018-11-13 00:03:01,909 21410  INFO  [BackgroundDaemon] Processing data (83% completed)..
2018-11-13 00:03:01,909 21410  INFO  [BackgroundDaemon] Finished iteration in 00:00:00.0809278.
2018-11-13 00:03:01,924 21425  INFO  [fdca77] Here's some useful guids:
		000cf52a-9a5a-41ef-8866-0c1652b9b762
2018-11-13 00:03:01,929 21431  INFO  [eb63ce] Started processing user request. Id = eb63ceb9-c046-4b1f-b9f1-02eab8e5615a. Size = 52.97 KB.
2018-11-13 00:03:01,931 21433  INFO  [eb63ce] Doing some complicated stuff.. Random numbers are: 326938509, 808128132, 1447746768.
2018-11-13 00:03:01,935 21437  INFO  [eb63ce] Here's some useful guids:
		6db87fef-c069-4602-8977-f7421686c7c1
		a0266a86-21da-42c9-a018-1329f03fe0fe
2018-11-13 00:03:01,946 21447  INFO  [eb63ce] Finished processing user request with id = eb63ceb9-c046-4b1f-b9f1-02eab8e5615a in 00:00:00.0164242.
2018-11-13 00:03:01,952 21453  INFO  [fdca77] Finished processing user request with id = fdca77a3-57f4-4070-a174-1e7b1f65622f in 00:00:00.0809615.
2018-11-13 00:03:01,965 21466  INFO  [500290] Started processing user request. Id = 50029093-449b-43f2-8847-7fd335d2e2dd. Size = 23.51 KB.
2018-11-13 00:03:01,973 21475  INFO  [500290] Doing some complicated stuff.. Random numbers are: 193621097, 1867181410, 13003495.
2018-11-13 00:03:01,977 21479  INFO  [a0c4b6] Started processing user request. Id = a0c4b6aa-352b-4c23-ae4a-22a62d906fc6. Size = 33.74 KB.
2018-11-13 00:03:01,985 21487  INFO  [a0c4b6] Doing some complicated stuff.. Random numbers are: 2143949577, 539577435, 850817064.
2018-11-13 00:03:01,992 21494  INFO  [500290] Here's some useful guids:
		c1fe66dd-fc15-4fe4-9070-94977c9250ae
		d5f530a8-4885-4755-8a78-bea725274865
		6cd71cd2-2fee-4abf-946c-79e4eda92d88
		a48677ba-1b0b-4d10-b2fa-29cdbcfd6911
2018-11-13 00:03:01,999 21500  INFO  [500290] Finished processing user request with id = 50029093-449b-43f2-8847-7fd335d2e2dd in 00:00:00.0332291.
2018-11-13 00:03:02,012 21513  INFO  [1996ae] Started processing user request. Id = 1996ae43-aebe-4721-8d2c-de62cc49e095. Size = 70.76 KB.
2018-11-13 00:03:02,022 21523  INFO  [1996ae] Doing some complicated stuff.. Random numbers are: 1424340333, 902791829, 981533699.
2018-11-13 00:03:02,035 21536  ERROR [a0c4b6] 
System.InvalidOperationException: Oh no! An error occurred!
2018-11-13 00:03:02,047 21548  INFO  [55f623] Started processing user request. Id = 55f623aa-2b9d-4edf-8b5e-7ab0b1abb735. Size = 74.48 KB.
2018-11-13 00:03:02,053 21554  INFO  [1996ae] Here's some useful guids:
		5e12b5ee-4ddf-4f96-bdb7-28ee52639289
		b69fbde1-4f5d-444d-bef9-479162fb3652
		23f71344-3c3d-4055-ad4a-c2fe2084bbfe
2018-11-13 00:03:02,058 21559  INFO  [55f623] Doing some complicated stuff.. Random numbers are: 2035115545, 2086704545, 1774472616.
2018-11-13 00:03:02,058 21559  INFO  [1996ae] Finished processing user request with id = 1996ae43-aebe-4721-8d2c-de62cc49e095 in 00:00:00.0464025.
2018-11-13 00:03:02,067 21568  INFO  [c068d9] Started processing user request. Id = c068d94f-274c-49f5-bd18-6b2ce6c9b8f8. Size = 73.97 KB.
2018-11-13 00:03:02,072 21573  INFO  [8603a7] Started processing user request. Id = 8603a7c7-3cec-4b42-9f76-da70fb6cf604. Size = 90.64 KB.
2018-11-13 00:03:02,083 21584  INFO  [c068d9] Doing some complicated stuff.. Random numbers are: 1950586537, 733320576, 2028152100.
2018-11-13 00:03:02,083 21584  INFO  [55f623] Here's some useful guids:
		acf0e99f-2753-4e3c-bc41-8bc8ef321ca6
		a35f9f75-01aa-48b4-8c16-669bee4e0d41
		5316b0b8-9859-4a9e-abaa-fa502736877b
		74655e26-3f2b-427a-979f-e526218b42a0
		cbaa688a-3ee5-4ac4-a655-5f18145a052f
2018-11-13 00:03:02,087 21588  INFO  [8603a7] Doing some complicated stuff.. Random numbers are: 2007573254, 1219119398, 292123676.
2018-11-13 00:03:02,095 21596  INFO  [55f623] Finished processing user request with id = 55f623aa-2b9d-4edf-8b5e-7ab0b1abb735 in 00:00:00.0479057.
2018-11-13 00:03:02,104 21605  INFO  [c068d9] Finished processing user request with id = c068d94f-274c-49f5-bd18-6b2ce6c9b8f8 in 00:00:00.0372217.
2018-11-13 00:03:02,110 21611  INFO  [BackgroundDaemon] Starting iteration #15489.
2018-11-13 00:03:02,110 21611  INFO  [8603a7] Finished processing user request with id = 8603a7c7-3cec-4b42-9f76-da70fb6cf604 in 00:00:00.0381804.
2018-11-13 00:03:02,123 21625  INFO  [e5ee2d] Started processing user request. Id = e5ee2dbf-fc2a-4aeb-863f-f70d4cc7ce0b. Size = 94.24 KB.
2018-11-13 00:03:02,123 21625  INFO  [e5ee2d] Doing some complicated stuff.. Random numbers are: 1041456180, 724706565, 272545968.
2018-11-13 00:03:02,136 21637  INFO  [ab8bbd] Started processing user request. Id = ab8bbd59-463a-435d-8866-5c72e1f9a215. Size = 19.33 KB.
2018-11-13 00:03:02,144 21645  INFO  [ab8bbd] Doing some complicated stuff.. Random numbers are: 16907484, 561610045, 781288631.
2018-11-13 00:03:02,164 21665  INFO  [ab8bbd] Here's some useful guids:
		7642654f-5604-4006-8d89-e569263f59bd
		3a6d6cb6-ab39-4fb6-9401-ec461a7737b9
		98f2c678-cd7d-4c10-9731-d26db85664f3
		c6ac5503-cd9b-4048-af6f-b8c8dab2bbf0
		5b2d1202-edf1-4105-9d22-33370b7e2668
2018-11-13 00:03:02,168 21670  INFO  [e5ee2d] Finished processing user request with id = e5ee2dbf-fc2a-4aeb-863f-f70d4cc7ce0b in 00:00:00.0449911.
2018-11-13 00:03:02,174 21675  INFO  [BackgroundDaemon] Processing data (7% completed)..
2018-11-13 00:03:02,182 21684  INFO  [2a7d4d] Started processing user request. Id = 2a7d4d64-56ca-4f83-8980-ffc4e4392c34. Size = 14.35 KB.
2018-11-13 00:03:02,188 21689  INFO  [ab8bbd] Finished processing user request with id = ab8bbd59-463a-435d-8866-5c72e1f9a215 in 00:00:00.0515510.
2018-11-13 00:03:02,198 21699  INFO  [2a7d4d] Doing some complicated stuff.. Random numbers are: 1600601256, 1568787451, 1020643432.
2018-11-13 00:03:02,219 21720  INFO  [a2d76c] Started processing user request. Id = a2d76c42-6f5f-43c8-91bd-16542325790c. Size = 24.57 KB.
2018-11-13 00:03:02,230 21731  INFO  [a2d76c] Doing some complicated stuff.. Random numbers are: 22568893, 796636944, 1045790354.
2018-11-13 00:03:02,238 21739  ERROR [2a7d4d] 
System.InvalidOperationException: Oh no! An error occurred!
2018-11-13 00:03:02,247 21748  INFO  [a2d76c] Here's some useful guids:
		79944d0b-1508-4a7d-99a0-e00080fea02e
		9ae29495-90b7-48ff-bda0-6f04a91fe2ba
		5f262deb-3cb8-4a04-b3f1-1b509d1fefcb
		19c6cb25-3984-43bb-85a9-de3e9cecda0d
		9bb11a38-82bd-40a5-ad7b-564d80cb97aa
2018-11-13 00:03:02,247 21748  INFO  [BackgroundDaemon] Processing data (22% completed)..
2018-11-13 00:03:02,251 21753  INFO  [d8f3b4] Started processing user request. Id = d8f3b430-fa2f-4700-98dd-b58a0c9db853. Size = 61.37 KB.
2018-11-13 00:03:02,261 21762  INFO  [a2d76c] Finished processing user request with id = a2d76c42-6f5f-43c8-91bd-16542325790c in 00:00:00.0412568.
2018-11-13 00:03:02,263 21764  INFO  [38b7cd] Started processing user request. Id = 38b7cda7-ad91-467f-8843-ff0d6f26eb6f. Size = 2.67 KB.
2018-11-13 00:03:02,265 21766  INFO  [d8f3b4] Doing some complicated stuff.. Random numbers are: 207251201, 1944541850, 1484399222.
2018-11-13 00:03:02,265 21766  INFO  [d8f3b4] Here's some useful guids:
		b52712e8-64e1-4f17-8d1a-1e6ac3cfdc2d
		5c6a0886-764d-4451-ba93-799b44fcc75d
2018-11-13 00:03:02,267 21768  INFO  [38b7cd] Doing some complicated stuff.. Random numbers are: 1196538905, 501847468, 317400022.
2018-11-13 00:03:02,275 21776  INFO  [38b7cd] Here's some useful guids:
		f2401f13-717b-4a49-958f-e37347f1b53f
		525ffc78-2c15-43f6-b262-3f5c73cb5de2
2018-11-13 00:03:02,279 21780  INFO  [d8f3b4] Finished processing user request with id = d8f3b430-fa2f-4700-98dd-b58a0c9db853 in 00:00:00.0273014.
2018-11-13 00:03:02,282 21783  ERROR [38b7cd] 
System.InvalidOperationException: Oh no! An error occurred!
2018-11-13 00:03:02,287 21788  INFO  [Metrics] Cpu: 1.02%; Memory: 19.79 GB/31.88 GB; Workers: 4/1024; IOCP: 0/1024
2018-11-13 00:03:02,292 21793  INFO  [70db94] Started processing user request. Id = 70db94a4-aba7-4a05-87fa-f4536b90ea8a. Size = 18.29 KB.
2018-11-13 00:03:02,293 21794  INFO  [f4e5a3] Started processing user request. Id = f4e5a383-da35-490d-a0d5-1549a3309dd3. Size = 51.28 KB.
2018-11-13 00:03:02,295 21796  INFO  [BackgroundDaemon] Processing data (96% completed)..
2018-11-13 00:03:02,295 21796  INFO  [BackgroundDaemon] Finished iteration in 00:00:00.1843089.
2018-11-13 00:03:02,296 21797  INFO  [70db94] Doing some complicated stuff.. Random numbers are: 349879695, 451053008, 455126427.
2018-11-13 00:03:02,307 21808  INFO  [f4e5a3] Doing some complicated stuff.. Random numbers are: 1542386777, 1523954576, 1869327306.
2018-11-13 00:03:02,307 21808  INFO  [f4e5a3] Here's some useful guids:
		48e4af83-5e6c-479d-bfe1-c0d7a96d2450
		e5e0e7f2-8837-473c-8dd0-f34bb391408c
2018-11-13 00:03:02,315 21816  INFO  [f4e5a3] Finished processing user request with id = f4e5a383-da35-490d-a0d5-1549a3309dd3 in 00:00:00.0221904.
2018-11-13 00:03:02,329 21830  INFO  [2269b4] Started processing user request. Id = 2269b49d-7976-4acd-bff2-c0476ce593c8. Size = 52.64 KB.
2018-11-13 00:03:02,331 21832  INFO  [70db94] Finished processing user request with id = 70db94a4-aba7-4a05-87fa-f4536b90ea8a in 00:00:00.0396671.
2018-11-13 00:03:02,346 21847  INFO  [2269b4] Doing some complicated stuff.. Random numbers are: 1355445297, 2092978371, 1073332138.
2018-11-13 00:03:02,363 21864  INFO  [dfa4fa] Started processing user request. Id = dfa4fa87-e9c8-44f6-8686-d874042a4cb0. Size = 20.39 KB.
2018-11-13 00:03:02,364 21865  INFO  [2269b4] Here's some useful guids:
		d27666be-e7b5-4fbd-98c3-5f339e29524c
		93dd681f-60c0-40e1-9497-6b77d972ea90
		f56044be-f69a-4ec6-a3d4-89beac71ca6f
		1d309366-f2cf-4267-a0fb-07067bb961db
		4df7fa68-7a93-4537-ac4e-b533972039ea
2018-11-13 00:03:02,367 21868  INFO  [dfa4fa] Doing some complicated stuff.. Random numbers are: 1676833930, 1440900820, 917049985.
2018-11-13 00:03:02,370 21871  INFO  [2269b4] Finished processing user request with id = 2269b49d-7976-4acd-bff2-c0476ce593c8 in 00:00:00.0410882.
2018-11-13 00:03:02,376 21877  INFO  [dfa4fa] Finished processing user request with id = dfa4fa87-e9c8-44f6-8686-d874042a4cb0 in 00:00:00.0130026.
2018-11-13 00:03:02,383 21884  INFO  [8fc99a] Started processing user request. Id = 8fc99aa7-d5c2-4844-a250-8c89add35b2c. Size = 5.61 KB.
2018-11-13 00:03:02,397 21898  INFO  [8fc99a] Doing some complicated stuff.. Random numbers are: 2097993784, 632625099, 330114725.
2018-11-13 00:03:02,407 21908  INFO  [dc46ba] Started processing user request. Id = dc46badf-9b12-439b-9f8d-3bfabfe4f64f. Size = 97.15 KB.
2018-11-13 00:03:02,417 21918  INFO  [dc46ba] Doing some complicated stuff.. Random numbers are: 2019442754, 1080184995, 1514252702.
2018-11-13 00:03:02,427 21928  INFO  [8fc99a] Finished processing user request with id = 8fc99aa7-d5c2-4844-a250-8c89add35b2c in 00:00:00.0437843.
2018-11-13 00:03:02,441 21942  INFO  [7b7167] Started processing user request. Id = 7b7167f5-bbf1-4df7-bdfa-b7107603a683. Size = 47.11 KB.
2018-11-13 00:03:02,443 21944  INFO  [7b7167] Doing some complicated stuff.. Random numbers are: 1648315079, 76503375, 836214074.
2018-11-13 00:03:02,447 21948  INFO  [dc46ba] Finished processing user request with id = dc46badf-9b12-439b-9f8d-3bfabfe4f64f in 00:00:00.0398742.
2018-11-13 00:03:02,449 21950  INFO  [82d1d5] Started processing user request. Id = 82d1d52b-169a-41ba-9ed4-b038d87b5c90. Size = 48.34 KB.
2018-11-13 00:03:02,453 21955  INFO  [82d1d5] Doing some complicated stuff.. Random numbers are: 1780992864, 1628439229, 366323496.
2018-11-13 00:03:02,457 21959  INFO  [82d1d5] Finished processing user request with id = 82d1d52b-169a-41ba-9ed4-b038d87b5c90 in 00:00:00.0081062.
2018-11-13 00:03:02,467 21969  INFO  [7b7167] Finished processing user request with id = 7b7167f5-bbf1-4df7-bdfa-b7107603a683 in 00:00:00.0269161.
2018-11-13 00:03:02,479 21980  INFO  [737820] Started processing user request. Id = 737820e5-608f-40a1-b2af-7da95b79ab6f. Size = 42.26 KB.
2018-11-13 00:03:02,481 21982  INFO  [dc0d71] Started processing user request. Id = dc0d711e-2a13-409f-8574-71a61e89dfe5. Size = 85.86 KB.
2018-11-13 00:03:02,488 21989  INFO  [737820] Doing some complicated stuff.. Random numbers are: 2014630734, 1255634364, 508301270.
2018-11-13 00:03:02,495 21996  INFO  [dc0d71] Doing some complicated stuff.. Random numbers are: 448624551, 1102186787, 1357267475.
2018-11-13 00:03:02,495 21996  INFO  [BackgroundDaemon] Starting iteration #15490.
2018-11-13 00:03:02,518 22019  INFO  [737820] Finished processing user request with id = 737820e5-608f-40a1-b2af-7da95b79ab6f in 00:00:00.0388707.
2018-11-13 00:03:02,535 22036  INFO  [dc0d71] Here's some useful guids:
		154098c6-c192-4615-8a73-3d1216fb4fcc
		2a90df4d-4b6c-4ed9-83bf-c02685e7ea7d
		44fb14b8-3822-4a1a-bc0f-a64814c1ef64
		aca0d3a3-d657-415e-9b76-c3c1697a86d3
2018-11-13 00:03:02,537 22038  INFO  [dc0d71] Finished processing user request with id = dc0d711e-2a13-409f-8574-71a61e89dfe5 in 00:00:00.0566750.
2018-11-13 00:03:02,549 22050  INFO  [21f728] Started processing user request. Id = 21f72899-0046-40da-9028-d7e5f1a8deb6. Size = 26.2 KB.
2018-11-13 00:03:02,550 22051  INFO  [ec8737] Started processing user request. Id = ec873772-f96b-401c-a8bc-ac5ee8f3ac1c. Size = 39.82 KB.
2018-11-13 00:03:02,556 22057  INFO  [ec8737] Doing some complicated stuff.. Random numbers are: 1397658927, 421992970, 357275624.
2018-11-13 00:03:02,564 22066  INFO  [ec8737] Here's some useful guids:
		3a29f5a7-480d-4d31-9892-fb5796667954
		beb190c3-2420-41d5-b2c1-8e920a3ddbd9
		60e2a92b-4e5b-4429-a3a7-f58f2f52ccc7
		a2f35748-0bcc-4150-804d-51f3f852d992
		6b9e2ab8-fc84-4e2b-a66c-13e7486f5986
2018-11-13 00:03:02,564 22066  INFO  [21f728] Doing some complicated stuff.. Random numbers are: 106483618, 2013816543, 1780278064.
2018-11-13 00:03:02,566 22068  INFO  [BackgroundDaemon] Processing data (1% completed)..
2018-11-13 00:03:02,587 22088  INFO  [ec8737] Finished processing user request with id = ec873772-f96b-401c-a8bc-ac5ee8f3ac1c in 00:00:00.0370071.
2018-11-13 00:03:02,592 22093  INFO  [21f728] Here's some useful guids:
		d5fa8139-52d4-46fa-9946-2628bc231e9d
		c0de2a6c-cbb7-460f-b180-f577e873c7c9
		cfe1b5c9-5b0b-4241-9683-59d3bd7436c0
2018-11-13 00:03:02,601 22102  INFO  [21f728] Finished processing user request with id = 21f72899-0046-40da-9028-d7e5f1a8deb6 in 00:00:00.0519431.
2018-11-13 00:03:02,601 22102  INFO  [cc6675] Started processing user request. Id = cc66757d-d93f-41bf-9179-4c2973474731. Size = 54.56 KB.
2018-11-13 00:03:02,605 22106  INFO  [cc6675] Doing some complicated stuff.. Random numbers are: 978573629, 454418075, 103643435.
2018-11-13 00:03:02,625 22126  INFO  [7bb047] Started processing user request. Id = 7bb047bc-a1b4-40ff-89b5-772a9ca1097c. Size = 97.37 KB.
2018-11-13 00:03:02,633 22134  INFO  [28cd9b] Started processing user request. Id = 28cd9b10-2c36-4234-ae7e-422842b7fe90. Size = 83.62 KB.
2018-11-13 00:03:02,636 22137  INFO  [BackgroundDaemon] Processing data (35% completed)..
2018-11-13 00:03:02,636 22137  INFO  [cc6675] Here's some useful guids:
		30a60758-5a6c-4a47-8706-7b9fee6949a0
		5578c219-efc7-41b2-abfd-474c642b8fb2
		8e284f52-39da-455d-955a-597a344a5985
		25a4964b-86d8-4095-acb3-2eb38b93516c
2018-11-13 00:03:02,644 22145  INFO  [28cd9b] Doing some complicated stuff.. Random numbers are: 429027359, 1202590844, 743853560.
2018-11-13 00:03:02,644 22145  INFO  [7bb047] Doing some complicated stuff.. Random numbers are: 471797452, 403226913, 1117050864.
2018-11-13 00:03:02,661 22163  INFO  [cc6675] Finished processing user request with id = cc66757d-d93f-41bf-9179-4c2973474731 in 00:00:00.0601655.
2018-11-13 00:03:02,675 22176  INFO  [78e15d] Started processing user request. Id = 78e15da3-2500-4ec4-8318-5604e5e53d92. Size = 67.33 KB.
2018-11-13 00:03:02,683 22184  INFO  [BackgroundDaemon] Processing data (52% completed)..
2018-11-13 00:03:02,683 22184  INFO  [BackgroundDaemon] Finished iteration in 00:00:00.1880718.
2018-11-13 00:03:02,685 22186  ERROR [28cd9b] 
System.InvalidOperationException: Oh no! An error occurred!
2018-11-13 00:03:02,688 22189  INFO  [78e15d] Doing some complicated stuff.. Random numbers are: 6464167, 609749094, 267978891.
2018-11-13 00:03:02,700 22201  INFO  [7bb047] Finished processing user request with id = 7bb047bc-a1b4-40ff-89b5-772a9ca1097c in 00:00:00.0750262.
2018-11-13 00:03:02,708 22209  INFO  [78e15d] Here's some useful guids:
		bfa8fba9-e3f1-467f-8b08-8ab6ad60416d
		23145ee9-00ea-42ce-b5e5-7788fca09997
		6afb7a0f-bed1-4001-802d-e0791979d9f1
2018-11-13 00:03:02,710 22212  ERROR [78e15d] 
System.InvalidOperationException: Oh no! An error occurred!
2018-11-13 00:03:02,717 22218  INFO  [cdf9d4] Started processing user request. Id = cdf9d4d7-961f-4602-bff3-cce6ec2f2c57. Size = 67.07 KB.
2018-11-13 00:03:02,724 22225  INFO  [658a4a] Started processing user request. Id = 658a4a9d-f5ed-4dca-99d0-8b40ce5c5455. Size = 82.21 KB.
2018-11-13 00:03:02,726 22227  INFO  [cdf9d4] Doing some complicated stuff.. Random numbers are: 1524497949, 1035830451, 1749888439.
2018-11-13 00:03:02,733 22234  INFO  [658a4a] Doing some complicated stuff.. Random numbers are: 1335487106, 934926029, 1393874741.
2018-11-13 00:03:02,754 22255  INFO  [cdf9d4] Here's some useful guids:
		db76651f-ad91-44f9-9795-e0a9d904b111
		6da1d72f-c9db-4086-af77-0912268a19ab
2018-11-13 00:03:02,764 22265  INFO  [658a4a] Finished processing user request with id = 658a4a9d-f5ed-4dca-99d0-8b40ce5c5455 in 00:00:00.0400894.
2018-11-13 00:03:02,778 22279  INFO  [cdf9d4] Finished processing user request with id = cdf9d4d7-961f-4602-bff3-cce6ec2f2c57 in 00:00:00.0618098.
2018-11-13 00:03:02,778 22279  INFO  [275483] Started processing user request. Id = 2754833c-650d-4e8a-8cce-5ce226ad4984. Size = 80.79 KB.
2018-11-13 00:03:02,778 22279  INFO  [275483] Doing some complicated stuff.. Random numbers are: 1000165805, 150404204, 9273091.
2018-11-13 00:03:02,786 22287  INFO  [Metrics] Cpu: 1.02%; Memory: 19.79 GB/31.88 GB; Workers: 4/1024; IOCP: 0/1024
2018-11-13 00:03:02,807 22309  ERROR [275483] 
System.InvalidOperationException: Oh no! An error occurred!
2018-11-13 00:03:02,809 22311  INFO  [7cdc25] Started processing user request. Id = 7cdc259c-4e5d-44e0-b2f9-4761bd43f465. Size = 90.85 KB.
2018-11-13 00:03:02,816 22318  INFO  [7cdc25] Doing some complicated stuff.. Random numbers are: 231162780, 14402660, 357304703.
2018-11-13 00:03:02,821 22322  INFO  [ef584f] Started processing user request. Id = ef584fba-4fce-4e5c-b7bd-1a712185dc1d. Size = 45.63 KB.
2018-11-13 00:03:02,839 22340  INFO  [ef584f] Doing some complicated stuff.. Random numbers are: 2011321526, 1477685262, 1864225006.
2018-11-13 00:03:02,843 22344  INFO  [7cdc25] Here's some useful guids:
		41b3268a-f95e-4a0f-bfdf-2013f4858682
2018-11-13 00:03:02,845 22346  INFO  [7cdc25] Finished processing user request with id = 7cdc259c-4e5d-44e0-b2f9-4761bd43f465 in 00:00:00.0358822.
2018-11-13 00:03:02,867 22369  INFO  [d763fe] Started processing user request. Id = d763feb3-00cd-4633-97d0-2f5173d08ee0. Size = 14.13 KB.
2018-11-13 00:03:02,872 22373  INFO  [ef584f] Here's some useful guids:
		0d9d1bf3-56f2-4f73-8c51-d0b62fb9f22e
		f1e0c3ba-19d3-4c31-85c9-921ab2a9d5a5
		db07ebdd-53ab-481a-ab14-2b716e7462ff
		f12f2cfa-30ca-4d57-aeb6-76dc90b9f4c9
2018-11-13 00:03:02,872 22373  INFO  [d763fe] Doing some complicated stuff.. Random numbers are: 1472751985, 972456590, 826515511.
2018-11-13 00:03:02,877 22378  INFO  [544920] Started processing user request. Id = 54492083-6ac8-4806-a0dd-c04be1416f43. Size = 25.6 KB.
2018-11-13 00:03:02,879 22380  INFO  [ef584f] Finished processing user request with id = ef584fba-4fce-4e5c-b7bd-1a712185dc1d in 00:00:00.0573969.
2018-11-13 00:03:02,883 22384  INFO  [544920] Doing some complicated stuff.. Random numbers are: 260652766, 376343173, 554487074.
2018-11-13 00:03:02,884 22385  INFO  [BackgroundDaemon] Starting iteration #15491.
2018-11-13 00:03:02,892 22393  INFO  [0f0749] Started processing user request. Id = 0f0749f2-d9a1-47ef-8a12-5df60a0902be. Size = 7.04 KB.
2018-11-13 00:03:02,904 22405  INFO  [544920] Here's some useful guids:
		ae9fc90a-53c8-49a2-ad68-db330a8ac777
		5ad6855f-f704-4dcf-b7c2-8bfa34d12658
2018-11-13 00:03:02,906 22407  INFO  [0f0749] Doing some complicated stuff.. Random numbers are: 312372333, 1794082508, 1621939014.
2018-11-13 00:03:02,915 22416  INFO  [d763fe] Finished processing user request with id = d763feb3-00cd-4633-97d0-2f5173d08ee0 in 00:00:00.0472218.
2018-11-13 00:03:02,929 22430  INFO  [544920] Finished processing user request with id = 54492083-6ac8-4806-a0dd-c04be1416f43 in 00:00:00.0521581.
2018-11-13 00:03:02,940 22441  INFO  [0f0749] Finished processing user request with id = 0f0749f2-d9a1-47ef-8a12-5df60a0902be in 00:00:00.0485675.
2018-11-13 00:03:02,948 22449  INFO  [BackgroundDaemon] Processing data (4% completed)..
2018-11-13 00:03:02,954 22455  INFO  [a4d25f] Started processing user request. Id = a4d25f06-228c-4e21-bd55-8c97d0752d9c. Size = 1.99 KB.
2018-11-13 00:03:02,961 22462  INFO  [c62387] Started processing user request. Id = c62387e7-871d-470b-92d2-bae03f2e26ee. Size = 30.15 KB.
2018-11-13 00:03:02,966 22467  INFO  [a4d25f] Doing some complicated stuff.. Random numbers are: 2131015463, 1990331619, 205689669.
2018-11-13 00:03:02,966 22467  INFO  [c62387] Doing some complicated stuff.. Random numbers are: 1044800261, 1406492326, 1582557713.
2018-11-13 00:03:02,972 22473  INFO  [a4d25f] Here's some useful guids:
		c145d9fa-f133-47f0-add8-d14259248c7e
		0f1efc9b-220f-4538-acb7-306cd042c601
2018-11-13 00:03:02,978 22480  INFO  [BackgroundDaemon] Processing data (26% completed)..
2018-11-13 00:03:02,978 22480  INFO  [a4d25f] Finished processing user request with id = a4d25f06-228c-4e21-bd55-8c97d0752d9c in 00:00:00.0240906.
2018-11-13 00:03:02,992 22493  INFO  [403c64] Started processing user request. Id = 403c64c6-8191-4c43-a096-7bc914bd2f44. Size = 98.02 KB.
2018-11-13 00:03:02,996 22497  INFO  [c62387] Finished processing user request with id = c62387e7-871d-470b-92d2-bae03f2e26ee in 00:00:00.0356039.
2018-11-13 00:03:03,008 22509  INFO  [403c64] Doing some complicated stuff.. Random numbers are: 934403315, 458466262, 149656464.
2018-11-13 00:03:03,012 22513  INFO  [403c64] Here's some useful guids:
		6b70bd41-3479-4757-adbc-f5a157bc56dd
2018-11-13 00:03:03,017 22518  INFO  [403c64] Finished processing user request with id = 403c64c6-8191-4c43-a096-7bc914bd2f44 in 00:00:00.0249472.
2018-11-13 00:03:03,027 22528  INFO  [406af7] Started processing user request. Id = 406af709-0889-4f1a-85d7-3487a294a41e. Size = 25.02 KB.
2018-11-13 00:03:03,031 22532  INFO  [76220d] Started processing user request. Id = 76220d10-c3fc-4582-ba77-db350eb2a7c6. Size = 78.54 KB.
2018-11-13 00:03:03,039 22540  INFO  [406af7] Doing some complicated stuff.. Random numbers are: 1008158920, 862278270, 2062964244.
2018-11-13 00:03:03,051 22552  INFO  [76220d] Doing some complicated stuff.. Random numbers are: 1968529013, 1715159147, 992788786.
2018-11-13 00:03:03,053 22554  INFO  [406af7] Here's some useful guids:
		47a5bbdb-0430-4030-98d2-aa5e1363b85d
		35b8b3e2-5c62-4852-ac3a-42fbe942573d
		9eaff5f7-dbb6-45c6-a86f-176293b807fa
		9189ab84-df0f-4160-8e64-ceba728459e4
2018-11-13 00:03:03,070 22571  INFO  [406af7] Finished processing user request with id = 406af709-0889-4f1a-85d7-3487a294a41e in 00:00:00.0430627.
2018-11-13 00:03:03,071 22572  INFO  [BackgroundDaemon] Processing data (57% completed)..
2018-11-13 00:03:03,071 22572  INFO  [BackgroundDaemon] Finished iteration in 00:00:00.1877167.
2018-11-13 00:03:03,082 22583  INFO  [b5cec5] Started processing user request. Id = b5cec5fe-6bed-45c0-b0e8-293e2a6f818f. Size = 6.7 KB.
2018-11-13 00:03:03,101 22602  INFO  [b5cec5] Doing some complicated stuff.. Random numbers are: 358835796, 1892036276, 416379304.
2018-11-13 00:03:03,102 22603  INFO  [1abb55] Started processing user request. Id = 1abb5539-686b-4217-acea-de16728c703d. Size = 88.33 KB.
2018-11-13 00:03:03,104 22605  INFO  [1abb55] Doing some complicated stuff.. Random numbers are: 525730878, 2008582916, 635679654.
2018-11-13 00:03:03,106 22607  INFO  [76220d] Finished processing user request with id = 76220d10-c3fc-4582-ba77-db350eb2a7c6 in 00:00:00.0749408.
2018-11-13 00:03:03,120 22621  INFO  [3fa09d] Started processing user request. Id = 3fa09d34-0cad-4823-a3ac-23189731b876. Size = 69.73 KB.
2018-11-13 00:03:03,127 22628  INFO  [3fa09d] Doing some complicated stuff.. Random numbers are: 898455611, 822772903, 271364308.
2018-11-13 00:03:03,130 22631  INFO  [1abb55] Here's some useful guids:
		200a8ba2-0fbf-4de4-bc65-192cbc91b758
		ffeb028f-ed90-4bfb-935d-ce81d7e2a52b
2018-11-13 00:03:03,136 22637  INFO  [3fa09d] Here's some useful guids:
		82c7349f-1277-4ead-ad19-e470f1077592
		61262353-1f70-44fb-8dd7-be87f54f3845
		bd8e95a7-6dc7-4d76-8bc7-eae107170b37
2018-11-13 00:03:03,146 22647  INFO  [1abb55] Finished processing user request with id = 1abb5539-686b-4217-acea-de16728c703d in 00:00:00.0436761.
2018-11-13 00:03:03,156 22657  INFO  [b5cec5] Finished processing user request with id = b5cec5fe-6bed-45c0-b0e8-293e2a6f818f in 00:00:00.0739373.
2018-11-13 00:03:03,165 22666  INFO  [3fa09d] Finished processing user request with id = 3fa09d34-0cad-4823-a3ac-23189731b876 in 00:00:00.0451556.
2018-11-13 00:03:03,177 22678  INFO  [cabbc9] Started processing user request. Id = cabbc975-3e61-4d82-b037-66bb6f1c4955. Size = 26.48 KB.
2018-11-13 00:03:03,178 22679  INFO  [a0bae6] Started processing user request. Id = a0bae6b5-0374-4927-8ae0-8b382a8fe50f. Size = 51.08 KB.
2018-11-13 00:03:03,188 22689  INFO  [cabbc9] Doing some complicated stuff.. Random numbers are: 36457821, 748868097, 397309829.
2018-11-13 00:03:03,195 22696  INFO  [a0bae6] Doing some complicated stuff.. Random numbers are: 1266750253, 462954035, 277369595.
2018-11-13 00:03:03,224 22725  INFO  [a0bae6] Finished processing user request with id = a0bae6b5-0374-4927-8ae0-8b382a8fe50f in 00:00:00.0462318.
2018-11-13 00:03:03,225 22726  INFO  [cabbc9] Finished processing user request with id = cabbc975-3e61-4d82-b037-66bb6f1c4955 in 00:00:00.0482860.
2018-11-13 00:03:03,238 22739  INFO  [5d361b] Started processing user request. Id = 5d361b76-f885-4c9b-abdc-357fce28e13c. Size = 7.44 KB.
2018-11-13 00:03:03,253 22754  INFO  [5d361b] Doing some complicated stuff.. Random numbers are: 1210528646, 1489355866, 937042191.
2018-11-13 00:03:03,256 22758  INFO  [7c7108] Started processing user request. Id = 7c7108ab-5deb-4e47-8908-cb16663feafe. Size = 26.48 KB.
2018-11-13 00:03:03,269 22770  INFO  [7c7108] Doing some complicated stuff.. Random numbers are: 221201749, 2026441428, 1713556441.
2018-11-13 00:03:03,272 22773  INFO  [BackgroundDaemon] Starting iteration #15492.
2018-11-13 00:03:03,276 22777  INFO  [5d361b] Finished processing user request with id = 5d361b76-f885-4c9b-abdc-357fce28e13c in 00:00:00.0380346.
2018-11-13 00:03:03,285 22787  INFO  [Metrics] Cpu: 0.05%; Memory: 19.79 GB/31.88 GB; Workers: 4/1024; IOCP: 0/1024
2018-11-13 00:03:03,289 22790  INFO  [43c254] Started processing user request. Id = 43c2544b-5fc0-4651-af07-59caf8c5da6b. Size = 19 KB.
2018-11-13 00:03:03,299 22800  INFO  [43c254] Doing some complicated stuff.. Random numbers are: 478235964, 552735698, 772898444.
2018-11-13 00:03:03,300 22801  INFO  [BackgroundDaemon] Processing data (11% completed)..
2018-11-13 00:03:03,300 22801  INFO  [7c7108] Here's some useful guids:
		b7e97573-831b-4a42-8f58-75aca97342f2
		1df8da59-4c36-4243-9b08-47f2f86c38f3
		45e3a49b-3ae0-49b8-8651-a69e1c790802
		7f6d7b88-8d8a-48cd-ac58-de7f41817bc2
2018-11-13 00:03:03,311 22812  INFO  [43c254] Finished processing user request with id = 43c2544b-5fc0-4651-af07-59caf8c5da6b in 00:00:00.0219177.
2018-11-13 00:03:03,323 22825  INFO  [b1f544] Started processing user request. Id = b1f5449f-b23f-4745-af26-84d66ed3a665. Size = 70.26 KB.
2018-11-13 00:03:03,324 22826  INFO  [49b08e] Started processing user request. Id = 49b08ef4-0eed-41db-bdc5-0a058fe4cdf1. Size = 37.94 KB.
2018-11-13 00:03:03,327 22828  INFO  [b1f544] Doing some complicated stuff.. Random numbers are: 1720381049, 1721222491, 2051252843.
2018-11-13 00:03:03,328 22829  INFO  [7c7108] Finished processing user request with id = 7c7108ab-5deb-4e47-8908-cb16663feafe in 00:00:00.0711242.
2018-11-13 00:03:03,331 22832  INFO  [49b08e] Doing some complicated stuff.. Random numbers are: 2087156175, 1363476969, 1301956746.
2018-11-13 00:03:03,340 22841  INFO  [49b08e] Here's some useful guids:
		4f4c9ddf-ba2c-4a4c-84f5-a314ceafb9d0
		9fb039e9-cac1-4ad4-916c-153fd893eb68
		dc3d94c6-eaf6-48a4-a380-261786fdabec
		fc0c03a8-7a8e-4293-a2df-efdee7bc7beb
2018-11-13 00:03:03,358 22859  INFO  [BackgroundDaemon] Processing data (30% completed)..
2018-11-13 00:03:03,359 22860  INFO  [1a96be] Started processing user request. Id = 1a96be4b-f18f-44a5-9165-d430d80de8f4. Size = 80.79 KB.
2018-11-13 00:03:03,362 22863  INFO  [1a96be] Doing some complicated stuff.. Random numbers are: 1719346139, 1251928951, 423980160.
2018-11-13 00:03:03,362 22863  INFO  [49b08e] Finished processing user request with id = 49b08ef4-0eed-41db-bdc5-0a058fe4cdf1 in 00:00:00.0379170.
2018-11-13 00:03:03,363 22864  INFO  [b1f544] Here's some useful guids:
		d5d674d6-a6fd-4b71-8bcf-5624a75377c8
		9781f25a-6632-4f14-84e7-cab313b6fdb1
2018-11-13 00:03:03,364 22865  INFO  [b1f544] Finished processing user request with id = b1f5449f-b23f-4745-af26-84d66ed3a665 in 00:00:00.0409237.
2018-11-13 00:03:03,375 22877  INFO  [c07b84] Started processing user request. Id = c07b844d-362f-4682-816f-e5c00c86dfed. Size = 76.94 KB.
2018-11-13 00:03:03,391 22893  INFO  [c07b84] Doing some complicated stuff.. Random numbers are: 1159914104, 1857809991, 507842941.
2018-11-13 00:03:03,403 22904  INFO  [1a96be] Finished processing user request with id = 1a96be4b-f18f-44a5-9165-d430d80de8f4 in 00:00:00.0438925.
2018-11-13 00:03:03,403 22904  INFO  [BackgroundDaemon] Processing data (59% completed)..
2018-11-13 00:03:03,403 22904  INFO  [BackgroundDaemon] Finished iteration in 00:00:00.1309464.
2018-11-13 00:03:03,422 22923  INFO  [c07b84] Finished processing user request with id = c07b844d-362f-4682-816f-e5c00c86dfed in 00:00:00.0467969.
2018-11-13 00:03:03,434 22935  INFO  [f1f1be] Started processing user request. Id = f1f1be2c-ad85-4fc9-8a3b-2d1c3f3712ea. Size = 18.7 KB.
2018-11-13 00:03:03,434 22935  INFO  [f1f1be] Doing some complicated stuff.. Random numbers are: 812287823, 326628623, 48078777.
2018-11-13 00:03:03,435 22936  INFO  [c7545b] Started processing user request. Id = c7545b69-2a4d-4dd1-b04e-938919bdfa2f. Size = 60.83 KB.
2018-11-13 00:03:03,455 22956  INFO  [c7545b] Doing some complicated stuff.. Random numbers are: 1736813795, 780245896, 474057986.
2018-11-13 00:03:03,459 22961  INFO  [f1f1be] Finished processing user request with id = f1f1be2c-ad85-4fc9-8a3b-2d1c3f3712ea in 00:00:00.0250695.
2018-11-13 00:03:03,486 22988  INFO  [c7545b] Here's some useful guids:
		abb4168f-e872-47c1-aa20-92192575b6ad
		19c23ad2-2009-4050-b6fa-47d4f1577e3d
		4fcd0efc-9b28-4ecc-bd30-629b5ad7406e
2018-11-13 00:03:03,491 22992  INFO  [24005f] Started processing user request. Id = 24005f83-ebbb-4b05-a961-e1557afe12f7. Size = 11.85 KB.
2018-11-13 00:03:03,495 22996  INFO  [24005f] Doing some complicated stuff.. Random numbers are: 1384596771, 1451009145, 608283929.
2018-11-13 00:03:03,505 23006  INFO  [c7545b] Finished processing user request with id = c7545b69-2a4d-4dd1-b04e-938919bdfa2f in 00:00:00.0693028.
2018-11-13 00:03:03,507 23008  INFO  [24005f] Here's some useful guids:
		48d85193-77a5-4250-80b7-6e4b14804742
		0372d9c8-b48b-4448-909a-ea1ec5b4f458
2018-11-13 00:03:03,519 23020  INFO  [098a40] Started processing user request. Id = 098a4089-b4b0-44e9-b3ad-665854ac466a. Size = 46.18 KB.
2018-11-13 00:03:03,530 23031  INFO  [098a40] Doing some complicated stuff.. Random numbers are: 1515604331, 1802248521, 1456509578.
2018-11-13 00:03:03,530 23031  INFO  [24005f] Finished processing user request with id = 24005f83-ebbb-4b05-a961-e1557afe12f7 in 00:00:00.0390709.
2018-11-13 00:03:03,532 23033  INFO  [a225f6] Started processing user request. Id = a225f62d-ce93-40da-be5e-027edec0cc17. Size = 5.29 KB.
2018-11-13 00:03:03,532 23033  INFO  [a225f6] Doing some complicated stuff.. Random numbers are: 945889441, 608440336, 823637694.
2018-11-13 00:03:03,538 23039  INFO  [098a40] Here's some useful guids:
		2980eac0-0ed7-4d41-a039-07ffc3f92de5
		23df057a-187b-414e-aa82-6b9ce0bc4cb3
		d82f7131-917f-4042-811e-ec36ac04ce0e
2018-11-13 00:03:03,551 23052  INFO  [098a40] Finished processing user request with id = 098a4089-b4b0-44e9-b3ad-665854ac466a in 00:00:00.0326532.
2018-11-13 00:03:03,561 23062  INFO  [d12e7f] Started processing user request. Id = d12e7fc0-c926-4514-9bf6-425ff86d1a75. Size = 43.86 KB.
2018-11-13 00:03:03,564 23065  INFO  [d12e7f] Doing some complicated stuff.. Random numbers are: 462327150, 1838467485, 935244791.
2018-11-13 00:03:03,565 23066  INFO  [cba5d4] Started processing user request. Id = cba5d4c0-f2c0-4487-b3f4-4447bf9b8ace. Size = 31.53 KB.
2018-11-13 00:03:03,566 23067  INFO  [a225f6] Here's some useful guids:
		45179b19-f51e-470d-94ea-0a05a0287cbc
2018-11-13 00:03:03,575 23076  INFO  [cba5d4] Doing some complicated stuff.. Random numbers are: 1733545039, 1821303856, 1186775809.
2018-11-13 00:03:03,576 23077  INFO  [a225f6] Finished processing user request with id = a225f62d-ce93-40da-be5e-027edec0cc17 in 00:00:00.0440914.
2018-11-13 00:03:03,576 23077  INFO  [d12e7f] Finished processing user request with id = d12e7fc0-c926-4514-9bf6-425ff86d1a75 in 00:00:00.0150243.
2018-11-13 00:03:03,604 23105  INFO  [BackgroundDaemon] Starting iteration #15493.
2018-11-13 00:03:03,604 23105  INFO  [cba5d4] Finished processing user request with id = cba5d4c0-f2c0-4487-b3f4-4447bf9b8ace in 00:00:00.0389056.
2018-11-13 00:03:03,607 23108  INFO  [e1b09f] Started processing user request. Id = e1b09fbe-b1c3-466e-9f66-96e1cae955f3. Size = 92.27 KB.
2018-11-13 00:03:03,617 23118  INFO  [4ccab7] Started processing user request. Id = 4ccab77b-4691-45eb-9cbc-ffb9f16d336d. Size = 96.79 KB.
2018-11-13 00:03:03,624 23125  INFO  [e1b09f] Doing some complicated stuff.. Random numbers are: 831818300, 1461404409, 544346485.
2018-11-13 00:03:03,634 23135  INFO  [4ccab7] Doing some complicated stuff.. Random numbers are: 1627718544, 1372265140, 779651559.
2018-11-13 00:03:03,653 23154  INFO  [e1b09f] Finished processing user request with id = e1b09fbe-b1c3-466e-9f66-96e1cae955f3 in 00:00:00.0460095.
2018-11-13 00:03:03,666 23167  INFO  [BackgroundDaemon] Processing data (2% completed)..
2018-11-13 00:03:03,678 23179  ERROR [4ccab7] 
System.InvalidOperationException: Oh no! An error occurred!
2018-11-13 00:03:03,684 23185  INFO  [c78d51] Started processing user request. Id = c78d5190-b17a-4bac-99a1-623d7bc6aedf. Size = 48.73 KB.
2018-11-13 00:03:03,685 23186  INFO  [c78d51] Doing some complicated stuff.. Random numbers are: 1830277133, 1788913557, 140320525.
2018-11-13 00:03:03,691 23192  INFO  [462977] Started processing user request. Id = 462977bb-02ab-4baf-9a59-eac317233b38. Size = 73.72 KB.
2018-11-13 00:03:03,705 23206  INFO  [BackgroundDaemon] Processing data (46% completed)..
2018-11-13 00:03:03,707 23208  INFO  [462977] Doing some complicated stuff.. Random numbers are: 702801526, 1627207377, 1297616470.
2018-11-13 00:03:03,721 23223  INFO  [462977] Here's some useful guids:
		9b8b8317-396f-4b57-9070-ad588c09b066
		2434baaf-1a09-44b9-9c62-8091b3f2191b
		820ed126-cb50-4a0c-bbad-da1b0c74560b
		eee6f027-0d2e-4e44-8975-312ed1dd3460
2018-11-13 00:03:03,724 23226  ERROR [462977] 
System.InvalidOperationException: Oh no! An error occurred!
2018-11-13 00:03:03,726 23228  INFO  [BackgroundDaemon] Processing data (97% completed)..
2018-11-13 00:03:03,726 23228  INFO  [BackgroundDaemon] Finished iteration in 00:00:00.1227744.
2018-11-13 00:03:03,726 23228  INFO  [c78d51] Finished processing user request with id = c78d5190-b17a-4bac-99a1-623d7bc6aedf in 00:00:00.0423949.
2018-11-13 00:03:03,738 23239  INFO  [6df5a0] Started processing user request. Id = 6df5a078-e616-4b69-bd38-98e7d8a1d8e3. Size = 84.59 KB.
2018-11-13 00:03:03,743 23244  INFO  [373274] Started processing user request. Id = 373274e9-3890-4e00-881e-880345653955. Size = 82.59 KB.
2018-11-13 00:03:03,752 23253  INFO  [6df5a0] Doing some complicated stuff.. Random numbers are: 1951271184, 1991056776, 345941000.
2018-11-13 00:03:03,752 23253  INFO  [373274] Doing some complicated stuff.. Random numbers are: 347887910, 564728953, 1363302315.
2018-11-13 00:03:03,758 23259  INFO  [cd56ff] Started processing user request. Id = cd56ff99-2e6e-4542-ad2e-22c2b91a9994. Size = 14.48 KB.
2018-11-13 00:03:03,767 23268  INFO  [6df5a0] Finished processing user request with id = 6df5a078-e616-4b69-bd38-98e7d8a1d8e3 in 00:00:00.0289873.
2018-11-13 00:03:03,775 23276  INFO  [cd56ff] Doing some complicated stuff.. Random numbers are: 1092910235, 592657650, 1745163661.
2018-11-13 00:03:03,776 23277  INFO  [373274] Here's some useful guids:
		a2158d26-7997-4842-8606-b5b9678e5415
		fe559771-6f9a-44e3-af5b-ce2aaaf80ccf
		0bec3f6b-4ef9-45cb-8d82-a0fc3aa88c35
		17786efd-0bee-4ca9-9b89-1bf2e0eb3931
2018-11-13 00:03:03,780 23281  INFO  [373274] Finished processing user request with id = 373274e9-3890-4e00-881e-880345653955 in 00:00:00.0364323.
2018-11-13 00:03:03,781 23282  INFO  [e24454] Started processing user request. Id = e2445432-7e3d-4069-8801-38d0dc3ca633. Size = 94.28 KB.
2018-11-13 00:03:03,782 23283  INFO  [cd56ff] Here's some useful guids:
		168e07c3-789f-4b24-839f-dacc5bd06c04
		8750bfdb-bca0-4942-8bfd-74452080e3fb
		a00d9733-802f-4030-a2e0-7557d767bdda
		3c2eba38-c253-4bae-ad47-0a727b97e24f
2018-11-13 00:03:03,784 23286  INFO  [Metrics] Cpu: 0.05%; Memory: 19.79 GB/31.88 GB; Workers: 4/1024; IOCP: 0/1024
2018-11-13 00:03:03,787 23288  ERROR [cd56ff] 
System.InvalidOperationException: Oh no! An error occurred!
2018-11-13 00:03:03,797 23298  INFO  [e24454] Doing some complicated stuff.. Random numbers are: 2112763702, 1998342977, 1343213008.
2018-11-13 00:03:03,818 23319  INFO  [cc6c7c] Started processing user request. Id = cc6c7cad-10cd-40af-8840-19fc24aa13ab. Size = 14.85 KB.
2018-11-13 00:03:03,837 23338  INFO  [cc6c7c] Doing some complicated stuff.. Random numbers are: 2034030869, 667674176, 2130940240.
2018-11-13 00:03:03,846 23348  INFO  [e24454] Finished processing user request with id = e2445432-7e3d-4069-8801-38d0dc3ca633 in 00:00:00.0657097.
2018-11-13 00:03:03,860 23361  INFO  [227e2d] Started processing user request. Id = 227e2d67-6315-4160-8fdf-c8f92fcf97a6. Size = 87.72 KB.
2018-11-13 00:03:03,867 23368  INFO  [227e2d] Doing some complicated stuff.. Random numbers are: 363142993, 171703886, 1358959967.
2018-11-13 00:03:03,879 23380  INFO  [cc6c7c] Finished processing user request with id = cc6c7cad-10cd-40af-8840-19fc24aa13ab in 00:00:00.0601570.
2018-11-13 00:03:03,900 23401  INFO  [227e2d] Finished processing user request with id = 227e2d67-6315-4160-8fdf-c8f92fcf97a6 in 00:00:00.0399654.
2018-11-13 00:03:03,910 23411  INFO  [42d0a1] Started processing user request. Id = 42d0a1b7-f0a9-41f9-8fcc-3e73c1b7d0d9. Size = 52.6 KB.
2018-11-13 00:03:03,913 23414  INFO  [a8d0e7] Started processing user request. Id = a8d0e749-3b33-4be5-81d7-6b4cd0ab52bb. Size = 55.31 KB.
2018-11-13 00:03:03,918 23419  INFO  [42d0a1] Doing some complicated stuff.. Random numbers are: 672736804, 1339837066, 1817738813.
2018-11-13 00:03:03,927 23428  INFO  [BackgroundDaemon] Starting iteration #15494.
2018-11-13 00:03:03,930 23431  INFO  [a8d0e7] Doing some complicated stuff.. Random numbers are: 947590326, 1272213659, 1879044180.
2018-11-13 00:03:03,947 23449  INFO  [10beaf] Started processing user request. Id = 10beafc6-56a6-4ebb-99eb-2a2569cfca0c. Size = 50.94 KB.
2018-11-13 00:03:03,954 23456  INFO  [10beaf] Doing some complicated stuff.. Random numbers are: 1342006216, 560067264, 319068940.
2018-11-13 00:03:03,955 23457  INFO  [42d0a1] Finished processing user request with id = 42d0a1b7-f0a9-41f9-8fcc-3e73c1b7d0d9 in 00:00:00.0458558.
2018-11-13 00:03:03,960 23462  ERROR [a8d0e7] 
System.InvalidOperationException: Oh no! An error occurred!
2018-11-13 00:03:03,967 23468  INFO  [BackgroundDaemon] Processing data (2% completed)..
2018-11-13 00:03:03,974 23475  INFO  [85b94b] Started processing user request. Id = 85b94bdf-11e3-48bf-9c17-56f1e8cf4353. Size = 7.61 KB.
2018-11-13 00:03:03,987 23488  INFO  [8a947b] Started processing user request. Id = 8a947b70-43b0-4c2a-9f81-75289fea69be. Size = 60.25 KB.
2018-11-13 00:03:03,989 23490  INFO  [8a947b] Doing some complicated stuff.. Random numbers are: 1500634252, 398223183, 1565188133.
2018-11-13 00:03:03,990 23491  INFO  [10beaf] Finished processing user request with id = 10beafc6-56a6-4ebb-99eb-2a2569cfca0c in 00:00:00.0420855.
2018-11-13 00:03:03,992 23493  INFO  [85b94b] Doing some complicated stuff.. Random numbers are: 1281777544, 797032128, 1154460957.
2018-11-13 00:03:04,012 23513  INFO  [85b94b] Here's some useful guids:
		141b6b5e-85e6-476a-8122-7b5bb34aecab
		a6727319-a90c-40cc-905a-27f1e004f02c
		50dc9dec-c003-4f74-b5ac-fd7ef43f2873
		d1c3bc65-3fe5-48d1-8c91-6071f80b852c
2018-11-13 00:03:04,016 23517  INFO  [85b94b] Finished processing user request with id = 85b94bdf-11e3-48bf-9c17-56f1e8cf4353 in 00:00:00.0425198.
2018-11-13 00:03:04,023 23524  ERROR [8a947b] 
System.InvalidOperationException: Oh no! An error occurred!
2018-11-13 00:03:04,030 23531  INFO  [aa7aa5] Started processing user request. Id = aa7aa5bb-7573-4579-8b8a-21fa3fedc454. Size = 89.85 KB.
2018-11-13 00:03:04,044 23545  INFO  [aa7aa5] Doing some complicated stuff.. Random numbers are: 1873610140, 2088097247, 1991861958.
2018-11-13 00:03:04,048 23549  INFO  [BackgroundDaemon] Processing data (43% completed)..
2018-11-13 00:03:04,055 23556  INFO  [ba1b7b] Started processing user request. Id = ba1b7b6c-c004-4691-9c2c-2f69eb91a293. Size = 65.18 KB.
2018-11-13 00:03:04,055 23556  INFO  [ba1b7b] Doing some complicated stuff.. Random numbers are: 478722296, 686445668, 1369983581.
2018-11-13 00:03:04,070 23571  ERROR [ba1b7b] 
System.InvalidOperationException: Oh no! An error occurred!
2018-11-13 00:03:04,087 23588  INFO  [aa7aa5] Finished processing user request with id = aa7aa5bb-7573-4579-8b8a-21fa3fedc454 in 00:00:00.0571814.
2018-11-13 00:03:04,095 23596  INFO  [BackgroundDaemon] Processing data (70% completed)..
2018-11-13 00:03:04,095 23596  INFO  [BackgroundDaemon] Finished iteration in 00:00:00.1674573.
2018-11-13 00:03:04,100 23601  INFO  [9aa6ab] Started processing user request. Id = 9aa6ab51-47a1-4bf9-9ba3-fa25333a5f5b. Size = 76.74 KB.
2018-11-13 00:03:04,100 23601  INFO  [9aa6ab] Doing some complicated stuff.. Random numbers are: 1130008891, 370958433, 1216013895.
2018-11-13 00:03:04,101 23602  INFO  [82d1a7] Started processing user request. Id = 82d1a70e-4971-4034-a246-3f5efdedfe36. Size = 53.92 KB.
2018-11-13 00:03:04,116 23617  INFO  [82d1a7] Doing some complicated stuff.. Random numbers are: 1846820540, 724360476, 587659517.
2018-11-13 00:03:04,117 23618  INFO  [9aa6ab] Here's some useful guids:
		48815c7d-6c69-4c82-88ca-0c296f014948
		15653403-dd1d-435f-aab6-ee7fd75d4317
2018-11-13 00:03:04,139 23641  INFO  [9aa6ab] Finished processing user request with id = 9aa6ab51-47a1-4bf9-9ba3-fa25333a5f5b in 00:00:00.0395979.
2018-11-13 00:03:04,152 23653  INFO  [82d1a7] Finished processing user request with id = 82d1a70e-4971-4034-a246-3f5efdedfe36 in 00:00:00.0509273.
2018-11-13 00:03:04,153 23654  INFO  [a0c8e6] Started processing user request. Id = a0c8e6d1-0724-4eea-9290-f4489aaaaca2. Size = 91.83 KB.
2018-11-13 00:03:04,157 23658  INFO  [6bcd4c] Started processing user request. Id = 6bcd4c25-cefc-4183-8125-a2c42a4ab207. Size = 75.71 KB.
2018-11-13 00:03:04,165 23666  INFO  [6bcd4c] Doing some complicated stuff.. Random numbers are: 2116585939, 798848876, 1693918450.
2018-11-13 00:03:04,169 23670  INFO  [a0c8e6] Doing some complicated stuff.. Random numbers are: 43948030, 1790675322, 2019370079.
2018-11-13 00:03:04,183 23684  INFO  [f854aa] Started processing user request. Id = f854aa0e-18e8-4407-92a3-907d0ff43482. Size = 81.87 KB.
2018-11-13 00:03:04,187 23688  INFO  [f854aa] Doing some complicated stuff.. Random numbers are: 1422655069, 1847910767, 1985141049.
2018-11-13 00:03:04,195 23696  INFO  [a0c8e6] Finished processing user request with id = a0c8e6d1-0724-4eea-9290-f4489aaaaca2 in 00:00:00.0420987.
2018-11-13 00:03:04,200 23701  INFO  [6bcd4c] Here's some useful guids:
		8e4252e3-2c1a-4d2c-80b8-dd8f4ec721cb
		c1a60173-bb72-461b-b49f-ac5fde2a03ad
		2e5e931e-6a8c-4ec9-b030-656253ccd0ce
		d47e7581-26ee-4ecb-af82-62f317b46b45
2018-11-13 00:03:04,205 23706  INFO  [f854aa] Here's some useful guids:
		1284d6d8-30eb-4801-b5b4-5219fe08cd74
2018-11-13 00:03:04,208 23709  INFO  [4c0a77] Started processing user request. Id = 4c0a7792-d486-4fbd-a6df-8b43cc913348. Size = 79.02 KB.
2018-11-13 00:03:04,209 23710  INFO  [f854aa] Finished processing user request with id = f854aa0e-18e8-4407-92a3-907d0ff43482 in 00:00:00.0264712.
2018-11-13 00:03:04,220 23721  INFO  [6bcd4c] Finished processing user request with id = 6bcd4c25-cefc-4183-8125-a2c42a4ab207 in 00:00:00.0631106.
2018-11-13 00:03:04,221 23722  INFO  [4c0a77] Doing some complicated stuff.. Random numbers are: 1409733869, 33641919, 531939269.
2018-11-13 00:03:04,241 23742  INFO  [c57472] Started processing user request. Id = c57472f3-185f-43a5-8303-9a2d1005bfad. Size = 94.8 KB.
2018-11-13 00:03:04,246 23747  INFO  [c57472] Doing some complicated stuff.. Random numbers are: 554524866, 1604010605, 1578584284.
2018-11-13 00:03:04,264 23766  INFO  [4c0a77] Finished processing user request with id = 4c0a7792-d486-4fbd-a6df-8b43cc913348 in 00:00:00.0561465.
2018-11-13 00:03:04,267 23769  INFO  [c57472] Here's some useful guids:
		bc520a27-3ad2-4b4f-bc14-033fa6375453
		ddac0404-7d96-4660-b42a-f6a571b26717
		555dda1f-6090-4560-851c-31562e938523
		b6070c31-b3e3-469b-9f20-024af3629082
2018-11-13 00:03:04,278 23779  INFO  [80fea2] Started processing user request. Id = 80fea289-854e-4fc4-aee9-d8e3a79a1896. Size = 87.8 KB.
2018-11-13 00:03:04,283 23784  INFO  [c57472] Finished processing user request with id = c57472f3-185f-43a5-8303-9a2d1005bfad in 00:00:00.0416008.
2018-11-13 00:03:04,284 23785  INFO  [Metrics] Cpu: 0.59%; Memory: 19.79 GB/31.88 GB; Workers: 4/1024; IOCP: 0/1024
2018-11-13 00:03:04,289 23790  INFO  [80fea2] Doing some complicated stuff.. Random numbers are: 105937267, 195658385, 909056437.
2018-11-13 00:03:04,295 23796  INFO  [80fea2] Here's some useful guids:
		2f7fa9b5-5d1b-46b1-acbd-880680240c17
		4a9677a4-4119-4fec-b347-a015c68d0279
		878f7d07-0662-4ec1-bced-779883c0a8a3
		b52d0f3a-36d8-415f-9b9e-e891cde3a7be
		96152f1d-3de1-4fed-9c99-243fb3214d67
2018-11-13 00:03:04,296 23797  INFO  [BackgroundDaemon] Starting iteration #15495.
2018-11-13 00:03:04,311 23812  INFO  [80fea2] Finished processing user request with id = 80fea289-854e-4fc4-aee9-d8e3a79a1896 in 00:00:00.0329635.
2018-11-13 00:03:04,314 23815  INFO  [10a70c] Started processing user request. Id = 10a70c81-e7e7-436d-af23-e3f1f2522207. Size = 73.93 KB.
2018-11-13 00:03:04,316 23817  INFO  [10a70c] Doing some complicated stuff.. Random numbers are: 2018183660, 1186547600, 1002232791.
2018-11-13 00:03:04,324 23825  INFO  [35e9aa] Started processing user request. Id = 35e9aab1-6330-4a6d-87cf-c9772e27d5a4. Size = 3 KB.
2018-11-13 00:03:04,328 23829  INFO  [BackgroundDaemon] Processing data (0% completed)..
2018-11-13 00:03:04,343 23844  INFO  [35e9aa] Doing some complicated stuff.. Random numbers are: 592054168, 515004828, 1481691962.
2018-11-13 00:03:04,343 23844  INFO  [10a70c] Finished processing user request with id = 10a70c81-e7e7-436d-af23-e3f1f2522207 in 00:00:00.0291137.
2018-11-13 00:03:04,352 23853  INFO  [35e9aa] Here's some useful guids:
		34d5c411-a6f7-4293-aa00-c0ee3f6be9e8
		d18b01e0-0cdc-4a98-a1da-14d836e4348c
		26ee84ca-8ab7-4c1f-b141-3cf6b64e3836
		5ab41220-4649-463c-b531-cafe2f6c8e47
		8c27b354-e01e-4910-941e-c22a926172ff
2018-11-13 00:03:04,360 23862  INFO  [BackgroundDaemon] Processing data (30% completed)..
2018-11-13 00:03:04,374 23875  INFO  [d877c4] Started processing user request. Id = d877c47d-18a2-4602-bbe1-eedb7aebeb46. Size = 78.43 KB.
2018-11-13 00:03:04,379 23881  INFO  [35e9aa] Finished processing user request with id = 35e9aab1-6330-4a6d-87cf-c9772e27d5a4 in 00:00:00.0550797.
2018-11-13 00:03:04,387 23889  INFO  [2d65e6] Started processing user request. Id = 2d65e6fc-547d-4221-8daa-3b112cf3c96b. Size = 703 B.
2018-11-13 00:03:04,387 23889  INFO  [2d65e6] Doing some complicated stuff.. Random numbers are: 1418019714, 1243834832, 1837314302.
2018-11-13 00:03:04,392 23894  INFO  [d877c4] Doing some complicated stuff.. Random numbers are: 532935051, 1198695507, 1211697244.
2018-11-13 00:03:04,393 23895  INFO  [baa06a] Started processing user request. Id = baa06abd-967c-4c13-b797-fd35b264775d. Size = 91.48 KB.
2018-11-13 00:03:04,402 23903  INFO  [baa06a] Doing some complicated stuff.. Random numbers are: 830162111, 917756484, 561104795.
2018-11-13 00:03:04,415 23916  INFO  [2d65e6] Here's some useful guids:
		a1d80fea-24d2-40dc-80eb-81b69216968f
2018-11-13 00:03:04,422 23923  INFO  [d877c4] Here's some useful guids:
		c65ed755-cb53-4caf-a983-48e4d86ee7b6
		841dacb3-6109-4611-8a19-aa47dba7d294
2018-11-13 00:03:04,432 23933  INFO  [2d65e6] Finished processing user request with id = 2d65e6fc-547d-4221-8daa-3b112cf3c96b in 00:00:00.0440424.
2018-11-13 00:03:04,440 23941  INFO  [baa06a] Here's some useful guids:
		55cbb1a4-9f93-4ba8-8f16-c14ccf023ff6
2018-11-13 00:03:04,440 23941  INFO  [baa06a] Finished processing user request with id = baa06abd-967c-4c13-b797-fd35b264775d in 00:00:00.0461256.
2018-11-13 00:03:04,446 23947  INFO  [d877c4] Finished processing user request with id = d877c47d-18a2-4602-bbe1-eedb7aebeb46 in 00:00:00.0715107.
2018-11-13 00:03:04,452 23953  INFO  [BackgroundDaemon] Processing data (90% completed)..
2018-11-13 00:03:04,452 23953  INFO  [BackgroundDaemon] Finished iteration in 00:00:00.1566279.
2018-11-13 00:03:04,453 23954  INFO  [e97fe6] Started processing user request. Id = e97fe6f5-5cfe-4e09-84ae-95e7b060f768. Size = 18.22 KB.
2018-11-13 00:03:04,470 23972  INFO  [e97fe6] Doing some complicated stuff.. Random numbers are: 695142328, 1225749469, 831347930.
2018-11-13 00:03:04,477 23979  INFO  [d68e7c] Started processing user request. Id = d68e7cca-e737-475b-889f-03469d667dd1. Size = 76.04 KB.
2018-11-13 00:03:04,479 23981  INFO  [e97fe6] Here's some useful guids:
		5de7b915-7666-4235-a43f-6a5793d3178c
		d0745ffe-ffcc-4d19-b4aa-8d68df8126a9
		44724abf-1812-4914-b8b2-a3a067aa4a3e
		9fdcbb08-f137-4041-8ef2-2adff7c34d49
		87ec1c18-fe1e-4d89-b573-74745d11ea44
2018-11-13 00:03:04,483 23984  INFO  [d68e7c] Doing some complicated stuff.. Random numbers are: 1366365204, 179494978, 875494201.
2018-11-13 00:03:04,492 23993  INFO  [e97fe6] Finished processing user request with id = e97fe6f5-5cfe-4e09-84ae-95e7b060f768 in 00:00:00.0385223.
2018-11-13 00:03:04,505 24006  INFO  [0ac8d9] Started processing user request. Id = 0ac8d9de-e531-4add-8730-c7505463ae9b. Size = 80.88 KB.
2018-11-13 00:03:04,505 24006  INFO  [0ac8d9] Doing some complicated stuff.. Random numbers are: 6317142, 1752781725, 182756259.
2018-11-13 00:03:04,506 24007  INFO  [d68e7c] Finished processing user request with id = d68e7cca-e737-475b-889f-03469d667dd1 in 00:00:00.0289181.
2018-11-13 00:03:04,538 24039  INFO  [4d97d8] Started processing user request. Id = 4d97d89c-291f-4248-8427-38df439ac28b. Size = 12.26 KB.
2018-11-13 00:03:04,541 24042  ERROR [0ac8d9] 
System.InvalidOperationException: Oh no! An error occurred!
2018-11-13 00:03:04,554 24056  INFO  [4d97d8] Doing some complicated stuff.. Random numbers are: 313758337, 73093949, 916537905.
2018-11-13 00:03:04,554 24056  INFO  [725396] Started processing user request. Id = 7253965e-7cd1-44f9-9b1d-d40d46749fa3. Size = 75.25 KB.
2018-11-13 00:03:04,554 24056  INFO  [725396] Doing some complicated stuff.. Random numbers are: 96284979, 1684453852, 543854240.
2018-11-13 00:03:04,585 24086  INFO  [725396] Here's some useful guids:
		3ca997e5-d2ed-4c87-957b-e0c5891fa5e1
2018-11-13 00:03:04,593 24094  INFO  [4d97d8] Here's some useful guids:
		d00abfd7-042c-4b00-851b-f365b8105808
		a7149e3e-c532-447a-b73d-bb63d40edd87
		e65e4848-c863-4f94-8043-644d48975dbe
		bc6c87b1-a8ce-4c87-afd3-7e00cda202e3
2018-11-13 00:03:04,599 24100  INFO  [a07aad] Started processing user request. Id = a07aad06-e4c6-455f-ba60-c200d261056c. Size = 34.89 KB.
2018-11-13 00:03:04,601 24102  INFO  [4d97d8] Finished processing user request with id = 4d97d89c-291f-4248-8427-38df439ac28b in 00:00:00.0637631.
2018-11-13 00:03:04,604 24105  INFO  [725396] Finished processing user request with id = 7253965e-7cd1-44f9-9b1d-d40d46749fa3 in 00:00:00.0498983.
2018-11-13 00:03:04,615 24116  INFO  [a07aad] Doing some complicated stuff.. Random numbers are: 781592630, 618809234, 562845253.
2018-11-13 00:03:04,618 24119  INFO  [6687b5] Started processing user request. Id = 6687b5e5-ef9c-4c14-9482-31a37fa843eb. Size = 48.38 KB.
2018-11-13 00:03:04,633 24134  INFO  [6879b6] Started processing user request. Id = 6879b6c0-88fa-4b71-a1e9-19645ca4ad1a. Size = 38.65 KB.
2018-11-13 00:03:04,637 24138  INFO  [6687b5] Doing some complicated stuff.. Random numbers are: 1898870275, 1969744937, 586010620.
2018-11-13 00:03:04,639 24140  INFO  [a07aad] Finished processing user request with id = a07aad06-e4c6-455f-ba60-c200d261056c in 00:00:00.0399645.
2018-11-13 00:03:04,645 24146  INFO  [6879b6] Doing some complicated stuff.. Random numbers are: 1076883158, 1370505601, 1557234326.
2018-11-13 00:03:04,652 24154  INFO  [BackgroundDaemon] Starting iteration #15496.
2018-11-13 00:03:04,657 24159  INFO  [6879b6] Here's some useful guids:
		9d3fec87-dddb-494d-82e0-ddf367db03dd
		3d94818f-6e41-4762-a4a4-4902c05bc166
		3fff1c66-d4f0-4b1a-abb7-c19c724633db
		f18da831-6cab-4061-a3e8-9ae87e1783a2
2018-11-13 00:03:04,658 24160  INFO  [6687b5] Here's some useful guids:
		95a91c27-d2b3-4ddc-8b1b-c5ce66f9d999
		29d3842f-ed6f-4d5f-88fd-5e9047706a24
		672302e7-6bf0-4d91-b03f-888232fd2064
		5c0bc09b-eb25-4eba-b321-09aa36e08926
2018-11-13 00:03:04,677 24178  INFO  [6879b6] Finished processing user request with id = 6879b6c0-88fa-4b71-a1e9-19645ca4ad1a in 00:00:00.0439459.
2018-11-13 00:03:04,680 24181  INFO  [6687b5] Finished processing user request with id = 6687b5e5-ef9c-4c14-9482-31a37fa843eb in 00:00:00.0627889.
2018-11-13 00:03:04,694 24195  INFO  [99db8d] Started processing user request. Id = 99db8d77-7049-4c3e-b4dd-bd68d3f8057c. Size = 46.14 KB.
2018-11-13 00:03:04,708 24209  INFO  [c34eab] Started processing user request. Id = c34eabb5-42da-4bc8-9283-09074baccc45. Size = 1.68 KB.
2018-11-13 00:03:04,712 24214  INFO  [99db8d] Doing some complicated stuff.. Random numbers are: 761162301, 1160712410, 11699801.
2018-11-13 00:03:04,721 24223  INFO  [c34eab] Doing some complicated stuff.. Random numbers are: 510398073, 695568472, 1407244053.
2018-11-13 00:03:04,727 24228  INFO  [99db8d] Finished processing user request with id = 99db8d77-7049-4c3e-b4dd-bd68d3f8057c in 00:00:00.0336429.
2018-11-13 00:03:04,741 24242  INFO  [852d1d] Started processing user request. Id = 852d1d80-b0e6-4a94-a11a-5852ba76e0d0. Size = 33.59 KB.
2018-11-13 00:03:04,745 24246  INFO  [BackgroundDaemon] Processing data (1% completed)..
2018-11-13 00:03:04,754 24255  INFO  [c34eab] Finished processing user request with id = c34eabb5-42da-4bc8-9283-09074baccc45 in 00:00:00.0452412.
2018-11-13 00:03:04,755 24256  INFO  [852d1d] Doing some complicated stuff.. Random numbers are: 860954899, 1554386422, 341408511.
2018-11-13 00:03:04,764 24266  INFO  [852d1d] Here's some useful guids:
		d85ecc01-e378-4fd9-be42-ec2779af555b
2018-11-13 00:03:04,768 24270  INFO  [852d1d] Finished processing user request with id = 852d1d80-b0e6-4a94-a11a-5852ba76e0d0 in 00:00:00.0276102.
2018-11-13 00:03:04,782 24283  INFO  [1957fb] Started processing user request. Id = 1957fb3b-bf52-4599-a970-9c271e668462. Size = 79.67 KB.
2018-11-13 00:03:04,784 24285  INFO  [Metrics] Cpu: 0.59%; Memory: 19.79 GB/31.88 GB; Workers: 4/1024; IOCP: 0/1024
2018-11-13 00:03:04,786 24287  INFO  [f51fae] Started processing user request. Id = f51fae90-ed27-4d5f-9c72-fd3bf2ed693d. Size = 52.22 KB.
2018-11-13 00:03:04,791 24292  INFO  [f51fae] Doing some complicated stuff.. Random numbers are: 1571573598, 102570501, 1983943834.
2018-11-13 00:03:04,800 24301  INFO  [1957fb] Doing some complicated stuff.. Random numbers are: 198983430, 1496661877, 31697579.
2018-11-13 00:03:04,803 24304  INFO  [f51fae] Here's some useful guids:
		92a06851-0204-4fb9-8078-b103d6d71ec6
		f5a7fd87-7dd5-47e0-8776-2b3cb06de33c
		996148ce-1c21-4f7d-8b15-3ff8d7b4444c
		f5548334-2344-4cba-8c6c-df54c2fdd612
2018-11-13 00:03:04,807 24308  INFO  [e7ae30] Started processing user request. Id = e7ae309e-06ad-44fe-87dd-91223d28039a. Size = 13.22 KB.
2018-11-13 00:03:04,810 24311  INFO  [BackgroundDaemon] Processing data (45% completed)..
2018-11-13 00:03:04,823 24324  INFO  [e7ae30] Doing some complicated stuff.. Random numbers are: 279772378, 1742832001, 1777299647.
2018-11-13 00:03:04,830 24331  INFO  [f51fae] Finished processing user request with id = f51fae90-ed27-4d5f-9c72-fd3bf2ed693d in 00:00:00.0444031.
2018-11-13 00:03:04,861 24362  INFO  [179c20] Started processing user request. Id = 179c2070-5259-4fdc-b6ab-a8c5f8521c51. Size = 59.27 KB.
2018-11-13 00:03:04,864 24365  INFO  [179c20] Doing some complicated stuff.. Random numbers are: 47698130, 1634542962, 403384324.
2018-11-13 00:03:04,865 24366  INFO  [1957fb] Finished processing user request with id = 1957fb3b-bf52-4599-a970-9c271e668462 in 00:00:00.0838726.
2018-11-13 00:03:04,870 24371  INFO  [e7ae30] Finished processing user request with id = e7ae309e-06ad-44fe-87dd-91223d28039a in 00:00:00.0637798.
2018-11-13 00:03:04,879 24380  INFO  [43440b] Started processing user request. Id = 43440bcb-cbab-45a3-b634-a3d566bf5c87. Size = 71.65 KB.
2018-11-13 00:03:04,881 24382  INFO  [179c20] Here's some useful guids:
		2ebfd346-d515-46d8-aa7a-fd30af1bfe61
		00a88445-8c13-46de-85f5-206df3c75836
2018-11-13 00:03:04,885 24386  INFO  [43440b] Doing some complicated stuff.. Random numbers are: 2021531865, 2134145894, 1770616595.
2018-11-13 00:03:04,900 24401  ERROR [179c20] 
System.InvalidOperationException: Oh no! An error occurred!
2018-11-13 00:03:04,901 24402  INFO  [BackgroundDaemon] Processing data (79% completed)..
2018-11-13 00:03:04,901 24402  INFO  [BackgroundDaemon] Finished iteration in 00:00:00.2482438.
2018-11-13 00:03:04,908 24409  INFO  [43440b] Here's some useful guids:
		5caa22fd-02f6-4158-ba3a-7b846d93f559
		9db37630-7c32-4d76-9f74-f0f65a7063b1
		0ce08105-9b89-447b-9e7d-bf7a9b871bc3
		224923c5-4743-4fe8-8072-ed92d5b6e966
		7ccba05f-3951-4dd9-b3ff-35c2e895588a
2018-11-13 00:03:04,928 24429  INFO  [43440b] Finished processing user request with id = 43440bcb-cbab-45a3-b634-a3d566bf5c87 in 00:00:00.0490218.
2018-11-13 00:03:04,931 24432  INFO  [2a993f] Started processing user request. Id = 2a993fba-0114-4a3d-96ba-612881b51cc1. Size = 76.53 KB.
2018-11-13 00:03:04,933 24434  INFO  [2a993f] Doing some complicated stuff.. Random numbers are: 1310593580, 170016154, 1282377824.
2018-11-13 00:03:04,933 24434  INFO  [2a993f] Here's some useful guids:
		5b7a1f36-6b66-4b25-962d-46b29f986db5
		13dd0d03-3280-4fa2-ae09-60ad00d81e55
		d23ff8c1-202e-46f5-bb96-b6025530930f
2018-11-13 00:03:04,942 24443  INFO  [dfcf55] Started processing user request. Id = dfcf55de-46b0-42c6-a506-4ad58e4e7bb9. Size = 76.45 KB.
2018-11-13 00:03:04,947 24448  INFO  [dfcf55] Doing some complicated stuff.. Random numbers are: 1812382189, 131998143, 1195669518.
2018-11-13 00:03:04,957 24458  INFO  [2a993f] Finished processing user request with id = 2a993fba-0114-4a3d-96ba-612881b51cc1 in 00:00:00.0265146.
2018-11-13 00:03:04,959 24460  INFO  [dfcf55] Here's some useful guids:
		2a721eff-eb44-4da7-8d7a-f3cdd157a6d0
2018-11-13 00:03:04,967 24468  INFO  [dfcf55] Finished processing user request with id = dfcf55de-46b0-42c6-a506-4ad58e4e7bb9 in 00:00:00.0250229.
2018-11-13 00:03:04,981 24482  INFO  [7a532a] Started processing user request. Id = 7a532a28-4ad1-46ca-b8ff-b5ca12290553. Size = 66.54 KB.
2018-11-13 00:03:04,981 24482  INFO  [7a532a] Doing some complicated stuff.. Random numbers are: 855330300, 88622638, 1142691948.
2018-11-13 00:03:04,988 24489  INFO  [e0c2f9] Started processing user request. Id = e0c2f970-0bbb-4aef-a877-ed12128b88cf. Size = 67.83 KB.
2018-11-13 00:03:05,008 24509  INFO  [e0c2f9] Doing some complicated stuff.. Random numbers are: 546156906, 1426896829, 1602092502.
2018-11-13 00:03:05,027 24528  INFO  [7a532a] Finished processing user request with id = 7a532a28-4ad1-46ca-b8ff-b5ca12290553 in 00:00:00.0461347.
2018-11-13 00:03:05,038 24539  INFO  [7ed783] Started processing user request. Id = 7ed7833e-7a85-4e9f-ae13-96ad87707425. Size = 36.63 KB.
2018-11-13 00:03:05,041 24542  INFO  [9d1af7] Started processing user request. Id = 9d1af7c6-1d35-41bf-9322-569e8f7f68b7. Size = 33.34 KB.
2018-11-13 00:03:05,047 24548  INFO  [7ed783] Doing some complicated stuff.. Random numbers are: 605358899, 2087121040, 1028993211.
2018-11-13 00:03:05,054 24555  INFO  [9d1af7] Doing some complicated stuff.. Random numbers are: 247463814, 223074213, 1750542310.
2018-11-13 00:03:05,059 24561  INFO  [e0c2f9] Finished processing user request with id = e0c2f970-0bbb-4aef-a877-ed12128b88cf in 00:00:00.0711225.
2018-11-13 00:03:05,082 24583  INFO  [9d1af7] Here's some useful guids:
		4938bee7-ca97-4bd4-9987-83f73a77e409
		6f6dc1ba-32f3-40f8-9a8e-7f80fb4925e7
		8217904e-c936-4d02-bbfe-9c2f04e8abac
2018-11-13 00:03:05,083 24584  INFO  [7ed783] Here's some useful guids:
		2fb409bb-1b2a-4ec2-b7ff-8a1eab840a8a
		ce045a63-cc56-4681-a11d-6d6483b9583b
		1d7f9579-b1e9-4cf6-93d4-bba5bf531ba6
		d1089392-27ac-459e-a91a-6218455ced04
2018-11-13 00:03:05,091 24593  INFO  [01051e] Started processing user request. Id = 01051ec0-4c48-4802-95f4-d9008907f4a1. Size = 32.56 KB.
2018-11-13 00:03:05,097 24599  INFO  [01051e] Doing some complicated stuff.. Random numbers are: 1397516720, 980424791, 1924917792.
2018-11-13 00:03:05,101 24603  INFO  [BackgroundDaemon] Starting iteration #15497.
2018-11-13 00:03:05,102 24604  INFO  [9d1af7] Finished processing user request with id = 9d1af7c6-1d35-41bf-9322-569e8f7f68b7 in 00:00:00.0610942.
2018-11-13 00:03:05,108 24610  INFO  [7ed783] Finished processing user request with id = 7ed7833e-7a85-4e9f-ae13-96ad87707425 in 00:00:00.0700984.
2018-11-13 00:03:05,117 24618  INFO  [829481] Started processing user request. Id = 82948182-1ec3-40eb-80b6-fa550a1b3ae5. Size = 16.56 KB.
2018-11-13 00:03:05,129 24631  ERROR [01051e] 
System.InvalidOperationException: Oh no! An error occurred!
2018-11-13 00:03:05,131 24632  INFO  [829481] Doing some complicated stuff.. Random numbers are: 864391663, 1150180325, 1366820676.
2018-11-13 00:03:05,161 24662  INFO  [e928b6] Started processing user request. Id = e928b661-2aa6-4b02-ac7f-732762d6ff58. Size = 4.89 KB.
2018-11-13 00:03:05,173 24674  INFO  [829481] Finished processing user request with id = 82948182-1ec3-40eb-80b6-fa550a1b3ae5 in 00:00:00.0567348.
2018-11-13 00:03:05,179 24680  INFO  [e928b6] Doing some complicated stuff.. Random numbers are: 339985263, 992719159, 760860078.
2018-11-13 00:03:05,186 24687  INFO  [072f04] Started processing user request. Id = 072f0494-b53b-4389-9098-44198ccd5fb7. Size = 52.59 KB.
2018-11-13 00:03:05,188 24689  INFO  [e928b6] Here's some useful guids:
		5f97ef51-e33c-456b-9e15-8e524bf62a77
		5d0faa98-1834-4e78-aa37-f3fa0e96ad94
		fa3f5921-3a45-4f17-95a4-f82797afabcb
2018-11-13 00:03:05,195 24696  INFO  [072f04] Doing some complicated stuff.. Random numbers are: 1825090148, 1753877231, 1320053762.
2018-11-13 00:03:05,198 24700  INFO  [BackgroundDaemon] Processing data (16% completed)..
2018-11-13 00:03:05,203 24705  INFO  [072f04] Here's some useful guids:
		6cfd3014-2242-45ed-b980-d14435d12e84
		894ee27a-3ef2-4fec-85bb-e6ead49dcfbe
		3bf1edb7-cc4b-4e55-9dff-ec539dcce315
		d86f9e3e-650e-49ce-85e9-3bca28119afb
2018-11-13 00:03:05,206 24708  INFO  [e928b6] Finished processing user request with id = e928b661-2aa6-4b02-ac7f-732762d6ff58 in 00:00:00.0459295.
2018-11-13 00:03:05,230 24731  ERROR [072f04] 
System.InvalidOperationException: Oh no! An error occurred!
2018-11-13 00:03:05,238 24739  INFO  [3941fe] Started processing user request. Id = 3941fee2-1c96-42a8-b72c-b1bf6b54f373. Size = 44.22 KB.
2018-11-13 00:03:05,243 24744  INFO  [0a2a92] Started processing user request. Id = 0a2a9232-1b3a-470e-b1e6-70b41dde0326. Size = 45.31 KB.
2018-11-13 00:03:05,257 24758  INFO  [3941fe] Doing some complicated stuff.. Random numbers are: 1884054090, 1955324551, 1784255661.
2018-11-13 00:03:05,261 24762  INFO  [0a2a92] Doing some complicated stuff.. Random numbers are: 1316325244, 255191728, 1296374753.
2018-11-13 00:03:05,276 24777  INFO  [9044c0] Started processing user request. Id = 9044c0e2-9a72-4f4d-a4fe-3bc3ead5d78f. Size = 75.51 KB.
2018-11-13 00:03:05,277 24778  INFO  [3941fe] Here's some useful guids:
		bc00e02d-9569-4102-96f1-8e9110f9aff8
		43eb424d-cdaa-44b7-8da0-a30412785c92
		268dea82-3215-476c-aef8-d2cb6c7bc8d4
		73375191-44ca-4a40-b980-53a4e672c2db
2018-11-13 00:03:05,280 24781  INFO  [BackgroundDaemon] Processing data (49% completed)..
2018-11-13 00:03:05,283 24784  INFO  [Metrics] Cpu: 0.96%; Memory: 19.79 GB/31.88 GB; Workers: 4/1024; IOCP: 0/1024
2018-11-13 00:03:05,288 24789  INFO  [9044c0] Doing some complicated stuff.. Random numbers are: 1818242576, 1265003829, 441581297.
2018-11-13 00:03:05,296 24797  INFO  [9044c0] Finished processing user request with id = 9044c0e2-9a72-4f4d-a4fe-3bc3ead5d78f in 00:00:00.0200036.
2018-11-13 00:03:05,296 24797  INFO  [0a2a92] Finished processing user request with id = 0a2a9232-1b3a-470e-b1e6-70b41dde0326 in 00:00:00.0530352.
2018-11-13 00:03:05,306 24807  INFO  [3941fe] Finished processing user request with id = 3941fee2-1c96-42a8-b72c-b1bf6b54f373 in 00:00:00.0680712.
2018-11-13 00:03:05,310 24811  INFO  [202e19] Started processing user request. Id = 202e197a-df0b-4034-a6dd-e496246578a2. Size = 2.83 KB.
2018-11-13 00:03:05,318 24819  INFO  [202e19] Doing some complicated stuff.. Random numbers are: 565863665, 1887195845, 1060290813.
2018-11-13 00:03:05,338 24839  INFO  [585d71] Started processing user request. Id = 585d71b1-a51f-4f7e-92c5-ff468d688cd0. Size = 1.48 KB.
2018-11-13 00:03:05,339 24840  INFO  [202e19] Here's some useful guids:
		06a026c3-2123-4b4e-b620-b3d446f5de09
2018-11-13 00:03:05,344 24845  INFO  [585d71] Doing some complicated stuff.. Random numbers are: 1606034001, 2059947836, 1494118278.
2018-11-13 00:03:05,347 24848  INFO  [202e19] Finished processing user request with id = 202e197a-df0b-4034-a6dd-e496246578a2 in 00:00:00.0368807.
2018-11-13 00:03:05,348 24849  INFO  [BackgroundDaemon] Processing data (75% completed)..
2018-11-13 00:03:05,348 24849  INFO  [BackgroundDaemon] Finished iteration in 00:00:00.2467594.
2018-11-13 00:03:05,359 24861  INFO  [585d71] Finished processing user request with id = 585d71b1-a51f-4f7e-92c5-ff468d688cd0 in 00:00:00.0214493.
2018-11-13 00:03:05,360 24862  INFO  [7b7915] Started processing user request. Id = 7b7915cf-d3cc-4c94-8a75-244fa43084d1. Size = 74.77 KB.
2018-11-13 00:03:05,375 24876  INFO  [7b7915] Doing some complicated stuff.. Random numbers are: 1441215886, 1986989762, 199720909.
2018-11-13 00:03:05,391 24893  INFO  [7fb37c] Started processing user request. Id = 7fb37cb1-11aa-4792-a520-ef7e9ea0faeb. Size = 70.07 KB.
2018-11-13 00:03:05,391 24893  INFO  [7fb37c] Doing some complicated stuff.. Random numbers are: 206221745, 22884742, 1061809555.
2018-11-13 00:03:05,418 24919  INFO  [7fb37c] Finished processing user request with id = 7fb37cb1-11aa-4792-a520-ef7e9ea0faeb in 00:00:00.0265583.
2018-11-13 00:03:05,423 24924  INFO  [7b7915] Finished processing user request with id = 7b7915cf-d3cc-4c94-8a75-244fa43084d1 in 00:00:00.0626006.
2018-11-13 00:03:05,436 24937  INFO  [f86da8] Started processing user request. Id = f86da8bd-8d78-4977-823d-fa2032b26069. Size = 49.12 KB.
2018-11-13 00:03:05,450 24951  INFO  [f5df21] Started processing user request. Id = f5df21e7-7f33-4970-a362-a1a0d9dbede4. Size = 62.2 KB.
2018-11-13 00:03:05,450 24951  INFO  [f5df21] Doing some complicated stuff.. Random numbers are: 861365175, 584410397, 582455591.
2018-11-13 00:03:05,450 24951  INFO  [f5df21] Here's some useful guids:
		96b3784a-8db2-4089-a04c-ca2ec1dc9c3e
		f9d4fd54-49f2-4e0b-b893-ed49fcd02f4b
		a51a51cc-fd23-4acd-bd0e-9fb179e9dd4f
		beec85f5-e7f7-4e96-9d9a-2522bfca2c51
2018-11-13 00:03:05,453 24954  INFO  [f86da8] Doing some complicated stuff.. Random numbers are: 844543546, 2143236474, 890077973.
2018-11-13 00:03:05,463 24964  INFO  [f5df21] Finished processing user request with id = f5df21e7-7f33-4970-a362-a1a0d9dbede4 in 00:00:00.0130841.
2018-11-13 00:03:05,464 24965  INFO  [5c575d] Started processing user request. Id = 5c575d1a-595b-4537-9729-45efce7509af. Size = 68.45 KB.
2018-11-13 00:03:05,466 24967  INFO  [5c575d] Doing some complicated stuff.. Random numbers are: 1074362421, 227278262, 2020461591.
2018-11-13 00:03:05,474 24975  INFO  [f86da8] Here's some useful guids:
		8a0ef7cc-823a-42a1-9b78-2c20c379d663
		43652dd3-0283-4977-8a2c-4441cb7da2cb
		b1643fa5-e88e-4038-9252-62273e921047
		61b911bd-f844-45a9-bef0-0cac25f09a3b
2018-11-13 00:03:05,483 24985  INFO  [5c575d] Finished processing user request with id = 5c575d1a-595b-4537-9729-45efce7509af in 00:00:00.0195550.
2018-11-13 00:03:05,490 24991  INFO  [f86da8] Finished processing user request with id = f86da8bd-8d78-4977-823d-fa2032b26069 in 00:00:00.0541577.
2018-11-13 00:03:05,494 24995  INFO  [b96dd8] Started processing user request. Id = b96dd800-54d4-49e7-8aa9-f3113f67771c. Size = 80.47 KB.
2018-11-13 00:03:05,503 25005  INFO  [3d92ee] Started processing user request. Id = 3d92ee10-2942-4eb0-8bdb-c85773f14395. Size = 78.4 KB.
2018-11-13 00:03:05,506 25008  INFO  [3d92ee] Doing some complicated stuff.. Random numbers are: 1640374294, 1417008409, 1622221896.
2018-11-13 00:03:05,513 25014  INFO  [b96dd8] Doing some complicated stuff.. Random numbers are: 1645281790, 936412920, 1208157795.
2018-11-13 00:03:05,544 25045  INFO  [3d92ee] Here's some useful guids:
		27fc4e28-bcdd-461d-866a-7f3fb8e27199
		e9e9fe95-fa0c-4918-8c76-06318ab3306e
2018-11-13 00:03:05,548 25050  INFO  [BackgroundDaemon] Starting iteration #15498.
2018-11-13 00:03:05,560 25062  INFO  [b96dd8] Finished processing user request with id = b96dd800-54d4-49e7-8aa9-f3113f67771c in 00:00:00.0661058.
2018-11-13 00:03:05,560 25062  INFO  [3d92ee] Finished processing user request with id = 3d92ee10-2942-4eb0-8bdb-c85773f14395 in 00:00:00.0570568.
2018-11-13 00:03:05,574 25075  INFO  [55f629] Started processing user request. Id = 55f62971-b1cd-4833-879c-8a9791d1459a. Size = 29.55 KB.
2018-11-13 00:03:05,584 25085  INFO  [55f629] Doing some complicated stuff.. Random numbers are: 326553352, 314445490, 385553253.
2018-11-13 00:03:05,586 25087  INFO  [BackgroundDaemon] Processing data (4% completed)..
2018-11-13 00:03:05,588 25089  INFO  [55f629] Here's some useful guids:
		6e957ef9-fbe6-4485-9f71-015f2d1cb3ff
		92feb710-aa91-43da-a824-45328683e5f7
		7c16045b-388f-4dcd-9c76-f2ffbb949cf7
		14a37269-5821-4694-b046-705135bbd282
2018-11-13 00:03:05,588 25089  INFO  [55f629] Finished processing user request with id = 55f62971-b1cd-4833-879c-8a9791d1459a in 00:00:00.0147313.
2018-11-13 00:03:05,592 25093  INFO  [59e012] Started processing user request. Id = 59e0127b-d3ae-4c5c-a48a-0f36d7771644. Size = 19.54 KB.
2018-11-13 00:03:05,601 25103  INFO  [65896b] Started processing user request. Id = 65896b18-3b1a-4a90-b8dc-b1833c2d987f. Size = 27.21 KB.
2018-11-13 00:03:05,608 25109  INFO  [59e012] Doing some complicated stuff.. Random numbers are: 159200175, 1170960630, 288548348.
2018-11-13 00:03:05,613 25114  INFO  [BackgroundDaemon] Processing data (33% completed)..
2018-11-13 00:03:05,617 25118  INFO  [65896b] Doing some complicated stuff.. Random numbers are: 1857007849, 123713779, 350396538.
2018-11-13 00:03:05,637 25138  INFO  [65896b] Finished processing user request with id = 65896b18-3b1a-4a90-b8dc-b1833c2d987f in 00:00:00.0352775.
2018-11-13 00:03:05,651 25152  INFO  [13e01a] Started processing user request. Id = 13e01aa3-8c23-40e3-9685-579e7759b04b. Size = 37.09 KB.
2018-11-13 00:03:05,651 25152  INFO  [8abade] Started processing user request. Id = 8abade44-abc1-4518-addb-b13729b15696. Size = 22.41 KB.
2018-11-13 00:03:05,657 25158  INFO  [13e01a] Doing some complicated stuff.. Random numbers are: 1869709196, 1183248424, 1114086675.
2018-11-13 00:03:05,662 25163  INFO  [59e012] Finished processing user request with id = 59e0127b-d3ae-4c5c-a48a-0f36d7771644 in 00:00:00.0694764.
2018-11-13 00:03:05,668 25169  INFO  [8abade] Doing some complicated stuff.. Random numbers are: 103443372, 482975681, 1793077594.
2018-11-13 00:03:05,677 25178  INFO  [13e01a] Here's some useful guids:
		4a9aff5b-0555-4e11-af96-eb5d0fce60cb
		0274efe0-7a29-4e19-a932-81819850c7cc
		e85a6f2a-022c-4e51-9bb9-d26a1b19e11c
		4c4a8c6f-e730-4e8c-a01a-a20ff456479a
		982d5b5d-53cc-4159-ab52-09db4f3e9171
2018-11-13 00:03:05,679 25180  INFO  [BackgroundDaemon] Processing data (60% completed)..
2018-11-13 00:03:05,679 25180  INFO  [BackgroundDaemon] Finished iteration in 00:00:00.1304470.
2018-11-13 00:03:05,679 25180  ERROR [13e01a] 
System.InvalidOperationException: Oh no! An error occurred!
2018-11-13 00:03:05,683 25184  INFO  [8abade] Finished processing user request with id = 8abade44-abc1-4518-addb-b13729b15696 in 00:00:00.0320163.
2018-11-13 00:03:05,693 25194  INFO  [fc634e] Started processing user request. Id = fc634ea2-99be-4d1f-91bb-ff310df751d9. Size = 96.79 KB.
2018-11-13 00:03:05,694 25195  INFO  [160f05] Started processing user request. Id = 160f0547-e4a7-4237-be5c-1c84c0727cf7. Size = 89.07 KB.
2018-11-13 00:03:05,702 25203  INFO  [160f05] Doing some complicated stuff.. Random numbers are: 850782116, 1981495889, 630863880.
2018-11-13 00:03:05,706 25207  INFO  [fc634e] Doing some complicated stuff.. Random numbers are: 1222427392, 595717732, 287058886.
2018-11-13 00:03:05,749 25250  INFO  [fc634e] Finished processing user request with id = fc634ea2-99be-4d1f-91bb-ff310df751d9 in 00:00:00.0563272.
2018-11-13 00:03:05,763 25264  INFO  [3347de] Started processing user request. Id = 3347de19-e3aa-4fe0-98b6-1b48add27a68. Size = 80.33 KB.
2018-11-13 00:03:05,765 25266  ERROR [160f05] 
System.InvalidOperationException: Oh no! An error occurred!
2018-11-13 00:03:05,769 25270  INFO  [3347de] Doing some complicated stuff.. Random numbers are: 683908486, 899591906, 1371974442.
2018-11-13 00:03:05,771 25272  INFO  [3347de] Here's some useful guids:
		90c6e3ba-c27d-425f-a928-90c37f9d86dc
2018-11-13 00:03:05,781 25282  INFO  [3347de] Finished processing user request with id = 3347de19-e3aa-4fe0-98b6-1b48add27a68 in 00:00:00.0177195.
2018-11-13 00:03:05,783 25284  INFO  [Metrics] Cpu: 0.96%; Memory: 19.79 GB/31.88 GB; Workers: 4/1024; IOCP: 0/1024
2018-11-13 00:03:05,794 25295  INFO  [0db140] Started processing user request. Id = 0db14080-6515-4b74-91f2-5c50eda3e0ee. Size = 48.75 KB.
2018-11-13 00:03:05,797 25298  INFO  [3cfcfa] Started processing user request. Id = 3cfcfa29-cbab-4784-8e58-cadc22937767. Size = 72.92 KB.
2018-11-13 00:03:05,797 25298  INFO  [3cfcfa] Doing some complicated stuff.. Random numbers are: 1586003420, 1872829559, 78101269.
2018-11-13 00:03:05,804 25305  INFO  [0db140] Doing some complicated stuff.. Random numbers are: 651813809, 202394215, 909148202.
2018-11-13 00:03:05,810 25311  INFO  [0db140] Here's some useful guids:
		b294a4b5-e6ed-4ef8-a741-1da45aaafbea
		d854ce7f-78de-423b-b2f1-2e3b275d98ec
		5ef80dbb-d7b8-4161-a39b-b144b905824a
2018-11-13 00:03:05,830 25331  INFO  [3cfcfa] Here's some useful guids:
		eb1e1cf3-f4bd-4704-9794-899c9c5717a4
		0bd98900-081d-4781-afb6-57683b2af7cc
2018-11-13 00:03:05,838 25339  INFO  [0db140] Finished processing user request with id = 0db14080-6515-4b74-91f2-5c50eda3e0ee in 00:00:00.0446471.
2018-11-13 00:03:05,850 25351  ERROR [3cfcfa] 
System.InvalidOperationException: Oh no! An error occurred!
2018-11-13 00:03:05,851 25352  INFO  [34d492] Started processing user request. Id = 34d4925a-9bfa-4db8-9a20-3f2f36ac8ffb. Size = 37.65 KB.
2018-11-13 00:03:05,852 25353  INFO  [96eca5] Started processing user request. Id = 96eca5fd-934c-4575-bc8d-5e961488c8c9. Size = 65.74 KB.
2018-11-13 00:03:05,856 25357  INFO  [34d492] Doing some complicated stuff.. Random numbers are: 1004285791, 395235754, 1118238493.
2018-11-13 00:03:05,869 25370  INFO  [96eca5] Doing some complicated stuff.. Random numbers are: 255599279, 267335064, 1878727717.
2018-11-13 00:03:05,873 25374  INFO  [34d492] Here's some useful guids:
		3a33addc-20d1-4059-a210-1a65a6e5cc65
		f0729ad3-cba0-43fa-945d-3e6aa538ee18
		ace42f8f-fa0a-4200-9d61-ec09b4107781
		15c48916-9dcd-4039-8a5c-533ca79fb51e
2018-11-13 00:03:05,879 25380  INFO  [BackgroundDaemon] Starting iteration #15499.
2018-11-13 00:03:05,881 25382  INFO  [cf117a] Started processing user request. Id = cf117a56-9c97-4f08-91c6-7c15de3f56e6. Size = 58.03 KB.
2018-11-13 00:03:05,890 25391  INFO  [96eca5] Finished processing user request with id = 96eca5fd-934c-4575-bc8d-5e961488c8c9 in 00:00:00.0382399.
2018-11-13 00:03:05,891 25392  INFO  [34d492] Finished processing user request with id = 34d4925a-9bfa-4db8-9a20-3f2f36ac8ffb in 00:00:00.0402132.
2018-11-13 00:03:05,892 25393  INFO  [cf117a] Doing some complicated stuff.. Random numbers are: 802000207, 1234576322, 1646928270.
2018-11-13 00:03:05,903 25404  INFO  [12b1f3] Started processing user request. Id = 12b1f3d5-9eba-4194-b67b-56dea4337379. Size = 71.75 KB.
2018-11-13 00:03:05,914 25415  INFO  [12b1f3] Doing some complicated stuff.. Random numbers are: 366262075, 1029122507, 834681924.
2018-11-13 00:03:05,921 25422  INFO  [cf117a] Here's some useful guids:
		46738647-ce4b-42cd-a771-fd548a961ba3
		1d4c71fc-72ef-4ed1-aaa0-fef462e1d7e9
		1960524a-fe45-46cb-8cae-4c8f8ee66ca3
2018-11-13 00:03:05,938 25439  INFO  [cf117a] Finished processing user request with id = cf117a56-9c97-4f08-91c6-7c15de3f56e6 in 00:00:00.0573210.
2018-11-13 00:03:05,939 25440  INFO  [12b1f3] Finished processing user request with id = 12b1f3d5-9eba-4194-b67b-56dea4337379 in 00:00:00.0359707.
2018-11-13 00:03:05,952 25454  INFO  [f82d50] Started processing user request. Id = f82d50df-775d-4422-9528-e77aca4e8534. Size = 22.75 KB.
2018-11-13 00:03:05,954 25455  INFO  [BackgroundDaemon] Processing data (14% completed)..
2018-11-13 00:03:05,963 25464  INFO  [f82d50] Doing some complicated stuff.. Random numbers are: 541567260, 999891001, 21698517.
2018-11-13 00:03:05,969 25470  INFO  [7017c9] Started processing user request. Id = 7017c9e2-3572-4650-b19f-216ce032ff1b. Size = 26.18 KB.
2018-11-13 00:03:05,976 25477  INFO  [7017c9] Doing some complicated stuff.. Random numbers are: 796602230, 824651144, 1573147345.
2018-11-13 00:03:05,977 25479  INFO  [BackgroundDaemon] Processing data (40% completed)..
2018-11-13 00:03:05,986 25487  INFO  [f82d50] Finished processing user request with id = f82d50df-775d-4422-9528-e77aca4e8534 in 00:00:00.0335368.
2018-11-13 00:03:06,000 25501  INFO  [1f0557] Started processing user request. Id = 1f05574b-8fc9-49fd-bc2e-4d982bceee0b. Size = 51.63 KB.
2018-11-13 00:03:06,003 25504  INFO  [1f0557] Doing some complicated stuff.. Random numbers are: 251101676, 132720398, 179428713.
2018-11-13 00:03:06,005 25506  INFO  [1f0557] Here's some useful guids:
		709cde45-7cd6-4441-8d26-a7c1eec016dd
		50856810-ddbf-441b-b043-e104b7c8d69a
		8b80c033-0ca3-4ca0-94e8-019f10b52cda
2018-11-13 00:03:06,007 25508  INFO  [7017c9] Here's some useful guids:
		9851e3da-be06-4dd8-b3b2-3b7a0d2e83f8
		3e0b584f-3e14-4539-807b-3bad6cc778a4
		c3c8a641-f6e9-4281-b443-9b6643d4bffd
		96f7f4ec-78d2-451b-8f6c-77d333dfd9bb
		eb01fcad-8c22-4ffc-88d5-3d1b1856ac96
2018-11-13 00:03:06,019 25520  INFO  [BackgroundDaemon] Processing data (60% completed)..
2018-11-13 00:03:06,019 25520  INFO  [BackgroundDaemon] Finished iteration in 00:00:00.1405218.
2018-11-13 00:03:06,034 25535  INFO  [1f0557] Finished processing user request with id = 1f05574b-8fc9-49fd-bc2e-4d982bceee0b in 00:00:00.0335030.
2018-11-13 00:03:06,034 25535  INFO  [7017c9] Finished processing user request with id = 7017c9e2-3572-4650-b19f-216ce032ff1b in 00:00:00.0641936.
2018-11-13 00:03:06,047 25548  INFO  [bf6719] Started processing user request. Id = bf67193c-63fb-4a55-aaf5-e16b225ac2dc. Size = 19.04 KB.
2018-11-13 00:03:06,058 25559  INFO  [bf6719] Doing some complicated stuff.. Random numbers are: 1329199718, 292478656, 1199632718.
2018-11-13 00:03:06,058 25559  INFO  [7be0b0] Started processing user request. Id = 7be0b000-6dba-4f5f-872a-da90544127c7. Size = 17.47 KB.
2018-11-13 00:03:06,066 25567  INFO  [b2fd74] Started processing user request. Id = b2fd7461-8f29-44db-834b-1c8dd4101984. Size = 84.88 KB.
2018-11-13 00:03:06,075 25576  INFO  [b2fd74] Doing some complicated stuff.. Random numbers are: 1444062147, 1461448409, 379193170.
2018-11-13 00:03:06,077 25578  INFO  [7be0b0] Doing some complicated stuff.. Random numbers are: 1365348820, 2083872499, 1116103244.
2018-11-13 00:03:06,083 25584  INFO  [bf6719] Finished processing user request with id = bf67193c-63fb-4a55-aaf5-e16b225ac2dc in 00:00:00.0359405.
2018-11-13 00:03:06,096 25597  INFO  [544dfd] Started processing user request. Id = 544dfd25-52d4-4648-a768-17fca60c9bd6. Size = 5.87 KB.
2018-11-13 00:03:06,100 25601  INFO  [7be0b0] Here's some useful guids:
		9e68d72c-c7c9-41ed-bd39-788915be3718
		74b23325-3403-4ed8-96f6-724a57f45ec3
		cc7c51bb-9b2f-4452-baca-ca723e98d24a
		6907eae5-ba82-4788-81a3-2c74ee08873f
		5149a70b-b93d-47dc-ab79-ed2b2b2f4b68
2018-11-13 00:03:06,103 25604  INFO  [b2fd74] Here's some useful guids:
		67e220a8-ed5f-4570-ae6e-7a2fdbd15850
		ea36fa5f-45bc-4fc4-ac97-942d4c9a8bcf
2018-11-13 00:03:06,114 25616  INFO  [544dfd] Doing some complicated stuff.. Random numbers are: 1147424672, 1872222227, 216855124.
2018-11-13 00:03:06,122 25624  INFO  [544dfd] Here's some useful guids:
		64d26251-305a-4d38-a8c9-2f5c18080835
		91555ef5-ab65-4e62-8403-3fb4a9efb5a3
		d734400d-7945-47dc-ac1f-e28eec2dc898
2018-11-13 00:03:06,125 25626  INFO  [b2fd74] Finished processing user request with id = b2fd7461-8f29-44db-834b-1c8dd4101984 in 00:00:00.0589435.
2018-11-13 00:03:06,127 25628  INFO  [7be0b0] Finished processing user request with id = 7be0b000-6dba-4f5f-872a-da90544127c7 in 00:00:00.0681472.
2018-11-13 00:03:06,135 25636  INFO  [544dfd] Finished processing user request with id = 544dfd25-52d4-4648-a768-17fca60c9bd6 in 00:00:00.0381220.
2018-11-13 00:03:06,148 25649  INFO  [763a40] Started processing user request. Id = 763a4068-b841-4de6-94e0-363572150e70. Size = 82.74 KB.
2018-11-13 00:03:06,156 25657  INFO  [12a363] Started processing user request. Id = 12a363be-a244-449c-ab16-1d8b73278eec. Size = 22.04 KB.
2018-11-13 00:03:06,165 25666  INFO  [763a40] Doing some complicated stuff.. Random numbers are: 1209664058, 1069818492, 724192560.
2018-11-13 00:03:06,173 25674  INFO  [12a363] Doing some complicated stuff.. Random numbers are: 457245963, 2045459363, 73097997.
2018-11-13 00:03:06,191 25692  INFO  [763a40] Finished processing user request with id = 763a4068-b841-4de6-94e0-363572150e70 in 00:00:00.0422835.
2018-11-13 00:03:06,204 25705  INFO  [69eb02] Started processing user request. Id = 69eb0275-11c5-49f2-92fd-a4d537a120e0. Size = 45.16 KB.
2018-11-13 00:03:06,207 25708  INFO  [69eb02] Doing some complicated stuff.. Random numbers are: 806058207, 1742976641, 1276834652.
2018-11-13 00:03:06,220 25722  INFO  [BackgroundDaemon] Starting iteration #15500.
2018-11-13 00:03:06,231 25732  INFO  [69eb02] Finished processing user request with id = 69eb0275-11c5-49f2-92fd-a4d537a120e0 in 00:00:00.0268416.
2018-11-13 00:03:06,231 25732  INFO  [12a363] Finished processing user request with id = 12a363be-a244-449c-ab16-1d8b73278eec in 00:00:00.0749065.
2018-11-13 00:03:06,245 25746  INFO  [00b704] Started processing user request. Id = 00b70415-e5fb-47d3-ac08-80f9324e8bf6. Size = 37.19 KB.
2018-11-13 00:03:06,259 25760  INFO  [00b704] Doing some complicated stuff.. Random numbers are: 2072383100, 912373780, 277269313.
2018-11-13 00:03:06,263 25764  INFO  [BackgroundDaemon] Processing data (15% completed)..
2018-11-13 00:03:06,263 25764  INFO  [096767] Started processing user request. Id = 096767e9-ebf1-473a-8a59-9207be8680f2. Size = 17.74 KB.
2018-11-13 00:03:06,268 25769  INFO  [096767] Doing some complicated stuff.. Random numbers are: 942669266, 907004463, 831153642.
2018-11-13 00:03:06,268 25769  INFO  [00b704] Here's some useful guids:
		9b8b4c97-bc73-4b9c-bf49-277af32f2940
		badba982-4f04-44c8-95d6-620da6316b84
		92f97025-15eb-467a-83b5-0f3774574e31
		6d4b3856-ed36-45fb-a287-b717fdbdbca7
2018-11-13 00:03:06,283 25784  INFO  [Metrics] Cpu: 3.24%; Memory: 19.79 GB/31.88 GB; Workers: 4/1024; IOCP: 0/1024
2018-11-13 00:03:06,294 25795  INFO  [c10717] Started processing user request. Id = c10717bd-ae7e-442d-a870-651360d653c1. Size = 33.47 KB.
2018-11-13 00:03:06,295 25796  INFO  [096767] Here's some useful guids:
		b2eb839e-b5a1-46e3-9fa9-8100e3d48417
		31e463fd-8328-4a45-a49e-780093ea93b8
		6de73e00-0303-46de-a905-3451e4729a16
		335a95ad-2625-4af6-a3c8-d11d9868113a
2018-11-13 00:03:06,297 25798  INFO  [00b704] Finished processing user request with id = 00b70415-e5fb-47d3-ac08-80f9324e8bf6 in 00:00:00.0525478.
2018-11-13 00:03:06,304 25805  INFO  [c10717] Doing some complicated stuff.. Random numbers are: 2016048402, 1889437843, 488315353.
2018-11-13 00:03:06,305 25806  INFO  [096767] Finished processing user request with id = 096767e9-ebf1-473a-8a59-9207be8680f2 in 00:00:00.0427961.
2018-11-13 00:03:06,310 25812  INFO  [2b6b34] Started processing user request. Id = 2b6b349c-57b2-41e4-947a-ff126969a66a. Size = 1.56 KB.
2018-11-13 00:03:06,324 25825  INFO  [c10717] Here's some useful guids:
		cbd36599-74c2-4464-8fcf-bc4dd4f08e26
		acd8008e-5e47-4955-9184-ae8427ea7e9c
		289c4da3-e63b-4691-84b2-dc307193fa35
		50643d79-e5ba-469a-a179-b13580f85c46
2018-11-13 00:03:06,328 25829  INFO  [2b6b34] Doing some complicated stuff.. Random numbers are: 1900366120, 1275435849, 1552164883.
2018-11-13 00:03:06,337 25838  INFO  [bd9c6a] Started processing user request. Id = bd9c6aad-575f-4c0f-8d8a-ef5c56f1e3cf. Size = 27.93 KB.
2018-11-13 00:03:06,340 25841  INFO  [c10717] Finished processing user request with id = c10717bd-ae7e-442d-a870-651360d653c1 in 00:00:00.0468403.
2018-11-13 00:03:06,342 25843  INFO  [2b6b34] Here's some useful guids:
		2ed7fc3d-48d4-4d69-b606-d9f7068dec1d
		66f4055d-d3d4-4397-bb2d-a5872ff61213
2018-11-13 00:03:06,352 25853  INFO  [bd9c6a] Doing some complicated stuff.. Random numbers are: 809566735, 884473430, 23021181.
2018-11-13 00:03:06,354 25855  INFO  [BackgroundDaemon] Processing data (41% completed)..
2018-11-13 00:03:06,355 25856  INFO  [bd9c6a] Here's some useful guids:
		9efe4b69-151b-4981-b911-d6d04254b4a4
		2230385e-bd22-4c6f-8fbd-fbeb220c2a6d
		08c5b726-c7bc-4dd5-9b28-55be74896820
		ce597675-1696-456c-b19a-e69c5b5987ef
		5976880f-3ac8-4769-857b-9d45f67dde32
2018-11-13 00:03:06,361 25862  INFO  [2b6b34] Finished processing user request with id = 2b6b349c-57b2-41e4-947a-ff126969a66a in 00:00:00.0505481.
2018-11-13 00:03:06,374 25875  INFO  [6c96d8] Started processing user request. Id = 6c96d87c-167e-43cd-aaf3-fb5e009e0728. Size = 27.65 KB.
2018-11-13 00:03:06,376 25877  INFO  [bd9c6a] Finished processing user request with id = bd9c6aad-575f-4c0f-8d8a-ef5c56f1e3cf in 00:00:00.0393903.
2018-11-13 00:03:06,379 25880  INFO  [BackgroundDaemon] Processing data (93% completed)..
2018-11-13 00:03:06,379 25880  INFO  [BackgroundDaemon] Finished iteration in 00:00:00.1589868.
2018-11-13 00:03:06,390 25891  INFO  [6c96d8] Doing some complicated stuff.. Random numbers are: 2140025211, 229955762, 1967063466.
2018-11-13 00:03:06,408 25909  INFO  [1177fc] Started processing user request. Id = 1177fc38-c015-4ee7-8999-69323c2b8495. Size = 4.97 KB.
2018-11-13 00:03:06,415 25916  INFO  [1177fc] Doing some complicated stuff.. Random numbers are: 1491135691, 1572425139, 668424026.
2018-11-13 00:03:06,419 25920  INFO  [6c96d8] Here's some useful guids:
		3f8fd64c-eb22-4837-acbc-35216bdf7c2e
		218948df-81b9-48b5-81b1-fb07a1f68d16
		9caeb465-24b1-4523-bd55-b76b13d100f0
		5a9e8ba1-bbcc-4374-9c07-4b9360857606
2018-11-13 00:03:06,423 25924  ERROR [6c96d8] 
System.InvalidOperationException: Oh no! An error occurred!
2018-11-13 00:03:06,427 25928  INFO  [1177fc] Here's some useful guids:
		9571e87e-8045-43fe-b0a0-c887ba8bfeec
2018-11-13 00:03:06,436 25937  INFO  [c4c428] Started processing user request. Id = c4c428f5-e6fe-404f-9d09-ee4e489bb7e2. Size = 48.95 KB.
2018-11-13 00:03:06,439 25940  INFO  [1177fc] Finished processing user request with id = 1177fc38-c015-4ee7-8999-69323c2b8495 in 00:00:00.0305175.
2018-11-13 00:03:06,441 25942  INFO  [c4c428] Doing some complicated stuff.. Random numbers are: 1900948442, 1258011204, 134827095.
2018-11-13 00:03:06,468 25969  INFO  [c4c428] Here's some useful guids:
		ad716aa2-8e00-4317-a77b-e293ecbef581
		352e8993-2f0f-4e29-978c-7bca8c3e5caf
		f2647211-f17f-4ab5-81de-f81d697802ec
2018-11-13 00:03:06,470 25971  INFO  [4e0856] Started processing user request. Id = 4e0856dd-e993-4e74-9b4e-47f120f05c48. Size = 89.45 KB.
2018-11-13 00:03:06,475 25976  INFO  [4e0856] Doing some complicated stuff.. Random numbers are: 565958719, 675360372, 1538600255.
2018-11-13 00:03:06,489 25990  INFO  [c4c428] Finished processing user request with id = c4c428f5-e6fe-404f-9d09-ee4e489bb7e2 in 00:00:00.0535633.
2018-11-13 00:03:06,490 25991  INFO  [4e0856] Here's some useful guids:
		3f843eb5-efc6-4199-a10d-03d812411165
2018-11-13 00:03:06,499 26000  ERROR [4e0856] 
System.InvalidOperationException: Oh no! An error occurred!
2018-11-13 00:03:06,502 26003  INFO  [78d26d] Started processing user request. Id = 78d26dfe-953f-4521-948f-1a39fb890901. Size = 17.79 KB.
2018-11-13 00:03:06,508 26009  INFO  [f0ed96] Started processing user request. Id = f0ed966f-2147-4e53-92c2-655a85c43de3. Size = 57.59 KB.
2018-11-13 00:03:06,514 26015  INFO  [78d26d] Doing some complicated stuff.. Random numbers are: 819828353, 618550544, 810789234.
2018-11-13 00:03:06,527 26028  INFO  [f0ed96] Doing some complicated stuff.. Random numbers are: 164902101, 624921904, 1017090438.
2018-11-13 00:03:06,530 26032  INFO  [d5fd55] Started processing user request. Id = d5fd55bc-5f65-4320-b598-648158b040e5. Size = 81.8 KB.
2018-11-13 00:03:06,532 26034  INFO  [d5fd55] Doing some complicated stuff.. Random numbers are: 157007690, 402492948, 956894132.
2018-11-13 00:03:06,563 26064  INFO  [78d26d] Finished processing user request with id = 78d26dfe-953f-4521-948f-1a39fb890901 in 00:00:00.0607177.
2018-11-13 00:03:06,565 26066  INFO  [d5fd55] Finished processing user request with id = d5fd55bc-5f65-4320-b598-648158b040e5 in 00:00:00.0347059.
2018-11-13 00:03:06,572 26073  INFO  [f0ed96] Finished processing user request with id = f0ed966f-2147-4e53-92c2-655a85c43de3 in 00:00:00.0637933.
2018-11-13 00:03:06,576 26077  INFO  [67979b] Started processing user request. Id = 67979b5a-6c36-4972-9358-a50af99c64f1. Size = 43.06 KB.
2018-11-13 00:03:06,580 26082  INFO  [BackgroundDaemon] Starting iteration #15501.
2018-11-13 00:03:06,585 26087  INFO  [67979b] Doing some complicated stuff.. Random numbers are: 47045916, 504278146, 591475408.
2018-11-13 00:03:06,596 26097  INFO  [671431] Started processing user request. Id = 6714310b-4853-4904-ac90-3223e809cf2f. Size = 85.34 KB.
2018-11-13 00:03:06,614 26115  INFO  [671431] Doing some complicated stuff.. Random numbers are: 2061905179, 1806452862, 879768708.
2018-11-13 00:03:06,620 26121  INFO  [67979b] Finished processing user request with id = 67979b5a-6c36-4972-9358-a50af99c64f1 in 00:00:00.0437770.
2018-11-13 00:03:06,633 26134  INFO  [546d87] Started processing user request. Id = 546d8733-b96e-43d0-b8e8-47de8c0f9be4. Size = 49.94 KB.
2018-11-13 00:03:06,641 26142  INFO  [546d87] Doing some complicated stuff.. Random numbers are: 94093485, 1358075622, 1427295035.
2018-11-13 00:03:06,655 26156  INFO  [671431] Finished processing user request with id = 6714310b-4853-4904-ac90-3223e809cf2f in 00:00:00.0590523.
2018-11-13 00:03:06,668 26169  ERROR [546d87] 
System.InvalidOperationException: Oh no! An error occurred!
2018-11-13 00:03:06,680 26181  INFO  [BackgroundDaemon] Processing data (14% completed)..
2018-11-13 00:03:06,681 26183  INFO  [40ca4b] Started processing user request. Id = 40ca4b61-3753-451e-9a81-b33f0554bd36. Size = 29.36 KB.
2018-11-13 00:03:06,687 26188  INFO  [6446af] Started processing user request. Id = 6446af12-7d8a-4096-918c-9dab07003aeb. Size = 10.9 KB.
2018-11-13 00:03:06,690 26191  INFO  [6446af] Doing some complicated stuff.. Random numbers are: 533595867, 335180669, 519198896.
2018-11-13 00:03:06,690 26191  INFO  [6446af] Here's some useful guids:
		ae1691ce-b4ac-4bfc-b8c8-545b965f24f3
2018-11-13 00:03:06,692 26193  INFO  [40ca4b] Doing some complicated stuff.. Random numbers are: 75716361, 287084839, 1512227280.
2018-11-13 00:03:06,704 26205  INFO  [6446af] Finished processing user request with id = 6446af12-7d8a-4096-918c-9dab07003aeb in 00:00:00.0171098.
2018-11-13 00:03:06,718 26219  INFO  [40ca4b] Here's some useful guids:
		bbdb9348-9dd9-4844-995a-47082c83f82e
		38a85f2f-f03e-4245-9796-712465c1cc69
		2106c720-e5e3-4dea-9bf6-a4a54d4ab7e2
		dc6b69e7-e629-44b9-ae27-a2542a013575
		966d74ef-0d46-4d66-811d-61c17cdc0c7f
2018-11-13 00:03:06,736 26237  INFO  [eec5f2] Started processing user request. Id = eec5f244-df26-4bbf-9831-0f9798842317. Size = 68.25 KB.
2018-11-13 00:03:06,740 26241  INFO  [40ca4b] Finished processing user request with id = 40ca4b61-3753-451e-9a81-b33f0554bd36 in 00:00:00.0586878.
2018-11-13 00:03:06,740 26241  INFO  [310881] Started processing user request. Id = 31088128-9483-4636-a4f1-f83c3709bc23. Size = 6.92 KB.
2018-11-13 00:03:06,742 26243  INFO  [310881] Doing some complicated stuff.. Random numbers are: 640188033, 1800389401, 541815989.
2018-11-13 00:03:06,749 26250  INFO  [eec5f2] Doing some complicated stuff.. Random numbers are: 1411171365, 226656872, 1236060592.
2018-11-13 00:03:06,753 26254  INFO  [531202] Started processing user request. Id = 53120291-0de1-42e5-b9cc-ef1a46b669aa. Size = 69.53 KB.
2018-11-13 00:03:06,755 26256  INFO  [BackgroundDaemon] Processing data (39% completed)..
2018-11-13 00:03:06,768 26269  INFO  [531202] Doing some complicated stuff.. Random numbers are: 219085752, 273420904, 1396508797.
2018-11-13 00:03:06,782 26284  INFO  [Metrics] Cpu: 3.24%; Memory: 19.79 GB/31.88 GB; Workers: 4/1024; IOCP: 0/1024
2018-11-13 00:03:06,784 26286  INFO  [531202] Finished processing user request with id = 53120291-0de1-42e5-b9cc-ef1a46b669aa in 00:00:00.0312078.
2018-11-13 00:03:06,792 26293  INFO  [310881] Finished processing user request with id = 31088128-9483-4636-a4f1-f83c3709bc23 in 00:00:00.0521314.
2018-11-13 00:03:06,798 26299  INFO  [035e37] Started processing user request. Id = 035e37dc-d6ab-4bd2-b0d4-513e3503cf32. Size = 65 B.
2018-11-13 00:03:06,807 26308  INFO  [eec5f2] Finished processing user request with id = eec5f244-df26-4bbf-9831-0f9798842317 in 00:00:00.0709060.
2018-11-13 00:03:06,810 26311  INFO  [035e37] Doing some complicated stuff.. Random numbers are: 546999679, 958778001, 2127055544.
2018-11-13 00:03:06,810 26311  INFO  [BackgroundDaemon] Processing data (60% completed)..
2018-11-13 00:03:06,810 26311  INFO  [BackgroundDaemon] Finished iteration in 00:00:00.2297724.
2018-11-13 00:03:06,834 26335  INFO  [035e37] Finished processing user request with id = 035e37dc-d6ab-4bd2-b0d4-513e3503cf32 in 00:00:00.0360320.
2018-11-13 00:03:06,839 26340  INFO  [486c53] Started processing user request. Id = 486c53df-74ee-4565-abf0-675006c1efc3. Size = 49.75 KB.
2018-11-13 00:03:06,844 26345  INFO  [486c53] Doing some complicated stuff.. Random numbers are: 1754657438, 925633034, 60154408.
2018-11-13 00:03:06,847 26348  INFO  [14d9be] Started processing user request. Id = 14d9be2a-c47d-44e0-b225-6358ba51a193. Size = 53.87 KB.
2018-11-13 00:03:06,865 26366  INFO  [14d9be] Doing some complicated stuff.. Random numbers are: 708079683, 1101082977, 1282210296.
2018-11-13 00:03:06,897 26398  ERROR [486c53] 
System.InvalidOperationException: Oh no! An error occurred!
2018-11-13 00:03:06,899 26400  INFO  [14d9be] Here's some useful guids:
		95843934-298b-4394-8a14-8e43fa2b98a6
2018-11-13 00:03:06,917 26418  INFO  [14d9be] Finished processing user request with id = 14d9be2a-c47d-44e0-b225-6358ba51a193 in 00:00:00.0699996.
2018-11-13 00:03:06,928 26429  INFO  [8b87c3] Started processing user request. Id = 8b87c33d-4804-4019-b954-4d4bf0237e16. Size = 36.95 KB.
2018-11-13 00:03:06,930 26431  INFO  [6597ea] Started processing user request. Id = 6597ea64-ede0-4b6e-8b23-4ca081afd2d9. Size = 75.38 KB.
2018-11-13 00:03:06,937 26438  INFO  [6597ea] Doing some complicated stuff.. Random numbers are: 2002227983, 882301236, 1328746648.
2018-11-13 00:03:06,946 26447  INFO  [8b87c3] Doing some complicated stuff.. Random numbers are: 1580280977, 1825471760, 1713894741.
2018-11-13 00:03:06,951 26452  INFO  [6597ea] Finished processing user request with id = 6597ea64-ede0-4b6e-8b23-4ca081afd2d9 in 00:00:00.0209537.
2018-11-13 00:03:06,960 26461  INFO  [88c3fb] Started processing user request. Id = 88c3fbef-4d1b-489c-8f40-6c0bef5aa290. Size = 51.86 KB.
2018-11-13 00:03:06,965 26466  INFO  [d0f124] Started processing user request. Id = d0f1246e-a45a-4406-b4bc-770160c0d852. Size = 29.37 KB.
2018-11-13 00:03:06,972 26473  INFO  [d0f124] Doing some complicated stuff.. Random numbers are: 1289581248, 461980, 1255257283.
2018-11-13 00:03:06,973 26474  INFO  [88c3fb] Doing some complicated stuff.. Random numbers are: 1452773390, 703882622, 1677728260.
2018-11-13 00:03:06,980 26481  INFO  [8b87c3] Finished processing user request with id = 8b87c33d-4804-4019-b954-4d4bf0237e16 in 00:00:00.0520076.
2018-11-13 00:03:06,994 26495  INFO  [d0f124] Finished processing user request with id = d0f1246e-a45a-4406-b4bc-770160c0d852 in 00:00:00.0282641.
2018-11-13 00:03:07,007 26508  INFO  [f4039d] Started processing user request. Id = f4039d04-9c5f-46c8-9e8c-7d8d475b28d2. Size = 8.31 KB.
2018-11-13 00:03:07,007 26508  INFO  [f4039d] Doing some complicated stuff.. Random numbers are: 1615909858, 1707028855, 818999430.
2018-11-13 00:03:07,007 26508  INFO  [f4039d] Here's some useful guids:
		c68ecb5b-5ec7-4a0c-9078-b697f2f989e1
		4861579f-492e-41d3-bfbf-25494edb65e8
		ae64d750-8298-429c-b60c-7a907215d894
		b4bb7f5f-fbb1-4f8d-93ae-ae8e424c70b0
		12d8cdcb-cd7e-4a16-8386-ddff2cc9f130
2018-11-13 00:03:07,009 26510  INFO  [f4039d] Finished processing user request with id = f4039d04-9c5f-46c8-9e8c-7d8d475b28d2 in 00:00:00.0020814.
2018-11-13 00:03:07,010 26511  INFO  [BackgroundDaemon] Starting iteration #15502.
2018-11-13 00:03:07,012 26513  INFO  [26571e] Started processing user request. Id = 26571e2f-a09b-4284-9e7e-313bd3f8c834. Size = 66.49 KB.
2018-11-13 00:03:07,023 26525  INFO  [ffbef6] Started processing user request. Id = ffbef6f1-1112-481e-9150-6fe32d9356fb. Size = 13 KB.
2018-11-13 00:03:07,029 26530  INFO  [ffbef6] Doing some complicated stuff.. Random numbers are: 1828082934, 1375431329, 890317411.
2018-11-13 00:03:07,029 26530  INFO  [26571e] Doing some complicated stuff.. Random numbers are: 147208561, 2060051097, 813296134.
2018-11-13 00:03:07,032 26533  INFO  [88c3fb] Finished processing user request with id = 88c3fbef-4d1b-489c-8f40-6c0bef5aa290 in 00:00:00.0720453.
2018-11-13 00:03:07,047 26548  INFO  [ffbef6] Finished processing user request with id = ffbef6f1-1112-481e-9150-6fe32d9356fb in 00:00:00.0238654.
2018-11-13 00:03:07,051 26552  INFO  [26571e] Finished processing user request with id = 26571e2f-a09b-4284-9e7e-313bd3f8c834 in 00:00:00.0389123.
2018-11-13 00:03:07,061 26562  INFO  [377906] Started processing user request. Id = 37790651-8912-462c-8bbf-079745246f9c. Size = 19.52 KB.
2018-11-13 00:03:07,073 26574  INFO  [377906] Doing some complicated stuff.. Random numbers are: 453212167, 4169939, 542881465.
2018-11-13 00:03:07,082 26583  INFO  [9e3c3c] Started processing user request. Id = 9e3c3cc2-450c-4a1c-8b2f-97eab4da8c11. Size = 20.84 KB.
2018-11-13 00:03:07,082 26583  INFO  [BackgroundDaemon] Processing data (13% completed)..
2018-11-13 00:03:07,098 26599  INFO  [9e3c3c] Doing some complicated stuff.. Random numbers are: 825844587, 298279233, 1814333165.
2018-11-13 00:03:07,120 26621  ERROR [377906] 
System.InvalidOperationException: Oh no! An error occurred!
2018-11-13 00:03:07,121 26623  INFO  [BackgroundDaemon] Processing data (39% completed)..
2018-11-13 00:03:07,126 26627  INFO  [9e3c3c] Finished processing user request with id = 9e3c3cc2-450c-4a1c-8b2f-97eab4da8c11 in 00:00:00.0431201.
2018-11-13 00:03:07,134 26635  INFO  [4d49ee] Started processing user request. Id = 4d49ee8a-f664-4080-aece-5292eba2bb3a. Size = 88.77 KB.
2018-11-13 00:03:07,149 26650  INFO  [4d49ee] Doing some complicated stuff.. Random numbers are: 460158890, 1755020826, 1038394989.
2018-11-13 00:03:07,157 26658  INFO  [300082] Started processing user request. Id = 30008265-072e-4071-9803-de5b639ad50f. Size = 28.86 KB.
2018-11-13 00:03:07,171 26672  INFO  [300082] Doing some complicated stuff.. Random numbers are: 473441459, 367856912, 1487841873.
2018-11-13 00:03:07,176 26677  INFO  [4d49ee] Finished processing user request with id = 4d49ee8a-f664-4080-aece-5292eba2bb3a in 00:00:00.0418457.
2018-11-13 00:03:07,190 26691  INFO  [91f04a] Started processing user request. Id = 91f04a3e-87c5-4d2c-b5d7-c1e7fcaed626. Size = 95.51 KB.
2018-11-13 00:03:07,194 26695  INFO  [300082] Here's some useful guids:
		c99224c8-7238-4201-8b86-ac8b7b68459e
		8eac7a79-5575-48bf-ba33-f8823eefb170
		074ab18e-58d9-43c7-9f34-ef37a491ff39
		ce590ff3-a8a9-4a7f-aa6e-8513e8a02758
2018-11-13 00:03:07,200 26701  INFO  [fa7de7] Started processing user request. Id = fa7de776-0c04-4903-b342-8c3600f6cb1c. Size = 57.69 KB.
2018-11-13 00:03:07,209 26710  INFO  [91f04a] Doing some complicated stuff.. Random numbers are: 1963459889, 204406614, 1741929017.
2018-11-13 00:03:07,213 26714  INFO  [300082] Finished processing user request with id = 30008265-072e-4071-9803-de5b639ad50f in 00:00:00.0556363.
2018-11-13 00:03:07,217 26718  INFO  [BackgroundDaemon] Processing data (59% completed)..
2018-11-13 00:03:07,217 26718  INFO  [BackgroundDaemon] Finished iteration in 00:00:00.2065110.
2018-11-13 00:03:07,219 26720  INFO  [fa7de7] Doing some complicated stuff.. Random numbers are: 16427325, 867194550, 734869429.
2018-11-13 00:03:07,244 26745  INFO  [2ba613] Started processing user request. Id = 2ba61321-dcb6-4da0-b86e-be92e8c2502a. Size = 82.97 KB.
2018-11-13 00:03:07,245 26746  INFO  [91f04a] Finished processing user request with id = 91f04a3e-87c5-4d2c-b5d7-c1e7fcaed626 in 00:00:00.0554785.
2018-11-13 00:03:07,245 26746  INFO  [fa7de7] Finished processing user request with id = fa7de776-0c04-4903-b342-8c3600f6cb1c in 00:00:00.0449556.
2018-11-13 00:03:07,258 26759  INFO  [be49ff] Started processing user request. Id = be49ff9d-56f5-49d6-aff1-0371bc87148c. Size = 43.97 KB.
2018-11-13 00:03:07,260 26761  INFO  [2ba613] Doing some complicated stuff.. Random numbers are: 2014396985, 397185433, 856059753.
2018-11-13 00:03:07,274 26775  INFO  [be49ff] Doing some complicated stuff.. Random numbers are: 399263837, 1376317216, 1900637249.
2018-11-13 00:03:07,282 26783  INFO  [Metrics] Cpu: 1.16%; Memory: 19.79 GB/31.88 GB; Workers: 4/1024; IOCP: 0/1024
2018-11-13 00:03:07,286 26787  INFO  [be49ff] Finished processing user request with id = be49ff9d-56f5-49d6-aff1-0371bc87148c in 00:00:00.0281278.
2018-11-13 00:03:07,300 26801  INFO  [408019] Started processing user request. Id = 408019f9-d024-4ad5-b11c-ffa9eff6d030. Size = 85.74 KB.
2018-11-13 00:03:07,300 26801  INFO  [408019] Doing some complicated stuff.. Random numbers are: 1073028393, 628054992, 878518068.
2018-11-13 00:03:07,304 26805  INFO  [2ba613] Finished processing user request with id = 2ba61321-dcb6-4da0-b86e-be92e8c2502a in 00:00:00.0595154.
2018-11-13 00:03:07,305 26806  INFO  [408019] Here's some useful guids:
		e80bcfec-c5fb-4f86-8cf4-138083616969
		96f07177-3060-416a-a734-08c58ef8fe37
		e026b26e-e5e8-4f63-a47b-09790d31a5f8
		f7612e1e-6253-4d53-be1f-af8558f056e7
		d6d90219-7c59-45b1-ab27-ca4d943af927
2018-11-13 00:03:07,315 26816  ERROR [408019] 
System.InvalidOperationException: Oh no! An error occurred!
2018-11-13 00:03:07,329 26830  INFO  [bfae68] Started processing user request. Id = bfae6841-50a2-4275-b413-f2497dab253b. Size = 30.94 KB.
2018-11-13 00:03:07,335 26836  INFO  [688a5a] Started processing user request. Id = 688a5acf-d538-4bd5-b7d6-90a75d25d4c6. Size = 53.75 KB.
2018-11-13 00:03:07,345 26846  INFO  [bfae68] Doing some complicated stuff.. Random numbers are: 1330616554, 1536184614, 1808284912.
2018-11-13 00:03:07,353 26854  INFO  [688a5a] Doing some complicated stuff.. Random numbers are: 1747093635, 1387226455, 665674912.
2018-11-13 00:03:07,370 26871  INFO  [688a5a] Here's some useful guids:
		41adb194-2726-43d6-8f6b-01605de49209
		afc7e1ef-a35f-47cd-8e8f-03c9d206e5c3
		ee6321d1-eb48-437c-beb4-9ae1efba49be
		e2be911e-1e4c-4e0a-a88d-5b34a76943be
2018-11-13 00:03:07,381 26882  INFO  [bfae68] Finished processing user request with id = bfae6841-50a2-4275-b413-f2497dab253b in 00:00:00.0520695.
2018-11-13 00:03:07,388 26889  INFO  [688a5a] Finished processing user request with id = 688a5acf-d538-4bd5-b7d6-90a75d25d4c6 in 00:00:00.0531475.
2018-11-13 00:03:07,395 26896  INFO  [008dc1] Started processing user request. Id = 008dc147-7f4d-4f14-8b0e-2f344bf5fcae. Size = 10.18 KB.
2018-11-13 00:03:07,412 26913  INFO  [008dc1] Doing some complicated stuff.. Random numbers are: 57533557, 449159671, 551544181.
2018-11-13 00:03:07,413 26914  INFO  [c957b6] Started processing user request. Id = c957b6ca-a8c5-4001-987f-5ba6bb67fd9f. Size = 83.21 KB.
2018-11-13 00:03:07,418 26919  INFO  [BackgroundDaemon] Starting iteration #15503.
2018-11-13 00:03:07,420 26921  INFO  [c957b6] Doing some complicated stuff.. Random numbers are: 1066782061, 1695140817, 17607987.
2018-11-13 00:03:07,420 26921  INFO  [584686] Started processing user request. Id = 584686ea-531e-4df9-9aff-365ddeddb357. Size = 905 B.
2018-11-13 00:03:07,423 26924  INFO  [584686] Doing some complicated stuff.. Random numbers are: 482855642, 1561152854, 642061260.
2018-11-13 00:03:07,431 26932  INFO  [008dc1] Finished processing user request with id = 008dc147-7f4d-4f14-8b0e-2f344bf5fcae in 00:00:00.0358455.
2018-11-13 00:03:07,444 26945  INFO  [082df9] Started processing user request. Id = 082df90c-979e-413c-aeb6-b7d4385c1d28. Size = 25.87 KB.
2018-11-13 00:03:07,445 26946  INFO  [c957b6] Here's some useful guids:
		1530d0e6-aed5-420c-a457-1ca4cbf73662
		e1e65a02-77c2-4b66-a363-07f3df30894a
		5c69e41b-cf27-4c05-bbb7-4a41b2abef51
		56241571-e99f-4f5e-a889-0d7c50067d12
		3a98de08-38fa-4bd4-a25a-97404a8ccf5e
2018-11-13 00:03:07,448 26949  INFO  [584686] Here's some useful guids:
		9b6afdec-74a7-4e4c-9f54-ef677209b379
		98ecfb4f-6cd3-4912-bca5-14da0e8cc1ab
		55d8614f-d973-45bb-89df-543113bcca1b
2018-11-13 00:03:07,451 26952  INFO  [BackgroundDaemon] Processing data (5% completed)..
2018-11-13 00:03:07,452 26953  INFO  [c957b6] Finished processing user request with id = c957b6ca-a8c5-4001-987f-5ba6bb67fd9f in 00:00:00.0392287.
2018-11-13 00:03:07,461 26962  INFO  [082df9] Doing some complicated stuff.. Random numbers are: 50947778, 226992841, 691770118.
2018-11-13 00:03:07,464 26965  INFO  [584686] Finished processing user request with id = 584686ea-531e-4df9-9aff-365ddeddb357 in 00:00:00.0443345.
2018-11-13 00:03:07,494 26995  INFO  [082df9] Here's some useful guids:
		0031f6fb-6227-4fb0-acc4-0389a5a43a68
		761492d8-8ceb-4d0c-872d-f9e26da9be9b
		6aa1053d-9b3c-40c3-b6a7-177ad9ac55e1
2018-11-13 00:03:07,496 26997  INFO  [ecae13] Started processing user request. Id = ecae13a7-c844-4623-baca-fb8a646781f0. Size = 50.75 KB.
2018-11-13 00:03:07,496 26997  INFO  [082df9] Finished processing user request with id = 082df90c-979e-413c-aeb6-b7d4385c1d28 in 00:00:00.0521695.
2018-11-13 00:03:07,510 27011  INFO  [502f0a] Started processing user request. Id = 502f0a15-7c11-4c8f-bfda-c4a8e75dfc5c. Size = 56.77 KB.
2018-11-13 00:03:07,510 27011  INFO  [ecae13] Doing some complicated stuff.. Random numbers are: 1478220050, 787551029, 984481193.
2018-11-13 00:03:07,514 27015  INFO  [BackgroundDaemon] Processing data (27% completed)..
2018-11-13 00:03:07,525 27026  INFO  [502f0a] Doing some complicated stuff.. Random numbers are: 1563177588, 1950096652, 1886097433.
2018-11-13 00:03:07,552 27053  INFO  [ecae13] Finished processing user request with id = ecae13a7-c844-4623-baca-fb8a646781f0 in 00:00:00.0562430.
2018-11-13 00:03:07,569 27070  INFO  [502f0a] Finished processing user request with id = 502f0a15-7c11-4c8f-bfda-c4a8e75dfc5c in 00:00:00.0591673.
2018-11-13 00:03:07,581 27082  INFO  [BackgroundDaemon] Processing data (56% completed)..
2018-11-13 00:03:07,581 27082  INFO  [BackgroundDaemon] Finished iteration in 00:00:00.1634275.
2018-11-13 00:03:07,583 27084  INFO  [d28f98] Started processing user request. Id = d28f982f-9c7d-4d75-83d9-945bace313e7. Size = 3.7 KB.
2018-11-13 00:03:07,584 27085  INFO  [317041] Started processing user request. Id = 317041c3-d98c-4c28-9e14-4feeee35fa7d. Size = 96.76 KB.
2018-11-13 00:03:07,588 27089  INFO  [317041] Doing some complicated stuff.. Random numbers are: 2056180915, 866800471, 971828655.
2018-11-13 00:03:07,590 27091  INFO  [d28f98] Doing some complicated stuff.. Random numbers are: 1791467238, 340859713, 150812859.
2018-11-13 00:03:07,612 27113  INFO  [d28f98] Here's some useful guids:
		c22ed590-f989-4aa7-bccd-3eb2c3c9dd28
		58cb3cad-672f-44fe-aedc-6b949bc7184e
		821d1b51-917c-4820-8df6-c662078cc579
2018-11-13 00:03:07,619 27120  INFO  [868075] Started processing user request. Id = 868075a2-65f8-42ca-8cc8-eeca65fea28b. Size = 67.27 KB.
2018-11-13 00:03:07,623 27124  INFO  [317041] Finished processing user request with id = 317041c3-d98c-4c28-9e14-4feeee35fa7d in 00:00:00.0390507.
2018-11-13 00:03:07,632 27133  INFO  [868075] Doing some complicated stuff.. Random numbers are: 88926830, 591248307, 1976880749.
2018-11-13 00:03:07,638 27139  INFO  [d28f98] Finished processing user request with id = d28f982f-9c7d-4d75-83d9-945bace313e7 in 00:00:00.0550404.
2018-11-13 00:03:07,639 27140  INFO  [868075] Here's some useful guids:
		e57ee88a-3341-4020-879c-673716b9cc64
		4309116f-67cb-4286-aa31-f79b68b763ab
		6f5e7456-5efb-49c7-b4d4-2c7ca9608514
		da3f4492-3de0-4a04-9b12-59fe691ac4f6
		4de40f64-b6eb-4560-9b8e-931845616de2
2018-11-13 00:03:07,641 27142  INFO  [868075] Finished processing user request with id = 868075a2-65f8-42ca-8cc8-eeca65fea28b in 00:00:00.0219223.
2018-11-13 00:03:07,652 27153  INFO  [e3aa1e] Started processing user request. Id = e3aa1e5d-effe-4098-a783-9144dcaa12c0. Size = 23.83 KB.
2018-11-13 00:03:07,655 27156  INFO  [489b80] Started processing user request. Id = 489b8047-64a8-41d3-b0a9-9ba70ec00b61. Size = 89.36 KB.
2018-11-13 00:03:07,670 27171  INFO  [489b80] Doing some complicated stuff.. Random numbers are: 765099329, 1910171004, 1525099717.
2018-11-13 00:03:07,670 27171  INFO  [e3aa1e] Doing some complicated stuff.. Random numbers are: 1900172038, 2124493985, 1298794561.
2018-11-13 00:03:07,693 27194  INFO  [489b80] Finished processing user request with id = 489b8047-64a8-41d3-b0a9-9ba70ec00b61 in 00:00:00.0383575.
2018-11-13 00:03:07,695 27196  INFO  [e3aa1e] Here's some useful guids:
		801c3f6a-146b-4d35-8c51-470294bebc81
		2f1d942f-af8e-45e6-a688-688403c74bdd
		3b857a8e-4d9a-497f-82c4-580d467ea2b0
		c8822a7e-fd66-4f39-8590-c93e2286c564
		d739ccfd-f7d2-4006-b117-0f2fccf1be45
2018-11-13 00:03:07,701 27202  INFO  [e3aa1e] Finished processing user request with id = e3aa1e5d-effe-4098-a783-9144dcaa12c0 in 00:00:00.0492898.
2018-11-13 00:03:07,714 27215  INFO  [462586] Started processing user request. Id = 462586b5-13bc-4f3a-9ba1-d9011dc23746. Size = 78.16 KB.
2018-11-13 00:03:07,725 27226  INFO  [fc5846] Started processing user request. Id = fc5846bd-da8a-4093-976e-105f94099267. Size = 10.75 KB.
2018-11-13 00:03:07,728 27229  INFO  [462586] Doing some complicated stuff.. Random numbers are: 670743291, 1618583585, 98022736.
2018-11-13 00:03:07,738 27239  INFO  [fc5846] Doing some complicated stuff.. Random numbers are: 1199120640, 1930817193, 941599543.
2018-11-13 00:03:07,750 27251  INFO  [462586] Here's some useful guids:
		c72e287c-e6fd-416a-828b-a09388efed76
		93769cec-9310-4d0b-b651-a11c4c080ef0
2018-11-13 00:03:07,753 27254  INFO  [fc5846] Here's some useful guids:
		f482c6f6-89b0-42c4-a7fe-ef42faa13cc6
		d8d441d2-c16d-4e63-9212-2a41969f4c43
		25910070-0d64-4c83-9064-448b7b14abf5
		67c89c58-3010-4594-b3a9-b091fedaaf8d
2018-11-13 00:03:07,777 27278  INFO  [462586] Finished processing user request with id = 462586b5-13bc-4f3a-9ba1-d9011dc23746 in 00:00:00.0630575.
2018-11-13 00:03:07,778 27279  INFO  [fc5846] Finished processing user request with id = fc5846bd-da8a-4093-976e-105f94099267 in 00:00:00.0531894.
2018-11-13 00:03:07,781 27282  INFO  [BackgroundDaemon] Starting iteration #15504.
2018-11-13 00:03:07,782 27283  INFO  [Metrics] Cpu: 1.16%; Memory: 19.79 GB/31.88 GB; Workers: 4/1024; IOCP: 0/1024
2018-11-13 00:03:07,791 27292  INFO  [cc72fb] Started processing user request. Id = cc72fb92-a197-4acc-8fe3-463efd503855. Size = 39.05 KB.
2018-11-13 00:03:07,802 27304  INFO  [cc72fb] Doing some complicated stuff.. Random numbers are: 2103779326, 1494310899, 215124336.
2018-11-13 00:03:07,808 27309  INFO  [13d682] Started processing user request. Id = 13d68295-e007-4040-830d-94067fc44400. Size = 15.08 KB.
2018-11-13 00:03:07,810 27311  INFO  [92adf5] Started processing user request. Id = 92adf51d-9e5b-4ed9-83f9-17e85e72bc73. Size = 43.85 KB.
2018-11-13 00:03:07,813 27314  INFO  [13d682] Doing some complicated stuff.. Random numbers are: 1604741582, 1318055598, 833685040.
2018-11-13 00:03:07,814 27315  INFO  [92adf5] Doing some complicated stuff.. Random numbers are: 939080478, 1473106764, 133557756.
2018-11-13 00:03:07,819 27320  INFO  [cc72fb] Here's some useful guids:
		1fce03ad-e220-431f-9a92-0cdac806e288
		67f0e958-f297-47eb-8aca-1709c6c1b91a
		77c278b8-17c0-4fb7-83d1-744868f38a8b
		4de29678-df67-4817-9ff0-3cea4cef2847
2018-11-13 00:03:07,819 27320  INFO  [92adf5] Finished processing user request with id = 92adf51d-9e5b-4ed9-83f9-17e85e72bc73 in 00:00:00.0090962.
2018-11-13 00:03:07,828 27329  INFO  [BackgroundDaemon] Processing data (13% completed)..
2018-11-13 00:03:07,848 27349  INFO  [cc72fb] Finished processing user request with id = cc72fb92-a197-4acc-8fe3-463efd503855 in 00:00:00.0566662.
2018-11-13 00:03:07,850 27352  INFO  [dc1d53] Started processing user request. Id = dc1d53a1-42d7-45b7-8130-01a391579053. Size = 73.44 KB.
2018-11-13 00:03:07,861 27362  INFO  [82329d] Started processing user request. Id = 82329d06-f517-437d-b66a-f5e0c86e02db. Size = 25.95 KB.
2018-11-13 00:03:07,865 27366  INFO  [82329d] Doing some complicated stuff.. Random numbers are: 439543100, 1494726767, 1739749475.
2018-11-13 00:03:07,866 27367  INFO  [dc1d53] Doing some complicated stuff.. Random numbers are: 437002613, 1689583013, 313751782.
2018-11-13 00:03:07,870 27371  INFO  [13d682] Finished processing user request with id = 13d68295-e007-4040-830d-94067fc44400 in 00:00:00.0621358.
2018-11-13 00:03:07,885 27386  INFO  [BackgroundDaemon] Processing data (48% completed)..
2018-11-13 00:03:07,907 27408  INFO  [dc1d53] Finished processing user request with id = dc1d53a1-42d7-45b7-8130-01a391579053 in 00:00:00.0561738.
2018-11-13 00:03:07,918 27419  INFO  [82329d] Finished processing user request with id = 82329d06-f517-437d-b66a-f5e0c86e02db in 00:00:00.0570917.
2018-11-13 00:03:07,932 27433  INFO  [263bbe] Started processing user request. Id = 263bbe05-9561-4930-91f4-6f9405f775d1. Size = 26.37 KB.
2018-11-13 00:03:07,938 27439  INFO  [fd71fb] Started processing user request. Id = fd71fb17-fbc0-41b6-99b8-a32b65506549. Size = 61.6 KB.
2018-11-13 00:03:07,941 27442  INFO  [263bbe] Doing some complicated stuff.. Random numbers are: 1832976093, 1012008372, 1979135082.
2018-11-13 00:03:07,943 27444  INFO  [263bbe] Here's some useful guids:
		d875bbba-99e4-4e6b-a2ac-2d72a14fbcd4
2018-11-13 00:03:07,946 27447  INFO  [263bbe] Finished processing user request with id = 263bbe05-9561-4930-91f4-6f9405f775d1 in 00:00:00.0140161.
2018-11-13 00:03:07,957 27458  INFO  [fd71fb] Doing some complicated stuff.. Random numbers are: 505903000, 1586878748, 609236137.
2018-11-13 00:03:07,959 27460  INFO  [a4fc92] Started processing user request. Id = a4fc925e-2147-4ec5-a8fa-f8e673fc3b38. Size = 51.86 KB.
2018-11-13 00:03:07,959 27460  INFO  [BackgroundDaemon] Processing data (57% completed)..
2018-11-13 00:03:07,959 27460  INFO  [BackgroundDaemon] Finished iteration in 00:00:00.1774410.
2018-11-13 00:03:07,963 27464  INFO  [a4fc92] Doing some complicated stuff.. Random numbers are: 1464272091, 1432099889, 1499648905.
2018-11-13 00:03:07,986 27488  INFO  [fd71fb] Finished processing user request with id = fd71fb17-fbc0-41b6-99b8-a32b65506549 in 00:00:00.0487957.
2018-11-13 00:03:08,009 27510  INFO  [a4fc92] Finished processing user request with id = a4fc925e-2147-4ec5-a8fa-f8e673fc3b38 in 00:00:00.0504631.
2018-11-13 00:03:08,018 27519  INFO  [678ac3] Started processing user request. Id = 678ac3dc-5a5c-48b6-be72-bf891297c4ed. Size = 8.52 KB.
2018-11-13 00:03:08,023 27524  INFO  [e137ee] Started processing user request. Id = e137ee38-887c-4093-8d45-885878d4e1d6. Size = 87.26 KB.
2018-11-13 00:03:08,026 27527  INFO  [e137ee] Doing some complicated stuff.. Random numbers are: 450996209, 1598586941, 9150103.
2018-11-13 00:03:08,033 27534  INFO  [678ac3] Doing some complicated stuff.. Random numbers are: 1237455046, 740255229, 1711614522.
2018-11-13 00:03:08,037 27539  INFO  [c2cdb6] Started processing user request. Id = c2cdb624-897b-4eab-9db9-b7f6ad4b85d0. Size = 72.89 KB.
2018-11-13 00:03:08,041 27542  INFO  [c2cdb6] Doing some complicated stuff.. Random numbers are: 2069241740, 1183351593, 1278370619.
2018-11-13 00:03:08,045 27546  INFO  [c2cdb6] Here's some useful guids:
		be2be89b-5e54-4f7d-8c2b-015cdba0df6a
		68a00b95-ddd2-4c0b-84bc-2f0f133bf4f7
2018-11-13 00:03:08,052 27553  INFO  [e137ee] Here's some useful guids:
		7efbcf3f-5dc1-485e-9065-46288ba1d282
		a960aa5b-939f-4930-b49f-31be8471b198
		c7b9557a-9c1c-4c0b-9129-99a228679200
2018-11-13 00:03:08,059 27560  INFO  [678ac3] Here's some useful guids:
		77f57106-7f2c-45b2-93dc-c6e429b6c5e8
2018-11-13 00:03:08,065 27566  INFO  [e137ee] Finished processing user request with id = e137ee38-887c-4093-8d45-885878d4e1d6 in 00:00:00.0425571.
2018-11-13 00:03:08,068 27569  INFO  [c2cdb6] Finished processing user request with id = c2cdb624-897b-4eab-9db9-b7f6ad4b85d0 in 00:00:00.0307298.
2018-11-13 00:03:08,079 27580  INFO  [e4976e] Started processing user request. Id = e4976e95-ae96-42f9-bf90-8c5aca55d89e. Size = 92.61 KB.
2018-11-13 00:03:08,085 27586  INFO  [678ac3] Finished processing user request with id = 678ac3dc-5a5c-48b6-be72-bf891297c4ed in 00:00:00.0670140.
2018-11-13 00:03:08,086 27587  INFO  [e4976e] Doing some complicated stuff.. Random numbers are: 1821493336, 1221868170, 542688216.
2018-11-13 00:03:08,117 27618  INFO  [ba0a03] Started processing user request. Id = ba0a03f9-5f7f-4e69-904d-e5d323cd6c11. Size = 6.69 KB.
2018-11-13 00:03:08,122 27623  INFO  [ba0a03] Doing some complicated stuff.. Random numbers are: 1790770074, 277910307, 845929569.
2018-11-13 00:03:08,127 27628  INFO  [e4976e] Finished processing user request with id = e4976e95-ae96-42f9-bf90-8c5aca55d89e in 00:00:00.0482133.
2018-11-13 00:03:08,140 27641  INFO  [f83e12] Started processing user request. Id = f83e1294-5588-4bb4-bd84-d072d7dee0e2. Size = 5.7 KB.
2018-11-13 00:03:08,145 27646  INFO  [ba0a03] Here's some useful guids:
		a2840e12-301f-45c0-af14-aa946579e80b
		eb5e9b2e-96fb-4f84-8215-d3b26cb64ea9
		e6c3fce0-c132-4100-b0be-646e3383e0d8
		57e2be42-b710-45fb-bd59-b43b9392995f
		dba9af66-f874-4c5c-9657-1679fbd508a6
2018-11-13 00:03:08,154 27655  INFO  [f83e12] Doing some complicated stuff.. Random numbers are: 1559744782, 831219906, 749284453.
2018-11-13 00:03:08,159 27660  INFO  [BackgroundDaemon] Starting iteration #15505.
2018-11-13 00:03:08,172 27673  INFO  [ba0a03] Finished processing user request with id = ba0a03f9-5f7f-4e69-904d-e5d323cd6c11 in 00:00:00.0554741.
2018-11-13 00:03:08,177 27678  INFO  [f83e12] Here's some useful guids:
		eae8c982-5674-4dca-a8b7-858024de9007
		3be33e68-bc05-428c-b2d8-80de18b7db84
2018-11-13 00:03:08,194 27696  INFO  [f83e12] Finished processing user request with id = f83e1294-5588-4bb4-bd84-d072d7dee0e2 in 00:00:00.0544360.
2018-11-13 00:03:08,203 27704  INFO  [c5d0e4] Started processing user request. Id = c5d0e45d-7d7f-43cb-b051-6357791be00b. Size = 40.46 KB.
2018-11-13 00:03:08,208 27709  INFO  [cca0ee] Started processing user request. Id = cca0eef0-e32a-4413-b3e6-1edfa3f4cbd9. Size = 49.7 KB.
2018-11-13 00:03:08,211 27712  INFO  [c5d0e4] Doing some complicated stuff.. Random numbers are: 1776541600, 1351348321, 630873284.
2018-11-13 00:03:08,213 27714  INFO  [cca0ee] Doing some complicated stuff.. Random numbers are: 307891213, 1681227285, 1083730771.
2018-11-13 00:03:08,235 27736  INFO  [c27aba] Started processing user request. Id = c27abaf4-f411-4bc9-bfe2-5394a9a47681. Size = 3.09 KB.
2018-11-13 00:03:08,239 27740  INFO  [BackgroundDaemon] Processing data (4% completed)..
2018-11-13 00:03:08,242 27743  INFO  [c5d0e4] Finished processing user request with id = c5d0e45d-7d7f-43cb-b051-6357791be00b in 00:00:00.0391223.
2018-11-13 00:03:08,250 27751  INFO  [cca0ee] Finished processing user request with id = cca0eef0-e32a-4413-b3e6-1edfa3f4cbd9 in 00:00:00.0421462.
2018-11-13 00:03:08,254 27755  INFO  [c27aba] Doing some complicated stuff.. Random numbers are: 2101984739, 1303099905, 1075471047.
2018-11-13 00:03:08,263 27765  INFO  [94a590] Started processing user request. Id = 94a59074-4f6f-4447-b056-5e7707886b33. Size = 83.35 KB.
2018-11-13 00:03:08,274 27775  INFO  [786e5e] Started processing user request. Id = 786e5e01-6aab-46fb-a5b0-ab9b8fc22e05. Size = 88.71 KB.
2018-11-13 00:03:08,277 27778  INFO  [c27aba] Finished processing user request with id = c27abaf4-f411-4bc9-bfe2-5394a9a47681 in 00:00:00.0419985.
2018-11-13 00:03:08,278 27779  INFO  [786e5e] Doing some complicated stuff.. Random numbers are: 138066958, 916708693, 16490979.
2018-11-13 00:03:08,280 27781  INFO  [94a590] Doing some complicated stuff.. Random numbers are: 1575349232, 1020534588, 1964333463.
2018-11-13 00:03:08,282 27783  INFO  [Metrics] Cpu: 0.57%; Memory: 19.79 GB/31.88 GB; Workers: 4/1024; IOCP: 0/1024
2018-11-13 00:03:08,296 27797  INFO  [94a590] Here's some useful guids:
		99567452-c2c5-4eea-8e5c-cbdf4e7861f9
		583d609a-1d35-47ab-b805-5bae3eb36668
		0697200c-6b2f-4f5c-9187-f8d01e972a6c
		f36f471b-2e42-4881-b144-e6a2da9954ed
		62782422-4edf-4fbe-8063-70a330dd18ff
2018-11-13 00:03:08,297 27798  INFO  [786e5e] Here's some useful guids:
		7d7b4c12-9c72-4e2d-b0ca-59c66bcddf19
		1bdd8574-87ca-4e44-9ee1-ce1a4ce4dd3c
		9fe91b2d-3181-4e0c-a706-5f210f29b4e3
2018-11-13 00:03:08,310 27811  ERROR [786e5e] 
System.InvalidOperationException: Oh no! An error occurred!
2018-11-13 00:03:08,317 27818  INFO  [94a590] Finished processing user request with id = 94a59074-4f6f-4447-b056-5e7707886b33 in 00:00:00.0539287.
2018-11-13 00:03:08,325 27826  INFO  [BackgroundDaemon] Processing data (30% completed)..
2018-11-13 00:03:08,331 27832  INFO  [a5cd2c] Started processing user request. Id = a5cd2c17-989b-4322-a79e-a679f955349a. Size = 42.12 KB.
2018-11-13 00:03:08,331 27832  INFO  [a5cd2c] Doing some complicated stuff.. Random numbers are: 2109430541, 1914510188, 1206757037.
2018-11-13 00:03:08,341 27842  INFO  [a2ada5] Started processing user request. Id = a2ada56f-d02b-47f8-b598-ba6dfdc7bb01. Size = 53.51 KB.
2018-11-13 00:03:08,351 27852  INFO  [a2ada5] Doing some complicated stuff.. Random numbers are: 241497730, 1340407821, 296371874.
2018-11-13 00:03:08,373 27874  INFO  [a5cd2c] Finished processing user request with id = a5cd2c17-989b-4322-a79e-a679f955349a in 00:00:00.0420568.
2018-11-13 00:03:08,379 27880  INFO  [a2ada5] Here's some useful guids:
		ad27bb81-201a-455b-8dcd-1e3b4534f969
		7f974dc7-bf91-4a1e-af5b-06265602ec36
		83a4b8d3-e32f-4765-8462-8f2d18dd0e9f
		85dfa1cd-9bfb-40cc-b12e-66fbf816fd8a
2018-11-13 00:03:08,386 27888  INFO  [58266f] Started processing user request. Id = 58266fe9-d436-473b-b5e3-1682a22f7d5c. Size = 84.51 KB.
2018-11-13 00:03:08,390 27891  INFO  [58266f] Doing some complicated stuff.. Random numbers are: 1243710091, 652754454, 1300147510.
2018-11-13 00:03:08,390 27892  INFO  [BackgroundDaemon] Processing data (56% completed)..
2018-11-13 00:03:08,390 27892  INFO  [BackgroundDaemon] Finished iteration in 00:00:00.2316020.
2018-11-13 00:03:08,405 27906  INFO  [a2ada5] Finished processing user request with id = a2ada56f-d02b-47f8-b598-ba6dfdc7bb01 in 00:00:00.0636860.
2018-11-13 00:03:08,436 27937  INFO  [56c1d0] Started processing user request. Id = 56c1d0e1-835f-4a48-b8b4-9824ce9cfff6. Size = 15.97 KB.
2018-11-13 00:03:08,440 27941  INFO  [58266f] Finished processing user request with id = 58266fe9-d436-473b-b5e3-1682a22f7d5c in 00:00:00.0533088.
2018-11-13 00:03:08,444 27945  INFO  [2cafd8] Started processing user request. Id = 2cafd81c-5982-46dc-93b5-071e14ff4e59. Size = 8.55 KB.
2018-11-13 00:03:08,449 27950  INFO  [2cafd8] Doing some complicated stuff.. Random numbers are: 412127062, 414760894, 1753122590.
2018-11-13 00:03:08,453 27954  INFO  [bcd30c] Started processing user request. Id = bcd30c7b-f3a1-4ce3-98ad-6794b608e9df. Size = 51.11 KB.
2018-11-13 00:03:08,453 27954  INFO  [56c1d0] Doing some complicated stuff.. Random numbers are: 867562581, 1536897263, 1681579998.
2018-11-13 00:03:08,459 27960  INFO  [bcd30c] Doing some complicated stuff.. Random numbers are: 1417858981, 678160563, 1265809838.
2018-11-13 00:03:08,466 27967  INFO  [2cafd8] Here's some useful guids:
		e54876b3-d758-4ccd-a425-5a3afad36054
		0f0f03ba-8fef-4407-a0e6-38fb4917f89d
		990a718e-5d48-4fd8-82e2-0156bbe34a4f
2018-11-13 00:03:08,470 27971  INFO  [bcd30c] Finished processing user request with id = bcd30c7b-f3a1-4ce3-98ad-6794b608e9df in 00:00:00.0173949.
2018-11-13 00:03:08,483 27984  INFO  [2cafd8] Finished processing user request with id = 2cafd81c-5982-46dc-93b5-071e14ff4e59 in 00:00:00.0389736.
2018-11-13 00:03:08,483 27984  INFO  [43dfea] Started processing user request. Id = 43dfeaab-1c12-48ce-aaef-718e3bd22dff. Size = 18.51 KB.
2018-11-13 00:03:08,499 28000  INFO  [43dfea] Doing some complicated stuff.. Random numbers are: 2087000796, 455234910, 1672781958.
2018-11-13 00:03:08,506 28007  ERROR [56c1d0] 
System.InvalidOperationException: Oh no! An error occurred!
2018-11-13 00:03:08,534 28035  INFO  [43dfea] Finished processing user request with id = 43dfeaab-1c12-48ce-aaef-718e3bd22dff in 00:00:00.0509807.
2018-11-13 00:03:08,538 28039  INFO  [8e11a5] Started processing user request. Id = 8e11a5a0-483c-41bb-a455-f860ed2f3135. Size = 5 KB.
2018-11-13 00:03:08,548 28049  INFO  [043604] Started processing user request. Id = 0436049a-d429-4000-a4e1-cf6a1419f13b. Size = 51.43 KB.
2018-11-13 00:03:08,554 28055  INFO  [8e11a5] Doing some complicated stuff.. Random numbers are: 1643282287, 662867954, 699590194.
2018-11-13 00:03:08,556 28057  INFO  [043604] Doing some complicated stuff.. Random numbers are: 1248617823, 1893755611, 2103430486.
2018-11-13 00:03:08,586 28087  INFO  [043604] Here's some useful guids:
		b0657c2f-bee9-4b70-8303-31806c266ed9
2018-11-13 00:03:08,591 28092  INFO  [BackgroundDaemon] Starting iteration #15506.
2018-11-13 00:03:08,592 28093  INFO  [8e11a5] Here's some useful guids:
		cdf0e504-22f3-4c8b-beb3-f286240669f4
2018-11-13 00:03:08,602 28103  INFO  [043604] Finished processing user request with id = 0436049a-d429-4000-a4e1-cf6a1419f13b in 00:00:00.0536577.
2018-11-13 00:03:08,616 28117  INFO  [76673b] Started processing user request. Id = 76673bcb-9563-4285-a37d-ab5986629eff. Size = 49.65 KB.
2018-11-13 00:03:08,618 28119  INFO  [76673b] Doing some complicated stuff.. Random numbers are: 1054772518, 2065697920, 127013055.
2018-11-13 00:03:08,619 28120  INFO  [8e11a5] Finished processing user request with id = 8e11a5a0-483c-41bb-a455-f860ed2f3135 in 00:00:00.0808108.
2018-11-13 00:03:08,631 28132  INFO  [76673b] Here's some useful guids:
		5023f255-548c-4f11-a072-cdacf5a0383e
		38b44868-cf0a-4717-98a1-cc8193a84305
2018-11-13 00:03:08,650 28151  INFO  [de2c78] Started processing user request. Id = de2c78ff-b766-4567-881b-23c21f0a45da. Size = 62.37 KB.
2018-11-13 00:03:08,651 28152  INFO  [d8bd8a] Started processing user request. Id = d8bd8a79-74b3-4e9c-8933-971e3f693262. Size = 39.37 KB.
2018-11-13 00:03:08,651 28152  INFO  [d8bd8a] Doing some complicated stuff.. Random numbers are: 189626350, 1635108948, 291590906.
2018-11-13 00:03:08,652 28153  INFO  [de2c78] Doing some complicated stuff.. Random numbers are: 216840877, 49289626, 1874589968.
2018-11-13 00:03:08,659 28160  INFO  [76673b] Finished processing user request with id = 76673bcb-9563-4285-a37d-ab5986629eff in 00:00:00.0432324.
2018-11-13 00:03:08,666 28168  INFO  [de2c78] Here's some useful guids:
		038c1656-958a-4255-b276-47f205baee90
		85420295-6ae7-4366-95de-fc03e8efaad6
2018-11-13 00:03:08,667 28169  INFO  [BackgroundDaemon] Processing data (4% completed)..
2018-11-13 00:03:08,673 28174  INFO  [24fe5f] Started processing user request. Id = 24fe5f96-35fa-492d-a9fb-b49a24539277. Size = 42.14 KB.
2018-11-13 00:03:08,691 28192  INFO  [de2c78] Finished processing user request with id = de2c78ff-b766-4567-881b-23c21f0a45da in 00:00:00.0410988.
2018-11-13 00:03:08,692 28193  INFO  [d8bd8a] Finished processing user request with id = d8bd8a79-74b3-4e9c-8933-971e3f693262 in 00:00:00.0410395.
2018-11-13 00:03:08,692 28193  INFO  [24fe5f] Doing some complicated stuff.. Random numbers are: 421962774, 573388071, 1238176662.
2018-11-13 00:03:08,706 28207  INFO  [24fe5f] Here's some useful guids:
		c9911fe3-f76f-4ed2-99ce-e02975fb238b
		2c1ac6b5-cb3d-4080-9b1f-f5b5a2162187
		b53a4918-e636-42f9-88a5-1621be8cbcb5
		67361f77-13e1-4b09-a040-de0b687cb3b2
		0d8c40ed-1944-4f07-88cd-4b81db4d95c0
2018-11-13 00:03:08,723 28224  INFO  [82eb0c] Started processing user request. Id = 82eb0cf9-1c3b-46ae-9618-0accbed629f4. Size = 92.79 KB.
2018-11-13 00:03:08,725 28226  INFO  [24fe5f] Finished processing user request with id = 24fe5f96-35fa-492d-a9fb-b49a24539277 in 00:00:00.0528519.
2018-11-13 00:03:08,739 28240  INFO  [82eb0c] Doing some complicated stuff.. Random numbers are: 502695908, 107802685, 305622039.
2018-11-13 00:03:08,739 28240  INFO  [0ce6a4] Started processing user request. Id = 0ce6a446-5d05-42bb-943c-84b425427dae. Size = 81.87 KB.
2018-11-13 00:03:08,748 28249  INFO  [BackgroundDaemon] Processing data (46% completed)..
2018-11-13 00:03:08,751 28252  INFO  [0ce6a4] Doing some complicated stuff.. Random numbers are: 970609398, 923662606, 920688242.
2018-11-13 00:03:08,760 28262  INFO  [82eb0c] Here's some useful guids:
		3a2d8a2b-1dd3-4d25-8cda-051c8967dcec
		7345a2fb-d152-4862-bfb4-1f4648d4aec5
		282e58bd-9a65-49fa-a53e-2deb2b15bd43
		e1a7e384-4044-4327-b84b-0f6512cc336a
2018-11-13 00:03:08,771 28272  INFO  [82eb0c] Finished processing user request with id = 82eb0cf9-1c3b-46ae-9618-0accbed629f4 in 00:00:00.0479576.
2018-11-13 00:03:08,781 28282  INFO  [Metrics] Cpu: 0.57%; Memory: 19.79 GB/31.88 GB; Workers: 4/1024; IOCP: 0/1024
2018-11-13 00:03:08,790 28291  INFO  [0ce6a4] Here's some useful guids:
		131c2a8a-6268-4b6f-b59e-5d21b581a26d
		a6bff461-e374-4f5c-a9bd-97099367d529
		e63adfca-b53e-443a-8af1-b65fef5d4985
		c6bf50cf-1b64-423b-8b7b-adec47ba7eb8
2018-11-13 00:03:08,800 28301  ERROR [0ce6a4] 
System.InvalidOperationException: Oh no! An error occurred!
2018-11-13 00:03:08,803 28304  INFO  [1b6046] Started processing user request. Id = 1b6046a6-fc9a-4aa3-a359-7fa840ad1e28. Size = 36.51 KB.
2018-11-13 00:03:08,813 28314  INFO  [0822cf] Started processing user request. Id = 0822cf68-f34e-4db8-9d51-e5b9694c6aa6. Size = 17.47 KB.
2018-11-13 00:03:08,819 28320  INFO  [1b6046] Doing some complicated stuff.. Random numbers are: 870934120, 1134565101, 757209979.
2018-11-13 00:03:08,821 28322  INFO  [0822cf] Doing some complicated stuff.. Random numbers are: 1065120618, 912431515, 1694391161.
2018-11-13 00:03:08,833 28334  INFO  [1b6046] Finished processing user request with id = 1b6046a6-fc9a-4aa3-a359-7fa840ad1e28 in 00:00:00.0304559.
2018-11-13 00:03:08,847 28348  INFO  [BackgroundDaemon] Processing data (92% completed)..
2018-11-13 00:03:08,847 28348  INFO  [BackgroundDaemon] Finished iteration in 00:00:00.2553443.
2018-11-13 00:03:08,853 28354  ERROR [0822cf] 
System.InvalidOperationException: Oh no! An error occurred!
2018-11-13 00:03:08,859 28360  INFO  [048f69] Started processing user request. Id = 048f695b-8428-42ac-bbe7-c4a4670d13ab. Size = 43.78 KB.
2018-11-13 00:03:08,862 28363  INFO  [048f69] Doing some complicated stuff.. Random numbers are: 1444893599, 1713940337, 883059409.
2018-11-13 00:03:08,864 28365  INFO  [230d82] Started processing user request. Id = 230d825e-4198-4532-894e-0b2c8b2d015c. Size = 67.14 KB.
2018-11-13 00:03:08,867 28368  INFO  [873c2d] Started processing user request. Id = 873c2d07-e3fa-4f04-ba38-e309b1ba7b50. Size = 85.9 KB.
2018-11-13 00:03:08,873 28374  INFO  [048f69] Here's some useful guids:
		e4769bc6-489b-4dd6-9dea-6aa40c158777
		5c16afd4-41fb-424f-9b18-1e9c35618efc
2018-11-13 00:03:08,877 28378  INFO  [873c2d] Doing some complicated stuff.. Random numbers are: 876799435, 1662441865, 86114800.
2018-11-13 00:03:08,878 28379  INFO  [048f69] Finished processing user request with id = 048f695b-8428-42ac-bbe7-c4a4670d13ab in 00:00:00.0188758.
2018-11-13 00:03:08,881 28382  INFO  [230d82] Doing some complicated stuff.. Random numbers are: 1460076721, 1296781152, 2077804098.
2018-11-13 00:03:08,888 28389  INFO  [873c2d] Finished processing user request with id = 873c2d07-e3fa-4f04-ba38-e309b1ba7b50 in 00:00:00.0210033.
2018-11-13 00:03:08,892 28393  INFO  [230d82] Finished processing user request with id = 230d825e-4198-4532-894e-0b2c8b2d015c in 00:00:00.0280518.
2018-11-13 00:03:08,901 28402  INFO  [dc9758] Started processing user request. Id = dc9758f7-bc0a-4860-bd17-77460d8216b5. Size = 29.96 KB.
2018-11-13 00:03:08,914 28415  INFO  [dc9758] Doing some complicated stuff.. Random numbers are: 847654421, 666773866, 1177747526.
2018-11-13 00:03:08,920 28421  INFO  [dc9758] Here's some useful guids:
		0f60a64c-ea64-4142-9491-5fa528f28295
		8aa0e5cd-be0f-4ce9-b3b0-b41f6fde8e74
		0e8c0800-25d2-49e5-aa4e-e9f38f4e9100
		91b157e0-808d-4e09-8c70-622659cc2acf
		483b0e08-659c-44f3-8d75-c12e39a3c8b4
2018-11-13 00:03:08,924 28425  INFO  [fcfa9d] Started processing user request. Id = fcfa9d9d-b9f5-4dcf-8ded-288784da3027. Size = 52.12 KB.
2018-11-13 00:03:08,931 28432  INFO  [fcfa9d] Doing some complicated stuff.. Random numbers are: 912463228, 721153612, 1823097136.
2018-11-13 00:03:08,940 28441  INFO  [dc9758] Finished processing user request with id = dc9758f7-bc0a-4860-bd17-77460d8216b5 in 00:00:00.0390035.
2018-11-13 00:03:08,940 28441  INFO  [fcfa9d] Here's some useful guids:
		3118f34b-9e1b-4326-8f09-cd5345a0db44
		3d5ab3b9-03e6-47d3-8e8c-7647dd374a63
2018-11-13 00:03:08,953 28455  INFO  [fec230] Started processing user request. Id = fec23073-3acb-46c5-b192-b2460b39fbf1. Size = 52.33 KB.
2018-11-13 00:03:08,955 28457  INFO  [fec230] Doing some complicated stuff.. Random numbers are: 253297925, 1395073971, 2088590574.
2018-11-13 00:03:08,956 28458  INFO  [fcfa9d] Finished processing user request with id = fcfa9d9d-b9f5-4dcf-8ded-288784da3027 in 00:00:00.0321638.
2018-11-13 00:03:08,958 28460  INFO  [fec230] Finished processing user request with id = fec23073-3acb-46c5-b192-b2460b39fbf1 in 00:00:00.0050435.
2018-11-13 00:03:08,972 28473  INFO  [6552b7] Started processing user request. Id = 6552b7e1-237e-418b-a810-c299a9cd0478. Size = 75.73 KB.
2018-11-13 00:03:08,981 28482  INFO  [6552b7] Doing some complicated stuff.. Random numbers are: 816599725, 1372503918, 1077016502.
2018-11-13 00:03:08,988 28489  INFO  [4917cf] Started processing user request. Id = 4917cf0c-ada3-4296-8700-5d7ee9566d17. Size = 16.33 KB.
2018-11-13 00:03:09,004 28505  INFO  [4917cf] Doing some complicated stuff.. Random numbers are: 1918606546, 1088701369, 1407189063.
2018-11-13 00:03:09,013 28514  INFO  [4917cf] Here's some useful guids:
		9ab196a8-8fc3-4b28-8bb0-91065f99df17
		de9a86a0-8871-4bd1-b71f-53f73af8c042
		47fab74e-d9f2-4974-b56b-caf223c22be2
		8614def7-196a-4626-a5ed-9a5bfc632c75
2018-11-13 00:03:09,033 28535  INFO  [4917cf] Finished processing user request with id = 4917cf0c-ada3-4296-8700-5d7ee9566d17 in 00:00:00.0451086.
2018-11-13 00:03:09,044 28545  INFO  [6552b7] Finished processing user request with id = 6552b7e1-237e-418b-a810-c299a9cd0478 in 00:00:00.0726116.
2018-11-13 00:03:09,046 28547  INFO  [c8f133] Started processing user request. Id = c8f133d5-10af-439f-a9d7-6b4c2b453578. Size = 24.19 KB.
2018-11-13 00:03:09,047 28548  INFO  [BackgroundDaemon] Starting iteration #15507.
2018-11-13 00:03:09,054 28555  INFO  [c8f133] Doing some complicated stuff.. Random numbers are: 1573156419, 951711532, 1879948456.
2018-11-13 00:03:09,057 28558  INFO  [0787c0] Started processing user request. Id = 0787c033-a678-4be0-a7cf-3ffa6f30db88. Size = 77.94 KB.
2018-11-13 00:03:09,065 28566  INFO  [b4cea3] Started processing user request. Id = b4cea3a5-1e93-4fc2-bd90-0ded9ed66016. Size = 65.79 KB.
2018-11-13 00:03:09,066 28567  INFO  [0787c0] Doing some complicated stuff.. Random numbers are: 656107227, 1844583937, 1750568267.
2018-11-13 00:03:09,074 28575  INFO  [c8f133] Here's some useful guids:
		bc22662f-48da-42c6-a3f4-c0442e9e3b6c
		641098d0-e152-457f-a4a4-ec348b309204
		41d37c19-b9bd-4b75-874c-d5d43ee79b11
2018-11-13 00:03:09,074 28575  INFO  [c8f133] Finished processing user request with id = c8f133d5-10af-439f-a9d7-6b4c2b453578 in 00:00:00.0280234.
2018-11-13 00:03:09,078 28579  INFO  [b4cea3] Doing some complicated stuff.. Random numbers are: 1247007419, 370865135, 1101963592.
2018-11-13 00:03:09,091 28592  INFO  [b4cea3] Finished processing user request with id = b4cea3a5-1e93-4fc2-bd90-0ded9ed66016 in 00:00:00.0260844.
2018-11-13 00:03:09,102 28603  INFO  [0787c0] Here's some useful guids:
		4b4fad1b-1cbd-45ff-9975-78108e5a5fba
		76fee114-1d2a-4daa-a094-4613204e3779
		1cb619b4-3118-499a-8396-752269ca1f1a
		97ce2ffa-1167-4c24-89be-72b8084103d9
2018-11-13 00:03:09,118 28620  INFO  [0787c0] Finished processing user request with id = 0787c033-a678-4be0-a7cf-3ffa6f30db88 in 00:00:00.0611092.
2018-11-13 00:03:09,122 28624  INFO  [2b1704] Started processing user request. Id = 2b1704cb-09ef-4f4a-a20b-6bf091cdd197. Size = 26.16 KB.
2018-11-13 00:03:09,132 28633  INFO  [f0c5c5] Started processing user request. Id = f0c5c558-d576-4166-8bef-d6f59638643d. Size = 82.78 KB.
2018-11-13 00:03:09,134 28635  INFO  [BackgroundDaemon] Processing data (11% completed)..
2018-11-13 00:03:09,139 28640  INFO  [f0c5c5] Doing some complicated stuff.. Random numbers are: 2123787266, 1828373715, 1116984613.
2018-11-13 00:03:09,139 28640  INFO  [2b1704] Doing some complicated stuff.. Random numbers are: 807446353, 1038256292, 456089577.
2018-11-13 00:03:09,156 28657  INFO  [2b1704] Finished processing user request with id = 2b1704cb-09ef-4f4a-a20b-6bf091cdd197 in 00:00:00.0331764.
2018-11-13 00:03:09,164 28665  INFO  [f0c5c5] Here's some useful guids:
		8156ef09-0241-4a84-b071-940da0fd0e30
		2f5a4cbb-00a4-468b-aee4-be5cdbb84361
		fa4a2912-1ed5-468d-af10-eb98897badac
		c309090a-ef48-45ba-acca-4944c08823eb
		fe75da2c-a38e-4957-ac62-e9ca9ce181af
2018-11-13 00:03:09,187 28688  INFO  [f0c5c5] Finished processing user request with id = f0c5c558-d576-4166-8bef-d6f59638643d in 00:00:00.0550606.
2018-11-13 00:03:09,188 28689  INFO  [0d90dd] Started processing user request. Id = 0d90dd7e-fc41-467c-adfa-e7449a4b887e. Size = 97.08 KB.
2018-11-13 00:03:09,192 28693  INFO  [0d90dd] Doing some complicated stuff.. Random numbers are: 1131371218, 267087286, 1440953884.
2018-11-13 00:03:09,194 28695  INFO  [0d90dd] Here's some useful guids:
		030dc332-2929-48e7-8f35-ac7188ffbd8e
2018-11-13 00:03:09,201 28702  INFO  [8b9614] Started processing user request. Id = 8b961428-df7b-4b38-9f7f-ddb216e7f245. Size = 42.76 KB.
2018-11-13 00:03:09,215 28716  INFO  [8b9614] Doing some complicated stuff.. Random numbers are: 224959866, 187113113, 239381927.
2018-11-13 00:03:09,216 28717  INFO  [BackgroundDaemon] Processing data (45% completed)..
2018-11-13 00:03:09,217 28718  INFO  [0d90dd] Finished processing user request with id = 0d90dd7e-fc41-467c-adfa-e7449a4b887e in 00:00:00.0291979.
2018-11-13 00:03:09,242 28743  INFO  [d8e167] Started processing user request. Id = d8e1670b-6bbb-4c3b-9217-43345f41f923. Size = 10.68 KB.
2018-11-13 00:03:09,248 28749  INFO  [c06532] Started processing user request. Id = c065321e-e987-4ea2-8ce5-afda4b5062a1. Size = 2.42 KB.
2018-11-13 00:03:09,252 28753  INFO  [d8e167] Doing some complicated stuff.. Random numbers are: 1090406629, 1396301816, 1036306338.
2018-11-13 00:03:09,255 28756  INFO  [c06532] Doing some complicated stuff.. Random numbers are: 1102474889, 880532386, 207312061.
2018-11-13 00:03:09,258 28759  INFO  [8b9614] Finished processing user request with id = 8b961428-df7b-4b38-9f7f-ddb216e7f245 in 00:00:00.0572582.
2018-11-13 00:03:09,271 28772  INFO  [041cbf] Started processing user request. Id = 041cbf7a-26f8-43d9-858b-ba0daa5d6818. Size = 87.66 KB.
2018-11-13 00:03:09,274 28775  INFO  [c06532] Here's some useful guids:
		feeaaf03-93c3-4022-84f4-e2469842be55
		eb8aa66a-3da0-4b5f-95ef-d63036305c78
		ce0fc385-9c07-46ea-a2d0-e7d459ddac0b
		89b09fcb-3297-44b4-bbbd-07bb68c60027
		8e97f20c-4695-47a0-96de-06d73dec6d45
2018-11-13 00:03:09,279 28780  INFO  [041cbf] Doing some complicated stuff.. Random numbers are: 1663398944, 575845233, 21455681.
2018-11-13 00:03:09,281 28782  INFO  [Metrics] Cpu: 0.65%; Memory: 19.79 GB/31.88 GB; Workers: 4/1024; IOCP: 0/1024
2018-11-13 00:03:09,285 28786  INFO  [041cbf] Here's some useful guids:
		20a9a3e8-751b-47e4-8503-b72a5b72577f
		6a1c1a93-6c6f-4362-b0d9-a899b3ac7ccb
		d0dec73a-b8d1-479b-83eb-e4179f80757b
		1ac821eb-2e9c-461e-a4ad-2b29445d6b42
2018-11-13 00:03:09,293 28794  INFO  [d8e167] Finished processing user request with id = d8e1670b-6bbb-4c3b-9217-43345f41f923 in 00:00:00.0517724.
2018-11-13 00:03:09,297 28799  INFO  [c06532] Finished processing user request with id = c065321e-e987-4ea2-8ce5-afda4b5062a1 in 00:00:00.0495918.
2018-11-13 00:03:09,301 28803  INFO  [BackgroundDaemon] Processing data (93% completed)..
2018-11-13 00:03:09,301 28803  INFO  [BackgroundDaemon] Finished iteration in 00:00:00.2543161.
2018-11-13 00:03:09,306 28807  INFO  [041cbf] Finished processing user request with id = 041cbf7a-26f8-43d9-858b-ba0daa5d6818 in 00:00:00.0347760.
2018-11-13 00:03:09,320 28821  INFO  [d0e82c] Started processing user request. Id = d0e82cc8-eabd-4ccd-9bf0-7ad7deb59534. Size = 20.96 KB.
2018-11-13 00:03:09,326 28827  INFO  [d0e82c] Doing some complicated stuff.. Random numbers are: 539964021, 1133024627, 145660422.
2018-11-13 00:03:09,329 28830  INFO  [b75646] Started processing user request. Id = b75646d5-b458-465d-9c28-721e2efec2e0. Size = 80.74 KB.
2018-11-13 00:03:09,334 28835  INFO  [d0e82c] Here's some useful guids:
		5b9362e6-5080-4343-80cf-7bd8f613dce4
		21ce387f-a07f-482c-b827-a9b53ee85418
		96e573b5-2c0e-4a4e-9b5b-afaa2ecf764f
		83949fe4-be41-4c43-a06a-a3f6a9c7df8a
2018-11-13 00:03:09,343 28844  INFO  [b75646] Doing some complicated stuff.. Random numbers are: 825543168, 1580357762, 20160946.
2018-11-13 00:03:09,352 28853  INFO  [d0e82c] Finished processing user request with id = d0e82cc8-eabd-4ccd-9bf0-7ad7deb59534 in 00:00:00.0325098.
2018-11-13 00:03:09,366 28867  INFO  [8f755d] Started processing user request. Id = 8f755d42-1512-4d55-b868-bd4425599fe2. Size = 275 B.
2018-11-13 00:03:09,369 28870  INFO  [8f755d] Doing some complicated stuff.. Random numbers are: 158217412, 35518243, 98818734.
2018-11-13 00:03:09,376 28877  INFO  [b75646] Finished processing user request with id = b75646d5-b458-465d-9c28-721e2efec2e0 in 00:00:00.0478470.
2018-11-13 00:03:09,408 28909  INFO  [a1f7db] Started processing user request. Id = a1f7db04-9b48-4a6d-aaf9-c63de5558005. Size = 66.84 KB.
2018-11-13 00:03:09,409 28910  INFO  [8f755d] Here's some useful guids:
		cebcf8a0-cd4b-47d2-acd6-7ed99fc76772
		0847d2f7-b3ba-45c8-8b34-2c82aa670859
2018-11-13 00:03:09,413 28914  INFO  [a1f7db] Doing some complicated stuff.. Random numbers are: 1420757323, 9555071, 897532935.
2018-11-13 00:03:09,415 28916  INFO  [8f755d] Finished processing user request with id = 8f755d42-1512-4d55-b868-bd4425599fe2 in 00:00:00.0488954.
2018-11-13 00:03:09,429 28930  INFO  [594222] Started processing user request. Id = 594222e0-2f34-4704-9284-9fab0156a394. Size = 40.69 KB.
2018-11-13 00:03:09,431 28932  INFO  [594222] Doing some complicated stuff.. Random numbers are: 877589405, 1540457651, 1345182319.
2018-11-13 00:03:09,445 28946  INFO  [a1f7db] Here's some useful guids:
		d15418e8-bf34-4cc8-bd9c-0244e03a5c27
2018-11-13 00:03:09,449 28950  INFO  [594222] Here's some useful guids:
		324c87ea-2e20-4765-b2e4-cf149c558cce
2018-11-13 00:03:09,460 28962  INFO  [03f1c8] Started processing user request. Id = 03f1c855-46db-4293-aeba-cb6e9c3a608e. Size = 82.74 KB.
2018-11-13 00:03:09,461 28963  ERROR [a1f7db] 
System.InvalidOperationException: Oh no! An error occurred!
2018-11-13 00:03:09,463 28965  INFO  [03f1c8] Doing some complicated stuff.. Random numbers are: 1412392480, 972000701, 1117131448.
2018-11-13 00:03:09,479 28980  INFO  [594222] Finished processing user request with id = 594222e0-2f34-4704-9284-9fab0156a394 in 00:00:00.0501338.
2018-11-13 00:03:09,480 28981  INFO  [03f1c8] Finished processing user request with id = 03f1c855-46db-4293-aeba-cb6e9c3a608e in 00:00:00.0197309.
2018-11-13 00:03:09,493 28994  INFO  [f55f0b] Started processing user request. Id = f55f0bac-21e5-4d19-a8cb-e5bcf6db0df1. Size = 50.61 KB.
2018-11-13 00:03:09,493 28994  INFO  [9f0fd3] Started processing user request. Id = 9f0fd353-0f44-4eb2-a0a2-2ea38b0d4a8b. Size = 25.11 KB.
2018-11-13 00:03:09,497 28998  INFO  [f55f0b] Doing some complicated stuff.. Random numbers are: 1088864790, 713044414, 1065952204.
2018-11-13 00:03:09,502 29003  INFO  [BackgroundDaemon] Starting iteration #15508.
2018-11-13 00:03:09,511 29012  INFO  [9f0fd3] Doing some complicated stuff.. Random numbers are: 1379245274, 1254857799, 1167595030.
2018-11-13 00:03:09,529 29030  INFO  [f55f0b] Finished processing user request with id = f55f0bac-21e5-4d19-a8cb-e5bcf6db0df1 in 00:00:00.0358074.
2018-11-13 00:03:09,531 29032  INFO  [9f0fd3] Here's some useful guids:
		05b24fb5-a30a-49a5-8e38-e84d21855bd5
2018-11-13 00:03:09,533 29034  INFO  [9f0fd3] Finished processing user request with id = 9f0fd353-0f44-4eb2-a0a2-2ea38b0d4a8b in 00:00:00.0397906.
2018-11-13 00:03:09,546 29047  INFO  [e79881] Started processing user request. Id = e7988130-4f71-43b5-a1eb-8b63b3089b36. Size = 97.58 KB.
2018-11-13 00:03:09,558 29059  INFO  [e79881] Doing some complicated stuff.. Random numbers are: 450642353, 139364112, 2292467.
2018-11-13 00:03:09,560 29061  INFO  [65b141] Started processing user request. Id = 65b141b2-36e8-41d7-b67a-8b7faa4d1d9f. Size = 27.43 KB.
2018-11-13 00:03:09,579 29081  INFO  [65b141] Doing some complicated stuff.. Random numbers are: 104104263, 828536934, 471217557.
2018-11-13 00:03:09,586 29088  INFO  [e79881] Here's some useful guids:
		870bfb57-4863-496b-a6a4-3607c1b94f7f
		026db9cb-4ff4-4761-a533-5a6f78f25fa3
		c10f92ef-449f-4975-b134-bdb89bdfc6b5
		47b320a2-234a-4371-b5c6-7163539e2aeb
2018-11-13 00:03:09,593 29094  INFO  [e79881] Finished processing user request with id = e7988130-4f71-43b5-a1eb-8b63b3089b36 in 00:00:00.0467734.
2018-11-13 00:03:09,599 29100  INFO  [BackgroundDaemon] Processing data (0% completed)..
2018-11-13 00:03:09,606 29107  INFO  [1967dc] Started processing user request. Id = 1967dca3-bb68-4017-8b39-41bd52a733f7. Size = 7.48 KB.
2018-11-13 00:03:09,618 29119  INFO  [65b141] Here's some useful guids:
		8f68070f-f4e4-4cfb-bca3-9b9ee5897248
		bbfd91d4-6d2d-4396-8f73-90aeae0e47ba
2018-11-13 00:03:09,625 29126  INFO  [1967dc] Doing some complicated stuff.. Random numbers are: 1153492218, 1990191025, 1808227936.
2018-11-13 00:03:09,642 29143  INFO  [65b141] Finished processing user request with id = 65b141b2-36e8-41d7-b67a-8b7faa4d1d9f in 00:00:00.0811967.
2018-11-13 00:03:09,647 29148  ERROR [1967dc] 
System.InvalidOperationException: Oh no! An error occurred!
2018-11-13 00:03:09,648 29149  INFO  [8ac423] Started processing user request. Id = 8ac423d0-2fff-4e39-add3-2adf4f1ae511. Size = 76.62 KB.
2018-11-13 00:03:09,660 29162  INFO  [e8d45a] Started processing user request. Id = e8d45a22-001c-4317-957a-fb8b3f44b634. Size = 58.51 KB.
2018-11-13 00:03:09,663 29164  INFO  [e8d45a] Doing some complicated stuff.. Random numbers are: 95078126, 1725863349, 1972715726.
2018-11-13 00:03:09,667 29168  INFO  [8ac423] Doing some complicated stuff.. Random numbers are: 1695140362, 360853014, 1964244593.
2018-11-13 00:03:09,673 29174  INFO  [127685] Started processing user request. Id = 12768592-1bb5-49c3-bb4b-1c88dd08ad0e. Size = 11.28 KB.
2018-11-13 00:03:09,682 29183  INFO  [127685] Doing some complicated stuff.. Random numbers are: 414200443, 491206158, 1522546360.
2018-11-13 00:03:09,683 29184  INFO  [BackgroundDaemon] Processing data (45% completed)..
2018-11-13 00:03:09,686 29187  INFO  [127685] Here's some useful guids:
		bb24a6cd-454b-47cb-96c2-4891e1c1f005
		9f0ac641-aa8d-4d07-a190-f2f3331ab141
2018-11-13 00:03:09,687 29188  INFO  [e8d45a] Here's some useful guids:
		4deb4e30-4cd4-4417-9bc9-33bbafff99c5
		1ca4995d-8524-4555-93b4-1e36b623a13e
		d75bfa43-d6f9-4607-8711-54ac9600ae29
2018-11-13 00:03:09,697 29198  INFO  [127685] Finished processing user request with id = 12768592-1bb5-49c3-bb4b-1c88dd08ad0e in 00:00:00.0245531.
2018-11-13 00:03:09,701 29202  INFO  [e8d45a] Finished processing user request with id = e8d45a22-001c-4317-957a-fb8b3f44b634 in 00:00:00.0407583.
2018-11-13 00:03:09,705 29206  INFO  [8ac423] Here's some useful guids:
		6712a45b-18b8-42d9-895b-4ec269312580
		e4c0043a-f682-4a6d-b55b-eecf2f5d82fe
		7ff1b86b-eff3-4163-abfe-e9a7907f67b5
2018-11-13 00:03:09,715 29216  INFO  [c30dc9] Started processing user request. Id = c30dc9ae-4a24-48a8-ab04-ca760dcdbfad. Size = 51.16 KB.
2018-11-13 00:03:09,726 29227  INFO  [8ac423] Finished processing user request with id = 8ac423d0-2fff-4e39-add3-2adf4f1ae511 in 00:00:00.0784830.
2018-11-13 00:03:09,728 29229  INFO  [3affe4] Started processing user request. Id = 3affe412-a267-47fb-afaa-324cd596bbcd. Size = 59.07 KB.
2018-11-13 00:03:09,731 29232  INFO  [c30dc9] Doing some complicated stuff.. Random numbers are: 1863832768, 580235288, 698485327.
2018-11-13 00:03:09,741 29242  INFO  [3affe4] Doing some complicated stuff.. Random numbers are: 951861187, 1326992953, 1864867943.
2018-11-13 00:03:09,742 29243  INFO  [BackgroundDaemon] Processing data (50% completed)..
2018-11-13 00:03:09,742 29243  INFO  [BackgroundDaemon] Finished iteration in 00:00:00.2407563.
2018-11-13 00:03:09,751 29252  INFO  [3affe4] Here's some useful guids:
		139fd5ff-3e22-4220-a02d-86378167b13c
		84d0a8bd-9561-41d6-9379-2d232f789b99
2018-11-13 00:03:09,763 29264  INFO  [3affe4] Finished processing user request with id = 3affe412-a267-47fb-afaa-324cd596bbcd in 00:00:00.0350590.
2018-11-13 00:03:09,781 29282  INFO  [Metrics] Cpu: 0.65%; Memory: 19.79 GB/31.88 GB; Workers: 4/1024; IOCP: 0/1024
2018-11-13 00:03:09,787 29288  INFO  [c30dc9] Finished processing user request with id = c30dc9ae-4a24-48a8-ab04-ca760dcdbfad in 00:00:00.0719045.
2018-11-13 00:03:09,795 29296  INFO  [0dcb14] Started processing user request. Id = 0dcb141a-e835-4897-aaf2-682209fd1af3. Size = 48.58 KB.
2018-11-13 00:03:09,799 29300  INFO  [0dcb14] Doing some complicated stuff.. Random numbers are: 1106830782, 943480119, 1097148917.
2018-11-13 00:03:09,800 29301  INFO  [22c128] Started processing user request. Id = 22c12882-5848-4dc1-a646-17775df81dbc. Size = 70.3 KB.
2018-11-13 00:03:09,819 29320  INFO  [22c128] Doing some complicated stuff.. Random numbers are: 320876289, 667525589, 1827098481.
2018-11-13 00:03:09,838 29339  INFO  [0dcb14] Finished processing user request with id = 0dcb141a-e835-4897-aaf2-682209fd1af3 in 00:00:00.0429568.
2018-11-13 00:03:09,865 29366  INFO  [22c128] Finished processing user request with id = 22c12882-5848-4dc1-a646-17775df81dbc in 00:00:00.0650760.
2018-11-13 00:03:09,870 29371  INFO  [e87036] Started processing user request. Id = e87036a7-8f07-4f87-848b-da5bdd20fb94. Size = 3.7 KB.
2018-11-13 00:03:09,875 29376  INFO  [e87036] Doing some complicated stuff.. Random numbers are: 1170650056, 1483045450, 547374749.
2018-11-13 00:03:09,879 29380  INFO  [6eb6d3] Started processing user request. Id = 6eb6d398-e706-4def-8122-aa810d91b933. Size = 70.22 KB.
2018-11-13 00:03:09,893 29394  INFO  [6eb6d3] Doing some complicated stuff.. Random numbers are: 854705848, 1326032453, 1396222117.
2018-11-13 00:03:09,894 29395  INFO  [63fbac] Started processing user request. Id = 63fbaca2-57ed-4686-848f-5159f209e6df. Size = 20.89 KB.
2018-11-13 00:03:09,900 29401  INFO  [63fbac] Doing some complicated stuff.. Random numbers are: 1523143350, 1986581544, 1796208753.
2018-11-13 00:03:09,902 29403  ERROR [e87036] 
System.InvalidOperationException: Oh no! An error occurred!
2018-11-13 00:03:09,905 29406  INFO  [6eb6d3] Here's some useful guids:
		7b3be7dc-233d-41b1-b549-c5547ae587a8
		09d7656b-e893-4c97-b1ce-8269813816d8
		5182bfb5-b9a6-485d-a0fb-6f5c5bddd621
		b301b6a9-9c1f-4f09-bdb5-15678a0faa39
2018-11-13 00:03:09,922 29423  INFO  [63fbac] Here's some useful guids:
		13c66d3f-84b8-4ffc-a146-64e24ea2b664
		d96d7844-d4ec-43fa-8cbe-209ba6a130a9
		0669e210-2356-4795-8f5a-86cf96a93604
		9872824d-2d7d-46a0-a1ee-445f758a0a16
		044f8889-f4b7-434e-9640-6827b570d72c
2018-11-13 00:03:09,934 29435  INFO  [6eb6d3] Finished processing user request with id = 6eb6d398-e706-4def-8122-aa810d91b933 in 00:00:00.0547407.
2018-11-13 00:03:09,934 29435  INFO  [ad6c86] Started processing user request. Id = ad6c869f-4809-42f2-aa2e-380d8ce72006. Size = 78.32 KB.
2018-11-13 00:03:09,939 29440  INFO  [ad6c86] Doing some complicated stuff.. Random numbers are: 881173403, 1885301775, 992846531.
2018-11-13 00:03:09,942 29443  INFO  [63fbac] Finished processing user request with id = 63fbaca2-57ed-4686-848f-5159f209e6df in 00:00:00.0477007.
2018-11-13 00:03:09,943 29444  INFO  [BackgroundDaemon] Starting iteration #15509.
2018-11-13 00:03:09,948 29449  INFO  [170bd2] Started processing user request. Id = 170bd2d6-428f-49ab-8f36-48fb271148b5. Size = 28.58 KB.
2018-11-13 00:03:09,957 29458  INFO  [170bd2] Doing some complicated stuff.. Random numbers are: 1888040830, 355192219, 1788582616.
2018-11-13 00:03:09,975 29476  INFO  [170bd2] Finished processing user request with id = 170bd2d6-428f-49ab-8f36-48fb271148b5 in 00:00:00.0272926.
2018-11-13 00:03:09,985 29486  INFO  [ad6c86] Finished processing user request with id = ad6c869f-4809-42f2-aa2e-380d8ce72006 in 00:00:00.0511540.
2018-11-13 00:03:09,989 29490  INFO  [b9598f] Started processing user request. Id = b9598f6c-bfdb-4659-8c84-eb49821499cc. Size = 67.42 KB.
2018-11-13 00:03:09,994 29495  INFO  [b9598f] Doing some complicated stuff.. Random numbers are: 372651483, 97528172, 617701761.
2018-11-13 00:03:10,016 29517  INFO  [BackgroundDaemon] Processing data (0% completed)..
2018-11-13 00:03:10,017 29518  INFO  [5bf5dd] Started processing user request. Id = 5bf5dd08-0898-4cd5-a441-859ddd5ae2ef. Size = 42.26 KB.
2018-11-13 00:03:10,027 29528  INFO  [5bf5dd] Doing some complicated stuff.. Random numbers are: 2063338506, 1864295990, 1928281024.
2018-11-13 00:03:10,046 29547  INFO  [b9598f] Finished processing user request with id = b9598f6c-bfdb-4659-8c84-eb49821499cc in 00:00:00.0571720.
2018-11-13 00:03:10,049 29550  INFO  [BackgroundDaemon] Processing data (43% completed)..
2018-11-13 00:03:10,060 29561  INFO  [16f5c7] Started processing user request. Id = 16f5c76f-64ad-4878-8ac5-9681a7f7b611. Size = 79.92 KB.
2018-11-13 00:03:10,064 29565  INFO  [16f5c7] Doing some complicated stuff.. Random numbers are: 1813491385, 615967480, 656338920.
2018-11-13 00:03:10,069 29570  ERROR [5bf5dd] 
System.InvalidOperationException: Oh no! An error occurred!
2018-11-13 00:03:10,100 29601  INFO  [BackgroundDaemon] Processing data (68% completed)..
2018-11-13 00:03:10,100 29601  INFO  [BackgroundDaemon] Finished iteration in 00:00:00.1573954.
2018-11-13 00:03:10,101 29602  INFO  [bceced] Started processing user request. Id = bcecedc2-6dc0-49f1-9f9a-f138916ae18c. Size = 87.06 KB.
2018-11-13 00:03:10,109 29610  INFO  [90eecd] Started processing user request. Id = 90eecd75-8528-4795-9259-319033158aea. Size = 30.97 KB.
2018-11-13 00:03:10,111 29612  INFO  [90eecd] Doing some complicated stuff.. Random numbers are: 1420697197, 180082088, 109019012.
2018-11-13 00:03:10,117 29618  INFO  [bceced] Doing some complicated stuff.. Random numbers are: 1541540888, 872517171, 1024561457.
2018-11-13 00:03:10,117 29618  INFO  [16f5c7] Finished processing user request with id = 16f5c76f-64ad-4878-8ac5-9681a7f7b611 in 00:00:00.0570653.
2018-11-13 00:03:10,131 29632  INFO  [388d20] Started processing user request. Id = 388d20c6-f592-413d-80e5-d2b30f1e631c. Size = 88.7 KB.
2018-11-13 00:03:10,135 29636  INFO  [388d20] Doing some complicated stuff.. Random numbers are: 1223619056, 1781261395, 1196658223.
2018-11-13 00:03:10,136 29637  INFO  [bceced] Finished processing user request with id = bcecedc2-6dc0-49f1-9f9a-f138916ae18c in 00:00:00.0350397.
2018-11-13 00:03:10,142 29643  ERROR [90eecd] 
System.InvalidOperationException: Oh no! An error occurred!
2018-11-13 00:03:10,168 29669  INFO  [6b8b1e] Started processing user request. Id = 6b8b1ed6-58bb-4c61-926c-4ba491c09194. Size = 5.57 KB.
2018-11-13 00:03:10,185 29686  INFO  [388d20] Finished processing user request with id = 388d20c6-f592-413d-80e5-d2b30f1e631c in 00:00:00.0541038.
2018-11-13 00:03:10,186 29687  INFO  [6b8b1e] Doing some complicated stuff.. Random numbers are: 404486438, 401443285, 590547790.
2018-11-13 00:03:10,199 29700  INFO  [f81dd2] Started processing user request. Id = f81dd269-2df9-4ac6-abb4-6ffcba4ee636. Size = 82.15 KB.
2018-11-13 00:03:10,215 29716  INFO  [f81dd2] Doing some complicated stuff.. Random numbers are: 679777320, 55051748, 321942326.
2018-11-13 00:03:10,224 29725  INFO  [6b8b1e] Here's some useful guids:
		2c823a5b-1c67-4d43-ae31-9a030868db0f
		d954a50b-7740-4985-b93b-3dd1dafa6b68
		fb4ef8e9-5b82-4266-9e0a-d495956168de
2018-11-13 00:03:10,230 29731  INFO  [6b8b1e] Finished processing user request with id = 6b8b1ed6-58bb-4c61-926c-4ba491c09194 in 00:00:00.0625097.
2018-11-13 00:03:10,244 29745  INFO  [f81dd2] Here's some useful guids:
		499ebe8b-953b-4172-a85d-41e0ea3e8e90
		20c3ed2e-d4af-436e-9645-187186aeb6fb
		08dbf82d-9c5c-429d-988b-20a36076998a
		6b8757e1-0e7f-45e7-a70e-55fe5341ceb6
2018-11-13 00:03:10,248 29749  INFO  [f81dd2] Finished processing user request with id = f81dd269-2df9-4ac6-abb4-6ffcba4ee636 in 00:00:00.0489901.
2018-11-13 00:03:10,261 29762  INFO  [f89663] Started processing user request. Id = f896638a-3321-477a-9c8b-4785ae80ca1c. Size = 68.4 KB.
2018-11-13 00:03:10,262 29763  INFO  [44ea98] Started processing user request. Id = 44ea98b5-c762-42ea-a762-5eec27fd6b48. Size = 60.56 KB.
2018-11-13 00:03:10,264 29765  INFO  [f89663] Doing some complicated stuff.. Random numbers are: 115858162, 1787397284, 676777644.
2018-11-13 00:03:10,277 29778  INFO  [44ea98] Doing some complicated stuff.. Random numbers are: 1841872168, 1306603453, 1803885556.
2018-11-13 00:03:10,280 29781  INFO  [Metrics] Cpu: 1.81%; Memory: 19.79 GB/31.88 GB; Workers: 4/1024; IOCP: 0/1024
2018-11-13 00:03:10,301 29802  INFO  [BackgroundDaemon] Starting iteration #15510.
2018-11-13 00:03:10,307 29808  INFO  [44ea98] Here's some useful guids:
		f827972e-3d10-47c5-9bb8-3180ee12f38b
		eddfb96d-0e96-413f-9c0d-b92a80ea3f75
2018-11-13 00:03:10,310 29811  INFO  [5883b2] Started processing user request. Id = 5883b2e6-5dbd-4f5f-98f2-657dc26391ac. Size = 20.84 KB.
2018-11-13 00:03:10,316 29817  INFO  [5883b2] Doing some complicated stuff.. Random numbers are: 784262956, 172170958, 2114166481.
2018-11-13 00:03:10,321 29823  INFO  [44ea98] Finished processing user request with id = 44ea98b5-c762-42ea-a762-5eec27fd6b48 in 00:00:00.0590342.
2018-11-13 00:03:10,327 29828  ERROR [f89663] 
System.InvalidOperationException: Oh no! An error occurred!
2018-11-13 00:03:10,340 29841  INFO  [b50443] Started processing user request. Id = b504438f-ee32-4631-8574-777555caf48d. Size = 441 B.
2018-11-13 00:03:10,343 29844  INFO  [b50443] Doing some complicated stuff.. Random numbers are: 216954479, 726146255, 184369219.
2018-11-13 00:03:10,347 29848  INFO  [5883b2] Here's some useful guids:
		03ead157-c6ec-4bcb-8236-250422f40dd1
		ac9a4804-bc9e-4cef-9316-75e7f4f64dd3
2018-11-13 00:03:10,353 29854  INFO  [BackgroundDaemon] Processing data (0% completed)..
2018-11-13 00:03:10,353 29854  INFO  [1b5c08] Started processing user request. Id = 1b5c0803-7b3a-4d26-9ad3-97d41658657e. Size = 30.08 KB.
2018-11-13 00:03:10,354 29855  INFO  [b50443] Finished processing user request with id = b504438f-ee32-4631-8574-777555caf48d in 00:00:00.0140694.
2018-11-13 00:03:10,366 29868  INFO  [1b5c08] Doing some complicated stuff.. Random numbers are: 1677757087, 2059286945, 1045899494.
2018-11-13 00:03:10,367 29869  INFO  [423b51] Started processing user request. Id = 423b5112-0374-4990-b9f0-0df56c2be838. Size = 84.16 KB.
2018-11-13 00:03:10,375 29877  INFO  [5883b2] Finished processing user request with id = 5883b2e6-5dbd-4f5f-98f2-657dc26391ac in 00:00:00.0652419.
2018-11-13 00:03:10,379 29881  INFO  [BackgroundDaemon] Processing data (36% completed)..
2018-11-13 00:03:10,381 29883  INFO  [423b51] Doing some complicated stuff.. Random numbers are: 795179930, 135510961, 1547924614.
2018-11-13 00:03:10,402 29904  INFO  [1b5c08] Finished processing user request with id = 1b5c0803-7b3a-4d26-9ad3-97d41658657e in 00:00:00.0490795.
2018-11-13 00:03:10,416 29918  INFO  [423b51] Finished processing user request with id = 423b5112-0374-4990-b9f0-0df56c2be838 in 00:00:00.0490001.
2018-11-13 00:03:10,430 29931  INFO  [3de1f3] Started processing user request. Id = 3de1f32f-6b4a-4ec5-bd10-765180541b77. Size = 77.4 KB.
2018-11-13 00:03:10,430 29931  INFO  [3de1f3] Doing some complicated stuff.. Random numbers are: 212860528, 1853963924, 1490277321.
2018-11-13 00:03:10,434 29935  INFO  [f357a4] Started processing user request. Id = f357a492-8911-4b4f-ab5b-92f3c48e6728. Size = 73.14 KB.
2018-11-13 00:03:10,438 29939  INFO  [f357a4] Doing some complicated stuff.. Random numbers are: 2055227559, 266328685, 1646426988.
2018-11-13 00:03:10,456 29957  INFO  [3de1f3] Here's some useful guids:
		689821a0-939d-4ade-a245-b4b6d63462a3
2018-11-13 00:03:10,472 29973  INFO  [BackgroundDaemon] Processing data (59% completed)..
2018-11-13 00:03:10,472 29973  INFO  [BackgroundDaemon] Finished iteration in 00:00:00.1703860.
2018-11-13 00:03:10,479 29980  INFO  [f357a4] Finished processing user request with id = f357a492-8911-4b4f-ab5b-92f3c48e6728 in 00:00:00.0443245.
2018-11-13 00:03:10,484 29985  INFO  [3de1f3] Finished processing user request with id = 3de1f32f-6b4a-4ec5-bd10-765180541b77 in 00:00:00.0534830.
2018-11-13 00:03:10,498 29999  INFO  [0de48e] Started processing user request. Id = 0de48e7c-144e-49d1-b56f-52c9c91bfa0c. Size = 31.74 KB.
2018-11-13 00:03:10,504 30005  INFO  [0de48e] Doing some complicated stuff.. Random numbers are: 1794253117, 1295987213, 100350503.
2018-11-13 00:03:10,510 30011  INFO  [14dc23] Started processing user request. Id = 14dc233b-0cfb-47bb-af91-4b4fa868d219. Size = 23.79 KB.
2018-11-13 00:03:10,510 30011  INFO  [14dc23] Doing some complicated stuff.. Random numbers are: 1491210569, 816790577, 1496835876.
2018-11-13 00:03:10,525 30026  INFO  [0de48e] Finished processing user request with id = 0de48e7c-144e-49d1-b56f-52c9c91bfa0c in 00:00:00.0270351.
2018-11-13 00:03:10,534 30035  INFO  [14dc23] Finished processing user request with id = 14dc233b-0cfb-47bb-af91-4b4fa868d219 in 00:00:00.0246164.
2018-11-13 00:03:10,538 30039  INFO  [de1064] Started processing user request. Id = de106479-8e2b-4ab5-8cda-b0a78f8c9738. Size = 40.7 KB.
2018-11-13 00:03:10,542 30043  INFO  [de1064] Doing some complicated stuff.. Random numbers are: 1750762566, 757591356, 1475918853.
2018-11-13 00:03:10,543 30044  INFO  [ce15a2] Started processing user request. Id = ce15a21f-3500-4eba-8e8e-ec95d1f8d697. Size = 54.56 KB.
2018-11-13 00:03:10,548 30049  INFO  [ce15a2] Doing some complicated stuff.. Random numbers are: 83513102, 1437411470, 79556320.
2018-11-13 00:03:10,566 30067  INFO  [418cf8] Started processing user request. Id = 418cf811-40e5-4c4d-875a-51ed805fbb92. Size = 14.24 KB.
2018-11-13 00:03:10,582 30083  INFO  [ce15a2] Finished processing user request with id = ce15a21f-3500-4eba-8e8e-ec95d1f8d697 in 00:00:00.0393369.
2018-11-13 00:03:10,583 30084  INFO  [418cf8] Doing some complicated stuff.. Random numbers are: 1406117342, 590743708, 1849563109.
2018-11-13 00:03:10,588 30089  INFO  [de1064] Finished processing user request with id = de106479-8e2b-4ab5-8cda-b0a78f8c9738 in 00:00:00.0493194.
2018-11-13 00:03:10,600 30101  INFO  [418cf8] Here's some useful guids:
		a093b2cb-10d1-4e28-b037-d1ff31fdefd7
		11ac1b3d-540e-46f4-9bf5-3428ee4648e3
		0be42159-34ed-4ae7-8b2a-76f2124f0f20
2018-11-13 00:03:10,601 30102  INFO  [0112b2] Started processing user request. Id = 0112b26d-21e6-486d-ad45-5a9ed3360c29. Size = 62.2 KB.
2018-11-13 00:03:10,608 30109  INFO  [0112b2] Doing some complicated stuff.. Random numbers are: 802240571, 1828696805, 182555597.
2018-11-13 00:03:10,612 30113  INFO  [418cf8] Finished processing user request with id = 418cf811-40e5-4c4d-875a-51ed805fbb92 in 00:00:00.0464136.
2018-11-13 00:03:10,642 30143  INFO  [0112b2] Here's some useful guids:
		d1e77d98-e7d7-4e3e-9c17-7a6f51f80e78
		62820a5c-fba7-4a02-aeba-c79fd9302bd2
		dc3c8f08-8476-4c40-81ff-0dd4c3a1e746
		ee0b8f96-7c92-43ac-9c1c-ecbcd7388175
2018-11-13 00:03:10,643 30144  INFO  [abd916] Started processing user request. Id = abd91660-e9a1-468f-a96a-6290bd511b9a. Size = 22.52 KB.
2018-11-13 00:03:10,656 30157  INFO  [abd916] Doing some complicated stuff.. Random numbers are: 1221103036, 787297291, 2075973052.
2018-11-13 00:03:10,662 30163  INFO  [abd916] Here's some useful guids:
		c3e54877-4b98-4e04-a877-2ccee4c3005b
		e84ab55f-5753-4d2f-a4be-29fa73c2fc5b
2018-11-13 00:03:10,669 30170  INFO  [0112b2] Finished processing user request with id = 0112b26d-21e6-486d-ad45-5a9ed3360c29 in 00:00:00.0678357.
2018-11-13 00:03:10,672 30173  INFO  [BackgroundDaemon] Starting iteration #15511.
2018-11-13 00:03:10,681 30182  INFO  [abd916] Finished processing user request with id = abd91660-e9a1-468f-a96a-6290bd511b9a in 00:00:00.0377085.
2018-11-13 00:03:10,682 30183  INFO  [29e5ee] Started processing user request. Id = 29e5ee6c-8cfc-48ad-b0c5-967eea030041. Size = 45.25 KB.
2018-11-13 00:03:10,691 30192  INFO  [29e5ee] Doing some complicated stuff.. Random numbers are: 113503057, 76741160, 528075904.
2018-11-13 00:03:10,712 30213  INFO  [d67bda] Started processing user request. Id = d67bda29-7013-4761-8afa-2ba811efebd9. Size = 8.93 KB.
2018-11-13 00:03:10,724 30225  INFO  [BackgroundDaemon] Processing data (5% completed)..
2018-11-13 00:03:10,729 30230  INFO  [d67bda] Doing some complicated stuff.. Random numbers are: 186964029, 834740554, 2058149724.
2018-11-13 00:03:10,733 30234  INFO  [d67bda] Here's some useful guids:
		397ce4e5-4adc-4631-b752-dabc33620142
		66f9f1a9-6da8-4b91-93dc-79df7a8b20b3
		b0442938-9015-4edc-8ffe-26ba9265a275
2018-11-13 00:03:10,740 30241  INFO  [29e5ee] Finished processing user request with id = 29e5ee6c-8cfc-48ad-b0c5-967eea030041 in 00:00:00.0579087.
2018-11-13 00:03:10,750 30251  INFO  [6e9060] Started processing user request. Id = 6e9060d4-fab3-442e-a090-fcb19dd34194. Size = 80.6 KB.
2018-11-13 00:03:10,753 30254  INFO  [a3b7cf] Started processing user request. Id = a3b7cf70-55b2-4d37-9e61-df121427e62c. Size = 5.02 KB.
2018-11-13 00:03:10,754 30255  INFO  [BackgroundDaemon] Processing data (23% completed)..
2018-11-13 00:03:10,759 30260  INFO  [a3b7cf] Doing some complicated stuff.. Random numbers are: 108684918, 340106614, 2044841505.
2018-11-13 00:03:10,760 30261  ERROR [d67bda] 
System.InvalidOperationException: Oh no! An error occurred!
2018-11-13 00:03:10,767 30268  INFO  [6e9060] Doing some complicated stuff.. Random numbers are: 1059919627, 343495544, 1818621888.
2018-11-13 00:03:10,779 30280  INFO  [Metrics] Cpu: 1.81%; Memory: 19.79 GB/31.88 GB; Workers: 4/1024; IOCP: 0/1024
2018-11-13 00:03:10,783 30284  INFO  [6e9060] Here's some useful guids:
		c7445e1a-2b98-4969-bc4b-990581e90e4e
		8359721f-9dbc-42ea-93dc-ee0c68e57212
		9f710ed5-bfc1-44f7-a0c5-d2248b77d2d8
		f25dafb9-6457-4198-903e-fdc8d6d2aeee
2018-11-13 00:03:10,790 30291  INFO  [6e9060] Finished processing user request with id = 6e9060d4-fab3-442e-a090-fcb19dd34194 in 00:00:00.0399199.
2018-11-13 00:03:10,791 30292  INFO  [a518b0] Started processing user request. Id = a518b0c3-3bc5-427c-8fff-256c432eeea1. Size = 34.32 KB.
2018-11-13 00:03:10,794 30295  ERROR [a3b7cf] 
System.InvalidOperationException: Oh no! An error occurred!
2018-11-13 00:03:10,797 30298  INFO  [a518b0] Doing some complicated stuff.. Random numbers are: 540678955, 1453925170, 910813847.
2018-11-13 00:03:10,808 30309  INFO  [792d94] Started processing user request. Id = 792d94b2-a4b9-4478-8492-1b962721bbd4. Size = 67.79 KB.
2018-11-13 00:03:10,816 30317  INFO  [792d94] Doing some complicated stuff.. Random numbers are: 168118708, 2018249327, 363183641.
2018-11-13 00:03:10,821 30322  INFO  [792d94] Here's some useful guids:
		71438ddd-db90-468e-b313-e81070dbc9ca
		e29bbf09-2631-4c02-bc2b-5b997a484dd9
		8180825d-365a-48f6-81be-0847326896c7
2018-11-13 00:03:10,824 30326  INFO  [a518b0] Finished processing user request with id = a518b0c3-3bc5-427c-8fff-256c432eeea1 in 00:00:00.0331353.
2018-11-13 00:03:10,836 30337  INFO  [792d94] Finished processing user request with id = 792d94b2-a4b9-4478-8492-1b962721bbd4 in 00:00:00.0272750.
2018-11-13 00:03:10,849 30350  INFO  [BackgroundDaemon] Processing data (85% completed)..
2018-11-13 00:03:10,849 30350  INFO  [BackgroundDaemon] Finished iteration in 00:00:00.1773914.
2018-11-13 00:03:10,849 30350  INFO  [abf739] Started processing user request. Id = abf73949-1988-4b32-95f2-7251b3e34cc6. Size = 16.65 KB.
2018-11-13 00:03:10,856 30357  INFO  [5c579e] Started processing user request. Id = 5c579e6b-6d6c-4dbc-ba26-6e485570b416. Size = 50.79 KB.
2018-11-13 00:03:10,868 30369  INFO  [abf739] Doing some complicated stuff.. Random numbers are: 941420549, 716750419, 304495403.
2018-11-13 00:03:10,875 30376  INFO  [5c579e] Doing some complicated stuff.. Random numbers are: 391057372, 845346621, 1323369486.
2018-11-13 00:03:10,885 30386  INFO  [abf739] Here's some useful guids:
		7be0233b-456f-45b7-a3ab-585b79757e31
		1c8fa0ed-0855-4f09-a34d-966ee7908ad5
2018-11-13 00:03:10,895 30396  INFO  [abf739] Finished processing user request with id = abf73949-1988-4b32-95f2-7251b3e34cc6 in 00:00:00.0460696.
2018-11-13 00:03:10,901 30402  INFO  [5c579e] Finished processing user request with id = 5c579e6b-6d6c-4dbc-ba26-6e485570b416 in 00:00:00.0451321.
2018-11-13 00:03:10,909 30410  INFO  [f522c7] Started processing user request. Id = f522c7cf-92c0-434d-8c8c-2cd377fe2d10. Size = 55.88 KB.
2018-11-13 00:03:10,918 30419  INFO  [f522c7] Doing some complicated stuff.. Random numbers are: 2045805962, 861560994, 1572247506.
2018-11-13 00:03:10,933 30434  INFO  [0173a2] Started processing user request. Id = 0173a255-41b2-40e0-ab77-26ea0fd76580. Size = 71.42 KB.
2018-11-13 00:03:10,939 30440  INFO  [0173a2] Doing some complicated stuff.. Random numbers are: 580897745, 320548361, 40583962.
2018-11-13 00:03:10,952 30454  INFO  [f522c7] Finished processing user request with id = f522c7cf-92c0-434d-8c8c-2cd377fe2d10 in 00:00:00.0434195.
2018-11-13 00:03:10,957 30458  INFO  [c553e7] Started processing user request. Id = c553e7fb-0f15-449c-b842-386b1d0101b6. Size = 11.51 KB.
2018-11-13 00:03:10,966 30467  INFO  [a772ca] Started processing user request. Id = a772ca47-7325-4f6b-bec8-7561c8c2a348. Size = 41.35 KB.
2018-11-13 00:03:10,968 30469  INFO  [c553e7] Doing some complicated stuff.. Random numbers are: 940924675, 1637020391, 981377063.
2018-11-13 00:03:10,974 30476  INFO  [0173a2] Finished processing user request with id = 0173a255-41b2-40e0-ab77-26ea0fd76580 in 00:00:00.0419700.
2018-11-13 00:03:10,979 30480  INFO  [a772ca] Doing some complicated stuff.. Random numbers are: 578884963, 2070556142, 411741237.
2018-11-13 00:03:10,979 30480  INFO  [a772ca] Here's some useful guids:
		3db54ebe-1511-4ca6-9fe1-365f79bb6e3c
2018-11-13 00:03:10,986 30487  INFO  [c553e7] Here's some useful guids:
		5ec4f46c-a4f0-4c48-aafe-cc64f4bacc1a
		24ded7b4-e6e1-44b7-a7ba-fb5cefdba3c1
		31012216-786d-4e21-a8bc-8aa2f6873d41
		d0916bdd-0b81-46ef-ae86-c10be90afaf6
		5d3c62c1-6649-4b03-a620-15034b334e1a
2018-11-13 00:03:10,992 30493  INFO  [c553e7] Finished processing user request with id = c553e7fb-0f15-449c-b842-386b1d0101b6 in 00:00:00.0356077.
2018-11-13 00:03:10,995 30496  INFO  [a772ca] Finished processing user request with id = a772ca47-7325-4f6b-bec8-7561c8c2a348 in 00:00:00.0290618.
2018-11-13 00:03:11,006 30507  INFO  [f3e2be] Started processing user request. Id = f3e2bedd-58d6-4d16-b80a-608bb0222a59. Size = 26.11 KB.
2018-11-13 00:03:11,009 30510  INFO  [efd408] Started processing user request. Id = efd4082a-8d51-4d86-9cf0-33f78569dead. Size = 92.18 KB.
2018-11-13 00:03:11,013 30514  INFO  [f3e2be] Doing some complicated stuff.. Random numbers are: 1610652783, 2111298546, 1489345001.
2018-11-13 00:03:11,022 30523  INFO  [efd408] Doing some complicated stuff.. Random numbers are: 1440942099, 1011664789, 564210583.
2018-11-13 00:03:11,031 30532  INFO  [efd408] Here's some useful guids:
		42ff0a30-c3cd-4b37-acef-55b928a13c41
		3c7f9cbe-7085-4e49-adc5-f330814a08d7
		78b34cbc-1bf6-4620-9dd8-0cdacfc78d14
		ad25cc23-ec7d-4101-b4a5-906a79085d00
2018-11-13 00:03:11,040 30541  INFO  [f3e2be] Here's some useful guids:
		2cdc8ba7-153f-456c-8a89-efcb3cdd331f
		79f23274-3d2a-4e60-b838-8a997a869dbd
		0a5adecc-2d8e-4bbc-a14a-5e110358044c
		42db3c7f-3ec4-4d56-9967-a3d44f539d6c
2018-11-13 00:03:11,049 30550  INFO  [BackgroundDaemon] Starting iteration #15512.
2018-11-13 00:03:11,061 30562  ERROR [efd408] 
System.InvalidOperationException: Oh no! An error occurred!
2018-11-13 00:03:11,069 30570  INFO  [f3e2be] Finished processing user request with id = f3e2bedd-58d6-4d16-b80a-608bb0222a59 in 00:00:00.0630476.
2018-11-13 00:03:11,075 30576  INFO  [b2bcef] Started processing user request. Id = b2bcef79-ac39-42be-9fef-7f7f1eb6e6cc. Size = 72.33 KB.
2018-11-13 00:03:11,089 30590  INFO  [b2bcef] Doing some complicated stuff.. Random numbers are: 2068838193, 974105925, 1513080547.
2018-11-13 00:03:11,101 30602  INFO  [626296] Started processing user request. Id = 626296d6-cb5c-43e8-9e0c-bd600351e0ec. Size = 87.5 KB.
2018-11-13 00:03:11,104 30605  INFO  [BackgroundDaemon] Processing data (5% completed)..
2018-11-13 00:03:11,106 30607  INFO  [b2bcef] Here's some useful guids:
		83a6084c-2c73-41dd-91b4-6960ec155080
		f939e992-5754-4fc5-b88c-1da623ec0f28
		b9d4f925-2e1b-4ee9-921a-ae6e8a1f7918
2018-11-13 00:03:11,120 30622  INFO  [626296] Doing some complicated stuff.. Random numbers are: 1369032368, 835037977, 2053689398.
2018-11-13 00:03:11,127 30628  INFO  [b2bcef] Finished processing user request with id = b2bcef79-ac39-42be-9fef-7f7f1eb6e6cc in 00:00:00.0517798.
2018-11-13 00:03:11,141 30642  INFO  [b06b54] Started processing user request. Id = b06b54ce-395f-4b3b-a513-86f41e1b247b. Size = 72.93 KB.
2018-11-13 00:03:11,147 30648  INFO  [BackgroundDaemon] Processing data (40% completed)..
2018-11-13 00:03:11,147 30648  INFO  [b06b54] Doing some complicated stuff.. Random numbers are: 1789131517, 738160946, 117823739.
2018-11-13 00:03:11,158 30659  INFO  [626296] Here's some useful guids:
		6f32781d-6ee6-4cc3-88a7-f1419bcda811
		8872d773-5ce3-434f-a57f-df719db4d612
		198b5394-46c0-40b7-ac11-a44ea21557ef
		0274211a-9819-41f4-a196-6453a664496c
2018-11-13 00:03:11,160 30661  INFO  [6c379a] Started processing user request. Id = 6c379a74-5336-4c65-a4c9-21b64a3a3431. Size = 15.21 KB.
2018-11-13 00:03:11,175 30676  INFO  [6c379a] Doing some complicated stuff.. Random numbers are: 465540085, 184395836, 749943461.
2018-11-13 00:03:11,181 30682  INFO  [b06b54] Finished processing user request with id = b06b54ce-395f-4b3b-a513-86f41e1b247b in 00:00:00.0400844.
2018-11-13 00:03:11,186 30687  INFO  [626296] Finished processing user request with id = 626296d6-cb5c-43e8-9e0c-bd600351e0ec in 00:00:00.0847506.
2018-11-13 00:03:11,188 30689  INFO  [6c379a] Finished processing user request with id = 6c379a74-5336-4c65-a4c9-21b64a3a3431 in 00:00:00.0279659.
2018-11-13 00:03:11,195 30696  INFO  [f84969] Started processing user request. Id = f8496995-08fc-4d3e-b41a-6b1ee6fb9260. Size = 30.58 KB.
2018-11-13 00:03:11,202 30703  INFO  [BackgroundDaemon] Processing data (51% completed)..
2018-11-13 00:03:11,202 30703  INFO  [BackgroundDaemon] Finished iteration in 00:00:00.1528180.
2018-11-13 00:03:11,209 30710  INFO  [f84969] Doing some complicated stuff.. Random numbers are: 770011674, 1601953415, 2138365882.
2018-11-13 00:03:11,218 30719  INFO  [be531c] Started processing user request. Id = be531cd9-a2ce-4448-bd2c-9a9853c51079. Size = 46.21 KB.
2018-11-13 00:03:11,224 30725  INFO  [be531c] Doing some complicated stuff.. Random numbers are: 890541843, 939408514, 1713728498.
2018-11-13 00:03:11,252 30753  ERROR [f84969] 
System.InvalidOperationException: Oh no! An error occurred!
2018-11-13 00:03:11,266 30767  INFO  [cd40ec] Started processing user request. Id = cd40ec3c-3645-4631-bfc3-0f1842640c8d. Size = 67.71 KB.
2018-11-13 00:03:11,270 30771  INFO  [cd40ec] Doing some complicated stuff.. Random numbers are: 1464416505, 1746507366, 1843281695.
2018-11-13 00:03:11,275 30776  INFO  [be531c] Finished processing user request with id = be531cd9-a2ce-4448-bd2c-9a9853c51079 in 00:00:00.0570594.
2018-11-13 00:03:11,278 30779  INFO  [Metrics] Cpu: 3.00%; Memory: 19.78 GB/31.88 GB; Workers: 4/1024; IOCP: 0/1024
2018-11-13 00:03:11,297 30798  INFO  [cd40ec] Here's some useful guids:
		b93f4d11-4015-4c0a-9a7e-0e4f8aa27e82
		46e1bb72-a60b-4b3a-a46a-e93570d972d4
		10aa8b81-762d-4809-ba0c-4d010cb6c6e5
		c1fecd97-dc07-4848-b8cb-e8693cf2f80c
2018-11-13 00:03:11,307 30808  INFO  [581b19] Started processing user request. Id = 581b1914-f87c-4f89-92d5-73eb4bb9aa59. Size = 25.63 KB.
2018-11-13 00:03:11,317 30818  INFO  [cd40ec] Finished processing user request with id = cd40ec3c-3645-4631-bfc3-0f1842640c8d in 00:00:00.0510417.
2018-11-13 00:03:11,320 30821  INFO  [581b19] Doing some complicated stuff.. Random numbers are: 1586367119, 243405119, 1156249381.
2018-11-13 00:03:11,330 30831  INFO  [773c8c] Started processing user request. Id = 773c8cb2-6d74-45af-be23-06f8913a2b55. Size = 25.48 KB.
2018-11-13 00:03:11,338 30839  INFO  [581b19] Here's some useful guids:
		18028b0f-c517-4b11-aecb-900c57bba160
		56a03535-ab24-42e1-9b76-e814051a0be0
		63006794-9e07-42b3-bee0-024953a58cd5
2018-11-13 00:03:11,345 30846  INFO  [773c8c] Doing some complicated stuff.. Random numbers are: 1582444626, 2146769605, 828286095.
2018-11-13 00:03:11,355 30856  INFO  [581b19] Finished processing user request with id = 581b1914-f87c-4f89-92d5-73eb4bb9aa59 in 00:00:00.0479203.
2018-11-13 00:03:11,355 30856  INFO  [59bbc8] Started processing user request. Id = 59bbc8c7-db27-4f73-af7f-0bc2834e3fe2. Size = 61.29 KB.
2018-11-13 00:03:11,363 30864  INFO  [59bbc8] Doing some complicated stuff.. Random numbers are: 202526163, 425278509, 661022154.
2018-11-13 00:03:11,379 30880  INFO  [773c8c] Finished processing user request with id = 773c8cb2-6d74-45af-be23-06f8913a2b55 in 00:00:00.0488625.
2018-11-13 00:03:11,386 30887  INFO  [666388] Started processing user request. Id = 6663881e-40dd-4cb3-962f-094d733b4595. Size = 51.39 KB.
2018-11-13 00:03:11,392 30893  INFO  [f8183e] Started processing user request. Id = f8183efc-12b1-4a8b-88bc-0b3df9133440. Size = 32.12 KB.
2018-11-13 00:03:11,393 30894  INFO  [59bbc8] Here's some useful guids:
		b069c440-4a5b-4ff5-a8fc-86fb47b03cb8
		64b56fb7-875f-4e4b-9825-e33ed5a42295
		c8572d08-4402-48f7-9652-ba1f9874f133
		36516319-1d9d-4ca5-9d1c-aab57a13281d
2018-11-13 00:03:11,399 30900  INFO  [59bbc8] Finished processing user request with id = 59bbc8c7-db27-4f73-af7f-0bc2834e3fe2 in 00:00:00.0441183.
2018-11-13 00:03:11,401 30902  INFO  [f8183e] Doing some complicated stuff.. Random numbers are: 853990829, 674597555, 91470362.
2018-11-13 00:03:11,402 30903  INFO  [BackgroundDaemon] Starting iteration #15513.
2018-11-13 00:03:11,406 30907  INFO  [666388] Doing some complicated stuff.. Random numbers are: 1780703730, 395116013, 205259398.
2018-11-13 00:03:11,422 30923  INFO  [f8183e] Finished processing user request with id = f8183efc-12b1-4a8b-88bc-0b3df9133440 in 00:00:00.0299489.
2018-11-13 00:03:11,435 30936  INFO  [a6fcb2] Started processing user request. Id = a6fcb247-9226-4c9a-9472-f8794ac83f3a. Size = 92.17 KB.
2018-11-13 00:03:11,439 30941  INFO  [666388] Finished processing user request with id = 6663881e-40dd-4cb3-962f-094d733b4595 in 00:00:00.0531897.
2018-11-13 00:03:11,449 30951  INFO  [BackgroundDaemon] Processing data (9% completed)..
2018-11-13 00:03:11,454 30956  INFO  [a6fcb2] Doing some complicated stuff.. Random numbers are: 66623911, 277117437, 1085877849.
2018-11-13 00:03:11,471 30972  INFO  [c5015f] Started processing user request. Id = c5015f79-6478-4ea6-91e0-abd65a862af9. Size = 30.83 KB.
2018-11-13 00:03:11,475 30976  INFO  [c5015f] Doing some complicated stuff.. Random numbers are: 1882058600, 45537538, 63170243.
2018-11-13 00:03:11,484 30985  INFO  [a6fcb2] Finished processing user request with id = a6fcb247-9226-4c9a-9472-f8794ac83f3a in 00:00:00.0483376.
2018-11-13 00:03:11,497 30998  INFO  [07a6fb] Started processing user request. Id = 07a6fb7e-c387-4c9c-b3d0-69732933d998. Size = 91.25 KB.
2018-11-13 00:03:11,506 31007  INFO  [07a6fb] Doing some complicated stuff.. Random numbers are: 340931573, 1824439218, 684058797.
2018-11-13 00:03:11,509 31010  INFO  [c5015f] Here's some useful guids:
		0490faf6-d312-4750-b233-8962629f1d67
2018-11-13 00:03:11,514 31015  INFO  [07a6fb] Here's some useful guids:
		d2ceac02-74ba-4d1a-8c26-1830690e6ada
		8ffc27d9-8f1b-4330-86ae-ac6b57fab07d
		7a85a2ee-26d4-43ee-9a85-552fd7edcc7d
		417f836d-60f2-41d3-8d76-fc63c11cbf43
2018-11-13 00:03:11,527 31028  INFO  [07a6fb] Finished processing user request with id = 07a6fb7e-c387-4c9c-b3d0-69732933d998 in 00:00:00.0302480.
2018-11-13 00:03:11,536 31037  INFO  [c5015f] Finished processing user request with id = c5015f79-6478-4ea6-91e0-abd65a862af9 in 00:00:00.0656378.
2018-11-13 00:03:11,540 31041  INFO  [BackgroundDaemon] Processing data (37% completed)..
2018-11-13 00:03:11,541 31042  INFO  [4517b1] Started processing user request. Id = 4517b1ba-430d-4f94-a860-10c28d886db4. Size = 67.06 KB.
2018-11-13 00:03:11,561 31062  INFO  [4517b1] Doing some complicated stuff.. Random numbers are: 928701270, 973323781, 1607975331.
2018-11-13 00:03:11,566 31067  INFO  [435854] Started processing user request. Id = 435854db-6e60-4b63-9c1e-b3489e768251. Size = 67.58 KB.
2018-11-13 00:03:11,567 31068  INFO  [7eb501] Started processing user request. Id = 7eb5014e-4a14-4e60-91e3-c1c224a8c67b. Size = 18.17 KB.
2018-11-13 00:03:11,583 31084  INFO  [435854] Doing some complicated stuff.. Random numbers are: 134543122, 1782563514, 1400887808.
2018-11-13 00:03:11,585 31087  INFO  [7eb501] Doing some complicated stuff.. Random numbers are: 2119277198, 1486900029, 1259811479.
2018-11-13 00:03:11,607 31108  INFO  [4517b1] Finished processing user request with id = 4517b1ba-430d-4f94-a860-10c28d886db4 in 00:00:00.0661349.
2018-11-13 00:03:11,616 31117  INFO  [435854] Here's some useful guids:
		b65d29aa-61d8-406f-9e4d-afbc1498f125
2018-11-13 00:03:11,618 31119  INFO  [7eb501] Finished processing user request with id = 7eb5014e-4a14-4e60-91e3-c1c224a8c67b in 00:00:00.0506903.
2018-11-13 00:03:11,621 31122  INFO  [d48245] Started processing user request. Id = d48245fb-01ab-4a5b-9010-480592293e41. Size = 85.67 KB.
2018-11-13 00:03:11,632 31133  INFO  [435854] Finished processing user request with id = 435854db-6e60-4b63-9c1e-b3489e768251 in 00:00:00.0652378.
2018-11-13 00:03:11,634 31135  INFO  [d48245] Doing some complicated stuff.. Random numbers are: 960278478, 386798985, 963116867.
2018-11-13 00:03:11,637 31138  INFO  [BackgroundDaemon] Processing data (81% completed)..
2018-11-13 00:03:11,637 31138  INFO  [BackgroundDaemon] Finished iteration in 00:00:00.2347828.
2018-11-13 00:03:11,649 31150  INFO  [cdabb0] Started processing user request. Id = cdabb0e7-db04-4867-9129-dad69c2e76fe. Size = 9.72 KB.
2018-11-13 00:03:11,658 31159  INFO  [d48245] Finished processing user request with id = d48245fb-01ab-4a5b-9010-480592293e41 in 00:00:00.0372830.
2018-11-13 00:03:11,667 31168  INFO  [cdabb0] Doing some complicated stuff.. Random numbers are: 1724034649, 781976614, 1305952952.
2018-11-13 00:03:11,672 31173  INFO  [2fdaf1] Started processing user request. Id = 2fdaf1f6-ca70-4054-a520-a8d9bce1217f. Size = 12.81 KB.
2018-11-13 00:03:11,677 31178  INFO  [2fdaf1] Doing some complicated stuff.. Random numbers are: 828774104, 494778330, 1923290968.
2018-11-13 00:03:11,682 31183  INFO  [cdabb0] Here's some useful guids:
		f6d317d2-b3e9-4a0f-abea-4a8033062718
		eb7c7c7f-247e-42bf-b86f-84de542aec3c
		3ebe2d19-31e1-4cba-b3d6-1e658eb10946
2018-11-13 00:03:11,701 31202  INFO  [cdabb0] Finished processing user request with id = cdabb0e7-db04-4867-9129-dad69c2e76fe in 00:00:00.0520671.
2018-11-13 00:03:11,716 31218  INFO  [2fdaf1] Finished processing user request with id = 2fdaf1f6-ca70-4054-a520-a8d9bce1217f in 00:00:00.0444107.
2018-11-13 00:03:11,730 31231  INFO  [ee4400] Started processing user request. Id = ee440019-b265-4c6c-991d-c5494a7536a8. Size = 46.88 KB.
2018-11-13 00:03:11,732 31233  INFO  [ee4400] Doing some complicated stuff.. Random numbers are: 378099083, 493975741, 632585318.
2018-11-13 00:03:11,733 31234  INFO  [c12987] Started processing user request. Id = c1298730-42ed-461b-a39a-0dc991983832. Size = 31.32 KB.
2018-11-13 00:03:11,747 31248  INFO  [c12987] Doing some complicated stuff.. Random numbers are: 176398736, 1411538472, 1730690279.
2018-11-13 00:03:11,768 31269  INFO  [ee4400] Here's some useful guids:
		0ddaf6cc-2eee-42f4-a24c-c6f5e36e923a
		7679e5c5-af23-4508-840b-95ed411e2eeb
		1e174150-1856-44b9-9db3-e379f1d5a939
2018-11-13 00:03:11,774 31275  INFO  [c12987] Finished processing user request with id = c1298730-42ed-461b-a39a-0dc991983832 in 00:00:00.0414917.
2018-11-13 00:03:11,778 31279  INFO  [Metrics] Cpu: 3.00%; Memory: 19.79 GB/31.88 GB; Workers: 4/1024; IOCP: 0/1024
2018-11-13 00:03:11,780 31281  INFO  [ee4400] Finished processing user request with id = ee440019-b265-4c6c-991d-c5494a7536a8 in 00:00:00.0502282.
2018-11-13 00:03:11,794 31295  INFO  [e59411] Started processing user request. Id = e59411e1-d7d2-4a21-a7a0-f287f2b0da2e. Size = 50.48 KB.
2018-11-13 00:03:11,799 31300  INFO  [e59411] Doing some complicated stuff.. Random numbers are: 729693935, 2006914439, 1788472599.
2018-11-13 00:03:11,799 31300  INFO  [f22bd6] Started processing user request. Id = f22bd688-6ef3-4fb0-84bd-ef44b33807c6. Size = 20.92 KB.
2018-11-13 00:03:11,806 31307  INFO  [9c2d9c] Started processing user request. Id = 9c2d9c95-6d21-4991-a7e5-a7f9fa806533. Size = 69.61 KB.
2018-11-13 00:03:11,811 31312  INFO  [9c2d9c] Doing some complicated stuff.. Random numbers are: 469152621, 988178407, 540118961.
2018-11-13 00:03:11,816 31317  INFO  [f22bd6] Doing some complicated stuff.. Random numbers are: 1895323661, 1652829735, 878273614.
2018-11-13 00:03:11,818 31319  INFO  [f22bd6] Here's some useful guids:
		6a02656e-8f75-4258-8478-1e49bd635d5b
		64d079ce-848e-4383-974a-a289735c068d
		3c3e4802-c21b-4159-8396-db5317994da4
		90109e80-f8b4-4df5-ae9c-df616cc710fd
2018-11-13 00:03:11,821 31322  INFO  [9c2d9c] Here's some useful guids:
		91ee2825-08e5-4f69-9b19-36578aeb48fd
		431d87de-3e15-4a49-9402-bd8469dc3e74
2018-11-13 00:03:11,831 31332  INFO  [f22bd6] Finished processing user request with id = f22bd688-6ef3-4fb0-84bd-ef44b33807c6 in 00:00:00.0317676.
2018-11-13 00:03:11,837 31338  INFO  [BackgroundDaemon] Starting iteration #15514.
2018-11-13 00:03:11,838 31339  INFO  [9c2d9c] Finished processing user request with id = 9c2d9c95-6d21-4991-a7e5-a7f9fa806533 in 00:00:00.0320265.
2018-11-13 00:03:11,845 31346  INFO  [e59411] Finished processing user request with id = e59411e1-d7d2-4a21-a7a0-f287f2b0da2e in 00:00:00.0515147.
2018-11-13 00:03:11,859 31360  INFO  [8ff85f] Started processing user request. Id = 8ff85fb1-10fa-442b-90d0-c9e0ca4dd0a4. Size = 22.28 KB.
2018-11-13 00:03:11,869 31370  INFO  [404155] Started processing user request. Id = 40415564-dcc0-4a38-b421-9f6e5d8dd859. Size = 23.81 KB.
2018-11-13 00:03:11,873 31374  INFO  [8ff85f] Doing some complicated stuff.. Random numbers are: 1575956947, 1119458211, 1172036049.
2018-11-13 00:03:11,878 31379  INFO  [404155] Doing some complicated stuff.. Random numbers are: 533953928, 1351513199, 1904251437.
2018-11-13 00:03:11,884 31385  INFO  [BackgroundDaemon] Processing data (18% completed)..
2018-11-13 00:03:11,890 31391  INFO  [8ff85f] Finished processing user request with id = 8ff85fb1-10fa-442b-90d0-c9e0ca4dd0a4 in 00:00:00.0311761.
2018-11-13 00:03:11,904 31405  INFO  [f9f616] Started processing user request. Id = f9f616d1-1083-478c-9715-c61f6005d4fc. Size = 44.45 KB.
2018-11-13 00:03:11,906 31407  INFO  [f9f616] Doing some complicated stuff.. Random numbers are: 1384518088, 1804993330, 1035246612.
2018-11-13 00:03:11,913 31414  INFO  [f9f616] Here's some useful guids:
		27189f42-aee8-40fd-9d9d-8a5b936f77d0
		e08458cc-fc98-41fb-8697-7a60bb17d36c
		dec0317f-0d64-4ae9-a1fe-c6728d127df6
2018-11-13 00:03:11,916 31417  INFO  [f9f616] Finished processing user request with id = f9f616d1-1083-478c-9715-c61f6005d4fc in 00:00:00.0120340.
2018-11-13 00:03:11,929 31430  INFO  [c5c644] Started processing user request. Id = c5c64458-c0f2-488d-9470-37938f7538e0. Size = 33.84 KB.
2018-11-13 00:03:11,932 31434  INFO  [404155] Finished processing user request with id = 40415564-dcc0-4a38-b421-9f6e5d8dd859 in 00:00:00.0631912.
2018-11-13 00:03:11,939 31440  INFO  [c5c644] Doing some complicated stuff.. Random numbers are: 164435241, 1945337917, 1524968393.
2018-11-13 00:03:11,950 31452  INFO  [c5c644] Here's some useful guids:
		15c414a6-7805-49a3-9c91-63167dd0285e
		9205c169-cb99-4052-814c-d88d8b3499ce
		b169da9a-f29e-4373-b321-2b6f86922944
2018-11-13 00:03:11,964 31465  INFO  [ed26fa] Started processing user request. Id = ed26fa1d-bfa2-4e4e-a3a8-c26dd202462a. Size = 26.33 KB.
2018-11-13 00:03:11,965 31466  INFO  [BackgroundDaemon] Processing data (44% completed)..
2018-11-13 00:03:11,974 31475  INFO  [c5c644] Finished processing user request with id = c5c64458-c0f2-488d-9470-37938f7538e0 in 00:00:00.0443157.
2018-11-13 00:03:11,978 31479  INFO  [ed26fa] Doing some complicated stuff.. Random numbers are: 1383292565, 906047701, 1456722300.
2018-11-13 00:03:11,987 31488  INFO  [43bdcd] Started processing user request. Id = 43bdcd4d-1f58-49f2-ba43-0774e2d90f64. Size = 54.28 KB.
2018-11-13 00:03:11,998 31499  INFO  [b70aeb] Started processing user request. Id = b70aeb16-7a20-441e-b8dd-438b546a82be. Size = 72.57 KB.
2018-11-13 00:03:12,002 31503  INFO  [43bdcd] Doing some complicated stuff.. Random numbers are: 597777226, 1935544009, 279380926.
2018-11-13 00:03:12,011 31512  INFO  [b70aeb] Doing some complicated stuff.. Random numbers are: 1824977120, 651781961, 1359372792.
2018-11-13 00:03:12,025 31526  INFO  [43bdcd] Finished processing user request with id = 43bdcd4d-1f58-49f2-ba43-0774e2d90f64 in 00:00:00.0381199.
2018-11-13 00:03:12,026 31527  INFO  [b70aeb] Here's some useful guids:
		f33d8e6e-d6cc-4b31-98d2-2a5cd0931937
		66e4f624-8605-4aa2-a934-dbec37951afd
2018-11-13 00:03:12,029 31530  ERROR [b70aeb] 
System.InvalidOperationException: Oh no! An error occurred!
2018-11-13 00:03:12,034 31535  INFO  [ed26fa] Finished processing user request with id = ed26fa1d-bfa2-4e4e-a3a8-c26dd202462a in 00:00:00.0699852.
2018-11-13 00:03:12,039 31540  INFO  [27b016] Started processing user request. Id = 27b01679-0b66-46b6-850b-7ee824cca9c0. Size = 61.86 KB.
2018-11-13 00:03:12,041 31542  INFO  [BackgroundDaemon] Processing data (77% completed)..
2018-11-13 00:03:12,041 31542  INFO  [BackgroundDaemon] Finished iteration in 00:00:00.2034152.
2018-11-13 00:03:12,057 31558  INFO  [27b016] Doing some complicated stuff.. Random numbers are: 1454058432, 1568316184, 1964502529.
2018-11-13 00:03:12,061 31562  INFO  [27b016] Here's some useful guids:
		6c239dc5-f8b7-42cc-a774-ed06f1eee294
		a2f3c85f-d433-4ccf-8ef4-bf8b317093bc
		81fce8e9-598d-4398-9db4-6ba0719fb99e
		22c94318-3cef-4660-b1dc-a86648209617
		dca2ab9a-f6b5-4be6-8b25-b97de51e69ac
2018-11-13 00:03:12,066 31567  INFO  [127f9d] Started processing user request. Id = 127f9dc3-daac-467a-9ff1-66924f34f662. Size = 28.34 KB.
2018-11-13 00:03:12,069 31570  INFO  [127f9d] Doing some complicated stuff.. Random numbers are: 639474742, 1261198780, 651891551.
2018-11-13 00:03:12,079 31580  INFO  [127f9d] Here's some useful guids:
		ffc76887-47ee-4b34-952b-00accb6f3d1d
		23c3abaf-2890-4c97-99ca-6bfcb0c71533
		aa1f7757-666f-4370-a285-743217f10290
2018-11-13 00:03:12,081 31582  INFO  [27b016] Finished processing user request with id = 27b01679-0b66-46b6-850b-7ee824cca9c0 in 00:00:00.0427934.
2018-11-13 00:03:12,095 31596  INFO  [d1a2d6] Started processing user request. Id = d1a2d69e-ab92-491e-b246-48bb3084663e. Size = 17.48 KB.
2018-11-13 00:03:12,106 31607  INFO  [127f9d] Finished processing user request with id = 127f9dc3-daac-467a-9ff1-66924f34f662 in 00:00:00.0405475.
2018-11-13 00:03:12,111 31612  INFO  [d1a2d6] Doing some complicated stuff.. Random numbers are: 885573282, 774881258, 2092524451.
2018-11-13 00:03:12,136 31638  INFO  [d1a2d6] Finished processing user request with id = d1a2d69e-ab92-491e-b246-48bb3084663e in 00:00:00.0417336.
2018-11-13 00:03:12,137 31639  INFO  [3dc0fb] Started processing user request. Id = 3dc0fbe6-b24a-4cad-a3ea-8fe15a82b7ca. Size = 54.11 KB.
2018-11-13 00:03:12,139 31641  INFO  [3dc0fb] Doing some complicated stuff.. Random numbers are: 555983296, 111417400, 1822128393.
2018-11-13 00:03:12,146 31647  INFO  [3dc0fb] Here's some useful guids:
		d1b30f8f-eca5-47ba-85f2-dba425e14b18
		8a6f0a9c-6672-4fc4-8a8d-84141b0aa9b4
		2ede629a-a5ba-4ad0-8d9e-b007b3f75616
2018-11-13 00:03:12,148 31649  INFO  [3dc0fb] Finished processing user request with id = 3dc0fbe6-b24a-4cad-a3ea-8fe15a82b7ca in 00:00:00.0101059.
2018-11-13 00:03:12,150 31651  INFO  [5e05c6] Started processing user request. Id = 5e05c6fc-ffe4-4230-a4ee-17c3a4fa9b51. Size = 2.33 KB.
2018-11-13 00:03:12,155 31656  INFO  [5e05c6] Doing some complicated stuff.. Random numbers are: 825328882, 1710443787, 1775346310.
2018-11-13 00:03:12,179 31680  INFO  [93e415] Started processing user request. Id = 93e4159b-b819-4c53-b6af-5214db965f3d. Size = 19.18 KB.
2018-11-13 00:03:12,192 31693  INFO  [93e415] Doing some complicated stuff.. Random numbers are: 1842906774, 1896767942, 348864088.
2018-11-13 00:03:12,196 31697  INFO  [3ba6cf] Started processing user request. Id = 3ba6cf9d-3edd-4a35-ba09-60ff642666fb. Size = 34.18 KB.
2018-11-13 00:03:12,197 31698  INFO  [93e415] Finished processing user request with id = 93e4159b-b819-4c53-b6af-5214db965f3d in 00:00:00.0184984.
2018-11-13 00:03:12,209 31710  INFO  [5e05c6] Finished processing user request with id = 5e05c6fc-ffe4-4230-a4ee-17c3a4fa9b51 in 00:00:00.0595277.
2018-11-13 00:03:12,211 31712  INFO  [3ba6cf] Doing some complicated stuff.. Random numbers are: 106549746, 707257517, 1070004291.
2018-11-13 00:03:12,223 31724  INFO  [e78e7d] Started processing user request. Id = e78e7d6a-9642-43c5-adcd-ee4176585267. Size = 72.96 KB.
2018-11-13 00:03:12,229 31730  INFO  [66f583] Started processing user request. Id = 66f583a4-13bb-4f93-b31d-6885b1675c18. Size = 53.01 KB.
2018-11-13 00:03:12,237 31738  INFO  [e78e7d] Doing some complicated stuff.. Random numbers are: 949980519, 524989432, 750752840.
2018-11-13 00:03:12,239 31740  INFO  [66f583] Doing some complicated stuff.. Random numbers are: 1435865618, 1318926199, 528798344.
2018-11-13 00:03:12,240 31741  INFO  [66f583] Here's some useful guids:
		9dd9a964-2b9f-4e4f-a04c-c866e40b7c2d
2018-11-13 00:03:12,241 31742  INFO  [BackgroundDaemon] Starting iteration #15515.
2018-11-13 00:03:12,245 31746  INFO  [3ba6cf] Here's some useful guids:
		000713a4-eaa5-4340-ba5a-73cee5070c04
		dd85cf03-842a-4026-a279-492d6d7b9d17
		297b21c2-d515-416e-a8db-055d51a6b52e
		a57e879d-6c2a-4f7b-ae00-f0fae3e3eab6
		24aa7e04-7b9b-471c-b719-a2fd925d6a40
2018-11-13 00:03:12,260 31761  INFO  [66f583] Finished processing user request with id = 66f583a4-13bb-4f93-b31d-6885b1675c18 in 00:00:00.0304486.
2018-11-13 00:03:12,262 31763  INFO  [3ba6cf] Finished processing user request with id = 3ba6cf9d-3edd-4a35-ba09-60ff642666fb in 00:00:00.0655044.
2018-11-13 00:03:12,271 31772  INFO  [e78e7d] Here's some useful guids:
		2e7d2346-57a5-49e8-865e-c15f44ba499e
		21699f6b-1a80-4926-961c-cafa4512346a
		d6912d17-8210-408e-9928-e252ead774fd
		24167964-f164-49d9-a0c3-245c8e918b46
2018-11-13 00:03:12,277 31778  INFO  [Metrics] Cpu: 0.68%; Memory: 19.79 GB/31.88 GB; Workers: 4/1024; IOCP: 0/1024
2018-11-13 00:03:12,291 31792  INFO  [e78e7d] Finished processing user request with id = e78e7d6a-9642-43c5-adcd-ee4176585267 in 00:00:00.0681718.
2018-11-13 00:03:12,291 31792  INFO  [03723c] Started processing user request. Id = 03723c7e-1ecc-4ef5-9a96-f4ee607bdbb6. Size = 96.35 KB.
2018-11-13 00:03:12,295 31796  INFO  [03723c] Doing some complicated stuff.. Random numbers are: 646014672, 237275443, 1052198358.
2018-11-13 00:03:12,304 31806  INFO  [6b61c9] Started processing user request. Id = 6b61c949-3182-4521-93b2-200ce74ba38a. Size = 15.88 KB.
2018-11-13 00:03:12,321 31822  INFO  [6b61c9] Doing some complicated stuff.. Random numbers are: 819889126, 920708855, 1047068320.
2018-11-13 00:03:12,333 31834  INFO  [03723c] Finished processing user request with id = 03723c7e-1ecc-4ef5-9a96-f4ee607bdbb6 in 00:00:00.0419020.
2018-11-13 00:03:12,338 31839  INFO  [BackgroundDaemon] Processing data (18% completed)..
2018-11-13 00:03:12,365 31866  INFO  [75afe0] Started processing user request. Id = 75afe0ab-4d29-48f8-8240-6275d085cd7b. Size = 78.09 KB.
2018-11-13 00:03:12,365 31866  INFO  [6b61c9] Finished processing user request with id = 6b61c949-3182-4521-93b2-200ce74ba38a in 00:00:00.0606250.
2018-11-13 00:03:12,371 31872  INFO  [75afe0] Doing some complicated stuff.. Random numbers are: 599756444, 781294151, 1100408473.
2018-11-13 00:03:12,378 31879  INFO  [f09145] Started processing user request. Id = f0914535-97dd-4e63-8524-ab5a635a5a1b. Size = 38.53 KB.
2018-11-13 00:03:12,384 31885  INFO  [f09145] Doing some complicated stuff.. Random numbers are: 772298367, 402557831, 1909722355.
2018-11-13 00:03:12,400 31901  INFO  [f09145] Finished processing user request with id = f0914535-97dd-4e63-8524-ab5a635a5a1b in 00:00:00.0219713.
2018-11-13 00:03:12,413 31914  INFO  [a4ad2e] Started processing user request. Id = a4ad2e2c-cdc8-4724-bf38-691c0b0ebec3. Size = 13.19 KB.
2018-11-13 00:03:12,415 31916  INFO  [75afe0] Finished processing user request with id = 75afe0ab-4d29-48f8-8240-6275d085cd7b in 00:00:00.0501414.
2018-11-13 00:03:12,427 31928  INFO  [BackgroundDaemon] Processing data (31% completed)..
2018-11-13 00:03:12,429 31930  INFO  [2c517b] Started processing user request. Id = 2c517b2f-647c-48c8-a6e5-a8ff3d0c7766. Size = 33.46 KB.
2018-11-13 00:03:12,430 31931  INFO  [a4ad2e] Doing some complicated stuff.. Random numbers are: 1934774151, 599459172, 838086255.
2018-11-13 00:03:12,446 31947  INFO  [cb1e78] Started processing user request. Id = cb1e7898-1931-4d8b-a47e-76d08294639d. Size = 40.68 KB.
2018-11-13 00:03:12,449 31950  INFO  [2c517b] Doing some complicated stuff.. Random numbers are: 400805434, 1491984858, 409767322.
2018-11-13 00:03:12,452 31953  INFO  [a4ad2e] Here's some useful guids:
		15ad686c-7965-4e35-bd8d-0238aecb39e5
		b5fb467e-26f6-448f-964b-8e60d47b0d52
		e7600afc-fabf-44ab-a248-b707a752c87a
		ae436f2c-d3eb-48b4-b0cd-0fa3d8ae4bda
		1c7f5da1-8bdf-411f-976e-645c001913c1
2018-11-13 00:03:12,454 31955  INFO  [cb1e78] Doing some complicated stuff.. Random numbers are: 401816743, 731358493, 812676854.
2018-11-13 00:03:12,463 31964  ERROR [a4ad2e] 
System.InvalidOperationException: Oh no! An error occurred!
2018-11-13 00:03:12,476 31977  INFO  [5f94ce] Started processing user request. Id = 5f94ce03-4e3e-4325-83ac-b0013a85f712. Size = 48.24 KB.
2018-11-13 00:03:12,482 31983  INFO  [2c517b] Here's some useful guids:
		283bb54b-0e8e-47a3-b2da-f5eac0ca0c29
		6f1264a4-01a4-4d95-94a3-b3e92c71f2e6
2018-11-13 00:03:12,484 31986  INFO  [cb1e78] Here's some useful guids:
		6127807b-ac3b-4c8b-91dc-d5b51e434cf5
		e42b2aa9-1eea-4ea9-9d51-52221ce8a85d
		7b45ef1e-5544-4d26-a498-462c8f7ab0c2
		06d93478-3457-43cc-b165-97ed996c3b0f
		8e55d3a6-0ea2-4c1a-b452-7ee288ea8e99
2018-11-13 00:03:12,486 31988  INFO  [BackgroundDaemon] Processing data (96% completed)..
2018-11-13 00:03:12,486 31988  INFO  [BackgroundDaemon] Finished iteration in 00:00:00.2451322.
2018-11-13 00:03:12,487 31989  INFO  [5f94ce] Doing some complicated stuff.. Random numbers are: 1878922472, 563560567, 1876943249.
2018-11-13 00:03:12,506 32007  INFO  [2c517b] Finished processing user request with id = 2c517b2f-647c-48c8-a6e5-a8ff3d0c7766 in 00:00:00.0768860.
2018-11-13 00:03:12,511 32012  INFO  [cb1e78] Finished processing user request with id = cb1e7898-1931-4d8b-a47e-76d08294639d in 00:00:00.0648153.
2018-11-13 00:03:12,523 32024  INFO  [5f94ce] Finished processing user request with id = 5f94ce03-4e3e-4325-83ac-b0013a85f712 in 00:00:00.0473453.
2018-11-13 00:03:12,537 32038  INFO  [648f8f] Started processing user request. Id = 648f8fd1-a11c-4ccc-92af-df293704f332. Size = 78.7 KB.
2018-11-13 00:03:12,542 32043  INFO  [bb1298] Started processing user request. Id = bb1298a0-c80c-4a07-912a-05dddcad6d06. Size = 1.24 KB.
2018-11-13 00:03:12,542 32043  INFO  [bb1298] Doing some complicated stuff.. Random numbers are: 1057998733, 313197448, 1597272385.
2018-11-13 00:03:12,554 32055  INFO  [648f8f] Doing some complicated stuff.. Random numbers are: 201822855, 459593261, 693541166.
2018-11-13 00:03:12,558 32059  INFO  [bb1298] Here's some useful guids:
		1cea66cc-725b-402a-b415-62f394fa633f
		10c71cbf-b7e6-43c1-99b6-d5322aca8ff1
		445deee8-a028-4a9b-a926-33845670a4b3
		d2740c6b-d13f-4a3f-b391-f89877448b8c
		3118fee8-ac02-4892-83b7-6556c6c9aa3d
2018-11-13 00:03:12,573 32074  INFO  [648f8f] Here's some useful guids:
		35534064-65db-4290-82d7-8becf4edf6d2
		209cae75-32a7-42ec-993e-2ffdfb4d9ae7
		70f70c17-d7ca-4ca2-9257-274969aa5a02
2018-11-13 00:03:12,585 32086  INFO  [bb1298] Finished processing user request with id = bb1298a0-c80c-4a07-912a-05dddcad6d06 in 00:00:00.0424292.
2018-11-13 00:03:12,585 32086  INFO  [648f8f] Finished processing user request with id = 648f8fd1-a11c-4ccc-92af-df293704f332 in 00:00:00.0482851.
2018-11-13 00:03:12,598 32099  INFO  [f3a558] Started processing user request. Id = f3a55824-71b0-4308-a64a-d2b6897d772b. Size = 54.28 KB.
2018-11-13 00:03:12,601 32102  INFO  [f3a558] Doing some complicated stuff.. Random numbers are: 1351872759, 1070088297, 515224634.
2018-11-13 00:03:12,616 32117  INFO  [a99770] Started processing user request. Id = a997709a-9ac7-42a4-af1b-ebb7c2319945. Size = 36.14 KB.
2018-11-13 00:03:12,634 32135  INFO  [a99770] Doing some complicated stuff.. Random numbers are: 898006191, 229952456, 697245870.
2018-11-13 00:03:12,651 32152  INFO  [f3a558] Finished processing user request with id = f3a55824-71b0-4308-a64a-d2b6897d772b in 00:00:00.0534498.
2018-11-13 00:03:12,652 32153  INFO  [a99770] Finished processing user request with id = a997709a-9ac7-42a4-af1b-ebb7c2319945 in 00:00:00.0361168.
2018-11-13 00:03:12,665 32166  INFO  [610167] Started processing user request. Id = 610167aa-c89d-4f21-a7b3-f9a00489657a. Size = 41.79 KB.
2018-11-13 00:03:12,673 32174  INFO  [708496] Started processing user request. Id = 7084965a-31c0-4f90-a90c-87c2c980d02c. Size = 68.21 KB.
2018-11-13 00:03:12,681 32182  INFO  [708496] Doing some complicated stuff.. Random numbers are: 668065200, 799298998, 1672680903.
2018-11-13 00:03:12,681 32182  INFO  [708496] Here's some useful guids:
		a28d3862-23c2-4328-a7ca-0314487ce646
		561a90f2-dac4-462e-a863-71f57fe79978
		3a416e4d-372c-45bb-90fa-0d2e85170d9f
		0d7f7162-cb2d-437a-967f-f78680d53a7c
2018-11-13 00:03:12,682 32183  INFO  [610167] Doing some complicated stuff.. Random numbers are: 666254289, 1125558230, 740232189.
2018-11-13 00:03:12,684 32185  INFO  [fc38c3] Started processing user request. Id = fc38c325-c328-4543-a6cc-4f08bff72896. Size = 15.33 KB.
2018-11-13 00:03:12,687 32188  INFO  [BackgroundDaemon] Starting iteration #15516.
2018-11-13 00:03:12,687 32188  INFO  [708496] Finished processing user request with id = 7084965a-31c0-4f90-a90c-87c2c980d02c in 00:00:00.0136451.
2018-11-13 00:03:12,703 32204  INFO  [fc38c3] Doing some complicated stuff.. Random numbers are: 727257978, 868530306, 70965868.
2018-11-13 00:03:12,709 32210  INFO  [610167] Here's some useful guids:
		0705623a-5049-4fb0-bf4c-1145261a6842
		6e6d69c7-46cc-4026-bf1b-784412966b1c
		472bf3d1-4684-4988-85cc-bc931b983ad6
2018-11-13 00:03:12,724 32226  INFO  [610167] Finished processing user request with id = 610167aa-c89d-4f21-a7b3-f9a00489657a in 00:00:00.0592509.
2018-11-13 00:03:12,726 32228  INFO  [fc38c3] Here's some useful guids:
		4c6e3d15-eae7-4ad3-8422-967eff08769f
2018-11-13 00:03:12,738 32239  INFO  [76ac25] Started processing user request. Id = 76ac25ef-6790-4346-998b-32d9a3694f48. Size = 47.66 KB.
2018-11-13 00:03:12,740 32241  INFO  [76ac25] Doing some complicated stuff.. Random numbers are: 1934111329, 267506280, 167780653.
2018-11-13 00:03:12,746 32247  INFO  [fc38c3] Finished processing user request with id = fc38c325-c328-4543-a6cc-4f08bff72896 in 00:00:00.0616998.
2018-11-13 00:03:12,761 32262  INFO  [76ac25] Here's some useful guids:
		9c2c3b3f-fda1-4bbe-be5a-ea45d0ce0b19
2018-11-13 00:03:12,769 32270  INFO  [BackgroundDaemon] Processing data (5% completed)..
2018-11-13 00:03:12,776 32277  INFO  [Metrics] Cpu: 0.68%; Memory: 19.79 GB/31.88 GB; Workers: 4/1024; IOCP: 0/1024
2018-11-13 00:03:12,777 32278  INFO  [773acf] Started processing user request. Id = 773acffa-bc4a-4756-b942-ab110a224ea2. Size = 52.63 KB.
2018-11-13 00:03:12,780 32281  INFO  [76ac25] Finished processing user request with id = 76ac25ef-6790-4346-998b-32d9a3694f48 in 00:00:00.0427392.
2018-11-13 00:03:12,792 32293  INFO  [773acf] Doing some complicated stuff.. Random numbers are: 1187376714, 166175234, 570893382.
2018-11-13 00:03:12,793 32294  INFO  [b6aa3d] Started processing user request. Id = b6aa3dfe-64bd-4cff-bf61-1be79e4f2128. Size = 76.97 KB.
2018-11-13 00:03:12,795 32296  INFO  [b6aa3d] Doing some complicated stuff.. Random numbers are: 74049978, 1577778854, 945939164.
2018-11-13 00:03:12,841 32343  INFO  [773acf] Finished processing user request with id = 773acffa-bc4a-4756-b942-ab110a224ea2 in 00:00:00.0642044.
2018-11-13 00:03:12,841 32343  INFO  [BackgroundDaemon] Processing data (37% completed)..
2018-11-13 00:03:12,853 32355  INFO  [b6aa3d] Finished processing user request with id = b6aa3dfe-64bd-4cff-bf61-1be79e4f2128 in 00:00:00.0601878.
2018-11-13 00:03:12,855 32356  INFO  [2d0d92] Started processing user request. Id = 2d0d92f6-d959-4034-ab9b-abef63137604. Size = 78.57 KB.
2018-11-13 00:03:12,867 32368  INFO  [2d0d92] Doing some complicated stuff.. Random numbers are: 2120509281, 1164024210, 501660615.
2018-11-13 00:03:12,867 32368  INFO  [7bc25a] Started processing user request. Id = 7bc25a0a-9706-418a-8833-d30563502d10. Size = 62.32 KB.
2018-11-13 00:03:12,873 32374  INFO  [834234] Started processing user request. Id = 834234d7-b0e8-4c4f-80a2-a49ca28d9399. Size = 52.56 KB.
2018-11-13 00:03:12,881 32382  INFO  [7bc25a] Doing some complicated stuff.. Random numbers are: 121869331, 481525813, 227653839.
2018-11-13 00:03:12,892 32393  INFO  [834234] Doing some complicated stuff.. Random numbers are: 909750242, 1699432644, 27924092.
2018-11-13 00:03:12,899 32400  INFO  [BackgroundDaemon] Processing data (76% completed)..
2018-11-13 00:03:12,899 32400  INFO  [BackgroundDaemon] Finished iteration in 00:00:00.2122731.
2018-11-13 00:03:12,904 32405  INFO  [2d0d92] Finished processing user request with id = 2d0d92f6-d959-4034-ab9b-abef63137604 in 00:00:00.0496737.
2018-11-13 00:03:12,910 32411  INFO  [834234] Finished processing user request with id = 834234d7-b0e8-4c4f-80a2-a49ca28d9399 in 00:00:00.0370279.
2018-11-13 00:03:12,918 32419  INFO  [7bc25a] Finished processing user request with id = 7bc25a0a-9706-418a-8833-d30563502d10 in 00:00:00.0510924.
2018-11-13 00:03:12,931 32432  INFO  [d0ccb1] Started processing user request. Id = d0ccb184-db12-4fe6-aa49-a7321e55a340. Size = 73.54 KB.
2018-11-13 00:03:12,942 32443  INFO  [aa4f64] Started processing user request. Id = aa4f6478-0b85-4f54-8230-69765a447cda. Size = 7.85 KB.
2018-11-13 00:03:12,942 32443  INFO  [aa4f64] Doing some complicated stuff.. Random numbers are: 233936715, 466126525, 171042521.
2018-11-13 00:03:12,942 32443  INFO  [d0ccb1] Doing some complicated stuff.. Random numbers are: 661596776, 1981101271, 1695068676.
2018-11-13 00:03:12,974 32475  INFO  [d0ccb1] Finished processing user request with id = d0ccb184-db12-4fe6-aa49-a7321e55a340 in 00:00:00.0430219.
2018-11-13 00:03:12,988 32489  INFO  [aa4f64] Finished processing user request with id = aa4f6478-0b85-4f54-8230-69765a447cda in 00:00:00.0460406.
2018-11-13 00:03:12,988 32489  INFO  [220570] Started processing user request. Id = 220570a3-efe0-43d1-9f5d-b6fb2a519029. Size = 708 B.
2018-11-13 00:03:12,999 32500  INFO  [220570] Doing some complicated stuff.. Random numbers are: 2049696822, 1912751044, 1153688911.
2018-11-13 00:03:13,007 32508  INFO  [220570] Here's some useful guids:
		c4a0af0c-80b3-488d-abe1-1479ed7e6e40
2018-11-13 00:03:13,017 32518  INFO  [220570] Finished processing user request with id = 220570a3-efe0-43d1-9f5d-b6fb2a519029 in 00:00:00.0290295.
2018-11-13 00:03:13,019 32520  INFO  [5b2d84] Started processing user request. Id = 5b2d841d-f363-4f92-b87d-a32371c3383d. Size = 60.89 KB.
2018-11-13 00:03:13,029 32530  INFO  [5b2d84] Doing some complicated stuff.. Random numbers are: 1198466061, 1102429959, 812665292.
2018-11-13 00:03:13,030 32531  INFO  [5d7af3] Started processing user request. Id = 5d7af394-a79e-4e66-86c3-ea5a57794ea9. Size = 56.49 KB.
2018-11-13 00:03:13,032 32533  INFO  [5d7af3] Doing some complicated stuff.. Random numbers are: 1159585257, 1883582457, 328277025.
2018-11-13 00:03:13,047 32548  INFO  [5b2d84] Here's some useful guids:
		73bea2bc-e9d5-4f8c-b885-4bbf2fc871ae
		8f3d2483-36b5-49d7-b6af-f74da0f4fe06
2018-11-13 00:03:13,062 32564  INFO  [5d7af3] Finished processing user request with id = 5d7af394-a79e-4e66-86c3-ea5a57794ea9 in 00:00:00.0321397.
2018-11-13 00:03:13,071 32572  INFO  [5b2d84] Finished processing user request with id = 5b2d841d-f363-4f92-b87d-a32371c3383d in 00:00:00.0518947.
2018-11-13 00:03:13,072 32573  INFO  [d4915a] Started processing user request. Id = d4915a05-b720-461c-bb5c-c44da4abfe49. Size = 53.21 KB.
2018-11-13 00:03:13,076 32577  INFO  [cb8c35] Started processing user request. Id = cb8c35bb-5948-4f1e-87a7-d32b5509189d. Size = 81.49 KB.
2018-11-13 00:03:13,092 32593  INFO  [d4915a] Doing some complicated stuff.. Random numbers are: 330033160, 207805819, 312109938.
2018-11-13 00:03:13,092 32593  INFO  [cb8c35] Doing some complicated stuff.. Random numbers are: 1207178176, 619632116, 112033908.
2018-11-13 00:03:13,100 32601  INFO  [BackgroundDaemon] Starting iteration #15517.
2018-11-13 00:03:13,103 32604  INFO  [7dc77d] Started processing user request. Id = 7dc77de2-5e7d-462c-9b29-cf17c9ea06cc. Size = 83.01 KB.
2018-11-13 00:03:13,106 32607  INFO  [7dc77d] Doing some complicated stuff.. Random numbers are: 237015056, 1606023440, 2075574700.
2018-11-13 00:03:13,124 32625  INFO  [d4915a] Finished processing user request with id = d4915a05-b720-461c-bb5c-c44da4abfe49 in 00:00:00.0520364.
2018-11-13 00:03:13,129 32630  INFO  [7dc77d] Finished processing user request with id = 7dc77de2-5e7d-462c-9b29-cf17c9ea06cc in 00:00:00.0265093.
2018-11-13 00:03:13,131 32632  INFO  [cb8c35] Here's some useful guids:
		72e3fb1a-2553-40a4-a826-2fb20e75406e
2018-11-13 00:03:13,140 32641  INFO  [cb8c35] Finished processing user request with id = cb8c35bb-5948-4f1e-87a7-d32b5509189d in 00:00:00.0635763.
2018-11-13 00:03:13,153 32654  INFO  [08e7a7] Started processing user request. Id = 08e7a7f8-7315-4073-afc8-c192c2eb08be. Size = 28.85 KB.
2018-11-13 00:03:13,161 32662  INFO  [52375f] Started processing user request. Id = 52375f48-7017-423a-9d20-427df8d90c92. Size = 18.78 KB.
2018-11-13 00:03:13,164 32665  INFO  [08e7a7] Doing some complicated stuff.. Random numbers are: 1796458260, 2087396867, 327016450.
2018-11-13 00:03:13,168 32669  INFO  [52375f] Doing some complicated stuff.. Random numbers are: 724973634, 168510492, 207083578.
2018-11-13 00:03:13,180 32681  INFO  [BackgroundDaemon] Processing data (16% completed)..
2018-11-13 00:03:13,196 32697  INFO  [52375f] Finished processing user request with id = 52375f48-7017-423a-9d20-427df8d90c92 in 00:00:00.0346215.
2018-11-13 00:03:13,196 32697  INFO  [08e7a7] Here's some useful guids:
		2293a862-465b-4c98-8811-f6677758e855
2018-11-13 00:03:13,208 32709  INFO  [BackgroundDaemon] Processing data (22% completed)..
2018-11-13 00:03:13,219 32720  INFO  [08e7a7] Finished processing user request with id = 08e7a7f8-7315-4073-afc8-c192c2eb08be in 00:00:00.0654372.
2018-11-13 00:03:13,227 32728  INFO  [8eb87e] Started processing user request. Id = 8eb87e42-938e-4da1-985a-748d8ab37ab8. Size = 31.32 KB.
2018-11-13 00:03:13,232 32733  INFO  [e6cd22] Started processing user request. Id = e6cd228a-2f61-4f94-9442-0a09e355adb4. Size = 85.96 KB.
2018-11-13 00:03:13,240 32741  INFO  [8eb87e] Doing some complicated stuff.. Random numbers are: 1659508069, 753582309, 1653783087.
2018-11-13 00:03:13,249 32750  INFO  [e6cd22] Doing some complicated stuff.. Random numbers are: 16324337, 472242946, 2086731271.
2018-11-13 00:03:13,261 32762  INFO  [BackgroundDaemon] Processing data (60% completed)..
2018-11-13 00:03:13,261 32762  INFO  [BackgroundDaemon] Finished iteration in 00:00:00.1614718.
2018-11-13 00:03:13,276 32777  INFO  [Metrics] Cpu: 0.48%; Memory: 19.79 GB/31.88 GB; Workers: 4/1024; IOCP: 0/1024
2018-11-13 00:03:13,279 32780  INFO  [8eb87e] Finished processing user request with id = 8eb87e42-938e-4da1-985a-748d8ab37ab8 in 00:00:00.0519845.
2018-11-13 00:03:13,286 32787  INFO  [e6cd22] Here's some useful guids:
		92cf65b2-eb2c-4df4-8116-23a1fa741003
		da8d9744-1290-45b5-9210-8c15645316fd
2018-11-13 00:03:13,292 32793  INFO  [e7b761] Started processing user request. Id = e7b761d7-eb12-4761-b76d-01a3dd487e95. Size = 11.06 KB.
2018-11-13 00:03:13,306 32807  INFO  [e6cd22] Finished processing user request with id = e6cd228a-2f61-4f94-9442-0a09e355adb4 in 00:00:00.0740523.
2018-11-13 00:03:13,308 32809  INFO  [e7b761] Doing some complicated stuff.. Random numbers are: 1891694957, 1499611411, 1279432197.
2018-11-13 00:03:13,310 32811  INFO  [8dd734] Started processing user request. Id = 8dd7347b-ed8c-4c88-bec6-e5e022e9069d. Size = 2.17 KB.
2018-11-13 00:03:13,320 32821  INFO  [551da9] Started processing user request. Id = 551da993-ccf1-4a65-9a4c-ce0f970b7378. Size = 41.24 KB.
2018-11-13 00:03:13,323 32824  INFO  [8dd734] Doing some complicated stuff.. Random numbers are: 2095887451, 1629048489, 1405846878.
2018-11-13 00:03:13,335 32836  INFO  [8dd734] Here's some useful guids:
		101c6b07-bbcf-4e72-8e3a-19c520553871
		93ffca41-2510-4db0-aeb9-a2ca651abe46
		9759fb14-f8d3-4935-8eb4-93dcaba49899
		28d042be-aa35-465d-9fba-26acfc876de3
2018-11-13 00:03:13,339 32840  INFO  [551da9] Doing some complicated stuff.. Random numbers are: 207682144, 1007834807, 1370523128.
2018-11-13 00:03:13,343 32844  INFO  [e7b761] Here's some useful guids:
		525a2376-56f6-4884-a94e-b0684ca9f061
		ce04eb2d-fe8e-42c7-9419-09c27c9e329f
		45fe993b-b9aa-45d1-b459-6131de103146
		77d6c821-bafe-42e1-a456-20eea35123ad
		5704c372-de56-43df-a523-1379395139db
2018-11-13 00:03:13,356 32857  INFO  [e7b761] Finished processing user request with id = e7b761d7-eb12-4761-b76d-01a3dd487e95 in 00:00:00.0639235.
2018-11-13 00:03:13,361 32862  ERROR [8dd734] 
System.InvalidOperationException: Oh no! An error occurred!
2018-11-13 00:03:13,374 32875  INFO  [551da9] Here's some useful guids:
		58f9b8c5-4a9b-4a66-ba0f-219ce8048eb8
		56824313-f2bd-4335-b98e-4e1a7db38992
2018-11-13 00:03:13,392 32893  INFO  [842419] Started processing user request. Id = 842419de-93b7-431b-8c5e-4fe7543b80c7. Size = 26.3 KB.
2018-11-13 00:03:13,395 32896  INFO  [842419] Doing some complicated stuff.. Random numbers are: 1712508409, 760852703, 1296208793.
2018-11-13 00:03:13,401 32902  ERROR [551da9] 
System.InvalidOperationException: Oh no! An error occurred!
2018-11-13 00:03:13,415 32916  INFO  [ca9bc0] Started processing user request. Id = ca9bc064-38ef-4b68-8f11-8f4dd44c0825. Size = 24.16 KB.
2018-11-13 00:03:13,417 32918  INFO  [ca9bc0] Doing some complicated stuff.. Random numbers are: 130617842, 508319441, 104207777.
2018-11-13 00:03:13,430 32931  INFO  [ca9bc0] Finished processing user request with id = ca9bc064-38ef-4b68-8f11-8f4dd44c0825 in 00:00:00.0150029.
2018-11-13 00:03:13,435 32936  INFO  [842419] Here's some useful guids:
		26430310-9736-4ba9-908a-bf5ef24d96e4
		c4ea94e6-ff68-471b-a062-07d25502f954
2018-11-13 00:03:13,444 32945  INFO  [842419] Finished processing user request with id = 842419de-93b7-431b-8c5e-4fe7543b80c7 in 00:00:00.0517185.
2018-11-13 00:03:13,444 32945  INFO  [d61afd] Started processing user request. Id = d61afd1e-0772-4d6c-9cfe-db1f82c23356. Size = 8.06 KB.
2018-11-13 00:03:13,460 32961  INFO  [d61afd] Doing some complicated stuff.. Random numbers are: 830640324, 296910537, 449089925.
2018-11-13 00:03:13,462 32963  INFO  [BackgroundDaemon] Starting iteration #15518.
2018-11-13 00:03:13,475 32976  INFO  [209123] Started processing user request. Id = 209123c5-ec42-4c1f-957c-ffc20635ed37. Size = 45.31 KB.
2018-11-13 00:03:13,481 32982  INFO  [209123] Doing some complicated stuff.. Random numbers are: 973710220, 1766147268, 718065690.
2018-11-13 00:03:13,483 32984  INFO  [209123] Here's some useful guids:
		836ff444-df23-47f8-bc31-d374373a0aff
2018-11-13 00:03:13,498 32999  INFO  [209123] Finished processing user request with id = 209123c5-ec42-4c1f-957c-ffc20635ed37 in 00:00:00.0229757.
2018-11-13 00:03:13,506 33007  INFO  [d61afd] Finished processing user request with id = d61afd1e-0772-4d6c-9cfe-db1f82c23356 in 00:00:00.0623640.
2018-11-13 00:03:13,519 33020  INFO  [c66cc9] Started processing user request. Id = c66cc957-19d1-44e0-a6e4-24d7b92900cc. Size = 31.09 KB.
2018-11-13 00:03:13,522 33023  INFO  [c66cc9] Doing some complicated stuff.. Random numbers are: 1476687992, 175646337, 952726469.
2018-11-13 00:03:13,524 33025  INFO  [f19d7a] Started processing user request. Id = f19d7af2-eadd-404b-98b7-896a4340b12d. Size = 54.02 KB.
2018-11-13 00:03:13,526 33027  INFO  [c66cc9] Here's some useful guids:
		0d225828-9941-4ac5-922b-6fd16eb11a4e
		6c6c3465-b457-4bf8-b9cd-aaf9ca93b172
2018-11-13 00:03:13,530 33031  INFO  [36ec0b] Started processing user request. Id = 36ec0b4a-fa23-4c18-a820-df526371a5af. Size = 77.3 KB.
2018-11-13 00:03:13,533 33034  INFO  [f19d7a] Doing some complicated stuff.. Random numbers are: 1843817061, 715531420, 1549828275.
2018-11-13 00:03:13,540 33041  INFO  [BackgroundDaemon] Processing data (19% completed)..
2018-11-13 00:03:13,541 33042  INFO  [c66cc9] Finished processing user request with id = c66cc957-19d1-44e0-a6e4-24d7b92900cc in 00:00:00.0218297.
2018-11-13 00:03:13,544 33045  INFO  [f19d7a] Here's some useful guids:
		132cf54e-e22b-4fbb-b907-3df2a94c1d41
		cce953d5-2cb8-4cc0-9b84-3bb99e04a054
		f26b9832-3a87-4fbc-b79f-bd6c5a4b6c90
		3476587d-4d7e-4ff4-b770-579b36e7dcf9
2018-11-13 00:03:13,544 33045  INFO  [f19d7a] Finished processing user request with id = f19d7af2-eadd-404b-98b7-896a4340b12d in 00:00:00.0202151.
2018-11-13 00:03:13,546 33047  INFO  [36ec0b] Doing some complicated stuff.. Random numbers are: 264474832, 1824836853, 1510135718.
2018-11-13 00:03:13,554 33055  INFO  [e61bba] Started processing user request. Id = e61bbacb-75d3-4473-8d8f-fb4948471aba. Size = 32.76 KB.
2018-11-13 00:03:13,560 33061  INFO  [e61bba] Doing some complicated stuff.. Random numbers are: 751675567, 102598916, 458000915.
2018-11-13 00:03:13,581 33082  INFO  [36ec0b] Finished processing user request with id = 36ec0b4a-fa23-4c18-a820-df526371a5af in 00:00:00.0506164.
2018-11-13 00:03:13,607 33109  INFO  [BackgroundDaemon] Processing data (24% completed)..
2018-11-13 00:03:13,612 33113  INFO  [75fbf1] Started processing user request. Id = 75fbf166-b6b3-4a80-98c9-3e01b6b94f43. Size = 5.54 KB.
2018-11-13 00:03:13,616 33118  INFO  [e61bba] Finished processing user request with id = e61bbacb-75d3-4473-8d8f-fb4948471aba in 00:00:00.0621467.
2018-11-13 00:03:13,630 33131  INFO  [75fbf1] Doing some complicated stuff.. Random numbers are: 968319526, 793298233, 2051589488.
2018-11-13 00:03:13,630 33131  INFO  [8ecc60] Started processing user request. Id = 8ecc60f9-8b72-4cd5-82dc-ff97e4bcfd5c. Size = 75.66 KB.
2018-11-13 00:03:13,634 33135  INFO  [8ecc60] Doing some complicated stuff.. Random numbers are: 1578167934, 380381310, 380861067.
2018-11-13 00:03:13,659 33160  INFO  [75fbf1] Finished processing user request with id = 75fbf166-b6b3-4a80-98c9-3e01b6b94f43 in 00:00:00.0473505.
2018-11-13 00:03:13,661 33163  INFO  [BackgroundDaemon] Processing data (95% completed)..
2018-11-13 00:03:13,661 33163  INFO  [BackgroundDaemon] Finished iteration in 00:00:00.1995009.
2018-11-13 00:03:13,676 33177  INFO  [8ecc60] Finished processing user request with id = 8ecc60f9-8b72-4cd5-82dc-ff97e4bcfd5c in 00:00:00.0459687.
2018-11-13 00:03:13,689 33190  INFO  [10bc94] Started processing user request. Id = 10bc9485-7053-4e56-90c7-b7b163f547c0. Size = 75.42 KB.
2018-11-13 00:03:13,690 33191  INFO  [4e4190] Started processing user request. Id = 4e419065-3c8a-4ca3-b7c8-564beb040371. Size = 16.6 KB.
2018-11-13 00:03:13,698 33200  INFO  [4e4190] Doing some complicated stuff.. Random numbers are: 1000094368, 2092417338, 1446342978.
2018-11-13 00:03:13,707 33208  INFO  [10bc94] Doing some complicated stuff.. Random numbers are: 1967746941, 1506292074, 152007133.
2018-11-13 00:03:13,712 33213  INFO  [1d9caa] Started processing user request. Id = 1d9caae9-06b2-4e0c-aa2d-141161a34a8d. Size = 45.26 KB.
2018-11-13 00:03:13,717 33218  INFO  [4e4190] Here's some useful guids:
		527d1fd3-99bb-4f08-99e7-b43672654a83
		0435e5dd-0452-4ee8-8587-a719e5b6cd07
		193eaec3-3464-46d7-aaa6-305e8ea1188c
		2f36d82f-0fce-4a3e-be00-b165b2a193ff
2018-11-13 00:03:13,721 33222  INFO  [4e4190] Finished processing user request with id = 4e419065-3c8a-4ca3-b7c8-564beb040371 in 00:00:00.0302099.
2018-11-13 00:03:13,726 33227  INFO  [1d9caa] Doing some complicated stuff.. Random numbers are: 139895990, 1970920978, 114354631.
2018-11-13 00:03:13,734 33235  INFO  [10bc94] Finished processing user request with id = 10bc9485-7053-4e56-90c7-b7b163f547c0 in 00:00:00.0449409.
2018-11-13 00:03:13,736 33237  INFO  [1d9caa] Here's some useful guids:
		041b5691-c1d2-47f6-860d-dfbf99f4e87f
		77c0abee-7df5-4191-bfa2-3e1473d6dd7d
		8e01fbc9-ef03-4b79-8661-1049b4f4cc59
2018-11-13 00:03:13,747 33248  INFO  [1d9caa] Finished processing user request with id = 1d9caae9-06b2-4e0c-aa2d-141161a34a8d in 00:00:00.0342115.
2018-11-13 00:03:13,748 33249  INFO  [4a9da3] Started processing user request. Id = 4a9da3c7-4221-45b6-ae52-d57c09b3e36c. Size = 16.13 KB.
2018-11-13 00:03:13,752 33253  INFO  [6f55f1] Started processing user request. Id = 6f55f116-b4d0-4295-950e-162f3e86a5ce. Size = 41.63 KB.
2018-11-13 00:03:13,760 33261  INFO  [4a9da3] Doing some complicated stuff.. Random numbers are: 2031785031, 1707590145, 1420058094.
2018-11-13 00:03:13,764 33265  INFO  [6f55f1] Doing some complicated stuff.. Random numbers are: 398993199, 207816394, 323462604.
2018-11-13 00:03:13,775 33277  INFO  [Metrics] Cpu: 0.48%; Memory: 19.79 GB/31.88 GB; Workers: 4/1024; IOCP: 0/1024
2018-11-13 00:03:13,782 33283  INFO  [6f55f1] Here's some useful guids:
		36aa1c2a-2bcb-4879-bc1e-d55bb15fa93d
		98b137ff-3ca4-4e34-9084-922d2b43611f
		0e2cc34a-6439-4f7b-bc96-3ca41ba6fbaa
2018-11-13 00:03:13,782 33283  ERROR [6f55f1] 
System.InvalidOperationException: Oh no! An error occurred!
2018-11-13 00:03:13,790 33291  INFO  [4a9da3] Here's some useful guids:
		0fcfb5f0-2d49-4166-a8ee-eb7349ffda38
		c4de2ffa-1a59-4159-864e-2cec9f897ec0
		ae1f8a76-960e-4710-9880-5e8cb63ec0e1
		38fe480f-ee13-424e-a839-6af596c4dd10
2018-11-13 00:03:13,792 33294  INFO  [4a9da3] Finished processing user request with id = 4a9da3c7-4221-45b6-ae52-d57c09b3e36c in 00:00:00.0449359.
2018-11-13 00:03:13,806 33307  INFO  [ee042d] Started processing user request. Id = ee042d20-4dc9-4788-9814-73888079ea8b. Size = 77.97 KB.
2018-11-13 00:03:13,809 33310  INFO  [ee042d] Doing some complicated stuff.. Random numbers are: 661459882, 660703110, 1624771742.
2018-11-13 00:03:13,814 33315  INFO  [ee042d] Here's some useful guids:
		51cff19c-5a41-4507-a1a8-c62e2e378586
2018-11-13 00:03:13,814 33315  INFO  [d27464] Started processing user request. Id = d274640b-f859-492b-836f-38f23007e102. Size = 63.9 KB.
2018-11-13 00:03:13,814 33315  INFO  [d27464] Doing some complicated stuff.. Random numbers are: 509582923, 1871831985, 1454589727.
2018-11-13 00:03:13,823 33324  INFO  [d27464] Here's some useful guids:
		a41b09ad-97f7-41c9-9033-a5ebd90ee269
2018-11-13 00:03:13,831 33332  ERROR [ee042d] 
System.InvalidOperationException: Oh no! An error occurred!
2018-11-13 00:03:13,844 33345  INFO  [a26cb0] Started processing user request. Id = a26cb040-01d1-4100-a57f-1483753d7b0c. Size = 50.08 KB.
2018-11-13 00:03:13,849 33351  INFO  [a26cb0] Doing some complicated stuff.. Random numbers are: 1864047191, 1721698473, 876572502.
2018-11-13 00:03:13,850 33352  INFO  [d27464] Finished processing user request with id = d274640b-f859-492b-836f-38f23007e102 in 00:00:00.0364443.
2018-11-13 00:03:13,862 33364  INFO  [BackgroundDaemon] Starting iteration #15519.
2018-11-13 00:03:13,882 33383  INFO  [b61b02] Started processing user request. Id = b61b02c9-96c3-44cb-8f4f-bea1e1177a6d. Size = 45.66 KB.
2018-11-13 00:03:13,888 33389  INFO  [a26cb0] Finished processing user request with id = a26cb040-01d1-4100-a57f-1483753d7b0c in 00:00:00.0438788.
2018-11-13 00:03:13,898 33399  INFO  [b61b02] Doing some complicated stuff.. Random numbers are: 1111244200, 1630585124, 1875491651.
2018-11-13 00:03:13,902 33403  INFO  [be0c82] Started processing user request. Id = be0c822e-334b-4a07-889d-1e9f07229512. Size = 21.95 KB.
2018-11-13 00:03:13,907 33408  INFO  [be0c82] Doing some complicated stuff.. Random numbers are: 218523418, 959973424, 1296642508.
2018-11-13 00:03:13,914 33415  INFO  [ccfc5a] Started processing user request. Id = ccfc5ac5-df73-48ab-8a75-6592a2889016. Size = 88.57 KB.
2018-11-13 00:03:13,914 33415  INFO  [ccfc5a] Doing some complicated stuff.. Random numbers are: 1157235048, 1832066376, 1388230169.
2018-11-13 00:03:13,921 33422  INFO  [BackgroundDaemon] Processing data (16% completed)..
2018-11-13 00:03:13,929 33430  INFO  [b61b02] Finished processing user request with id = b61b02c9-96c3-44cb-8f4f-bea1e1177a6d in 00:00:00.0468711.
2018-11-13 00:03:13,930 33431  INFO  [ccfc5a] Here's some useful guids:
		cd656286-fe05-4efd-b451-de4399510820
2018-11-13 00:03:13,930 33431  INFO  [ccfc5a] Finished processing user request with id = ccfc5ac5-df73-48ab-8a75-6592a2889016 in 00:00:00.0159943.
2018-11-13 00:03:13,936 33437  INFO  [be0c82] Here's some useful guids:
		c930fcaf-ea0a-4e68-9a16-b8fb5084aba0
		9464e535-eb60-49b4-afd1-05a21a19d5bb
		3e3012f5-ec7e-4b20-9fec-154c354186aa
		0f0eab85-a32b-444b-9e22-c57f9e20fa0a
		c66a5c14-9547-4823-8285-7fb4bab16d00
2018-11-13 00:03:13,947 33449  INFO  [BackgroundDaemon] Processing data (33% completed)..
2018-11-13 00:03:13,961 33462  INFO  [e2a312] Started processing user request. Id = e2a3126b-12bb-4f60-afd7-8a40c86c05bc. Size = 64.87 KB.
2018-11-13 00:03:13,966 33467  INFO  [be0c82] Finished processing user request with id = be0c822e-334b-4a07-889d-1e9f07229512 in 00:00:00.0639994.
2018-11-13 00:03:13,975 33476  INFO  [e2a312] Doing some complicated stuff.. Random numbers are: 2084514005, 915081656, 1295046563.
2018-11-13 00:03:13,975 33476  INFO  [e2a312] Here's some useful guids:
		52dfabf2-c709-4469-b810-28ada81f3883
		c2d60221-3d8d-47e0-ad7c-3841f8c26f7b
		0a4cfce1-f709-40e3-bdb6-68effb14fae3
		e1a36679-4652-43e3-a72c-033498afa630
		ef369b39-3d8f-47e9-9d16-21da2fe3b0a9
2018-11-13 00:03:13,980 33481  INFO  [e4da39] Started processing user request. Id = e4da39ec-3c06-4f21-91fa-80493d413eb0. Size = 96.42 KB.
2018-11-13 00:03:13,983 33484  INFO  [BackgroundDaemon] Processing data (99% completed)..
2018-11-13 00:03:13,983 33484  INFO  [BackgroundDaemon] Finished iteration in 00:00:00.1201387.
2018-11-13 00:03:13,997 33498  INFO  [e4da39] Doing some complicated stuff.. Random numbers are: 858028960, 1564194900, 1811370979.
2018-11-13 00:03:14,001 33502  INFO  [e2a312] Finished processing user request with id = e2a3126b-12bb-4f60-afd7-8a40c86c05bc in 00:00:00.0401410.
2018-11-13 00:03:14,030 33531  INFO  [e4da39] Finished processing user request with id = e4da39ec-3c06-4f21-91fa-80493d413eb0 in 00:00:00.0501801.
2018-11-13 00:03:14,032 33533  INFO  [47e147] Started processing user request. Id = 47e147de-731b-4d82-b334-c90b465f7b93. Size = 88.06 KB.
2018-11-13 00:03:14,044 33545  INFO  [c516f9] Started processing user request. Id = c516f9c0-9b94-4ed8-a193-28c1ce6fde33. Size = 15.67 KB.
2018-11-13 00:03:14,047 33549  INFO  [47e147] Doing some complicated stuff.. Random numbers are: 1891264710, 1152585620, 1232716217.
2018-11-13 00:03:14,056 33557  INFO  [c516f9] Doing some complicated stuff.. Random numbers are: 117362523, 2001087733, 781858940.
2018-11-13 00:03:14,074 33576  INFO  [47e147] Here's some useful guids:
		de9a4198-f0f5-4b91-9522-d498558eea3c
2018-11-13 00:03:14,092 33593  INFO  [47e147] Finished processing user request with id = 47e147de-731b-4d82-b334-c90b465f7b93 in 00:00:00.0602758.
2018-11-13 00:03:14,098 33599  INFO  [0a3efc] Started processing user request. Id = 0a3efc2e-46bb-406a-b979-5c6e2d64580a. Size = 23.78 KB.
2018-11-13 00:03:14,105 33606  INFO  [0a3efc] Doing some complicated stuff.. Random numbers are: 105896903, 166354999, 6005883.
2018-11-13 00:03:14,115 33616  INFO  [c516f9] Finished processing user request with id = c516f9c0-9b94-4ed8-a193-28c1ce6fde33 in 00:00:00.0707260.
2018-11-13 00:03:14,123 33624  INFO  [4a9efc] Started processing user request. Id = 4a9efc26-04e1-4305-8e75-0fe81eaf8726. Size = 43.88 KB.
2018-11-13 00:03:14,123 33624  INFO  [4a9efc] Doing some complicated stuff.. Random numbers are: 209303117, 1744487559, 1396796903.
2018-11-13 00:03:14,128 33629  INFO  [285993] Started processing user request. Id = 28599364-de96-4fa9-ad17-7db8c871ba21. Size = 14.17 KB.
2018-11-13 00:03:14,136 33637  INFO  [285993] Doing some complicated stuff.. Random numbers are: 91241925, 334361045, 1977484504.
2018-11-13 00:03:14,153 33654  INFO  [4a9efc] Finished processing user request with id = 4a9efc26-04e1-4305-8e75-0fe81eaf8726 in 00:00:00.0300732.
2018-11-13 00:03:14,154 33655  INFO  [0a3efc] Finished processing user request with id = 0a3efc2e-46bb-406a-b979-5c6e2d64580a in 00:00:00.0565204.
2018-11-13 00:03:14,156 33657  INFO  [285993] Finished processing user request with id = 28599364-de96-4fa9-ad17-7db8c871ba21 in 00:00:00.0281597.
2018-11-13 00:03:14,169 33670  INFO  [93ef40] Started processing user request. Id = 93ef4017-757a-48e6-b72f-58ee52212e1a. Size = 71.3 KB.
2018-11-13 00:03:14,183 33684  INFO  [BackgroundDaemon] Starting iteration #15520.
2018-11-13 00:03:14,184 33685  INFO  [93ef40] Doing some complicated stuff.. Random numbers are: 1225223476, 1279843652, 467224598.
2018-11-13 00:03:14,185 33686  INFO  [51c237] Started processing user request. Id = 51c237c2-60f9-492c-9ab9-a87192c0152f. Size = 21.93 KB.
2018-11-13 00:03:14,185 33686  INFO  [51c237] Doing some complicated stuff.. Random numbers are: 1193166969, 791773662, 769944349.
2018-11-13 00:03:14,200 33701  INFO  [51c237] Here's some useful guids:
		8e18e668-da94-4ca8-9791-66424d866316
		a8a4be24-069a-4735-b5f7-784294e61272
		d7295670-001e-4105-967b-f9184cb61489
		fbf4034d-8599-4d00-ac05-08cc461fd6f9
2018-11-13 00:03:14,204 33705  INFO  [93ef40] Finished processing user request with id = 93ef4017-757a-48e6-b72f-58ee52212e1a in 00:00:00.0346869.
2018-11-13 00:03:14,218 33719  INFO  [2f132f] Started processing user request. Id = 2f132f95-62af-4e9d-b086-072a10d8ac12. Size = 10.87 KB.
2018-11-13 00:03:14,219 33720  INFO  [51c237] Finished processing user request with id = 51c237c2-60f9-492c-9ab9-a87192c0152f in 00:00:00.0336626.
2018-11-13 00:03:14,228 33729  INFO  [2f132f] Doing some complicated stuff.. Random numbers are: 52676212, 608216044, 1177571470.
2018-11-13 00:03:14,234 33735  INFO  [2f132f] Here's some useful guids:
		2080ef71-0fcd-412c-9179-e9b00b9c8540
		42036a4a-8ec1-4a89-8e2d-56eecf128896
2018-11-13 00:03:14,236 33737  INFO  [2f132f] Finished processing user request with id = 2f132f95-62af-4e9d-b086-072a10d8ac12 in 00:00:00.0181726.
2018-11-13 00:03:14,238 33739  INFO  [BackgroundDaemon] Processing data (11% completed)..
2018-11-13 00:03:14,249 33750  INFO  [a16af6] Started processing user request. Id = a16af67e-f1ad-4990-ac90-0c8745b6a4ec. Size = 30.97 KB.
2018-11-13 00:03:14,250 33751  INFO  [a32479] Started processing user request. Id = a3247972-de1c-4314-a61f-14f40dc07623. Size = 84.71 KB.
2018-11-13 00:03:14,263 33764  INFO  [a32479] Doing some complicated stuff.. Random numbers are: 763999481, 1287565131, 1525689682.
2018-11-13 00:03:14,264 33765  INFO  [a16af6] Doing some complicated stuff.. Random numbers are: 1373716399, 1906177639, 1788782188.
2018-11-13 00:03:14,274 33776  INFO  [Metrics] Cpu: 1.01%; Memory: 19.79 GB/31.88 GB; Workers: 4/1024; IOCP: 0/1024
2018-11-13 00:03:14,280 33781  INFO  [a32479] Finished processing user request with id = a3247972-de1c-4314-a61f-14f40dc07623 in 00:00:00.0302248.
2018-11-13 00:03:14,297 33798  INFO  [a16af6] Finished processing user request with id = a16af67e-f1ad-4990-ac90-0c8745b6a4ec in 00:00:00.0481584.
2018-11-13 00:03:14,305 33806  INFO  [BackgroundDaemon] Processing data (37% completed)..
2018-11-13 00:03:14,311 33812  INFO  [be10a6] Started processing user request. Id = be10a6fe-4510-49ea-96b0-df278399c480. Size = 81.14 KB.
2018-11-13 00:03:14,312 33813  INFO  [6ed47f] Started processing user request. Id = 6ed47fce-e5d3-4c32-a16b-02128ed1ff07. Size = 92.59 KB.
2018-11-13 00:03:14,314 33815  INFO  [6ed47f] Doing some complicated stuff.. Random numbers are: 1574401877, 38975444, 692456618.
2018-11-13 00:03:14,322 33823  INFO  [83dce3] Started processing user request. Id = 83dce3a1-88a0-4977-8925-57088861658b. Size = 81.73 KB.
2018-11-13 00:03:14,328 33829  INFO  [be10a6] Doing some complicated stuff.. Random numbers are: 545778518, 1844338582, 770266806.
2018-11-13 00:03:14,335 33836  INFO  [83dce3] Doing some complicated stuff.. Random numbers are: 1615277207, 1605420545, 1797253417.
2018-11-13 00:03:14,338 33839  INFO  [BackgroundDaemon] Processing data (50% completed)..
2018-11-13 00:03:14,338 33839  INFO  [BackgroundDaemon] Finished iteration in 00:00:00.1552283.
2018-11-13 00:03:14,353 33855  INFO  [6ed47f] Finished processing user request with id = 6ed47fce-e5d3-4c32-a16b-02128ed1ff07 in 00:00:00.0416122.
2018-11-13 00:03:14,361 33862  INFO  [be10a6] Here's some useful guids:
		95f8b02f-2f48-43ca-b22d-ed6298570704
		8b861c2c-634c-43ef-9273-b53d9b5c15a2
		baa08bb5-bb88-4a2a-8c22-ec0324a93756
		460774df-5180-4f3d-8221-a3af2298e207
2018-11-13 00:03:14,361 33862  INFO  [be10a6] Finished processing user request with id = be10a6fe-4510-49ea-96b0-df278399c480 in 00:00:00.0505830.
2018-11-13 00:03:14,363 33864  INFO  [83dce3] Here's some useful guids:
		d250979e-7d90-4dfa-8731-f17c908461f8
		074dbc94-bdc3-420b-ba37-7d9c5d526d4a
		b0b2e35b-dee5-4835-b63b-276a7d6e640b
		7b32f3b7-069c-48f0-89cb-6bdfdaf05854
2018-11-13 00:03:14,375 33876  INFO  [4c111e] Started processing user request. Id = 4c111ea7-6036-4a7e-a80d-0b4899cd42f9. Size = 37.27 KB.
2018-11-13 00:03:14,375 33876  INFO  [4c111e] Doing some complicated stuff.. Random numbers are: 582164747, 1641902411, 1403990500.
2018-11-13 00:03:14,385 33886  INFO  [5bf383] Started processing user request. Id = 5bf383ca-76b9-48a0-bcbe-d0c6be4f09fe. Size = 15.54 KB.
2018-11-13 00:03:14,392 33893  INFO  [83dce3] Finished processing user request with id = 83dce3a1-88a0-4977-8925-57088861658b in 00:00:00.0696304.
2018-11-13 00:03:14,399 33900  INFO  [4c111e] Here's some useful guids:
		40778097-7259-4191-8451-2c9f433d25ac
		42de591f-23cf-43de-9003-f165574a944e
		a2fc42a7-7a6d-42fb-a4cc-2045321a3aea
		1903ef2c-318a-4e04-b553-8f01a978226d
2018-11-13 00:03:14,400 33901  INFO  [5bf383] Doing some complicated stuff.. Random numbers are: 1964343661, 778967670, 2056301398.
2018-11-13 00:03:14,424 33925  INFO  [4c111e] Finished processing user request with id = 4c111ea7-6036-4a7e-a80d-0b4899cd42f9 in 00:00:00.0496625.
2018-11-13 00:03:14,426 33927  INFO  [5bf383] Finished processing user request with id = 5bf383ca-76b9-48a0-bcbe-d0c6be4f09fe in 00:00:00.0416891.
2018-11-13 00:03:14,438 33939  INFO  [5e3819] Started processing user request. Id = 5e3819f4-e0d7-4c96-9ea3-631d6105be7e. Size = 86.78 KB.
2018-11-13 00:03:14,441 33942  INFO  [5e3819] Doing some complicated stuff.. Random numbers are: 1352099544, 236900070, 1504349810.
2018-11-13 00:03:14,450 33951  INFO  [5e3819] Finished processing user request with id = 5e3819f4-e0d7-4c96-9ea3-631d6105be7e in 00:00:00.0120844.
2018-11-13 00:03:14,458 33959  INFO  [ccd782] Started processing user request. Id = ccd78250-8906-456a-a869-8cb0d345950d. Size = 39.71 KB.
2018-11-13 00:03:14,463 33964  INFO  [d6a6ba] Started processing user request. Id = d6a6ba6b-5206-4872-9a56-f34057596e3f. Size = 72.39 KB.
2018-11-13 00:03:14,468 33969  INFO  [d6a6ba] Doing some complicated stuff.. Random numbers are: 1020958620, 969865457, 414704189.
2018-11-13 00:03:14,469 33970  INFO  [ccd782] Doing some complicated stuff.. Random numbers are: 383112127, 790031793, 9776562.
2018-11-13 00:03:14,491 33992  INFO  [ccd782] Here's some useful guids:
		894e41cb-27c7-4f4d-b61e-625d3ab53db5
		c52594ba-1c5d-4507-beef-eb798a01f46b
		c84f5d39-8bc2-45cc-994a-6ceedea90807
		b3f52af6-4543-4d03-aa91-4c918740f1a5
2018-11-13 00:03:14,498 33999  INFO  [d6a6ba] Here's some useful guids:
		e97fbeb4-6069-4d63-b01c-588063feadd3
		e41ac3ee-5aae-4870-b085-bbb924b615f2
		23abe518-61e0-42e6-9691-9a38bb4bc219
		d03b5cf9-5938-4fc6-8dd0-40572a58a2e7
		c760a1a3-ac49-4812-8a4f-8377e5420e66
2018-11-13 00:03:14,511 34012  INFO  [ccd782] Finished processing user request with id = ccd78250-8906-456a-a869-8cb0d345950d in 00:00:00.0534445.
2018-11-13 00:03:14,519 34020  INFO  [d6a6ba] Finished processing user request with id = d6a6ba6b-5206-4872-9a56-f34057596e3f in 00:00:00.0563533.
2018-11-13 00:03:14,533 34034  INFO  [fee62f] Started processing user request. Id = fee62fb1-2643-401d-b6e9-f22bb57f4d96. Size = 44.89 KB.
2018-11-13 00:03:14,539 34040  INFO  [BackgroundDaemon] Starting iteration #15521.
2018-11-13 00:03:14,542 34043  INFO  [fee62f] Doing some complicated stuff.. Random numbers are: 863435338, 16024824, 1562253413.
2018-11-13 00:03:14,543 34044  INFO  [948162] Started processing user request. Id = 948162d9-0b30-4fe8-8fe6-b3bd8ba71776. Size = 41.29 KB.
2018-11-13 00:03:14,551 34052  INFO  [948162] Doing some complicated stuff.. Random numbers are: 1695282021, 1987937411, 222930331.
2018-11-13 00:03:14,559 34060  INFO  [655850] Started processing user request. Id = 65585078-d2c0-4f24-b99d-dd1b32cbbb43. Size = 34.24 KB.
2018-11-13 00:03:14,567 34068  INFO  [948162] Here's some useful guids:
		d93f3ad3-667a-4196-add9-a03cecd29549
		7d6c4b8f-c884-47c8-afcc-9f48fe55ff02
2018-11-13 00:03:14,568 34069  INFO  [fee62f] Here's some useful guids:
		9c15edf5-b198-45f4-8de0-da70e8328276
2018-11-13 00:03:14,570 34071  INFO  [655850] Doing some complicated stuff.. Random numbers are: 1628623940, 1181328745, 559632228.
2018-11-13 00:03:14,582 34083  ERROR [948162] 
System.InvalidOperationException: Oh no! An error occurred!
2018-11-13 00:03:14,598 34099  ERROR [fee62f] 
System.InvalidOperationException: Oh no! An error occurred!
2018-11-13 00:03:14,612 34113  INFO  [ef0d6e] Started processing user request. Id = ef0d6e06-cec2-4c64-9cfd-c0d97f09820c. Size = 27.7 KB.
2018-11-13 00:03:14,614 34115  INFO  [734ec0] Started processing user request. Id = 734ec0be-fe35-4f5c-9279-06013a201dfa. Size = 22.88 KB.
2018-11-13 00:03:14,621 34122  INFO  [ef0d6e] Doing some complicated stuff.. Random numbers are: 1394988028, 1891879111, 1610918229.
2018-11-13 00:03:14,626 34127  INFO  [BackgroundDaemon] Processing data (1% completed)..
2018-11-13 00:03:14,629 34130  INFO  [655850] Finished processing user request with id = 65585078-d2c0-4f24-b99d-dd1b32cbbb43 in 00:00:00.0700154.
2018-11-13 00:03:14,631 34132  INFO  [734ec0] Doing some complicated stuff.. Random numbers are: 1476681333, 1541018096, 1207000409.
2018-11-13 00:03:14,653 34154  INFO  [ef0d6e] Finished processing user request with id = ef0d6e06-cec2-4c64-9cfd-c0d97f09820c in 00:00:00.0410378.
2018-11-13 00:03:14,666 34167  INFO  [46c21d] Started processing user request. Id = 46c21d1f-97f2-4422-82a5-5e65c78479c0. Size = 15.54 KB.
2018-11-13 00:03:14,669 34170  INFO  [46c21d] Doing some complicated stuff.. Random numbers are: 1869955337, 99901814, 2017900170.
2018-11-13 00:03:14,673 34174  INFO  [734ec0] Finished processing user request with id = 734ec0be-fe35-4f5c-9279-06013a201dfa in 00:00:00.0594693.
2018-11-13 00:03:14,679 34180  INFO  [46c21d] Here's some useful guids:
		99277fe0-afd5-4df1-9759-ce74e7740108
		7242ac53-64f9-47c7-8696-b1fdeba7a99f
		d02429ab-a5ac-49a8-8f16-abfad0fd6eea
		bf8c7906-008a-4071-b734-db2ae3067d48
		8f697d61-aaf8-4126-896c-4a8321581dec
2018-11-13 00:03:14,695 34196  INFO  [46c21d] Finished processing user request with id = 46c21d1f-97f2-4422-82a5-5e65c78479c0 in 00:00:00.0295588.
2018-11-13 00:03:14,704 34205  INFO  [7a8eb3] Started processing user request. Id = 7a8eb33c-4e38-4bcf-aca9-ecce0d2d8e52. Size = 65.19 KB.
2018-11-13 00:03:14,708 34209  INFO  [BackgroundDaemon] Processing data (30% completed)..
2018-11-13 00:03:14,709 34210  INFO  [df1792] Started processing user request. Id = df17928f-b292-458d-af60-38d6c38e5691. Size = 97.34 KB.
2018-11-13 00:03:14,717 34218  INFO  [df1792] Doing some complicated stuff.. Random numbers are: 1608131104, 1501973652, 166222519.
2018-11-13 00:03:14,722 34223  INFO  [7a8eb3] Doing some complicated stuff.. Random numbers are: 2105803097, 908206556, 1462960244.
2018-11-13 00:03:14,733 34234  INFO  [df1792] Here's some useful guids:
		d202605b-1500-45ff-9308-67003f285a2a
		747182c3-beb9-41b5-8646-b2880b52184a
		9e97abc3-9cb8-445f-83c0-11c449bba040
2018-11-13 00:03:14,735 34236  INFO  [7a8eb3] Here's some useful guids:
		158b57ba-ba7b-4871-9c80-8b03517bc5e1
2018-11-13 00:03:14,737 34238  ERROR [df1792] 
System.InvalidOperationException: Oh no! An error occurred!
2018-11-13 00:03:14,750 34252  INFO  [f71585] Started processing user request. Id = f715858f-9a92-4185-bc8d-483712ccdeb1. Size = 44.65 KB.
2018-11-13 00:03:14,753 34255  INFO  [7a8eb3] Finished processing user request with id = 7a8eb33c-4e38-4bcf-aca9-ecce0d2d8e52 in 00:00:00.0492033.
2018-11-13 00:03:14,760 34262  INFO  [f71585] Doing some complicated stuff.. Random numbers are: 268134252, 2108669240, 216707334.
2018-11-13 00:03:14,774 34275  INFO  [Metrics] Cpu: 1.01%; Memory: 19.79 GB/31.88 GB; Workers: 4/1024; IOCP: 0/1024
2018-11-13 00:03:14,782 34283  INFO  [f71585] Here's some useful guids:
		a9b51d65-904e-4e5d-9cc0-1d36c26498ec
		d4f49b9c-1777-43bf-9d7b-fac096cd7880
		e6465c51-8334-4f8b-9c8d-4aa8596b7829
2018-11-13 00:03:14,785 34286  INFO  [da36c0] Started processing user request. Id = da36c0f4-6bf3-432d-a79a-770923d771f7. Size = 19.21 KB.
2018-11-13 00:03:14,795 34297  INFO  [da36c0] Doing some complicated stuff.. Random numbers are: 1270184991, 1806216988, 1244624585.
2018-11-13 00:03:14,796 34298  INFO  [d36a91] Started processing user request. Id = d36a9141-04dd-41a0-808a-993be15ba967. Size = 67.4 KB.
2018-11-13 00:03:14,799 34301  INFO  [f71585] Finished processing user request with id = f715858f-9a92-4185-bc8d-483712ccdeb1 in 00:00:00.0490015.
2018-11-13 00:03:14,802 34304  INFO  [BackgroundDaemon] Processing data (57% completed)..
2018-11-13 00:03:14,802 34304  INFO  [BackgroundDaemon] Finished iteration in 00:00:00.2633752.
2018-11-13 00:03:14,803 34305  INFO  [d36a91] Doing some complicated stuff.. Random numbers are: 1813484835, 772193329, 1481684351.
2018-11-13 00:03:14,804 34306  INFO  [da36c0] Here's some useful guids:
		3ba4b259-1079-45ff-864e-1a8a815156ff
		57dcb395-9a95-4f77-bb4a-51ee95e853cd
2018-11-13 00:03:14,812 34314  INFO  [689ea5] Started processing user request. Id = 689ea597-3867-4dbb-a8ca-83c423aaff37. Size = 59.83 KB.
2018-11-13 00:03:14,815 34316  INFO  [689ea5] Doing some complicated stuff.. Random numbers are: 30327195, 1530624646, 1105171128.
2018-11-13 00:03:14,830 34331  INFO  [da36c0] Finished processing user request with id = da36c0f4-6bf3-432d-a79a-770923d771f7 in 00:00:00.0444741.
2018-11-13 00:03:14,839 34340  INFO  [d36a91] Here's some useful guids:
		f4790c94-6059-41c1-8de1-9e40842e5177
2018-11-13 00:03:14,845 34346  INFO  [689ea5] Finished processing user request with id = 689ea597-3867-4dbb-a8ca-83c423aaff37 in 00:00:00.0325136.
2018-11-13 00:03:14,858 34359  INFO  [b0b58c] Started processing user request. Id = b0b58c85-ce06-42a5-95b2-4f6a5e528dbb. Size = 72.2 KB.
2018-11-13 00:03:14,858 34359  ERROR [d36a91] 
System.InvalidOperationException: Oh no! An error occurred!
2018-11-13 00:03:14,861 34362  INFO  [ad6baa] Started processing user request. Id = ad6baa08-d03c-4094-88d6-07e16e3780ed. Size = 94.08 KB.
2018-11-13 00:03:14,865 34366  INFO  [b0b58c] Doing some complicated stuff.. Random numbers are: 1612811955, 1271622990, 2075425676.
2018-11-13 00:03:14,878 34379  INFO  [ad6baa] Doing some complicated stuff.. Random numbers are: 197560429, 276355521, 629084774.
2018-11-13 00:03:14,908 34409  INFO  [ad6baa] Finished processing user request with id = ad6baa08-d03c-4094-88d6-07e16e3780ed in 00:00:00.0470429.
2018-11-13 00:03:14,921 34422  INFO  [b0b58c] Finished processing user request with id = b0b58c85-ce06-42a5-95b2-4f6a5e528dbb in 00:00:00.0624775.
2018-11-13 00:03:14,934 34435  INFO  [ed662d] Started processing user request. Id = ed662d01-b86a-4f64-b67a-0c38067444d8. Size = 56.16 KB.
2018-11-13 00:03:14,940 34441  INFO  [ec469c] Started processing user request. Id = ec469c0d-bb30-4506-bc8d-454ddc809c9e. Size = 79.09 KB.
2018-11-13 00:03:14,943 34444  INFO  [ed662d] Doing some complicated stuff.. Random numbers are: 701224832, 217637124, 1195033573.
2018-11-13 00:03:14,949 34450  INFO  [ec469c] Doing some complicated stuff.. Random numbers are: 1525118835, 1644900658, 495248541.
2018-11-13 00:03:14,949 34450  INFO  [ec469c] Here's some useful guids:
		87f302ec-490b-4fd1-b5b2-f29eca2d2281
		eab74d86-8eea-4c1a-9f02-af6278387a04
		697442b0-032e-4d14-b652-af6805117768
2018-11-13 00:03:14,976 34477  INFO  [ed662d] Finished processing user request with id = ed662d01-b86a-4f64-b67a-0c38067444d8 in 00:00:00.0421641.
2018-11-13 00:03:14,977 34478  INFO  [ec469c] Finished processing user request with id = ec469c0d-bb30-4506-bc8d-454ddc809c9e in 00:00:00.0371464.
2018-11-13 00:03:14,990 34491  INFO  [5cba92] Started processing user request. Id = 5cba92ff-9bfc-4d99-88db-c6e66a72aab6. Size = 87.23 KB.
2018-11-13 00:03:15,003 34504  INFO  [BackgroundDaemon] Starting iteration #15522.
2018-11-13 00:03:15,008 34509  INFO  [5cba92] Doing some complicated stuff.. Random numbers are: 870320229, 2136398987, 1733155824.
2018-11-13 00:03:15,009 34510  INFO  [6d5c17] Started processing user request. Id = 6d5c177c-a70e-424d-8828-3d7a7bb5522e. Size = 59.44 KB.
2018-11-13 00:03:15,009 34510  INFO  [6d5c17] Doing some complicated stuff.. Random numbers are: 731971152, 1243430179, 606391708.
2018-11-13 00:03:15,021 34522  INFO  [6d5c17] Here's some useful guids:
		cd188384-a76e-4b64-8997-e4cbc292f235
		cba574e0-6610-4824-b347-00b583425004
		da98b582-ea28-435e-9955-dfe6ba20e470
		6c6cace3-f312-4d7b-8147-5324eca3fe80
2018-11-13 00:03:15,021 34522  INFO  [6d5c17] Finished processing user request with id = 6d5c177c-a70e-424d-8828-3d7a7bb5522e in 00:00:00.0113704.
2018-11-13 00:03:15,025 34526  INFO  [8aebdc] Started processing user request. Id = 8aebdc7c-af79-49ec-a4a2-5ff50d2556f0. Size = 89.8 KB.
2018-11-13 00:03:15,030 34531  INFO  [8aebdc] Doing some complicated stuff.. Random numbers are: 1209575185, 1445373994, 234887773.
2018-11-13 00:03:15,035 34536  ERROR [5cba92] 
System.InvalidOperationException: Oh no! An error occurred!
2018-11-13 00:03:15,048 34549  INFO  [8f0c1b] Started processing user request. Id = 8f0c1b24-2fd7-404a-9944-f329eabdb954. Size = 36.38 KB.
2018-11-13 00:03:15,048 34549  INFO  [8f0c1b] Doing some complicated stuff.. Random numbers are: 396802524, 1290543080, 1754683404.
2018-11-13 00:03:15,051 34552  INFO  [8f0c1b] Here's some useful guids:
		6ed08548-94bb-4801-a774-7885fb3f58bf
		fbd54ac5-d411-4599-8ce3-d077df7dc86f
2018-11-13 00:03:15,051 34552  INFO  [8aebdc] Here's some useful guids:
		b60c77f2-677e-4f62-857d-3845aa52ce53
2018-11-13 00:03:15,052 34553  INFO  [BackgroundDaemon] Processing data (15% completed)..
2018-11-13 00:03:15,052 34553  INFO  [540888] Started processing user request. Id = 540888b8-730b-4955-a23c-a3a6b521db0e. Size = 48.83 KB.
2018-11-13 00:03:15,059 34560  INFO  [540888] Doing some complicated stuff.. Random numbers are: 328915756, 2098495751, 1951230310.
2018-11-13 00:03:15,060 34561  INFO  [8aebdc] Finished processing user request with id = 8aebdc7c-af79-49ec-a4a2-5ff50d2556f0 in 00:00:00.0351288.
2018-11-13 00:03:15,068 34569  INFO  [8f0c1b] Finished processing user request with id = 8f0c1b24-2fd7-404a-9944-f329eabdb954 in 00:00:00.0199787.
2018-11-13 00:03:15,072 34573  INFO  [BackgroundDaemon] Processing data (30% completed)..
2018-11-13 00:03:15,081 34582  INFO  [a2a4a0] Started processing user request. Id = a2a4a003-2497-4b91-a3f6-4c47b9ebba92. Size = 93.59 KB.
2018-11-13 00:03:15,085 34586  INFO  [a2a4a0] Doing some complicated stuff.. Random numbers are: 1301098, 1073241200, 2200310.
2018-11-13 00:03:15,106 34607  INFO  [540888] Finished processing user request with id = 540888b8-730b-4955-a23c-a3a6b521db0e in 00:00:00.0540313.
2018-11-13 00:03:15,110 34611  INFO  [a2a4a0] Finished processing user request with id = a2a4a003-2497-4b91-a3f6-4c47b9ebba92 in 00:00:00.0290116.
2018-11-13 00:03:15,124 34625  INFO  [c0b130] Started processing user request. Id = c0b13016-d6bc-44e8-bd3e-0487fad2973c. Size = 49.89 KB.
2018-11-13 00:03:15,134 34635  INFO  [c0b130] Doing some complicated stuff.. Random numbers are: 1420253433, 51302591, 1937158322.
2018-11-13 00:03:15,137 34638  INFO  [6742f6] Started processing user request. Id = 6742f6e3-ebf6-41ce-9201-a5cb644e08b7. Size = 12.76 KB.
2018-11-13 00:03:15,149 34650  INFO  [6742f6] Doing some complicated stuff.. Random numbers are: 1648931023, 489296829, 1293801109.
2018-11-13 00:03:15,158 34660  INFO  [BackgroundDaemon] Processing data (56% completed)..
2018-11-13 00:03:15,158 34660  INFO  [BackgroundDaemon] Finished iteration in 00:00:00.1554007.
2018-11-13 00:03:15,163 34664  INFO  [c0b130] Finished processing user request with id = c0b13016-d6bc-44e8-bd3e-0487fad2973c in 00:00:00.0390135.
2018-11-13 00:03:15,176 34677  INFO  [12ed46] Started processing user request. Id = 12ed4645-e2c1-40b8-84a8-bd81ea821353. Size = 72.71 KB.
2018-11-13 00:03:15,187 34688  INFO  [12ed46] Doing some complicated stuff.. Random numbers are: 947359742, 1569819364, 1069717192.
2018-11-13 00:03:15,190 34691  INFO  [12ed46] Here's some useful guids:
		1748fc9f-066e-4f3e-a1e5-ea469f01702e
		06fc2601-a82c-4ba9-8338-2d33e5ea32a9
		043468e9-fba3-4a97-aa1d-16676bb6a491
2018-11-13 00:03:15,194 34695  INFO  [6742f6] Finished processing user request with id = 6742f6e3-ebf6-41ce-9201-a5cb644e08b7 in 00:00:00.0568591.
2018-11-13 00:03:15,207 34709  ERROR [12ed46] 
System.InvalidOperationException: Oh no! An error occurred!
2018-11-13 00:03:15,221 34722  INFO  [4f9e27] Started processing user request. Id = 4f9e2704-0a3f-484e-834f-d6b3c81e12b3. Size = 64.79 KB.
2018-11-13 00:03:15,226 34727  INFO  [4f9e27] Doing some complicated stuff.. Random numbers are: 175340948, 345188288, 1755573196.
2018-11-13 00:03:15,226 34727  INFO  [93b10f] Started processing user request. Id = 93b10f74-b32c-4584-96a6-7ed9a0810831. Size = 35.42 KB.
2018-11-13 00:03:15,228 34729  INFO  [a86a9c] Started processing user request. Id = a86a9c0e-cb5d-40f2-b6bf-0c028fa02b8c. Size = 15.63 KB.
2018-11-13 00:03:15,232 34733  INFO  [a86a9c] Doing some complicated stuff.. Random numbers are: 1366311896, 980187734, 981773247.
2018-11-13 00:03:15,243 34744  INFO  [93b10f] Doing some complicated stuff.. Random numbers are: 858688125, 1675021229, 629180054.
2018-11-13 00:03:15,253 34754  INFO  [93b10f] Here's some useful guids:
		10aeb388-a5d4-4cb5-979d-71042634652b
		9347da68-0d66-46bc-a979-3d0c4cc13914
		c9a06dfd-87f6-49ac-b877-916b67936568
		66edd977-ff15-4fbe-aa3b-df662fd8f82f
2018-11-13 00:03:15,272 34773  INFO  [93b10f] Finished processing user request with id = 93b10f74-b32c-4584-96a6-7ed9a0810831 in 00:00:00.0461377.
2018-11-13 00:03:15,273 34774  INFO  [Metrics] Cpu: 1.25%; Memory: 19.79 GB/31.88 GB; Workers: 4/1024; IOCP: 0/1024
2018-11-13 00:03:15,274 34775  INFO  [a86a9c] Finished processing user request with id = a86a9c0e-cb5d-40f2-b6bf-0c028fa02b8c in 00:00:00.0461723.
2018-11-13 00:03:15,293 34794  INFO  [4f9e27] Finished processing user request with id = 4f9e2704-0a3f-484e-834f-d6b3c81e12b3 in 00:00:00.0725485.
2018-11-13 00:03:15,303 34805  INFO  [da688c] Started processing user request. Id = da688c5c-c0fe-4ec5-8dd1-08fb034d7a57. Size = 79.46 KB.
2018-11-13 00:03:15,306 34807  INFO  [c37779] Started processing user request. Id = c377796e-f155-43d0-a4d4-825f6ac19ca7. Size = 43.76 KB.
2018-11-13 00:03:15,315 34816  INFO  [c37779] Doing some complicated stuff.. Random numbers are: 1028764966, 1773202015, 413727054.
2018-11-13 00:03:15,320 34821  INFO  [da688c] Doing some complicated stuff.. Random numbers are: 1784568509, 1002493230, 1161611192.
2018-11-13 00:03:15,346 34847  INFO  [c37779] Finished processing user request with id = c377796e-f155-43d0-a4d4-825f6ac19ca7 in 00:00:00.0398290.
2018-11-13 00:03:15,359 34860  INFO  [9a377b] Started processing user request. Id = 9a377b4c-cfac-4d9a-8cc1-5df7d1c0eeba. Size = 1.2 KB.
2018-11-13 00:03:15,359 34860  INFO  [BackgroundDaemon] Starting iteration #15523.
2018-11-13 00:03:15,365 34866  INFO  [da688c] Finished processing user request with id = da688c5c-c0fe-4ec5-8dd1-08fb034d7a57 in 00:00:00.0617637.
2018-11-13 00:03:15,365 34866  INFO  [9a377b] Doing some complicated stuff.. Random numbers are: 405975709, 256128144, 1357702306.
2018-11-13 00:03:15,397 34898  INFO  [d0c24a] Started processing user request. Id = d0c24abe-d5d6-4311-8beb-ae75c05d3d7c. Size = 71.94 KB.
2018-11-13 00:03:15,415 34916  INFO  [d0c24a] Doing some complicated stuff.. Random numbers are: 1479326833, 321368917, 773311271.
2018-11-13 00:03:15,422 34923  INFO  [BackgroundDaemon] Processing data (4% completed)..
2018-11-13 00:03:15,434 34935  INFO  [9a377b] Finished processing user request with id = 9a377b4c-cfac-4d9a-8cc1-5df7d1c0eeba in 00:00:00.0743590.
2018-11-13 00:03:15,442 34943  INFO  [95d36e] Started processing user request. Id = 95d36ebb-5f3e-49b4-9695-0baf2653737d. Size = 77.41 KB.
2018-11-13 00:03:15,447 34948  INFO  [233a93] Started processing user request. Id = 233a9348-2898-4a39-b716-955dfa839b78. Size = 21.85 KB.
2018-11-13 00:03:15,449 34950  INFO  [95d36e] Doing some complicated stuff.. Random numbers are: 1033948987, 1835107641, 1456281110.
2018-11-13 00:03:15,455 34956  INFO  [d0c24a] Finished processing user request with id = d0c24abe-d5d6-4311-8beb-ae75c05d3d7c in 00:00:00.0579884.
2018-11-13 00:03:15,460 34961  INFO  [233a93] Doing some complicated stuff.. Random numbers are: 1988915967, 578223989, 1081810784.
2018-11-13 00:03:15,481 34982  INFO  [BackgroundDaemon] Processing data (35% completed)..
2018-11-13 00:03:15,486 34987  INFO  [978b5f] Started processing user request. Id = 978b5fd2-5010-4bc9-a151-31bf7ca869dc. Size = 79.85 KB.
2018-11-13 00:03:15,487 34988  INFO  [95d36e] Here's some useful guids:
		21a3ff4c-a5ac-4638-a7a0-0562d632d90a
		644d65fd-3bf4-4b2c-be1a-f16e8cf60734
		c8aa6fbe-3d98-4b8f-953f-5c3df33f18ef
		fa0e1061-5766-46b2-a6f2-dec811e7b6f2
		b2fb68d6-4eed-4fa6-8ee0-8585f8c0b48e
2018-11-13 00:03:15,497 34998  INFO  [95d36e] Finished processing user request with id = 95d36ebb-5f3e-49b4-9695-0baf2653737d in 00:00:00.0551600.
2018-11-13 00:03:15,497 34998  INFO  [233a93] Here's some useful guids:
		fa1c1d6b-590d-43b5-bcd9-e54d3f757acd
		7f9c53a5-f94a-4994-886b-467692552d79
		7fde8626-3494-4c31-a935-c920573f96bd
2018-11-13 00:03:15,500 35001  INFO  [978b5f] Doing some complicated stuff.. Random numbers are: 1737965373, 1492646363, 1737129097.
2018-11-13 00:03:15,501 35002  INFO  [233a93] Finished processing user request with id = 233a9348-2898-4a39-b716-955dfa839b78 in 00:00:00.0541800.
2018-11-13 00:03:15,507 35008  INFO  [BackgroundDaemon] Processing data (87% completed)..
2018-11-13 00:03:15,507 35008  INFO  [BackgroundDaemon] Finished iteration in 00:00:00.1481472.
2018-11-13 00:03:15,514 35016  INFO  [3d5865] Started processing user request. Id = 3d5865bd-a444-4f73-9192-d9e800551b9a. Size = 36.09 KB.
2018-11-13 00:03:15,528 35029  INFO  [978b5f] Here's some useful guids:
		1eb8e880-c06c-422d-930e-1847d8280a58
2018-11-13 00:03:15,531 35032  INFO  [3d5865] Doing some complicated stuff.. Random numbers are: 83692268, 522014845, 1086163879.
2018-11-13 00:03:15,549 35050  INFO  [978b5f] Finished processing user request with id = 978b5fd2-5010-4bc9-a151-31bf7ca869dc in 00:00:00.0631179.
2018-11-13 00:03:15,581 35082  INFO  [9d0f37] Started processing user request. Id = 9d0f373a-052a-4b49-8136-51c96e2189f9. Size = 1.18 KB.
2018-11-13 00:03:15,582 35083  INFO  [3d5865] Finished processing user request with id = 3d5865bd-a444-4f73-9192-d9e800551b9a in 00:00:00.0678351.
2018-11-13 00:03:15,595 35096  INFO  [99272b] Started processing user request. Id = 99272bbc-887f-4e2c-b473-b772edb2e2e2. Size = 72.05 KB.
2018-11-13 00:03:15,599 35100  INFO  [9d0f37] Doing some complicated stuff.. Random numbers are: 1573746612, 298811454, 1984275129.
2018-11-13 00:03:15,600 35101  INFO  [99272b] Doing some complicated stuff.. Random numbers are: 525738134, 1155607305, 1494648637.
2018-11-13 00:03:15,620 35121  INFO  [99272b] Here's some useful guids:
		7045caa9-1475-4139-9ff0-cf57f8fe1534
		4a759462-250d-4a47-9b9d-8682ebac9f84
2018-11-13 00:03:15,624 35126  INFO  [9d0f37] Here's some useful guids:
		bc7a5c23-066d-4575-9d41-887f33227e47
2018-11-13 00:03:15,633 35134  INFO  [9d0f37] Finished processing user request with id = 9d0f373a-052a-4b49-8136-51c96e2189f9 in 00:00:00.0520413.
2018-11-13 00:03:15,644 35145  INFO  [99272b] Finished processing user request with id = 99272bbc-887f-4e2c-b473-b772edb2e2e2 in 00:00:00.0488077.
2018-11-13 00:03:15,657 35158  INFO  [5c6434] Started processing user request. Id = 5c643403-ef3b-476e-91dd-c709610c01e7. Size = 62.73 KB.
2018-11-13 00:03:15,659 35160  INFO  [5c6434] Doing some complicated stuff.. Random numbers are: 1086228142, 1808295077, 1550741980.
2018-11-13 00:03:15,664 35165  INFO  [d496bf] Started processing user request. Id = d496bf06-f215-4fec-ac21-b549aff6a72f. Size = 22.27 KB.
2018-11-13 00:03:15,665 35166  INFO  [f9fb28] Started processing user request. Id = f9fb2821-fb03-4dbe-94cc-d2af055db321. Size = 84.35 KB.
2018-11-13 00:03:15,673 35174  INFO  [f9fb28] Doing some complicated stuff.. Random numbers are: 1214488863, 1571345684, 1632434074.
2018-11-13 00:03:15,674 35175  INFO  [d496bf] Doing some complicated stuff.. Random numbers are: 1372662939, 577363251, 554028367.
2018-11-13 00:03:15,675 35176  INFO  [f9fb28] Here's some useful guids:
		2b070516-a7b1-407d-9701-6348b4611526
		1f8db24b-53a3-4e45-9b0f-4ae0994da5f4
		d7ae66fb-3ad5-4b22-b571-6ae6c9420c1e
		4b7a055f-e18e-407c-a15c-699a0fbc6360
2018-11-13 00:03:15,676 35177  INFO  [5c6434] Here's some useful guids:
		6d946462-af38-4f5a-9f0f-dbade6658eb1
		bb26947f-07e2-4503-acc0-7c6f2e0ca0d2
		03b9c079-ec8c-42f1-b8e5-cf865d747ae8
		83feea44-5ec4-4fe9-9669-2894cad0dab9
		c4b46d5a-1ab3-4781-9576-92225c09d3b8
2018-11-13 00:03:15,681 35183  ERROR [5c6434] 
System.InvalidOperationException: Oh no! An error occurred!
2018-11-13 00:03:15,695 35197  INFO  [ab20d0] Started processing user request. Id = ab20d076-c36b-45d3-af9b-54a4d0d5c2d3. Size = 52.97 KB.
2018-11-13 00:03:15,703 35204  INFO  [f9fb28] Finished processing user request with id = f9fb2821-fb03-4dbe-94cc-d2af055db321 in 00:00:00.0378285.
2018-11-13 00:03:15,708 35209  INFO  [BackgroundDaemon] Starting iteration #15524.
2018-11-13 00:03:15,712 35213  INFO  [ab20d0] Doing some complicated stuff.. Random numbers are: 1579640135, 821741231, 1145335885.
2018-11-13 00:03:15,725 35226  INFO  [d496bf] Finished processing user request with id = d496bf06-f215-4fec-ac21-b549aff6a72f in 00:00:00.0609983.
2018-11-13 00:03:15,741 35242  INFO  [ab20d0] Finished processing user request with id = ab20d076-c36b-45d3-af9b-54a4d0d5c2d3 in 00:00:00.0451919.
2018-11-13 00:03:15,755 35256  INFO  [391c5f] Started processing user request. Id = 391c5f11-1036-4e3f-b630-d68ab1fe8ee7. Size = 67.06 KB.
2018-11-13 00:03:15,757 35258  INFO  [fae3a8] Started processing user request. Id = fae3a8b4-a537-4c8a-8e2a-f8d855fa549f. Size = 3.9 KB.
2018-11-13 00:03:15,760 35261  INFO  [fae3a8] Doing some complicated stuff.. Random numbers are: 985411310, 1557526172, 873114665.
2018-11-13 00:03:15,761 35262  INFO  [391c5f] Doing some complicated stuff.. Random numbers are: 1406999104, 665018923, 844323620.
2018-11-13 00:03:15,770 35271  INFO  [391c5f] Here's some useful guids:
		4d2b165c-1a95-4d7e-8205-a931914841ce
		ec3fe934-a22c-4cea-acbb-1e5e59c95c3f
		95774cb5-1eda-4a8e-bb6a-91ebbc0f3d84
		29611f22-d8cd-4a3b-ae3e-9ba133cc01fe
		4906dd24-d428-498d-8266-011fdbe4e8a2
2018-11-13 00:03:15,772 35273  INFO  [Metrics] Cpu: 1.25%; Memory: 19.79 GB/31.88 GB; Workers: 4/1024; IOCP: 0/1024
2018-11-13 00:03:15,773 35274  INFO  [391c5f] Finished processing user request with id = 391c5f11-1036-4e3f-b630-d68ab1fe8ee7 in 00:00:00.0186658.
2018-11-13 00:03:15,787 35288  INFO  [8f6d95] Started processing user request. Id = 8f6d9543-8797-44b0-9312-84a4c587664f. Size = 73.41 KB.
2018-11-13 00:03:15,787 35288  INFO  [8f6d95] Doing some complicated stuff.. Random numbers are: 1386566009, 489484660, 1967544117.
2018-11-13 00:03:15,805 35306  INFO  [BackgroundDaemon] Processing data (16% completed)..
2018-11-13 00:03:15,805 35306  INFO  [8f6d95] Here's some useful guids:
		12441889-f1e9-484b-82f8-0d3e4c7f2942
		3fca6bc5-b1af-44b8-ba3a-de1833659ba8
		ddad9245-7a8a-4be2-9653-8d54ddcfa45c
		c368c5b5-cc31-4994-97af-ff0c446f2800
		c0240cff-6890-4ef7-b081-fbe10cadfdc8
2018-11-13 00:03:15,805 35306  INFO  [8f6d95] Finished processing user request with id = 8f6d9543-8797-44b0-9312-84a4c587664f in 00:00:00.0180823.
2018-11-13 00:03:15,810 35311  INFO  [fae3a8] Finished processing user request with id = fae3a8b4-a537-4c8a-8e2a-f8d855fa549f in 00:00:00.0535334.
2018-11-13 00:03:15,818 35319  INFO  [5c4a6e] Started processing user request. Id = 5c4a6e67-308c-480e-9b60-50d2f32ff902. Size = 79.17 KB.
2018-11-13 00:03:15,824 35325  INFO  [5c4a6e] Doing some complicated stuff.. Random numbers are: 1820017582, 1718973911, 1615753179.
2018-11-13 00:03:15,841 35342  INFO  [ffe8e2] Started processing user request. Id = ffe8e2a3-5a93-47e5-8a9c-2f263dc55ec2. Size = 2.48 KB.
2018-11-13 00:03:15,844 35345  INFO  [ffe8e2] Doing some complicated stuff.. Random numbers are: 399420673, 772537426, 39213657.
2018-11-13 00:03:15,854 35355  INFO  [ffe8e2] Here's some useful guids:
		f5014804-3e4a-4815-9140-d17e8244ae55
		46bd7d72-08dd-4bad-bfb8-ed01d21e41b0
		714efab4-ec0e-481e-953a-fe731df51360
2018-11-13 00:03:15,854 35355  INFO  [ffe8e2] Finished processing user request with id = ffe8e2a3-5a93-47e5-8a9c-2f263dc55ec2 in 00:00:00.0130680.
2018-11-13 00:03:15,866 35367  INFO  [BackgroundDaemon] Processing data (48% completed)..
2018-11-13 00:03:15,868 35369  INFO  [5c4a6e] Finished processing user request with id = 5c4a6e67-308c-480e-9b60-50d2f32ff902 in 00:00:00.0501147.
2018-11-13 00:03:15,871 35372  INFO  [dad50d] Started processing user request. Id = dad50dda-3dcf-4b84-aa22-3bf64aec2f10. Size = 3.15 KB.
2018-11-13 00:03:15,882 35383  INFO  [1135b3] Started processing user request. Id = 1135b388-10b2-4da1-a4b5-b233019067a2. Size = 480 B.
2018-11-13 00:03:15,886 35387  INFO  [dad50d] Doing some complicated stuff.. Random numbers are: 1341502393, 514957723, 509001570.
2018-11-13 00:03:15,886 35387  INFO  [274021] Started processing user request. Id = 274021fe-e927-419b-9ccd-69d2050143d3. Size = 75.07 KB.
2018-11-13 00:03:15,895 35396  INFO  [1135b3] Doing some complicated stuff.. Random numbers are: 1408339174, 1099157707, 545598901.
2018-11-13 00:03:15,897 35398  INFO  [274021] Doing some complicated stuff.. Random numbers are: 751854803, 1225018458, 1149215471.
2018-11-13 00:03:15,899 35400  INFO  [1135b3] Here's some useful guids:
		cf875d7d-5c63-4939-8c39-520171167427
		e2bffb40-8314-4919-be34-32c08c9373d6
		df504e52-9457-46f3-a673-df6533470fe6
		abc0c995-c99c-4e2f-a27d-6614658af9d6
		d7261729-eb68-4dd6-a212-06ebe4eeb2c4
2018-11-13 00:03:15,919 35420  INFO  [dad50d] Here's some useful guids:
		aff452e2-8e0e-4941-a145-83497f60e4e2
		f436f484-7cb0-4715-8cb7-fc382c0b8aa2
		4ddf51fc-1659-4e2c-90ff-6c2a2892d3bb
		f365a20a-c172-428b-8a65-15b8665e4606
2018-11-13 00:03:15,923 35424  INFO  [1135b3] Finished processing user request with id = 1135b388-10b2-4da1-a4b5-b233019067a2 in 00:00:00.0411988.
2018-11-13 00:03:15,924 35425  INFO  [274021] Finished processing user request with id = 274021fe-e927-419b-9ccd-69d2050143d3 in 00:00:00.0381452.
2018-11-13 00:03:15,931 35432  ERROR [dad50d] 
System.InvalidOperationException: Oh no! An error occurred!
2018-11-13 00:03:15,937 35438  INFO  [3bceb4] Started processing user request. Id = 3bceb4f2-a265-459c-b53a-bf88f62e95cf. Size = 58.96 KB.
2018-11-13 00:03:15,951 35452  INFO  [3bceb4] Doing some complicated stuff.. Random numbers are: 984847093, 265577088, 1571768996.
2018-11-13 00:03:15,955 35456  INFO  [ff20a6] Started processing user request. Id = ff20a629-883a-4385-9ff7-eaab95c8b51a. Size = 53.04 KB.
2018-11-13 00:03:15,958 35459  INFO  [BackgroundDaemon] Processing data (83% completed)..
2018-11-13 00:03:15,958 35459  INFO  [BackgroundDaemon] Finished iteration in 00:00:00.2501315.
2018-11-13 00:03:15,963 35464  INFO  [ff20a6] Doing some complicated stuff.. Random numbers are: 120947420, 1687707402, 1307462940.
2018-11-13 00:03:15,994 35496  INFO  [3bceb4] Finished processing user request with id = 3bceb4f2-a265-459c-b53a-bf88f62e95cf in 00:00:00.0573755.
2018-11-13 00:03:15,999 35500  INFO  [ff20a6] Finished processing user request with id = ff20a629-883a-4385-9ff7-eaab95c8b51a in 00:00:00.0433058.
2018-11-13 00:03:16,008 35509  INFO  [c98f93] Started processing user request. Id = c98f93c8-34cd-49a1-8e1f-0494f5a38cae. Size = 80.42 KB.
2018-11-13 00:03:16,026 35527  INFO  [c98f93] Doing some complicated stuff.. Random numbers are: 484821594, 319717354, 1854613740.
2018-11-13 00:03:16,030 35531  INFO  [76c2f0] Started processing user request. Id = 76c2f058-8be8-4cdc-b849-43ee7c0950f5. Size = 16.41 KB.
2018-11-13 00:03:16,037 35538  INFO  [76c2f0] Doing some complicated stuff.. Random numbers are: 393573890, 95831299, 478200517.
2018-11-13 00:03:16,053 35554  INFO  [c98f93] Here's some useful guids:
		9797c891-2e87-4d51-9424-c1de15ea91dc
		b638c78e-6695-4e19-b5ca-8662e81a54ea
		7737c0a6-a5e4-4b8b-9173-18ea8a730dd9
2018-11-13 00:03:16,067 35568  INFO  [c98f93] Finished processing user request with id = c98f93c8-34cd-49a1-8e1f-0494f5a38cae in 00:00:00.0587441.
2018-11-13 00:03:16,078 35579  ERROR [76c2f0] 
System.InvalidOperationException: Oh no! An error occurred!
2018-11-13 00:03:16,081 35582  INFO  [970d97] Started processing user request. Id = 970d97e4-40ef-4d41-a7d6-bbae0706b7d3. Size = 54.69 KB.
2018-11-13 00:03:16,095 35596  INFO  [970d97] Doing some complicated stuff.. Random numbers are: 693289655, 1076726749, 248282222.
2018-11-13 00:03:16,099 35600  INFO  [8f3bc3] Started processing user request. Id = 8f3bc3ea-694e-4e14-b534-120a3a2aabad. Size = 1.11 KB.
2018-11-13 00:03:16,102 35603  INFO  [970d97] Finished processing user request with id = 970d97e4-40ef-4d41-a7d6-bbae0706b7d3 in 00:00:00.0210197.
2018-11-13 00:03:16,106 35607  INFO  [8f3bc3] Doing some complicated stuff.. Random numbers are: 1972273587, 742330108, 1883604998.
2018-11-13 00:03:16,110 35611  INFO  [48b91d] Started processing user request. Id = 48b91d11-4bf7-47d2-8899-5549f85dbe76. Size = 85.11 KB.
2018-11-13 00:03:16,116 35617  INFO  [b8e9a8] Started processing user request. Id = b8e9a834-e3e8-48c6-8974-3cbc3e2a20e0. Size = 38.43 KB.
2018-11-13 00:03:16,119 35620  INFO  [48b91d] Doing some complicated stuff.. Random numbers are: 844943048, 1675011471, 1763320850.
2018-11-13 00:03:16,119 35620  INFO  [b8e9a8] Doing some complicated stuff.. Random numbers are: 1471075551, 1031527980, 1069789856.
2018-11-13 00:03:16,133 35634  INFO  [8f3bc3] Here's some useful guids:
		6510a780-992b-410e-a3e4-0c3a7000ed8b
		d9b6a370-7299-47cd-abe7-3824e6cb4949
		12c17b3b-b2c3-4857-a358-6f79325a18e9
2018-11-13 00:03:16,149 35650  INFO  [b8e9a8] Here's some useful guids:
		9ec2991f-73b6-440b-adb0-bc7b1d57aa04
		2cfb75d0-ca40-40ff-bfa9-45399577e0b1
		b9dd11e1-dbc1-4e99-bcf0-193aa9a17935
		a10b16f7-6e76-4001-a7f4-35a96eb5ac61
2018-11-13 00:03:16,150 35651  INFO  [48b91d] Here's some useful guids:
		c1fc0426-596b-4bb0-b23a-75add1baff0c
		22a31a7e-3bba-445c-8573-f775191bc5e1
		b4aaa44d-e4e7-43e5-8818-3f275075b6d5
		5ef98c9b-9e61-4fe7-9d34-5fade2ce03e8
		bb94ef99-1ef0-49f6-8772-dd43b46a14c0
2018-11-13 00:03:16,156 35657  INFO  [48b91d] Finished processing user request with id = 48b91d11-4bf7-47d2-8899-5549f85dbe76 in 00:00:00.0460465.
2018-11-13 00:03:16,159 35660  INFO  [b8e9a8] Finished processing user request with id = b8e9a834-e3e8-48c6-8974-3cbc3e2a20e0 in 00:00:00.0430492.
2018-11-13 00:03:16,159 35660  INFO  [BackgroundDaemon] Starting iteration #15525.
2018-11-13 00:03:16,160 35661  INFO  [8f3bc3] Finished processing user request with id = 8f3bc3ea-694e-4e14-b534-120a3a2aabad in 00:00:00.0611640.
2018-11-13 00:03:16,172 35673  INFO  [821106] Started processing user request. Id = 82110642-1c6e-4534-ac5d-48e38323428c. Size = 11.34 KB.
2018-11-13 00:03:16,180 35681  INFO  [821106] Doing some complicated stuff.. Random numbers are: 1869585522, 1778228431, 710498410.
2018-11-13 00:03:16,187 35688  INFO  [604870] Started processing user request. Id = 6048708e-24bd-4f9e-b673-1b2f5dadbc83. Size = 60.98 KB.
2018-11-13 00:03:16,206 35707  INFO  [604870] Doing some complicated stuff.. Random numbers are: 635110826, 1708800022, 1382254468.
2018-11-13 00:03:16,230 35731  INFO  [821106] Finished processing user request with id = 82110642-1c6e-4534-ac5d-48e38323428c in 00:00:00.0577931.
2018-11-13 00:03:16,244 35745  INFO  [7d7234] Started processing user request. Id = 7d7234d3-3b4d-4917-aba0-9ce5cfb62b12. Size = 77.75 KB.
2018-11-13 00:03:16,248 35749  INFO  [BackgroundDaemon] Processing data (6% completed)..
2018-11-13 00:03:16,258 35759  ERROR [604870] 
System.InvalidOperationException: Oh no! An error occurred!
2018-11-13 00:03:16,262 35763  INFO  [7d7234] Doing some complicated stuff.. Random numbers are: 45374524, 1450858478, 1651444618.
2018-11-13 00:03:16,267 35768  INFO  [7d7234] Here's some useful guids:
		1d126f96-7749-492c-95cb-3b1ce037fc8b
		e67aade7-e1b0-44e0-9993-a6d6a6806778
		2d2fbfc3-4e1f-4c8d-8d3e-aaa812f7ff84
2018-11-13 00:03:16,272 35773  INFO  [Metrics] Cpu: 1.07%; Memory: 19.79 GB/31.88 GB; Workers: 4/1024; IOCP: 0/1024
2018-11-13 00:03:16,274 35775  INFO  [BackgroundDaemon] Processing data (39% completed)..
2018-11-13 00:03:16,275 35776  INFO  [7d7234] Finished processing user request with id = 7d7234d3-3b4d-4917-aba0-9ce5cfb62b12 in 00:00:00.0311594.
2018-11-13 00:03:16,289 35790  INFO  [7467b0] Started processing user request. Id = 7467b0b8-1a3a-4f9e-b917-41cb51fcba67. Size = 34.34 KB.
2018-11-13 00:03:16,289 35790  INFO  [4487da] Started processing user request. Id = 4487da9c-c7fc-481a-b38e-daeedb147bf0. Size = 33.66 KB.
2018-11-13 00:03:16,289 35790  INFO  [4487da] Doing some complicated stuff.. Random numbers are: 401570156, 722296635, 805183886.
2018-11-13 00:03:16,300 35801  INFO  [7467b0] Doing some complicated stuff.. Random numbers are: 1844817970, 751221888, 1546245764.
2018-11-13 00:03:16,307 35808  INFO  [BackgroundDaemon] Processing data (93% completed)..
2018-11-13 00:03:16,307 35808  INFO  [BackgroundDaemon] Finished iteration in 00:00:00.1479522.
2018-11-13 00:03:16,310 35811  INFO  [4487da] Here's some useful guids:
		f3595a3e-9907-49dc-b86a-3d25503efb3e
2018-11-13 00:03:16,324 35825  INFO  [4487da] Finished processing user request with id = 4487da9c-c7fc-481a-b38e-daeedb147bf0 in 00:00:00.0348218.
2018-11-13 00:03:16,328 35829  INFO  [3a9407] Started processing user request. Id = 3a9407db-467b-41e1-9455-a298cc778db1. Size = 1.47 KB.
2018-11-13 00:03:16,337 35838  INFO  [75946e] Started processing user request. Id = 75946ea7-5556-4cf7-b67d-78f0d9b72998. Size = 39.22 KB.
2018-11-13 00:03:16,337 35838  INFO  [7467b0] Here's some useful guids:
		143fa6b3-0aab-40b3-859c-2f97c57d8678
		fd334c37-3fdc-4e08-bdd6-bd4dc30c4349
		edfa2cba-245d-4036-97aa-59c29e54596a
		6d7c67da-aba1-4425-8d18-586731fc85f8
2018-11-13 00:03:16,338 35839  INFO  [3a9407] Doing some complicated stuff.. Random numbers are: 339924486, 189126365, 906496209.
2018-11-13 00:03:16,347 35848  INFO  [75946e] Doing some complicated stuff.. Random numbers are: 101666407, 1900182843, 616401729.
2018-11-13 00:03:16,353 35854  INFO  [7467b0] Finished processing user request with id = 7467b0b8-1a3a-4f9e-b917-41cb51fcba67 in 00:00:00.0642420.
2018-11-13 00:03:16,361 35862  INFO  [75946e] Here's some useful guids:
		455170b8-557d-405f-912c-46e0cd94facd
		37e436f2-9c5f-4f2a-91f4-935c0e195cbf
		a8adb981-7730-4272-b967-0f4bd34cf57c
		fd8748a4-992c-476e-aa56-e5023fb44b6d
2018-11-13 00:03:16,365 35866  INFO  [3a9407] Finished processing user request with id = 3a9407db-467b-41e1-9455-a298cc778db1 in 00:00:00.0372499.
2018-11-13 00:03:16,384 35885  INFO  [4f67ac] Started processing user request. Id = 4f67ac21-b1b9-4aa3-88ce-b2512368569e. Size = 28.43 KB.
2018-11-13 00:03:16,386 35888  ERROR [75946e] 
System.InvalidOperationException: Oh no! An error occurred!
2018-11-13 00:03:16,394 35895  INFO  [4f67ac] Doing some complicated stuff.. Random numbers are: 1241219699, 798728577, 1094387595.
2018-11-13 00:03:16,400 35901  INFO  [5c3142] Started processing user request. Id = 5c314283-19ef-4d91-b099-c09196219165. Size = 79.29 KB.
2018-11-13 00:03:16,404 35905  INFO  [5c3142] Doing some complicated stuff.. Random numbers are: 726630127, 18364057, 644304954.
2018-11-13 00:03:16,430 35931  INFO  [5c3142] Here's some useful guids:
		04e63cbc-f323-4b54-8fd6-d85f8ed3ad00
		2a1b12d6-1088-442c-a953-f8de5997a9ab
		b951fff8-3744-4125-96b8-d7b28a6c936b
2018-11-13 00:03:16,444 35945  INFO  [4f67ac] Finished processing user request with id = 4f67ac21-b1b9-4aa3-88ce-b2512368569e in 00:00:00.0597453.
2018-11-13 00:03:16,458 35959  INFO  [5c3142] Finished processing user request with id = 5c314283-19ef-4d91-b099-c09196219165 in 00:00:00.0585550.
2018-11-13 00:03:16,471 35973  INFO  [024c4b] Started processing user request. Id = 024c4b3c-c25b-4bdb-be5c-2ee5a9347d58. Size = 24.15 KB.
2018-11-13 00:03:16,475 35977  INFO  [79e58e] Started processing user request. Id = 79e58eec-973b-461f-8f78-daf8b92c084e. Size = 60.45 KB.
2018-11-13 00:03:16,478 35979  INFO  [024c4b] Doing some complicated stuff.. Random numbers are: 264632741, 864598975, 10960310.
2018-11-13 00:03:16,482 35983  INFO  [79e58e] Doing some complicated stuff.. Random numbers are: 1277255215, 1506905027, 714037716.
2018-11-13 00:03:16,485 35986  INFO  [024c4b] Finished processing user request with id = 024c4b3c-c25b-4bdb-be5c-2ee5a9347d58 in 00:00:00.0137583.
2018-11-13 00:03:16,498 35999  INFO  [88d792] Started processing user request. Id = 88d7927f-094c-46bb-b2fa-8b150d70680b. Size = 31.96 KB.
2018-11-13 00:03:16,508 36009  INFO  [BackgroundDaemon] Starting iteration #15526.
2018-11-13 00:03:16,516 36017  INFO  [88d792] Doing some complicated stuff.. Random numbers are: 1200876068, 1086394943, 110418088.
2018-11-13 00:03:16,522 36023  INFO  [88d792] Here's some useful guids:
		fffea44b-c425-45cb-9de5-972a0223f5cb
		c711a64a-5df8-426a-84f6-378e0334b86f
		b93403ff-e7de-4303-89fc-0969abf60111
		88c5ad4a-ef16-4db2-9d11-f342e5ca85f2
		cc068c46-dd42-4231-8a8f-664ceb080e35
2018-11-13 00:03:16,526 36027  INFO  [88d792] Finished processing user request with id = 88d7927f-094c-46bb-b2fa-8b150d70680b in 00:00:00.0276589.
2018-11-13 00:03:16,533 36034  INFO  [008447] Started processing user request. Id = 008447d9-eba8-4fb8-ad5f-358c30c2f430. Size = 40.07 KB.
2018-11-13 00:03:16,535 36036  INFO  [008447] Doing some complicated stuff.. Random numbers are: 1917749410, 1368119952, 1792914799.
2018-11-13 00:03:16,539 36040  INFO  [79e58e] Finished processing user request with id = 79e58eec-973b-461f-8f78-daf8b92c084e in 00:00:00.0636939.
2018-11-13 00:03:16,539 36040  INFO  [0c6b03] Started processing user request. Id = 0c6b03dc-a5dd-4042-b9ce-cd7780a68f76. Size = 41.46 KB.
2018-11-13 00:03:16,551 36053  INFO  [0c6b03] Doing some complicated stuff.. Random numbers are: 1214294822, 1285268308, 613923784.
2018-11-13 00:03:16,565 36066  INFO  [008447] Here's some useful guids:
		35d76060-6488-418b-b06b-e3833f399b33
		59c5deb4-9533-458b-83b0-4c873ec1275d
		387b7e9b-dbc4-469e-96d1-80846ee7f2fa
		f634b000-4b19-4c07-84b6-0e295d123a03
2018-11-13 00:03:16,567 36068  INFO  [0c6b03] Here's some useful guids:
		17327177-1197-4dae-a4e9-df6cdd6346e5
		76efdd97-1440-4e6e-a5eb-f37b50c075ce
		a8d56b25-2e1f-4ec5-b451-c65a8deafca3
		62b30041-e495-4b90-9b1c-d41dfac55faa
2018-11-13 00:03:16,570 36071  INFO  [f3a2f5] Started processing user request. Id = f3a2f57b-f27d-4ebe-b1d8-333387eeb784. Size = 52.07 KB.
2018-11-13 00:03:16,572 36073  INFO  [008447] Finished processing user request with id = 008447d9-eba8-4fb8-ad5f-358c30c2f430 in 00:00:00.0391542.
2018-11-13 00:03:16,573 36074  INFO  [0c6b03] Finished processing user request with id = 0c6b03dc-a5dd-4042-b9ce-cd7780a68f76 in 00:00:00.0341942.
2018-11-13 00:03:16,581 36082  INFO  [f3a2f5] Doing some complicated stuff.. Random numbers are: 567861867, 748339515, 468062454.
2018-11-13 00:03:16,587 36088  INFO  [012723] Started processing user request. Id = 012723bf-c25f-4512-8ca9-3cf823d99a2b. Size = 71.01 KB.
2018-11-13 00:03:16,590 36091  INFO  [012723] Doing some complicated stuff.. Random numbers are: 11261266, 468873181, 186615745.
2018-11-13 00:03:16,591 36093  INFO  [f3a2f5] Finished processing user request with id = f3a2f57b-f27d-4ebe-b1d8-333387eeb784 in 00:00:00.0211743.
2018-11-13 00:03:16,601 36102  INFO  [BackgroundDaemon] Processing data (3% completed)..
2018-11-13 00:03:16,610 36111  INFO  [012723] Here's some useful guids:
		a92e2459-2446-4b11-9661-3cced442ee06
		a30c11f2-d81e-4501-b4ec-b07d6fc70b42
2018-11-13 00:03:16,623 36124  INFO  [3c3694] Started processing user request. Id = 3c369417-e225-467f-9d75-c9aa70fc694a. Size = 13.08 KB.
2018-11-13 00:03:16,630 36131  INFO  [012723] Finished processing user request with id = 012723bf-c25f-4512-8ca9-3cf823d99a2b in 00:00:00.0427756.
2018-11-13 00:03:16,636 36137  INFO  [3c3694] Doing some complicated stuff.. Random numbers are: 1812998156, 1184096622, 168609739.
2018-11-13 00:03:16,643 36144  INFO  [5c2080] Started processing user request. Id = 5c208062-410f-42c4-95b2-d488e2101e55. Size = 15.41 KB.
2018-11-13 00:03:16,652 36153  INFO  [5c2080] Doing some complicated stuff.. Random numbers are: 960511699, 410245880, 1111122160.
2018-11-13 00:03:16,656 36157  INFO  [5c2080] Here's some useful guids:
		1ea4d2c6-d5e4-42c0-935e-8b603c0bbf03
		d1592656-e36e-4f5b-8df4-0113e88e5e71
		d824d0ea-fe1c-4707-a9ff-bc0a1e1560db
		e5807db4-b5d1-43a3-b9df-e9eecdf89921
2018-11-13 00:03:16,662 36163  INFO  [3c3694] Here's some useful guids:
		2f194561-5aca-4d86-91db-96fb3eb1014a
		59af5ffa-8537-441c-b5d2-9f62bc306e9e
		13da4cae-a384-4b44-bfbc-1f83fbc1a0fd
		62e4d46c-b681-422e-bdfe-7ab9c544abdf
		6bccda1d-db71-49e5-8c0d-6520de0ef013
2018-11-13 00:03:16,664 36165  INFO  [5c2080] Finished processing user request with id = 5c208062-410f-42c4-95b2-d488e2101e55 in 00:00:00.0210599.
2018-11-13 00:03:16,670 36171  INFO  [3c3694] Finished processing user request with id = 3c369417-e225-467f-9d75-c9aa70fc694a in 00:00:00.0472215.
2018-11-13 00:03:16,676 36177  INFO  [BackgroundDaemon] Processing data (22% completed)..
2018-11-13 00:03:16,678 36179  INFO  [44a41c] Started processing user request. Id = 44a41c0c-5808-4146-8140-8367a01dc35c. Size = 95.24 KB.
2018-11-13 00:03:16,695 36196  INFO  [44a41c] Doing some complicated stuff.. Random numbers are: 502917256, 139218190, 1059928971.
2018-11-13 00:03:16,702 36203  INFO  [cc55d5] Started processing user request. Id = cc55d5f8-a060-4d5d-a4c6-1cdcefe7e5c4. Size = 54.15 KB.
2018-11-13 00:03:16,715 36216  INFO  [BackgroundDaemon] Processing data (67% completed)..
2018-11-13 00:03:16,715 36216  INFO  [BackgroundDaemon] Finished iteration in 00:00:00.2071213.
2018-11-13 00:03:16,717 36218  INFO  [cc55d5] Doing some complicated stuff.. Random numbers are: 111784137, 1749288617, 159921729.
2018-11-13 00:03:16,721 36222  INFO  [cc55d5] Here's some useful guids:
		8e8e8f30-ffcd-48d0-b279-72a0083544d2
		43bc2007-081c-4509-8517-cfd783ede4dc
		7c41386c-6a5e-4e23-a019-a5746ec681b9
		42d56979-53ee-4311-bf47-10e69e38c01b
2018-11-13 00:03:16,740 36241  INFO  [a61655] Started processing user request. Id = a6165592-891c-49b2-850d-431d5f7ea639. Size = 81.64 KB.
2018-11-13 00:03:16,743 36244  INFO  [cc55d5] Finished processing user request with id = cc55d5f8-a060-4d5d-a4c6-1cdcefe7e5c4 in 00:00:00.0411891.
2018-11-13 00:03:16,744 36245  INFO  [44a41c] Finished processing user request with id = 44a41c0c-5808-4146-8140-8367a01dc35c in 00:00:00.0661202.
2018-11-13 00:03:16,751 36252  INFO  [a61655] Doing some complicated stuff.. Random numbers are: 843950506, 1289028276, 905240465.
2018-11-13 00:03:16,757 36258  INFO  [9b56bb] Started processing user request. Id = 9b56bbbc-a904-4078-afaf-ac8f935d418e. Size = 404 B.
2018-11-13 00:03:16,769 36270  INFO  [a61655] Finished processing user request with id = a6165592-891c-49b2-850d-431d5f7ea639 in 00:00:00.0290389.
2018-11-13 00:03:16,771 36273  INFO  [Metrics] Cpu: 1.07%; Memory: 19.79 GB/31.88 GB; Workers: 4/1024; IOCP: 0/1024
2018-11-13 00:03:16,773 36275  INFO  [9b56bb] Doing some complicated stuff.. Random numbers are: 992294187, 1610955978, 2145842219.
2018-11-13 00:03:16,775 36276  INFO  [6a7979] Started processing user request. Id = 6a797941-4186-4679-87a4-6e82b0411844. Size = 51.68 KB.
2018-11-13 00:03:16,782 36283  INFO  [6a7979] Doing some complicated stuff.. Random numbers are: 1751697331, 657870689, 855368118.
2018-11-13 00:03:16,801 36302  ERROR [6a7979] 
System.InvalidOperationException: Oh no! An error occurred!
2018-11-13 00:03:16,804 36305  INFO  [9b56bb] Here's some useful guids:
		bb1a12e9-7e9b-4a3d-8d11-972034a5bf66
		cb0044ff-010a-4119-b0b6-821f07faea4c
		3f247f07-954a-4b68-bb6b-00eafa8781b9
		101cb6c9-49b7-41a9-9d0f-46faed46686d
		14cff18e-5a05-4138-ae27-c5f445c29645
2018-11-13 00:03:16,814 36315  INFO  [9b56bb] Finished processing user request with id = 9b56bbbc-a904-4078-afaf-ac8f935d418e in 00:00:00.0565043.
2018-11-13 00:03:16,828 36329  INFO  [37695a] Started processing user request. Id = 37695a79-f542-4cf9-b444-6b7f9ada043b. Size = 55.93 KB.
2018-11-13 00:03:16,828 36329  INFO  [37695a] Doing some complicated stuff.. Random numbers are: 2126793529, 350862557, 550936442.
2018-11-13 00:03:16,833 36334  INFO  [129c97] Started processing user request. Id = 129c97db-c791-4a52-88af-b87db8a6a2a5. Size = 23.23 KB.
2018-11-13 00:03:16,837 36338  INFO  [37695a] Here's some useful guids:
		0b7eb637-968a-4445-b35e-862e76f6a2a7
2018-11-13 00:03:16,844 36345  INFO  [129c97] Doing some complicated stuff.. Random numbers are: 1199567954, 358317577, 1579567803.
2018-11-13 00:03:16,848 36349  INFO  [37695a] Finished processing user request with id = 37695a79-f542-4cf9-b444-6b7f9ada043b in 00:00:00.0202054.
2018-11-13 00:03:16,861 36362  INFO  [bf3224] Started processing user request. Id = bf32243a-de9d-4ceb-85da-4d1d9c4e65a7. Size = 16.3 KB.
2018-11-13 00:03:16,864 36365  INFO  [bf3224] Doing some complicated stuff.. Random numbers are: 1085259236, 818138616, 658434095.
2018-11-13 00:03:16,871 36372  INFO  [129c97] Here's some useful guids:
		c1bfb3a4-0a6a-4cdd-a850-04f0bc7a9443
		637bc396-b2fb-4b22-a115-f604b5fd64fb
		7e587c1c-0196-4297-8629-8e0a4bd0a3f9
		a589fb89-03c2-4287-9abf-52f8fdf9ecb7
		1c434719-e064-4027-9130-b5192ceff254
2018-11-13 00:03:16,873 36374  INFO  [129c97] Finished processing user request with id = 129c97db-c791-4a52-88af-b87db8a6a2a5 in 00:00:00.0404173.
2018-11-13 00:03:16,893 36394  ERROR [bf3224] 
System.InvalidOperationException: Oh no! An error occurred!
2018-11-13 00:03:16,905 36406  INFO  [06171d] Started processing user request. Id = 06171d12-7b25-4c1c-a8e1-4caf572db505. Size = 92.12 KB.
2018-11-13 00:03:16,906 36408  INFO  [63b3e5] Started processing user request. Id = 63b3e577-86d1-48a0-9854-601bc99230f7. Size = 71.13 KB.
2018-11-13 00:03:16,914 36416  INFO  [63b3e5] Doing some complicated stuff.. Random numbers are: 1720147877, 822022542, 1077924272.
2018-11-13 00:03:16,915 36417  INFO  [BackgroundDaemon] Starting iteration #15527.
2018-11-13 00:03:16,915 36417  INFO  [06171d] Doing some complicated stuff.. Random numbers are: 974860735, 1597352007, 1848842438.
2018-11-13 00:03:16,919 36420  INFO  [06171d] Here's some useful guids:
		d0f9d7ad-cac0-42a0-b674-90c3ca7ee932
		be379070-99e1-47ae-a6e0-c323502c033e
		338c16b2-76c1-4493-879f-09423d87a97e
2018-11-13 00:03:16,936 36437  INFO  [567cdb] Started processing user request. Id = 567cdb90-669f-4801-a7b9-49a825d28773. Size = 83.87 KB.
2018-11-13 00:03:16,938 36439  INFO  [567cdb] Doing some complicated stuff.. Random numbers are: 1319860070, 2104869549, 1933923251.
2018-11-13 00:03:16,940 36441  INFO  [06171d] Finished processing user request with id = 06171d12-7b25-4c1c-a8e1-4caf572db505 in 00:00:00.0351831.
2018-11-13 00:03:16,940 36441  INFO  [63b3e5] Here's some useful guids:
		8bd645fe-bbc1-47dc-9ca1-fd6feeaa35d6
		f0f91f34-d001-4826-a9ef-52fe881ccc53
		db137e50-a31a-4b80-9930-7235caef9e63
		a222a28c-cfc2-4928-960b-aaa8baea7d0f
2018-11-13 00:03:16,960 36461  INFO  [567cdb] Finished processing user request with id = 567cdb90-669f-4801-a7b9-49a825d28773 in 00:00:00.0238892.
2018-11-13 00:03:16,961 36462  INFO  [63b3e5] Finished processing user request with id = 63b3e577-86d1-48a0-9854-601bc99230f7 in 00:00:00.0547249.
2018-11-13 00:03:16,970 36471  INFO  [BackgroundDaemon] Processing data (7% completed)..
2018-11-13 00:03:16,972 36473  INFO  [c2d4d9] Started processing user request. Id = c2d4d90b-6863-4a93-b66f-db6b965c9f68. Size = 23.04 KB.
2018-11-13 00:03:16,975 36476  INFO  [c2d4d9] Doing some complicated stuff.. Random numbers are: 769783388, 125089567, 1003533665.
2018-11-13 00:03:16,975 36476  INFO  [2e37c0] Started processing user request. Id = 2e37c00c-64ff-4202-a2c5-5a00e0377031. Size = 41.12 KB.
2018-11-13 00:03:16,982 36483  INFO  [2e37c0] Doing some complicated stuff.. Random numbers are: 542928101, 1949434906, 530159795.
2018-11-13 00:03:16,992 36493  INFO  [BackgroundDaemon] Processing data (33% completed)..
2018-11-13 00:03:17,020 36522  INFO  [c2d4d9] Finished processing user request with id = c2d4d90b-6863-4a93-b66f-db6b965c9f68 in 00:00:00.0483678.
2018-11-13 00:03:17,040 36541  INFO  [2e37c0] Finished processing user request with id = 2e37c00c-64ff-4202-a2c5-5a00e0377031 in 00:00:00.0649748.
2018-11-13 00:03:17,052 36553  INFO  [03bbf2] Started processing user request. Id = 03bbf2ff-fa03-461d-b2fb-cdb03906628c. Size = 15.02 KB.
2018-11-13 00:03:17,053 36554  INFO  [1a6772] Started processing user request. Id = 1a67727d-f06b-4768-9921-8e6512560c52. Size = 95.95 KB.
2018-11-13 00:03:17,070 36571  INFO  [1a6772] Doing some complicated stuff.. Random numbers are: 1050323941, 1085410672, 657471048.
2018-11-13 00:03:17,070 36571  INFO  [03bbf2] Doing some complicated stuff.. Random numbers are: 1419201601, 1569978970, 2013011737.
2018-11-13 00:03:17,075 36576  INFO  [BackgroundDaemon] Processing data (83% completed)..
2018-11-13 00:03:17,075 36576  INFO  [BackgroundDaemon] Finished iteration in 00:00:00.1591115.
2018-11-13 00:03:17,110 36611  INFO  [03bbf2] Here's some useful guids:
		f63cc307-1d36-4351-942b-8a542e1357e0
		104c74ac-5a1a-414e-b87d-9de0fe3449f0
		17279270-f665-4758-ac42-e9087ebd6a8b
		09cfcbf9-7e0e-4ed8-b62a-73c8ba37267e
		21907c09-6796-4981-8386-e287b850a2ea
2018-11-13 00:03:17,121 36622  INFO  [1a6772] Finished processing user request with id = 1a67727d-f06b-4768-9921-8e6512560c52 in 00:00:00.0677806.
2018-11-13 00:03:17,128 36629  INFO  [1a681c] Started processing user request. Id = 1a681c63-57bc-4832-8bee-2bd03acfeb49. Size = 52.67 KB.
2018-11-13 00:03:17,129 36630  INFO  [03bbf2] Finished processing user request with id = 03bbf2ff-fa03-461d-b2fb-cdb03906628c in 00:00:00.0771429.
2018-11-13 00:03:17,135 36636  INFO  [52494c] Started processing user request. Id = 52494cf7-84c5-477b-a5da-49c18b9a67a1. Size = 7.96 KB.
2018-11-13 00:03:17,143 36644  INFO  [52494c] Doing some complicated stuff.. Random numbers are: 2004212381, 1915233294, 635567168.
2018-11-13 00:03:17,144 36645  INFO  [1a681c] Doing some complicated stuff.. Random numbers are: 2082316097, 542410128, 1977133664.
2018-11-13 00:03:17,160 36661  INFO  [91320b] Started processing user request. Id = 91320b8a-c737-4848-89d2-3db4ddf622d2. Size = 11.66 KB.
2018-11-13 00:03:17,160 36661  INFO  [91320b] Doing some complicated stuff.. Random numbers are: 424194209, 2140890339, 944186808.
2018-11-13 00:03:17,183 36684  INFO  [52494c] Finished processing user request with id = 52494cf7-84c5-477b-a5da-49c18b9a67a1 in 00:00:00.0480804.
2018-11-13 00:03:17,192 36693  INFO  [91320b] Here's some useful guids:
		bd0a3a42-569d-4cf7-b664-df2bdb3f19e7
2018-11-13 00:03:17,196 36697  INFO  [1aa7d5] Started processing user request. Id = 1aa7d578-328e-45ce-964c-f3302dcabd60. Size = 64.97 KB.
2018-11-13 00:03:17,202 36703  INFO  [1a681c] Finished processing user request with id = 1a681c63-57bc-4832-8bee-2bd03acfeb49 in 00:00:00.0745215.
2018-11-13 00:03:17,206 36707  INFO  [1aa7d5] Doing some complicated stuff.. Random numbers are: 1122444738, 452443284, 1152269868.
2018-11-13 00:03:17,210 36711  ERROR [91320b] 
System.InvalidOperationException: Oh no! An error occurred!
2018-11-13 00:03:17,242 36743  INFO  [d8641b] Started processing user request. Id = d8641bd4-d009-4b45-8021-5e7cdfa3989e. Size = 22.45 KB.
2018-11-13 00:03:17,248 36749  INFO  [1aa7d5] Finished processing user request with id = 1aa7d578-328e-45ce-964c-f3302dcabd60 in 00:00:00.0516830.
2018-11-13 00:03:17,249 36750  INFO  [d8641b] Doing some complicated stuff.. Random numbers are: 1427848459, 580451130, 570902047.
2018-11-13 00:03:17,261 36762  INFO  [cb0d08] Started processing user request. Id = cb0d08df-f501-4329-be21-60e64521c76d. Size = 89.63 KB.
2018-11-13 00:03:17,265 36766  INFO  [cb0d08] Doing some complicated stuff.. Random numbers are: 555099441, 1425644092, 1029755662.
2018-11-13 00:03:17,269 36770  INFO  [cb0d08] Here's some useful guids:
		817c48d8-52d8-4077-b0d7-120eb861b080
		e640a3b3-47ca-43b1-9f97-64e5f958c0dd
		55872c7c-730c-406d-9207-5edfbb58fb50
		4e0ad861-0726-46f3-a13b-20ececccce35
		7dd5536f-daaa-4eed-908a-580ef51c2e52
2018-11-13 00:03:17,271 36772  INFO  [Metrics] Cpu: 0.68%; Memory: 19.79 GB/31.88 GB; Workers: 4/1024; IOCP: 0/1024
2018-11-13 00:03:17,273 36774  INFO  [cb0d08] Finished processing user request with id = cb0d08df-f501-4329-be21-60e64521c76d in 00:00:00.0120944.
2018-11-13 00:03:17,275 36776  INFO  [BackgroundDaemon] Starting iteration #15528.
2018-11-13 00:03:17,277 36778  INFO  [d8641b] Here's some useful guids:
		829fcf4a-bc93-4597-961d-2da1c3e41403
2018-11-13 00:03:17,287 36788  INFO  [b33a9c] Started processing user request. Id = b33a9cc7-7e49-4af0-8c65-d488422ef388. Size = 86.06 KB.
2018-11-13 00:03:17,292 36793  INFO  [d8641b] Finished processing user request with id = d8641bd4-d009-4b45-8021-5e7cdfa3989e in 00:00:00.0498549.
2018-11-13 00:03:17,297 36798  INFO  [b33a9c] Doing some complicated stuff.. Random numbers are: 1620692750, 1783910059, 1689247069.
2018-11-13 00:03:17,323 36824  INFO  [1b5250] Started processing user request. Id = 1b5250e2-e96e-45c3-bac4-293cde03cb03. Size = 24.93 KB.
2018-11-13 00:03:17,331 36832  INFO  [b33a9c] Finished processing user request with id = b33a9cc7-7e49-4af0-8c65-d488422ef388 in 00:00:00.0443612.
2018-11-13 00:03:17,342 36843  INFO  [1b5250] Doing some complicated stuff.. Random numbers are: 374866819, 812432322, 1957439314.
2018-11-13 00:03:17,345 36846  INFO  [18467e] Started processing user request. Id = 18467e67-9d41-438f-8c5e-7b550af26f87. Size = 51.73 KB.
2018-11-13 00:03:17,345 36846  INFO  [18467e] Doing some complicated stuff.. Random numbers are: 700670238, 626376229, 451336233.
2018-11-13 00:03:17,353 36854  INFO  [1b5250] Here's some useful guids:
		e51253f5-2fa1-4045-a8ce-ea4d1954af7b
		5c7b7759-ebb1-4145-9ba6-bce5fe99d244
		e87cbf0c-45b0-46fc-b857-0fb92338d593
		4cc29e1c-db63-42cb-82a3-0f6a8a2bc52b
2018-11-13 00:03:17,368 36869  INFO  [BackgroundDaemon] Processing data (2% completed)..
2018-11-13 00:03:17,369 36870  INFO  [1b5250] Finished processing user request with id = 1b5250e2-e96e-45c3-bac4-293cde03cb03 in 00:00:00.0458852.
2018-11-13 00:03:17,370 36871  INFO  [b932dc] Started processing user request. Id = b932dc6f-117a-406f-97d8-9da0186ed2f1. Size = 69.88 KB.
2018-11-13 00:03:17,372 36873  INFO  [b932dc] Doing some complicated stuff.. Random numbers are: 1278014999, 1861387518, 15809320.
2018-11-13 00:03:17,382 36883  INFO  [b932dc] Finished processing user request with id = b932dc6f-117a-406f-97d8-9da0186ed2f1 in 00:00:00.0120123.
2018-11-13 00:03:17,383 36884  INFO  [18467e] Here's some useful guids:
		673d3840-432e-42d6-b186-668b4f301936
		2e78ce91-1039-4cb6-9633-fe43955b70e8
		843b56c5-72a6-424f-8f1d-1a9f652c5541
2018-11-13 00:03:17,388 36889  INFO  [18467e] Finished processing user request with id = 18467e67-9d41-438f-8c5e-7b550af26f87 in 00:00:00.0426536.
2018-11-13 00:03:17,401 36902  INFO  [0044fb] Started processing user request. Id = 0044fb94-208f-47a3-80e0-2ecbb614c1bc. Size = 36.51 KB.
2018-11-13 00:03:17,402 36903  INFO  [fee480] Started processing user request. Id = fee48016-58d5-4f59-9c7e-39eb792981c1. Size = 29.12 KB.
2018-11-13 00:03:17,403 36904  INFO  [0044fb] Doing some complicated stuff.. Random numbers are: 1000727225, 347831454, 1301879976.
2018-11-13 00:03:17,406 36907  INFO  [fee480] Doing some complicated stuff.. Random numbers are: 1619830715, 753062861, 1869810894.
2018-11-13 00:03:17,409 36910  INFO  [0044fb] Here's some useful guids:
		b8dc88b2-f796-42b9-ac90-f9405c380af6
2018-11-13 00:03:17,437 36938  INFO  [0044fb] Finished processing user request with id = 0044fb94-208f-47a3-80e0-2ecbb614c1bc in 00:00:00.0360643.
2018-11-13 00:03:17,440 36941  INFO  [fee480] Finished processing user request with id = fee48016-58d5-4f59-9c7e-39eb792981c1 in 00:00:00.0380270.
2018-11-13 00:03:17,453 36954  INFO  [a12124] Started processing user request. Id = a12124b8-54b5-4ac3-8bac-9d64f9a3dd7d. Size = 94.61 KB.
2018-11-13 00:03:17,467 36968  INFO  [BackgroundDaemon] Processing data (48% completed)..
2018-11-13 00:03:17,469 36970  INFO  [e25e12] Started processing user request. Id = e25e12fc-ab5a-44dc-b5d8-1f8fb13e7fef. Size = 10.47 KB.
2018-11-13 00:03:17,470 36971  INFO  [a12124] Doing some complicated stuff.. Random numbers are: 1484972645, 807136593, 1759700409.
2018-11-13 00:03:17,477 36978  INFO  [e25e12] Doing some complicated stuff.. Random numbers are: 290126671, 1939112354, 663932142.
2018-11-13 00:03:17,486 36987  INFO  [a12124] Here's some useful guids:
		30cd19c3-5993-4cd3-b84c-238a9fd1c342
		83d527ea-3946-42fc-b0c3-52230d7df8d8
2018-11-13 00:03:17,511 37012  INFO  [e25e12] Here's some useful guids:
		7be4039e-82f4-4c21-b0e6-fda607f362fe
		43adb783-fe55-4a60-8f22-2bc79e26f59e
2018-11-13 00:03:17,513 37014  INFO  [a12124] Finished processing user request with id = a12124b8-54b5-4ac3-8bac-9d64f9a3dd7d in 00:00:00.0601535.
2018-11-13 00:03:17,524 37025  INFO  [e25e12] Finished processing user request with id = e25e12fc-ab5a-44dc-b5d8-1f8fb13e7fef in 00:00:00.0551732.
2018-11-13 00:03:17,526 37027  INFO  [adac98] Started processing user request. Id = adac9883-df1e-45dc-ad2b-eefb67c477b5. Size = 72.24 KB.
2018-11-13 00:03:17,536 37037  INFO  [adac98] Doing some complicated stuff.. Random numbers are: 1981479092, 241394064, 507639211.
2018-11-13 00:03:17,550 37051  INFO  [dfe9a6] Started processing user request. Id = dfe9a632-2f34-45f7-abc3-82f131642193. Size = 61.05 KB.
2018-11-13 00:03:17,556 37057  INFO  [6e582b] Started processing user request. Id = 6e582b5d-45b3-4d35-82d5-3b05cc15b1ae. Size = 90.1 KB.
2018-11-13 00:03:17,561 37062  INFO  [BackgroundDaemon] Processing data (97% completed)..
2018-11-13 00:03:17,561 37062  INFO  [BackgroundDaemon] Finished iteration in 00:00:00.2858756.
2018-11-13 00:03:17,562 37063  INFO  [6e582b] Doing some complicated stuff.. Random numbers are: 1058388215, 1975105389, 134283653.
2018-11-13 00:03:17,568 37069  INFO  [dfe9a6] Doing some complicated stuff.. Random numbers are: 1582167668, 79734771, 1958183553.
2018-11-13 00:03:17,571 37072  ERROR [adac98] 
System.InvalidOperationException: Oh no! An error occurred!
2018-11-13 00:03:17,585 37086  INFO  [e000e6] Started processing user request. Id = e000e6e9-6c29-485e-b50c-717751044a62. Size = 4.74 KB.
2018-11-13 00:03:17,593 37094  INFO  [6e582b] Finished processing user request with id = 6e582b5d-45b3-4d35-82d5-3b05cc15b1ae in 00:00:00.0372396.
2018-11-13 00:03:17,598 37099  INFO  [dfe9a6] Here's some useful guids:
		b46a3c98-40f0-4729-8315-f329ef9b8b37
		3a87a011-e02a-47e9-9432-c15a7fd9ad68
		06dc3b6c-e3e7-48c3-be69-0eddc41c7bea
		7093c884-6cfa-4b6f-a8a3-a0f02f09c421
2018-11-13 00:03:17,599 37100  INFO  [e000e6] Doing some complicated stuff.. Random numbers are: 675148258, 1276395173, 92626911.
2018-11-13 00:03:17,608 37110  INFO  [e000e6] Finished processing user request with id = e000e6e9-6c29-485e-b50c-717751044a62 in 00:00:00.0234446.
2018-11-13 00:03:17,622 37123  INFO  [ffba72] Started processing user request. Id = ffba728c-f647-442a-a74c-ce97798cf6d4. Size = 14.15 KB.
2018-11-13 00:03:17,623 37124  INFO  [dfe9a6] Finished processing user request with id = dfe9a632-2f34-45f7-abc3-82f131642193 in 00:00:00.0731772.
2018-11-13 00:03:17,625 37126  INFO  [24ce60] Started processing user request. Id = 24ce608c-8933-4f6b-a414-a59531564da8. Size = 14.67 KB.
2018-11-13 00:03:17,636 37137  INFO  [24ce60] Doing some complicated stuff.. Random numbers are: 1238863932, 1194070521, 1893274922.
2018-11-13 00:03:17,639 37140  INFO  [ffba72] Doing some complicated stuff.. Random numbers are: 156178842, 375152982, 1390135968.
2018-11-13 00:03:17,647 37148  INFO  [ffba72] Here's some useful guids:
		8397b485-b60b-48ed-bff3-5b0c91df944b
		afbd7a59-26a4-492f-8da0-754950fa6b03
		af049415-780f-4b9c-bcd9-878ccec8fc94
		4f8fa90d-d116-4300-85a1-b25f521ba568
2018-11-13 00:03:17,660 37161  INFO  [24ce60] Here's some useful guids:
		251ef18e-1115-4887-a908-654c4ddaa667
		424f5667-bc81-497c-9268-9c5dfe176c65
		8749fff5-e126-49a3-82e4-8aab24aa5e3f
		bec8092b-5869-498c-a960-716ec1a9f6d5
		38061969-1c2a-4ae6-a884-5b365da4ff99
2018-11-13 00:03:17,673 37174  INFO  [ffba72] Finished processing user request with id = ffba728c-f647-442a-a74c-ce97798cf6d4 in 00:00:00.0508598.
2018-11-13 00:03:17,676 37177  INFO  [24ce60] Finished processing user request with id = 24ce608c-8933-4f6b-a414-a59531564da8 in 00:00:00.0508296.
2018-11-13 00:03:17,686 37187  INFO  [37de68] Started processing user request. Id = 37de6875-e250-41a1-82ee-a9523ad9b9c4. Size = 49.74 KB.
2018-11-13 00:03:17,704 37205  INFO  [37de68] Doing some complicated stuff.. Random numbers are: 108057635, 1448032077, 553745478.
2018-11-13 00:03:17,707 37208  INFO  [e1ef0a] Started processing user request. Id = e1ef0a01-2d89-4adf-94e5-ac84e83db492. Size = 11.59 KB.
2018-11-13 00:03:17,720 37221  INFO  [e1ef0a] Doing some complicated stuff.. Random numbers are: 1977289043, 595353412, 555371844.
2018-11-13 00:03:17,738 37239  INFO  [37de68] Here's some useful guids:
		22b4f43b-1a56-46ae-94c4-c248305faa53
		83e888b8-a74b-474d-b9e3-6633ba2363b7
2018-11-13 00:03:17,749 37250  INFO  [37de68] Finished processing user request with id = 37de6875-e250-41a1-82ee-a9523ad9b9c4 in 00:00:00.0636253.
2018-11-13 00:03:17,761 37262  INFO  [BackgroundDaemon] Starting iteration #15529.
2018-11-13 00:03:17,762 37263  INFO  [be7158] Started processing user request. Id = be7158f0-5dbb-41db-978d-e5d832a57edc. Size = 50.83 KB.
2018-11-13 00:03:17,767 37268  INFO  [e1ef0a] Finished processing user request with id = e1ef0a01-2d89-4adf-94e5-ac84e83db492 in 00:00:00.0600418.
2018-11-13 00:03:17,771 37272  INFO  [Metrics] Cpu: 0.68%; Memory: 19.79 GB/31.88 GB; Workers: 4/1024; IOCP: 0/1024
2018-11-13 00:03:17,781 37282  INFO  [be7158] Doing some complicated stuff.. Random numbers are: 302901137, 367151165, 1420426359.
2018-11-13 00:03:17,790 37291  INFO  [44f0c2] Started processing user request. Id = 44f0c2b1-1e10-453e-bf66-fabf4bd42a7c. Size = 9 KB.
2018-11-13 00:03:17,798 37299  INFO  [34fb63] Started processing user request. Id = 34fb63ad-21fd-42d9-bfa2-f2027661019a. Size = 6.79 KB.
2018-11-13 00:03:17,800 37301  INFO  [34fb63] Doing some complicated stuff.. Random numbers are: 42937598, 1905103254, 683995273.
2018-11-13 00:03:17,800 37301  INFO  [be7158] Finished processing user request with id = be7158f0-5dbb-41db-978d-e5d832a57edc in 00:00:00.0380293.
2018-11-13 00:03:17,810 37311  INFO  [44f0c2] Doing some complicated stuff.. Random numbers are: 1008440610, 431402834, 532766952.
2018-11-13 00:03:17,814 37315  INFO  [3a0c91] Started processing user request. Id = 3a0c9174-e5a9-4288-b44e-ded3f884c289. Size = 63.63 KB.
2018-11-13 00:03:17,815 37316  INFO  [34fb63] Finished processing user request with id = 34fb63ad-21fd-42d9-bfa2-f2027661019a in 00:00:00.0169761.
2018-11-13 00:03:17,819 37320  INFO  [3a0c91] Doing some complicated stuff.. Random numbers are: 19391415, 638194357, 80080702.
2018-11-13 00:03:17,821 37322  INFO  [BackgroundDaemon] Processing data (18% completed)..
2018-11-13 00:03:17,825 37326  INFO  [3a0c91] Here's some useful guids:
		fdfc39f9-42c1-41e4-9e6d-9af634460104
		d67b3f1e-af0b-403d-a577-6af352e040ba
		a9d37528-daee-46bd-98cd-1c48d8107067
2018-11-13 00:03:17,826 37327  INFO  [44f0c2] Here's some useful guids:
		ee74295c-cfe9-4685-a6b0-91f746a31699
		a01e3f8d-c8a0-4f66-8b8f-e9f76e8cd6b5
		ef700a53-ccbf-467e-a3c9-facb304ef2f8
2018-11-13 00:03:17,842 37343  INFO  [3a0c91] Finished processing user request with id = 3a0c9174-e5a9-4288-b44e-ded3f884c289 in 00:00:00.0280298.
2018-11-13 00:03:17,846 37347  INFO  [44f0c2] Finished processing user request with id = 44f0c2b1-1e10-453e-bf66-fabf4bd42a7c in 00:00:00.0560503.
2018-11-13 00:03:17,847 37348  INFO  [3a6a4d] Started processing user request. Id = 3a6a4db9-9e29-4cc4-a60c-51b1fcd203a4. Size = 53.61 KB.
2018-11-13 00:03:17,849 37351  INFO  [3a6a4d] Doing some complicated stuff.. Random numbers are: 903921866, 601664337, 468113068.
2018-11-13 00:03:17,855 37357  INFO  [7f900f] Started processing user request. Id = 7f900ff2-8858-4784-a355-4c0cfc65f2b3. Size = 71.26 KB.
2018-11-13 00:03:17,873 37374  INFO  [3a6a4d] Finished processing user request with id = 3a6a4db9-9e29-4cc4-a60c-51b1fcd203a4 in 00:00:00.0251413.
2018-11-13 00:03:17,874 37375  INFO  [7f900f] Doing some complicated stuff.. Random numbers are: 1221849322, 1273082263, 166986268.
2018-11-13 00:03:17,878 37379  INFO  [7f900f] Here's some useful guids:
		2d037127-fa06-4262-9d2f-1098ae979858
		4f98da24-cdf9-4552-a55e-1bea7ad60465
		4859d261-9ecd-4efc-9f5b-09562ec75852
		f7822e04-09df-4a3e-bfe5-eda9dab43973
		1a743f5d-1e96-4ee2-b2b8-f3c3f6d0e384
2018-11-13 00:03:17,880 37381  INFO  [7f900f] Finished processing user request with id = 7f900ff2-8858-4784-a355-4c0cfc65f2b3 in 00:00:00.0240373.
2018-11-13 00:03:17,883 37384  INFO  [BackgroundDaemon] Processing data (45% completed)..
2018-11-13 00:03:17,894 37395  INFO  [cc0335] Started processing user request. Id = cc0335c7-dd3d-48c4-8353-3bae3419c8a5. Size = 74.64 KB.
2018-11-13 00:03:17,905 37406  INFO  [cc6bf7] Started processing user request. Id = cc6bf7d9-a811-4296-a65b-c2d488db4de9. Size = 83.71 KB.
2018-11-13 00:03:17,907 37408  INFO  [cc0335] Doing some complicated stuff.. Random numbers are: 1888775780, 937088685, 92810956.
2018-11-13 00:03:17,911 37412  INFO  [cc6bf7] Doing some complicated stuff.. Random numbers are: 687676343, 354029226, 2132468898.
2018-11-13 00:03:17,931 37433  INFO  [cc0335] Here's some useful guids:
		8f923450-7e35-4986-8ce7-4b3e9fcebf5a
		8ece1484-a513-4b89-98be-e8647568267c
		3616d9e8-32e8-41ff-9306-2782cbac02cf
		fba57b42-0083-447c-a67e-3f8d620f1bf4
2018-11-13 00:03:17,952 37454  INFO  [cc6bf7] Finished processing user request with id = cc6bf7d9-a811-4296-a65b-c2d488db4de9 in 00:00:00.0479362.
2018-11-13 00:03:17,953 37455  INFO  [BackgroundDaemon] Processing data (67% completed)..
2018-11-13 00:03:17,953 37455  INFO  [BackgroundDaemon] Finished iteration in 00:00:00.1921811.
2018-11-13 00:03:17,959 37461  INFO  [cc0335] Finished processing user request with id = cc0335c7-dd3d-48c4-8353-3bae3419c8a5 in 00:00:00.0659478.
2018-11-13 00:03:17,973 37475  INFO  [404fb0] Started processing user request. Id = 404fb0ab-5f7a-46da-9bbc-c7d8d9222aef. Size = 61.4 KB.
2018-11-13 00:03:17,983 37484  INFO  [404fb0] Doing some complicated stuff.. Random numbers are: 1311202181, 890034205, 402056376.
2018-11-13 00:03:17,984 37485  INFO  [acb644] Started processing user request. Id = acb644f4-3b08-45ea-8b12-b6dd42ebf15a. Size = 97.87 KB.
2018-11-13 00:03:17,984 37485  INFO  [acb644] Doing some complicated stuff.. Random numbers are: 503016371, 701919014, 467099281.
2018-11-13 00:03:18,000 37501  INFO  [404fb0] Here's some useful guids:
		93eb989d-b523-4bff-80e6-d75704476faa
		5bfb1548-4501-4e2f-b70e-5a8a55b128a7
		1dff8ce5-57ed-49d0-827b-02f75755ea09
		27878ee3-8a15-426d-8add-36153582cbd5
2018-11-13 00:03:18,000 37501  INFO  [404fb0] Finished processing user request with id = 404fb0ab-5f7a-46da-9bbc-c7d8d9222aef in 00:00:00.0265208.
2018-11-13 00:03:18,014 37515  INFO  [704596] Started processing user request. Id = 7045963d-9e05-42e2-bb25-a57eaea8b658. Size = 23.02 KB.
2018-11-13 00:03:18,014 37515  INFO  [3cc300] Started processing user request. Id = 3cc300dd-168c-4363-b549-aeeaebbd0f2f. Size = 56.93 KB.
2018-11-13 00:03:18,019 37520  INFO  [704596] Doing some complicated stuff.. Random numbers are: 1846391382, 918316615, 1391504161.
2018-11-13 00:03:18,022 37523  INFO  [acb644] Finished processing user request with id = acb644f4-3b08-45ea-8b12-b6dd42ebf15a in 00:00:00.0383906.
2018-11-13 00:03:18,026 37527  INFO  [3cc300] Doing some complicated stuff.. Random numbers are: 1332576378, 1269084286, 2002939742.
2018-11-13 00:03:18,037 37538  INFO  [704596] Finished processing user request with id = 7045963d-9e05-42e2-bb25-a57eaea8b658 in 00:00:00.0230059.
2018-11-13 00:03:18,050 37551  INFO  [9b5547] Started processing user request. Id = 9b55470b-dd87-47f0-9f3b-2002fed0b692. Size = 8.91 KB.
2018-11-13 00:03:18,053 37554  INFO  [a01239] Started processing user request. Id = a0123989-7d58-4283-ba42-34f548be6fdf. Size = 12.7 KB.
2018-11-13 00:03:18,057 37558  INFO  [3cc300] Here's some useful guids:
		907b5897-af06-4d69-ba66-d1f460653186
		a9679ba5-2fbe-4dbb-b7a8-c0fc06e98da6
		45661cd2-e0b1-40da-a185-6809ac6dfe1e
		229e3baf-168e-4f7f-bca5-5fc31cf72ba1
2018-11-13 00:03:18,062 37563  INFO  [9b5547] Doing some complicated stuff.. Random numbers are: 50901917, 1418072438, 1273698830.
2018-11-13 00:03:18,066 37567  INFO  [a01239] Doing some complicated stuff.. Random numbers are: 554868659, 580686239, 116071564.
2018-11-13 00:03:18,082 37583  INFO  [9b5547] Here's some useful guids:
		97b8ccc8-54ff-45e8-898f-d9e3b741f18a
		e6297f49-c800-42a9-ae4e-361ab2058d01
2018-11-13 00:03:18,087 37588  INFO  [3cc300] Finished processing user request with id = 3cc300dd-168c-4363-b549-aeeaebbd0f2f in 00:00:00.0732558.
2018-11-13 00:03:18,097 37598  INFO  [a01239] Finished processing user request with id = a0123989-7d58-4283-ba42-34f548be6fdf in 00:00:00.0442148.
2018-11-13 00:03:18,100 37601  INFO  [9b5547] Finished processing user request with id = 9b55470b-dd87-47f0-9f3b-2002fed0b692 in 00:00:00.0501285.
2018-11-13 00:03:18,114 37615  INFO  [d056bd] Started processing user request. Id = d056bd5e-0f62-4acf-a0c2-d2c37f85c8a3. Size = 42.46 KB.
2018-11-13 00:03:18,128 37629  INFO  [4b3ba5] Started processing user request. Id = 4b3ba5ad-ee2f-47c6-b5fe-50717f67e954. Size = 23.86 KB.
2018-11-13 00:03:18,132 37633  INFO  [d056bd] Doing some complicated stuff.. Random numbers are: 601999351, 1467236326, 103318064.
2018-11-13 00:03:18,140 37642  INFO  [d056bd] Here's some useful guids:
		9a6b950c-7829-4f83-8f79-d78823aab9ea
		d82a68e6-89e9-4ac3-8fa9-ec3933f542f9
2018-11-13 00:03:18,145 37646  INFO  [4b3ba5] Doing some complicated stuff.. Random numbers are: 969075351, 1818175169, 1090657362.
2018-11-13 00:03:18,145 37646  INFO  [d056bd] Finished processing user request with id = d056bd5e-0f62-4acf-a0c2-d2c37f85c8a3 in 00:00:00.0307216.
2018-11-13 00:03:18,154 37655  INFO  [BackgroundDaemon] Starting iteration #15530.
2018-11-13 00:03:18,159 37660  INFO  [0d86de] Started processing user request. Id = 0d86dec5-3ac7-4e98-b073-d1b54fc302eb. Size = 63.65 KB.
2018-11-13 00:03:18,168 37669  INFO  [4b3ba5] Here's some useful guids:
		62eab999-aec9-4364-8213-5c763ce8c471
		7efe04cd-6a4e-4d60-8f40-13e46126d0eb
		2b672fa4-a78e-4bee-b7d0-365a8476b61a
		7184d741-2c3a-4d33-ba0b-93db9ffc1d49
		e2defb38-f690-4805-bcc8-ffabe330e638
2018-11-13 00:03:18,170 37671  INFO  [0d86de] Doing some complicated stuff.. Random numbers are: 913019149, 2115212287, 1066901187.
2018-11-13 00:03:18,184 37685  ERROR [4b3ba5] 
System.InvalidOperationException: Oh no! An error occurred!
2018-11-13 00:03:18,214 37715  INFO  [BackgroundDaemon] Processing data (18% completed)..
2018-11-13 00:03:18,216 37717  INFO  [8ee08c] Started processing user request. Id = 8ee08ce8-3abf-417b-9db3-6339f24d39d0. Size = 88.75 KB.
2018-11-13 00:03:18,218 37719  INFO  [8ee08c] Doing some complicated stuff.. Random numbers are: 542605923, 344923937, 2085935216.
2018-11-13 00:03:18,224 37725  INFO  [0d86de] Finished processing user request with id = 0d86dec5-3ac7-4e98-b073-d1b54fc302eb in 00:00:00.0655853.
2018-11-13 00:03:18,238 37739  INFO  [652025] Started processing user request. Id = 6520256d-1f50-49f3-b90c-e1bdb07bf3d6. Size = 77.38 KB.
2018-11-13 00:03:18,246 37747  INFO  [BackgroundDaemon] Processing data (23% completed)..
2018-11-13 00:03:18,247 37748  INFO  [8ee08c] Finished processing user request with id = 8ee08ce8-3abf-417b-9db3-6339f24d39d0 in 00:00:00.0314169.
2018-11-13 00:03:18,254 37755  INFO  [48dae3] Started processing user request. Id = 48dae3ed-c6dd-4eac-99a5-1e07d33e3937. Size = 41.49 KB.
2018-11-13 00:03:18,255 37756  INFO  [652025] Doing some complicated stuff.. Random numbers are: 1408147857, 1916571961, 1459549497.
2018-11-13 00:03:18,258 37759  INFO  [48dae3] Doing some complicated stuff.. Random numbers are: 1819590664, 2005245527, 25754622.
2018-11-13 00:03:18,270 37771  INFO  [Metrics] Cpu: 4.17%; Memory: 19.79 GB/31.88 GB; Workers: 4/1024; IOCP: 0/1024
2018-11-13 00:03:18,279 37780  INFO  [89fa2d] Started processing user request. Id = 89fa2d14-94c7-48d3-b6a0-89d169b954d4. Size = 21.53 KB.
2018-11-13 00:03:18,296 37797  ERROR [48dae3] 
System.InvalidOperationException: Oh no! An error occurred!
2018-11-13 00:03:18,297 37798  INFO  [89fa2d] Doing some complicated stuff.. Random numbers are: 72997098, 1469197958, 1004851361.
2018-11-13 00:03:18,302 37803  INFO  [89fa2d] Finished processing user request with id = 89fa2d14-94c7-48d3-b6a0-89d169b954d4 in 00:00:00.0229918.
2018-11-13 00:03:18,305 37806  INFO  [BackgroundDaemon] Processing data (79% completed)..
2018-11-13 00:03:18,305 37806  INFO  [BackgroundDaemon] Finished iteration in 00:00:00.1514090.
2018-11-13 00:03:18,307 37808  INFO  [652025] Finished processing user request with id = 6520256d-1f50-49f3-b90c-e1bdb07bf3d6 in 00:00:00.0689184.
2018-11-13 00:03:18,321 37822  INFO  [20aefd] Started processing user request. Id = 20aefda0-61e6-4977-a28c-c769745c85bf. Size = 1.71 KB.
2018-11-13 00:03:18,334 37835  INFO  [1f72b1] Started processing user request. Id = 1f72b1cc-1afc-41f4-adb7-200d63e64e14. Size = 57.17 KB.
2018-11-13 00:03:18,337 37838  INFO  [1f72b1] Doing some complicated stuff.. Random numbers are: 1753636591, 1314514151, 1486582720.
2018-11-13 00:03:18,339 37840  INFO  [20aefd] Doing some complicated stuff.. Random numbers are: 345385131, 184728526, 1986759331.
2018-11-13 00:03:18,352 37853  INFO  [1f72b1] Here's some useful guids:
		1d28b9ba-f3a6-4689-9887-97ec98dca522
		3023c46b-a282-477f-b980-d0d56af812f0
		a6435015-bc66-4069-8601-8fa3e64f3cba
2018-11-13 00:03:18,356 37857  INFO  [1f72b1] Finished processing user request with id = 1f72b1cc-1afc-41f4-adb7-200d63e64e14 in 00:00:00.0220596.
2018-11-13 00:03:18,374 37875  ERROR [20aefd] 
System.InvalidOperationException: Oh no! An error occurred!
2018-11-13 00:03:18,388 37889  INFO  [779358] Started processing user request. Id = 7793580d-62db-46c3-b5e7-b260ee40ab4c. Size = 49.84 KB.
2018-11-13 00:03:18,388 37889  INFO  [23ec9e] Started processing user request. Id = 23ec9e05-829a-4a89-8dad-ebc5bfb08b1f. Size = 55.51 KB.
2018-11-13 00:03:18,401 37902  INFO  [779358] Doing some complicated stuff.. Random numbers are: 566433538, 484076344, 1808226822.
2018-11-13 00:03:18,404 37905  INFO  [23ec9e] Doing some complicated stuff.. Random numbers are: 445077149, 895307743, 2032003789.
2018-11-13 00:03:18,449 37950  INFO  [23ec9e] Finished processing user request with id = 23ec9e05-829a-4a89-8dad-ebc5bfb08b1f in 00:00:00.0606901.
2018-11-13 00:03:18,455 37956  INFO  [779358] Finished processing user request with id = 7793580d-62db-46c3-b5e7-b260ee40ab4c in 00:00:00.0666894.
2018-11-13 00:03:18,463 37964  INFO  [cd66ee] Started processing user request. Id = cd66eea2-fa27-4659-a649-1278443bbeeb. Size = 19.34 KB.
2018-11-13 00:03:18,463 37964  INFO  [cd66ee] Doing some complicated stuff.. Random numbers are: 351171251, 1656061458, 2106306441.
2018-11-13 00:03:18,464 37965  INFO  [95cf97] Started processing user request. Id = 95cf97f4-cbea-4a5a-a67f-f27045c89284. Size = 21.44 KB.
2018-11-13 00:03:18,481 37982  INFO  [95cf97] Doing some complicated stuff.. Random numbers are: 554237928, 51983889, 399466765.
2018-11-13 00:03:18,486 37987  INFO  [89b211] Started processing user request. Id = 89b21125-d7fb-40a5-84da-a7d7b3d0c193. Size = 48.19 KB.
2018-11-13 00:03:18,492 37993  INFO  [89b211] Doing some complicated stuff.. Random numbers are: 1173545548, 480435634, 945247292.
2018-11-13 00:03:18,497 37998  INFO  [cd66ee] Finished processing user request with id = cd66eea2-fa27-4659-a649-1278443bbeeb in 00:00:00.0341948.
2018-11-13 00:03:18,500 38001  INFO  [89b211] Here's some useful guids:
		9b7df8ac-ac38-4153-b062-65a84e4c2725
		43aa3213-8457-4f7e-bb05-35ce1e61cd0e
		07aeb6be-db2f-4181-9b9d-8066c0e2edf8
2018-11-13 00:03:18,505 38006  INFO  [BackgroundDaemon] Starting iteration #15531.
2018-11-13 00:03:18,507 38008  INFO  [89b211] Finished processing user request with id = 89b21125-d7fb-40a5-84da-a7d7b3d0c193 in 00:00:00.0209822.
2018-11-13 00:03:18,511 38012  INFO  [b3676b] Started processing user request. Id = b3676b4a-9dc9-4f04-9089-f29969d8c6bc. Size = 76.25 KB.
2018-11-13 00:03:18,511 38012  INFO  [b3676b] Doing some complicated stuff.. Random numbers are: 1289933501, 1873233238, 337287893.
2018-11-13 00:03:18,511 38012  INFO  [95cf97] Here's some useful guids:
		732d49b2-5341-4a98-a291-93dac886c1b3
		2f4546c3-5d9d-40d1-8820-b3ef4f576e76
2018-11-13 00:03:18,530 38031  INFO  [BackgroundDaemon] Processing data (14% completed)..
2018-11-13 00:03:18,536 38037  INFO  [b3676b] Here's some useful guids:
		1bb23dc2-9d40-44d9-a0f8-afb393f3aae2
		66765d46-e5fd-4ba1-ab17-ffcae7250894
2018-11-13 00:03:18,538 38039  INFO  [95cf97] Finished processing user request with id = 95cf97f4-cbea-4a5a-a67f-f27045c89284 in 00:00:00.0742370.
2018-11-13 00:03:18,539 38040  INFO  [f5c19e] Started processing user request. Id = f5c19e74-3147-4b54-9ce5-09a4d7d81013. Size = 96.51 KB.
2018-11-13 00:03:18,543 38044  INFO  [b3676b] Finished processing user request with id = b3676b4a-9dc9-4f04-9089-f29969d8c6bc in 00:00:00.0320268.
2018-11-13 00:03:18,555 38056  INFO  [f5c19e] Doing some complicated stuff.. Random numbers are: 1863924244, 1083345283, 1700136883.
2018-11-13 00:03:18,557 38058  INFO  [66e989] Started processing user request. Id = 66e989c3-998f-42b1-b3a2-bcbbfe1e7306. Size = 55.21 KB.
2018-11-13 00:03:18,571 38072  INFO  [66e989] Doing some complicated stuff.. Random numbers are: 139691792, 868826017, 1847325900.
2018-11-13 00:03:18,572 38073  INFO  [f5c19e] Here's some useful guids:
		5b2477ff-c42c-4be0-99ad-e297cb0e39f6
2018-11-13 00:03:18,581 38082  INFO  [f5c19e] Finished processing user request with id = f5c19e74-3147-4b54-9ce5-09a4d7d81013 in 00:00:00.0420518.
2018-11-13 00:03:18,597 38098  INFO  [BackgroundDaemon] Processing data (23% completed)..
2018-11-13 00:03:18,613 38114  INFO  [b46a47] Started processing user request. Id = b46a4789-a248-4323-8bb5-7a828da85c4b. Size = 87.23 KB.
2018-11-13 00:03:18,626 38127  INFO  [b46a47] Doing some complicated stuff.. Random numbers are: 992260394, 1317456098, 1459727318.
2018-11-13 00:03:18,634 38135  INFO  [66e989] Finished processing user request with id = 66e989c3-998f-42b1-b3a2-bcbbfe1e7306 in 00:00:00.0771129.
2018-11-13 00:03:18,648 38149  INFO  [3f6d6e] Started processing user request. Id = 3f6d6e26-603d-4b96-8a5c-da50c2326c08. Size = 36.46 KB.
2018-11-13 00:03:18,652 38153  INFO  [BackgroundDaemon] Processing data (83% completed)..
2018-11-13 00:03:18,652 38153  INFO  [BackgroundDaemon] Finished iteration in 00:00:00.1472463.
2018-11-13 00:03:18,666 38167  INFO  [3f6d6e] Doing some complicated stuff.. Random numbers are: 1849620792, 2080134329, 568940955.
2018-11-13 00:03:18,677 38178  INFO  [b46a47] Finished processing user request with id = b46a4789-a248-4323-8bb5-7a828da85c4b in 00:00:00.0642358.
2018-11-13 00:03:18,694 38195  INFO  [3f6d6e] Finished processing user request with id = 3f6d6e26-603d-4b96-8a5c-da50c2326c08 in 00:00:00.0464652.
2018-11-13 00:03:18,705 38206  INFO  [86bc40] Started processing user request. Id = 86bc40b3-29e0-451a-bf2f-afd1bfbe33fe. Size = 46.77 KB.
2018-11-13 00:03:18,707 38208  INFO  [89f49a] Started processing user request. Id = 89f49a72-733c-4f7a-9ab0-444d7074827c. Size = 24.17 KB.
2018-11-13 00:03:18,708 38209  INFO  [835215] Started processing user request. Id = 835215aa-d665-4ba4-8d66-e111b3f247c8. Size = 18.84 KB.
2018-11-13 00:03:18,708 38209  INFO  [835215] Doing some complicated stuff.. Random numbers are: 1336060608, 267613779, 1638859756.
2018-11-13 00:03:18,722 38223  INFO  [86bc40] Doing some complicated stuff.. Random numbers are: 1648928741, 300227397, 1017781227.
2018-11-13 00:03:18,726 38227  INFO  [89f49a] Doing some complicated stuff.. Random numbers are: 1925480640, 418236276, 302557478.
2018-11-13 00:03:18,733 38234  ERROR [835215] 
System.InvalidOperationException: Oh no! An error occurred!
2018-11-13 00:03:18,749 38250  INFO  [86bc40] Here's some useful guids:
		533ef7d1-485b-4c13-b876-a1e3e3d1814c
		dac7804a-b64f-4da4-a77d-1e3ae2bfe669
2018-11-13 00:03:18,754 38255  INFO  [86bc40] Finished processing user request with id = 86bc40b3-29e0-451a-bf2f-afd1bfbe33fe in 00:00:00.0484115.
2018-11-13 00:03:18,765 38266  INFO  [dfeb0e] Started processing user request. Id = dfeb0eb3-4b61-4fa5-b7d2-ad43bb7dcca7. Size = 36.94 KB.
2018-11-13 00:03:18,770 38271  INFO  [Metrics] Cpu: 4.17%; Memory: 19.79 GB/31.88 GB; Workers: 4/1024; IOCP: 0/1024
2018-11-13 00:03:18,773 38274  INFO  [dfeb0e] Doing some complicated stuff.. Random numbers are: 1311883011, 1808809081, 588910545.
2018-11-13 00:03:18,783 38284  INFO  [89f49a] Finished processing user request with id = 89f49a72-733c-4f7a-9ab0-444d7074827c in 00:00:00.0756754.
2018-11-13 00:03:18,787 38288  INFO  [dfeb0e] Here's some useful guids:
		610bbc08-e542-406e-a7f5-c31f53c92413
		42b3de1a-e1a4-4ccb-8ca0-bc0df961acf7
2018-11-13 00:03:18,796 38297  INFO  [61c4b5] Started processing user request. Id = 61c4b50b-2f41-427f-9814-37fba495c594. Size = 68.05 KB.
2018-11-13 00:03:18,807 38308  INFO  [dfeb0e] Finished processing user request with id = dfeb0eb3-4b61-4fa5-b7d2-ad43bb7dcca7 in 00:00:00.0425307.
2018-11-13 00:03:18,809 38310  INFO  [61c4b5] Doing some complicated stuff.. Random numbers are: 1264464244, 44042264, 1550651754.
2018-11-13 00:03:18,839 38340  INFO  [7db060] Started processing user request. Id = 7db060f5-2bac-44ad-83b6-18e446903902. Size = 46.33 KB.
2018-11-13 00:03:18,852 38353  INFO  [BackgroundDaemon] Starting iteration #15532.
2018-11-13 00:03:18,856 38357  INFO  [7db060] Doing some complicated stuff.. Random numbers are: 1066309061, 1094979432, 1188833950.
2018-11-13 00:03:18,858 38359  INFO  [61c4b5] Finished processing user request with id = 61c4b50b-2f41-427f-9814-37fba495c594 in 00:00:00.0619282.
2018-11-13 00:03:18,872 38373  INFO  [e95831] Started processing user request. Id = e9583150-ebb7-47da-8b46-a6bbee5553b4. Size = 12.96 KB.
2018-11-13 00:03:18,884 38385  INFO  [e95831] Doing some complicated stuff.. Random numbers are: 651328998, 1940190143, 74784748.
2018-11-13 00:03:18,902 38403  INFO  [7db060] Finished processing user request with id = 7db060f5-2bac-44ad-83b6-18e446903902 in 00:00:00.0628267.
2018-11-13 00:03:18,908 38409  INFO  [e95831] Finished processing user request with id = e9583150-ebb7-47da-8b46-a6bbee5553b4 in 00:00:00.0362414.
2018-11-13 00:03:18,908 38409  INFO  [BackgroundDaemon] Processing data (9% completed)..
2018-11-13 00:03:18,921 38422  INFO  [697ba2] Started processing user request. Id = 697ba288-83b9-4e5a-9243-003fef7b0173. Size = 11.15 KB.
2018-11-13 00:03:18,922 38423  INFO  [7c4be8] Started processing user request. Id = 7c4be86d-22d1-43b4-86d8-c01a7a23ba14. Size = 89.86 KB.
2018-11-13 00:03:18,922 38423  INFO  [7c4be8] Doing some complicated stuff.. Random numbers are: 720992546, 1223706577, 994418672.
2018-11-13 00:03:18,928 38429  INFO  [697ba2] Doing some complicated stuff.. Random numbers are: 1608606983, 1449058921, 1575117853.
2018-11-13 00:03:18,933 38434  INFO  [ee4cc9] Started processing user request. Id = ee4cc958-5e17-40b2-861e-41f4cc35e44f. Size = 91.57 KB.
2018-11-13 00:03:18,943 38444  INFO  [ee4cc9] Doing some complicated stuff.. Random numbers are: 1899433975, 1109393906, 269946778.
2018-11-13 00:03:18,946 38447  INFO  [697ba2] Finished processing user request with id = 697ba288-83b9-4e5a-9243-003fef7b0173 in 00:00:00.0252141.
2018-11-13 00:03:18,954 38455  INFO  [7c4be8] Finished processing user request with id = 7c4be86d-22d1-43b4-86d8-c01a7a23ba14 in 00:00:00.0320330.
2018-11-13 00:03:18,967 38468  INFO  [cfa199] Started processing user request. Id = cfa1996c-ed96-4acc-a58d-8b3d261811c2. Size = 34.17 KB.
2018-11-13 00:03:18,975 38476  INFO  [cfa199] Doing some complicated stuff.. Random numbers are: 1108715000, 222312408, 1290849847.
2018-11-13 00:03:18,978 38479  INFO  [ee4cc9] Here's some useful guids:
		d3076166-116b-44fd-bcee-117f872f7fc3
2018-11-13 00:03:18,989 38490  INFO  [ee4cc9] Finished processing user request with id = ee4cc958-5e17-40b2-861e-41f4cc35e44f in 00:00:00.0560609.
2018-11-13 00:03:18,993 38494  INFO  [cfa199] Finished processing user request with id = cfa1996c-ed96-4acc-a58d-8b3d261811c2 in 00:00:00.0258402.
2018-11-13 00:03:19,006 38507  INFO  [841c32] Started processing user request. Id = 841c32dd-ee8b-4e27-81c1-fa2a61a5d523. Size = 64.37 KB.
2018-11-13 00:03:19,008 38509  INFO  [BackgroundDaemon] Processing data (24% completed)..
2018-11-13 00:03:19,014 38515  INFO  [841c32] Doing some complicated stuff.. Random numbers are: 401747179, 642942303, 621853806.
2018-11-13 00:03:19,020 38521  INFO  [ca348c] Started processing user request. Id = ca348c51-890a-46ae-91ac-40c3078fb079. Size = 10.29 KB.
2018-11-13 00:03:19,030 38532  INFO  [841c32] Here's some useful guids:
		eadbcdd2-b932-44f2-be59-3bb2d7162b7b
		72f501fc-f652-4c8b-913c-bd2f3a8f9738
		7572b02d-d150-4b68-8f60-96c703b95d81
2018-11-13 00:03:19,035 38537  INFO  [BackgroundDaemon] Processing data (84% completed)..
2018-11-13 00:03:19,035 38537  INFO  [BackgroundDaemon] Finished iteration in 00:00:00.1831737.
2018-11-13 00:03:19,038 38540  INFO  [ca348c] Doing some complicated stuff.. Random numbers are: 1733721733, 802134446, 794089563.
2018-11-13 00:03:19,058 38559  INFO  [841c32] Finished processing user request with id = 841c32dd-ee8b-4e27-81c1-fa2a61a5d523 in 00:00:00.0517349.
2018-11-13 00:03:19,071 38572  INFO  [3b22ff] Started processing user request. Id = 3b22ff45-93df-43f6-9bec-f4d4c3a0df36. Size = 33.65 KB.
2018-11-13 00:03:19,090 38591  INFO  [3b22ff] Doing some complicated stuff.. Random numbers are: 1251785938, 1177126042, 1563599700.
2018-11-13 00:03:19,092 38593  INFO  [ca348c] Finished processing user request with id = ca348c51-890a-46ae-91ac-40c3078fb079 in 00:00:00.0717512.
2018-11-13 00:03:19,114 38615  INFO  [49004c] Started processing user request. Id = 49004c03-cddd-4f95-a721-187b082f48f0. Size = 18.54 KB.
2018-11-13 00:03:19,124 38625  INFO  [a045d5] Started processing user request. Id = a045d583-31c1-4397-b0a9-6b7c7d4ec256. Size = 39.55 KB.
2018-11-13 00:03:19,126 38627  INFO  [3b22ff] Finished processing user request with id = 3b22ff45-93df-43f6-9bec-f4d4c3a0df36 in 00:00:00.0549480.
2018-11-13 00:03:19,127 38628  INFO  [a045d5] Doing some complicated stuff.. Random numbers are: 1044511848, 677901330, 1966758418.
2018-11-13 00:03:19,127 38628  INFO  [49004c] Doing some complicated stuff.. Random numbers are: 1088656083, 1378064648, 1112768142.
2018-11-13 00:03:19,139 38640  INFO  [dc1957] Started processing user request. Id = dc19574e-cfce-4c49-8733-534ce98e5724. Size = 12.12 KB.
2018-11-13 00:03:19,143 38644  INFO  [dc1957] Doing some complicated stuff.. Random numbers are: 1145820976, 634020120, 1598225259.
2018-11-13 00:03:19,147 38648  INFO  [a045d5] Here's some useful guids:
		9e44e9d6-2b70-4b5c-ac66-314ba3b73558
		b53059ef-dd35-4e48-869f-c29b74ac0adf
		3b74b073-46cd-47f0-92a2-d2e334ea6a9c
		25a4404c-2d50-4a8a-8dba-70f08026f248
		be2c228f-ebdd-4d02-ab2c-2722bc3b2bce
2018-11-13 00:03:19,153 38654  INFO  [dc1957] Here's some useful guids:
		8fb7bcc3-1e72-4d1f-a522-cc6fad603d43
		c748c6f5-4437-4957-8d49-a7e3f529cb5f
		ec007469-8cfe-4b2b-b09c-52a337502ff8
2018-11-13 00:03:19,154 38655  INFO  [49004c] Finished processing user request with id = 49004c03-cddd-4f95-a721-187b082f48f0 in 00:00:00.0400868.
2018-11-13 00:03:19,164 38665  INFO  [dc1957] Finished processing user request with id = dc19574e-cfce-4c49-8733-534ce98e5724 in 00:00:00.0244361.
2018-11-13 00:03:19,167 38668  INFO  [a045d5] Finished processing user request with id = a045d583-31c1-4397-b0a9-6b7c7d4ec256 in 00:00:00.0431996.
2018-11-13 00:03:19,177 38678  INFO  [ba7cf3] Started processing user request. Id = ba7cf346-0ed4-4bac-b298-9036553a8b16. Size = 3.24 KB.
2018-11-13 00:03:19,179 38680  INFO  [ba7cf3] Doing some complicated stuff.. Random numbers are: 836151384, 1679687582, 38303044.
2018-11-13 00:03:19,198 38700  INFO  [09325f] Started processing user request. Id = 09325f39-2437-4b17-93d4-15d6d9d7c4bd. Size = 6.73 KB.
2018-11-13 00:03:19,210 38711  INFO  [09325f] Doing some complicated stuff.. Random numbers are: 1664762552, 1602755362, 342258454.
2018-11-13 00:03:19,214 38715  INFO  [09325f] Here's some useful guids:
		67ee2178-18c8-426d-8f0c-132526f4f043
		c4d5fe80-22ea-45d4-8eba-e2f5cb63ca6e
		29410174-4aed-4d60-878e-b0e8988e849a
2018-11-13 00:03:19,218 38719  INFO  [ba7cf3] Here's some useful guids:
		91453424-dfde-4870-b66b-6f42d4dc2d0b
		64daf1fb-d574-4811-b5e5-66b2114c8d3e
2018-11-13 00:03:19,236 38737  INFO  [BackgroundDaemon] Starting iteration #15533.
2018-11-13 00:03:19,237 38738  INFO  [ba7cf3] Finished processing user request with id = ba7cf346-0ed4-4bac-b298-9036553a8b16 in 00:00:00.0601784.
2018-11-13 00:03:19,241 38742  INFO  [09325f] Finished processing user request with id = 09325f39-2437-4b17-93d4-15d6d9d7c4bd in 00:00:00.0424697.
2018-11-13 00:03:19,250 38751  INFO  [0a0a46] Started processing user request. Id = 0a0a46cc-8673-41da-9c01-286ac6fdf126. Size = 90.58 KB.
2018-11-13 00:03:19,252 38753  INFO  [0a0a46] Doing some complicated stuff.. Random numbers are: 1935018609, 271020891, 767591454.
2018-11-13 00:03:19,269 38770  INFO  [Metrics] Cpu: 4.97%; Memory: 19.79 GB/31.88 GB; Workers: 4/1024; IOCP: 0/1024
2018-11-13 00:03:19,273 38774  INFO  [4f70a8] Started processing user request. Id = 4f70a8c6-3b55-4be9-93e3-e670877fdf60. Size = 95.91 KB.
2018-11-13 00:03:19,278 38779  INFO  [0a0a46] Here's some useful guids:
		3af1c095-4d44-44ec-9125-fc73b06a651c
		2a4eec0f-8603-4375-bc83-0690e9b3df50
		4cb0b67b-1d02-44c3-85da-4ae0870f2f12
		04925b02-2e88-483c-99fc-1629728a10aa
2018-11-13 00:03:19,279 38780  INFO  [4f70a8] Doing some complicated stuff.. Random numbers are: 518175381, 1644780868, 1507873496.
2018-11-13 00:03:19,300 38801  INFO  [4f70a8] Here's some useful guids:
		9ca1b4a8-f6e4-483d-bcf0-238872cb99b0
		0d97247b-2163-468b-8a53-2e8ad3290c4e
		652edddc-5af5-4f9b-9466-0d2cf79ba3cc
		f892cb4c-3d8b-470f-9caa-85a21fbd9144
2018-11-13 00:03:19,302 38803  INFO  [0a0a46] Finished processing user request with id = 0a0a46cc-8673-41da-9c01-286ac6fdf126 in 00:00:00.0519689.
2018-11-13 00:03:19,313 38814  INFO  [BackgroundDaemon] Processing data (10% completed)..
2018-11-13 00:03:19,314 38815  INFO  [4f70a8] Finished processing user request with id = 4f70a8c6-3b55-4be9-93e3-e670877fdf60 in 00:00:00.0409633.
2018-11-13 00:03:19,316 38817  INFO  [ccbf20] Started processing user request. Id = ccbf20c9-5000-4cc6-947c-1d7c31a81be7. Size = 61.97 KB.
2018-11-13 00:03:19,321 38822  INFO  [4cbc32] Started processing user request. Id = 4cbc324b-8aa0-4219-be80-7072717fcdef. Size = 42.64 KB.
2018-11-13 00:03:19,330 38831  INFO  [ccbf20] Doing some complicated stuff.. Random numbers are: 1427408020, 1065715102, 277346510.
2018-11-13 00:03:19,334 38835  INFO  [ccbf20] Here's some useful guids:
		21482ccc-05cf-47eb-a238-3231fb5e31b2
2018-11-13 00:03:19,335 38836  INFO  [BackgroundDaemon] Processing data (45% completed)..
2018-11-13 00:03:19,338 38839  INFO  [4cbc32] Doing some complicated stuff.. Random numbers are: 1732830402, 1193445260, 1181191476.
2018-11-13 00:03:19,345 38846  INFO  [c8f319] Started processing user request. Id = c8f319a6-1c2f-4c13-980b-0bb73e9aa571. Size = 73.76 KB.
2018-11-13 00:03:19,347 38848  INFO  [ccbf20] Finished processing user request with id = ccbf20c9-5000-4cc6-947c-1d7c31a81be7 in 00:00:00.0312732.
2018-11-13 00:03:19,357 38858  INFO  [4cbc32] Finished processing user request with id = 4cbc324b-8aa0-4219-be80-7072717fcdef in 00:00:00.0360572.
2018-11-13 00:03:19,358 38859  INFO  [BackgroundDaemon] Processing data (89% completed)..
2018-11-13 00:03:19,358 38859  INFO  [BackgroundDaemon] Finished iteration in 00:00:00.1220865.
2018-11-13 00:03:19,359 38860  INFO  [c8f319] Doing some complicated stuff.. Random numbers are: 1662121974, 2021646480, 882224837.
2018-11-13 00:03:19,361 38862  INFO  [117b64] Started processing user request. Id = 117b6414-4562-406a-909f-085ed6493f47. Size = 94.09 KB.
2018-11-13 00:03:19,379 38880  INFO  [117b64] Doing some complicated stuff.. Random numbers are: 249382822, 1145726960, 1924124964.
2018-11-13 00:03:19,387 38888  INFO  [c8f319] Here's some useful guids:
		1c6c2de8-bbad-4bf5-85eb-774216423e04
		d2dc1535-b144-42ef-85e0-9862ccaebd12
2018-11-13 00:03:19,394 38895  INFO  [117b64] Finished processing user request with id = 117b6414-4562-406a-909f-085ed6493f47 in 00:00:00.0331954.
2018-11-13 00:03:19,407 38908  INFO  [8993d5] Started processing user request. Id = 8993d596-967b-4dfc-8d58-b1e6d773f099. Size = 54.7 KB.
2018-11-13 00:03:19,417 38918  INFO  [c8f319] Finished processing user request with id = c8f319a6-1c2f-4c13-980b-0bb73e9aa571 in 00:00:00.0718289.
2018-11-13 00:03:19,421 38922  INFO  [8993d5] Doing some complicated stuff.. Random numbers are: 364544836, 583339857, 1754847081.
2018-11-13 00:03:19,424 38925  INFO  [8993d5] Here's some useful guids:
		8c9e1e93-26b0-4fc4-9357-10ae5b51fde3
		44446820-c3a1-4b74-99b1-f2e33cccfc5a
2018-11-13 00:03:19,436 38937  ERROR [8993d5] 
System.InvalidOperationException: Oh no! An error occurred!
2018-11-13 00:03:19,448 38949  INFO  [e570f7] Started processing user request. Id = e570f71c-914f-4c1b-b823-5fe8d9fc1ac4. Size = 63.02 KB.
2018-11-13 00:03:19,448 38949  INFO  [e570f7] Doing some complicated stuff.. Random numbers are: 690937052, 1255514601, 628420371.
2018-11-13 00:03:19,450 38951  INFO  [e31942] Started processing user request. Id = e319422e-08db-4d20-974d-6362407762ed. Size = 10.72 KB.
2018-11-13 00:03:19,452 38953  INFO  [e570f7] Here's some useful guids:
		8205f7ee-998e-449e-8d77-e1731191e658
2018-11-13 00:03:19,468 38969  INFO  [e31942] Doing some complicated stuff.. Random numbers are: 1214778935, 1427506439, 1174340943.
2018-11-13 00:03:19,471 38972  INFO  [e570f7] Finished processing user request with id = e570f71c-914f-4c1b-b823-5fe8d9fc1ac4 in 00:00:00.0231153.
2018-11-13 00:03:19,483 38984  INFO  [e31942] Here's some useful guids:
		fcb6740d-8395-4f95-bb1d-b9ab6ccd4387
		a5640b1c-84ad-41be-8c00-3cd721d2379d
2018-11-13 00:03:19,502 39003  INFO  [8b4127] Started processing user request. Id = 8b412762-adaa-4cec-9d2c-c904567fdf01. Size = 92.06 KB.
2018-11-13 00:03:19,507 39009  INFO  [8b4127] Doing some complicated stuff.. Random numbers are: 2094544205, 623042481, 148773798.
2018-11-13 00:03:19,509 39011  INFO  [e31942] Finished processing user request with id = e319422e-08db-4d20-974d-6362407762ed in 00:00:00.0594479.
2018-11-13 00:03:19,523 39024  INFO  [823f85] Started processing user request. Id = 823f8515-60bc-4041-a462-1bee02fde796. Size = 89.66 KB.
2018-11-13 00:03:19,525 39026  INFO  [d448c1] Started processing user request. Id = d448c191-9e53-4e17-83e5-ee582f48f114. Size = 5.17 KB.
2018-11-13 00:03:19,533 39034  INFO  [d448c1] Doing some complicated stuff.. Random numbers are: 601521271, 2056596189, 567242229.
2018-11-13 00:03:19,534 39035  INFO  [8b4127] Finished processing user request with id = 8b412762-adaa-4cec-9d2c-c904567fdf01 in 00:00:00.0317359.
2018-11-13 00:03:19,540 39041  INFO  [823f85] Doing some complicated stuff.. Random numbers are: 13025217, 1845763588, 1261394715.
2018-11-13 00:03:19,558 39060  INFO  [BackgroundDaemon] Starting iteration #15534.
2018-11-13 00:03:19,562 39063  INFO  [d448c1] Here's some useful guids:
		5da8e743-31e2-4db8-88ab-4523ca503a9a
		adacd9e4-4ac6-4b84-8a0d-696339fab435
		cae5ae72-3535-47b5-a2c0-e395c07fac63
		42863beb-1ebf-4ac8-ab12-4c995a25480c
2018-11-13 00:03:19,565 39066  INFO  [2a96b8] Started processing user request. Id = 2a96b818-c1dc-4831-9864-79fc2fa04435. Size = 37.38 KB.
2018-11-13 00:03:19,570 39071  INFO  [2a96b8] Doing some complicated stuff.. Random numbers are: 1758397707, 855449416, 1221209011.
2018-11-13 00:03:19,572 39073  INFO  [823f85] Finished processing user request with id = 823f8515-60bc-4041-a462-1bee02fde796 in 00:00:00.0492666.
2018-11-13 00:03:19,586 39087  INFO  [959a85] Started processing user request. Id = 959a859f-71b9-4066-8044-83b3c7d5a92a. Size = 22.59 KB.
2018-11-13 00:03:19,588 39089  INFO  [959a85] Doing some complicated stuff.. Random numbers are: 1463623438, 560125354, 429858578.
2018-11-13 00:03:19,589 39090  INFO  [d448c1] Finished processing user request with id = d448c191-9e53-4e17-83e5-ee582f48f114 in 00:00:00.0640818.
2018-11-13 00:03:19,599 39100  INFO  [959a85] Here's some useful guids:
		61b80fc0-bc39-458d-b055-737c6c3fcca6
		190e1b5f-09ce-47fc-9ae4-fae8ebe4fd57
		940adb77-4da1-4617-8833-27c01f358ad1
2018-11-13 00:03:19,602 39103  INFO  [2a96b8] Here's some useful guids:
		6fca66ee-2f1a-4af9-9ae1-a5c21a7c7835
		d2d1260c-3075-4d3d-92da-7ec10d8a2cda
		73106942-cfad-4558-ac96-f3c77e2f43a8
		d22538c3-186b-41a1-9d4f-a0fb9f92326e
		a2595d5d-33b0-4bb6-8ac5-113e48b196b0
2018-11-13 00:03:19,612 39113  INFO  [959a85] Finished processing user request with id = 959a859f-71b9-4066-8044-83b3c7d5a92a in 00:00:00.0261495.
2018-11-13 00:03:19,626 39127  INFO  [bef4d0] Started processing user request. Id = bef4d0a8-c60a-49fe-8341-9dbc7b45ae70. Size = 39.39 KB.
2018-11-13 00:03:19,627 39128  INFO  [2a96b8] Finished processing user request with id = 2a96b818-c1dc-4831-9864-79fc2fa04435 in 00:00:00.0619672.
2018-11-13 00:03:19,629 39130  INFO  [bef4d0] Doing some complicated stuff.. Random numbers are: 1747676761, 1535264005, 253269378.
2018-11-13 00:03:19,633 39134  INFO  [BackgroundDaemon] Processing data (18% completed)..
2018-11-13 00:03:19,643 39144  INFO  [bef4d0] Here's some useful guids:
		f17d85ee-cb2c-4a27-9c57-cee1b5daf3ad
		66438107-eca0-42f2-8063-7e8cad8d6166
2018-11-13 00:03:19,651 39152  INFO  [bef4d0] Finished processing user request with id = bef4d0a8-c60a-49fe-8341-9dbc7b45ae70 in 00:00:00.0249762.
2018-11-13 00:03:19,659 39160  INFO  [a5dbc8] Started processing user request. Id = a5dbc8ea-0ab8-4b2c-bde6-57c4b9e79cc9. Size = 43.27 KB.
2018-11-13 00:03:19,664 39165  INFO  [4f8aec] Started processing user request. Id = 4f8aecba-cad0-405e-8fc3-6986ab8fb2bf. Size = 13.39 KB.
2018-11-13 00:03:19,672 39173  INFO  [a5dbc8] Doing some complicated stuff.. Random numbers are: 436829249, 1123763414, 1907506886.
2018-11-13 00:03:19,676 39177  INFO  [4f8aec] Doing some complicated stuff.. Random numbers are: 1941442975, 129631378, 1011813992.
2018-11-13 00:03:19,687 39188  INFO  [BackgroundDaemon] Processing data (24% completed)..
2018-11-13 00:03:19,720 39221  INFO  [BackgroundDaemon] Processing data (62% completed)..
2018-11-13 00:03:19,720 39221  INFO  [BackgroundDaemon] Finished iteration in 00:00:00.1618873.
2018-11-13 00:03:19,721 39222  INFO  [4f8aec] Finished processing user request with id = 4f8aecba-cad0-405e-8fc3-6986ab8fb2bf in 00:00:00.0571873.
2018-11-13 00:03:19,734 39235  INFO  [a5dbc8] Finished processing user request with id = a5dbc8ea-0ab8-4b2c-bde6-57c4b9e79cc9 in 00:00:00.0751778.
2018-11-13 00:03:19,735 39236  INFO  [d24e8b] Started processing user request. Id = d24e8b55-1eb1-4569-8919-ee486cbac1e3. Size = 67.16 KB.
2018-11-13 00:03:19,735 39236  INFO  [d24e8b] Doing some complicated stuff.. Random numbers are: 215314579, 4882101, 1982023789.
2018-11-13 00:03:19,755 39256  INFO  [d24e8b] Finished processing user request with id = d24e8b55-1eb1-4569-8919-ee486cbac1e3 in 00:00:00.0200708.
2018-11-13 00:03:19,756 39257  INFO  [7b711d] Started processing user request. Id = 7b711df7-be0c-4240-b692-364d3dc7f009. Size = 57.25 KB.
2018-11-13 00:03:19,762 39264  INFO  [7b711d] Doing some complicated stuff.. Random numbers are: 1750366858, 1803252355, 2105873845.
2018-11-13 00:03:19,765 39267  INFO  [d313a5] Started processing user request. Id = d313a50c-3735-4218-b945-d920d4baff96. Size = 46.45 KB.
2018-11-13 00:03:19,768 39269  INFO  [Metrics] Cpu: 4.97%; Memory: 19.79 GB/31.88 GB; Workers: 4/1024; IOCP: 0/1024
2018-11-13 00:03:19,769 39270  INFO  [941614] Started processing user request. Id = 941614bb-edf7-45b6-9780-84adae8a41ed. Size = 35.87 KB.
2018-11-13 00:03:19,778 39279  INFO  [d313a5] Doing some complicated stuff.. Random numbers are: 441172122, 68268408, 36078937.
2018-11-13 00:03:19,778 39279  INFO  [941614] Doing some complicated stuff.. Random numbers are: 912618435, 2008737458, 1885962241.
2018-11-13 00:03:19,785 39286  INFO  [d313a5] Here's some useful guids:
		ed88d320-75d7-49b4-8eb8-95d5704bfa4c
		1abeac53-6741-42eb-9df5-0cb8f594abc6
		84bffa13-98e8-460d-9807-87b26914cba3
2018-11-13 00:03:19,800 39301  INFO  [941614] Here's some useful guids:
		8091ad12-9673-4caa-a8ba-9f3263826bd9
		54c7f746-0eb5-4240-80aa-b7d3d551b077
		bab8bcbb-bd78-4eab-a727-b98ba4a60163
2018-11-13 00:03:19,803 39304  INFO  [941614] Finished processing user request with id = 941614bb-edf7-45b6-9780-84adae8a41ed in 00:00:00.0344071.
2018-11-13 00:03:19,806 39308  INFO  [d313a5] Finished processing user request with id = d313a50c-3735-4218-b945-d920d4baff96 in 00:00:00.0409694.
2018-11-13 00:03:19,811 39312  ERROR [7b711d] 
System.InvalidOperationException: Oh no! An error occurred!
2018-11-13 00:03:19,817 39318  INFO  [46245a] Started processing user request. Id = 46245a1d-c0a2-445b-bc72-be065a7aecf8. Size = 87.16 KB.
2018-11-13 00:03:19,827 39328  INFO  [46245a] Doing some complicated stuff.. Random numbers are: 953668373, 870962696, 1569728540.
2018-11-13 00:03:19,838 39339  INFO  [dff7c7] Started processing user request. Id = dff7c79f-8c60-47a7-a5bc-d9a2bdbddaa1. Size = 85.59 KB.
2018-11-13 00:03:19,843 39344  INFO  [dff7c7] Doing some complicated stuff.. Random numbers are: 1832335438, 1559330269, 1320262799.
2018-11-13 00:03:19,845 39346  INFO  [46245a] Here's some useful guids:
		683eb757-9048-4cd2-917c-8df10e74c1dc
		36d580fe-ba47-4c01-ab3e-ae8ecca3b3d1
		48a0c5c2-b8a9-4f8b-bd17-e21f8d0eed0a
		1ba7a713-d92c-4203-9462-98178d9250d3
2018-11-13 00:03:19,850 39351  INFO  [46245a] Finished processing user request with id = 46245a1d-c0a2-445b-bc72-be065a7aecf8 in 00:00:00.0326075.
2018-11-13 00:03:19,863 39364  INFO  [ee7982] Started processing user request. Id = ee7982ba-66da-4945-b17a-b79792900e77. Size = 77.5 KB.
2018-11-13 00:03:19,873 39374  INFO  [ee7982] Doing some complicated stuff.. Random numbers are: 1231411283, 991354933, 325155980.
2018-11-13 00:03:19,891 39392  INFO  [dff7c7] Finished processing user request with id = dff7c79f-8c60-47a7-a5bc-d9a2bdbddaa1 in 00:00:00.0530375.
2018-11-13 00:03:19,913 39414  INFO  [ee7982] Finished processing user request with id = ee7982ba-66da-4945-b17a-b79792900e77 in 00:00:00.0499065.
2018-11-13 00:03:19,921 39422  INFO  [BackgroundDaemon] Starting iteration #15535.
2018-11-13 00:03:19,922 39423  INFO  [3e669f] Started processing user request. Id = 3e669ffc-e66c-45ba-a98e-f63a954058ac. Size = 73.91 KB.
2018-11-13 00:03:19,926 39427  INFO  [8983b7] Started processing user request. Id = 8983b7a2-d83c-40d1-99a9-7a50f2dc11a3. Size = 87.43 KB.
2018-11-13 00:03:19,937 39438  INFO  [8983b7] Doing some complicated stuff.. Random numbers are: 502457520, 1945560683, 1113642101.
2018-11-13 00:03:19,939 39440  INFO  [3e669f] Doing some complicated stuff.. Random numbers are: 1937474112, 612597343, 1064669511.
2018-11-13 00:03:19,944 39445  INFO  [8983b7] Finished processing user request with id = 8983b7a2-d83c-40d1-99a9-7a50f2dc11a3 in 00:00:00.0178509.
2018-11-13 00:03:19,957 39458  INFO  [abaca2] Started processing user request. Id = abaca257-999e-40c0-9d1a-ffa549db8899. Size = 68.5 KB.
2018-11-13 00:03:19,964 39465  INFO  [abaca2] Doing some complicated stuff.. Random numbers are: 1221185226, 2023936286, 1185119730.
2018-11-13 00:03:19,970 39471  INFO  [BackgroundDaemon] Processing data (1% completed)..
2018-11-13 00:03:19,973 39474  INFO  [3e669f] Here's some useful guids:
		8059d768-cf3c-446f-81df-b367bd9aaec5
		aa17b4a0-b386-4bee-9c7d-08920b1eddd8
		3f7f3f8b-3677-4430-9e58-346be99ce070
		df1dba13-a178-4ef0-a1d1-901ae871d042
2018-11-13 00:03:19,978 39479  INFO  [b366a0] Started processing user request. Id = b366a0a4-76c3-4c92-870c-281d759b8ebf. Size = 22.03 KB.
2018-11-13 00:03:19,983 39484  INFO  [b366a0] Doing some complicated stuff.. Random numbers are: 1525606971, 1660889256, 712285331.
2018-11-13 00:03:19,995 39496  INFO  [3e669f] Finished processing user request with id = 3e669ffc-e66c-45ba-a98e-f63a954058ac in 00:00:00.0732124.
2018-11-13 00:03:20,008 39509  INFO  [abaca2] Finished processing user request with id = abaca257-999e-40c0-9d1a-ffa549db8899 in 00:00:00.0511422.
2018-11-13 00:03:20,011 39512  INFO  [b366a0] Finished processing user request with id = b366a0a4-76c3-4c92-870c-281d759b8ebf in 00:00:00.0332104.
2018-11-13 00:03:20,022 39523  INFO  [395f49] Started processing user request. Id = 395f4947-0bba-4f70-92ff-3cc43545a63f. Size = 60.17 KB.
2018-11-13 00:03:20,027 39528  INFO  [96abbf] Started processing user request. Id = 96abbfee-4c11-4e4b-8c56-e6e6bf461c71. Size = 8.55 KB.
2018-11-13 00:03:20,030 39531  INFO  [395f49] Doing some complicated stuff.. Random numbers are: 1221922937, 1485784414, 1123364179.
2018-11-13 00:03:20,034 39535  INFO  [BackgroundDaemon] Processing data (29% completed)..
2018-11-13 00:03:20,036 39537  INFO  [96abbf] Doing some complicated stuff.. Random numbers are: 249934513, 452330447, 447903982.
2018-11-13 00:03:20,051 39553  INFO  [96abbf] Finished processing user request with id = 96abbfee-4c11-4e4b-8c56-e6e6bf461c71 in 00:00:00.0241566.
2018-11-13 00:03:20,083 39584  INFO  [0fe6d7] Started processing user request. Id = 0fe6d7de-9e8c-4029-9bb1-65dbd07a4c13. Size = 78.71 KB.
2018-11-13 00:03:20,085 39586  INFO  [395f49] Finished processing user request with id = 395f4947-0bba-4f70-92ff-3cc43545a63f in 00:00:00.0630827.
2018-11-13 00:03:20,088 39589  INFO  [0fe6d7] Doing some complicated stuff.. Random numbers are: 815959194, 628941953, 1476693712.
2018-11-13 00:03:20,098 39599  INFO  [7693b1] Started processing user request. Id = 7693b192-32cb-4515-8f71-7c814556d854. Size = 81.36 KB.
2018-11-13 00:03:20,100 39601  INFO  [BackgroundDaemon] Processing data (67% completed)..
2018-11-13 00:03:20,100 39601  INFO  [BackgroundDaemon] Finished iteration in 00:00:00.1792245.
2018-11-13 00:03:20,104 39605  INFO  [0fe6d7] Finished processing user request with id = 0fe6d7de-9e8c-4029-9bb1-65dbd07a4c13 in 00:00:00.0210150.
2018-11-13 00:03:20,118 39619  INFO  [7693b1] Doing some complicated stuff.. Random numbers are: 1683581478, 259584255, 1552856067.
2018-11-13 00:03:20,126 39627  INFO  [7693b1] Here's some useful guids:
		cdef02e5-48cf-4915-b9e1-37580f338186
		d7b5aa4c-fb65-43e2-b1d4-913dc001fb30
2018-11-13 00:03:20,135 39637  INFO  [2a9554] Started processing user request. Id = 2a95540e-e9ee-402a-9c52-88c98cf60958. Size = 91.31 KB.
2018-11-13 00:03:20,145 39646  INFO  [7693b1] Finished processing user request with id = 7693b192-32cb-4515-8f71-7c814556d854 in 00:00:00.0466233.
2018-11-13 00:03:20,147 39648  INFO  [2a9554] Doing some complicated stuff.. Random numbers are: 2008888570, 325082870, 42385642.
2018-11-13 00:03:20,158 39659  INFO  [13fa8f] Started processing user request. Id = 13fa8fe2-27ab-48d5-97ee-b61eee6c20c0. Size = 60.84 KB.
2018-11-13 00:03:20,160 39661  INFO  [2a9554] Here's some useful guids:
		65484797-165d-4ea2-871f-a9c695a3e6c2
		0ba67936-fa36-4f37-b731-cd6d893c89bb
		b6680a21-479c-409a-a23d-3253e4b6696f
		044945cf-84cc-4760-887a-691a98268dee
		3ae78c9d-8a75-4939-8e60-b25674ac55d2
2018-11-13 00:03:20,177 39678  INFO  [13fa8f] Doing some complicated stuff.. Random numbers are: 811961295, 1867820282, 620535720.
2018-11-13 00:03:20,178 39679  INFO  [2a9554] Finished processing user request with id = 2a95540e-e9ee-402a-9c52-88c98cf60958 in 00:00:00.0426753.
2018-11-13 00:03:20,179 39680  INFO  [94feac] Started processing user request. Id = 94feacb7-4e77-482d-b8e4-88f31a8ce641. Size = 54.75 KB.
2018-11-13 00:03:20,195 39696  INFO  [94feac] Doing some complicated stuff.. Random numbers are: 1012227627, 351031206, 1142487767.
2018-11-13 00:03:20,203 39704  INFO  [13fa8f] Finished processing user request with id = 13fa8fe2-27ab-48d5-97ee-b61eee6c20c0 in 00:00:00.0444949.
2018-11-13 00:03:20,210 39711  INFO  [ab062f] Started processing user request. Id = ab062f81-35ad-406e-833a-9749eeaa1bff. Size = 69.65 KB.
2018-11-13 00:03:20,213 39714  INFO  [ab062f] Doing some complicated stuff.. Random numbers are: 1738941206, 1198002845, 975109385.
2018-11-13 00:03:20,216 39717  INFO  [7c1fb3] Started processing user request. Id = 7c1fb35c-fd28-404a-bcb4-222985e7c18d. Size = 83.15 KB.
2018-11-13 00:03:20,235 39737  INFO  [7c1fb3] Doing some complicated stuff.. Random numbers are: 81921383, 1480743197, 788183267.
2018-11-13 00:03:20,244 39746  INFO  [ab062f] Finished processing user request with id = ab062f81-35ad-406e-833a-9749eeaa1bff in 00:00:00.0349285.
2018-11-13 00:03:20,246 39748  INFO  [94feac] Finished processing user request with id = 94feacb7-4e77-482d-b8e4-88f31a8ce641 in 00:00:00.0673777.
2018-11-13 00:03:20,256 39757  INFO  [7c1fb3] Here's some useful guids:
		d4f9a875-79a2-491e-8d6f-1cc7a7ad091b
		d742b7a2-1f72-40da-a039-00a4eacf480a
		4115cb35-a634-427e-8fc4-57f8a0629551
		4b444c84-8a9f-4953-808b-d834c887068b
		20b86da5-7370-42c5-8b63-d54242248bac
2018-11-13 00:03:20,267 39768  INFO  [Metrics] Cpu: 0.80%; Memory: 19.79 GB/31.88 GB; Workers: 4/1024; IOCP: 0/1024
2018-11-13 00:03:20,272 39773  INFO  [7c1fb3] Finished processing user request with id = 7c1fb35c-fd28-404a-bcb4-222985e7c18d in 00:00:00.0560568.
2018-11-13 00:03:20,276 39777  INFO  [737094] Started processing user request. Id = 7370942c-5d77-4a10-865c-3297f0f3d3d7. Size = 5.32 KB.
2018-11-13 00:03:20,285 39786  INFO  [44d37d] Started processing user request. Id = 44d37dbd-57b2-490d-89c3-2334996973ce. Size = 1.44 KB.
2018-11-13 00:03:20,288 39789  INFO  [737094] Doing some complicated stuff.. Random numbers are: 1028476139, 1324669060, 885729900.
2018-11-13 00:03:20,295 39796  INFO  [44d37d] Doing some complicated stuff.. Random numbers are: 213674726, 1467869222, 452218514.
2018-11-13 00:03:20,297 39798  INFO  [44d37d] Here's some useful guids:
		3d7f72b7-2936-4bf3-8e91-3f3f7d8ba5c4
		bfa48136-2ad3-4235-bdd1-9602ff9cb245
		f0c9e25f-97e2-4420-8f1d-107bcd6a5786
2018-11-13 00:03:20,301 39802  INFO  [BackgroundDaemon] Starting iteration #15536.
2018-11-13 00:03:20,307 39808  INFO  [737094] Here's some useful guids:
		a7a810a3-61d7-42f1-a46b-fe114084744c
		1b528d0d-2b5d-4475-b853-fbad2e9874ba
2018-11-13 00:03:20,314 39815  INFO  [44d37d] Finished processing user request with id = 44d37dbd-57b2-490d-89c3-2334996973ce in 00:00:00.0287228.
2018-11-13 00:03:20,318 39819  INFO  [737094] Finished processing user request with id = 7370942c-5d77-4a10-865c-3297f0f3d3d7 in 00:00:00.0421964.
2018-11-13 00:03:20,327 39828  INFO  [2bb275] Started processing user request. Id = 2bb27596-7e1a-4c75-a980-2c5fc0192784. Size = 37.11 KB.
2018-11-13 00:03:20,336 39838  INFO  [BackgroundDaemon] Processing data (6% completed)..
2018-11-13 00:03:20,337 39839  INFO  [2bb275] Doing some complicated stuff.. Random numbers are: 736687677, 1974501733, 253313417.
2018-11-13 00:03:20,344 39845  INFO  [2bb275] Here's some useful guids:
		eaa38e68-aac0-4e8e-a443-421b48dea40a
		66f8b6ed-2af3-4dc7-a069-81763cc4d885
2018-11-13 00:03:20,350 39851  INFO  [9eb504] Started processing user request. Id = 9eb504f1-7e02-4896-997b-20df32f26218. Size = 21.06 KB.
2018-11-13 00:03:20,358 39859  INFO  [2bb275] Finished processing user request with id = 2bb27596-7e1a-4c75-a980-2c5fc0192784 in 00:00:00.0305629.
2018-11-13 00:03:20,369 39870  INFO  [9eb504] Doing some complicated stuff.. Random numbers are: 1146942474, 1700351767, 1330114915.
2018-11-13 00:03:20,371 39872  INFO  [ebe3eb] Started processing user request. Id = ebe3eb28-1e78-4155-820a-2ba57f2ad39b. Size = 64.96 KB.
2018-11-13 00:03:20,382 39883  INFO  [ebe3eb] Doing some complicated stuff.. Random numbers are: 2010969141, 1619079123, 2121397803.
2018-11-13 00:03:20,397 39898  INFO  [9eb504] Here's some useful guids:
		e60c6ba0-0e8d-43ee-b7e7-df5f1c3a1b46
		849b9bc8-3cbc-4d99-89aa-5092c9f4eda3
		e6e0e3de-ecc6-4e4c-9799-5d6bea489633
		7bcc500b-79e5-4c3d-bc9e-6171eb33ca6a
		22f6a585-0b41-40c6-add9-f0059ee69007
2018-11-13 00:03:20,414 39915  INFO  [2374ac] Started processing user request. Id = 2374ac0d-c058-43d6-8e6d-de409dcfb60f. Size = 22.69 KB.
2018-11-13 00:03:20,423 39924  INFO  [2374ac] Doing some complicated stuff.. Random numbers are: 1652300777, 529702067, 1559047787.
2018-11-13 00:03:20,423 39924  INFO  [ebe3eb] Finished processing user request with id = ebe3eb28-1e78-4155-820a-2ba57f2ad39b in 00:00:00.0522912.
2018-11-13 00:03:20,425 39926  INFO  [9eb504] Finished processing user request with id = 9eb504f1-7e02-4896-997b-20df32f26218 in 00:00:00.0753933.
2018-11-13 00:03:20,430 39931  INFO  [BackgroundDaemon] Processing data (32% completed)..
2018-11-13 00:03:20,436 39937  INFO  [3544b8] Started processing user request. Id = 3544b851-c4a7-4fed-90fc-7fbeae849505. Size = 59.25 KB.
2018-11-13 00:03:20,447 39948  INFO  [3544b8] Doing some complicated stuff.. Random numbers are: 555648383, 1833089054, 21079848.
2018-11-13 00:03:20,456 39957  INFO  [322725] Started processing user request. Id = 322725c5-7c98-4464-9887-05c763543fac. Size = 77.49 KB.
2018-11-13 00:03:20,456 39957  INFO  [322725] Doing some complicated stuff.. Random numbers are: 769920146, 1451967745, 1433756987.
2018-11-13 00:03:20,467 39968  INFO  [2374ac] Finished processing user request with id = 2374ac0d-c058-43d6-8e6d-de409dcfb60f in 00:00:00.0529982.
2018-11-13 00:03:20,472 39973  INFO  [3544b8] Here's some useful guids:
		795bc377-6c1a-4fe6-8f7a-994be09527f2
		0b074095-1232-422c-a5f0-9c7dc5ccf931
		9bb53619-cd11-4d5c-8552-b7fe4c524326
2018-11-13 00:03:20,475 39976  INFO  [322725] Here's some useful guids:
		ed0a9fde-23c1-4816-aecf-92a5ca923811
		80513a71-1a2d-41d1-be44-92207b90fd64
		bf6bc0ea-267f-435d-89c2-2e01f9b4c285
		cc164011-acd0-47d1-9615-1529c56d014b
		5eae6102-6afa-4337-8510-dbbfae76f7d9
2018-11-13 00:03:20,480 39981  INFO  [3544b8] Finished processing user request with id = 3544b851-c4a7-4fed-90fc-7fbeae849505 in 00:00:00.0434536.
2018-11-13 00:03:20,482 39983  INFO  [BackgroundDaemon] Processing data (53% completed)..
2018-11-13 00:03:20,482 39983  INFO  [BackgroundDaemon] Finished iteration in 00:00:00.1813289.
2018-11-13 00:03:20,494 39995  INFO  [660504] Started processing user request. Id = 66050455-74e9-4c47-b89b-9847f58f2fcd. Size = 82.21 KB.
2018-11-13 00:03:20,496 39997  ERROR [322725] 
System.InvalidOperationException: Oh no! An error occurred!
2018-11-13 00:03:20,497 39998  INFO  [660504] Doing some complicated stuff.. Random numbers are: 1316223927, 813918585, 362536355.
2018-11-13 00:03:20,523 40024  INFO  [660504] Here's some useful guids:
		798b93ca-10e5-42d2-9b4d-99ede24f8660
		b89d1962-0157-4c16-b915-de64aa779078
		248b5009-14f8-4281-97c1-6127ce3046c3
		f8fc2571-cce3-475e-9c92-11aee6bb84a5
2018-11-13 00:03:20,527 40028  INFO  [660504] Finished processing user request with id = 66050455-74e9-4c47-b89b-9847f58f2fcd in 00:00:00.0335154.
2018-11-13 00:03:20,527 40028  INFO  [0bea65] Started processing user request. Id = 0bea65f3-0bb7-44a9-b9a8-ace2da5659ac. Size = 54.06 KB.
2018-11-13 00:03:20,529 40030  INFO  [0bea65] Doing some complicated stuff.. Random numbers are: 602763469, 442272515, 35255350.
2018-11-13 00:03:20,541 40042  INFO  [260c3e] Started processing user request. Id = 260c3e15-53a0-48ff-bdad-8c52dd0169a2. Size = 19.88 KB.
2018-11-13 00:03:20,546 40047  INFO  [260c3e] Doing some complicated stuff.. Random numbers are: 2106559745, 928356461, 586271111.
2018-11-13 00:03:20,567 40068  INFO  [0bea65] Here's some useful guids:
		ed53c233-ede0-46c2-9479-6be391f81843
		9a037b05-b441-4626-99d2-645438508dc4
		6194709a-b55c-47e8-9008-bbf129ba0273
		08c6b9ea-8b3f-4625-b86b-e126fe630469
		05864c53-befd-4efb-8038-02734e12cfab
2018-11-13 00:03:20,568 40069  INFO  [260c3e] Here's some useful guids:
		f028a648-a822-4f38-92f5-312af9e5cd37
		2efe5277-5cee-4d64-8212-1c9dd0890860
		290d1be5-283e-4f33-9c3c-f94fd82ea417
2018-11-13 00:03:20,579 40080  INFO  [260c3e] Finished processing user request with id = 260c3e15-53a0-48ff-bdad-8c52dd0169a2 in 00:00:00.0380311.
2018-11-13 00:03:20,583 40084  INFO  [0bea65] Finished processing user request with id = 0bea65f3-0bb7-44a9-b9a8-ace2da5659ac in 00:00:00.0554419.
2018-11-13 00:03:20,593 40094  INFO  [c2e11e] Started processing user request. Id = c2e11e3a-d7bf-479d-8cba-05392a38fe3d. Size = 38.32 KB.
2018-11-13 00:03:20,597 40098  INFO  [c2e11e] Doing some complicated stuff.. Random numbers are: 1948123284, 302421, 2090293708.
2018-11-13 00:03:20,601 40102  INFO  [c2e11e] Here's some useful guids:
		df575c3e-4476-48ba-92dd-7863e7bcdce5
		bed7ba44-d527-408e-8ceb-e0bed2e753f1
		a880e97a-d5f4-4978-aeba-d822a46a5600
		2a281c50-0475-4a67-aa6b-b627ae974dbd
2018-11-13 00:03:20,611 40112  INFO  [c2e11e] Finished processing user request with id = c2e11e3a-d7bf-479d-8cba-05392a38fe3d in 00:00:00.0183315.
2018-11-13 00:03:20,614 40115  INFO  [262bf5] Started processing user request. Id = 262bf5f5-10b4-4a4d-990c-dd534d79b5e5. Size = 97.99 KB.
2018-11-13 00:03:20,625 40126  INFO  [335c7d] Started processing user request. Id = 335c7d4e-cc35-48bf-aed3-5582a09d24a4. Size = 94.57 KB.
2018-11-13 00:03:20,633 40134  INFO  [262bf5] Doing some complicated stuff.. Random numbers are: 1737594691, 722248845, 765589632.
2018-11-13 00:03:20,635 40136  INFO  [4cc5c7] Started processing user request. Id = 4cc5c766-556e-443c-b89c-58e9556defe9. Size = 60.79 KB.
2018-11-13 00:03:20,635 40136  INFO  [4cc5c7] Doing some complicated stuff.. Random numbers are: 1774440204, 1823426950, 1838883734.
2018-11-13 00:03:20,638 40139  INFO  [335c7d] Doing some complicated stuff.. Random numbers are: 156093447, 144779502, 1421458715.
2018-11-13 00:03:20,645 40146  INFO  [335c7d] Here's some useful guids:
		6020dd80-e057-4414-9ee0-24e4697336c3
2018-11-13 00:03:20,648 40149  INFO  [262bf5] Here's some useful guids:
		069af178-1ccd-45d3-9b66-988db94d96d0
		8472814b-de90-4312-9876-ab7b576753cc
2018-11-13 00:03:20,654 40155  INFO  [262bf5] Finished processing user request with id = 262bf5f5-10b4-4a4d-990c-dd534d79b5e5 in 00:00:00.0400363.
2018-11-13 00:03:20,668 40169  INFO  [335c7d] Finished processing user request with id = 335c7d4e-cc35-48bf-aed3-5582a09d24a4 in 00:00:00.0430697.
2018-11-13 00:03:20,681 40183  INFO  [7aed19] Started processing user request. Id = 7aed195c-cd62-4e97-a818-dff29bc52695. Size = 66.39 KB.
2018-11-13 00:03:20,682 40184  INFO  [BackgroundDaemon] Starting iteration #15537.
2018-11-13 00:03:20,685 40187  INFO  [7aed19] Doing some complicated stuff.. Random numbers are: 1443504926, 1508057819, 460456158.
2018-11-13 00:03:20,685 40187  INFO  [d73e8c] Started processing user request. Id = d73e8c80-adf6-4549-8c21-dac8da1fbec1. Size = 30.23 KB.
2018-11-13 00:03:20,689 40191  INFO  [4cc5c7] Finished processing user request with id = 4cc5c766-556e-443c-b89c-58e9556defe9 in 00:00:00.0544706.
2018-11-13 00:03:20,704 40206  INFO  [d73e8c] Doing some complicated stuff.. Random numbers are: 1460228073, 1308787988, 2074971069.
2018-11-13 00:03:20,706 40208  INFO  [d73e8c] Here's some useful guids:
		ba1b6c99-f1e1-47e3-a39d-9270628288b6
		45f442a0-3b50-42e0-a7c0-652514b3c644
		1a439188-fe07-4531-95e2-0d01eb0210f4
		94a81351-1dba-4c32-bf22-a6e2aa14c76d
		8d0b4a5b-f6c9-463e-922f-4d7e215ecb8a
2018-11-13 00:03:20,709 40211  INFO  [BackgroundDaemon] Processing data (15% completed)..
2018-11-13 00:03:20,727 40229  INFO  [7aed19] Finished processing user request with id = 7aed195c-cd62-4e97-a818-dff29bc52695 in 00:00:00.0459913.
2018-11-13 00:03:20,735 40236  ERROR [d73e8c] 
System.InvalidOperationException: Oh no! An error occurred!
2018-11-13 00:03:20,741 40242  INFO  [388c54] Started processing user request. Id = 388c5421-8983-40f1-81be-86516387981c. Size = 46.39 KB.
2018-11-13 00:03:20,745 40246  INFO  [388c54] Doing some complicated stuff.. Random numbers are: 1269144823, 375461170, 1173169278.
2018-11-13 00:03:20,767 40268  INFO  [d9f8a6] Started processing user request. Id = d9f8a64e-9fdc-4ed5-8f47-f431dd55dce1. Size = 41.2 KB.
2018-11-13 00:03:20,767 40268  INFO  [Metrics] Cpu: 0.80%; Memory: 19.79 GB/31.88 GB; Workers: 4/1024; IOCP: 0/1024
2018-11-13 00:03:20,767 40268  INFO  [d9f8a6] Doing some complicated stuff.. Random numbers are: 1569593938, 960402685, 2067871601.
2018-11-13 00:03:20,783 40284  INFO  [388c54] Finished processing user request with id = 388c5421-8983-40f1-81be-86516387981c in 00:00:00.0420199.
2018-11-13 00:03:20,783 40284  INFO  [d9f8a6] Finished processing user request with id = d9f8a64e-9fdc-4ed5-8f47-f431dd55dce1 in 00:00:00.0160049.
2018-11-13 00:03:20,784 40285  INFO  [BackgroundDaemon] Processing data (29% completed)..
2018-11-13 00:03:20,796 40298  INFO  [962891] Started processing user request. Id = 9628913f-fb6f-4c73-9dc0-500c6fc42901. Size = 39.81 KB.
2018-11-13 00:03:20,796 40298  INFO  [962891] Doing some complicated stuff.. Random numbers are: 1192076908, 1351086322, 688205881.
2018-11-13 00:03:20,815 40316  INFO  [e199e8] Started processing user request. Id = e199e813-0d82-4b34-a690-05db00102aff. Size = 66.38 KB.
2018-11-13 00:03:20,820 40321  INFO  [e199e8] Doing some complicated stuff.. Random numbers are: 374192945, 611220842, 597034618.
2018-11-13 00:03:20,845 40346  INFO  [BackgroundDaemon] Processing data (73% completed)..
2018-11-13 00:03:20,845 40346  INFO  [BackgroundDaemon] Finished iteration in 00:00:00.1622369.
2018-11-13 00:03:20,845 40346  INFO  [e199e8] Finished processing user request with id = e199e813-0d82-4b34-a690-05db00102aff in 00:00:00.0300342.
2018-11-13 00:03:20,846 40347  INFO  [962891] Finished processing user request with id = 9628913f-fb6f-4c73-9dc0-500c6fc42901 in 00:00:00.0492112.
2018-11-13 00:03:20,857 40358  INFO  [dbb3b8] Started processing user request. Id = dbb3b8d6-6d7b-490e-992e-740515e1a891. Size = 33.59 KB.
2018-11-13 00:03:20,860 40361  INFO  [0d6ca7] Started processing user request. Id = 0d6ca70c-0659-445b-9d2b-5c31c645e92b. Size = 89.66 KB.
2018-11-13 00:03:20,868 40369  INFO  [dbb3b8] Doing some complicated stuff.. Random numbers are: 2036719587, 959601836, 837003420.
2018-11-13 00:03:20,875 40376  INFO  [0d6ca7] Doing some complicated stuff.. Random numbers are: 216776025, 1048372775, 557543851.
2018-11-13 00:03:20,876 40377  INFO  [f48525] Started processing user request. Id = f485259d-15f5-4701-a09e-7e5d077a26ef. Size = 31.37 KB.
2018-11-13 00:03:20,882 40384  INFO  [f48525] Doing some complicated stuff.. Random numbers are: 623082196, 1495267596, 1722034920.
2018-11-13 00:03:20,885 40386  INFO  [dbb3b8] Here's some useful guids:
		39aeb7f6-7b64-4a70-90e7-26cb672131ec
		f722ff25-c40a-45ca-9cd1-72ea08f06afb
2018-11-13 00:03:20,889 40390  INFO  [dbb3b8] Finished processing user request with id = dbb3b8d6-6d7b-490e-992e-740515e1a891 in 00:00:00.0322189.
2018-11-13 00:03:20,906 40407  INFO  [0d6ca7] Here's some useful guids:
		83f784d3-5def-4bbd-904f-d4fdaac8cc46
2018-11-13 00:03:20,912 40413  INFO  [0d6ca7] Finished processing user request with id = 0d6ca70c-0659-445b-9d2b-5c31c645e92b in 00:00:00.0526407.
2018-11-13 00:03:20,926 40427  INFO  [34fe1c] Started processing user request. Id = 34fe1c77-89d4-4aea-90bf-8d84d6cd7c40. Size = 20.11 KB.
2018-11-13 00:03:20,933 40434  INFO  [f48525] Finished processing user request with id = f485259d-15f5-4701-a09e-7e5d077a26ef in 00:00:00.0571694.
2018-11-13 00:03:20,942 40443  INFO  [34fe1c] Doing some complicated stuff.. Random numbers are: 1228726802, 1278660549, 628990673.
2018-11-13 00:03:20,951 40452  INFO  [34fe1c] Finished processing user request with id = 34fe1c77-89d4-4aea-90bf-8d84d6cd7c40 in 00:00:00.0250915.
2018-11-13 00:03:20,965 40466  INFO  [cb5413] Started processing user request. Id = cb541362-f0df-42e6-bb47-f59060cc045f. Size = 65.88 KB.
2018-11-13 00:03:20,965 40466  INFO  [e29dbd] Started processing user request. Id = e29dbd4a-c347-4649-874f-d57abf1cdd98. Size = 46.05 KB.
2018-11-13 00:03:20,969 40470  INFO  [cb5413] Doing some complicated stuff.. Random numbers are: 2127233542, 1410530991, 1392915088.
2018-11-13 00:03:20,975 40476  INFO  [e29dbd] Doing some complicated stuff.. Random numbers are: 623490088, 140838455, 2085726239.
2018-11-13 00:03:20,977 40478  ERROR [cb5413] 
System.InvalidOperationException: Oh no! An error occurred!
2018-11-13 00:03:21,008 40509  INFO  [c9d72d] Started processing user request. Id = c9d72d26-a09e-42dd-ab43-671b56440584. Size = 19.28 KB.
2018-11-13 00:03:21,013 40514  INFO  [e29dbd] Finished processing user request with id = e29dbd4a-c347-4649-874f-d57abf1cdd98 in 00:00:00.0485904.
2018-11-13 00:03:21,015 40516  INFO  [c9d72d] Doing some complicated stuff.. Random numbers are: 801860891, 459320422, 1450414312.
2018-11-13 00:03:21,027 40528  INFO  [31d25a] Started processing user request. Id = 31d25ad4-ff7e-44cf-97e7-0cf679c7b95e. Size = 4.64 KB.
2018-11-13 00:03:21,043 40544  INFO  [31d25a] Doing some complicated stuff.. Random numbers are: 1872110863, 202462632, 1408698546.
2018-11-13 00:03:21,045 40546  INFO  [BackgroundDaemon] Starting iteration #15538.
2018-11-13 00:03:21,055 40556  INFO  [31d25a] Finished processing user request with id = 31d25ad4-ff7e-44cf-97e7-0cf679c7b95e in 00:00:00.0282600.
2018-11-13 00:03:21,056 40557  INFO  [9d2fdc] Started processing user request. Id = 9d2fdc94-c863-449b-b218-4b821be1628c. Size = 41.21 KB.
2018-11-13 00:03:21,064 40565  INFO  [c9d72d] Finished processing user request with id = c9d72d26-a09e-42dd-ab43-671b56440584 in 00:00:00.0555477.
2018-11-13 00:03:21,068 40569  INFO  [b9ad3e] Started processing user request. Id = b9ad3e6e-1708-4a1f-a931-c62f408551af. Size = 96.62 KB.
2018-11-13 00:03:21,071 40572  INFO  [9d2fdc] Doing some complicated stuff.. Random numbers are: 212739789, 2132884019, 448480493.
2018-11-13 00:03:21,085 40587  INFO  [b9ad3e] Doing some complicated stuff.. Random numbers are: 1707759961, 1951585187, 1131942196.
2018-11-13 00:03:21,089 40590  INFO  [9d2fdc] Here's some useful guids:
		ae14cf49-de5f-499b-a88f-7379cb9d75df
		85e59354-85c2-4da1-af10-8e04bcb66310
2018-11-13 00:03:21,095 40596  INFO  [b13c45] Started processing user request. Id = b13c459b-954f-47bb-8ba9-392780c3ff60. Size = 13.13 KB.
2018-11-13 00:03:21,096 40597  ERROR [9d2fdc] 
System.InvalidOperationException: Oh no! An error occurred!
2018-11-13 00:03:21,108 40609  INFO  [b9ad3e] Here's some useful guids:
		28decd9c-b97d-4b02-b165-4dc40120251a
		f11422b5-c986-4e1a-805f-49b06cd49773
		6cdb5ca5-b437-4f69-9823-412a2948950d
		c4cad570-8336-478c-8434-172ffca48735
		701e9a74-9576-4644-87fb-70345296020b
2018-11-13 00:03:21,108 40609  INFO  [b13c45] Doing some complicated stuff.. Random numbers are: 863193455, 387737556, 223514429.
2018-11-13 00:03:21,133 40634  INFO  [b9ad3e] Finished processing user request with id = b9ad3e6e-1708-4a1f-a931-c62f408551af in 00:00:00.0650191.
2018-11-13 00:03:21,140 40642  INFO  [b13c45] Here's some useful guids:
		242f1582-0ee8-420f-97af-365f8fb413b2
		fd093b8a-2923-4476-bd00-9b2df33faf32
		a58b949e-91dc-4ff5-9c97-f369a970f1dc
2018-11-13 00:03:21,141 40643  INFO  [BackgroundDaemon] Processing data (6% completed)..
2018-11-13 00:03:21,147 40648  INFO  [46218f] Started processing user request. Id = 46218fd9-9b83-4b7b-8101-3da9192b4e16. Size = 44.33 KB.
2018-11-13 00:03:21,152 40653  INFO  [46218f] Doing some complicated stuff.. Random numbers are: 1132837121, 987669197, 1365066861.
2018-11-13 00:03:21,160 40661  INFO  [b13c45] Finished processing user request with id = b13c459b-954f-47bb-8ba9-392780c3ff60 in 00:00:00.0648631.
2018-11-13 00:03:21,162 40663  INFO  [46218f] Here's some useful guids:
		fe517438-3ff7-4664-9e99-a8b5c6800914
		a58d8e21-df09-4bf5-9186-758d43135ff3
		de1d27ae-e7cb-427f-affe-0c834670a7b1
		d9565f3b-b5de-436f-a941-b46c076f017f
2018-11-13 00:03:21,181 40682  INFO  [46218f] Finished processing user request with id = 46218fd9-9b83-4b7b-8101-3da9192b4e16 in 00:00:00.0340174.
2018-11-13 00:03:21,192 40693  INFO  [6f6b4d] Started processing user request. Id = 6f6b4d45-dccc-4b20-ad59-ab5bef662eb8. Size = 71.01 KB.
2018-11-13 00:03:21,194 40695  INFO  [803bc8] Started processing user request. Id = 803bc851-889e-46b7-a693-4262cbf13f20. Size = 12.73 KB.
2018-11-13 00:03:21,196 40697  INFO  [803bc8] Doing some complicated stuff.. Random numbers are: 1024902112, 161613588, 1592716918.
2018-11-13 00:03:21,196 40697  INFO  [6f6b4d] Doing some complicated stuff.. Random numbers are: 2011085384, 1781088279, 744256321.
2018-11-13 00:03:21,226 40727  INFO  [BackgroundDaemon] Processing data (44% completed)..
2018-11-13 00:03:21,227 40728  INFO  [6f6b4d] Here's some useful guids:
		f4d1bb75-e4b7-451b-8d2f-46077b843f19
2018-11-13 00:03:21,234 40735  INFO  [803bc8] Here's some useful guids:
		bc24013e-0565-47e6-bb41-679584207d3f
		f668c722-a4fe-459f-a5de-acf732f1a8fb
		46fbe9c2-fd5f-4fbd-bd01-69498233e399
		b68b1b8a-a9b5-4245-9f19-fbd479177002
2018-11-13 00:03:21,238 40739  INFO  [803bc8] Finished processing user request with id = 803bc851-889e-46b7-a693-4262cbf13f20 in 00:00:00.0438383.
2018-11-13 00:03:21,251 40752  INFO  [6f6b4d] Finished processing user request with id = 6f6b4d45-dccc-4b20-ad59-ab5bef662eb8 in 00:00:00.0593638.
2018-11-13 00:03:21,252 40753  INFO  [d49c3f] Started processing user request. Id = d49c3f00-c0cd-44e3-b509-07caa749eb70. Size = 29.52 KB.
2018-11-13 00:03:21,258 40759  INFO  [BackgroundDaemon] Processing data (56% completed)..
2018-11-13 00:03:21,258 40759  INFO  [BackgroundDaemon] Finished iteration in 00:00:00.2127789.
2018-11-13 00:03:21,264 40765  INFO  [cc613f] Started processing user request. Id = cc613f67-a8d6-417c-aa59-88b7b363a9ab. Size = 51.4 KB.
2018-11-13 00:03:21,266 40767  INFO  [Metrics] Cpu: 3.41%; Memory: 19.79 GB/31.88 GB; Workers: 4/1024; IOCP: 0/1024
2018-11-13 00:03:21,267 40768  INFO  [cc613f] Doing some complicated stuff.. Random numbers are: 435049691, 1273509060, 554212662.
2018-11-13 00:03:21,271 40772  INFO  [d49c3f] Doing some complicated stuff.. Random numbers are: 508596497, 1335690930, 1881321961.
2018-11-13 00:03:21,277 40778  INFO  [cc613f] Here's some useful guids:
		1389fd4a-3d81-4b98-b232-9027ddd1b76d
		f8ff989c-312c-4c89-b8bf-54c2f841c180
		1879dccc-839f-487c-8ac3-fa34ba893c1d
2018-11-13 00:03:21,282 40783  INFO  [30926b] Started processing user request. Id = 30926bd6-6372-4998-94e2-00f2598fbdbb. Size = 57.28 KB.
2018-11-13 00:03:21,285 40786  INFO  [30926b] Doing some complicated stuff.. Random numbers are: 1521149739, 86205776, 986769864.
2018-11-13 00:03:21,297 40798  ERROR [d49c3f] 
System.InvalidOperationException: Oh no! An error occurred!
2018-11-13 00:03:21,298 40800  ERROR [cc613f] 
System.InvalidOperationException: Oh no! An error occurred!
2018-11-13 00:03:21,310 40811  INFO  [3840b6] Started processing user request. Id = 3840b678-2948-4df6-8173-8e3b9bd77ced. Size = 72.36 KB.
2018-11-13 00:03:21,310 40811  INFO  [3840b6] Doing some complicated stuff.. Random numbers are: 2094539210, 1308090120, 2037743664.
2018-11-13 00:03:21,321 40822  INFO  [3840b6] Here's some useful guids:
		f5b21a70-502c-4a28-85e2-e8f9a16eb8b5
		a186e28a-7f27-4f31-b529-14cbb4b0e497
		e7b0f245-a42c-433b-9a04-9ed41262ab3c
2018-11-13 00:03:21,330 40832  INFO  [30926b] Finished processing user request with id = 30926bd6-6372-4998-94e2-00f2598fbdbb in 00:00:00.0483581.
2018-11-13 00:03:21,332 40834  INFO  [3840b6] Finished processing user request with id = 3840b678-2948-4df6-8173-8e3b9bd77ced in 00:00:00.0221455.
2018-11-13 00:03:21,346 40847  INFO  [b92826] Started processing user request. Id = b92826ed-db33-4c39-8b05-54c6273206ce. Size = 84.3 KB.
2018-11-13 00:03:21,357 40858  INFO  [b92826] Doing some complicated stuff.. Random numbers are: 1434394764, 2125078484, 754334885.
2018-11-13 00:03:21,362 40863  INFO  [9b04cc] Started processing user request. Id = 9b04cc25-06de-49aa-b03d-6c27efb225c3. Size = 61.8 KB.
2018-11-13 00:03:21,371 40872  INFO  [9b04cc] Doing some complicated stuff.. Random numbers are: 202075912, 618281243, 327346289.
2018-11-13 00:03:21,383 40884  INFO  [b92826] Finished processing user request with id = b92826ed-db33-4c39-8b05-54c6273206ce in 00:00:00.0370801.
2018-11-13 00:03:21,396 40897  INFO  [2b9b5a] Started processing user request. Id = 2b9b5a59-6f24-4ce5-bda7-d980eac52345. Size = 16.4 KB.
2018-11-13 00:03:21,407 40908  INFO  [2b9b5a] Doing some complicated stuff.. Random numbers are: 375965698, 708498235, 1901067843.
2018-11-13 00:03:21,420 40921  INFO  [9b04cc] Finished processing user request with id = 9b04cc25-06de-49aa-b03d-6c27efb225c3 in 00:00:00.0580462.
2018-11-13 00:03:21,449 40950  INFO  [2b9b5a] Finished processing user request with id = 2b9b5a59-6f24-4ce5-bda7-d980eac52345 in 00:00:00.0532378.
2018-11-13 00:03:21,451 40952  INFO  [1e7158] Started processing user request. Id = 1e71581b-2060-49c8-ac55-79fa344304f9. Size = 13.31 KB.
2018-11-13 00:03:21,455 40956  INFO  [1e7158] Doing some complicated stuff.. Random numbers are: 843690982, 355301160, 812828257.
2018-11-13 00:03:21,458 40959  INFO  [BackgroundDaemon] Starting iteration #15539.
2018-11-13 00:03:21,462 40963  INFO  [3aeade] Started processing user request. Id = 3aeadeda-4c9e-40dd-a427-a89b243106ed. Size = 88.87 KB.
2018-11-13 00:03:21,465 40967  INFO  [1962b4] Started processing user request. Id = 1962b461-47de-45f2-824f-56bbed0f303b. Size = 84.96 KB.
2018-11-13 00:03:21,473 40974  INFO  [3aeade] Doing some complicated stuff.. Random numbers are: 783410546, 1413008314, 1135379904.
2018-11-13 00:03:21,478 40979  INFO  [1962b4] Doing some complicated stuff.. Random numbers are: 1191863742, 667347536, 1082834173.
2018-11-13 00:03:21,484 40985  INFO  [1962b4] Here's some useful guids:
		4f83f0ff-f542-4624-8ee0-022ed98f0793
		db323a20-dc12-455b-9d67-c550e4480e82
		fea010da-533e-4f92-b501-9ed1db49b005
		0f28ed3f-8151-4f05-ab4f-873a65530a5f
2018-11-13 00:03:21,484 40985  INFO  [1962b4] Finished processing user request with id = 1962b461-47de-45f2-824f-56bbed0f303b in 00:00:00.0182415.
2018-11-13 00:03:21,504 41005  INFO  [BackgroundDaemon] Processing data (13% completed)..
2018-11-13 00:03:21,514 41015  INFO  [1e7158] Finished processing user request with id = 1e71581b-2060-49c8-ac55-79fa344304f9 in 00:00:00.0631185.
2018-11-13 00:03:21,518 41019  INFO  [3aeade] Finished processing user request with id = 3aeadeda-4c9e-40dd-a427-a89b243106ed in 00:00:00.0561427.
2018-11-13 00:03:21,531 41032  INFO  [b31310] Started processing user request. Id = b31310f2-dcc4-4a4f-9307-10816cc3c409. Size = 43.47 KB.
2018-11-13 00:03:21,542 41043  INFO  [b31310] Doing some complicated stuff.. Random numbers are: 1731843277, 1029676794, 970780879.
2018-11-13 00:03:21,545 41046  INFO  [0ea379] Started processing user request. Id = 0ea37989-00d6-4476-bc62-88f2472fd53e. Size = 52.26 KB.
2018-11-13 00:03:21,545 41046  INFO  [0ea379] Doing some complicated stuff.. Random numbers are: 994817976, 1416318484, 1629972606.
2018-11-13 00:03:21,578 41079  INFO  [0ea379] Here's some useful guids:
		0feeb362-cb65-4d04-a7ae-4c6359ceaea1
2018-11-13 00:03:21,582 41083  INFO  [b31310] Here's some useful guids:
		a6cf2df1-37bc-4ed8-8f93-6bf81937bd15
		38e2f45e-37a3-4c62-8f15-bfe319f4a005
2018-11-13 00:03:21,593 41094  INFO  [BackgroundDaemon] Processing data (31% completed)..
2018-11-13 00:03:21,599 41100  INFO  [b31310] Finished processing user request with id = b31310f2-dcc4-4a4f-9307-10816cc3c409 in 00:00:00.0675439.
2018-11-13 00:03:21,608 41109  ERROR [0ea379] 
System.InvalidOperationException: Oh no! An error occurred!
2018-11-13 00:03:21,612 41113  INFO  [a6f401] Started processing user request. Id = a6f401ee-eb15-4b2e-8426-9e5993c1bf1a. Size = 97.47 KB.
2018-11-13 00:03:21,630 41131  INFO  [a6f401] Doing some complicated stuff.. Random numbers are: 584182445, 2026314650, 1834403893.
2018-11-13 00:03:21,640 41141  INFO  [bbf785] Started processing user request. Id = bbf78562-463e-48c0-9f6d-094a6c4dc5a6. Size = 35.51 KB.
2018-11-13 00:03:21,647 41148  INFO  [BackgroundDaemon] Processing data (78% completed)..
2018-11-13 00:03:21,647 41148  INFO  [BackgroundDaemon] Finished iteration in 00:00:00.1891697.
2018-11-13 00:03:21,651 41152  INFO  [954de3] Started processing user request. Id = 954de327-65f4-4598-92e4-7f469c42c513. Size = 14.64 KB.
2018-11-13 00:03:21,654 41155  INFO  [bbf785] Doing some complicated stuff.. Random numbers are: 941425252, 2038469378, 1321029599.
2018-11-13 00:03:21,661 41162  INFO  [954de3] Doing some complicated stuff.. Random numbers are: 854570858, 1959531139, 684628470.
2018-11-13 00:03:21,664 41165  INFO  [a6f401] Here's some useful guids:
		0ff2727d-ae38-4b67-8cb0-103c3d4ec8dd
		8fd760df-d7e4-4de2-a067-e05209416996
		a3940a2b-d212-461b-9ce0-a0e2f911fe85
2018-11-13 00:03:21,669 41170  INFO  [bbf785] Here's some useful guids:
		c243449f-c7ac-4014-8274-5f51a49c86ba
		73ca7020-0db0-44e8-944c-8de82019a593
2018-11-13 00:03:21,680 41181  INFO  [954de3] Finished processing user request with id = 954de327-65f4-4598-92e4-7f469c42c513 in 00:00:00.0287116.
2018-11-13 00:03:21,681 41182  INFO  [a6f401] Finished processing user request with id = a6f401ee-eb15-4b2e-8426-9e5993c1bf1a in 00:00:00.0690078.
2018-11-13 00:03:21,687 41188  ERROR [bbf785] 
System.InvalidOperationException: Oh no! An error occurred!
2018-11-13 00:03:21,694 41195  INFO  [9e9961] Started processing user request. Id = 9e996192-76f6-4b71-b39b-716048880233. Size = 8.84 KB.
2018-11-13 00:03:21,712 41213  INFO  [9e9961] Doing some complicated stuff.. Random numbers are: 893828170, 1717512199, 508550386.
2018-11-13 00:03:21,718 41220  INFO  [8796da] Started processing user request. Id = 8796dae3-5ec6-40ff-a4dd-2677e7a63da6. Size = 76.95 KB.
2018-11-13 00:03:21,725 41226  INFO  [8796da] Doing some complicated stuff.. Random numbers are: 816119250, 1633412784, 1127857903.
2018-11-13 00:03:21,763 41264  INFO  [9e9961] Finished processing user request with id = 9e996192-76f6-4b71-b39b-716048880233 in 00:00:00.0689292.
2018-11-13 00:03:21,765 41266  INFO  [Metrics] Cpu: 3.41%; Memory: 19.79 GB/31.88 GB; Workers: 4/1024; IOCP: 0/1024
2018-11-13 00:03:21,776 41277  INFO  [99e48d] Started processing user request. Id = 99e48d6b-d325-46ee-894a-1854c8bdef25. Size = 3.74 KB.
2018-11-13 00:03:21,778 41279  INFO  [99e48d] Doing some complicated stuff.. Random numbers are: 222523639, 1470610233, 420030615.
2018-11-13 00:03:21,781 41283  INFO  [8796da] Finished processing user request with id = 8796dae3-5ec6-40ff-a4dd-2677e7a63da6 in 00:00:00.0629995.
2018-11-13 00:03:21,813 41314  INFO  [aca617] Started processing user request. Id = aca61716-6c57-4482-aae8-acd23809b39c. Size = 75.88 KB.
2018-11-13 00:03:21,826 41327  INFO  [99e48d] Finished processing user request with id = 99e48d6b-d325-46ee-894a-1854c8bdef25 in 00:00:00.0496511.
2018-11-13 00:03:21,828 41330  INFO  [aca617] Doing some complicated stuff.. Random numbers are: 1129167621, 1540301778, 871290745.
2018-11-13 00:03:21,839 41340  INFO  [c1f412] Started processing user request. Id = c1f41249-e959-4cb6-be42-549849969f51. Size = 10.13 KB.
2018-11-13 00:03:21,842 41343  INFO  [c1f412] Doing some complicated stuff.. Random numbers are: 1865536656, 1360505872, 288509426.
2018-11-13 00:03:21,847 41348  INFO  [098b6a] Started processing user request. Id = 098b6a88-23e2-4efe-a0c9-f02be8050003. Size = 39.08 KB.
2018-11-13 00:03:21,848 41349  INFO  [BackgroundDaemon] Starting iteration #15540.
2018-11-13 00:03:21,855 41356  INFO  [098b6a] Doing some complicated stuff.. Random numbers are: 740137230, 733571517, 2145803678.
2018-11-13 00:03:21,860 41361  ERROR [aca617] 
System.InvalidOperationException: Oh no! An error occurred!
2018-11-13 00:03:21,877 41378  INFO  [c1f412] Here's some useful guids:
		0fbc83af-5d30-490a-be55-aaa3afd466e4
2018-11-13 00:03:21,883 41384  INFO  [BackgroundDaemon] Processing data (18% completed)..
2018-11-13 00:03:21,890 41391  INFO  [098b6a] Here's some useful guids:
		97a21f19-b523-403b-980e-3c6bc6dd6b75
		095011ae-f45f-451d-8ad3-334d34dafc6a
2018-11-13 00:03:21,891 41392  INFO  [674919] Started processing user request. Id = 67491934-7639-4db2-a014-6f8a47c5ee8f. Size = 67.1 KB.
2018-11-13 00:03:21,896 41397  INFO  [674919] Doing some complicated stuff.. Random numbers are: 1704036483, 201977485, 1077837118.
2018-11-13 00:03:21,897 41398  INFO  [c1f412] Finished processing user request with id = c1f41249-e959-4cb6-be42-549849969f51 in 00:00:00.0581647.
2018-11-13 00:03:21,900 41401  INFO  [098b6a] Finished processing user request with id = 098b6a88-23e2-4efe-a0c9-f02be8050003 in 00:00:00.0529976.
2018-11-13 00:03:21,911 41412  INFO  [9a2fc7] Started processing user request. Id = 9a2fc7e8-e804-49f1-ada6-a33457fa7525. Size = 50.11 KB.
2018-11-13 00:03:21,921 41422  INFO  [674919] Finished processing user request with id = 67491934-7639-4db2-a014-6f8a47c5ee8f in 00:00:00.0301606.
2018-11-13 00:03:21,928 41429  INFO  [9a2fc7] Doing some complicated stuff.. Random numbers are: 290626442, 343807699, 695301586.
2018-11-13 00:03:21,945 41447  INFO  [BackgroundDaemon] Processing data (30% completed)..
2018-11-13 00:03:21,952 41453  INFO  [83fcf9] Started processing user request. Id = 83fcf921-d966-441c-9acd-aabcdebf971e. Size = 23.04 KB.
2018-11-13 00:03:21,966 41467  INFO  [9a2fc7] Here's some useful guids:
		6b2675da-a5ac-45a7-a8c2-dadcf9340a5a
		7a72dde4-0f4c-41ba-adaa-5b552942ebbb
		aeeb47c6-1c76-4313-a12d-e1ea7e273229
2018-11-13 00:03:21,968 41469  INFO  [83fcf9] Doing some complicated stuff.. Random numbers are: 1692228570, 782044604, 1515736026.
2018-11-13 00:03:21,969 41470  INFO  [9a2fc7] Finished processing user request with id = 9a2fc7e8-e804-49f1-ada6-a33457fa7525 in 00:00:00.0580714.
2018-11-13 00:03:21,982 41484  INFO  [e75726] Started processing user request. Id = e75726a4-2e8c-4c37-bb9b-17b3a0903489. Size = 23.82 KB.
2018-11-13 00:03:21,999 41501  INFO  [e75726] Doing some complicated stuff.. Random numbers are: 407532657, 1266811770, 109045776.
2018-11-13 00:03:22,018 41519  INFO  [83fcf9] Finished processing user request with id = 83fcf921-d966-441c-9acd-aabcdebf971e in 00:00:00.0659715.
2018-11-13 00:03:22,027 41528  INFO  [BackgroundDaemon] Processing data (68% completed)..
2018-11-13 00:03:22,027 41528  INFO  [BackgroundDaemon] Finished iteration in 00:00:00.1793110.
2018-11-13 00:03:22,047 41548  INFO  [e75726] Finished processing user request with id = e75726a4-2e8c-4c37-bb9b-17b3a0903489 in 00:00:00.0640208.
2018-11-13 00:03:22,050 41551  INFO  [3101fc] Started processing user request. Id = 3101fc78-0b94-49fc-809e-0faaf61dd4fc. Size = 63.48 KB.
2018-11-13 00:03:22,060 41561  INFO  [eca88e] Started processing user request. Id = eca88e78-cdce-45b2-aa17-ba46b7ef745b. Size = 7.5 KB.
2018-11-13 00:03:22,064 41565  INFO  [3101fc] Doing some complicated stuff.. Random numbers are: 288460581, 1731358404, 465082592.
2018-11-13 00:03:22,067 41568  INFO  [4b0e5c] Started processing user request. Id = 4b0e5c15-e94d-4712-a2dc-e853d20e08d1. Size = 13.23 KB.
2018-11-13 00:03:22,069 41570  INFO  [eca88e] Doing some complicated stuff.. Random numbers are: 2074309919, 2026931281, 1515561987.
2018-11-13 00:03:22,071 41572  INFO  [4b0e5c] Doing some complicated stuff.. Random numbers are: 1344938943, 1128471672, 470955230.
2018-11-13 00:03:22,083 41584  INFO  [eca88e] Here's some useful guids:
		34ba412c-d5be-450d-aae2-05ace7ca6a59
		2c7ee61e-166a-44ec-aced-795b7fde6cc8
		1026803b-195b-4447-a486-f8aee9c89155
		dca8e921-f6a8-4c29-badc-2589b09bbe1f
		458b760a-d78e-44c3-9c10-27e45dba5f57
2018-11-13 00:03:22,097 41598  INFO  [eca88e] Finished processing user request with id = eca88e78-cdce-45b2-aa17-ba46b7ef745b in 00:00:00.0369675.
2018-11-13 00:03:22,105 41606  INFO  [3101fc] Finished processing user request with id = 3101fc78-0b94-49fc-809e-0faaf61dd4fc in 00:00:00.0550832.
2018-11-13 00:03:22,110 41611  INFO  [4b0e5c] Finished processing user request with id = 4b0e5c15-e94d-4712-a2dc-e853d20e08d1 in 00:00:00.0423222.
2018-11-13 00:03:22,110 41611  INFO  [bfabb6] Started processing user request. Id = bfabb6e9-3a73-42e7-8946-33c2c7519be6. Size = 50.68 KB.
2018-11-13 00:03:22,117 41618  INFO  [bfabb6] Doing some complicated stuff.. Random numbers are: 208322260, 2106178251, 347696537.
2018-11-13 00:03:22,131 41632  INFO  [bfabb6] Here's some useful guids:
		78b8a3ca-243e-42cb-9a9e-8c5b8d884a39
		ba373ba3-8207-406c-a072-9b56a1798dcd
		5b294130-4f9a-42a1-88fd-8e80b7bdb8e2
		1d9c9baf-b0fa-4af7-b324-2bdfea76b639
		f1a93bb3-61c0-4cb4-b101-caba1edb8382
2018-11-13 00:03:22,136 41637  INFO  [9d9e60] Started processing user request. Id = 9d9e60f7-7377-43a0-ac78-bf5f452c3428. Size = 82.05 KB.
2018-11-13 00:03:22,136 41637  INFO  [9d9e60] Doing some complicated stuff.. Random numbers are: 70134507, 1340909246, 2132823759.
2018-11-13 00:03:22,158 41659  INFO  [bfabb6] Finished processing user request with id = bfabb6e9-3a73-42e7-8946-33c2c7519be6 in 00:00:00.0481535.
2018-11-13 00:03:22,165 41666  INFO  [9d9e60] Here's some useful guids:
		394c8c97-a7c0-4b6e-907a-8cdcb2b15508
		6abe7154-5157-4da5-9339-d5ebb55c6125
		e8ab98c4-90cb-4818-ba90-65158136d9fb
2018-11-13 00:03:22,171 41672  INFO  [d231d4] Started processing user request. Id = d231d487-a495-47d4-bb36-7e556901b02e. Size = 71.33 KB.
2018-11-13 00:03:22,174 41675  INFO  [d231d4] Doing some complicated stuff.. Random numbers are: 2058451674, 1666763696, 1947455665.
2018-11-13 00:03:22,175 41676  INFO  [9d9e60] Finished processing user request with id = 9d9e60f7-7377-43a0-ac78-bf5f452c3428 in 00:00:00.0392536.
2018-11-13 00:03:22,191 41692  INFO  [d231d4] Here's some useful guids:
		d4cf9fc2-015f-41d0-bc5a-fa7e789ef233
		23867970-bd85-4db5-8fda-5b1d861c6655
		332954bf-6919-4051-8b58-c03df1cff168
		904892c1-e7dc-4c0b-8eea-957db1c584ce
		713f2337-8774-4954-806d-2b16126cd20a
2018-11-13 00:03:22,200 41702  INFO  [d231d4] Finished processing user request with id = d231d487-a495-47d4-bb36-7e556901b02e in 00:00:00.0292738.
2018-11-13 00:03:22,207 41708  INFO  [8aa385] Started processing user request. Id = 8aa385dd-2f5e-49f5-9963-c58b2e86942f. Size = 67.72 KB.
2018-11-13 00:03:22,214 41715  INFO  [783bb8] Started processing user request. Id = 783bb806-4e26-444b-99c9-1aa50966d809. Size = 59.82 KB.
2018-11-13 00:03:22,220 41721  INFO  [783bb8] Doing some complicated stuff.. Random numbers are: 1259387605, 2016576747, 1196295563.
2018-11-13 00:03:22,223 41724  INFO  [8aa385] Doing some complicated stuff.. Random numbers are: 762310649, 284343507, 1622587670.
2018-11-13 00:03:22,228 41729  INFO  [BackgroundDaemon] Starting iteration #15541.
2018-11-13 00:03:22,234 41735  INFO  [8aa385] Here's some useful guids:
		c515fdc4-d997-4b44-a2b6-e82221bf0753
		6ed733b8-745d-4590-9f11-1f8a2e6c6688
		3aef46b1-1fa7-45e5-83d4-b6359b32e1d5
		bb4c906d-67de-4836-a497-e38621e984de
		89ec1d3c-e559-4e0e-98d5-f27099955fa9
2018-11-13 00:03:22,253 41754  INFO  [8aa385] Finished processing user request with id = 8aa385dd-2f5e-49f5-9963-c58b2e86942f in 00:00:00.0462080.
2018-11-13 00:03:22,254 41755  INFO  [783bb8] Finished processing user request with id = 783bb806-4e26-444b-99c9-1aa50966d809 in 00:00:00.0397560.
2018-11-13 00:03:22,257 41758  INFO  [BackgroundDaemon] Processing data (2% completed)..
2018-11-13 00:03:22,264 41765  INFO  [Metrics] Cpu: 0.41%; Memory: 19.79 GB/31.88 GB; Workers: 4/1024; IOCP: 0/1024
2018-11-13 00:03:22,267 41768  INFO  [82dc97] Started processing user request. Id = 82dc9750-ed4b-4b50-bc8f-a892137c02fc. Size = 80.4 KB.
2018-11-13 00:03:22,277 41778  INFO  [90135b] Started processing user request. Id = 90135be0-ca72-49ec-ac8d-db439032c951. Size = 47.99 KB.
2018-11-13 00:03:22,277 41778  INFO  [90135b] Doing some complicated stuff.. Random numbers are: 308422979, 1456321885, 515239728.
2018-11-13 00:03:22,284 41785  INFO  [c7b016] Started processing user request. Id = c7b01624-7231-4c0d-8255-5939ee14e75c. Size = 8.13 KB.
2018-11-13 00:03:22,285 41786  INFO  [82dc97] Doing some complicated stuff.. Random numbers are: 254104853, 1305041008, 1618301530.
2018-11-13 00:03:22,296 41798  INFO  [c7b016] Doing some complicated stuff.. Random numbers are: 1963364931, 1996747761, 295605442.
2018-11-13 00:03:22,312 41813  INFO  [90135b] Finished processing user request with id = 90135be0-ca72-49ec-ac8d-db439032c951 in 00:00:00.0345447.
2018-11-13 00:03:22,313 41814  INFO  [82dc97] Finished processing user request with id = 82dc9750-ed4b-4b50-bc8f-a892137c02fc in 00:00:00.0456236.
2018-11-13 00:03:22,326 41827  INFO  [a034ab] Started processing user request. Id = a034ab5d-cab9-4d65-9b21-d48e1acf40bf. Size = 2.73 KB.
2018-11-13 00:03:22,330 41831  INFO  [a034ab] Doing some complicated stuff.. Random numbers are: 1396787165, 1335959587, 1428857309.
2018-11-13 00:03:22,335 41836  INFO  [a034ab] Here's some useful guids:
		5c97d0a9-29c6-4521-8e44-b7f9364f81c0
		c1ccea56-a0f4-4a73-b7b0-ac500bba4f73
		34cfe510-0ac3-4aca-adb3-fc7109286726
		2265e4d1-2c17-4965-b999-ff07df2711fe
		4c53d80c-9029-4f10-97f4-b76ada99bbc1
2018-11-13 00:03:22,348 41849  INFO  [BackgroundDaemon] Processing data (39% completed)..
2018-11-13 00:03:22,350 41851  INFO  [a034ab] Finished processing user request with id = a034ab5d-cab9-4d65-9b21-d48e1acf40bf in 00:00:00.0242188.
2018-11-13 00:03:22,362 41863  INFO  [c7b016] Finished processing user request with id = c7b01624-7231-4c0d-8255-5939ee14e75c in 00:00:00.0773434.
2018-11-13 00:03:22,364 41865  INFO  [cb823b] Started processing user request. Id = cb823b96-19c8-4b5a-9ae9-7451d4cc6c30. Size = 3.63 KB.
2018-11-13 00:03:22,370 41871  INFO  [cb823b] Doing some complicated stuff.. Random numbers are: 162079579, 828345374, 1204542156.
2018-11-13 00:03:22,393 41894  INFO  [2000f1] Started processing user request. Id = 2000f147-6dec-4f53-8a09-440928f96fb7. Size = 5.9 KB.
2018-11-13 00:03:22,404 41905  INFO  [cb823b] Here's some useful guids:
		be35ff93-d1da-4aea-8231-87f5735a3227
2018-11-13 00:03:22,412 41913  INFO  [2000f1] Doing some complicated stuff.. Random numbers are: 974584629, 629114365, 1873080491.
2018-11-13 00:03:22,426 41927  INFO  [cb823b] Finished processing user request with id = cb823b96-19c8-4b5a-9ae9-7451d4cc6c30 in 00:00:00.0621306.
2018-11-13 00:03:22,440 41941  INFO  [0592a3] Started processing user request. Id = 0592a360-cd48-4657-bbc6-958814a30652. Size = 41.58 KB.
2018-11-13 00:03:22,446 41947  INFO  [BackgroundDaemon] Processing data (89% completed)..
2018-11-13 00:03:22,446 41947  INFO  [BackgroundDaemon] Finished iteration in 00:00:00.2175331.
2018-11-13 00:03:22,459 41960  INFO  [0592a3] Doing some complicated stuff.. Random numbers are: 1752446422, 1167415955, 1016109757.
2018-11-13 00:03:22,462 41963  INFO  [2000f1] Finished processing user request with id = 2000f147-6dec-4f53-8a09-440928f96fb7 in 00:00:00.0690768.
2018-11-13 00:03:22,479 41980  INFO  [111478] Started processing user request. Id = 11147812-7b4c-4c50-9b9a-f09912e44001. Size = 28.47 KB.
2018-11-13 00:03:22,481 41982  INFO  [0592a3] Finished processing user request with id = 0592a360-cd48-4657-bbc6-958814a30652 in 00:00:00.0412486.
2018-11-13 00:03:22,485 41986  INFO  [111478] Doing some complicated stuff.. Random numbers are: 1640776534, 1577493088, 563053787.
2018-11-13 00:03:22,493 41994  INFO  [af4f22] Started processing user request. Id = af4f22d0-d93f-4cb0-b703-2c8730f67da8. Size = 77 KB.
2018-11-13 00:03:22,495 41996  INFO  [af4f22] Doing some complicated stuff.. Random numbers are: 687283168, 377174791, 1142806649.
2018-11-13 00:03:22,495 41996  INFO  [5be0a5] Started processing user request. Id = 5be0a526-fdac-4c8a-ac1a-7c08ce0d12eb. Size = 20.12 KB.
2018-11-13 00:03:22,499 42000  INFO  [5be0a5] Doing some complicated stuff.. Random numbers are: 481108453, 642744566, 876992737.
2018-11-13 00:03:22,519 42020  INFO  [111478] Here's some useful guids:
		0ab05567-c277-4944-b0e3-25304e6e98a9
		1e3a5d1e-a182-4069-b46d-da393aadb413
		8906853e-cefc-48a9-9400-6569768a25b1
2018-11-13 00:03:22,533 42034  INFO  [af4f22] Finished processing user request with id = af4f22d0-d93f-4cb0-b703-2c8730f67da8 in 00:00:00.0399689.
2018-11-13 00:03:22,534 42035  INFO  [111478] Finished processing user request with id = 11147812-7b4c-4c50-9b9a-f09912e44001 in 00:00:00.0552237.
2018-11-13 00:03:22,538 42039  INFO  [5be0a5] Here's some useful guids:
		6c0bb3f2-3c41-44d7-b22e-1de2bdea0495
		4c5e005a-2cf3-49a9-ac50-cfc740bc3679
		27def3ec-d26f-4997-adbb-a57d8fdb35f3
		127dfe0c-a2ef-42a5-b879-8cc4c517fa0b
		91f58c6b-643f-434b-bf57-a8c6fa0a021d
2018-11-13 00:03:22,565 42066  INFO  [3d76b8] Started processing user request. Id = 3d76b8f9-c508-410d-b295-9b8ff2c368b8. Size = 55.96 KB.
2018-11-13 00:03:22,568 42069  INFO  [5be0a5] Finished processing user request with id = 5be0a526-fdac-4c8a-ac1a-7c08ce0d12eb in 00:00:00.0727397.
2018-11-13 00:03:22,573 42074  INFO  [3d76b8] Doing some complicated stuff.. Random numbers are: 1182589614, 1826434596, 40237567.
2018-11-13 00:03:22,576 42077  INFO  [3d76b8] Finished processing user request with id = 3d76b8f9-c508-410d-b295-9b8ff2c368b8 in 00:00:00.0109780.
2018-11-13 00:03:22,581 42082  INFO  [40a6a3] Started processing user request. Id = 40a6a330-7192-4d69-a21f-55b5d5182fde. Size = 46.8 KB.
2018-11-13 00:03:22,590 42091  INFO  [40a6a3] Doing some complicated stuff.. Random numbers are: 1314167845, 1483634998, 762117805.
2018-11-13 00:03:22,607 42108  INFO  [3218a7] Started processing user request. Id = 3218a75d-c82c-4109-b72d-f8da160609f5. Size = 8.79 KB.
2018-11-13 00:03:22,609 42110  INFO  [3218a7] Doing some complicated stuff.. Random numbers are: 1045303804, 38619592, 1707481999.
2018-11-13 00:03:22,623 42124  INFO  [40a6a3] Here's some useful guids:
		65dde0d8-fd28-41e5-a4bc-3c501a664bb1
		d09402bf-05cd-49a5-9a3b-a701293953c5
		9ceee03c-f67e-49bf-98fb-5670c840b89e
		590c8133-c2e1-4962-a5eb-c2a6350a115a
2018-11-13 00:03:22,627 42128  INFO  [3218a7] Finished processing user request with id = 3218a75d-c82c-4109-b72d-f8da160609f5 in 00:00:00.0201376.
2018-11-13 00:03:22,640 42141  INFO  [40a6a3] Finished processing user request with id = 40a6a330-7192-4d69-a21f-55b5d5182fde in 00:00:00.0590919.
2018-11-13 00:03:22,646 42147  INFO  [BackgroundDaemon] Starting iteration #15542.
2018-11-13 00:03:22,653 42154  INFO  [36cb1d] Started processing user request. Id = 36cb1d28-a63e-4158-8c8c-43e9e5ddb74b. Size = 72.03 KB.
2018-11-13 00:03:22,658 42159  INFO  [dd0217] Started processing user request. Id = dd021711-b256-4483-97b9-68a076da20b6. Size = 23.18 KB.
2018-11-13 00:03:22,665 42166  INFO  [36cb1d] Doing some complicated stuff.. Random numbers are: 880710903, 2030267304, 2121058635.
2018-11-13 00:03:22,670 42171  INFO  [dd0217] Doing some complicated stuff.. Random numbers are: 1036713805, 730577935, 2125466998.
2018-11-13 00:03:22,682 42183  INFO  [36cb1d] Here's some useful guids:
		e9e3f62b-6141-4d3d-91c3-e674066d1275
		8f3effcf-145f-44dd-8e40-5c2411bb1d4b
		23230def-3722-46fa-8261-638395856532
2018-11-13 00:03:22,686 42187  INFO  [36cb1d] Finished processing user request with id = 36cb1d28-a63e-4158-8c8c-43e9e5ddb74b in 00:00:00.0326098.
2018-11-13 00:03:22,695 42196  INFO  [dd0217] Finished processing user request with id = dd021711-b256-4483-97b9-68a076da20b6 in 00:00:00.0367258.
2018-11-13 00:03:22,699 42200  INFO  [67c811] Started processing user request. Id = 67c811c6-3816-4642-8b4e-6afad9936b5d. Size = 57.01 KB.
2018-11-13 00:03:22,702 42203  INFO  [c6dc29] Started processing user request. Id = c6dc2933-afd5-45ca-affe-61810fdc70d5. Size = 54.55 KB.
2018-11-13 00:03:22,704 42205  INFO  [67c811] Doing some complicated stuff.. Random numbers are: 1858763203, 905144614, 623790107.
2018-11-13 00:03:22,710 42211  INFO  [c6dc29] Doing some complicated stuff.. Random numbers are: 736489690, 1663119034, 2044194639.
2018-11-13 00:03:22,727 42228  INFO  [082b2b] Started processing user request. Id = 082b2b62-c0f2-406c-8e11-71a56758b03c. Size = 8.73 KB.
2018-11-13 00:03:22,728 42229  INFO  [BackgroundDaemon] Processing data (5% completed)..
2018-11-13 00:03:22,733 42234  INFO  [67c811] Finished processing user request with id = 67c811c6-3816-4642-8b4e-6afad9936b5d in 00:00:00.0339585.
2018-11-13 00:03:22,738 42239  INFO  [c6dc29] Finished processing user request with id = c6dc2933-afd5-45ca-affe-61810fdc70d5 in 00:00:00.0361311.
2018-11-13 00:03:22,745 42246  INFO  [082b2b] Doing some complicated stuff.. Random numbers are: 233553945, 551922840, 308999093.
2018-11-13 00:03:22,746 42247  INFO  [2ae850] Started processing user request. Id = 2ae85097-1df0-4ad3-93b1-e2cbbca804cf. Size = 41.25 KB.
2018-11-13 00:03:22,756 42257  INFO  [BackgroundDaemon] Processing data (48% completed)..
2018-11-13 00:03:22,757 42258  INFO  [2ae850] Doing some complicated stuff.. Random numbers are: 2021799762, 387861501, 1117176345.
2018-11-13 00:03:22,764 42265  INFO  [Metrics] Cpu: 0.41%; Memory: 19.79 GB/31.88 GB; Workers: 4/1024; IOCP: 0/1024
2018-11-13 00:03:22,788 42289  INFO  [082b2b] Finished processing user request with id = 082b2b62-c0f2-406c-8e11-71a56758b03c in 00:00:00.0610400.
2018-11-13 00:03:22,792 42293  INFO  [2ae850] Finished processing user request with id = 2ae85097-1df0-4ad3-93b1-e2cbbca804cf in 00:00:00.0455617.
2018-11-13 00:03:22,805 42306  INFO  [0bede8] Started processing user request. Id = 0bede8b6-fa71-40cd-b1a5-c358865feb6d. Size = 45.26 KB.
2018-11-13 00:03:22,819 42320  INFO  [e2f495] Started processing user request. Id = e2f49596-72d2-49c8-926f-22a98d62e793. Size = 32.07 KB.
2018-11-13 00:03:22,819 42320  INFO  [0bede8] Doing some complicated stuff.. Random numbers are: 653574928, 731684244, 593030231.
2018-11-13 00:03:22,824 42325  INFO  [e2f495] Doing some complicated stuff.. Random numbers are: 1947888444, 952939151, 1058726379.
2018-11-13 00:03:22,837 42338  INFO  [BackgroundDaemon] Processing data (62% completed)..
2018-11-13 00:03:22,837 42338  INFO  [BackgroundDaemon] Finished iteration in 00:00:00.1909545.
2018-11-13 00:03:22,841 42342  INFO  [0bede8] Finished processing user request with id = 0bede8b6-fa71-40cd-b1a5-c358865feb6d in 00:00:00.0358757.
2018-11-13 00:03:22,854 42355  INFO  [498867] Started processing user request. Id = 49886777-8a63-4b4c-aab0-5dc4f919b46d. Size = 27.34 KB.
2018-11-13 00:03:22,860 42361  INFO  [498867] Doing some complicated stuff.. Random numbers are: 2093931147, 1961103956, 1366801374.
2018-11-13 00:03:22,877 42378  INFO  [e2f495] Finished processing user request with id = e2f49596-72d2-49c8-926f-22a98d62e793 in 00:00:00.0581002.
2018-11-13 00:03:22,895 42397  INFO  [498867] Finished processing user request with id = 49886777-8a63-4b4c-aab0-5dc4f919b46d in 00:00:00.0413947.
2018-11-13 00:03:22,906 42407  INFO  [65796b] Started processing user request. Id = 65796b4d-fd91-4302-a726-1a15e4e89ba1. Size = 94.83 KB.
2018-11-13 00:03:22,909 42410  INFO  [0bd39e] Started processing user request. Id = 0bd39e3f-5ac0-4494-95f0-1a55ffbeeead. Size = 58.84 KB.
2018-11-13 00:03:22,909 42410  INFO  [908d0a] Started processing user request. Id = 908d0a37-9d64-42e3-adf3-152a1310f6f7. Size = 12.13 KB.
2018-11-13 00:03:22,910 42411  INFO  [65796b] Doing some complicated stuff.. Random numbers are: 257175436, 1118120824, 623437954.
2018-11-13 00:03:22,913 42414  INFO  [0bd39e] Doing some complicated stuff.. Random numbers are: 859844891, 741989140, 14483524.
2018-11-13 00:03:22,921 42422  INFO  [0bd39e] Here's some useful guids:
		8eede1d1-3975-4bd4-80fd-babf944a968b
2018-11-13 00:03:22,923 42424  INFO  [0bd39e] Finished processing user request with id = 0bd39e3f-5ac0-4494-95f0-1a55ffbeeead in 00:00:00.0147935.
2018-11-13 00:03:22,924 42425  INFO  [908d0a] Doing some complicated stuff.. Random numbers are: 553913696, 240083368, 1122958211.
2018-11-13 00:03:22,934 42435  INFO  [908d0a] Here's some useful guids:
		caa2aea3-64ed-45d6-9d51-b1888e4f69af
		4c0fa0c5-320a-4594-a5fd-8dccad09e7cc
		93d67dea-fce0-4ebb-996e-63110b005db7
2018-11-13 00:03:22,936 42438  INFO  [891ad2] Started processing user request. Id = 891ad2f6-9d09-46f6-9482-f8c18228e04f. Size = 39.75 KB.
2018-11-13 00:03:22,954 42455  INFO  [891ad2] Doing some complicated stuff.. Random numbers are: 1470656326, 633025887, 1334830394.
2018-11-13 00:03:22,957 42458  INFO  [908d0a] Finished processing user request with id = 908d0a37-9d64-42e3-adf3-152a1310f6f7 in 00:00:00.0485458.
2018-11-13 00:03:22,957 42458  INFO  [65796b] Finished processing user request with id = 65796b4d-fd91-4302-a726-1a15e4e89ba1 in 00:00:00.0515856.
2018-11-13 00:03:22,988 42489  INFO  [b8d1e1] Started processing user request. Id = b8d1e1f9-6c47-493f-b490-a6f4d173f369. Size = 22.58 KB.
2018-11-13 00:03:22,996 42497  INFO  [b8d1e1] Doing some complicated stuff.. Random numbers are: 2061015376, 203508281, 2049369580.
2018-11-13 00:03:22,996 42497  INFO  [891ad2] Finished processing user request with id = 891ad2f6-9d09-46f6-9482-f8c18228e04f in 00:00:00.0597233.
2018-11-13 00:03:23,010 42511  INFO  [348278] Started processing user request. Id = 34827806-494b-41a9-89da-03dfa7f46ba7. Size = 23.57 KB.
2018-11-13 00:03:23,018 42520  INFO  [b8d1e1] Finished processing user request with id = b8d1e1f9-6c47-493f-b490-a6f4d173f369 in 00:00:00.0302280.
2018-11-13 00:03:23,029 42531  INFO  [348278] Doing some complicated stuff.. Random numbers are: 1749192415, 1356729825, 1441180305.
2018-11-13 00:03:23,037 42539  INFO  [BackgroundDaemon] Starting iteration #15543.
2018-11-13 00:03:23,050 42551  INFO  [1c6340] Started processing user request. Id = 1c63401c-97ac-4a95-bfd6-6300aa765e93. Size = 81.71 KB.
2018-11-13 00:03:23,058 42559  INFO  [348278] Finished processing user request with id = 34827806-494b-41a9-89da-03dfa7f46ba7 in 00:00:00.0480133.
2018-11-13 00:03:23,065 42566  INFO  [BackgroundDaemon] Processing data (7% completed)..
2018-11-13 00:03:23,070 42571  INFO  [1c6340] Doing some complicated stuff.. Random numbers are: 1487857486, 718557390, 913709161.
2018-11-13 00:03:23,072 42573  INFO  [7e57b3] Started processing user request. Id = 7e57b32d-c1f1-4844-b6cb-0a892e874787. Size = 49.76 KB.
2018-11-13 00:03:23,089 42590  INFO  [7e57b3] Doing some complicated stuff.. Random numbers are: 249014394, 734811644, 935695347.
2018-11-13 00:03:23,092 42593  INFO  [7e57b3] Here's some useful guids:
		9dd1eb9f-fd2b-468e-ade0-27c60e390f37
		158306c4-3642-4da4-b18c-795034740133
		a894824f-d077-4e61-b635-e14d9f4efc76
		f4324152-c848-4235-8994-edbb2bcddd32
2018-11-13 00:03:23,100 42601  INFO  [1c6340] Here's some useful guids:
		835b2ab2-da28-4c55-980c-6c307dd3ac03
2018-11-13 00:03:23,109 42611  INFO  [1c6340] Finished processing user request with id = 1c63401c-97ac-4a95-bfd6-6300aa765e93 in 00:00:00.0594690.
2018-11-13 00:03:23,116 42617  INFO  [BackgroundDaemon] Processing data (48% completed)..
2018-11-13 00:03:23,118 42620  INFO  [7e57b3] Finished processing user request with id = 7e57b32d-c1f1-4844-b6cb-0a892e874787 in 00:00:00.0465626.
2018-11-13 00:03:23,125 42626  INFO  [5a1b95] Started processing user request. Id = 5a1b95e9-ce78-4a9d-ac79-460ad9a9761c. Size = 70.23 KB.
2018-11-13 00:03:23,128 42629  INFO  [5a1b95] Doing some complicated stuff.. Random numbers are: 1002974728, 366287444, 1824493687.
2018-11-13 00:03:23,132 42633  INFO  [f53a8d] Started processing user request. Id = f53a8dfc-b5cc-492c-b3d6-89ab65200355. Size = 70.38 KB.
2018-11-13 00:03:23,134 42635  INFO  [f53a8d] Doing some complicated stuff.. Random numbers are: 567059560, 295117240, 10526681.
2018-11-13 00:03:23,141 42642  INFO  [fad1d5] Started processing user request. Id = fad1d58d-c0f8-449f-99e8-f8f78f18fa37. Size = 5.64 KB.
2018-11-13 00:03:23,143 42644  INFO  [5a1b95] Here's some useful guids:
		2f2e34b3-400c-4e6c-ab08-d27fd6c3177b
2018-11-13 00:03:23,151 42652  INFO  [BackgroundDaemon] Processing data (91% completed)..
2018-11-13 00:03:23,151 42652  INFO  [BackgroundDaemon] Finished iteration in 00:00:00.1134230.
2018-11-13 00:03:23,154 42655  INFO  [fad1d5] Doing some complicated stuff.. Random numbers are: 1595755474, 673130956, 62733726.
2018-11-13 00:03:23,155 42656  INFO  [5a1b95] Finished processing user request with id = 5a1b95e9-ce78-4a9d-ac79-460ad9a9761c in 00:00:00.0302137.
2018-11-13 00:03:23,173 42674  INFO  [f53a8d] Here's some useful guids:
		723fd404-077e-4f5e-ae23-f0c17a68fa87
		239d3db9-4ef9-41a9-b87c-636d7cf2cd33
		a937cdb6-b64c-4e60-bdfb-580bc835323a
		861b0c55-94be-46ce-a1ed-1ae36ac9abed
		09d7cf5f-050a-4cea-a843-c8ba0ed0ca90
2018-11-13 00:03:23,179 42680  INFO  [fad1d5] Here's some useful guids:
		08d799c4-7a3e-4d76-8c16-6ed37861dc53
		a36eefe9-6878-4c4a-9c30-773cf129df9d
2018-11-13 00:03:23,190 42691  INFO  [f53a8d] Finished processing user request with id = f53a8dfc-b5cc-492c-b3d6-89ab65200355 in 00:00:00.0582875.
2018-11-13 00:03:23,203 42704  INFO  [1f32c9] Started processing user request. Id = 1f32c9fa-7d78-45b5-b74b-49b5c5e2cc22. Size = 34.69 KB.
2018-11-13 00:03:23,206 42707  INFO  [1f32c9] Doing some complicated stuff.. Random numbers are: 1469907799, 950495779, 2134258602.
2018-11-13 00:03:23,208 42709  INFO  [fad1d5] Finished processing user request with id = fad1d58d-c0f8-449f-99e8-f8f78f18fa37 in 00:00:00.0673079.
2018-11-13 00:03:23,240 42741  INFO  [1f32c9] Here's some useful guids:
		bbcb4662-4048-4441-b2e3-c01dda6485ac
		e05a524f-125d-48a0-b446-e9933cb13905
		a7b9d976-5908-4a02-8477-14a4d80c69ef
		7b2bea20-8d69-4fa2-9f37-51cbb367021b
2018-11-13 00:03:23,240 42741  INFO  [cc5bf4] Started processing user request. Id = cc5bf456-99c3-45bb-94f1-3ee3b995e18c. Size = 85.31 KB.
2018-11-13 00:03:23,257 42758  INFO  [1f32c9] Finished processing user request with id = 1f32c9fa-7d78-45b5-b74b-49b5c5e2cc22 in 00:00:00.0540234.
2018-11-13 00:03:23,257 42758  INFO  [cc5bf4] Doing some complicated stuff.. Random numbers are: 1275911053, 1452042, 1877601336.
2018-11-13 00:03:23,263 42765  INFO  [cc5bf4] Here's some useful guids:
		3c724e6e-d094-4129-8432-4f6b1e38cdbb
		9d3d3998-ca28-44f8-8434-c75123c20046
2018-11-13 00:03:23,263 42765  INFO  [Metrics] Cpu: 2.66%; Memory: 19.79 GB/31.88 GB; Workers: 4/1024; IOCP: 0/1024
2018-11-13 00:03:23,267 42769  ERROR [cc5bf4] 
System.InvalidOperationException: Oh no! An error occurred!
2018-11-13 00:03:23,271 42773  INFO  [13bbc0] Started processing user request. Id = 13bbc0f2-cfb7-459e-92f2-e1a5d59b8b64. Size = 10.45 KB.
2018-11-13 00:03:23,281 42782  INFO  [13bbc0] Doing some complicated stuff.. Random numbers are: 1197166993, 825985342, 1356523067.
2018-11-13 00:03:23,290 42791  INFO  [13bbc0] Finished processing user request with id = 13bbc0f2-cfb7-459e-92f2-e1a5d59b8b64 in 00:00:00.0180667.
2018-11-13 00:03:23,299 42800  INFO  [52f98e] Started processing user request. Id = 52f98e4f-a4ba-4496-acb3-8b86b7b29345. Size = 1.06 KB.
2018-11-13 00:03:23,304 42805  INFO  [5f262e] Started processing user request. Id = 5f262e08-e878-4ee5-a0e6-3a8c9d04bcd7. Size = 61.49 KB.
2018-11-13 00:03:23,309 42810  INFO  [5f262e] Doing some complicated stuff.. Random numbers are: 655135, 1896652555, 1796037745.
2018-11-13 00:03:23,315 42816  INFO  [52f98e] Doing some complicated stuff.. Random numbers are: 1373075188, 1096916942, 1811990605.
2018-11-13 00:03:23,323 42824  INFO  [55bf52] Started processing user request. Id = 55bf52cf-3f0b-47dc-bb5d-f4f4fe73d9e3. Size = 88.36 KB.
2018-11-13 00:03:23,338 42840  INFO  [55bf52] Doing some complicated stuff.. Random numbers are: 461417787, 1505175689, 583572916.
2018-11-13 00:03:23,339 42841  INFO  [52f98e] Here's some useful guids:
		192ebb20-c370-4427-9114-1fbda2f8a15f
		7e9803bc-5819-45a6-b79c-27a469920f84
		883ae477-ac2d-4af2-ba7b-bd4196c5daaf
2018-11-13 00:03:23,351 42853  INFO  [BackgroundDaemon] Starting iteration #15544.
2018-11-13 00:03:23,364 42866  INFO  [52f98e] Finished processing user request with id = 52f98e4f-a4ba-4496-acb3-8b86b7b29345 in 00:00:00.0659707.
2018-11-13 00:03:23,365 42867  INFO  [5f262e] Finished processing user request with id = 5f262e08-e878-4ee5-a0e6-3a8c9d04bcd7 in 00:00:00.0619244.
2018-11-13 00:03:23,369 42871  INFO  [55bf52] Finished processing user request with id = 55bf52cf-3f0b-47dc-bb5d-f4f4fe73d9e3 in 00:00:00.0469394.
2018-11-13 00:03:23,379 42881  INFO  [85f16f] Started processing user request. Id = 85f16fd4-ca85-47dc-bb36-faf6b37a2cca. Size = 79.46 KB.
2018-11-13 00:03:23,392 42894  INFO  [85f16f] Doing some complicated stuff.. Random numbers are: 980765697, 770249913, 2019857544.
2018-11-13 00:03:23,396 42898  INFO  [0f50a6] Started processing user request. Id = 0f50a683-ee6e-4569-9334-5cffc98dfaae. Size = 19.33 KB.
2018-11-13 00:03:23,400 42902  INFO  [0f50a6] Doing some complicated stuff.. Random numbers are: 267174810, 1626333857, 1580039454.
2018-11-13 00:03:23,407 42908  INFO  [0f50a6] Here's some useful guids:
		5bd8e365-522f-4418-a178-ebc5947baa2d
2018-11-13 00:03:23,407 42908  INFO  [BackgroundDaemon] Processing data (10% completed)..
2018-11-13 00:03:23,418 42920  INFO  [85f16f] Here's some useful guids:
		36a9d47b-1699-4ad8-9635-c2b15c9eb780
		56b3831d-62b7-42f4-8b93-d156dea8fc1e
2018-11-13 00:03:23,424 42926  INFO  [85f16f] Finished processing user request with id = 85f16fd4-ca85-47dc-bb36-faf6b37a2cca in 00:00:00.0450110.
2018-11-13 00:03:23,435 42936  INFO  [0f50a6] Finished processing user request with id = 0f50a683-ee6e-4569-9334-5cffc98dfaae in 00:00:00.0380073.
2018-11-13 00:03:23,439 42940  INFO  [43573c] Started processing user request. Id = 43573cbf-e1c4-4b9b-b916-b2ef2845e486. Size = 34.19 KB.
2018-11-13 00:03:23,450 42951  INFO  [43573c] Doing some complicated stuff.. Random numbers are: 1834603959, 662424157, 134398206.
2018-11-13 00:03:23,457 42958  INFO  [43573c] Here's some useful guids:
		6d18f866-2642-4d3a-b924-df300ed6eaa7
		ae866e6b-3e61-468c-bd26-dd7ad6833d42
2018-11-13 00:03:23,467 42968  INFO  [e2bdba] Started processing user request. Id = e2bdba0b-2558-4b22-873c-555e72eb894a. Size = 64.43 KB.
2018-11-13 00:03:23,469 42970  INFO  [e2bdba] Doing some complicated stuff.. Random numbers are: 1575851803, 1671926548, 466306003.
2018-11-13 00:03:23,469 42970  INFO  [e2bdba] Here's some useful guids:
		2366494b-4164-4224-9a0c-843e1a817689
		bce36cfb-aecb-4ba2-81d3-7766bff67c9a
		582989aa-5340-4da6-96e2-25115d00638c
		bd1b3865-45cc-4a4b-8ade-7e28535a79b4
2018-11-13 00:03:23,473 42974  INFO  [43573c] Finished processing user request with id = 43573cbf-e1c4-4b9b-b916-b2ef2845e486 in 00:00:00.0347722.
2018-11-13 00:03:23,483 42984  INFO  [e2bdba] Finished processing user request with id = e2bdba0b-2558-4b22-873c-555e72eb894a in 00:00:00.0167005.
2018-11-13 00:03:23,487 42988  INFO  [2f23db] Started processing user request. Id = 2f23db12-94c1-46d6-9b1b-9a694412d15b. Size = 49.64 KB.
2018-11-13 00:03:23,500 43001  INFO  [BackgroundDaemon] Processing data (32% completed)..
2018-11-13 00:03:23,504 43005  INFO  [2f23db] Doing some complicated stuff.. Random numbers are: 688924783, 325547411, 915332886.
2018-11-13 00:03:23,515 43016  INFO  [a606a1] Started processing user request. Id = a606a185-bfd5-4fa1-8338-4ac45f3d9307. Size = 67.03 KB.
2018-11-13 00:03:23,521 43022  INFO  [BackgroundDaemon] Processing data (95% completed)..
2018-11-13 00:03:23,521 43022  INFO  [BackgroundDaemon] Finished iteration in 00:00:00.1693626.
2018-11-13 00:03:23,535 43036  INFO  [a606a1] Doing some complicated stuff.. Random numbers are: 2078933377, 773412378, 1678592474.
2018-11-13 00:03:23,537 43038  INFO  [0bfd60] Started processing user request. Id = 0bfd60cd-3504-4aec-bc56-ddae0ce69941. Size = 25.77 KB.
2018-11-13 00:03:23,541 43042  INFO  [0bfd60] Doing some complicated stuff.. Random numbers are: 177293578, 759332795, 1527728555.
2018-11-13 00:03:23,547 43048  INFO  [a606a1] Here's some useful guids:
		73f60a17-420e-4ca1-b843-4633b94bbeda
		f11cc469-d13e-47d1-9754-95ddcf8a5c87
2018-11-13 00:03:23,552 43053  INFO  [2f23db] Finished processing user request with id = 2f23db12-94c1-46d6-9b1b-9a694412d15b in 00:00:00.0648167.
2018-11-13 00:03:23,553 43054  INFO  [0bfd60] Here's some useful guids:
		ffff041e-58a9-44e6-af95-5d6e0062eaef
		fbf2b3cb-b53e-43ca-a6bc-d7e8a6eea988
		5e09cc97-78b3-4d4a-a24a-eb394ff111f4
		c256555b-0046-4249-b094-db37d13920c1
2018-11-13 00:03:23,558 43059  INFO  [0bfd60] Finished processing user request with id = 0bfd60cd-3504-4aec-bc56-ddae0ce69941 in 00:00:00.0215916.
2018-11-13 00:03:23,561 43062  INFO  [a606a1] Finished processing user request with id = a606a185-bfd5-4fa1-8338-4ac45f3d9307 in 00:00:00.0459468.
2018-11-13 00:03:23,566 43067  INFO  [683aa9] Started processing user request. Id = 683aa93c-46b0-4143-ba6d-cfb4c7bf5055. Size = 83.24 KB.
2018-11-13 00:03:23,581 43082  INFO  [683aa9] Doing some complicated stuff.. Random numbers are: 528808859, 1864469615, 736685560.
2018-11-13 00:03:23,592 43093  INFO  [35c553] Started processing user request. Id = 35c553cb-91eb-4494-bdc4-a1740d880bdb. Size = 19.77 KB.
2018-11-13 00:03:23,609 43110  INFO  [35c553] Doing some complicated stuff.. Random numbers are: 1045200746, 1323879585, 402201954.
2018-11-13 00:03:23,629 43130  INFO  [683aa9] Finished processing user request with id = 683aa93c-46b0-4143-ba6d-cfb4c7bf5055 in 00:00:00.0633663.
2018-11-13 00:03:23,642 43144  INFO  [a97fd9] Started processing user request. Id = a97fd999-c3b1-4e36-b2ae-b812203a67a6. Size = 52.19 KB.
2018-11-13 00:03:23,661 43162  INFO  [a97fd9] Doing some complicated stuff.. Random numbers are: 98963106, 580492204, 2106550180.
2018-11-13 00:03:23,663 43164  INFO  [35c553] Finished processing user request with id = 35c553cb-91eb-4494-bdc4-a1740d880bdb in 00:00:00.0707318.
2018-11-13 00:03:23,686 43187  INFO  [a97fd9] Finished processing user request with id = a97fd999-c3b1-4e36-b2ae-b812203a67a6 in 00:00:00.0436392.
2018-11-13 00:03:23,694 43195  INFO  [0d427e] Started processing user request. Id = 0d427e76-ff61-44c8-af67-8da5a988f7fb. Size = 73.2 KB.
2018-11-13 00:03:23,700 43201  INFO  [6b7ee9] Started processing user request. Id = 6b7ee9bb-c94c-4cd9-b722-913291f874af. Size = 87.63 KB.
2018-11-13 00:03:23,707 43208  INFO  [0d427e] Doing some complicated stuff.. Random numbers are: 2131556914, 937425309, 1400721791.
2018-11-13 00:03:23,718 43220  INFO  [6b7ee9] Doing some complicated stuff.. Random numbers are: 1563708448, 1776265398, 904050905.
2018-11-13 00:03:23,719 43221  INFO  [0d427e] Finished processing user request with id = 0d427e76-ff61-44c8-af67-8da5a988f7fb in 00:00:00.0256777.
2018-11-13 00:03:23,722 43223  INFO  [BackgroundDaemon] Starting iteration #15545.
2018-11-13 00:03:23,726 43227  INFO  [43dc7d] Started processing user request. Id = 43dc7dd5-c0d5-4058-940a-e147dc116ee7. Size = 46.49 KB.
2018-11-13 00:03:23,726 43227  INFO  [43dc7d] Doing some complicated stuff.. Random numbers are: 1571950252, 587030558, 120394412.
2018-11-13 00:03:23,727 43228  INFO  [6b7ee9] Here's some useful guids:
		1e46e858-3b2c-46d8-b31e-409bd1b405ef
		81fca179-fc86-40d4-96cc-79e8be6b0e06
2018-11-13 00:03:23,751 43252  INFO  [719197] Started processing user request. Id = 71919767-921e-458d-9310-a7ed53d1237a. Size = 28.82 KB.
2018-11-13 00:03:23,756 43257  INFO  [6b7ee9] Finished processing user request with id = 6b7ee9bb-c94c-4cd9-b722-913291f874af in 00:00:00.0563131.
2018-11-13 00:03:23,758 43259  INFO  [43dc7d] Here's some useful guids:
		193e65cd-2093-4599-9993-257714993ba7
		033589ab-d0a5-4133-ac19-eddc207a8508
		df6250f3-346b-453b-a09d-d62250cd5c1d
		68fb1233-adc3-4d6e-9d1b-d1aff90ea1e0
		d40e11ad-b339-4785-8aa3-c95f79911c00
2018-11-13 00:03:23,763 43264  INFO  [Metrics] Cpu: 2.66%; Memory: 19.79 GB/31.88 GB; Workers: 4/1024; IOCP: 0/1024
2018-11-13 00:03:23,767 43268  INFO  [719197] Doing some complicated stuff.. Random numbers are: 511008965, 1586089535, 2086671882.
2018-11-13 00:03:23,769 43270  INFO  [43dc7d] Finished processing user request with id = 43dc7dd5-c0d5-4058-940a-e147dc116ee7 in 00:00:00.0431811.
2018-11-13 00:03:23,769 43270  INFO  [489a61] Started processing user request. Id = 489a61fe-6742-4a3b-879d-cbb7a7b932a9. Size = 29.94 KB.
2018-11-13 00:03:23,779 43280  INFO  [BackgroundDaemon] Processing data (16% completed)..
2018-11-13 00:03:23,787 43289  INFO  [489a61] Doing some complicated stuff.. Random numbers are: 2090221779, 1755689036, 2116060265.
2018-11-13 00:03:23,791 43292  INFO  [489a61] Here's some useful guids:
		d627c529-afde-4186-a20e-b2f5d8bf5a64
		5866bf9a-7188-4c11-9669-e1bfcb5af192
		4082969f-4f61-477d-8e46-5a77ce56e363
		60af87ad-eb17-4e7f-9517-8c546e530737
		0acc81ab-7db4-456f-8f87-6aa3270e40e5
2018-11-13 00:03:23,795 43296  INFO  [489a61] Finished processing user request with id = 489a61fe-6742-4a3b-879d-cbb7a7b932a9 in 00:00:00.0252191.
2018-11-13 00:03:23,796 43297  INFO  [719197] Finished processing user request with id = 71919767-921e-458d-9310-a7ed53d1237a in 00:00:00.0449409.
2018-11-13 00:03:23,808 43309  INFO  [48f98e] Started processing user request. Id = 48f98e18-f890-4df5-80f0-01b014e17f10. Size = 50.18 KB.
2018-11-13 00:03:23,815 43316  INFO  [48f98e] Doing some complicated stuff.. Random numbers are: 297188389, 1895045218, 561455130.
2018-11-13 00:03:23,827 43328  INFO  [9b1a5b] Started processing user request. Id = 9b1a5bc1-34ea-4f73-ae26-25c55e7155e7. Size = 75.01 KB.
2018-11-13 00:03:23,846 43347  INFO  [9b1a5b] Doing some complicated stuff.. Random numbers are: 988507330, 187574580, 546857038.
2018-11-13 00:03:23,868 43369  INFO  [48f98e] Finished processing user request with id = 48f98e18-f890-4df5-80f0-01b014e17f10 in 00:00:00.0607148.
2018-11-13 00:03:23,869 43370  INFO  [BackgroundDaemon] Processing data (30% completed)..
2018-11-13 00:03:23,878 43379  INFO  [9b1a5b] Finished processing user request with id = 9b1a5bc1-34ea-4f73-ae26-25c55e7155e7 in 00:00:00.0511138.
2018-11-13 00:03:23,882 43383  INFO  [83dabc] Started processing user request. Id = 83dabcb1-e264-4946-9188-971836d3f1c4. Size = 83.68 KB.
2018-11-13 00:03:23,889 43390  INFO  [83dabc] Doing some complicated stuff.. Random numbers are: 938716903, 1210001672, 418723372.
2018-11-13 00:03:23,909 43410  INFO  [BackgroundDaemon] Processing data (73% completed)..
2018-11-13 00:03:23,909 43410  INFO  [BackgroundDaemon] Finished iteration in 00:00:00.1873906.
2018-11-13 00:03:23,909 43410  INFO  [38e534] Started processing user request. Id = 38e5342c-8111-4e05-b069-746f0b08beca. Size = 61.55 KB.
2018-11-13 00:03:23,912 43413  INFO  [38e534] Doing some complicated stuff.. Random numbers are: 1269724594, 1083554964, 681886671.
2018-11-13 00:03:23,926 43427  INFO  [83dabc] Here's some useful guids:
		97ede764-8e6a-4dfd-a7a9-d3da7ffb1ca6
		0f38b2a2-9c92-4aee-af6e-f8a8832000bd
		44772395-86a9-4395-bc5b-08e8a8c01412
2018-11-13 00:03:23,926 43427  INFO  [83dabc] Finished processing user request with id = 83dabcb1-e264-4946-9188-971836d3f1c4 in 00:00:00.0437415.
2018-11-13 00:03:23,933 43434  INFO  [38e534] Here's some useful guids:
		cf92aa66-0b3f-477d-b767-d0d7f1b317f6
		cf9b5620-e27c-4939-9436-488c15087f82
		a0d57d1c-dc73-49d9-befd-0c1c40159297
		40b725cb-9ab6-4dfd-91b8-34ee1e616190
2018-11-13 00:03:23,937 43438  INFO  [caf936] Started processing user request. Id = caf93600-3f25-4168-b894-06e1e08161f0. Size = 94.68 KB.
2018-11-13 00:03:23,940 43441  INFO  [a77212] Started processing user request. Id = a77212c2-6234-42fc-b459-87ba53e1820f. Size = 3.75 KB.
2018-11-13 00:03:23,951 43452  INFO  [caf936] Doing some complicated stuff.. Random numbers are: 1869864702, 366932020, 1043892655.
2018-11-13 00:03:23,952 43453  INFO  [38e534] Finished processing user request with id = 38e5342c-8111-4e05-b069-746f0b08beca in 00:00:00.0429237.
2018-11-13 00:03:23,956 43457  INFO  [a77212] Doing some complicated stuff.. Random numbers are: 2121429278, 2146010998, 1311051011.
2018-11-13 00:03:23,983 43484  INFO  [caf936] Finished processing user request with id = caf93600-3f25-4168-b894-06e1e08161f0 in 00:00:00.0461183.
2018-11-13 00:03:23,983 43484  INFO  [8c559f] Started processing user request. Id = 8c559fa5-67d3-483b-8ee4-ec559882c0fc. Size = 51.27 KB.
2018-11-13 00:03:23,989 43490  INFO  [8c559f] Doing some complicated stuff.. Random numbers are: 137129492, 1899868338, 487993935.
2018-11-13 00:03:24,010 43511  INFO  [a77212] Finished processing user request with id = a77212c2-6234-42fc-b459-87ba53e1820f in 00:00:00.0699984.
2018-11-13 00:03:24,016 43517  INFO  [8c559f] Finished processing user request with id = 8c559fa5-67d3-483b-8ee4-ec559882c0fc in 00:00:00.0327594.
2018-11-13 00:03:24,024 43525  INFO  [8aedbc] Started processing user request. Id = 8aedbcb8-a1cf-4562-9a07-1de894d1301c. Size = 5.96 KB.
2018-11-13 00:03:24,028 43529  INFO  [8aedbc] Doing some complicated stuff.. Random numbers are: 1371643523, 229004863, 1315086325.
2018-11-13 00:03:24,034 43535  INFO  [8aedbc] Here's some useful guids:
		5f026bda-578c-4197-98ab-5c19d238bfb5
		a720cd23-063c-4e35-a59a-1069d767c915
		9011f41d-7ac8-41f1-9c06-3441fa377f2c
2018-11-13 00:03:24,047 43548  INFO  [906e81] Started processing user request. Id = 906e8109-2109-4bf4-a6a7-d7e24bf64a06. Size = 45.42 KB.
2018-11-13 00:03:24,057 43558  INFO  [8aedbc] Finished processing user request with id = 8aedbcb8-a1cf-4562-9a07-1de894d1301c in 00:00:00.0331139.
2018-11-13 00:03:24,064 43565  INFO  [906e81] Doing some complicated stuff.. Random numbers are: 2018899931, 2015986496, 2038394450.
2018-11-13 00:03:24,070 43571  INFO  [c7e89a] Started processing user request. Id = c7e89ab1-754a-4b58-9adc-ad8075045546. Size = 55.52 KB.
2018-11-13 00:03:24,085 43586  INFO  [c7e89a] Doing some complicated stuff.. Random numbers are: 1273410378, 565532405, 257154313.
2018-11-13 00:03:24,110 43611  INFO  [BackgroundDaemon] Starting iteration #15546.
2018-11-13 00:03:24,111 43612  INFO  [906e81] Finished processing user request with id = 906e8109-2109-4bf4-a6a7-d7e24bf64a06 in 00:00:00.0640795.
2018-11-13 00:03:24,117 43618  INFO  [c7e89a] Finished processing user request with id = c7e89ab1-754a-4b58-9adc-ad8075045546 in 00:00:00.0467740.
2018-11-13 00:03:24,130 43631  INFO  [65b1a7] Started processing user request. Id = 65b1a747-3d93-4645-b9b7-a768decf345e. Size = 76.39 KB.
2018-11-13 00:03:24,142 43643  INFO  [24416d] Started processing user request. Id = 24416d9c-b27a-43bf-9c11-04472fdbfd08. Size = 64.63 KB.
2018-11-13 00:03:24,147 43648  INFO  [65b1a7] Doing some complicated stuff.. Random numbers are: 1223871576, 1212391711, 689818354.
2018-11-13 00:03:24,150 43651  INFO  [84deec] Started processing user request. Id = 84deec32-3b28-45e5-87f3-f244e0bd4578. Size = 83.23 KB.
2018-11-13 00:03:24,150 43651  INFO  [84deec] Doing some complicated stuff.. Random numbers are: 1379499844, 800882922, 825027026.
2018-11-13 00:03:24,150 43651  INFO  [24416d] Doing some complicated stuff.. Random numbers are: 830455014, 2002391820, 839800819.
2018-11-13 00:03:24,163 43664  INFO  [84deec] Here's some useful guids:
		2416598c-a2b1-42af-a9d1-3e555e3b6c30
		26c0cb2a-15e1-424e-b679-97e3fdfc493b
		3014a81f-33ab-42a8-8014-c1a176399cee
		2522a808-ea63-4ec1-a85e-dcd1284ee581
2018-11-13 00:03:24,169 43670  INFO  [65b1a7] Here's some useful guids:
		48ceac74-5bb7-442c-b219-de8e0974472f
		68e53370-bb68-453b-b559-eac1ec1fc283
		29522467-f118-4e62-b671-26b8dbfc1aa0
		efe6e66e-831e-4cda-a33c-e2abf63a6180
		499e9ca3-32f4-4ec7-a2ee-43193367c542
2018-11-13 00:03:24,171 43672  INFO  [24416d] Here's some useful guids:
		1c097be5-f427-419c-a215-ece137e1aa86
		4af1cbd7-5bbc-43ec-bccc-75b2b327ca20
		65cd7ddf-2853-48cf-a574-8fec6f0419b1
		2f305731-5d0b-45ea-8d49-bc2d85daf12d
		f1feaf50-bf43-4121-b42e-50346b219fef
2018-11-13 00:03:24,174 43675  INFO  [BackgroundDaemon] Processing data (14% completed)..
2018-11-13 00:03:24,180 43681  INFO  [24416d] Finished processing user request with id = 24416d9c-b27a-43bf-9c11-04472fdbfd08 in 00:00:00.0377202.
2018-11-13 00:03:24,185 43686  INFO  [65b1a7] Finished processing user request with id = 65b1a747-3d93-4645-b9b7-a768decf345e in 00:00:00.0547941.
2018-11-13 00:03:24,186 43687  INFO  [84deec] Finished processing user request with id = 84deec32-3b28-45e5-87f3-f244e0bd4578 in 00:00:00.0356710.
2018-11-13 00:03:24,196 43697  INFO  [BackgroundDaemon] Processing data (29% completed)..
2018-11-13 00:03:24,199 43700  INFO  [a05a74] Started processing user request. Id = a05a7422-f5d9-4677-b5fd-39dea1240afa. Size = 51.81 KB.
2018-11-13 00:03:24,212 43713  INFO  [80c418] Started processing user request. Id = 80c41893-3a1a-4dc3-8082-4b25c55e9ca3. Size = 50.39 KB.
2018-11-13 00:03:24,217 43718  INFO  [a05a74] Doing some complicated stuff.. Random numbers are: 958054940, 331727846, 1091375033.
2018-11-13 00:03:24,227 43728  INFO  [80c418] Doing some complicated stuff.. Random numbers are: 668580326, 552386094, 1961474260.
2018-11-13 00:03:24,232 43733  INFO  [BackgroundDaemon] Processing data (70% completed)..
2018-11-13 00:03:24,232 43733  INFO  [BackgroundDaemon] Finished iteration in 00:00:00.1218812.
2018-11-13 00:03:24,247 43748  INFO  [a05a74] Here's some useful guids:
		f8fb1e75-30fe-462f-9cd6-a0dbaf113c7b
		f2e1a722-cad7-4f0a-8b4c-c3e160f1ed3b
2018-11-13 00:03:24,254 43755  INFO  [a05a74] Finished processing user request with id = a05a7422-f5d9-4677-b5fd-39dea1240afa in 00:00:00.0552184.
2018-11-13 00:03:24,262 43763  INFO  [Metrics] Cpu: 4.76%; Memory: 19.79 GB/31.88 GB; Workers: 4/1024; IOCP: 0/1024
2018-11-13 00:03:24,267 43768  INFO  [1667c3] Started processing user request. Id = 1667c39f-59ef-4267-9162-bcf47880b901. Size = 41.6 KB.
2018-11-13 00:03:24,285 43786  INFO  [1667c3] Doing some complicated stuff.. Random numbers are: 779209235, 1323120149, 1478785769.
2018-11-13 00:03:24,292 43793  INFO  [80c418] Finished processing user request with id = 80c41893-3a1a-4dc3-8082-4b25c55e9ca3 in 00:00:00.0803011.
2018-11-13 00:03:24,318 43819  INFO  [1667c3] Finished processing user request with id = 1667c39f-59ef-4267-9162-bcf47880b901 in 00:00:00.0508012.
2018-11-13 00:03:24,324 43825  INFO  [06de7d] Started processing user request. Id = 06de7d2a-2d59-49ac-8a68-b7059335fb4e. Size = 8.93 KB.
2018-11-13 00:03:24,329 43830  INFO  [06de7d] Doing some complicated stuff.. Random numbers are: 1947817671, 678629445, 2076939858.
2018-11-13 00:03:24,331 43832  INFO  [2faa12] Started processing user request. Id = 2faa1204-b144-4160-9b70-ce84e107c9d8. Size = 85.2 KB.
2018-11-13 00:03:24,349 43850  INFO  [2faa12] Doing some complicated stuff.. Random numbers are: 1319614150, 213662867, 958484835.
2018-11-13 00:03:24,353 43854  INFO  [e17ce6] Started processing user request. Id = e17ce69a-916b-4e4f-b3a4-abc4806744d1. Size = 84.87 KB.
2018-11-13 00:03:24,368 43869  INFO  [06de7d] Finished processing user request with id = 06de7d2a-2d59-49ac-8a68-b7059335fb4e in 00:00:00.0440005.
2018-11-13 00:03:24,369 43870  INFO  [e17ce6] Doing some complicated stuff.. Random numbers are: 1661755173, 2012008822, 703570171.
2018-11-13 00:03:24,381 43882  INFO  [2faa12] Here's some useful guids:
		e8eb6329-b72c-4dc6-801f-a8119d53aa82
		ca2ca499-790d-46d0-a057-5130d5e16d84
		42cb4cc6-d40c-4970-aee8-e4fc2b18e9ae
2018-11-13 00:03:24,399 43900  INFO  [8b183c] Started processing user request. Id = 8b183c63-2295-46c0-acff-658e5b0407c0. Size = 17.52 KB.
2018-11-13 00:03:24,400 43901  INFO  [2faa12] Finished processing user request with id = 2faa1204-b144-4160-9b70-ce84e107c9d8 in 00:00:00.0690653.
2018-11-13 00:03:24,407 43908  INFO  [e17ce6] Here's some useful guids:
		3756881a-d5ea-4323-b26d-cafe9fe1da8c
2018-11-13 00:03:24,411 43913  INFO  [8b183c] Doing some complicated stuff.. Random numbers are: 2105686319, 830007125, 1432030885.
2018-11-13 00:03:24,414 43915  INFO  [314239] Started processing user request. Id = 3142392d-0951-4260-9611-7223d7f65d65. Size = 55.55 KB.
2018-11-13 00:03:24,421 43922  INFO  [e17ce6] Finished processing user request with id = e17ce69a-916b-4e4f-b3a4-abc4806744d1 in 00:00:00.0682087.
2018-11-13 00:03:24,424 43925  INFO  [314239] Doing some complicated stuff.. Random numbers are: 403629607, 1583988520, 485184171.
2018-11-13 00:03:24,432 43933  INFO  [BackgroundDaemon] Starting iteration #15547.
2018-11-13 00:03:24,436 43937  INFO  [8b183c] Here's some useful guids:
		8a606172-c6f5-4699-b0f7-a4193694e069
		8936c903-b139-4de9-af84-9c12805353b9
2018-11-13 00:03:24,439 43940  INFO  [314239] Finished processing user request with id = 3142392d-0951-4260-9611-7223d7f65d65 in 00:00:00.0249976.
2018-11-13 00:03:24,446 43947  INFO  [8b183c] Finished processing user request with id = 8b183c63-2295-46c0-acff-658e5b0407c0 in 00:00:00.0468593.
2018-11-13 00:03:24,453 43954  INFO  [067835] Started processing user request. Id = 0678354c-7bc9-475b-a25d-97c9a3e7fecc. Size = 8.32 KB.
2018-11-13 00:03:24,463 43964  INFO  [067835] Doing some complicated stuff.. Random numbers are: 119703838, 1952908365, 1685719779.
2018-11-13 00:03:24,478 43979  INFO  [078001] Started processing user request. Id = 07800128-fd43-472f-b1ac-ce60ac708020. Size = 90.76 KB.
2018-11-13 00:03:24,490 43991  INFO  [078001] Doing some complicated stuff.. Random numbers are: 1320348323, 636427964, 1955816510.
2018-11-13 00:03:24,491 43992  INFO  [067835] Finished processing user request with id = 0678354c-7bc9-475b-a25d-97c9a3e7fecc in 00:00:00.0378156.
2018-11-13 00:03:24,496 43997  INFO  [078001] Here's some useful guids:
		53fb309f-c3bd-47fe-9216-34f9e4dcbbfa
		c21c5bec-b8a9-4e79-9a99-b995f1351fb3
		76fb4ce5-3031-46a5-882a-55aff5cf0b12
2018-11-13 00:03:24,499 44000  INFO  [BackgroundDaemon] Processing data (5% completed)..
2018-11-13 00:03:24,501 44002  INFO  [078001] Finished processing user request with id = 07800128-fd43-472f-b1ac-ce60ac708020 in 00:00:00.0230437.
2018-11-13 00:03:24,505 44006  INFO  [7695dd] Started processing user request. Id = 7695dd2b-e150-4190-88af-dfb199469d6c. Size = 93.61 KB.
2018-11-13 00:03:24,522 44023  INFO  [7695dd] Doing some complicated stuff.. Random numbers are: 1859540319, 1917201495, 1328669056.
2018-11-13 00:03:24,532 44033  INFO  [31b5d0] Started processing user request. Id = 31b5d0aa-7e9a-4949-85df-dea307d955cf. Size = 2.62 KB.
2018-11-13 00:03:24,549 44050  INFO  [BackgroundDaemon] Processing data (20% completed)..
2018-11-13 00:03:24,551 44052  INFO  [31b5d0] Doing some complicated stuff.. Random numbers are: 501399864, 1398681484, 495246606.
2018-11-13 00:03:24,553 44054  ERROR [7695dd] 
System.InvalidOperationException: Oh no! An error occurred!
2018-11-13 00:03:24,567 44068  INFO  [fd519f] Started processing user request. Id = fd519f94-1c7d-4106-8cf0-e64619b0ce88. Size = 80.03 KB.
2018-11-13 00:03:24,574 44075  INFO  [BackgroundDaemon] Processing data (93% completed)..
2018-11-13 00:03:24,574 44075  INFO  [BackgroundDaemon] Finished iteration in 00:00:00.1419189.
2018-11-13 00:03:24,586 44087  INFO  [fd519f] Doing some complicated stuff.. Random numbers are: 803897125, 636277339, 605209712.
2018-11-13 00:03:24,589 44090  INFO  [9107cb] Started processing user request. Id = 9107cb25-12ed-4dc4-b3a4-833b2ff0267c. Size = 88.15 KB.
2018-11-13 00:03:24,605 44106  INFO  [31b5d0] Finished processing user request with id = 31b5d0aa-7e9a-4949-85df-dea307d955cf in 00:00:00.0727277.
2018-11-13 00:03:24,606 44107  INFO  [9107cb] Doing some complicated stuff.. Random numbers are: 1513861451, 564165490, 1674040663.
2018-11-13 00:03:24,624 44125  INFO  [fd519f] Finished processing user request with id = fd519f94-1c7d-4106-8cf0-e64619b0ce88 in 00:00:00.0571336.
2018-11-13 00:03:24,624 44125  ERROR [9107cb] 
System.InvalidOperationException: Oh no! An error occurred!
2018-11-13 00:03:24,636 44137  INFO  [d7f922] Started processing user request. Id = d7f922ba-b8f1-43ec-b0df-bf6de193b64f. Size = 41.18 KB.
2018-11-13 00:03:24,637 44138  INFO  [9bac63] Started processing user request. Id = 9bac638b-a11a-4b23-a9f0-a0fb64e1d9f8. Size = 23.15 KB.
2018-11-13 00:03:24,641 44142  INFO  [9bac63] Doing some complicated stuff.. Random numbers are: 294025064, 740188987, 1627519860.
2018-11-13 00:03:24,649 44150  INFO  [d7f922] Doing some complicated stuff.. Random numbers are: 1272803771, 1308688752, 1251732178.
2018-11-13 00:03:24,655 44156  INFO  [9bac63] Here's some useful guids:
		307c9bb4-3c6e-467c-a732-32fbd9c1d315
		bcc374e7-d9bf-4d76-94f1-f2377624f5ec
2018-11-13 00:03:24,655 44156  INFO  [9bac63] Finished processing user request with id = 9bac638b-a11a-4b23-a9f0-a0fb64e1d9f8 in 00:00:00.0177875.
2018-11-13 00:03:24,669 44170  INFO  [8c5004] Started processing user request. Id = 8c50047b-47b3-498c-abe8-8d5d7b8193f4. Size = 94.86 KB.
2018-11-13 00:03:24,685 44187  INFO  [8c5004] Doing some complicated stuff.. Random numbers are: 120792062, 1076278320, 2009545339.
2018-11-13 00:03:24,704 44205  INFO  [d7f922] Finished processing user request with id = d7f922ba-b8f1-43ec-b0df-bf6de193b64f in 00:00:00.0673671.
2018-11-13 00:03:24,735 44236  INFO  [8c5004] Finished processing user request with id = 8c50047b-47b3-498c-abe8-8d5d7b8193f4 in 00:00:00.0656654.
2018-11-13 00:03:24,736 44237  INFO  [0c7df4] Started processing user request. Id = 0c7df4f3-641a-4349-9efa-7c67b12cf875. Size = 4.23 KB.
2018-11-13 00:03:24,749 44250  INFO  [51cc6b] Started processing user request. Id = 51cc6b86-8999-4727-bd4a-d34b1eca87e3. Size = 66.08 KB.
2018-11-13 00:03:24,750 44251  INFO  [0c7df4] Doing some complicated stuff.. Random numbers are: 432163286, 1456416891, 1468103523.
2018-11-13 00:03:24,759 44260  INFO  [0c7df4] Finished processing user request with id = 0c7df4f3-641a-4349-9efa-7c67b12cf875 in 00:00:00.0234088.
2018-11-13 00:03:24,761 44262  INFO  [Metrics] Cpu: 4.76%; Memory: 19.79 GB/31.88 GB; Workers: 4/1024; IOCP: 0/1024
2018-11-13 00:03:24,767 44268  INFO  [51cc6b] Doing some complicated stuff.. Random numbers are: 1598743722, 176807070, 1649442618.
2018-11-13 00:03:24,774 44275  INFO  [BackgroundDaemon] Starting iteration #15548.
2018-11-13 00:03:24,781 44282  INFO  [51cc6b] Here's some useful guids:
		9fea0295-86a8-4745-a0b3-f2deb0a5b834
2018-11-13 00:03:24,787 44288  INFO  [51cc6b] Finished processing user request with id = 51cc6b86-8999-4727-bd4a-d34b1eca87e3 in 00:00:00.0385707.
2018-11-13 00:03:24,790 44291  INFO  [18fbc4] Started processing user request. Id = 18fbc428-5abd-4437-bf6a-107d728dad5d. Size = 91.93 KB.
2018-11-13 00:03:24,791 44292  INFO  [573181] Started processing user request. Id = 573181bb-5555-4e65-a296-31cf83a9c927. Size = 85.14 KB.
2018-11-13 00:03:24,795 44296  INFO  [BackgroundDaemon] Processing data (7% completed)..
2018-11-13 00:03:24,800 44301  INFO  [573181] Doing some complicated stuff.. Random numbers are: 1192807302, 675187315, 272046902.
2018-11-13 00:03:24,801 44302  INFO  [80e13b] Started processing user request. Id = 80e13b1a-374b-491c-9930-afd37409bb78. Size = 20.5 KB.
2018-11-13 00:03:24,810 44311  INFO  [18fbc4] Doing some complicated stuff.. Random numbers are: 357457827, 1807869454, 1797631952.
2018-11-13 00:03:24,812 44313  INFO  [80e13b] Doing some complicated stuff.. Random numbers are: 27792859, 300562967, 1647083298.
2018-11-13 00:03:24,835 44336  INFO  [18fbc4] Here's some useful guids:
		2be7f8fa-c07b-4661-b1fa-12f67e1897f1
		16b4f7c1-cb09-4bdb-b638-2e12916168cb
		34289a0e-8ef9-47f5-9025-d00093dbec75
		dbd7a2d5-3e10-40e7-9254-887c0e820c6c
2018-11-13 00:03:24,836 44337  INFO  [573181] Finished processing user request with id = 573181bb-5555-4e65-a296-31cf83a9c927 in 00:00:00.0450940.
2018-11-13 00:03:24,842 44343  INFO  [18fbc4] Finished processing user request with id = 18fbc428-5abd-4437-bf6a-107d728dad5d in 00:00:00.0520792.
2018-11-13 00:03:24,852 44353  INFO  [80e13b] Finished processing user request with id = 80e13b1a-374b-491c-9930-afd37409bb78 in 00:00:00.0513417.
2018-11-13 00:03:24,865 44366  INFO  [82568d] Started processing user request. Id = 82568d94-42ba-4cc9-b0de-19aec356f20d. Size = 11.59 KB.
2018-11-13 00:03:24,873 44374  INFO  [5383e3] Started processing user request. Id = 5383e3f8-16f8-4c52-8567-4da7bec2396b. Size = 32.31 KB.
2018-11-13 00:03:24,876 44377  INFO  [82568d] Doing some complicated stuff.. Random numbers are: 1714708129, 554646556, 914883620.
2018-11-13 00:03:24,877 44378  INFO  [5383e3] Doing some complicated stuff.. Random numbers are: 1925551764, 109761147, 653977499.
2018-11-13 00:03:24,888 44390  INFO  [BackgroundDaemon] Processing data (38% completed)..
2018-11-13 00:03:24,910 44411  INFO  [82568d] Here's some useful guids:
		7622a9e0-7aed-41da-ba2b-2c673f04c826
2018-11-13 00:03:24,913 44414  INFO  [5383e3] Finished processing user request with id = 5383e3f8-16f8-4c52-8567-4da7bec2396b in 00:00:00.0400052.
2018-11-13 00:03:24,931 44432  INFO  [BackgroundDaemon] Processing data (53% completed)..
2018-11-13 00:03:24,931 44432  INFO  [BackgroundDaemon] Finished iteration in 00:00:00.1564573.
2018-11-13 00:03:24,933 44434  INFO  [82568d] Finished processing user request with id = 82568d94-42ba-4cc9-b0de-19aec356f20d in 00:00:00.0676618.
2018-11-13 00:03:24,945 44446  INFO  [6a2a9c] Started processing user request. Id = 6a2a9cda-ddec-41b4-8538-269b546863cf. Size = 93.11 KB.
2018-11-13 00:03:24,945 44446  INFO  [6a2a9c] Doing some complicated stuff.. Random numbers are: 1168331362, 608238961, 732318315.
2018-11-13 00:03:24,947 44448  INFO  [bf4517] Started processing user request. Id = bf4517c9-3586-415f-8564-91745ab45615. Size = 43.04 KB.
2018-11-13 00:03:24,959 44460  INFO  [bf4517] Doing some complicated stuff.. Random numbers are: 1599446227, 1559569557, 955347009.
2018-11-13 00:03:24,985 44486  INFO  [6a2a9c] Here's some useful guids:
		2b7341b6-240c-47bc-89e8-096ea59b8860
		66d8bcb3-bc60-4aac-a04e-c7af6017791b
		dc61b213-f4f2-41e7-8502-f4f30554b4c7
2018-11-13 00:03:24,998 44499  INFO  [bf4517] Here's some useful guids:
		6670f6a4-7a0a-4986-84ea-fb70fc8c535d
		44a31889-d3fd-409f-9859-0409673a7813
		53229d0a-75ec-41c7-ab42-86d62984bdec
2018-11-13 00:03:24,999 44500  INFO  [6a2a9c] Finished processing user request with id = 6a2a9cda-ddec-41b4-8538-269b546863cf in 00:00:00.0539123.
2018-11-13 00:03:25,002 44503  INFO  [bf4517] Finished processing user request with id = bf4517c9-3586-415f-8564-91745ab45615 in 00:00:00.0549389.
2018-11-13 00:03:25,004 44505  INFO  [8f7af6] Started processing user request. Id = 8f7af690-0e20-4214-a65d-8aeac9dec512. Size = 34.14 KB.
2018-11-13 00:03:25,015 44516  INFO  [870bba] Started processing user request. Id = 870bba15-0c41-4142-a160-aef01539ba83. Size = 96.83 KB.
2018-11-13 00:03:25,023 44524  INFO  [8f7af6] Doing some complicated stuff.. Random numbers are: 2132930573, 364460859, 1428320578.
2018-11-13 00:03:25,028 44529  INFO  [870bba] Doing some complicated stuff.. Random numbers are: 463821131, 1965124406, 1228264494.
2018-11-13 00:03:25,030 44531  INFO  [890229] Started processing user request. Id = 89022970-4436-4902-87e7-7c2c4589b7b9. Size = 26.28 KB.
2018-11-13 00:03:25,033 44535  INFO  [890229] Doing some complicated stuff.. Random numbers are: 1510421443, 189674231, 631470752.
2018-11-13 00:03:25,049 44551  INFO  [8f7af6] Finished processing user request with id = 8f7af690-0e20-4214-a65d-8aeac9dec512 in 00:00:00.0455641.
2018-11-13 00:03:25,061 44562  INFO  [870bba] Here's some useful guids:
		ada259af-412c-4983-8830-201e64fba02d
		5980d868-3692-4026-84c3-3754d17665d8
		d2f1f4b2-2c02-4d72-bf71-160bc1021a11
		1376091c-d16e-4b73-8a36-25173f3af563
		fdef1cb1-6566-4eae-8a8b-c30d0b0416a4
2018-11-13 00:03:25,081 44583  INFO  [870bba] Finished processing user request with id = 870bba15-0c41-4142-a160-aef01539ba83 in 00:00:00.0660402.
2018-11-13 00:03:25,086 44587  INFO  [890229] Finished processing user request with id = 89022970-4436-4902-87e7-7c2c4589b7b9 in 00:00:00.0559553.
2018-11-13 00:03:25,096 44597  INFO  [b9aae4] Started processing user request. Id = b9aae43a-4444-4890-9058-e31ca40c380f. Size = 77.72 KB.
2018-11-13 00:03:25,102 44603  INFO  [b9aae4] Doing some complicated stuff.. Random numbers are: 611207931, 1992684692, 1316051406.
2018-11-13 00:03:25,118 44619  INFO  [2f0fe5] Started processing user request. Id = 2f0fe538-2393-47c4-ad39-eb55a387d3f2. Size = 76.53 KB.
2018-11-13 00:03:25,131 44632  INFO  [BackgroundDaemon] Starting iteration #15549.
2018-11-13 00:03:25,136 44637  INFO  [2f0fe5] Doing some complicated stuff.. Random numbers are: 751756267, 1981370012, 1127842930.
2018-11-13 00:03:25,144 44645  INFO  [2f0fe5] Here's some useful guids:
		0a8c41c2-52ec-4fa6-8f25-a147ff26fbfa
		ecf53b2a-507b-4125-a721-2b28455ed4b7
		9645f9d3-fe5b-474f-be25-8aeba81c50ac
		0e5f7cb6-09aa-4221-bcdf-839511cd7cad
		911ccec2-3e53-42ea-9b5b-0303666f5d4f
2018-11-13 00:03:25,149 44650  INFO  [2f0fe5] Finished processing user request with id = 2f0fe538-2393-47c4-ad39-eb55a387d3f2 in 00:00:00.0312163.
2018-11-13 00:03:25,159 44660  INFO  [b9aae4] Finished processing user request with id = b9aae43a-4444-4890-9058-e31ca40c380f in 00:00:00.0633807.
2018-11-13 00:03:25,166 44667  INFO  [BackgroundDaemon] Processing data (4% completed)..
2018-11-13 00:03:25,173 44674  INFO  [2d7d3c] Started processing user request. Id = 2d7d3cf9-38fe-4110-bba0-2cc661d35d17. Size = 23.5 KB.
2018-11-13 00:03:25,178 44679  INFO  [2d7d3c] Doing some complicated stuff.. Random numbers are: 588811783, 764589063, 1333893438.
2018-11-13 00:03:25,181 44682  INFO  [577b28] Started processing user request. Id = 577b2879-918f-4555-aaec-df43dc570825. Size = 88.01 KB.
2018-11-13 00:03:25,191 44692  INFO  [577b28] Doing some complicated stuff.. Random numbers are: 1716951403, 327880741, 1322653045.
2018-11-13 00:03:25,199 44700  INFO  [577b28] Here's some useful guids:
		623cd831-b2a0-4cc8-a35c-c1a69ec5bb01
		0d3b698d-f398-43dc-9d49-1bc156023857
2018-11-13 00:03:25,208 44709  INFO  [2d7d3c] Here's some useful guids:
		f86499a6-b52a-4ca3-a99d-8eb833ea0338
		a2bc5e52-bbc0-44f3-9a49-a90a3258c9ea
		9ed88b3f-1895-424c-8664-092911293250
2018-11-13 00:03:25,217 44718  INFO  [d6ec8c] Started processing user request. Id = d6ec8c0b-2a5b-4433-bb03-772b72a4b0a0. Size = 71.67 KB.
2018-11-13 00:03:25,221 44722  INFO  [577b28] Finished processing user request with id = 577b2879-918f-4555-aaec-df43dc570825 in 00:00:00.0395633.
2018-11-13 00:03:25,227 44728  INFO  [d6ec8c] Doing some complicated stuff.. Random numbers are: 472174313, 189793458, 203184332.
2018-11-13 00:03:25,234 44735  INFO  [2d7d3c] Finished processing user request with id = 2d7d3cf9-38fe-4110-bba0-2cc661d35d17 in 00:00:00.0611757.
2018-11-13 00:03:25,245 44746  INFO  [BackgroundDaemon] Processing data (41% completed)..
2018-11-13 00:03:25,247 44748  INFO  [17b253] Started processing user request. Id = 17b25363-f907-4fd9-886d-07f826afa1a0. Size = 16.51 KB.
2018-11-13 00:03:25,252 44753  INFO  [a34e6c] Started processing user request. Id = a34e6c1a-4c68-4c34-9f0c-0a839b03abfa. Size = 82.78 KB.
2018-11-13 00:03:25,255 44756  INFO  [17b253] Doing some complicated stuff.. Random numbers are: 467824477, 1146578030, 56608080.
2018-11-13 00:03:25,255 44756  ERROR [d6ec8c] 
System.InvalidOperationException: Oh no! An error occurred!
2018-11-13 00:03:25,260 44761  INFO  [Metrics] Cpu: 0.79%; Memory: 19.79 GB/31.88 GB; Workers: 4/1024; IOCP: 0/1024
2018-11-13 00:03:25,261 44762  INFO  [a34e6c] Doing some complicated stuff.. Random numbers are: 395253521, 1768648081, 669353386.
2018-11-13 00:03:25,279 44780  INFO  [17b253] Here's some useful guids:
		b23c4ca1-9f4d-4121-92a3-9203ab0bdd84
		e1d3fe0a-d196-4c10-b2f6-2f7c8ca34630
2018-11-13 00:03:25,300 44801  INFO  [a34e6c] Here's some useful guids:
		2a4cf483-c6cf-45a2-aacf-79f7bb3db1e7
		5758891f-698c-4c6c-90f0-f5b1fc753846
		1519a507-ee1d-4651-aef2-9feb20cf006a
		4297969d-c22f-4bcb-a286-b58049325e53
2018-11-13 00:03:25,302 44803  INFO  [a34e6c] Finished processing user request with id = a34e6c1a-4c68-4c34-9f0c-0a839b03abfa in 00:00:00.0501106.
2018-11-13 00:03:25,306 44807  INFO  [17b253] Finished processing user request with id = 17b25363-f907-4fd9-886d-07f826afa1a0 in 00:00:00.0591101.
2018-11-13 00:03:25,320 44821  INFO  [6f2bf0] Started processing user request. Id = 6f2bf0fb-1771-4e15-93e6-9f4ce0157a62. Size = 60.6 KB.
2018-11-13 00:03:25,333 44834  INFO  [6f2bf0] Doing some complicated stuff.. Random numbers are: 1154576285, 846781100, 1009233628.
2018-11-13 00:03:25,334 44835  INFO  [803010] Started processing user request. Id = 80301096-b5db-4045-b220-e57a8a60cbb6. Size = 40.86 KB.
2018-11-13 00:03:25,338 44839  INFO  [BackgroundDaemon] Processing data (61% completed)..
2018-11-13 00:03:25,338 44839  INFO  [BackgroundDaemon] Finished iteration in 00:00:00.2070010.
2018-11-13 00:03:25,344 44845  INFO  [803010] Doing some complicated stuff.. Random numbers are: 510301126, 658022771, 415243525.
2018-11-13 00:03:25,361 44862  INFO  [6f2bf0] Here's some useful guids:
		a06f6da8-03f3-4a97-8a0b-b36b7dded2b5
		15efd657-c595-434f-a50a-1da51260f331
2018-11-13 00:03:25,363 44864  INFO  [803010] Finished processing user request with id = 80301096-b5db-4045-b220-e57a8a60cbb6 in 00:00:00.0292228.
2018-11-13 00:03:25,385 44886  INFO  [6f2bf0] Finished processing user request with id = 6f2bf0fb-1771-4e15-93e6-9f4ce0157a62 in 00:00:00.0653062.
2018-11-13 00:03:25,394 44895  INFO  [e01529] Started processing user request. Id = e0152905-4e7d-4fde-9b38-1447f3d9fbd2. Size = 6.31 KB.
2018-11-13 00:03:25,399 44900  INFO  [28df08] Started processing user request. Id = 28df0822-f5d3-47e4-a482-6a6dd8eb5651. Size = 51.37 KB.
2018-11-13 00:03:25,401 44902  INFO  [28df08] Doing some complicated stuff.. Random numbers are: 1449569680, 371442703, 1878220688.
2018-11-13 00:03:25,412 44913  INFO  [e01529] Doing some complicated stuff.. Random numbers are: 58694603, 620491341, 1772184701.
2018-11-13 00:03:25,413 44914  INFO  [28df08] Finished processing user request with id = 28df0822-f5d3-47e4-a482-6a6dd8eb5651 in 00:00:00.0140275.
2018-11-13 00:03:25,423 44924  INFO  [8d162a] Started processing user request. Id = 8d162a65-7ccc-4d9d-9c96-e72804a5944b. Size = 29.22 KB.
2018-11-13 00:03:25,426 44927  INFO  [169d95] Started processing user request. Id = 169d9553-99cf-4a11-8de7-86322281b49c. Size = 17.12 KB.
2018-11-13 00:03:25,431 44932  INFO  [8d162a] Doing some complicated stuff.. Random numbers are: 1274325906, 435714546, 1551524674.
2018-11-13 00:03:25,434 44935  INFO  [169d95] Doing some complicated stuff.. Random numbers are: 739736001, 733179804, 827982178.
2018-11-13 00:03:25,448 44949  ERROR [e01529] 
System.InvalidOperationException: Oh no! An error occurred!
2018-11-13 00:03:25,473 44974  INFO  [169d95] Finished processing user request with id = 169d9553-99cf-4a11-8de7-86322281b49c in 00:00:00.0469438.
2018-11-13 00:03:25,479 44980  INFO  [5c1062] Started processing user request. Id = 5c1062b7-6293-496c-8661-ade076fe9c61. Size = 8.58 KB.
2018-11-13 00:03:25,486 44987  INFO  [8d162a] Finished processing user request with id = 8d162a65-7ccc-4d9d-9c96-e72804a5944b in 00:00:00.0631106.
2018-11-13 00:03:25,486 44987  INFO  [1cb7af] Started processing user request. Id = 1cb7afe6-481d-4e04-86b3-18eea7aa6241. Size = 25.35 KB.
2018-11-13 00:03:25,493 44994  INFO  [1cb7af] Doing some complicated stuff.. Random numbers are: 294986435, 1304005345, 2129001511.
2018-11-13 00:03:25,496 44997  INFO  [5c1062] Doing some complicated stuff.. Random numbers are: 1825078528, 520036010, 90481948.
2018-11-13 00:03:25,512 45014  INFO  [5c1062] Finished processing user request with id = 5c1062b7-6293-496c-8661-ade076fe9c61 in 00:00:00.0331391.
2018-11-13 00:03:25,539 45040  INFO  [BackgroundDaemon] Starting iteration #15550.
2018-11-13 00:03:25,544 45045  INFO  [02993e] Started processing user request. Id = 02993ee6-eb71-4c0c-9c89-59861d1cb070. Size = 51.67 KB.
2018-11-13 00:03:25,551 45053  INFO  [1cb7af] Finished processing user request with id = 1cb7afe6-481d-4e04-86b3-18eea7aa6241 in 00:00:00.0650924.
2018-11-13 00:03:25,556 45058  INFO  [02993e] Doing some complicated stuff.. Random numbers are: 1215217785, 1971510659, 1832748723.
2018-11-13 00:03:25,565 45067  INFO  [2749ba] Started processing user request. Id = 2749ba25-5e26-42c2-9015-9a657ee48577. Size = 86.35 KB.
2018-11-13 00:03:25,584 45085  INFO  [2749ba] Doing some complicated stuff.. Random numbers are: 1963752691, 1266698909, 1804175467.
2018-11-13 00:03:25,596 45097  INFO  [BackgroundDaemon] Processing data (14% completed)..
2018-11-13 00:03:25,599 45100  INFO  [02993e] Finished processing user request with id = 02993ee6-eb71-4c0c-9c89-59861d1cb070 in 00:00:00.0556166.
2018-11-13 00:03:25,610 45111  INFO  [2749ba] Finished processing user request with id = 2749ba25-5e26-42c2-9015-9a657ee48577 in 00:00:00.0447092.
2018-11-13 00:03:25,624 45125  INFO  [BackgroundDaemon] Processing data (49% completed)..
2018-11-13 00:03:25,624 45125  INFO  [ddadb8] Started processing user request. Id = ddadb8ad-804c-4ef4-9878-09d1eacf8ab7. Size = 73.16 KB.
2018-11-13 00:03:25,624 45125  INFO  [ddadb8] Doing some complicated stuff.. Random numbers are: 1415840989, 2006463939, 1954328470.
2018-11-13 00:03:25,631 45132  INFO  [e52ed7] Started processing user request. Id = e52ed774-b055-437d-90e0-f802d4e07daa. Size = 28.21 KB.
2018-11-13 00:03:25,641 45142  INFO  [e52ed7] Doing some complicated stuff.. Random numbers are: 2060120863, 493229076, 1277617722.
2018-11-13 00:03:25,653 45154  INFO  [ddadb8] Finished processing user request with id = ddadb8ad-804c-4ef4-9878-09d1eacf8ab7 in 00:00:00.0294844.
2018-11-13 00:03:25,654 45155  INFO  [54cb6a] Started processing user request. Id = 54cb6af2-1fe9-4b57-9cf2-62abffd9e1ee. Size = 30.36 KB.
2018-11-13 00:03:25,654 45156  INFO  [e52ed7] Here's some useful guids:
		d39f1ad2-f399-463f-8fc5-536560f3e490
		4c5d7dff-9696-46ed-b127-2d615787d8b3
		7b427182-f1ad-428b-90da-5cdeeeac1b78
		ff06b4aa-fcec-4ede-baf0-b92c1b994813
2018-11-13 00:03:25,658 45160  INFO  [BackgroundDaemon] Processing data (57% completed)..
2018-11-13 00:03:25,658 45160  INFO  [BackgroundDaemon] Finished iteration in 00:00:00.1194188.
2018-11-13 00:03:25,663 45164  INFO  [54cb6a] Doing some complicated stuff.. Random numbers are: 1389708271, 1319784579, 1238492221.
2018-11-13 00:03:25,666 45168  INFO  [516e08] Started processing user request. Id = 516e08ea-ff90-4974-93d2-7338fba64ba8. Size = 26.79 KB.
2018-11-13 00:03:25,672 45173  INFO  [516e08] Doing some complicated stuff.. Random numbers are: 326594107, 1874665567, 1291027376.
2018-11-13 00:03:25,677 45178  INFO  [516e08] Here's some useful guids:
		aca3e1a6-ab0e-49a2-9d29-5cfadf233c5f
2018-11-13 00:03:25,683 45184  INFO  [e52ed7] Finished processing user request with id = e52ed774-b055-437d-90e0-f802d4e07daa in 00:00:00.0519801.
2018-11-13 00:03:25,692 45193  INFO  [54cb6a] Finished processing user request with id = 54cb6af2-1fe9-4b57-9cf2-62abffd9e1ee in 00:00:00.0376833.
2018-11-13 00:03:25,693 45194  ERROR [516e08] 
System.InvalidOperationException: Oh no! An error occurred!
2018-11-13 00:03:25,706 45207  INFO  [026026] Started processing user request. Id = 026026fd-5146-4a7a-b2f9-301cf4d61f75. Size = 89.92 KB.
2018-11-13 00:03:25,708 45209  INFO  [026026] Doing some complicated stuff.. Random numbers are: 1481424283, 1013578378, 567543577.
2018-11-13 00:03:25,714 45215  INFO  [c9f69a] Started processing user request. Id = c9f69aca-b652-4bc0-a0bd-c702320b730c. Size = 11.07 KB.
2018-11-13 00:03:25,722 45223  INFO  [c9f69a] Doing some complicated stuff.. Random numbers are: 611065817, 1048327516, 1054464374.
2018-11-13 00:03:25,734 45235  INFO  [026026] Finished processing user request with id = 026026fd-5146-4a7a-b2f9-301cf4d61f75 in 00:00:00.0286932.
2018-11-13 00:03:25,740 45242  INFO  [c9f69a] Finished processing user request with id = c9f69aca-b652-4bc0-a0bd-c702320b730c in 00:00:00.0261536.
2018-11-13 00:03:25,747 45249  INFO  [c552c0] Started processing user request. Id = c552c08d-b5b3-44e5-b00c-7a398e106752. Size = 57.37 KB.
2018-11-13 00:03:25,759 45260  INFO  [c552c0] Doing some complicated stuff.. Random numbers are: 1497345694, 1250787072, 732165158.
2018-11-13 00:03:25,760 45261  INFO  [Metrics] Cpu: 0.79%; Memory: 19.79 GB/31.88 GB; Workers: 4/1024; IOCP: 0/1024
2018-11-13 00:03:25,772 45273  INFO  [87e5b6] Started processing user request. Id = 87e5b68e-5c71-43d4-accf-ac5bda940b89. Size = 17.09 KB.
2018-11-13 00:03:25,777 45278  INFO  [c552c0] Here's some useful guids:
		cfb6da25-8000-48ce-8e22-c054e7926ac1
		65430fa8-f5da-496b-9ce5-5981009d7976
		dce481cc-c89f-4bdf-a03b-6ab9a1ae63d1
2018-11-13 00:03:25,779 45280  INFO  [c552c0] Finished processing user request with id = c552c08d-b5b3-44e5-b00c-7a398e106752 in 00:00:00.0318767.
2018-11-13 00:03:25,782 45283  INFO  [87e5b6] Doing some complicated stuff.. Random numbers are: 316791430, 1228776985, 1750858943.
2018-11-13 00:03:25,792 45293  INFO  [090308] Started processing user request. Id = 090308b1-9d86-45d8-870f-de9095134e6c. Size = 38.8 KB.
2018-11-13 00:03:25,807 45308  INFO  [87e5b6] Here's some useful guids:
		557db998-6f42-4469-be6a-9d81acb74707
		2d62e272-7f1d-40c2-94e4-2f83e3225f15
		df7c6a4b-48eb-4690-ab39-0d553845a9a6
2018-11-13 00:03:25,811 45312  INFO  [090308] Doing some complicated stuff.. Random numbers are: 1906703851, 606557726, 1500665058.
2018-11-13 00:03:25,820 45321  INFO  [87e5b6] Finished processing user request with id = 87e5b68e-5c71-43d4-accf-ac5bda940b89 in 00:00:00.0480279.
2018-11-13 00:03:25,829 45330  INFO  [090308] Here's some useful guids:
		76162232-f295-4f1d-bcc0-9b7db2a47afe
		9afdd2c1-9e3c-4f9c-baf9-c340d0a5897d
		3ae5f84d-71e0-471c-a838-58a9f4a3c2a9
2018-11-13 00:03:25,829 45330  INFO  [090308] Finished processing user request with id = 090308b1-9d86-45d8-870f-de9095134e6c in 00:00:00.0364590.
2018-11-13 00:03:25,842 45343  INFO  [cca215] Started processing user request. Id = cca215df-481d-40b7-9ae6-05d500161668. Size = 76.73 KB.
2018-11-13 00:03:25,846 45347  INFO  [cca215] Doing some complicated stuff.. Random numbers are: 1646104367, 291532077, 1681344663.
2018-11-13 00:03:25,852 45353  INFO  [64a8bb] Started processing user request. Id = 64a8bb18-2f13-4daf-8b8a-230ab85c3617. Size = 829 B.
2018-11-13 00:03:25,854 45355  INFO  [cca215] Finished processing user request with id = cca215df-481d-40b7-9ae6-05d500161668 in 00:00:00.0113930.
2018-11-13 00:03:25,855 45356  INFO  [64a8bb] Doing some complicated stuff.. Random numbers are: 1600045441, 1296973247, 411646181.
2018-11-13 00:03:25,858 45360  INFO  [BackgroundDaemon] Starting iteration #15551.
2018-11-13 00:03:25,860 45361  INFO  [7842e3] Started processing user request. Id = 7842e304-d797-4528-9a52-c2d0a1f01ebd. Size = 16.25 KB.
2018-11-13 00:03:25,867 45368  INFO  [0a07e3] Started processing user request. Id = 0a07e30f-1236-46f7-937d-2d63ce2541e2. Size = 38.77 KB.
2018-11-13 00:03:25,874 45375  INFO  [7842e3] Doing some complicated stuff.. Random numbers are: 408850700, 1390530067, 1593980191.
2018-11-13 00:03:25,879 45380  INFO  [0a07e3] Doing some complicated stuff.. Random numbers are: 166422589, 1693105369, 83642845.
2018-11-13 00:03:25,901 45402  INFO  [0a07e3] Finished processing user request with id = 0a07e30f-1236-46f7-937d-2d63ce2541e2 in 00:00:00.0338675.
2018-11-13 00:03:25,906 45407  INFO  [64a8bb] Finished processing user request with id = 64a8bb18-2f13-4daf-8b8a-230ab85c3617 in 00:00:00.0541999.
2018-11-13 00:03:25,914 45415  INFO  [bf520e] Started processing user request. Id = bf520eed-2721-4879-aa65-ad16e10a61dd. Size = 79.61 KB.
2018-11-13 00:03:25,923 45424  INFO  [bf520e] Doing some complicated stuff.. Random numbers are: 1026237603, 1295869399, 649248272.
2018-11-13 00:03:25,937 45438  INFO  [b7659c] Started processing user request. Id = b7659c4b-42f6-48c1-b5ad-9590517be775. Size = 29.42 KB.
2018-11-13 00:03:25,939 45440  INFO  [7842e3] Finished processing user request with id = 7842e304-d797-4528-9a52-c2d0a1f01ebd in 00:00:00.0797437.
2018-11-13 00:03:25,948 45449  INFO  [b7659c] Doing some complicated stuff.. Random numbers are: 1864770373, 844795087, 271356384.
2018-11-13 00:03:25,951 45452  INFO  [BackgroundDaemon] Processing data (8% completed)..
2018-11-13 00:03:25,953 45454  INFO  [bf520e] Here's some useful guids:
		1628af73-3319-4324-bcd7-8f697d63b165
2018-11-13 00:03:25,953 45454  INFO  [bf520e] Finished processing user request with id = bf520eed-2721-4879-aa65-ad16e10a61dd in 00:00:00.0382633.
2018-11-13 00:03:25,966 45468  INFO  [64654f] Started processing user request. Id = 64654f38-7225-4275-84d3-8d1d1564d031. Size = 97.26 KB.
2018-11-13 00:03:25,966 45468  INFO  [64654f] Doing some complicated stuff.. Random numbers are: 2022173592, 1644497855, 1773057118.
2018-11-13 00:03:25,975 45476  INFO  [BackgroundDaemon] Processing data (39% completed)..
2018-11-13 00:03:25,982 45484  INFO  [64654f] Finished processing user request with id = 64654f38-7225-4275-84d3-8d1d1564d031 in 00:00:00.0160764.
2018-11-13 00:03:25,985 45486  INFO  [b7659c] Here's some useful guids:
		ed0250ba-eaf7-4e88-9c69-2fd6529e920c
		85bcf45a-1738-4ae5-9ee8-fbf199728315
		f0bfb09b-53ad-4abb-ac5f-2251bd5d7527
2018-11-13 00:03:25,992 45493  INFO  [b7659c] Finished processing user request with id = b7659c4b-42f6-48c1-b5ad-9590517be775 in 00:00:00.0542847.
2018-11-13 00:03:25,996 45497  INFO  [5e6278] Started processing user request. Id = 5e6278e7-f7f2-4946-a373-529ff3e887a0. Size = 55.11 KB.
2018-11-13 00:03:26,011 45512  INFO  [5e6278] Doing some complicated stuff.. Random numbers are: 456455270, 1040386101, 145313930.
2018-11-13 00:03:26,023 45524  INFO  [a45492] Started processing user request. Id = a45492ff-803b-4b46-8b50-bf0034940981. Size = 7.35 KB.
2018-11-13 00:03:26,028 45529  INFO  [BackgroundDaemon] Processing data (51% completed)..
2018-11-13 00:03:26,028 45529  INFO  [BackgroundDaemon] Finished iteration in 00:00:00.1694408.
2018-11-13 00:03:26,035 45536  INFO  [a45492] Doing some complicated stuff.. Random numbers are: 676450082, 1569076028, 1698927063.
2018-11-13 00:03:26,040 45542  ERROR [a45492] 
System.InvalidOperationException: Oh no! An error occurred!
2018-11-13 00:03:26,072 45573  INFO  [5e6278] Finished processing user request with id = 5e6278e7-f7f2-4946-a373-529ff3e887a0 in 00:00:00.0761250.
2018-11-13 00:03:26,072 45573  INFO  [8a8f31] Started processing user request. Id = 8a8f31ad-4c2b-4722-a02c-54604e9ed007. Size = 14.13 KB.
2018-11-13 00:03:26,084 45585  INFO  [8a8f31] Doing some complicated stuff.. Random numbers are: 1122626715, 1796432937, 1977478637.
2018-11-13 00:03:26,085 45586  INFO  [f3ef9a] Started processing user request. Id = f3ef9ab8-92e7-4bbc-b048-5e2cb22022dd. Size = 15.71 KB.
2018-11-13 00:03:26,102 45603  INFO  [f3ef9a] Doing some complicated stuff.. Random numbers are: 339522264, 2087910975, 1830174114.
2018-11-13 00:03:26,106 45607  INFO  [b643d6] Started processing user request. Id = b643d625-da46-4fbb-b693-82e903a28bed. Size = 67.9 KB.
2018-11-13 00:03:26,121 45623  INFO  [b643d6] Doing some complicated stuff.. Random numbers are: 760009419, 653323566, 1550176724.
2018-11-13 00:03:26,124 45626  INFO  [8a8f31] Finished processing user request with id = 8a8f31ad-4c2b-4722-a02c-54604e9ed007 in 00:00:00.0526833.
2018-11-13 00:03:26,142 45644  INFO  [b643d6] Here's some useful guids:
		b843edea-979d-4f70-be60-4b41ece03984
		276967f7-d970-4c1b-9fe8-a7a2c3af5e69
		88e6f65b-17a6-4b65-aa9a-ece75dc71c66
2018-11-13 00:03:26,144 45645  INFO  [f3ef9a] Finished processing user request with id = f3ef9ab8-92e7-4bbc-b048-5e2cb22022dd in 00:00:00.0586705.
2018-11-13 00:03:26,156 45657  INFO  [b643d6] Finished processing user request with id = b643d625-da46-4fbb-b693-82e903a28bed in 00:00:00.0493203.
2018-11-13 00:03:26,156 45657  INFO  [fdac6c] Started processing user request. Id = fdac6cd6-ff85-4532-86b1-33d439583a3e. Size = 74.09 KB.
2018-11-13 00:03:26,157 45658  INFO  [ba94ce] Started processing user request. Id = ba94ce97-710f-4dee-af6c-38f89e925064. Size = 17.51 KB.
2018-11-13 00:03:26,158 45659  INFO  [fdac6c] Doing some complicated stuff.. Random numbers are: 2044467077, 1107748588, 751980674.
2018-11-13 00:03:26,174 45675  INFO  [ba94ce] Doing some complicated stuff.. Random numbers are: 36169179, 42248682, 1622133753.
2018-11-13 00:03:26,179 45680  INFO  [ba94ce] Here's some useful guids:
		56a5fdeb-df7f-4ced-8f66-da43a6539f7e
2018-11-13 00:03:26,192 45693  INFO  [fdac6c] Finished processing user request with id = fdac6cd6-ff85-4532-86b1-33d439583a3e in 00:00:00.0361654.
2018-11-13 00:03:26,195 45696  INFO  [ba94ce] Finished processing user request with id = ba94ce97-710f-4dee-af6c-38f89e925064 in 00:00:00.0381569.
2018-11-13 00:03:26,209 45710  INFO  [0adecf] Started processing user request. Id = 0adecf05-fe3e-419d-ad1c-f49cffbd178a. Size = 80.05 KB.
2018-11-13 00:03:26,215 45716  INFO  [0adecf] Doing some complicated stuff.. Random numbers are: 1444873168, 301439054, 1573463274.
2018-11-13 00:03:26,223 45724  INFO  [12e733] Started processing user request. Id = 12e7339d-f8fb-48cd-916c-a316d4eb55b9. Size = 11.17 KB.
2018-11-13 00:03:26,223 45724  INFO  [12e733] Doing some complicated stuff.. Random numbers are: 1404720159, 1181113072, 475666483.
2018-11-13 00:03:26,229 45730  INFO  [BackgroundDaemon] Starting iteration #15552.
2018-11-13 00:03:26,253 45754  INFO  [0adecf] Here's some useful guids:
		c7c4df34-8590-464b-83cc-931eab1b51de
		a10317c5-5953-443a-918b-29cc72921b77
		7a4aa6be-8bad-4e8f-8107-cef9690d344b
		839ba504-5b9a-47f8-8e17-03c7e5cc70cc
		e28228c2-0264-4f87-a08a-ea1261615381
2018-11-13 00:03:26,257 45758  INFO  [12e733] Here's some useful guids:
		f25e2e13-fc50-4d35-a7b1-3bd150790eba
		78ab0cb1-5f46-405a-bcf5-5b6649bafdf9
2018-11-13 00:03:26,259 45760  INFO  [Metrics] Cpu: 0.63%; Memory: 19.79 GB/31.88 GB; Workers: 4/1024; IOCP: 0/1024
2018-11-13 00:03:26,268 45769  INFO  [BackgroundDaemon] Processing data (15% completed)..
2018-11-13 00:03:26,271 45772  ERROR [0adecf] 
System.InvalidOperationException: Oh no! An error occurred!
2018-11-13 00:03:26,274 45775  INFO  [12e733] Finished processing user request with id = 12e7339d-f8fb-48cd-916c-a316d4eb55b9 in 00:00:00.0510678.
2018-11-13 00:03:26,284 45785  INFO  [664b19] Started processing user request. Id = 664b1911-6db0-4e21-911a-979e678c255b. Size = 40.26 KB.
2018-11-13 00:03:26,297 45798  INFO  [664b19] Doing some complicated stuff.. Random numbers are: 1294447535, 15530153, 1714131149.
2018-11-13 00:03:26,300 45801  INFO  [BackgroundDaemon] Processing data (49% completed)..
2018-11-13 00:03:26,306 45807  INFO  [e5c438] Started processing user request. Id = e5c4385a-2b77-46b5-aada-da7535298674. Size = 38.59 KB.
2018-11-13 00:03:26,323 45824  INFO  [3c684e] Started processing user request. Id = 3c684e49-132b-4cb9-9813-1789c7a57e67. Size = 14.22 KB.
2018-11-13 00:03:26,326 45827  INFO  [e5c438] Doing some complicated stuff.. Random numbers are: 1195696851, 754961501, 850970085.
2018-11-13 00:03:26,327 45828  INFO  [3c684e] Doing some complicated stuff.. Random numbers are: 539830372, 962809865, 1678196011.
2018-11-13 00:03:26,331 45832  INFO  [664b19] Here's some useful guids:
		7f8537f6-b870-468e-95ff-0ee5f4ac5f57
		dd84cdae-4c9e-4229-a29e-2089183daf77
		51bb9c6b-d7fe-4fbe-a550-390ab20f3160
		1382ca30-dbeb-4cff-aa9d-16ccaa07a5aa
2018-11-13 00:03:26,331 45832  INFO  [664b19] Finished processing user request with id = 664b1911-6db0-4e21-911a-979e678c255b in 00:00:00.0469866.
2018-11-13 00:03:26,336 45837  INFO  [e5c438] Finished processing user request with id = e5c4385a-2b77-46b5-aada-da7535298674 in 00:00:00.0301195.
2018-11-13 00:03:26,344 45845  INFO  [077c9b] Started processing user request. Id = 077c9b18-54dd-41c6-82c0-9d6a707b12b8. Size = 31.82 KB.
2018-11-13 00:03:26,349 45850  INFO  [BackgroundDaemon] Processing data (94% completed)..
2018-11-13 00:03:26,349 45850  INFO  [BackgroundDaemon] Finished iteration in 00:00:00.1201495.
2018-11-13 00:03:26,358 45859  INFO  [3c684e] Here's some useful guids:
		8e8f1f3f-ec09-464d-b808-cb01de780a26
		ed1fa680-a27b-40fd-a873-fcd97403ca7d
2018-11-13 00:03:26,364 45865  INFO  [077c9b] Doing some complicated stuff.. Random numbers are: 518761457, 662658098, 1546618332.
2018-11-13 00:03:26,368 45869  INFO  [08f728] Started processing user request. Id = 08f728ca-6f4d-478f-bcc7-473ca5a93ef0. Size = 66.59 KB.
2018-11-13 00:03:26,374 45875  INFO  [3c684e] Finished processing user request with id = 3c684e49-132b-4cb9-9813-1789c7a57e67 in 00:00:00.0510936.
2018-11-13 00:03:26,386 45887  INFO  [08f728] Doing some complicated stuff.. Random numbers are: 1913156553, 366924196, 484841116.
2018-11-13 00:03:26,400 45901  INFO  [077c9b] Finished processing user request with id = 077c9b18-54dd-41c6-82c0-9d6a707b12b8 in 00:00:00.0560935.
2018-11-13 00:03:26,413 45914  INFO  [bb587d] Started processing user request. Id = bb587d01-fbe3-4c13-91bb-bac802db9799. Size = 11.04 KB.
2018-11-13 00:03:26,420 45921  INFO  [bb587d] Doing some complicated stuff.. Random numbers are: 6597312, 917828177, 528676917.
2018-11-13 00:03:26,426 45927  INFO  [08f728] Finished processing user request with id = 08f728ca-6f4d-478f-bcc7-473ca5a93ef0 in 00:00:00.0583239.
2018-11-13 00:03:26,457 45958  INFO  [444949] Started processing user request. Id = 444949c2-8f10-4c29-870b-11ae8251f267. Size = 54.86 KB.
2018-11-13 00:03:26,457 45958  INFO  [bb587d] Here's some useful guids:
		4c9e5686-b810-4d9a-8312-7639d76828bb
		69854a80-282e-4ddf-bc2a-f5c5c88e71cc
		68305f04-0165-475c-83cf-050162275319
2018-11-13 00:03:26,462 45963  INFO  [444949] Doing some complicated stuff.. Random numbers are: 1362174410, 1841770297, 1188373369.
2018-11-13 00:03:26,479 45980  INFO  [bb587d] Finished processing user request with id = bb587d01-fbe3-4c13-91bb-bac802db9799 in 00:00:00.0657308.
2018-11-13 00:03:26,492 45993  INFO  [fde492] Started processing user request. Id = fde49277-b8df-4a14-bd6a-6a362eba5b48. Size = 3.83 KB.
2018-11-13 00:03:26,495 45996  INFO  [444949] Finished processing user request with id = 444949c2-8f10-4c29-870b-11ae8251f267 in 00:00:00.0379868.
2018-11-13 00:03:26,508 46009  INFO  [fde492] Doing some complicated stuff.. Random numbers are: 1528223227, 380865285, 1386645013.
2018-11-13 00:03:26,527 46028  INFO  [b222d7] Started processing user request. Id = b222d730-1aa3-4fbe-9b7b-3166c2d9c765. Size = 58.3 KB.
2018-11-13 00:03:26,533 46034  INFO  [fde492] Finished processing user request with id = fde49277-b8df-4a14-bd6a-6a362eba5b48 in 00:00:00.0407477.
2018-11-13 00:03:26,534 46035  INFO  [b222d7] Doing some complicated stuff.. Random numbers are: 1487161724, 989925246, 1165477754.
2018-11-13 00:03:26,542 46043  INFO  [0d25b7] Started processing user request. Id = 0d25b75b-fcbe-4c0f-bf2f-fff7d2f4d15d. Size = 94.84 KB.
2018-11-13 00:03:26,545 46046  INFO  [0d25b7] Doing some complicated stuff.. Random numbers are: 687693714, 588757086, 1519492049.
2018-11-13 00:03:26,546 46047  INFO  [611e4d] Started processing user request. Id = 611e4d54-1cf9-437b-b80c-65472f511e78. Size = 21.74 KB.
2018-11-13 00:03:26,550 46051  INFO  [BackgroundDaemon] Starting iteration #15553.
2018-11-13 00:03:26,564 46065  INFO  [611e4d] Doing some complicated stuff.. Random numbers are: 1976997038, 1025425143, 98384721.
2018-11-13 00:03:26,571 46072  INFO  [b222d7] Here's some useful guids:
		7f5b87eb-d862-4c22-8493-166d32734439
		eedc7791-a2dd-454c-929f-776a8869d6e0
2018-11-13 00:03:26,577 46078  INFO  [611e4d] Here's some useful guids:
		cbe7c370-1076-4c58-8beb-5c90eb7ef7be
		901fcb00-f6a2-459a-abc3-50ea470e1b58
		f6996e0f-6cc4-461f-a3a4-bcff6e14a81c
		77e182cb-0f8b-4082-8b86-80186242ae57
		a615eb29-da79-4e19-a703-bdcd23742575
2018-11-13 00:03:26,577 46078  INFO  [611e4d] Finished processing user request with id = 611e4d54-1cf9-437b-b80c-65472f511e78 in 00:00:00.0311632.
2018-11-13 00:03:26,584 46085  INFO  [b222d7] Finished processing user request with id = b222d730-1aa3-4fbe-9b7b-3166c2d9c765 in 00:00:00.0570764.
2018-11-13 00:03:26,588 46089  INFO  [0d25b7] Finished processing user request with id = 0d25b75b-fcbe-4c0f-bf2f-fff7d2f4d15d in 00:00:00.0459280.
2018-11-13 00:03:26,591 46092  INFO  [03932e] Started processing user request. Id = 03932e50-fbad-426c-9838-df8c3ddc9f44. Size = 41.24 KB.
2018-11-13 00:03:26,595 46096  INFO  [03932e] Doing some complicated stuff.. Random numbers are: 336712190, 1014502824, 1850285342.
2018-11-13 00:03:26,606 46107  INFO  [BackgroundDaemon] Processing data (8% completed)..
2018-11-13 00:03:26,616 46117  INFO  [7a50b7] Started processing user request. Id = 7a50b78d-3342-4c7b-a64a-5841485bd535. Size = 72.75 KB.
2018-11-13 00:03:26,627 46128  INFO  [03932e] Finished processing user request with id = 03932e50-fbad-426c-9838-df8c3ddc9f44 in 00:00:00.0364789.
2018-11-13 00:03:26,627 46128  INFO  [7a50b7] Doing some complicated stuff.. Random numbers are: 991184449, 1070483234, 919438257.
2018-11-13 00:03:26,640 46141  INFO  [8f1084] Started processing user request. Id = 8f10846d-f25a-4921-9ee2-fa0b0256bd45. Size = 35 KB.
2018-11-13 00:03:26,642 46143  INFO  [8f1084] Doing some complicated stuff.. Random numbers are: 1572344374, 816685910, 1011171264.
2018-11-13 00:03:26,642 46143  INFO  [7a50b7] Finished processing user request with id = 7a50b78d-3342-4c7b-a64a-5841485bd535 in 00:00:00.0267838.
2018-11-13 00:03:26,661 46163  INFO  [8f1084] Finished processing user request with id = 8f10846d-f25a-4921-9ee2-fa0b0256bd45 in 00:00:00.0210658.
2018-11-13 00:03:26,664 46165  INFO  [BackgroundDaemon] Processing data (21% completed)..
2018-11-13 00:03:26,674 46175  INFO  [e2c1d4] Started processing user request. Id = e2c1d4d2-7f92-4f7f-a35d-214e60e5b374. Size = 83.45 KB.
2018-11-13 00:03:26,675 46176  INFO  [7fa9b9] Started processing user request. Id = 7fa9b9f2-2533-409e-a7be-134d9a1483ba. Size = 79.74 KB.
2018-11-13 00:03:26,682 46183  INFO  [e2c1d4] Doing some complicated stuff.. Random numbers are: 1400927765, 1231385017, 1462842258.
2018-11-13 00:03:26,687 46188  INFO  [7fa9b9] Doing some complicated stuff.. Random numbers are: 1958007668, 405793587, 457811291.
2018-11-13 00:03:26,701 46202  INFO  [e2c1d4] Finished processing user request with id = e2c1d4d2-7f92-4f7f-a35d-214e60e5b374 in 00:00:00.0273187.
2018-11-13 00:03:26,715 46216  INFO  [BackgroundDaemon] Processing data (82% completed)..
2018-11-13 00:03:26,715 46216  INFO  [BackgroundDaemon] Finished iteration in 00:00:00.1647518.
2018-11-13 00:03:26,717 46218  INFO  [7fa9b9] Here's some useful guids:
		c856c2ad-4039-4d44-b31a-804572a83a68
2018-11-13 00:03:26,722 46223  INFO  [7fa9b9] Finished processing user request with id = 7fa9b9f2-2533-409e-a7be-134d9a1483ba in 00:00:00.0475013.
2018-11-13 00:03:26,733 46234  INFO  [a5e379] Started processing user request. Id = a5e379df-86ff-40d6-9843-311f4388331a. Size = 52.56 KB.
2018-11-13 00:03:26,735 46236  INFO  [e3631a] Started processing user request. Id = e3631ab5-00ca-4cf0-a352-a82159bc21ee. Size = 93.95 KB.
2018-11-13 00:03:26,737 46238  INFO  [e3631a] Doing some complicated stuff.. Random numbers are: 251425817, 216696000, 119699114.
2018-11-13 00:03:26,741 46242  INFO  [a5e379] Doing some complicated stuff.. Random numbers are: 1751068787, 1342733137, 596031130.
2018-11-13 00:03:26,742 46243  INFO  [e3631a] Here's some useful guids:
		74fd38f3-552b-4f56-81ec-111a63a3eed0
2018-11-13 00:03:26,755 46256  INFO  [8c383c] Started processing user request. Id = 8c383c5c-922f-4071-b859-c0283664a51b. Size = 62.56 KB.
2018-11-13 00:03:26,758 46259  INFO  [Metrics] Cpu: 0.63%; Memory: 19.79 GB/31.88 GB; Workers: 4/1024; IOCP: 0/1024
2018-11-13 00:03:26,768 46269  INFO  [8c383c] Doing some complicated stuff.. Random numbers are: 456378216, 1841194462, 2070063800.
2018-11-13 00:03:26,769 46270  INFO  [e3631a] Finished processing user request with id = e3631ab5-00ca-4cf0-a352-a82159bc21ee in 00:00:00.0336684.
2018-11-13 00:03:26,770 46271  INFO  [8c383c] Here's some useful guids:
		5feaa649-2cef-4f30-8308-7815309154b4
		b30f770f-680d-4150-a038-b26fc6b9d16e
		ee00f4cf-d3b1-4489-afa5-cfffc180de17
		1a585dd8-6678-489d-b35d-5d28fe53ff6e
		7ee32f4a-0e27-4cdb-bc1b-19d9114f91cc
2018-11-13 00:03:26,770 46271  INFO  [8c383c] Finished processing user request with id = 8c383c5c-922f-4071-b859-c0283664a51b in 00:00:00.0150539.
2018-11-13 00:03:26,773 46274  INFO  [a5e379] Here's some useful guids:
		7dc40dc7-5053-4f8c-ab5e-1735ad5e6d83
		9eef3639-6260-42ff-8495-0055834991aa
		bd64c030-a46a-4975-a60a-f1097d12f309
		6e1f356e-afcf-4535-b094-dd0bb2caf636
		c433b16b-0346-4906-aaf5-ac0249c76137
2018-11-13 00:03:26,776 46277  INFO  [a5e379] Finished processing user request with id = a5e379df-86ff-40d6-9843-311f4388331a in 00:00:00.0430436.
2018-11-13 00:03:26,783 46284  INFO  [3581bf] Started processing user request. Id = 3581bf73-17c6-4359-a025-ec09bfc9cc2d. Size = 83.42 KB.
2018-11-13 00:03:26,796 46297  INFO  [3581bf] Doing some complicated stuff.. Random numbers are: 105824021, 2125291363, 668924914.
2018-11-13 00:03:26,808 46309  INFO  [057512] Started processing user request. Id = 0575123e-0ca3-4cf2-8494-a37b38fb1703. Size = 39.73 KB.
2018-11-13 00:03:26,827 46328  INFO  [057512] Doing some complicated stuff.. Random numbers are: 1951246697, 1990006275, 1039226768.
2018-11-13 00:03:26,846 46347  INFO  [057512] Here's some useful guids:
		cb356d03-df33-4a48-9668-f1fec36098ac
		c46c5a14-fda0-4870-9521-c05bf69ea9b7
		06ef1c6e-2df9-4373-975a-cf253a344c31
		d98d3f71-b4a7-444f-82cb-995c2ccb879d
2018-11-13 00:03:26,849 46350  INFO  [057512] Finished processing user request with id = 0575123e-0ca3-4cf2-8494-a37b38fb1703 in 00:00:00.0409002.
2018-11-13 00:03:26,849 46350  INFO  [3581bf] Finished processing user request with id = 3581bf73-17c6-4359-a025-ec09bfc9cc2d in 00:00:00.0659537.
2018-11-13 00:03:26,862 46363  INFO  [2fc8ae] Started processing user request. Id = 2fc8ae42-c42e-4ac0-80ec-4ac333d923b5. Size = 44.14 KB.
2018-11-13 00:03:26,866 46367  INFO  [2fc8ae] Doing some complicated stuff.. Random numbers are: 141831605, 2111787433, 1109117960.
2018-11-13 00:03:26,866 46367  INFO  [2fc8ae] Here's some useful guids:
		61e72c93-dcb0-4a46-b8c7-d4f41e78a914
		f524aaf2-d7ab-4f6e-8c43-90cdacbf08f3
		dab519f1-b447-4e0e-8eaf-a78ba907ade0
2018-11-13 00:03:26,873 46374  INFO  [2fc8ae] Finished processing user request with id = 2fc8ae42-c42e-4ac0-80ec-4ac333d923b5 in 00:00:00.0109938.
2018-11-13 00:03:26,880 46381  INFO  [fdd3ef] Started processing user request. Id = fdd3efee-af1b-4e5d-ab71-f7cad03fb1d4. Size = 20.23 KB.
2018-11-13 00:03:26,886 46387  INFO  [6f1b91] Started processing user request. Id = 6f1b915f-639c-45d0-a742-3a9dc8a059ed. Size = 38.27 KB.
2018-11-13 00:03:26,889 46390  INFO  [6f1b91] Doing some complicated stuff.. Random numbers are: 1514631319, 631706097, 1571932832.
2018-11-13 00:03:26,895 46396  INFO  [fdd3ef] Doing some complicated stuff.. Random numbers are: 2134802822, 822755115, 1080928601.
2018-11-13 00:03:26,907 46408  INFO  [6f1b91] Here's some useful guids:
		49b5e579-9dbb-4565-b1b1-2c6a1e13ee66
		f94b731f-4a80-499e-a517-cd73ee1fe3cc
2018-11-13 00:03:26,915 46416  INFO  [BackgroundDaemon] Starting iteration #15554.
2018-11-13 00:03:26,935 46436  INFO  [fdd3ef] Finished processing user request with id = fdd3efee-af1b-4e5d-ab71-f7cad03fb1d4 in 00:00:00.0551319.
2018-11-13 00:03:26,936 46437  INFO  [6f1b91] Finished processing user request with id = 6f1b915f-639c-45d0-a742-3a9dc8a059ed in 00:00:00.0500499.
2018-11-13 00:03:26,937 46438  INFO  [7fcbc8] Started processing user request. Id = 7fcbc889-d818-4015-a597-d0af9d627da3. Size = 9.82 KB.
2018-11-13 00:03:26,943 46444  INFO  [7fcbc8] Doing some complicated stuff.. Random numbers are: 265234636, 1434414589, 1571909844.
2018-11-13 00:03:26,950 46451  INFO  [22af63] Started processing user request. Id = 22af638c-cec0-4e26-9053-4add3a4d44c0. Size = 25.25 KB.
2018-11-13 00:03:26,954 46455  INFO  [22af63] Doing some complicated stuff.. Random numbers are: 98557683, 209486525, 2122089829.
2018-11-13 00:03:26,966 46467  INFO  [ba9bad] Started processing user request. Id = ba9bad76-d5bd-464a-a991-9ee759138ed2. Size = 1.11 KB.
2018-11-13 00:03:26,971 46472  INFO  [7fcbc8] Here's some useful guids:
		bdee24d3-5078-4576-8753-a755ac660344
		cf2100c9-d59e-439d-ab4f-056ec6daffec
		f9aacff2-e11e-4723-b986-f9aa63be3a3c
		c93f2498-98fc-4d2e-ad8d-26d87b6a307a
		ddc4ada2-a83d-462e-9d41-316870085bf4
2018-11-13 00:03:26,972 46473  INFO  [ba9bad] Doing some complicated stuff.. Random numbers are: 1553965341, 1237873081, 436580867.
2018-11-13 00:03:26,980 46481  INFO  [7fcbc8] Finished processing user request with id = 7fcbc889-d818-4015-a597-d0af9d627da3 in 00:00:00.0427539.
2018-11-13 00:03:26,984 46485  INFO  [22af63] Here's some useful guids:
		1b4514a0-89d0-4833-afbf-db158c4a7b86
		b5409eea-7ae5-44a4-8794-8c8800fdb9bd
		b12084e2-7107-46b2-8a5e-7cd393f7a04e
2018-11-13 00:03:27,002 46503  INFO  [ba9bad] Here's some useful guids:
		44ba9e90-1fb2-450e-91df-416902cabfc2
		7ae1b657-ff26-48b5-a06d-72f7dd1e888e
2018-11-13 00:03:27,006 46507  INFO  [ba9bad] Finished processing user request with id = ba9bad76-d5bd-464a-a991-9ee759138ed2 in 00:00:00.0394932.
2018-11-13 00:03:27,012 46513  INFO  [22af63] Finished processing user request with id = 22af638c-cec0-4e26-9053-4add3a4d44c0 in 00:00:00.0616936.
2018-11-13 00:03:27,014 46515  INFO  [BackgroundDaemon] Processing data (16% completed)..
2018-11-13 00:03:27,025 46526  INFO  [316706] Started processing user request. Id = 316706a9-9bb6-42fd-a996-341f63cb248d. Size = 27.67 KB.
2018-11-13 00:03:27,037 46538  INFO  [09167d] Started processing user request. Id = 09167dc6-40a9-4470-8bd8-62d655cd0d6e. Size = 66.16 KB.
2018-11-13 00:03:27,041 46542  INFO  [316706] Doing some complicated stuff.. Random numbers are: 1784706949, 1393201653, 1593776792.
2018-11-13 00:03:27,042 46543  INFO  [09167d] Doing some complicated stuff.. Random numbers are: 1201152619, 24590756, 733996293.
2018-11-13 00:03:27,070 46571  INFO  [316706] Finished processing user request with id = 316706a9-9bb6-42fd-a996-341f63cb248d in 00:00:00.0452723.
2018-11-13 00:03:27,076 46577  INFO  [BackgroundDaemon] Processing data (44% completed)..
2018-11-13 00:03:27,080 46581  INFO  [09167d] Here's some useful guids:
		75d6aa77-d84a-4a38-85cd-648004675714
		ba9ac557-8cc3-47b1-8e01-879b8139e0c7
		2edd5e51-ddf3-4073-aed6-5a5121d12439
		434de2ac-09ca-45a0-9584-855f02695e84
		1f874cd7-0fa1-4ee6-95b6-f13f97f4ede2
2018-11-13 00:03:27,084 46585  INFO  [e280e1] Started processing user request. Id = e280e10f-0f7c-4109-9a4e-4a9aa46f8344. Size = 8.59 KB.
2018-11-13 00:03:27,095 46596  INFO  [09167d] Finished processing user request with id = 09167dc6-40a9-4470-8bd8-62d655cd0d6e in 00:00:00.0583738.
2018-11-13 00:03:27,096 46597  INFO  [e280e1] Doing some complicated stuff.. Random numbers are: 1439887091, 122806801, 376330618.
2018-11-13 00:03:27,109 46610  INFO  [BackgroundDaemon] Processing data (50% completed)..
2018-11-13 00:03:27,109 46610  INFO  [BackgroundDaemon] Finished iteration in 00:00:00.1938347.
2018-11-13 00:03:27,116 46617  INFO  [e280e1] Here's some useful guids:
		1669e429-a2ab-4c13-9f56-8ddf616a240d
2018-11-13 00:03:27,127 46628  INFO  [717a6b] Started processing user request. Id = 717a6b75-9ff0-4b5c-aa2a-2b18bf325ba1. Size = 12.11 KB.
2018-11-13 00:03:27,128 46629  INFO  [e280e1] Finished processing user request with id = e280e10f-0f7c-4109-9a4e-4a9aa46f8344 in 00:00:00.0441377.
2018-11-13 00:03:27,133 46634  INFO  [717a6b] Doing some complicated stuff.. Random numbers are: 1266593323, 1549692039, 1349664681.
2018-11-13 00:03:27,141 46642  INFO  [6c58b5] Started processing user request. Id = 6c58b5d1-e16e-4b74-a721-0410408e78a9. Size = 52.98 KB.
2018-11-13 00:03:27,144 46645  INFO  [6c58b5] Doing some complicated stuff.. Random numbers are: 1485508556, 2039200511, 1745578840.
2018-11-13 00:03:27,147 46648  INFO  [2782a8] Started processing user request. Id = 2782a870-3af7-4722-8951-5e6e68f1be9f. Size = 88.06 KB.
2018-11-13 00:03:27,155 46656  INFO  [6c58b5] Here's some useful guids:
		65ef8cd8-a631-44fa-996e-b201845a2170
2018-11-13 00:03:27,158 46659  INFO  [2782a8] Doing some complicated stuff.. Random numbers are: 1411878075, 959068451, 1609356517.
2018-11-13 00:03:27,181 46682  INFO  [717a6b] Finished processing user request with id = 717a6b75-9ff0-4b5c-aa2a-2b18bf325ba1 in 00:00:00.0534220.
2018-11-13 00:03:27,185 46686  ERROR [6c58b5] 
System.InvalidOperationException: Oh no! An error occurred!
2018-11-13 00:03:27,198 46699  INFO  [b33951] Started processing user request. Id = b3395106-1b12-480c-afa3-98fab7d8a925. Size = 73.99 KB.
2018-11-13 00:03:27,204 46705  INFO  [2782a8] Finished processing user request with id = 2782a870-3af7-4722-8951-5e6e68f1be9f in 00:00:00.0569084.
2018-11-13 00:03:27,212 46713  INFO  [a7340e] Started processing user request. Id = a7340e1e-ec29-44b8-9e02-e63d9ea6b6b9. Size = 11.96 KB.
2018-11-13 00:03:27,212 46713  INFO  [a7340e] Doing some complicated stuff.. Random numbers are: 2038096559, 678643862, 125635231.
2018-11-13 00:03:27,215 46716  INFO  [b33951] Doing some complicated stuff.. Random numbers are: 1863678794, 1138974744, 759642109.
2018-11-13 00:03:27,235 46736  INFO  [a7340e] Finished processing user request with id = a7340e1e-ec29-44b8-9e02-e63d9ea6b6b9 in 00:00:00.0232499.
2018-11-13 00:03:27,253 46754  INFO  [b33951] Finished processing user request with id = b3395106-1b12-480c-afa3-98fab7d8a925 in 00:00:00.0554073.
2018-11-13 00:03:27,257 46758  INFO  [Metrics] Cpu: 0.21%; Memory: 19.79 GB/31.88 GB; Workers: 4/1024; IOCP: 0/1024
2018-11-13 00:03:27,267 46768  INFO  [843214] Started processing user request. Id = 843214da-9ae4-421f-b7b1-3aad4a7a3e39. Size = 54.18 KB.
2018-11-13 00:03:27,267 46768  INFO  [18c344] Started processing user request. Id = 18c3442a-2ce9-4a7e-8234-18e7999e4248. Size = 69.22 KB.
2018-11-13 00:03:27,269 46770  INFO  [843214] Doing some complicated stuff.. Random numbers are: 1199732784, 48541555, 1372036944.
2018-11-13 00:03:27,270 46771  INFO  [18c344] Doing some complicated stuff.. Random numbers are: 1011013238, 144618221, 626439600.
2018-11-13 00:03:27,283 46784  INFO  [18c344] Here's some useful guids:
		5c546737-c3df-4f39-baa8-0ea053d8e0b2
		2418f606-d013-4ed6-8da2-57acfee5f32c
		d0b48d43-c0ce-441b-bf47-db1af6c9611b
2018-11-13 00:03:27,302 46803  INFO  [18c344] Finished processing user request with id = 18c3442a-2ce9-4a7e-8234-18e7999e4248 in 00:00:00.0352722.
2018-11-13 00:03:27,304 46805  INFO  [843214] Here's some useful guids:
		ea10ec97-5397-482a-bcf1-46e152431992
		b1848d60-fea4-4acb-a20e-f4b821315b69
		9c246522-9a96-4456-9932-c426a770f7c8
2018-11-13 00:03:27,308 46809  INFO  [843214] Finished processing user request with id = 843214da-9ae4-421f-b7b1-3aad4a7a3e39 in 00:00:00.0412779.
2018-11-13 00:03:27,310 46811  INFO  [BackgroundDaemon] Starting iteration #15555.
2018-11-13 00:03:27,322 46823  INFO  [3894b7] Started processing user request. Id = 3894b71c-9b03-4a95-a9e2-0e1effe8ea19. Size = 59.4 KB.
2018-11-13 00:03:27,333 46834  INFO  [e9f82f] Started processing user request. Id = e9f82fae-3f83-43e3-8812-07ea7a0abb8d. Size = 64.02 KB.
2018-11-13 00:03:27,337 46838  INFO  [3894b7] Doing some complicated stuff.. Random numbers are: 1326888689, 1554935518, 492401234.
2018-11-13 00:03:27,342 46843  INFO  [e9f82f] Doing some complicated stuff.. Random numbers are: 521457265, 701680305, 723163324.
2018-11-13 00:03:27,370 46871  INFO  [3894b7] Finished processing user request with id = 3894b71c-9b03-4a95-a9e2-0e1effe8ea19 in 00:00:00.0481834.
2018-11-13 00:03:27,371 46872  INFO  [1cced8] Started processing user request. Id = 1cced8ff-c8fa-4e48-8feb-8f0919e1c6c8. Size = 58.56 KB.
2018-11-13 00:03:27,377 46878  INFO  [1cced8] Doing some complicated stuff.. Random numbers are: 1494362058, 1133245165, 1724483640.
2018-11-13 00:03:27,384 46885  INFO  [a29e59] Started processing user request. Id = a29e59dd-a5a0-4a1a-b80e-b41ccca6e0f3. Size = 1.79 KB.
2018-11-13 00:03:27,389 46890  INFO  [BackgroundDaemon] Processing data (16% completed)..
2018-11-13 00:03:27,391 46892  INFO  [a29e59] Doing some complicated stuff.. Random numbers are: 1019804699, 933256534, 1981519553.
2018-11-13 00:03:27,394 46895  INFO  [e9f82f] Finished processing user request with id = e9f82fae-3f83-43e3-8812-07ea7a0abb8d in 00:00:00.0607957.
2018-11-13 00:03:27,401 46902  INFO  [a29e59] Finished processing user request with id = a29e59dd-a5a0-4a1a-b80e-b41ccca6e0f3 in 00:00:00.0172834.
2018-11-13 00:03:27,409 46910  INFO  [1cced8] Here's some useful guids:
		3a934e3c-2a58-48e8-8a4f-5da40ea9b6d5
		273aad40-e0d5-4d87-a879-c46668b1bf39
		ea35b836-e5f3-4747-bf84-b8e84a2afbd3
		dfb5f0c1-01ca-4910-9d61-7688ee8f4c31
		7e371f34-bb34-4639-b972-8ec91ffaf663
2018-11-13 00:03:27,414 46915  INFO  [b5dd14] Started processing user request. Id = b5dd1416-5ccf-41ca-87e0-ec9512afd923. Size = 13.75 KB.
2018-11-13 00:03:27,421 46922  INFO  [1cced8] Finished processing user request with id = 1cced8ff-c8fa-4e48-8feb-8f0919e1c6c8 in 00:00:00.0501684.
2018-11-13 00:03:27,425 46926  INFO  [44d24d] Started processing user request. Id = 44d24d3d-e9af-494d-bf8e-faec7e753357. Size = 199 B.
2018-11-13 00:03:27,429 46930  INFO  [b5dd14] Doing some complicated stuff.. Random numbers are: 942071835, 2018671553, 1916715989.
2018-11-13 00:03:27,439 46940  ERROR [b5dd14] 
System.InvalidOperationException: Oh no! An error occurred!
2018-11-13 00:03:27,444 46945  INFO  [44d24d] Doing some complicated stuff.. Random numbers are: 752736741, 2125274789, 1302787696.
2018-11-13 00:03:27,453 46954  INFO  [dc2c07] Started processing user request. Id = dc2c07de-ad4b-404f-9c84-994149663494. Size = 15.64 KB.
2018-11-13 00:03:27,455 46956  INFO  [dc2c07] Doing some complicated stuff.. Random numbers are: 123584670, 1670145124, 1424640274.
2018-11-13 00:03:27,461 46962  INFO  [dc2c07] Here's some useful guids:
		6e9b8683-69f6-421e-b402-b1cb65bd51c0
		35053b37-3dac-469f-9db0-8781a31fa84a
2018-11-13 00:03:27,468 46969  INFO  [dc2c07] Finished processing user request with id = dc2c07de-ad4b-404f-9c84-994149663494 in 00:00:00.0148841.
2018-11-13 00:03:27,475 46976  INFO  [BackgroundDaemon] Processing data (43% completed)..
2018-11-13 00:03:27,482 46983  INFO  [ba272e] Started processing user request. Id = ba272e54-e1ee-4141-a552-8ddca4cc0212. Size = 16.5 KB.
2018-11-13 00:03:27,491 46992  INFO  [44d24d] Finished processing user request with id = 44d24d3d-e9af-494d-bf8e-faec7e753357 in 00:00:00.0657396.
2018-11-13 00:03:27,494 46995  INFO  [ba272e] Doing some complicated stuff.. Random numbers are: 317952385, 1413629550, 314325758.
2018-11-13 00:03:27,520 47021  INFO  [ba272e] Here's some useful guids:
		2bb40156-e46c-40f5-9f4e-fc610f70fe46
		78abbd3c-952b-4b9f-8707-7154c931f090
		a4e107e9-1dbc-43af-9052-15c3ceb2d7b4
		447f4906-ab00-4d0a-9ae0-9c3f1d32fad5
2018-11-13 00:03:27,522 47023  INFO  [e2b5e1] Started processing user request. Id = e2b5e192-d2f5-44d7-bbaf-04d230c7617a. Size = 90.76 KB.
2018-11-13 00:03:27,523 47024  INFO  [ba272e] Finished processing user request with id = ba272e54-e1ee-4141-a552-8ddca4cc0212 in 00:00:00.0411797.
2018-11-13 00:03:27,533 47034  INFO  [e2b5e1] Doing some complicated stuff.. Random numbers are: 2014875420, 817061627, 584726679.
2018-11-13 00:03:27,537 47038  INFO  [34a3a6] Started processing user request. Id = 34a3a660-71fe-46a6-a0b6-5aa5189ef0bf. Size = 62.42 KB.
2018-11-13 00:03:27,556 47057  INFO  [34a3a6] Doing some complicated stuff.. Random numbers are: 1701168145, 1496080377, 561900966.
2018-11-13 00:03:27,564 47065  INFO  [BackgroundDaemon] Processing data (74% completed)..
2018-11-13 00:03:27,564 47065  INFO  [BackgroundDaemon] Finished iteration in 00:00:00.2537446.
2018-11-13 00:03:27,568 47069  INFO  [e2b5e1] Here's some useful guids:
		2f2aed82-b19d-475e-98c3-467eb35b606e
		8a76df3b-12b4-4627-8a01-4221012b4aae
2018-11-13 00:03:27,574 47075  INFO  [34a3a6] Here's some useful guids:
		f98ad07a-15d7-4d29-b6ec-eae03f8131db
		5c2c1fde-093f-498d-b66e-c465e628f580
		d21a576b-0934-4f27-b5d7-db84b0ef500e
2018-11-13 00:03:27,588 47089  INFO  [e2b5e1] Finished processing user request with id = e2b5e192-d2f5-44d7-bbaf-04d230c7617a in 00:00:00.0659818.
2018-11-13 00:03:27,589 47090  INFO  [17b77d] Started processing user request. Id = 17b77d37-a712-4fe4-9df9-6abfbe4b7a31. Size = 41.1 KB.
2018-11-13 00:03:27,594 47095  INFO  [34a3a6] Finished processing user request with id = 34a3a660-71fe-46a6-a0b6-5aa5189ef0bf in 00:00:00.0567712.
2018-11-13 00:03:27,602 47103  INFO  [17b77d] Doing some complicated stuff.. Random numbers are: 1711752312, 442465180, 1242872205.
2018-11-13 00:03:27,607 47108  INFO  [ddb40b] Started processing user request. Id = ddb40bc9-5317-4508-937f-0c9ccf712b4c. Size = 51.99 KB.
2018-11-13 00:03:27,619 47120  INFO  [412137] Started processing user request. Id = 41213752-dfb7-4656-9a03-282dfbf2ad44. Size = 96.35 KB.
2018-11-13 00:03:27,624 47125  INFO  [412137] Doing some complicated stuff.. Random numbers are: 640439816, 313008959, 442260592.
2018-11-13 00:03:27,624 47125  INFO  [412137] Finished processing user request with id = 41213752-dfb7-4656-9a03-282dfbf2ad44 in 00:00:00.0051168.
2018-11-13 00:03:27,625 47126  INFO  [ddb40b] Doing some complicated stuff.. Random numbers are: 37423901, 861577550, 1151181647.
2018-11-13 00:03:27,645 47146  INFO  [17b77d] Finished processing user request with id = 17b77d37-a712-4fe4-9df9-6abfbe4b7a31 in 00:00:00.0561492.
2018-11-13 00:03:27,653 47154  INFO  [ddb40b] Finished processing user request with id = ddb40bc9-5317-4508-937f-0c9ccf712b4c in 00:00:00.0461767.
2018-11-13 00:03:27,655 47156  INFO  [e01042] Started processing user request. Id = e01042b9-6ce8-4a25-a000-cdda5dc8aed4. Size = 66.97 KB.
2018-11-13 00:03:27,666 47167  INFO  [238ffd] Started processing user request. Id = 238ffd98-dad8-4dd3-97b2-6349b4622369. Size = 32.67 KB.
2018-11-13 00:03:27,667 47168  INFO  [e01042] Doing some complicated stuff.. Random numbers are: 1165640129, 797970744, 720073530.
2018-11-13 00:03:27,668 47170  INFO  [238ffd] Doing some complicated stuff.. Random numbers are: 1201525619, 1913673757, 1526318430.
2018-11-13 00:03:27,670 47172  INFO  [238ffd] Here's some useful guids:
		cdd4b50d-80da-4ace-a648-15906c53f93e
		68b6464c-5511-47cf-bd10-26c976d40e6d
		66e755b9-044e-4dd3-b76b-c48fa190d140
		b54919e9-14d5-4227-91f3-774f83bd6812
		15f5a534-b266-4e17-b5f7-2872b8f9695e
2018-11-13 00:03:27,672 47174  INFO  [238ffd] Finished processing user request with id = 238ffd98-dad8-4dd3-97b2-6349b4622369 in 00:00:00.0061192.
2018-11-13 00:03:27,686 47187  INFO  [8fde27] Started processing user request. Id = 8fde2766-86e1-4ea6-bea7-02a5e4b57043. Size = 27.08 KB.
2018-11-13 00:03:27,692 47193  INFO  [e01042] Finished processing user request with id = e01042b9-6ce8-4a25-a000-cdda5dc8aed4 in 00:00:00.0365637.
2018-11-13 00:03:27,698 47199  INFO  [8fde27] Doing some complicated stuff.. Random numbers are: 923787934, 1649280261, 1161836364.
2018-11-13 00:03:27,711 47212  INFO  [8fde27] Here's some useful guids:
		aa8d21e3-448a-4eaa-8f0c-3785200e0754
		b9343828-dd38-4432-a958-52938fac3a7f
2018-11-13 00:03:27,722 47223  INFO  [8fde27] Finished processing user request with id = 8fde2766-86e1-4ea6-bea7-02a5e4b57043 in 00:00:00.0364461.
2018-11-13 00:03:27,723 47224  INFO  [ac3bd1] Started processing user request. Id = ac3bd142-971c-4222-ab87-1a607e13efe2. Size = 17.02 KB.
2018-11-13 00:03:27,735 47236  INFO  [c26986] Started processing user request. Id = c26986fc-41c8-4c44-ab83-2a7ede563d34. Size = 21.27 KB.
2018-11-13 00:03:27,741 47242  INFO  [ac3bd1] Doing some complicated stuff.. Random numbers are: 251151017, 639035491, 145363636.
2018-11-13 00:03:27,750 47251  INFO  [c26986] Doing some complicated stuff.. Random numbers are: 1909896500, 1498830694, 726813800.
2018-11-13 00:03:27,756 47257  INFO  [Metrics] Cpu: 0.21%; Memory: 19.79 GB/31.88 GB; Workers: 4/1024; IOCP: 0/1024
2018-11-13 00:03:27,765 47266  INFO  [BackgroundDaemon] Starting iteration #15556.
2018-11-13 00:03:27,774 47275  INFO  [c26986] Here's some useful guids:
		22c99eae-f018-4a03-bc6d-b370ad120d9b
		187ae755-cea2-4448-9ae5-30fd8fdb894b
		aec6e24b-d30a-40b6-acaa-fc38cdbf48aa
		ee04c2e8-3e49-4515-8ddc-269ada79494a
2018-11-13 00:03:27,774 47275  INFO  [ac3bd1] Finished processing user request with id = ac3bd142-971c-4222-ab87-1a607e13efe2 in 00:00:00.0507390.
2018-11-13 00:03:27,796 47297  INFO  [c26986] Finished processing user request with id = c26986fc-41c8-4c44-ab83-2a7ede563d34 in 00:00:00.0608488.
2018-11-13 00:03:27,805 47306  INFO  [2c67a4] Started processing user request. Id = 2c67a4de-a314-413a-bc67-9b0b906f09c8. Size = 26.68 KB.
2018-11-13 00:03:27,808 47309  INFO  [2c67a4] Doing some complicated stuff.. Random numbers are: 790908569, 194114688, 2143588915.
2018-11-13 00:03:27,809 47311  INFO  [BackgroundDaemon] Processing data (12% completed)..
2018-11-13 00:03:27,809 47311  INFO  [d9361d] Started processing user request. Id = d9361df5-bd83-4a11-a456-62c5475bb047. Size = 59.77 KB.
2018-11-13 00:03:27,812 47313  INFO  [69ef22] Started processing user request. Id = 69ef2256-18d4-496b-9b84-8a4adf799776. Size = 57.73 KB.
2018-11-13 00:03:27,824 47325  INFO  [69ef22] Doing some complicated stuff.. Random numbers are: 852393086, 1101171712, 1226515629.
2018-11-13 00:03:27,826 47327  INFO  [d9361d] Doing some complicated stuff.. Random numbers are: 133721026, 1981839481, 1598212414.
2018-11-13 00:03:27,834 47335  INFO  [2c67a4] Finished processing user request with id = 2c67a4de-a314-413a-bc67-9b0b906f09c8 in 00:00:00.0284633.
2018-11-13 00:03:27,839 47340  INFO  [BackgroundDaemon] Processing data (26% completed)..
2018-11-13 00:03:27,843 47344  ERROR [69ef22] 
System.InvalidOperationException: Oh no! An error occurred!
2018-11-13 00:03:27,849 47350  INFO  [d9361d] Here's some useful guids:
		6cd87b4b-bf27-44e7-a693-583a046d3184
2018-11-13 00:03:27,851 47352  INFO  [d9361d] Finished processing user request with id = d9361df5-bd83-4a11-a456-62c5475bb047 in 00:00:00.0416706.
2018-11-13 00:03:27,864 47365  INFO  [155fa5] Started processing user request. Id = 155fa57e-9562-48f0-8317-4ad0b89a8181. Size = 12.44 KB.
2018-11-13 00:03:27,865 47366  INFO  [28a79b] Started processing user request. Id = 28a79b8e-efd3-41c3-846e-f640d375545a. Size = 69.07 KB.
2018-11-13 00:03:27,869 47370  INFO  [BackgroundDaemon] Processing data (82% completed)..
2018-11-13 00:03:27,869 47370  INFO  [BackgroundDaemon] Finished iteration in 00:00:00.1038590.
2018-11-13 00:03:27,874 47375  INFO  [155fa5] Doing some complicated stuff.. Random numbers are: 808863399, 299892800, 836172285.
2018-11-13 00:03:27,881 47382  INFO  [28a79b] Doing some complicated stuff.. Random numbers are: 310476149, 2074428351, 1830684744.
2018-11-13 00:03:27,885 47386  INFO  [155fa5] Here's some useful guids:
		6fed36b2-3786-4cc5-9a9c-62e185285fae
2018-11-13 00:03:27,899 47400  INFO  [155fa5] Finished processing user request with id = 155fa57e-9562-48f0-8317-4ad0b89a8181 in 00:00:00.0347150.
2018-11-13 00:03:27,913 47414  INFO  [f03871] Started processing user request. Id = f0387143-8e6a-4aa2-b561-fd8290186c51. Size = 28.22 KB.
2018-11-13 00:03:27,918 47419  INFO  [28a79b] Here's some useful guids:
		5b4f533b-3b05-4ed7-a4b9-91e2df895c55
		ca1c8406-5779-4025-9cae-2590e6d4c2a9
		0e35f38b-bb17-4501-b854-2f5cfb442592
2018-11-13 00:03:27,919 47420  INFO  [f03871] Doing some complicated stuff.. Random numbers are: 1008661559, 1555706121, 1113335778.
2018-11-13 00:03:27,922 47423  INFO  [28a79b] Finished processing user request with id = 28a79b8e-efd3-41c3-846e-f640d375545a in 00:00:00.0573342.
2018-11-13 00:03:27,943 47444  INFO  [f03871] Here's some useful guids:
		fed05417-319d-47a7-8afe-b3ae60c8d297
		ea9d5cad-b253-48ec-8bb9-a8f3115b08fe
		efbcc4f4-5524-4522-8996-798b72592fe6
		a17ab5ae-a825-41ab-9129-e3864d4dd69d
		c87f34e2-376e-4e17-9cfd-d11f83080cd6
2018-11-13 00:03:27,953 47454  INFO  [747223] Started processing user request. Id = 74722361-0042-4c5f-a2fd-99ced2615ad6. Size = 12.68 KB.
2018-11-13 00:03:27,960 47461  INFO  [f03871] Finished processing user request with id = f0387143-8e6a-4aa2-b561-fd8290186c51 in 00:00:00.0472130.
2018-11-13 00:03:27,966 47467  INFO  [747223] Doing some complicated stuff.. Random numbers are: 183656873, 1273667693, 937318103.
2018-11-13 00:03:27,973 47474  INFO  [c178a1] Started processing user request. Id = c178a1fc-12de-455a-a654-57ac189fc555. Size = 72.44 KB.
2018-11-13 00:03:27,983 47484  INFO  [c178a1] Doing some complicated stuff.. Random numbers are: 526585127, 1982054533, 1467365379.
2018-11-13 00:03:28,001 47503  INFO  [747223] Here's some useful guids:
		fd8fc429-a88c-48ec-9f7b-496054971c35
		fe85b26c-5230-466a-a9fc-ad12a11938d7
		8de724bf-23ff-40b5-b7ab-1cc30850f645
		5b8c0f39-1ada-45d4-899f-06ca36572718
		d85ace80-93e9-4230-8d77-2b5670d4b5d0
2018-11-13 00:03:28,010 47511  INFO  [6ead1f] Started processing user request. Id = 6ead1fef-4a1a-4f27-bae6-92dcc585f554. Size = 75.17 KB.
2018-11-13 00:03:28,013 47514  INFO  [6ead1f] Doing some complicated stuff.. Random numbers are: 327346062, 940531846, 1386524917.
2018-11-13 00:03:28,017 47518  INFO  [c178a1] Finished processing user request with id = c178a1fc-12de-455a-a654-57ac189fc555 in 00:00:00.0431981.
2018-11-13 00:03:28,030 47531  INFO  [747223] Finished processing user request with id = 74722361-0042-4c5f-a2fd-99ced2615ad6 in 00:00:00.0766693.
2018-11-13 00:03:28,030 47531  INFO  [a941aa] Started processing user request. Id = a941aabf-3cff-4fd2-bf6e-6a576dc3aef4. Size = 96.52 KB.
2018-11-13 00:03:28,035 47536  INFO  [a941aa] Doing some complicated stuff.. Random numbers are: 491080841, 384937399, 1484933122.
2018-11-13 00:03:28,047 47548  INFO  [6ead1f] Here's some useful guids:
		24ac1d73-a260-4e6d-a2d2-428b66cd276d
		e4377ddc-8ac2-49f3-b8a4-76f3fa4c68a5
		98b9be0a-cfa8-498f-b24d-b7c4298772af
2018-11-13 00:03:28,059 47560  INFO  [6ead1f] Finished processing user request with id = 6ead1fef-4a1a-4f27-bae6-92dcc585f554 in 00:00:00.0489575.
2018-11-13 00:03:28,062 47563  INFO  [a941aa] Finished processing user request with id = a941aabf-3cff-4fd2-bf6e-6a576dc3aef4 in 00:00:00.0318465.
2018-11-13 00:03:28,062 47563  INFO  [96ccca] Started processing user request. Id = 96ccca6b-3fac-4c1c-9ac3-cb062d7b0687. Size = 18.19 KB.
2018-11-13 00:03:28,069 47570  INFO  [BackgroundDaemon] Starting iteration #15557.
2018-11-13 00:03:28,073 47574  INFO  [96ccca] Doing some complicated stuff.. Random numbers are: 1262327664, 128710799, 454651522.
2018-11-13 00:03:28,075 47576  INFO  [e16d54] Started processing user request. Id = e16d546a-af47-4442-9740-bedfa7033f4b. Size = 30.28 KB.
2018-11-13 00:03:28,075 47576  INFO  [e16d54] Doing some complicated stuff.. Random numbers are: 1088249313, 382696158, 310782475.
2018-11-13 00:03:28,107 47608  INFO  [96ccca] Finished processing user request with id = 96ccca6b-3fac-4c1c-9ac3-cb062d7b0687 in 00:00:00.0452386.
2018-11-13 00:03:28,111 47612  INFO  [e16d54] Finished processing user request with id = e16d546a-af47-4442-9740-bedfa7033f4b in 00:00:00.0361760.
2018-11-13 00:03:28,125 47626  INFO  [2d5ee8] Started processing user request. Id = 2d5ee8a3-f500-4789-ab40-42736b708f6a. Size = 33.16 KB.
2018-11-13 00:03:28,133 47634  INFO  [2d5ee8] Doing some complicated stuff.. Random numbers are: 282375953, 716627861, 461476334.
2018-11-13 00:03:28,138 47639  INFO  [973273] Started processing user request. Id = 9732735f-70e8-4038-a347-fe08a5aa3210. Size = 60.27 KB.
2018-11-13 00:03:28,147 47648  INFO  [973273] Doing some complicated stuff.. Random numbers are: 1590673956, 1243702490, 1893241692.
2018-11-13 00:03:28,154 47655  INFO  [BackgroundDaemon] Processing data (7% completed)..
2018-11-13 00:03:28,179 47680  INFO  [2d5ee8] Finished processing user request with id = 2d5ee8a3-f500-4789-ab40-42736b708f6a in 00:00:00.0541563.
2018-11-13 00:03:28,192 47693  INFO  [5b4eaf] Started processing user request. Id = 5b4eafbf-e22e-40e3-8b82-77c47fe7022e. Size = 20.55 KB.
2018-11-13 00:03:28,193 47694  INFO  [973273] Finished processing user request with id = 9732735f-70e8-4038-a347-fe08a5aa3210 in 00:00:00.0546806.
2018-11-13 00:03:28,201 47702  INFO  [5b4eaf] Doing some complicated stuff.. Random numbers are: 980011068, 2033728782, 1642457389.
2018-11-13 00:03:28,225 47726  INFO  [5b4eaf] Here's some useful guids:
		bde3099a-7eb1-468d-a30d-5d94a0abb203
		f59071c3-6ab8-440c-a814-7bae0ac516a3
		55c5ee07-36dd-4959-83db-61404f4bc2c3
2018-11-13 00:03:28,225 47726  INFO  [c0a8b3] Started processing user request. Id = c0a8b37a-392b-4b0d-9e82-c51548ecadc7. Size = 1.14 KB.
2018-11-13 00:03:28,227 47728  INFO  [0d46f6] Started processing user request. Id = 0d46f673-f569-4a50-8e69-c945657f14f4. Size = 31.45 KB.
2018-11-13 00:03:28,229 47730  INFO  [c0a8b3] Doing some complicated stuff.. Random numbers are: 391978653, 1032907166, 1257824039.
2018-11-13 00:03:28,237 47738  INFO  [c0a8b3] Here's some useful guids:
		e788b4a1-07a5-4a7b-a947-6a522aa969d2
		f53ead01-ac1c-4f86-ae8a-6ce14b930d32
2018-11-13 00:03:28,243 47744  INFO  [c0a8b3] Finished processing user request with id = c0a8b37a-392b-4b0d-9e82-c51548ecadc7 in 00:00:00.0181312.
2018-11-13 00:03:28,244 47745  INFO  [0d46f6] Doing some complicated stuff.. Random numbers are: 655903556, 1595871749, 2007917054.
2018-11-13 00:03:28,248 47749  INFO  [5b4eaf] Finished processing user request with id = 5b4eafbf-e22e-40e3-8b82-77c47fe7022e in 00:00:00.0556782.
2018-11-13 00:03:28,250 47751  INFO  [BackgroundDaemon] Processing data (46% completed)..
2018-11-13 00:03:28,255 47756  INFO  [Metrics] Cpu: 0.41%; Memory: 19.79 GB/31.88 GB; Workers: 4/1024; IOCP: 0/1024
2018-11-13 00:03:28,262 47763  INFO  [7e8248] Started processing user request. Id = 7e824857-d443-4fb4-a756-5c019df6689b. Size = 9.56 KB.
2018-11-13 00:03:28,274 47775  INFO  [b9a76b] Started processing user request. Id = b9a76b5f-043a-4d4c-b1fe-b122789daba3. Size = 91.45 KB.
2018-11-13 00:03:28,277 47778  INFO  [7e8248] Doing some complicated stuff.. Random numbers are: 719624092, 1624286794, 578173188.
2018-11-13 00:03:28,279 47780  INFO  [b9a76b] Doing some complicated stuff.. Random numbers are: 1789038076, 519853757, 1485563753.
2018-11-13 00:03:28,281 47782  INFO  [b9a76b] Here's some useful guids:
		396d9a33-8b3c-475f-93da-66a4e94f771e
2018-11-13 00:03:28,287 47788  INFO  [b9a76b] Finished processing user request with id = b9a76b5f-043a-4d4c-b1fe-b122789daba3 in 00:00:00.0130513.
2018-11-13 00:03:28,290 47791  INFO  [0d46f6] Finished processing user request with id = 0d46f673-f569-4a50-8e69-c945657f14f4 in 00:00:00.0633939.
2018-11-13 00:03:28,301 47802  INFO  [BackgroundDaemon] Processing data (74% completed)..
2018-11-13 00:03:28,301 47802  INFO  [BackgroundDaemon] Finished iteration in 00:00:00.2320046.
2018-11-13 00:03:28,311 47812  INFO  [7e8248] Finished processing user request with id = 7e824857-d443-4fb4-a756-5c019df6689b in 00:00:00.0494687.
2018-11-13 00:03:28,318 47819  INFO  [7f554b] Started processing user request. Id = 7f554b34-c8a6-470b-8f0d-96e92b1020d9. Size = 74.03 KB.
2018-11-13 00:03:28,325 47826  INFO  [7f554b] Doing some complicated stuff.. Random numbers are: 220201625, 1297618136, 2136132085.
2018-11-13 00:03:28,325 47826  INFO  [edea38] Started processing user request. Id = edea3836-58a7-416a-b697-06c215bd9d45. Size = 54.95 KB.
2018-11-13 00:03:28,333 47834  INFO  [edea38] Doing some complicated stuff.. Random numbers are: 1190556264, 189701985, 753658980.
2018-11-13 00:03:28,336 47837  INFO  [edea38] Here's some useful guids:
		52785c3c-fb55-4a20-99b9-28ca09a8969f
2018-11-13 00:03:28,356 47857  INFO  [7f554b] Finished processing user request with id = 7f554b34-c8a6-470b-8f0d-96e92b1020d9 in 00:00:00.0381414.
2018-11-13 00:03:28,363 47864  INFO  [edea38] Finished processing user request with id = edea3836-58a7-416a-b697-06c215bd9d45 in 00:00:00.0378707.
2018-11-13 00:03:28,376 47877  INFO  [c05059] Started processing user request. Id = c05059bf-8ec4-4442-a6dd-44540710998f. Size = 5.28 KB.
2018-11-13 00:03:28,387 47888  INFO  [efaa1f] Started processing user request. Id = efaa1fec-a2f0-4c09-bafa-922c23edc289. Size = 20.01 KB.
2018-11-13 00:03:28,392 47894  INFO  [c05059] Doing some complicated stuff.. Random numbers are: 434416593, 1632473668, 1667288725.
2018-11-13 00:03:28,400 47901  INFO  [efaa1f] Doing some complicated stuff.. Random numbers are: 1719286951, 1441667235, 2056471973.
2018-11-13 00:03:28,423 47924  INFO  [c05059] Finished processing user request with id = c05059bf-8ec4-4442-a6dd-44540710998f in 00:00:00.0469529.
2018-11-13 00:03:28,436 47937  INFO  [0b5c9d] Started processing user request. Id = 0b5c9d19-25a7-4fee-a9b4-ad614aa8828f. Size = 27.61 KB.
2018-11-13 00:03:28,449 47950  INFO  [efaa1f] Finished processing user request with id = efaa1fec-a2f0-4c09-bafa-922c23edc289 in 00:00:00.0613118.
2018-11-13 00:03:28,455 47956  INFO  [0b5c9d] Doing some complicated stuff.. Random numbers are: 195513615, 1399611490, 1940226857.
2018-11-13 00:03:28,457 47958  INFO  [45df6c] Started processing user request. Id = 45df6c23-40fa-4087-a240-c9409ce10578. Size = 31.9 KB.
2018-11-13 00:03:28,459 47960  INFO  [45df6c] Doing some complicated stuff.. Random numbers are: 6199602, 1972374400, 2080150064.
2018-11-13 00:03:28,480 47981  INFO  [d667dc] Started processing user request. Id = d667dc94-aad7-47b5-88d2-33e2278144ba. Size = 1.38 KB.
2018-11-13 00:03:28,481 47982  INFO  [45df6c] Finished processing user request with id = 45df6c23-40fa-4087-a240-c9409ce10578 in 00:00:00.0236991.
2018-11-13 00:03:28,487 47988  INFO  [0b5c9d] Here's some useful guids:
		daa6531b-2c39-4c84-8a5a-b14f7a4ae77e
		96de30fb-08c4-4856-adce-7adbfdd3920c
		04290392-7f91-4fd1-a80c-c609e9eb2bdd
2018-11-13 00:03:28,487 47988  INFO  [0b5c9d] Finished processing user request with id = 0b5c9d19-25a7-4fee-a9b4-ad614aa8828f in 00:00:00.0504578.
2018-11-13 00:03:28,488 47989  INFO  [d667dc] Doing some complicated stuff.. Random numbers are: 92707650, 5774849, 635753668.
2018-11-13 00:03:28,501 48002  INFO  [66300b] Started processing user request. Id = 66300bcb-4ebd-4676-9c11-a8a6bb87f23f. Size = 84.63 KB.
2018-11-13 00:03:28,502 48003  INFO  [BackgroundDaemon] Starting iteration #15558.
2018-11-13 00:03:28,512 48013  INFO  [d667dc] Finished processing user request with id = d667dc94-aad7-47b5-88d2-33e2278144ba in 00:00:00.0320647.
2018-11-13 00:03:28,519 48020  INFO  [66300b] Doing some complicated stuff.. Random numbers are: 1421439818, 2062801937, 814441210.
2018-11-13 00:03:28,533 48034  INFO  [66300b] Here's some useful guids:
		689531d0-92b7-4e12-ba1b-3a68d1b3d8db
		1add7454-41a4-46dd-95c2-1eff16312df3
		2c85110f-41c8-4def-bfaa-1d1b785f3391
		82d7376d-c59b-45ab-9ddc-612fe40661a3
2018-11-13 00:03:28,543 48044  INFO  [7bd97a] Started processing user request. Id = 7bd97a91-d6f4-4cee-a231-a4fe78cfde67. Size = 22.09 KB.
2018-11-13 00:03:28,543 48044  INFO  [7bd97a] Doing some complicated stuff.. Random numbers are: 1089050372, 1403598197, 1871502140.
2018-11-13 00:03:28,544 48045  INFO  [66300b] Finished processing user request with id = 66300bcb-4ebd-4676-9c11-a8a6bb87f23f in 00:00:00.0430735.
2018-11-13 00:03:28,558 48059  INFO  [1da281] Started processing user request. Id = 1da281e5-77f4-4e27-96f5-87989417758f. Size = 85.24 KB.
2018-11-13 00:03:28,560 48061  INFO  [7bd97a] Here's some useful guids:
		b43c7869-d5b3-4140-84d2-0477041b22d2
		db162d99-2b7a-4fd7-ad0a-551f78d36434
		1b082f4c-dcc9-409a-9187-0c33f725e37b
2018-11-13 00:03:28,570 48071  INFO  [1da281] Doing some complicated stuff.. Random numbers are: 1050863358, 418490649, 1810865941.
2018-11-13 00:03:28,579 48080  INFO  [7bd97a] Finished processing user request with id = 7bd97a91-d6f4-4cee-a231-a4fe78cfde67 in 00:00:00.0360998.
2018-11-13 00:03:28,596 48097  INFO  [BackgroundDaemon] Processing data (3% completed)..
2018-11-13 00:03:28,599 48100  INFO  [1da281] Here's some useful guids:
		8fa2547e-a3cb-4f7a-96cc-dd797e397dd3
		ef7e52d3-b7cf-4d1b-bc7d-fdb322291248
		c30acd32-48e6-491a-b114-c7b1137a5100
		d417f6f1-7397-48fb-932a-bece8dba055c
		84aff561-7f38-4df5-80e7-8779a9480618
2018-11-13 00:03:28,599 48100  INFO  [1da281] Finished processing user request with id = 1da281e5-77f4-4e27-96f5-87989417758f in 00:00:00.0410715.
2018-11-13 00:03:28,610 48111  INFO  [90c652] Started processing user request. Id = 90c65248-b9a9-4215-bf15-920f54260887. Size = 56.75 KB.
2018-11-13 00:03:28,612 48113  INFO  [62d35f] Started processing user request. Id = 62d35ffb-6306-4787-9ac4-cbe7ece8af65. Size = 19.99 KB.
2018-11-13 00:03:28,620 48121  INFO  [62d35f] Doing some complicated stuff.. Random numbers are: 388279266, 411106889, 483768193.
2018-11-13 00:03:28,620 48121  INFO  [90c652] Doing some complicated stuff.. Random numbers are: 187179061, 560820501, 1349130461.
2018-11-13 00:03:28,647 48148  INFO  [62d35f] Here's some useful guids:
		d86f4f74-80df-4ad6-b06d-5e13ab7b2931
		12c6209d-a420-401f-b99a-f1bc4012e49e
		f4cb1f03-c922-473f-8654-afd46f936212
		ce5ad57e-a8e9-44f5-b149-daee4628c8b6
2018-11-13 00:03:28,648 48149  INFO  [76ca80] Started processing user request. Id = 76ca8073-2454-4838-a58a-550e1c22419c. Size = 76.76 KB.
2018-11-13 00:03:28,651 48152  INFO  [76ca80] Doing some complicated stuff.. Random numbers are: 288835665, 107477153, 1520370967.
2018-11-13 00:03:28,655 48156  INFO  [90c652] Finished processing user request with id = 90c65248-b9a9-4215-bf15-920f54260887 in 00:00:00.0448397.
2018-11-13 00:03:28,667 48168  INFO  [62d35f] Finished processing user request with id = 62d35ffb-6306-4787-9ac4-cbe7ece8af65 in 00:00:00.0547955.
2018-11-13 00:03:28,670 48171  INFO  [76ca80] Here's some useful guids:
		3623a029-10d0-42b4-ab37-702e956707b2
		aaf1bb17-8d6f-4308-87c0-96391ec209d1
2018-11-13 00:03:28,675 48176  ERROR [76ca80] 
System.InvalidOperationException: Oh no! An error occurred!
2018-11-13 00:03:28,680 48181  INFO  [8fbda3] Started processing user request. Id = 8fbda327-9c59-4502-bc95-10d7e0396593. Size = 11.39 KB.
2018-11-13 00:03:28,684 48185  INFO  [BackgroundDaemon] Processing data (45% completed)..
2018-11-13 00:03:28,687 48188  INFO  [efdf42] Started processing user request. Id = efdf42b9-d591-4c3d-a128-9e3bc34a4a48. Size = 52.75 KB.
2018-11-13 00:03:28,689 48190  INFO  [8fbda3] Doing some complicated stuff.. Random numbers are: 401434293, 976711488, 64489129.
2018-11-13 00:03:28,704 48205  INFO  [efdf42] Doing some complicated stuff.. Random numbers are: 902415985, 1979648408, 1224911849.
2018-11-13 00:03:28,721 48222  INFO  [8fbda3] Here's some useful guids:
		b1bc592a-0cb6-4ebb-b082-401027de1b50
		607d9c77-f665-4c46-b9b3-06a9d6f3aa23
		304134e0-9389-44b9-bca8-4b48fc98d644
		aff271dd-b18a-416b-a739-3d05c8948f66
		4b46e883-c189-42a0-b5ca-1df2a1ec91e2
2018-11-13 00:03:28,724 48225  INFO  [efdf42] Here's some useful guids:
		4467a755-8caf-4de9-914b-fd005e721286
		581920c9-f146-479e-85fa-dc148dde576c
		e2a0bb01-97c0-4acc-b063-323a0fa48d06
		015ca4eb-7278-4df9-8e10-422808ede12a
		1c0f5039-7aed-4acf-82d3-2688d6039f06
2018-11-13 00:03:28,725 48226  INFO  [BackgroundDaemon] Processing data (74% completed)..
2018-11-13 00:03:28,725 48226  INFO  [BackgroundDaemon] Finished iteration in 00:00:00.2230963.
2018-11-13 00:03:28,726 48227  INFO  [efdf42] Finished processing user request with id = efdf42b9-d591-4c3d-a128-9e3bc34a4a48 in 00:00:00.0391578.
2018-11-13 00:03:28,745 48246  INFO  [8fbda3] Finished processing user request with id = 8fbda327-9c59-4502-bc95-10d7e0396593 in 00:00:00.0650458.
2018-11-13 00:03:28,755 48256  INFO  [Metrics] Cpu: 0.41%; Memory: 19.79 GB/31.88 GB; Workers: 4/1024; IOCP: 0/1024
2018-11-13 00:03:28,758 48259  INFO  [059c91] Started processing user request. Id = 059c91bc-0f4c-4315-abbd-40a12864af69. Size = 7.27 KB.
2018-11-13 00:03:28,759 48260  INFO  [bf41b1] Started processing user request. Id = bf41b1c9-00aa-42c3-a39c-969d798b776c. Size = 52.26 KB.
2018-11-13 00:03:28,775 48276  INFO  [059c91] Doing some complicated stuff.. Random numbers are: 54286253, 1313318566, 1540855087.
2018-11-13 00:03:28,776 48277  INFO  [bf41b1] Doing some complicated stuff.. Random numbers are: 1126263879, 403640544, 1058725749.
2018-11-13 00:03:28,802 48303  INFO  [059c91] Here's some useful guids:
		995bbd50-7759-4bc8-8871-70d7d28776ff
		9354623c-900b-4584-938d-de3c00b56b07
		f7ffcad2-074b-4e3d-9bd1-4328e98d0481
2018-11-13 00:03:28,805 48306  INFO  [bf41b1] Here's some useful guids:
		2031c11e-05e8-47d3-bb15-afada372dc2a
		7416f285-9db9-46a3-b860-3c3f1906d384
		53ed3f0c-fdd9-4c2c-baee-cd371aede687
		99210772-336c-46f6-8422-fa6735de6de5
		9c016aff-a022-4623-8c34-69bd935bbc43
2018-11-13 00:03:28,819 48320  INFO  [059c91] Finished processing user request with id = 059c91bc-0f4c-4315-abbd-40a12864af69 in 00:00:00.0608491.
2018-11-13 00:03:28,829 48330  INFO  [bf41b1] Finished processing user request with id = bf41b1c9-00aa-42c3-a39c-969d798b776c in 00:00:00.0698970.
2018-11-13 00:03:28,842 48343  INFO  [f71651] Started processing user request. Id = f7165178-efb2-45dc-8f92-3c9c66806f8b. Size = 46.95 KB.
2018-11-13 00:03:28,842 48343  INFO  [ee318f] Started processing user request. Id = ee318f23-531b-4f60-b53c-0fda281cfe41. Size = 3.07 KB.
2018-11-13 00:03:28,849 48350  INFO  [f71651] Doing some complicated stuff.. Random numbers are: 1218902687, 953539093, 954215856.
2018-11-13 00:03:28,850 48351  INFO  [815c77] Started processing user request. Id = 815c7795-5c0b-44e8-87e3-6ad1707b3af1. Size = 37.21 KB.
2018-11-13 00:03:28,861 48362  INFO  [ee318f] Doing some complicated stuff.. Random numbers are: 1712840244, 270739126, 84864583.
2018-11-13 00:03:28,861 48362  INFO  [815c77] Doing some complicated stuff.. Random numbers are: 1083202642, 387256374, 1510299280.
2018-11-13 00:03:28,880 48381  INFO  [ee318f] Finished processing user request with id = ee318f23-531b-4f60-b53c-0fda281cfe41 in 00:00:00.0381387.
2018-11-13 00:03:28,882 48383  INFO  [f71651] Finished processing user request with id = f7165178-efb2-45dc-8f92-3c9c66806f8b in 00:00:00.0401612.
2018-11-13 00:03:28,896 48397  INFO  [812d6c] Started processing user request. Id = 812d6c1a-ba69-48fe-8472-7bc77598ee95. Size = 68.32 KB.
2018-11-13 00:03:28,898 48399  INFO  [815c77] Here's some useful guids:
		0ce04090-6037-443f-b660-a011b367bc8e
		5be711bd-4285-49ca-8b83-d30663e618ba
		b88b2d2b-77c6-4c55-a21a-f25b32b5fd3e
		12958d43-4f91-4631-becf-ef8e2dd6ec07
		ebe143ee-7786-42f8-b3e0-0f3e54a14ecc
2018-11-13 00:03:28,903 48404  INFO  [815c77] Finished processing user request with id = 815c7795-5c0b-44e8-87e3-6ad1707b3af1 in 00:00:00.0529202.
2018-11-13 00:03:28,914 48415  INFO  [812d6c] Doing some complicated stuff.. Random numbers are: 1130715741, 8844866, 113259283.
2018-11-13 00:03:28,925 48426  INFO  [BackgroundDaemon] Starting iteration #15559.
2018-11-13 00:03:28,934 48435  INFO  [278ffc] Started processing user request. Id = 278ffc83-b125-4fa2-9be1-cae6ee32b510. Size = 80.23 KB.
2018-11-13 00:03:28,941 48442  INFO  [278ffc] Doing some complicated stuff.. Random numbers are: 718003049, 961544721, 1816002594.
2018-11-13 00:03:28,953 48454  INFO  [812d6c] Here's some useful guids:
		183e6acc-2668-4047-869e-86cf07e3d5ac
		bd9d2630-e2f5-4589-9921-0ab2a8e297f5
2018-11-13 00:03:28,955 48456  INFO  [812d6c] Finished processing user request with id = 812d6c1a-ba69-48fe-8472-7bc77598ee95 in 00:00:00.0592919.
2018-11-13 00:03:28,968 48469  INFO  [1ae4aa] Started processing user request. Id = 1ae4aa32-e9b3-4db4-923a-7acf43b57af5. Size = 5.21 KB.
2018-11-13 00:03:28,975 48476  INFO  [1ae4aa] Doing some complicated stuff.. Random numbers are: 1065945757, 154828571, 1351308643.
2018-11-13 00:03:28,976 48477  INFO  [1ae4aa] Here's some useful guids:
		48fe5a82-17ca-49a9-87a2-eec41b1502f3
		efeb4671-3edc-4a60-832d-634b58ed1192
		85033b3f-17b9-44fd-9e91-6a25cab7df8b
		b754498b-6342-4226-905e-23f38b349928
		ce0c9220-98f2-483b-9cf9-5a6771b65b7f
2018-11-13 00:03:28,981 48482  ERROR [278ffc] 
System.InvalidOperationException: Oh no! An error occurred!
2018-11-13 00:03:29,006 48507  INFO  [1ae4aa] Finished processing user request with id = 1ae4aa32-e9b3-4db4-923a-7acf43b57af5 in 00:00:00.0376528.
2018-11-13 00:03:29,007 48508  INFO  [BackgroundDaemon] Processing data (7% completed)..
2018-11-13 00:03:29,012 48513  INFO  [2f5dfb] Started processing user request. Id = 2f5dfbf8-00af-4019-b69b-c95ee2aed69b. Size = 12.75 KB.
2018-11-13 00:03:29,019 48520  INFO  [4938bc] Started processing user request. Id = 4938bce8-acb8-476a-9709-66890f9e7bc6. Size = 50.95 KB.
2018-11-13 00:03:29,025 48526  INFO  [4938bc] Doing some complicated stuff.. Random numbers are: 1229846272, 1951712958, 1032771512.
2018-11-13 00:03:29,028 48529  INFO  [2f5dfb] Doing some complicated stuff.. Random numbers are: 1329300971, 180629890, 1506750998.
2018-11-13 00:03:29,048 48549  INFO  [9fd62c] Started processing user request. Id = 9fd62cd5-fe03-4282-8317-e4c5ba6dc1a4. Size = 83.96 KB.
2018-11-13 00:03:29,051 48552  INFO  [2f5dfb] Here's some useful guids:
		9e363d47-62f1-4854-8935-067329657322
		b970a19f-a9da-4aa1-88ec-557492feabc3
		e0eeb0d0-dd66-4106-8857-91828da93e96
2018-11-13 00:03:29,052 48553  INFO  [BackgroundDaemon] Processing data (33% completed)..
2018-11-13 00:03:29,057 48558  INFO  [9fd62c] Doing some complicated stuff.. Random numbers are: 1902675854, 1524430191, 1419989290.
2018-11-13 00:03:29,077 48578  INFO  [2f5dfb] Finished processing user request with id = 2f5dfbf8-00af-4019-b69b-c95ee2aed69b in 00:00:00.0651935.
2018-11-13 00:03:29,085 48586  INFO  [4938bc] Finished processing user request with id = 4938bce8-acb8-476a-9709-66890f9e7bc6 in 00:00:00.0661833.
2018-11-13 00:03:29,099 48600  INFO  [8d1b69] Started processing user request. Id = 8d1b693a-23b0-4258-a098-f525cc0b55a0. Size = 1.03 KB.
2018-11-13 00:03:29,109 48610  INFO  [8d1b69] Doing some complicated stuff.. Random numbers are: 239356031, 1978778532, 141066960.
2018-11-13 00:03:29,109 48610  INFO  [b4f4d7] Started processing user request. Id = b4f4d773-152e-486d-8307-785272f6295b. Size = 56.09 KB.
2018-11-13 00:03:29,110 48611  INFO  [9fd62c] Finished processing user request with id = 9fd62cd5-fe03-4282-8317-e4c5ba6dc1a4 in 00:00:00.0621004.
2018-11-13 00:03:29,115 48616  INFO  [b4f4d7] Doing some complicated stuff.. Random numbers are: 1435728245, 927888570, 430403177.
2018-11-13 00:03:29,115 48616  INFO  [8d1b69] Here's some useful guids:
		ad58b20d-44cc-4f9c-b00c-08005c1d6632
2018-11-13 00:03:29,142 48643  INFO  [8d1b69] Finished processing user request with id = 8d1b693a-23b0-4258-a098-f525cc0b55a0 in 00:00:00.0431885.
2018-11-13 00:03:29,151 48652  INFO  [BackgroundDaemon] Processing data (66% completed)..
2018-11-13 00:03:29,151 48652  INFO  [BackgroundDaemon] Finished iteration in 00:00:00.2258170.
2018-11-13 00:03:29,156 48657  INFO  [f62fb4] Started processing user request. Id = f62fb4f1-3836-4007-986f-a5d513142a58. Size = 19.49 KB.
2018-11-13 00:03:29,158 48659  INFO  [b4f4d7] Finished processing user request with id = b4f4d773-152e-486d-8307-785272f6295b in 00:00:00.0486886.
2018-11-13 00:03:29,159 48660  INFO  [f62fb4] Doing some complicated stuff.. Random numbers are: 682679679, 838925977, 1570505093.
2018-11-13 00:03:29,190 48691  INFO  [90679e] Started processing user request. Id = 90679eef-fbce-46f3-a9c9-aa041ffa4a6f. Size = 21.45 KB.
2018-11-13 00:03:29,203 48704  INFO  [90679e] Doing some complicated stuff.. Random numbers are: 656226480, 349813894, 1399665532.
2018-11-13 00:03:29,220 48721  INFO  [f62fb4] Finished processing user request with id = f62fb4f1-3836-4007-986f-a5d513142a58 in 00:00:00.0639276.
2018-11-13 00:03:29,234 48735  INFO  [7fe2c7] Started processing user request. Id = 7fe2c7c5-832f-43c0-80c0-298ae49bb477. Size = 92.09 KB.
2018-11-13 00:03:29,243 48744  INFO  [7fe2c7] Doing some complicated stuff.. Random numbers are: 296875330, 1348345435, 1472921622.
2018-11-13 00:03:29,251 48752  INFO  [90679e] Finished processing user request with id = 90679eef-fbce-46f3-a9c9-aa041ffa4a6f in 00:00:00.0609300.
2018-11-13 00:03:29,255 48756  INFO  [Metrics] Cpu: 0.56%; Memory: 19.79 GB/31.88 GB; Workers: 4/1024; IOCP: 0/1024
2018-11-13 00:03:29,274 48775  INFO  [7fe2c7] Here's some useful guids:
		127daea1-a9dc-43f4-a6f2-8e55701d2e83
		67a64cf8-4edd-4f9f-acc7-6fd05c20c5a5
		d7a6be4d-d718-4c54-9624-df8f627eb3a5
2018-11-13 00:03:29,277 48778  INFO  [6e55ea] Started processing user request. Id = 6e55eac2-1b65-4677-b38c-5e0a930aa6ac. Size = 18.6 KB.
2018-11-13 00:03:29,281 48782  INFO  [6e55ea] Doing some complicated stuff.. Random numbers are: 598440696, 1664355819, 842560504.
2018-11-13 00:03:29,282 48783  INFO  [09477a] Started processing user request. Id = 09477a32-095a-49d0-9e79-9a58bdce2bd6. Size = 56.68 KB.
2018-11-13 00:03:29,283 48784  INFO  [7fe2c7] Finished processing user request with id = 7fe2c7c5-832f-43c0-80c0-298ae49bb477 in 00:00:00.0494165.
2018-11-13 00:03:29,297 48798  INFO  [70e9e9] Started processing user request. Id = 70e9e902-d552-4bca-acbf-4444778d4608. Size = 51.35 KB.
2018-11-13 00:03:29,298 48799  INFO  [09477a] Doing some complicated stuff.. Random numbers are: 1743631299, 1899968979, 456300690.
2018-11-13 00:03:29,299 48800  INFO  [6e55ea] Finished processing user request with id = 6e55eac2-1b65-4677-b38c-5e0a930aa6ac in 00:00:00.0216253.
2018-11-13 00:03:29,302 48803  INFO  [70e9e9] Doing some complicated stuff.. Random numbers are: 457687730, 967273551, 1385819143.
2018-11-13 00:03:29,321 48822  INFO  [09477a] Here's some useful guids:
		a654a315-60ed-460c-97aa-97b081b01e1b
		15f9e5fc-d3bf-4a60-ae88-722e56958e8d
		97c148a7-005b-4497-b91a-4eeacab94e57
		b2d4a6ba-a713-4901-b533-fdd32e0af028
		0e6ca494-cd87-4383-8b74-9b648206cb86
2018-11-13 00:03:29,330 48831  INFO  [70e9e9] Finished processing user request with id = 70e9e902-d552-4bca-acbf-4444778d4608 in 00:00:00.0331203.
2018-11-13 00:03:29,344 48845  INFO  [09477a] Finished processing user request with id = 09477a32-095a-49d0-9e79-9a58bdce2bd6 in 00:00:00.0616411.
2018-11-13 00:03:29,344 48845  INFO  [6528da] Started processing user request. Id = 6528da81-122d-43ac-9ffb-1db46b1898ae. Size = 42.27 KB.
2018-11-13 00:03:29,351 48852  INFO  [BackgroundDaemon] Starting iteration #15560.
2018-11-13 00:03:29,362 48863  INFO  [6528da] Doing some complicated stuff.. Random numbers are: 307086233, 43338507, 886041218.
2018-11-13 00:03:29,375 48876  INFO  [341ef7] Started processing user request. Id = 341ef7f0-b404-4b76-9149-bfa8842a3bf4. Size = 78.79 KB.
2018-11-13 00:03:29,388 48889  INFO  [341ef7] Doing some complicated stuff.. Random numbers are: 984054914, 795305488, 737380805.
2018-11-13 00:03:29,396 48897  INFO  [6528da] Finished processing user request with id = 6528da81-122d-43ac-9ffb-1db46b1898ae in 00:00:00.0519598.
2018-11-13 00:03:29,409 48910  INFO  [41172b] Started processing user request. Id = 41172bf6-5f7d-451b-a7d9-22c5cb0b4378. Size = 85.12 KB.
2018-11-13 00:03:29,415 48916  INFO  [341ef7] Finished processing user request with id = 341ef7f0-b404-4b76-9149-bfa8842a3bf4 in 00:00:00.0399918.
2018-11-13 00:03:29,420 48921  INFO  [BackgroundDaemon] Processing data (2% completed)..
2018-11-13 00:03:29,425 48926  INFO  [41172b] Doing some complicated stuff.. Random numbers are: 329433328, 1401287471, 1830177503.
2018-11-13 00:03:29,446 48947  INFO  [b69430] Started processing user request. Id = b694309e-9988-40f1-807e-02a334bed0f0. Size = 86.52 KB.
2018-11-13 00:03:29,449 48950  INFO  [b69430] Doing some complicated stuff.. Random numbers are: 1493885135, 1833687667, 1147860327.
2018-11-13 00:03:29,456 48957  INFO  [41172b] Finished processing user request with id = 41172bf6-5f7d-451b-a7d9-22c5cb0b4378 in 00:00:00.0471866.
2018-11-13 00:03:29,460 48961  INFO  [BackgroundDaemon] Processing data (20% completed)..
2018-11-13 00:03:29,466 48967  INFO  [e71cce] Started processing user request. Id = e71cce7e-3b7c-4d5a-bff1-4565cf6c6e76. Size = 26.54 KB.
2018-11-13 00:03:29,469 48970  INFO  [e71cce] Doing some complicated stuff.. Random numbers are: 1784653746, 1238351050, 1433089443.
2018-11-13 00:03:29,470 48971  INFO  [5ed58b] Started processing user request. Id = 5ed58bd0-d4a3-4e81-acbb-61bd4e8a3f51. Size = 90.23 KB.
2018-11-13 00:03:29,478 48979  INFO  [5ed58b] Doing some complicated stuff.. Random numbers are: 320826743, 1824374681, 1479332171.
2018-11-13 00:03:29,480 48981  INFO  [b69430] Finished processing user request with id = b694309e-9988-40f1-807e-02a334bed0f0 in 00:00:00.0341148.
2018-11-13 00:03:29,485 48986  INFO  [5ed58b] Here's some useful guids:
		7b2d4c13-efe4-4ee7-b5f8-34750fbae10f
		69da8ae1-d6a5-4ba2-9d07-f4d37f6c839d
2018-11-13 00:03:29,493 48994  ERROR [5ed58b] 
System.InvalidOperationException: Oh no! An error occurred!
2018-11-13 00:03:29,506 49007  INFO  [730ca8] Started processing user request. Id = 730ca83d-378d-418d-ab2a-9fe25cb8ed66. Size = 65.45 KB.
2018-11-13 00:03:29,509 49010  INFO  [e71cce] Finished processing user request with id = e71cce7e-3b7c-4d5a-bff1-4565cf6c6e76 in 00:00:00.0431618.
2018-11-13 00:03:29,512 49013  INFO  [248ede] Started processing user request. Id = 248ede6e-b118-47f2-9c76-8934be43e7d6. Size = 60.73 KB.
2018-11-13 00:03:29,520 49021  INFO  [730ca8] Doing some complicated stuff.. Random numbers are: 787269739, 244108718, 1747686095.
2018-11-13 00:03:29,531 49032  INFO  [248ede] Doing some complicated stuff.. Random numbers are: 982633026, 1648230241, 1733050754.
2018-11-13 00:03:29,546 49047  INFO  [730ca8] Finished processing user request with id = 730ca83d-378d-418d-ab2a-9fe25cb8ed66 in 00:00:00.0397967.
2018-11-13 00:03:29,553 49054  INFO  [BackgroundDaemon] Processing data (79% completed)..
2018-11-13 00:03:29,553 49054  INFO  [BackgroundDaemon] Finished iteration in 00:00:00.2017577.
2018-11-13 00:03:29,560 49061  INFO  [af67c1] Started processing user request. Id = af67c19c-6bf6-4368-bd86-bf3141061d65. Size = 39.03 KB.
2018-11-13 00:03:29,565 49066  INFO  [248ede] Finished processing user request with id = 248ede6e-b118-47f2-9c76-8934be43e7d6 in 00:00:00.0531375.
2018-11-13 00:03:29,574 49075  INFO  [af67c1] Doing some complicated stuff.. Random numbers are: 525327835, 1914744484, 410041733.
2018-11-13 00:03:29,589 49090  INFO  [af67c1] Finished processing user request with id = af67c19c-6bf6-4368-bd86-bf3141061d65 in 00:00:00.0290125.
2018-11-13 00:03:29,596 49097  INFO  [af9dc5] Started processing user request. Id = af9dc536-0d95-4482-a6e5-55a8a6099628. Size = 67.4 KB.
2018-11-13 00:03:29,598 49099  INFO  [af9dc5] Doing some complicated stuff.. Random numbers are: 190334093, 25155042, 506560697.
2018-11-13 00:03:29,602 49103  INFO  [09340f] Started processing user request. Id = 09340f27-0bf5-423c-862c-4a7fdfd92fa0. Size = 85.45 KB.
2018-11-13 00:03:29,610 49111  INFO  [09340f] Doing some complicated stuff.. Random numbers are: 1513049827, 995370128, 687758499.
2018-11-13 00:03:29,632 49133  INFO  [09340f] Finished processing user request with id = 09340f27-0bf5-423c-862c-4a7fdfd92fa0 in 00:00:00.0295940.
2018-11-13 00:03:29,646 49147  INFO  [2ed1ed] Started processing user request. Id = 2ed1ed98-52cc-42fc-a634-1e383bd1f494. Size = 57.04 KB.
2018-11-13 00:03:29,652 49153  INFO  [2ed1ed] Doing some complicated stuff.. Random numbers are: 2118675855, 1356942554, 90815264.
2018-11-13 00:03:29,655 49156  INFO  [af9dc5] Finished processing user request with id = af9dc536-0d95-4482-a6e5-55a8a6099628 in 00:00:00.0587259.
2018-11-13 00:03:29,677 49178  INFO  [cd984d] Started processing user request. Id = cd984def-d4e0-4031-b11f-fdf57c649bd4. Size = 51.77 KB.
2018-11-13 00:03:29,685 49186  INFO  [2ed1ed] Finished processing user request with id = 2ed1ed98-52cc-42fc-a634-1e383bd1f494 in 00:00:00.0391179.
2018-11-13 00:03:29,686 49187  INFO  [444460] Started processing user request. Id = 444460d1-475d-4c5f-a636-605c2f66c499. Size = 74.62 KB.
2018-11-13 00:03:29,691 49192  INFO  [444460] Doing some complicated stuff.. Random numbers are: 2066329322, 1300514489, 155786122.
2018-11-13 00:03:29,696 49197  INFO  [cd984d] Doing some complicated stuff.. Random numbers are: 2068818666, 1813622343, 958333386.
2018-11-13 00:03:29,698 49199  INFO  [22f993] Started processing user request. Id = 22f993ff-7f28-4625-8559-b5de9282cec7. Size = 49.14 KB.
2018-11-13 00:03:29,713 49214  INFO  [22f993] Doing some complicated stuff.. Random numbers are: 729230880, 524582399, 646226837.
2018-11-13 00:03:29,721 49222  INFO  [22f993] Here's some useful guids:
		b2079c35-7552-478d-82fa-75cf27d241b1
		4ced9065-21fb-4ba4-8cbb-97c831d3462c
		b0ddc52b-2fb7-482f-bac5-4571bd17523c
		71af811d-df2f-45ec-ac16-14e9a085a76b
		3209ec1c-00c2-49a5-bc77-31cb7a0018e7
2018-11-13 00:03:29,726 49227  INFO  [22f993] Finished processing user request with id = 22f993ff-7f28-4625-8559-b5de9282cec7 in 00:00:00.0279099.
2018-11-13 00:03:29,738 49239  INFO  [444460] Finished processing user request with id = 444460d1-475d-4c5f-a636-605c2f66c499 in 00:00:00.0520449.
2018-11-13 00:03:29,739 49240  INFO  [cd984d] Finished processing user request with id = cd984def-d4e0-4031-b11f-fdf57c649bd4 in 00:00:00.0620273.
2018-11-13 00:03:29,740 49241  INFO  [39684a] Started processing user request. Id = 39684a92-a7bd-449c-802e-45a54071847a. Size = 52.4 KB.
2018-11-13 00:03:29,753 49254  INFO  [BackgroundDaemon] Starting iteration #15561.
2018-11-13 00:03:29,754 49255  INFO  [Metrics] Cpu: 0.56%; Memory: 19.79 GB/31.88 GB; Workers: 4/1024; IOCP: 0/1024
2018-11-13 00:03:29,759 49260  INFO  [39684a] Doing some complicated stuff.. Random numbers are: 1792376894, 253642698, 1434390466.
2018-11-13 00:03:29,770 49271  INFO  [742bff] Started processing user request. Id = 742bffd8-c927-4ec6-bff8-c494ef8240f4. Size = 86.55 KB.
2018-11-13 00:03:29,788 49289  INFO  [742bff] Doing some complicated stuff.. Random numbers are: 595770972, 686590530, 652704376.
2018-11-13 00:03:29,789 49290  INFO  [BackgroundDaemon] Processing data (9% completed)..
2018-11-13 00:03:29,796 49297  INFO  [39684a] Here's some useful guids:
		0749b4e8-e925-47a4-90bf-e195611e8668
		57773b9c-7e79-40fe-ad44-ed9c5614e642
		89e9be54-9c74-4bbe-a534-4215eca2ee33
		27cbbe8e-1152-4f91-8909-6035e8ecfb20
		f32abfa9-790d-4d09-a070-39e37ad80450
2018-11-13 00:03:29,805 49306  INFO  [39684a] Finished processing user request with id = 39684a92-a7bd-449c-802e-45a54071847a in 00:00:00.0649853.
2018-11-13 00:03:29,810 49311  INFO  [742bff] Finished processing user request with id = 742bffd8-c927-4ec6-bff8-c494ef8240f4 in 00:00:00.0400308.
2018-11-13 00:03:29,819 49320  INFO  [fd2c44] Started processing user request. Id = fd2c4482-cd94-41c6-9f04-fc43d519ead6. Size = 34.58 KB.
2018-11-13 00:03:29,824 49325  INFO  [fd2c44] Doing some complicated stuff.. Random numbers are: 891939347, 639526969, 295269199.
2018-11-13 00:03:29,841 49342  INFO  [5eee36] Started processing user request. Id = 5eee36f3-ceb8-46d5-bd4d-66d93e9a1a14. Size = 407 B.
2018-11-13 00:03:29,841 49342  INFO  [5eee36] Doing some complicated stuff.. Random numbers are: 1730597248, 1504146492, 847972756.
2018-11-13 00:03:29,863 49364  INFO  [fd2c44] Here's some useful guids:
		13a536dd-9a42-4218-b3ff-bdeb5e173147
		6be36fc4-615b-4898-94bf-eb3eb197d7a8
		ae13cb35-0a85-435f-8e6d-a9ba0b2d1158
		9a00d743-bda7-4c67-88bd-4e820fceca27
		603a5876-722f-4833-9bd0-869877b2bd24
2018-11-13 00:03:29,878 49379  INFO  [5eee36] Finished processing user request with id = 5eee36f3-ceb8-46d5-bd4d-66d93e9a1a14 in 00:00:00.0366126.
2018-11-13 00:03:29,884 49385  INFO  [BackgroundDaemon] Processing data (40% completed)..
2018-11-13 00:03:29,885 49386  INFO  [fd2c44] Finished processing user request with id = fd2c4482-cd94-41c6-9f04-fc43d519ead6 in 00:00:00.0662079.
2018-11-13 00:03:29,899 49400  INFO  [b8f37f] Started processing user request. Id = b8f37fca-ef3f-48c2-bd84-1c86fff1288e. Size = 11.25 KB.
2018-11-13 00:03:29,900 49401  INFO  [b8f37f] Doing some complicated stuff.. Random numbers are: 594296504, 1044163831, 150373704.
2018-11-13 00:03:29,906 49407  INFO  [c757b1] Started processing user request. Id = c757b1a7-5af9-48cd-b8b3-55fd606c68b9. Size = 87.95 KB.
2018-11-13 00:03:29,909 49410  INFO  [05682c] Started processing user request. Id = 05682ca2-fc4a-41d2-9e34-24e3f5ba8ec9. Size = 5.91 KB.
2018-11-13 00:03:29,914 49415  INFO  [c757b1] Doing some complicated stuff.. Random numbers are: 1016330022, 852936753, 1990217799.
2018-11-13 00:03:29,927 49428  INFO  [05682c] Doing some complicated stuff.. Random numbers are: 1928522822, 1511052154, 695238848.
2018-11-13 00:03:29,931 49432  INFO  [b8f37f] Here's some useful guids:
		0ae670d4-36a0-4703-94da-e0cfc134c53a
		b1a01597-1d17-498c-ae64-b99656783aa6
		9c2b3a23-512b-403d-906e-49b85ec2a297
		54b63da0-1f1f-495b-9d72-eeaccd536828
2018-11-13 00:03:29,933 49434  INFO  [b8f37f] Finished processing user request with id = b8f37fca-ef3f-48c2-bd84-1c86fff1288e in 00:00:00.0340898.
2018-11-13 00:03:29,939 49440  INFO  [c757b1] Here's some useful guids:
		6a744a9e-59ae-4f3b-9b69-c09cdc64ffae
2018-11-13 00:03:29,947 49448  INFO  [043f5b] Started processing user request. Id = 043f5b53-3c6a-4293-b28f-880b9925f994. Size = 26.69 KB.
2018-11-13 00:03:29,954 49455  INFO  [043f5b] Doing some complicated stuff.. Random numbers are: 11249746, 50753849, 2108985554.
2018-11-13 00:03:29,959 49460  INFO  [BackgroundDaemon] Processing data (88% completed)..
2018-11-13 00:03:29,959 49460  INFO  [BackgroundDaemon] Finished iteration in 00:00:00.2058113.
2018-11-13 00:03:29,967 49468  INFO  [c757b1] Finished processing user request with id = c757b1a7-5af9-48cd-b8b3-55fd606c68b9 in 00:00:00.0613030.
2018-11-13 00:03:29,970 49471  INFO  [05682c] Finished processing user request with id = 05682ca2-fc4a-41d2-9e34-24e3f5ba8ec9 in 00:00:00.0607215.
2018-11-13 00:03:29,971 49472  INFO  [043f5b] Finished processing user request with id = 043f5b53-3c6a-4293-b28f-880b9925f994 in 00:00:00.0244616.
2018-11-13 00:03:29,984 49485  INFO  [338fcc] Started processing user request. Id = 338fcc67-44c0-43b5-b024-df590d5f9313. Size = 69.47 KB.
2018-11-13 00:03:29,995 49496  INFO  [338fcc] Doing some complicated stuff.. Random numbers are: 521973385, 1133679257, 1526434177.
2018-11-13 00:03:30,001 49502  INFO  [be1825] Started processing user request. Id = be18251a-f06a-4dec-b5b5-444b621ef506. Size = 84.62 KB.
2018-11-13 00:03:30,001 49502  INFO  [be1825] Doing some complicated stuff.. Random numbers are: 1921332964, 2055812669, 2109462462.
2018-11-13 00:03:30,003 49504  INFO  [338fcc] Here's some useful guids:
		91b1320b-0eea-4752-a3a8-f014d72ade35
		ad0fccaf-ff31-4a69-b1b4-65ee49ef5201
2018-11-13 00:03:30,004 49505  INFO  [338fcc] Finished processing user request with id = 338fcc67-44c0-43b5-b024-df590d5f9313 in 00:00:00.0201388.
2018-11-13 00:03:30,017 49519  INFO  [f21482] Started processing user request. Id = f214827f-86ed-4054-8333-7557066f9ce8. Size = 32.46 KB.
2018-11-13 00:03:30,020 49521  INFO  [f21482] Doing some complicated stuff.. Random numbers are: 822080009, 347043806, 994767342.
2018-11-13 00:03:30,038 49539  INFO  [be1825] Here's some useful guids:
		18ff926f-fab4-4dd4-9613-aac63706eb2a
2018-11-13 00:03:30,042 49544  INFO  [f21482] Here's some useful guids:
		021f8a24-6edd-4665-9f38-7bdbf9279d11
		a20b9f0f-42d3-463b-a634-c3f64499a1db
		8af6d848-16fb-4883-a628-066ed6c410ed
		81426eeb-8a45-415f-8d26-024c2a288d39
2018-11-13 00:03:30,043 49545  INFO  [be1825] Finished processing user request with id = be18251a-f06a-4dec-b5b5-444b621ef506 in 00:00:00.0421647.
2018-11-13 00:03:30,053 49554  INFO  [f21482] Finished processing user request with id = f214827f-86ed-4054-8333-7557066f9ce8 in 00:00:00.0351115.
2018-11-13 00:03:30,066 49567  INFO  [5d1f85] Started processing user request. Id = 5d1f8590-f22f-4a45-9292-deb6e2186d67. Size = 89.03 KB.
2018-11-13 00:03:30,075 49576  INFO  [9f1708] Started processing user request. Id = 9f17083d-aa5f-4cb0-9b9b-e3718a964d26. Size = 36.02 KB.
2018-11-13 00:03:30,081 49582  INFO  [5d1f85] Doing some complicated stuff.. Random numbers are: 1875269293, 1764443959, 1637098430.
2018-11-13 00:03:30,090 49592  INFO  [9f1708] Doing some complicated stuff.. Random numbers are: 1714513661, 892729431, 1911485543.
2018-11-13 00:03:30,114 49615  INFO  [9f1708] Finished processing user request with id = 9f17083d-aa5f-4cb0-9b9b-e3718a964d26 in 00:00:00.0390862.
2018-11-13 00:03:30,125 49626  INFO  [5d1f85] Finished processing user request with id = 5d1f8590-f22f-4a45-9292-deb6e2186d67 in 00:00:00.0591139.
2018-11-13 00:03:30,135 49636  INFO  [a9b40f] Started processing user request. Id = a9b40f48-c339-42ea-8dda-b967df4bd3cb. Size = 25.15 KB.
2018-11-13 00:03:30,138 49639  INFO  [401b23] Started processing user request. Id = 401b23e6-3d00-404c-b791-30ea4a9af674. Size = 30.99 KB.
2018-11-13 00:03:30,145 49646  INFO  [08e850] Started processing user request. Id = 08e850d0-cd07-4f46-8b22-ba1a72aa9e5d. Size = 5.88 KB.
2018-11-13 00:03:30,146 49647  INFO  [a9b40f] Doing some complicated stuff.. Random numbers are: 1264653739, 978176917, 1632190393.
2018-11-13 00:03:30,154 49655  INFO  [401b23] Doing some complicated stuff.. Random numbers are: 480352034, 1993110581, 1052513861.
2018-11-13 00:03:30,156 49657  INFO  [401b23] Here's some useful guids:
		fd997363-65b3-47bc-ad0f-c7549f6099ee
		1a385fd2-0eba-457a-abeb-3445745000aa
		503be39c-5ab4-4033-b17a-28589761316d
		97ff6b9a-b765-4b89-8c41-652e5fb2052c
		5414982c-c94f-44e2-aaa7-c2666450a588
2018-11-13 00:03:30,159 49660  INFO  [BackgroundDaemon] Starting iteration #15562.
2018-11-13 00:03:30,162 49663  INFO  [08e850] Doing some complicated stuff.. Random numbers are: 1562572707, 1301391406, 386702136.
2018-11-13 00:03:30,164 49665  INFO  [a9b40f] Here's some useful guids:
		4d1fe0c2-3212-49aa-95e1-46280b8c7bb1
		6484fb61-d030-4ffe-942b-5667c8590c84
		83c10185-b814-4d69-b1f8-dc89b673ea2d
2018-11-13 00:03:30,173 49675  INFO  [401b23] Finished processing user request with id = 401b23e6-3d00-404c-b791-30ea4a9af674 in 00:00:00.0351502.
2018-11-13 00:03:30,177 49679  INFO  [a9b40f] Finished processing user request with id = a9b40f48-c339-42ea-8dda-b967df4bd3cb in 00:00:00.0422096.
2018-11-13 00:03:30,181 49682  INFO  [08e850] Finished processing user request with id = 08e850d0-cd07-4f46-8b22-ba1a72aa9e5d in 00:00:00.0361907.
2018-11-13 00:03:30,187 49688  INFO  [582af8] Started processing user request. Id = 582af887-a3c4-4cfe-a894-93affd99ed05. Size = 30.41 KB.
2018-11-13 00:03:30,202 49703  INFO  [582af8] Doing some complicated stuff.. Random numbers are: 962977984, 178118311, 1115857578.
2018-11-13 00:03:30,213 49714  INFO  [145efd] Started processing user request. Id = 145efd38-c6ed-4820-bcd6-ead1817b7cd5. Size = 17.49 KB.
2018-11-13 00:03:30,224 49725  INFO  [145efd] Doing some complicated stuff.. Random numbers are: 668306109, 819690984, 334402276.
2018-11-13 00:03:30,231 49732  INFO  [582af8] Here's some useful guids:
		a81bc01d-2ba8-4cc4-91ff-bb017887ce2e
		cd4aef67-c986-4a7e-971e-589764a483dc
		338c14ce-f856-4298-89c6-e7ece9d07f12
		14f463a9-e35d-466b-81c5-956de04581c1
		8793bef7-5efc-4347-9f1f-0a2a22c6ddc5
2018-11-13 00:03:30,238 49739  INFO  [582af8] Finished processing user request with id = 582af887-a3c4-4cfe-a894-93affd99ed05 in 00:00:00.0510440.
2018-11-13 00:03:30,241 49742  INFO  [BackgroundDaemon] Processing data (4% completed)..
2018-11-13 00:03:30,245 49746  INFO  [145efd] Finished processing user request with id = 145efd38-c6ed-4820-bcd6-ead1817b7cd5 in 00:00:00.0318400.
2018-11-13 00:03:30,252 49753  INFO  [787cee] Started processing user request. Id = 787cee66-8e06-4610-b29a-b5be943f24de. Size = 45.49 KB.
2018-11-13 00:03:30,254 49755  INFO  [Metrics] Cpu: 0.08%; Memory: 19.79 GB/31.88 GB; Workers: 4/1024; IOCP: 0/1024
2018-11-13 00:03:30,262 49764  INFO  [787cee] Doing some complicated stuff.. Random numbers are: 1354162357, 854881453, 193428497.
2018-11-13 00:03:30,276 49777  INFO  [c099b4] Started processing user request. Id = c099b417-611c-4f06-acd0-fa4c820e094a. Size = 4.59 KB.
2018-11-13 00:03:30,278 49779  INFO  [c099b4] Doing some complicated stuff.. Random numbers are: 1884879156, 635490495, 646980068.
2018-11-13 00:03:30,283 49784  INFO  [BackgroundDaemon] Processing data (44% completed)..
2018-11-13 00:03:30,296 49797  INFO  [c099b4] Finished processing user request with id = c099b417-611c-4f06-acd0-fa4c820e094a in 00:00:00.0200473.
2018-11-13 00:03:30,299 49800  INFO  [787cee] Finished processing user request with id = 787cee66-8e06-4610-b29a-b5be943f24de in 00:00:00.0471916.
2018-11-13 00:03:30,312 49813  INFO  [a54648] Started processing user request. Id = a546480a-e744-4834-900e-379e9379d28d. Size = 75.14 KB.
2018-11-13 00:03:30,322 49823  INFO  [BackgroundDaemon] Processing data (50% completed)..
2018-11-13 00:03:30,322 49823  INFO  [BackgroundDaemon] Finished iteration in 00:00:00.1625002.
2018-11-13 00:03:30,328 49829  INFO  [b5d554] Started processing user request. Id = b5d5542b-1b5f-4ae6-b773-ba98a6c13125. Size = 25.7 KB.
2018-11-13 00:03:30,328 49829  INFO  [a54648] Doing some complicated stuff.. Random numbers are: 465823786, 164097909, 1977074910.
2018-11-13 00:03:30,337 49838  INFO  [b5d554] Doing some complicated stuff.. Random numbers are: 17037279, 1083410339, 1712990405.
2018-11-13 00:03:30,345 49846  INFO  [81bc4b] Started processing user request. Id = 81bc4b8a-f2d4-4265-81bb-19e2c6247217. Size = 77.98 KB.
2018-11-13 00:03:30,353 49854  INFO  [81bc4b] Doing some complicated stuff.. Random numbers are: 1781159023, 2062762289, 1023035955.
2018-11-13 00:03:30,354 49855  INFO  [b5d554] Here's some useful guids:
		62bfad4f-ee3e-49e6-99c7-36d396bd0824
2018-11-13 00:03:30,357 49858  INFO  [a54648] Here's some useful guids:
		63dde13d-2efb-4315-91bf-92251e2f90c0
2018-11-13 00:03:30,358 49859  INFO  [b5d554] Finished processing user request with id = b5d5542b-1b5f-4ae6-b773-ba98a6c13125 in 00:00:00.0301436.
2018-11-13 00:03:30,363 49864  INFO  [a54648] Finished processing user request with id = a546480a-e744-4834-900e-379e9379d28d in 00:00:00.0506651.
2018-11-13 00:03:30,376 49877  INFO  [2aa640] Started processing user request. Id = 2aa640eb-87f9-4bf1-8730-340c0adf318c. Size = 10.17 KB.
2018-11-13 00:03:30,383 49884  INFO  [2aa640] Doing some complicated stuff.. Random numbers are: 1478682114, 1924621370, 248626179.
2018-11-13 00:03:30,384 49885  INFO  [2aa640] Here's some useful guids:
		5dbeaec3-5e29-48ea-8276-e50223055307
		9bb5f647-1da0-4578-a8b9-bf9c8076b00c
		2e188816-96de-47dc-a04f-f59336a1f892
2018-11-13 00:03:30,387 49888  INFO  [81bc4b] Finished processing user request with id = 81bc4b8a-f2d4-4265-81bb-19e2c6247217 in 00:00:00.0419380.
2018-11-13 00:03:30,389 49890  INFO  [833c06] Started processing user request. Id = 833c068e-1ce7-49b8-b5fd-0d2b5faf8347. Size = 39.96 KB.
2018-11-13 00:03:30,403 49904  INFO  [833c06] Doing some complicated stuff.. Random numbers are: 1089101533, 552629921, 1973873579.
2018-11-13 00:03:30,405 49906  INFO  [2aa640] Finished processing user request with id = 2aa640eb-87f9-4bf1-8730-340c0adf318c in 00:00:00.0291413.
2018-11-13 00:03:30,419 49920  INFO  [527ab9] Started processing user request. Id = 527ab9cf-e1e2-4589-948c-8cb1ad4ce2c8. Size = 8.54 KB.
2018-11-13 00:03:30,427 49928  INFO  [527ab9] Doing some complicated stuff.. Random numbers are: 90925676, 1563758035, 1433501653.
2018-11-13 00:03:30,459 49960  ERROR [833c06] 
System.InvalidOperationException: Oh no! An error occurred!
2018-11-13 00:03:30,469 49970  INFO  [527ab9] Finished processing user request with id = 527ab9cf-e1e2-4589-948c-8cb1ad4ce2c8 in 00:00:00.0501751.
2018-11-13 00:03:30,482 49983  INFO  [8d8b04] Started processing user request. Id = 8d8b04e2-ed8a-4337-b025-272465206ea8. Size = 82.25 KB.
2018-11-13 00:03:30,484 49985  INFO  [8d8b04] Doing some complicated stuff.. Random numbers are: 320776600, 1012086814, 966592409.
2018-11-13 00:03:30,490 49991  INFO  [bf2e16] Started processing user request. Id = bf2e16ba-c90e-49ca-ac27-dcbf970cc1f9. Size = 96.71 KB.
2018-11-13 00:03:30,503 50004  INFO  [bf2e16] Doing some complicated stuff.. Random numbers are: 1119073046, 1464282415, 1197179579.
2018-11-13 00:03:30,516 50017  INFO  [bf2e16] Here's some useful guids:
		5aca5e08-95a1-4d0a-a241-0dee56a2a2da
		309cbb56-1275-437a-979a-7f60269ef6e4
		9bc04391-9ae2-499c-918f-4b46a98a01de
2018-11-13 00:03:30,517 50018  INFO  [8d8b04] Finished processing user request with id = 8d8b04e2-ed8a-4337-b025-272465206ea8 in 00:00:00.0352024.
2018-11-13 00:03:30,523 50024  INFO  [BackgroundDaemon] Starting iteration #15563.
2018-11-13 00:03:30,531 50032  INFO  [918262] Started processing user request. Id = 91826205-af5b-47d0-8aa0-e1ebf708ac54. Size = 51.8 KB.
2018-11-13 00:03:30,539 50040  INFO  [918262] Doing some complicated stuff.. Random numbers are: 511162714, 1347606731, 444954803.
2018-11-13 00:03:30,545 50046  INFO  [bf2e16] Finished processing user request with id = bf2e16ba-c90e-49ca-ac27-dcbf970cc1f9 in 00:00:00.0551163.
2018-11-13 00:03:30,554 50055  INFO  [2c2819] Started processing user request. Id = 2c281935-1d63-4574-8bb7-71a0ace94ee2. Size = 72.38 KB.
2018-11-13 00:03:30,567 50068  INFO  [2c2819] Doing some complicated stuff.. Random numbers are: 402067035, 1646513462, 1011224106.
2018-11-13 00:03:30,577 50078  INFO  [64549e] Started processing user request. Id = 64549ef7-ec5b-4c6c-9888-506f860eca7b. Size = 56.98 KB.
2018-11-13 00:03:30,578 50079  INFO  [918262] Here's some useful guids:
		5e8c14dc-a7a7-4c33-8ecd-a1309bc366c1
		bed5f7a9-6315-4cdf-bce7-e46ad3ab0920
2018-11-13 00:03:30,590 50091  INFO  [64549e] Doing some complicated stuff.. Random numbers are: 1904157320, 1405823044, 369997531.
2018-11-13 00:03:30,598 50100  INFO  [BackgroundDaemon] Processing data (1% completed)..
2018-11-13 00:03:30,601 50103  INFO  [2c2819] Finished processing user request with id = 2c281935-1d63-4574-8bb7-71a0ace94ee2 in 00:00:00.0472705.
2018-11-13 00:03:30,601 50103  INFO  [918262] Finished processing user request with id = 91826205-af5b-47d0-8aa0-e1ebf708ac54 in 00:00:00.0706509.
2018-11-13 00:03:30,615 50116  INFO  [5c6462] Started processing user request. Id = 5c646282-e84b-48a0-9e4e-9bbe66fb27ba. Size = 50.52 KB.
2018-11-13 00:03:30,622 50123  INFO  [5c6462] Doing some complicated stuff.. Random numbers are: 1773934888, 2045991931, 412742168.
2018-11-13 00:03:30,622 50123  INFO  [64549e] Finished processing user request with id = 64549ef7-ec5b-4c6c-9888-506f860eca7b in 00:00:00.0445881.
2018-11-13 00:03:30,634 50135  INFO  [5c6462] Here's some useful guids:
		e824c4c3-cd53-4d87-ad00-d4c48f16fdbb
		94516aa2-2cd7-4ca8-b048-6772eb253bf2
		a527e265-b294-4654-809c-75385bfdc313
2018-11-13 00:03:30,654 50155  INFO  [f6dbfe] Started processing user request. Id = f6dbfe88-de36-4b8b-98f9-5362ece5f103. Size = 77.59 KB.
2018-11-13 00:03:30,655 50156  INFO  [BackgroundDaemon] Processing data (21% completed)..
2018-11-13 00:03:30,657 50158  INFO  [5c6462] Finished processing user request with id = 5c646282-e84b-48a0-9e4e-9bbe66fb27ba in 00:00:00.0420917.
2018-11-13 00:03:30,670 50171  INFO  [da84f0] Started processing user request. Id = da84f048-5cd1-4d0f-9f61-435b398a873f. Size = 40.13 KB.
2018-11-13 00:03:30,671 50172  INFO  [f6dbfe] Doing some complicated stuff.. Random numbers are: 568673093, 144731545, 313831004.
2018-11-13 00:03:30,689 50191  INFO  [da84f0] Doing some complicated stuff.. Random numbers are: 2021323322, 186755238, 604441319.
2018-11-13 00:03:30,700 50202  INFO  [f6dbfe] Finished processing user request with id = f6dbfe88-de36-4b8b-98f9-5362ece5f103 in 00:00:00.0468403.
2018-11-13 00:03:30,732 50233  INFO  [7e0f21] Started processing user request. Id = 7e0f2146-c1d0-49da-8c08-a53d1cebfc89. Size = 78.08 KB.
2018-11-13 00:03:30,733 50234  INFO  [da84f0] Finished processing user request with id = da84f048-5cd1-4d0f-9f61-435b398a873f in 00:00:00.0629185.
2018-11-13 00:03:30,745 50246  INFO  [BackgroundDaemon] Processing data (98% completed)..
2018-11-13 00:03:30,745 50246  INFO  [BackgroundDaemon] Finished iteration in 00:00:00.2223435.
2018-11-13 00:03:30,746 50247  INFO  [8283cc] Started processing user request. Id = 8283cc81-2fa9-47d8-a5dd-fa2b917929a1. Size = 23.4 KB.
2018-11-13 00:03:30,749 50250  INFO  [8283cc] Doing some complicated stuff.. Random numbers are: 706894199, 2030656672, 1194783427.
2018-11-13 00:03:30,751 50252  INFO  [7e0f21] Doing some complicated stuff.. Random numbers are: 744531395, 828758917, 922088890.
2018-11-13 00:03:30,753 50254  INFO  [Metrics] Cpu: 0.08%; Memory: 19.79 GB/31.88 GB; Workers: 4/1024; IOCP: 0/1024
2018-11-13 00:03:30,768 50270  INFO  [512d88] Started processing user request. Id = 512d8895-3f92-44d7-8195-8fff2cb7c2a0. Size = 21.49 KB.
2018-11-13 00:03:30,773 50274  INFO  [512d88] Doing some complicated stuff.. Random numbers are: 371940514, 1265209024, 1160850836.
2018-11-13 00:03:30,780 50281  INFO  [512d88] Here's some useful guids:
		6a7c71d5-5326-4ddb-8916-840efeb43c1e
		5148b164-0dac-4c65-9c7b-998b0710c85c
		0216edef-c4be-452a-8f87-cb916aaea3e9
		c6ae37b7-cb20-4a30-b3ce-990ed431b4cb
2018-11-13 00:03:30,787 50288  INFO  [8283cc] Here's some useful guids:
		69719565-fccd-4aa7-8635-a7088232a4fd
2018-11-13 00:03:30,801 50302  INFO  [8283cc] Finished processing user request with id = 8283cc81-2fa9-47d8-a5dd-fa2b917929a1 in 00:00:00.0545190.
2018-11-13 00:03:30,802 50303  INFO  [7e0f21] Finished processing user request with id = 7e0f2146-c1d0-49da-8c08-a53d1cebfc89 in 00:00:00.0699415.
2018-11-13 00:03:30,809 50310  INFO  [512d88] Finished processing user request with id = 512d8895-3f92-44d7-8195-8fff2cb7c2a0 in 00:00:00.0401777.
2018-11-13 00:03:30,814 50315  INFO  [773e1f] Started processing user request. Id = 773e1f36-727e-43c3-8437-5ba456788d3c. Size = 4.51 KB.
2018-11-13 00:03:30,826 50327  INFO  [773e1f] Doing some complicated stuff.. Random numbers are: 962142936, 329000518, 322274656.
2018-11-13 00:03:30,833 50334  INFO  [f1a9f4] Started processing user request. Id = f1a9f4d1-43e0-40b8-aaad-0315c4c104d8. Size = 75.79 KB.
2018-11-13 00:03:30,842 50343  INFO  [f1a9f4] Doing some complicated stuff.. Random numbers are: 437110373, 683646022, 2046777564.
2018-11-13 00:03:30,848 50349  INFO  [f1a9f4] Here's some useful guids:
		771697f6-68cd-427d-be6e-f08483af337f
		a4b8435f-8d91-40c3-bf57-2314466c244e
		19a6afc1-4e10-4a0f-8f43-065f95060ecc
2018-11-13 00:03:30,854 50355  INFO  [773e1f] Here's some useful guids:
		e18aa963-6249-4b17-8a3f-ffcb0fe9983c
2018-11-13 00:03:30,858 50359  ERROR [773e1f] 
System.InvalidOperationException: Oh no! An error occurred!
2018-11-13 00:03:30,862 50363  INFO  [f1a9f4] Finished processing user request with id = f1a9f4d1-43e0-40b8-aaad-0315c4c104d8 in 00:00:00.0294169.
2018-11-13 00:03:30,871 50372  INFO  [c784a3] Started processing user request. Id = c784a37b-d25e-45bf-b5ee-abf25f6c7d88. Size = 15.26 KB.
2018-11-13 00:03:30,874 50375  INFO  [c784a3] Doing some complicated stuff.. Random numbers are: 831654692, 106527309, 1297542375.
2018-11-13 00:03:30,894 50395  INFO  [e00f6a] Started processing user request. Id = e00f6a3e-dcc0-4580-bb7a-127eb2fce5ee. Size = 5.89 KB.
2018-11-13 00:03:30,899 50400  INFO  [c784a3] Finished processing user request with id = c784a37b-d25e-45bf-b5ee-abf25f6c7d88 in 00:00:00.0275762.
2018-11-13 00:03:30,901 50402  INFO  [e00f6a] Doing some complicated stuff.. Random numbers are: 1705669898, 782336843, 1077783129.
2018-11-13 00:03:30,912 50413  INFO  [3d4e78] Started processing user request. Id = 3d4e788e-2a44-45b4-9ab6-89eb1fa8b2cb. Size = 33.96 KB.
2018-11-13 00:03:30,913 50414  INFO  [e00f6a] Finished processing user request with id = e00f6a3e-dcc0-4580-bb7a-127eb2fce5ee in 00:00:00.0191473.
2018-11-13 00:03:30,930 50431  INFO  [3d4e78] Doing some complicated stuff.. Random numbers are: 391626404, 372132199, 790838197.
2018-11-13 00:03:30,945 50446  INFO  [e54791] Started processing user request. Id = e547918d-26ae-4652-b7f9-c644970f9c65. Size = 53.89 KB.
2018-11-13 00:03:30,946 50447  INFO  [BackgroundDaemon] Starting iteration #15564.
2018-11-13 00:03:30,952 50453  INFO  [e54791] Doing some complicated stuff.. Random numbers are: 177241287, 1357218693, 252105298.
2018-11-13 00:03:30,956 50457  INFO  [3d4e78] Finished processing user request with id = 3d4e788e-2a44-45b4-9ab6-89eb1fa8b2cb in 00:00:00.0440571.
2018-11-13 00:03:30,969 50470  INFO  [0d48af] Started processing user request. Id = 0d48af5c-2a62-4fe1-be6a-2b8332e28fc1. Size = 26.47 KB.
2018-11-13 00:03:30,969 50470  INFO  [0d48af] Doing some complicated stuff.. Random numbers are: 1788295665, 429896125, 1878769148.
2018-11-13 00:03:30,976 50477  INFO  [62115d] Started processing user request. Id = 62115d9b-9914-4819-9028-57b3b0327aa8. Size = 19.95 KB.
2018-11-13 00:03:30,978 50479  INFO  [BackgroundDaemon] Processing data (17% completed)..
2018-11-13 00:03:30,984 50485  INFO  [62115d] Doing some complicated stuff.. Random numbers are: 417274198, 317380846, 292094922.
2018-11-13 00:03:31,006 50507  ERROR [0d48af] 
System.InvalidOperationException: Oh no! An error occurred!
2018-11-13 00:03:31,012 50513  INFO  [62115d] Finished processing user request with id = 62115d9b-9914-4819-9028-57b3b0327aa8 in 00:00:00.0362995.
2018-11-13 00:03:31,019 50520  INFO  [e54791] Finished processing user request with id = e547918d-26ae-4652-b7f9-c644970f9c65 in 00:00:00.0737599.
2018-11-13 00:03:31,020 50521  INFO  [915285] Started processing user request. Id = 91528502-7a80-49ad-9b34-2755d29fd07e. Size = 82.37 KB.
2018-11-13 00:03:31,035 50536  INFO  [915285] Doing some complicated stuff.. Random numbers are: 874351790, 1751071040, 733559944.
2018-11-13 00:03:31,044 50545  INFO  [BackgroundDaemon] Processing data (29% completed)..
2018-11-13 00:03:31,050 50551  INFO  [9913ba] Started processing user request. Id = 9913bad0-e7f0-4504-bcba-a68eed35c8c5. Size = 19.1 KB.
2018-11-13 00:03:31,055 50556  INFO  [9913ba] Doing some complicated stuff.. Random numbers are: 293022475, 245974215, 1097244560.
2018-11-13 00:03:31,064 50565  INFO  [BackgroundDaemon] Processing data (72% completed)..
2018-11-13 00:03:31,064 50565  INFO  [BackgroundDaemon] Finished iteration in 00:00:00.1179953.
2018-11-13 00:03:31,083 50584  INFO  [915285] Finished processing user request with id = 91528502-7a80-49ad-9b34-2755d29fd07e in 00:00:00.0631695.
2018-11-13 00:03:31,096 50597  INFO  [b69b5f] Started processing user request. Id = b69b5fe8-f052-436b-9fad-afd29e076e2a. Size = 70.63 KB.
2018-11-13 00:03:31,102 50603  INFO  [b69b5f] Doing some complicated stuff.. Random numbers are: 733114297, 553185854, 849690901.
2018-11-13 00:03:31,114 50615  INFO  [9913ba] Finished processing user request with id = 9913bad0-e7f0-4504-bcba-a68eed35c8c5 in 00:00:00.0640704.
2018-11-13 00:03:31,143 50644  INFO  [b69b5f] Finished processing user request with id = b69b5fe8-f052-436b-9fad-afd29e076e2a in 00:00:00.0468687.
2018-11-13 00:03:31,146 50647  INFO  [6652f8] Started processing user request. Id = 6652f831-1584-4bd0-963f-ccbe692d49bb. Size = 46.35 KB.
2018-11-13 00:03:31,156 50657  INFO  [1ec496] Started processing user request. Id = 1ec49646-8267-4978-a4c2-2a61e2ad36cd. Size = 84.75 KB.
2018-11-13 00:03:31,165 50666  INFO  [6652f8] Doing some complicated stuff.. Random numbers are: 196141348, 1595685335, 1278978825.
2018-11-13 00:03:31,165 50666  INFO  [1ec496] Doing some complicated stuff.. Random numbers are: 171304739, 1324338790, 1336250392.
2018-11-13 00:03:31,172 50673  INFO  [6652f8] Here's some useful guids:
		517af3fb-b8bc-4c6b-b0bb-28d53cc02862
2018-11-13 00:03:31,178 50679  INFO  [6652f8] Finished processing user request with id = 6652f831-1584-4bd0-963f-ccbe692d49bb in 00:00:00.0320787.
2018-11-13 00:03:31,180 50681  INFO  [c27e68] Started processing user request. Id = c27e68c8-6186-43f4-872d-5a3910f1d568. Size = 50.32 KB.
2018-11-13 00:03:31,185 50686  INFO  [1ec496] Here's some useful guids:
		bb84ac44-dce3-473a-b224-8cc42105cb45
		31012bde-a3a5-4147-bcb3-233a95d4b536
		2c0e6c22-4aae-4dcc-a8ea-51a1a43417dd
		a6c485bb-4ac8-400c-a012-be6a761d3131
2018-11-13 00:03:31,189 50690  INFO  [1ec496] Finished processing user request with id = 1ec49646-8267-4978-a4c2-2a61e2ad36cd in 00:00:00.0328887.
2018-11-13 00:03:31,199 50700  INFO  [c27e68] Doing some complicated stuff.. Random numbers are: 1445334118, 1460466279, 1296635392.
2018-11-13 00:03:31,203 50704  INFO  [c570da] Started processing user request. Id = c570da5d-9889-498d-9a41-21b38ddc606e. Size = 93.76 KB.
2018-11-13 00:03:31,208 50709  INFO  [c570da] Doing some complicated stuff.. Random numbers are: 303911515, 769919955, 1537756340.
2018-11-13 00:03:31,210 50711  INFO  [cf256b] Started processing user request. Id = cf256b91-c24b-40e8-af29-c60f6671b489. Size = 58.32 KB.
2018-11-13 00:03:31,227 50728  INFO  [cf256b] Doing some complicated stuff.. Random numbers are: 309898964, 1313299749, 1415599970.
2018-11-13 00:03:31,229 50730  INFO  [c27e68] Here's some useful guids:
		28c70245-56ad-4b45-9693-e061a89db720
2018-11-13 00:03:31,231 50732  INFO  [c27e68] Finished processing user request with id = c27e68c8-6186-43f4-872d-5a3910f1d568 in 00:00:00.0510241.
2018-11-13 00:03:31,239 50740  INFO  [c570da] Finished processing user request with id = c570da5d-9889-498d-9a41-21b38ddc606e in 00:00:00.0360572.
2018-11-13 00:03:31,253 50754  INFO  [1fff9f] Started processing user request. Id = 1fff9f89-e666-472d-9d9b-a672dc26d1e3. Size = 52.08 KB.
2018-11-13 00:03:31,253 50754  INFO  [Metrics] Cpu: 0.00%; Memory: 19.79 GB/31.88 GB; Workers: 4/1024; IOCP: 0/1024
2018-11-13 00:03:31,259 50760  INFO  [cf256b] Here's some useful guids:
		19a4947e-a36e-4135-aa9e-39b91256111f
		e763f763-28ef-463c-a63d-0edce1b38165
2018-11-13 00:03:31,264 50765  INFO  [1fff9f] Doing some complicated stuff.. Random numbers are: 1061280358, 378304158, 1444259365.
2018-11-13 00:03:31,265 50766  INFO  [BackgroundDaemon] Starting iteration #15565.
2018-11-13 00:03:31,280 50781  INFO  [cf256b] Finished processing user request with id = cf256b91-c24b-40e8-af29-c60f6671b489 in 00:00:00.0700706.
2018-11-13 00:03:31,298 50799  INFO  [BackgroundDaemon] Processing data (16% completed)..
2018-11-13 00:03:31,308 50809  INFO  [1fff9f] Finished processing user request with id = 1fff9f89-e666-472d-9d9b-a672dc26d1e3 in 00:00:00.0551061.
2018-11-13 00:03:31,312 50813  INFO  [882e33] Started processing user request. Id = 882e330e-3317-406e-878d-a267df5f8aa4. Size = 8.46 KB.
2018-11-13 00:03:31,320 50821  INFO  [882e33] Doing some complicated stuff.. Random numbers are: 576909699, 405051176, 1947920378.
2018-11-13 00:03:31,322 50823  INFO  [30e40c] Started processing user request. Id = 30e40c39-ebff-4293-9bc7-9f9e12bf626f. Size = 1.19 KB.
2018-11-13 00:03:31,334 50835  INFO  [882e33] Here's some useful guids:
		7990b093-03a1-42f8-aec5-8057cb908103
		2e15b786-8c94-4a76-a131-8225e2614f02
2018-11-13 00:03:31,335 50836  INFO  [30e40c] Doing some complicated stuff.. Random numbers are: 1908965302, 506054600, 1635132316.
2018-11-13 00:03:31,363 50864  INFO  [882e33] Finished processing user request with id = 882e330e-3317-406e-878d-a267df5f8aa4 in 00:00:00.0510607.
2018-11-13 00:03:31,368 50869  INFO  [BackgroundDaemon] Processing data (43% completed)..
2018-11-13 00:03:31,385 50886  INFO  [30e40c] Finished processing user request with id = 30e40c39-ebff-4293-9bc7-9f9e12bf626f in 00:00:00.0633264.
2018-11-13 00:03:31,394 50895  INFO  [c43b31] Started processing user request. Id = c43b3115-b9b3-43e0-97d0-975b3c92329f. Size = 7.06 KB.
2018-11-13 00:03:31,399 50900  INFO  [c9a8b1] Started processing user request. Id = c9a8b131-1ade-4736-a916-c5d08060c628. Size = 11.58 KB.
2018-11-13 00:03:31,399 50900  INFO  [8d5b48] Started processing user request. Id = 8d5b48f8-dbc4-4565-9867-e2800a955da4. Size = 21.84 KB.
2018-11-13 00:03:31,403 50904  INFO  [8d5b48] Doing some complicated stuff.. Random numbers are: 1960590321, 1639144391, 1286964209.
2018-11-13 00:03:31,406 50907  INFO  [c43b31] Doing some complicated stuff.. Random numbers are: 1084464858, 1656609128, 742068817.
2018-11-13 00:03:31,413 50914  INFO  [c9a8b1] Doing some complicated stuff.. Random numbers are: 1922932441, 648809642, 813238451.
2018-11-13 00:03:31,421 50922  INFO  [c9a8b1] Here's some useful guids:
		12ce2d4b-882d-4fdf-80d3-624a510e350d
2018-11-13 00:03:31,427 50928  INFO  [c9a8b1] Finished processing user request with id = c9a8b131-1ade-4736-a916-c5d08060c628 in 00:00:00.0280762.
2018-11-13 00:03:31,437 50938  INFO  [BackgroundDaemon] Processing data (51% completed)..
2018-11-13 00:03:31,437 50938  INFO  [c43b31] Finished processing user request with id = c43b3115-b9b3-43e0-97d0-975b3c92329f in 00:00:00.0429043.
2018-11-13 00:03:31,437 50938  INFO  [BackgroundDaemon] Finished iteration in 00:00:00.1720546.
2018-11-13 00:03:31,448 50949  INFO  [8d5b48] Finished processing user request with id = 8d5b48f8-dbc4-4565-9867-e2800a955da4 in 00:00:00.0491244.
2018-11-13 00:03:31,462 50963  INFO  [f153a1] Started processing user request. Id = f153a1b7-e752-4545-ac43-5f2ae31888b3. Size = 56.74 KB.
2018-11-13 00:03:31,468 50969  INFO  [c69039] Started processing user request. Id = c690390c-32dc-437e-b1de-f9e5d12fad79. Size = 91.07 KB.
2018-11-13 00:03:31,473 50974  INFO  [c69039] Doing some complicated stuff.. Random numbers are: 2134202061, 1578392390, 1466957802.
2018-11-13 00:03:31,481 50982  INFO  [f153a1] Doing some complicated stuff.. Random numbers are: 1342841604, 1975008895, 1502465933.
2018-11-13 00:03:31,491 50992  INFO  [c69039] Finished processing user request with id = c690390c-32dc-437e-b1de-f9e5d12fad79 in 00:00:00.0229927.
2018-11-13 00:03:31,494 50995  INFO  [f153a1] Here's some useful guids:
		8329cccd-95c1-4eeb-ae4b-d73f20d3c90c
		83ff8214-55af-4812-8e41-d6d5d47c6b63
		0baa2c01-5710-43e6-b67c-4c5ec8139000
2018-11-13 00:03:31,518 51019  INFO  [f153a1] Finished processing user request with id = f153a1b7-e752-4545-ac43-5f2ae31888b3 in 00:00:00.0561110.
2018-11-13 00:03:31,522 51023  INFO  [db175f] Started processing user request. Id = db175f25-a05e-47b9-9a03-89d082fad494. Size = 46.84 KB.
2018-11-13 00:03:31,528 51029  INFO  [db175f] Doing some complicated stuff.. Random numbers are: 856237031, 765570415, 199309064.
2018-11-13 00:03:31,532 51033  INFO  [e6dd48] Started processing user request. Id = e6dd4835-3c99-428b-b151-8d583c0ecccd. Size = 24.65 KB.
2018-11-13 00:03:31,536 51037  INFO  [db175f] Here's some useful guids:
		c8289aa3-2984-45ef-825a-e7aea228a2fc
2018-11-13 00:03:31,541 51042  INFO  [e6dd48] Doing some complicated stuff.. Random numbers are: 435778456, 1748111690, 1262970027.
2018-11-13 00:03:31,556 51057  ERROR [db175f] 
System.InvalidOperationException: Oh no! An error occurred!
2018-11-13 00:03:31,587 51089  INFO  [f62d09] Started processing user request. Id = f62d0967-25d9-4a95-9a64-08c6745fe09e. Size = 82.05 KB.
2018-11-13 00:03:31,592 51094  INFO  [f62d09] Doing some complicated stuff.. Random numbers are: 2083674511, 45124198, 382553315.
2018-11-13 00:03:31,594 51096  INFO  [78fb05] Started processing user request. Id = 78fb052d-587e-446b-be00-4d2c13c0b2db. Size = 63.9 KB.
2018-11-13 00:03:31,595 51097  INFO  [e6dd48] Finished processing user request with id = e6dd4835-3c99-428b-b151-8d583c0ecccd in 00:00:00.0632772.
2018-11-13 00:03:31,605 51107  INFO  [78fb05] Doing some complicated stuff.. Random numbers are: 1784965354, 676784286, 909910390.
2018-11-13 00:03:31,608 51110  INFO  [f62d09] Finished processing user request with id = f62d0967-25d9-4a95-9a64-08c6745fe09e in 00:00:00.0210482.
2018-11-13 00:03:31,609 51111  INFO  [d4b834] Started processing user request. Id = d4b8341a-7abc-4c2b-850f-f10ebd780036. Size = 70.63 KB.
2018-11-13 00:03:31,619 51121  INFO  [d4b834] Doing some complicated stuff.. Random numbers are: 426203922, 1140283514, 548117822.
2018-11-13 00:03:31,638 51139  INFO  [BackgroundDaemon] Starting iteration #15566.
2018-11-13 00:03:31,638 51139  INFO  [d4b834] Here's some useful guids:
		ed5b32fa-a648-4d7d-abdc-4df91bf50541
		8f184a71-33ee-4d70-abac-4db8c12891c2
		9ce5005b-2061-40cb-8fb0-8b556271ce24
2018-11-13 00:03:31,640 51141  INFO  [a270bb] Started processing user request. Id = a270bb21-50e3-4fd3-949d-dfcffac97d20. Size = 36.6 KB.
2018-11-13 00:03:31,645 51146  INFO  [a270bb] Doing some complicated stuff.. Random numbers are: 1058819191, 408824896, 657463775.
2018-11-13 00:03:31,646 51147  INFO  [78fb05] Finished processing user request with id = 78fb052d-587e-446b-be00-4d2c13c0b2db in 00:00:00.0514208.
2018-11-13 00:03:31,662 51163  INFO  [d4b834] Finished processing user request with id = d4b8341a-7abc-4c2b-850f-f10ebd780036 in 00:00:00.0524375.
2018-11-13 00:03:31,676 51177  INFO  [ba29a8] Started processing user request. Id = ba29a80b-4351-42cb-a6f4-7735bcaf9438. Size = 89.58 KB.
2018-11-13 00:03:31,687 51188  INFO  [a270bb] Finished processing user request with id = a270bb21-50e3-4fd3-949d-dfcffac97d20 in 00:00:00.0473746.
2018-11-13 00:03:31,689 51190  INFO  [BackgroundDaemon] Processing data (15% completed)..
2018-11-13 00:03:31,695 51196  INFO  [ba29a8] Doing some complicated stuff.. Random numbers are: 651698531, 2001726096, 1142194456.
2018-11-13 00:03:31,719 51220  INFO  [ba29a8] Finished processing user request with id = ba29a80b-4351-42cb-a6f4-7735bcaf9438 in 00:00:00.0426234.
2018-11-13 00:03:31,719 51220  INFO  [619b6b] Started processing user request. Id = 619b6b6b-aa9e-4d71-a34b-1e1d7b7b9316. Size = 63.17 KB.
2018-11-13 00:03:31,731 51232  INFO  [619b6b] Doing some complicated stuff.. Random numbers are: 1713722988, 718575518, 656237760.
2018-11-13 00:03:31,733 51234  INFO  [dab8ab] Started processing user request. Id = dab8ab46-ef73-4d6a-821c-7cd4726cad62. Size = 90.93 KB.
2018-11-13 00:03:31,745 51246  INFO  [dab8ab] Doing some complicated stuff.. Random numbers are: 32268761, 383589856, 327243375.
2018-11-13 00:03:31,747 51248  INFO  [BackgroundDaemon] Processing data (30% completed)..
2018-11-13 00:03:31,753 51254  INFO  [Metrics] Cpu: 0.00%; Memory: 19.78 GB/31.88 GB; Workers: 4/1024; IOCP: 0/1024
2018-11-13 00:03:31,764 51265  INFO  [dab8ab] Here's some useful guids:
		16a0225a-6f69-4e86-8832-b5f36864d0de
		9e266d94-116b-4e16-8417-222e0df93a2c
		5e41b9a5-88f1-472a-ae75-a178184d1646
2018-11-13 00:03:31,764 51265  INFO  [dab8ab] Finished processing user request with id = dab8ab46-ef73-4d6a-821c-7cd4726cad62 in 00:00:00.0310345.
2018-11-13 00:03:31,772 51273  INFO  [619b6b] Finished processing user request with id = 619b6b6b-aa9e-4d71-a34b-1e1d7b7b9316 in 00:00:00.0531123.
2018-11-13 00:03:31,777 51278  INFO  [96913f] Started processing user request. Id = 96913f1f-119f-4239-a333-5ed663c0d794. Size = 31.88 KB.
2018-11-13 00:03:31,792 51293  INFO  [96913f] Doing some complicated stuff.. Random numbers are: 1866334081, 227687837, 1368348515.
2018-11-13 00:03:31,792 51293  INFO  [96913f] Here's some useful guids:
		70977879-617b-4fae-822b-03452c51139d
		d2fe4421-abdc-4bff-aabb-3ac256ef6a52
2018-11-13 00:03:31,803 51304  INFO  [bca9bf] Started processing user request. Id = bca9bf18-eefd-4484-8094-9122f1f90fad. Size = 70.22 KB.
2018-11-13 00:03:31,804 51305  INFO  [96913f] Finished processing user request with id = 96913f1f-119f-4239-a333-5ed663c0d794 in 00:00:00.0271304.
2018-11-13 00:03:31,813 51314  INFO  [bca9bf] Doing some complicated stuff.. Random numbers are: 701269241, 831879731, 540936306.
2018-11-13 00:03:31,814 51315  INFO  [a52c98] Started processing user request. Id = a52c98b6-eceb-4b3c-85f0-12110f8cc441. Size = 5.03 KB.
2018-11-13 00:03:31,818 51319  INFO  [0d39a4] Started processing user request. Id = 0d39a40e-34ae-4f54-ae6f-3d091e7ec921. Size = 45.43 KB.
2018-11-13 00:03:31,821 51322  INFO  [BackgroundDaemon] Processing data (96% completed)..
2018-11-13 00:03:31,821 51322  INFO  [BackgroundDaemon] Finished iteration in 00:00:00.1830661.
2018-11-13 00:03:31,823 51324  INFO  [0d39a4] Doing some complicated stuff.. Random numbers are: 1855026395, 836836827, 1751108832.
2018-11-13 00:03:31,823 51324  INFO  [a52c98] Doing some complicated stuff.. Random numbers are: 1133131943, 585372683, 599517090.
2018-11-13 00:03:31,858 51359  INFO  [0d39a4] Here's some useful guids:
		6d63050a-43a4-4fa6-a527-6e2528f91fab
		14cc8738-0e41-49da-97b1-3eba7769d138
		f6b5fc92-5faa-40ca-9cec-a46a06ab3b35
		66583ea0-c871-4e74-9661-263621bcb92f
		9db29459-bb21-4aff-9761-176c1e8b583f
2018-11-13 00:03:31,862 51363  INFO  [bca9bf] Finished processing user request with id = bca9bf18-eefd-4484-8094-9122f1f90fad in 00:00:00.0591591.
2018-11-13 00:03:31,864 51365  INFO  [a52c98] Finished processing user request with id = a52c98b6-eceb-4b3c-85f0-12110f8cc441 in 00:00:00.0504557.
2018-11-13 00:03:31,873 51374  INFO  [0d39a4] Finished processing user request with id = 0d39a40e-34ae-4f54-ae6f-3d091e7ec921 in 00:00:00.0551293.
2018-11-13 00:03:31,886 51387  INFO  [c5a34c] Started processing user request. Id = c5a34c00-2f82-4555-a9ff-98e0be4c1037. Size = 57.31 KB.
2018-11-13 00:03:31,893 51394  INFO  [7fbd25] Started processing user request. Id = 7fbd2518-0168-47da-adf4-efba35927f69. Size = 93.99 KB.
2018-11-13 00:03:31,898 51399  INFO  [7fbd25] Doing some complicated stuff.. Random numbers are: 1751648746, 760586013, 1618589792.
2018-11-13 00:03:31,898 51399  INFO  [c5a34c] Doing some complicated stuff.. Random numbers are: 1143142293, 1369673416, 1184459134.
2018-11-13 00:03:31,913 51414  INFO  [7fbd25] Here's some useful guids:
		e8f56982-9be9-41b4-a912-dea8a7a22168
		b565fc84-d973-455e-a473-66c7e1c1ffbc
		6cc36986-2513-473a-9676-01be32f7275d
		743e2a4b-9c3f-4fa6-b1cb-a92549cdbe7f
2018-11-13 00:03:31,925 51426  ERROR [7fbd25] 
System.InvalidOperationException: Oh no! An error occurred!
2018-11-13 00:03:31,934 51435  INFO  [c5a34c] Finished processing user request with id = c5a34c00-2f82-4555-a9ff-98e0be4c1037 in 00:00:00.0481511.
2018-11-13 00:03:31,948 51449  INFO  [6262f7] Started processing user request. Id = 6262f7b5-2974-4b50-ae73-91e2f06952e0. Size = 7.14 KB.
2018-11-13 00:03:31,948 51449  INFO  [6262f7] Doing some complicated stuff.. Random numbers are: 2110925171, 974519769, 216066263.
2018-11-13 00:03:31,956 51457  INFO  [09d25c] Started processing user request. Id = 09d25cf0-4037-4aa7-9f43-9e8afa025ab3. Size = 10.27 KB.
2018-11-13 00:03:31,958 51459  INFO  [09d25c] Doing some complicated stuff.. Random numbers are: 1653759849, 710802706, 1260518528.
2018-11-13 00:03:31,970 51471  INFO  [09d25c] Here's some useful guids:
		45768622-4d21-4150-94c5-741e5c0a5a20
2018-11-13 00:03:31,971 51472  INFO  [6262f7] Finished processing user request with id = 6262f7b5-2974-4b50-ae73-91e2f06952e0 in 00:00:00.0230138.
2018-11-13 00:03:31,974 51475  INFO  [09d25c] Finished processing user request with id = 09d25cf0-4037-4aa7-9f43-9e8afa025ab3 in 00:00:00.0180811.
2018-11-13 00:03:31,985 51486  INFO  [05e807] Started processing user request. Id = 05e807a1-cd1d-4161-8735-6ff65647360a. Size = 65.39 KB.
2018-11-13 00:03:32,004 51505  INFO  [05e807] Doing some complicated stuff.. Random numbers are: 277915425, 1826394530, 1277664733.
2018-11-13 00:03:32,006 51507  INFO  [649328] Started processing user request. Id = 6493288c-894a-4b4c-8cdf-5b4137fefe9c. Size = 91.67 KB.
2018-11-13 00:03:32,015 51516  INFO  [649328] Doing some complicated stuff.. Random numbers are: 245381420, 1133169596, 2052183966.
2018-11-13 00:03:32,021 51522  INFO  [BackgroundDaemon] Starting iteration #15567.
2018-11-13 00:03:32,023 51524  ERROR [649328] 
System.InvalidOperationException: Oh no! An error occurred!
2018-11-13 00:03:32,029 51530  INFO  [05e807] Finished processing user request with id = 05e807a1-cd1d-4161-8735-6ff65647360a in 00:00:00.0440682.
2018-11-13 00:03:32,032 51533  INFO  [86fd11] Started processing user request. Id = 86fd118d-ef21-4992-bf10-656abfabd8e6. Size = 55.88 KB.
2018-11-13 00:03:32,042 51543  INFO  [877f87] Started processing user request. Id = 877f8735-78ac-4c62-9745-d2d223d4a658. Size = 61.37 KB.
2018-11-13 00:03:32,050 51551  INFO  [877f87] Doing some complicated stuff.. Random numbers are: 589386314, 2145308284, 562683037.
2018-11-13 00:03:32,050 51551  INFO  [86fd11] Doing some complicated stuff.. Random numbers are: 701972583, 373933596, 806135609.
2018-11-13 00:03:32,054 51555  INFO  [e5434b] Started processing user request. Id = e5434b2d-5093-4e3b-81a7-d55646a52be5. Size = 1.38 KB.
2018-11-13 00:03:32,073 51574  INFO  [e5434b] Doing some complicated stuff.. Random numbers are: 996215599, 721684978, 100188863.
2018-11-13 00:03:32,085 51586  INFO  [BackgroundDaemon] Processing data (5% completed)..
2018-11-13 00:03:32,089 51590  INFO  [877f87] Here's some useful guids:
		1c3f2e38-6728-4f64-9874-cc0608bc69c0
		325f4a5b-f230-4cbc-ab5a-0b731095111d
		13100dca-7469-43a1-952c-3204f5788bb6
		bc4a0046-fecd-49f4-8431-7b58baacaa71
2018-11-13 00:03:32,105 51607  INFO  [e5434b] Here's some useful guids:
		0984766e-75ab-48b9-84d7-f29aa6a988f2
		859bd27b-8cb7-466e-bea3-cbe134af7e32
2018-11-13 00:03:32,109 51611  INFO  [86fd11] Finished processing user request with id = 86fd118d-ef21-4992-bf10-656abfabd8e6 in 00:00:00.0775871.
2018-11-13 00:03:32,110 51611  INFO  [877f87] Finished processing user request with id = 877f8735-78ac-4c62-9745-d2d223d4a658 in 00:00:00.0680155.
2018-11-13 00:03:32,114 51615  INFO  [e5434b] Finished processing user request with id = e5434b2d-5093-4e3b-81a7-d55646a52be5 in 00:00:00.0599808.
2018-11-13 00:03:32,124 51625  INFO  [a2b479] Started processing user request. Id = a2b47985-35e6-4807-99b4-cbbd7b1d1aad. Size = 22.7 KB.
2018-11-13 00:03:32,135 51636  INFO  [a2b479] Doing some complicated stuff.. Random numbers are: 2085793816, 678820104, 218298393.
2018-11-13 00:03:32,145 51646  INFO  [b8d57a] Started processing user request. Id = b8d57ac0-26e2-4b4b-a2df-1f685769eea7. Size = 41.21 KB.
2018-11-13 00:03:32,146 51647  INFO  [BackgroundDaemon] Processing data (22% completed)..
2018-11-13 00:03:32,147 51648  INFO  [b8d57a] Doing some complicated stuff.. Random numbers are: 1348911692, 327673315, 1981139464.
2018-11-13 00:03:32,149 51650  INFO  [a2b479] Here's some useful guids:
		d52cc7fe-da74-48a2-98eb-1808954d94b7
		5aafddb7-2d08-4078-a685-f42276b412c0
2018-11-13 00:03:32,163 51664  INFO  [a2b479] Finished processing user request with id = a2b47985-35e6-4807-99b4-cbbd7b1d1aad in 00:00:00.0393135.
2018-11-13 00:03:32,168 51669  INFO  [b8d57a] Here's some useful guids:
		8e1c4b8a-3d97-486a-802d-412ecb2c67c4
		b2d633ab-cfe7-4c50-a2a8-cf9b2afd7ca1
		b78a7e4a-cc55-4d2e-a780-8ab8a26e86dc
		a2370e0b-84bb-4c8e-a007-d27f9102d9de
		89b243d5-d1d0-4002-b57c-9928598e3917
2018-11-13 00:03:32,172 51673  INFO  [b8d57a] Finished processing user request with id = b8d57ac0-26e2-4b4b-a2df-1f685769eea7 in 00:00:00.0273771.
2018-11-13 00:03:32,173 51674  INFO  [BackgroundDaemon] Processing data (52% completed)..
2018-11-13 00:03:32,173 51674  INFO  [BackgroundDaemon] Finished iteration in 00:00:00.1526260.
2018-11-13 00:03:32,177 51678  INFO  [36e718] Started processing user request. Id = 36e71890-d1d3-417e-80f2-fb92b1499639. Size = 74.9 KB.
2018-11-13 00:03:32,194 51695  INFO  [36e718] Doing some complicated stuff.. Random numbers are: 1786222279, 1791583985, 1406756133.
2018-11-13 00:03:32,204 51705  INFO  [e23fa7] Started processing user request. Id = e23fa703-1bf9-427f-a690-7bd813274aed. Size = 9.39 KB.
2018-11-13 00:03:32,221 51722  INFO  [e23fa7] Doing some complicated stuff.. Random numbers are: 943043882, 1335242113, 1006589358.
2018-11-13 00:03:32,222 51723  INFO  [36e718] Finished processing user request with id = 36e71890-d1d3-417e-80f2-fb92b1499639 in 00:00:00.0448685.
2018-11-13 00:03:32,235 51736  INFO  [76719b] Started processing user request. Id = 76719b4d-624c-40aa-816f-6ec6376eeb89. Size = 817 B.
2018-11-13 00:03:32,244 51745  INFO  [76719b] Doing some complicated stuff.. Random numbers are: 17729927, 1828119669, 2061878681.
2018-11-13 00:03:32,248 51749  INFO  [e23fa7] Finished processing user request with id = e23fa703-1bf9-427f-a690-7bd813274aed in 00:00:00.0440389.
2018-11-13 00:03:32,252 51753  INFO  [Metrics] Cpu: 3.99%; Memory: 19.79 GB/31.88 GB; Workers: 4/1024; IOCP: 0/1024
2018-11-13 00:03:32,271 51772  INFO  [76719b] Finished processing user request with id = 76719b4d-624c-40aa-816f-6ec6376eeb89 in 00:00:00.0362607.
2018-11-13 00:03:32,277 51778  INFO  [ba9d38] Started processing user request. Id = ba9d3863-e451-41e8-9649-178a7dd19032. Size = 8.93 KB.
2018-11-13 00:03:32,279 51780  INFO  [8b4d8a] Started processing user request. Id = 8b4d8abc-71b5-4f69-8c18-8c07d23ec864. Size = 39.12 KB.
2018-11-13 00:03:32,285 51786  INFO  [b71366] Started processing user request. Id = b71366ee-4812-4706-8417-f15066a82cc7. Size = 76.9 KB.
2018-11-13 00:03:32,290 51791  INFO  [8b4d8a] Doing some complicated stuff.. Random numbers are: 1835027239, 471079991, 1485915963.
2018-11-13 00:03:32,293 51794  INFO  [ba9d38] Doing some complicated stuff.. Random numbers are: 2005373470, 1963571957, 517872467.
2018-11-13 00:03:32,305 51806  INFO  [b71366] Doing some complicated stuff.. Random numbers are: 225898574, 707843067, 1684333944.
2018-11-13 00:03:32,305 51806  INFO  [8b4d8a] Here's some useful guids:
		8562fd9c-3816-4c53-acf7-3dc7e4a075e4
		52a39b52-5998-4aee-b82f-6e7f318aa86e
		ab2b2bb3-5f68-45d7-99e6-bcf3a00fe4ae
		10d6349b-15b6-41d5-8b23-c4ec211e95bb
2018-11-13 00:03:32,327 51828  INFO  [8b4d8a] Finished processing user request with id = 8b4d8abc-71b5-4f69-8c18-8c07d23ec864 in 00:00:00.0475274.
2018-11-13 00:03:32,341 51842  INFO  [b71366] Finished processing user request with id = b71366ee-4812-4706-8417-f15066a82cc7 in 00:00:00.0555509.
2018-11-13 00:03:32,351 51852  ERROR [ba9d38] 
System.InvalidOperationException: Oh no! An error occurred!
2018-11-13 00:03:32,354 51855  INFO  [24ec80] Started processing user request. Id = 24ec80b5-88ba-4191-8b3e-497ca72c0586. Size = 58.42 KB.
2018-11-13 00:03:32,354 51855  INFO  [24ec80] Doing some complicated stuff.. Random numbers are: 1110101305, 596355293, 1616297416.
2018-11-13 00:03:32,358 51859  INFO  [f7697a] Started processing user request. Id = f7697a35-3a29-48bd-a111-a1eeb0413c8f. Size = 51.71 KB.
2018-11-13 00:03:32,363 51864  INFO  [f7697a] Doing some complicated stuff.. Random numbers are: 32321174, 344876737, 513046748.
2018-11-13 00:03:32,374 51875  INFO  [BackgroundDaemon] Starting iteration #15568.
2018-11-13 00:03:32,389 51890  INFO  [24ec80] Finished processing user request with id = 24ec80b5-88ba-4191-8b3e-497ca72c0586 in 00:00:00.0345576.
2018-11-13 00:03:32,391 51892  INFO  [f7697a] Here's some useful guids:
		6b851cfb-022c-414a-8430-8156f0aac393
		61d0bb9e-7356-4901-9e7c-757dc68288ee
2018-11-13 00:03:32,400 51901  INFO  [f7697a] Finished processing user request with id = f7697a35-3a29-48bd-a111-a1eeb0413c8f in 00:00:00.0414706.
2018-11-13 00:03:32,402 51903  INFO  [4e6348] Started processing user request. Id = 4e6348a9-1123-42dd-b5af-2f38493a4068. Size = 52.16 KB.
2018-11-13 00:03:32,410 51911  INFO  [4e6348] Doing some complicated stuff.. Random numbers are: 738552151, 2105888225, 934197500.
2018-11-13 00:03:32,411 51912  INFO  [BackgroundDaemon] Processing data (18% completed)..
2018-11-13 00:03:32,432 51933  INFO  [8dc003] Started processing user request. Id = 8dc003fa-076d-4de0-a613-687c146180f3. Size = 96.36 KB.
2018-11-13 00:03:32,443 51944  INFO  [4e6348] Here's some useful guids:
		34a72c7a-f61e-4169-a5c7-e4decbb61e3f
		9f5b7007-0026-4aa2-a867-1b0a8a201f97
		d2a941d7-bcc4-41a5-b205-092f8520e1b9
		d4e9389a-5f25-4030-b7ed-baa5cf1b5284
2018-11-13 00:03:32,444 51945  INFO  [8dc003] Doing some complicated stuff.. Random numbers are: 576700936, 785227632, 587747101.
2018-11-13 00:03:32,444 51945  INFO  [BackgroundDaemon] Processing data (29% completed)..
2018-11-13 00:03:32,466 51967  INFO  [4e6348] Finished processing user request with id = 4e6348a9-1123-42dd-b5af-2f38493a4068 in 00:00:00.0644291.
2018-11-13 00:03:32,479 51981  INFO  [efe9a9] Started processing user request. Id = efe9a9db-75ad-42db-8de8-0747f054a470. Size = 69.01 KB.
2018-11-13 00:03:32,479 51981  INFO  [efe9a9] Doing some complicated stuff.. Random numbers are: 508529836, 352282426, 1206718992.
2018-11-13 00:03:32,479 51981  INFO  [8dc003] Here's some useful guids:
		23b2f5fd-381f-450e-87cf-8aedeac6ae76
		deb0b80d-6227-40d3-b072-7b067a5d827f
		f9575667-1650-405a-be83-b5e7f78fdc28
2018-11-13 00:03:32,504 52006  INFO  [efe9a9] Finished processing user request with id = efe9a9db-75ad-42db-8de8-0747f054a470 in 00:00:00.0251149.
2018-11-13 00:03:32,505 52007  INFO  [8dc003] Finished processing user request with id = 8dc003fa-076d-4de0-a613-687c146180f3 in 00:00:00.0739919.
2018-11-13 00:03:32,519 52020  INFO  [a71043] Started processing user request. Id = a7104356-790e-4326-bf41-b47a0e8d1a2a. Size = 8.79 KB.
2018-11-13 00:03:32,519 52020  INFO  [c65dec] Started processing user request. Id = c65dec3f-4c34-4510-9406-f5b7a3e8eb00. Size = 42.55 KB.
2018-11-13 00:03:32,521 52022  INFO  [c65dec] Doing some complicated stuff.. Random numbers are: 213740508, 47004280, 870619720.
2018-11-13 00:03:32,526 52027  INFO  [a71043] Doing some complicated stuff.. Random numbers are: 550555889, 16004874, 1678011755.
2018-11-13 00:03:32,526 52027  INFO  [BackgroundDaemon] Processing data (94% completed)..
2018-11-13 00:03:32,526 52027  INFO  [BackgroundDaemon] Finished iteration in 00:00:00.1515700.
2018-11-13 00:03:32,537 52038  INFO  [d0432f] Started processing user request. Id = d0432f8b-0ed4-40da-bee4-599762630843. Size = 43.28 KB.
2018-11-13 00:03:32,543 52044  INFO  [d0432f] Doing some complicated stuff.. Random numbers are: 630899422, 2123126059, 1913174657.
2018-11-13 00:03:32,552 52053  INFO  [a71043] Here's some useful guids:
		f7284b81-ec58-4f31-8083-e9401da73b04
2018-11-13 00:03:32,560 52061  INFO  [c65dec] Finished processing user request with id = c65dec3f-4c34-4510-9406-f5b7a3e8eb00 in 00:00:00.0411169.
2018-11-13 00:03:32,562 52063  INFO  [a71043] Finished processing user request with id = a7104356-790e-4326-bf41-b47a0e8d1a2a in 00:00:00.0434412.
2018-11-13 00:03:32,573 52074  INFO  [55daad] Started processing user request. Id = 55daad81-6b69-464b-97fe-f89c8766d0fc. Size = 71.69 KB.
2018-11-13 00:03:32,580 52081  ERROR [d0432f] 
System.InvalidOperationException: Oh no! An error occurred!
2018-11-13 00:03:32,587 52088  INFO  [55daad] Doing some complicated stuff.. Random numbers are: 1843809078, 1983001404, 37711854.
2018-11-13 00:03:32,600 52101  INFO  [55daad] Here's some useful guids:
		4d63ee89-c6aa-4e16-b1e9-43af7ace9a2f
		74b73f29-e70e-4b01-b934-b40822d88712
2018-11-13 00:03:32,611 52113  INFO  [37bcb3] Started processing user request. Id = 37bcb3c6-f6bc-416a-a67e-50928c38a74a. Size = 76.93 KB.
2018-11-13 00:03:32,621 52122  INFO  [55daad] Finished processing user request with id = 55daad81-6b69-464b-97fe-f89c8766d0fc in 00:00:00.0482690.
2018-11-13 00:03:32,631 52132  INFO  [37bcb3] Doing some complicated stuff.. Random numbers are: 1943833057, 1237244524, 476608097.
2018-11-13 00:03:32,635 52136  INFO  [463f33] Started processing user request. Id = 463f332d-ab73-46bd-bf2d-bfbaff82cbc5. Size = 53.9 KB.
2018-11-13 00:03:32,641 52142  INFO  [463f33] Doing some complicated stuff.. Random numbers are: 627172376, 151849016, 2010004394.
2018-11-13 00:03:32,659 52160  INFO  [37bcb3] Finished processing user request with id = 37bcb3c6-f6bc-416a-a67e-50928c38a74a in 00:00:00.0472687.
2018-11-13 00:03:32,685 52186  INFO  [463f33] Finished processing user request with id = 463f332d-ab73-46bd-bf2d-bfbaff82cbc5 in 00:00:00.0498795.
2018-11-13 00:03:32,691 52192  INFO  [2d2a90] Started processing user request. Id = 2d2a909a-a2b5-4fbd-bdf7-631a6543795b. Size = 19.65 KB.
2018-11-13 00:03:32,698 52199  INFO  [d4c165] Started processing user request. Id = d4c1650a-118f-40b5-9b19-5a9c5c3e36ac. Size = 84.77 KB.
2018-11-13 00:03:32,709 52210  INFO  [2d2a90] Doing some complicated stuff.. Random numbers are: 148913985, 643725887, 516593529.
2018-11-13 00:03:32,717 52218  INFO  [d4c165] Doing some complicated stuff.. Random numbers are: 73558844, 454503217, 1404490392.
2018-11-13 00:03:32,727 52228  INFO  [BackgroundDaemon] Starting iteration #15569.
2018-11-13 00:03:32,730 52231  INFO  [d2ca99] Started processing user request. Id = d2ca9986-d239-4e35-89c3-9395b6f47153. Size = 40.09 KB.
2018-11-13 00:03:32,743 52244  INFO  [d2ca99] Doing some complicated stuff.. Random numbers are: 1429313002, 915318512, 1434665890.
2018-11-13 00:03:32,745 52246  INFO  [2d2a90] Here's some useful guids:
		b233a963-c46f-466f-8eff-bae490c08b58
		c2b0e4e2-7959-4dae-a6cc-4f07aabbbb76
		fc67a261-335e-4d71-84e6-3fe85709d7f9
		3569f68c-46ff-4bb5-ad9c-531a5f17ecff
2018-11-13 00:03:32,748 52249  INFO  [d4c165] Finished processing user request with id = d4c1650a-118f-40b5-9b19-5a9c5c3e36ac in 00:00:00.0500041.
2018-11-13 00:03:32,751 52252  INFO  [Metrics] Cpu: 3.99%; Memory: 19.79 GB/31.88 GB; Workers: 4/1024; IOCP: 0/1024
2018-11-13 00:03:32,754 52255  INFO  [2d2a90] Finished processing user request with id = 2d2a909a-a2b5-4fbd-bdf7-631a6543795b in 00:00:00.0630751.
2018-11-13 00:03:32,762 52263  INFO  [bd6a12] Started processing user request. Id = bd6a12ff-cf6f-405b-bf78-f181912f1494. Size = 41.05 KB.
2018-11-13 00:03:32,779 52280  INFO  [d2ca99] Finished processing user request with id = d2ca9986-d239-4e35-89c3-9395b6f47153 in 00:00:00.0489874.
2018-11-13 00:03:32,780 52281  INFO  [bd6a12] Doing some complicated stuff.. Random numbers are: 846649613, 1001974757, 629417430.
2018-11-13 00:03:32,785 52286  INFO  [0317e2] Started processing user request. Id = 0317e289-a41d-41e5-9913-9f4dec253798. Size = 92.81 KB.
2018-11-13 00:03:32,802 52303  INFO  [0317e2] Doing some complicated stuff.. Random numbers are: 336086019, 981365225, 1714919516.
2018-11-13 00:03:32,816 52317  INFO  [bd6a12] Finished processing user request with id = bd6a12ff-cf6f-405b-bf78-f181912f1494 in 00:00:00.0540304.
2018-11-13 00:03:32,817 52318  INFO  [BackgroundDaemon] Processing data (11% completed)..
2018-11-13 00:03:32,830 52331  INFO  [0632c8] Started processing user request. Id = 0632c8a5-9d4b-4379-b012-a886b751a508. Size = 76.53 KB.
2018-11-13 00:03:32,838 52339  INFO  [0317e2] Here's some useful guids:
		f52cec3a-ffea-45f2-8ff8-665309bfdef4
		c7cabf81-8575-47a3-8f58-c17f5624d278
2018-11-13 00:03:32,849 52350  INFO  [0632c8] Doing some complicated stuff.. Random numbers are: 1931130687, 1627492498, 494947088.
2018-11-13 00:03:32,855 52356  INFO  [BackgroundDaemon] Processing data (28% completed)..
2018-11-13 00:03:32,865 52366  INFO  [0317e2] Finished processing user request with id = 0317e289-a41d-41e5-9913-9f4dec253798 in 00:00:00.0798551.
2018-11-13 00:03:32,896 52397  INFO  [74a40a] Started processing user request. Id = 74a40ad4-7965-441d-937d-a6a3127cf84f. Size = 26.47 KB.
2018-11-13 00:03:32,897 52398  INFO  [0632c8] Finished processing user request with id = 0632c8a5-9d4b-4379-b012-a886b751a508 in 00:00:00.0672935.
2018-11-13 00:03:32,911 52412  INFO  [c12af4] Started processing user request. Id = c12af4db-f9b4-4074-8e7a-b08992953ba6. Size = 13.89 KB.
2018-11-13 00:03:32,911 52412  INFO  [c12af4] Doing some complicated stuff.. Random numbers are: 351219761, 928838960, 1844559635.
2018-11-13 00:03:32,915 52416  INFO  [74a40a] Doing some complicated stuff.. Random numbers are: 256303822, 1109757651, 793979980.
2018-11-13 00:03:32,935 52436  INFO  [74a40a] Here's some useful guids:
		4a072c05-8ed5-43e5-af07-797c88c143be
2018-11-13 00:03:32,937 52438  INFO  [74a40a] Finished processing user request with id = 74a40ad4-7965-441d-937d-a6a3127cf84f in 00:00:00.0410029.
2018-11-13 00:03:32,944 52446  INFO  [BackgroundDaemon] Processing data (51% completed)..
2018-11-13 00:03:32,944 52446  INFO  [BackgroundDaemon] Finished iteration in 00:00:00.2176791.
2018-11-13 00:03:32,946 52448  INFO  [6e4ffd] Started processing user request. Id = 6e4ffd71-1817-493e-bfc3-d1067f701e61. Size = 46.81 KB.
2018-11-13 00:03:32,949 52451  INFO  [6e4ffd] Doing some complicated stuff.. Random numbers are: 2041298782, 1062114524, 1304846640.
2018-11-13 00:03:32,967 52468  INFO  [c12af4] Finished processing user request with id = c12af4db-f9b4-4074-8e7a-b08992953ba6 in 00:00:00.0556779.
2018-11-13 00:03:32,969 52470  INFO  [51608a] Started processing user request. Id = 51608a2b-6d92-4900-9583-1c5ad5919845. Size = 72.09 KB.
2018-11-13 00:03:32,980 52481  INFO  [efade4] Started processing user request. Id = efade488-5114-4448-8bf4-2d8e07ad1e24. Size = 68.33 KB.
2018-11-13 00:03:32,983 52484  INFO  [51608a] Doing some complicated stuff.. Random numbers are: 1737824583, 1226205633, 738325440.
2018-11-13 00:03:32,983 52484  INFO  [6e4ffd] Finished processing user request with id = 6e4ffd71-1817-493e-bfc3-d1067f701e61 in 00:00:00.0361525.
2018-11-13 00:03:32,989 52490  INFO  [efade4] Doing some complicated stuff.. Random numbers are: 439318686, 1423205765, 1092145739.
2018-11-13 00:03:33,024 52525  INFO  [51608a] Finished processing user request with id = 51608a2b-6d92-4900-9583-1c5ad5919845 in 00:00:00.0551853.
2018-11-13 00:03:33,043 52544  INFO  [efade4] Finished processing user request with id = efade488-5114-4448-8bf4-2d8e07ad1e24 in 00:00:00.0635901.
2018-11-13 00:03:33,056 52557  INFO  [d46006] Started processing user request. Id = d4600641-e123-45ac-852c-d2355d0e0576. Size = 38.65 KB.
2018-11-13 00:03:33,057 52558  INFO  [24014a] Started processing user request. Id = 24014aff-80b9-4e27-9143-ac21d9d75134. Size = 40.11 KB.
2018-11-13 00:03:33,059 52560  INFO  [24014a] Doing some complicated stuff.. Random numbers are: 11012171, 1011436532, 187969582.
2018-11-13 00:03:33,069 52570  INFO  [d46006] Doing some complicated stuff.. Random numbers are: 247656480, 44643495, 164443925.
2018-11-13 00:03:33,092 52593  INFO  [24014a] Here's some useful guids:
		4866f3d5-f5d2-4629-a615-2fc59d10e8e1
		2373e724-886c-412b-b716-981ba56275c0
		3886b263-beed-4e4c-8a19-1bab59db7e22
		27007ff4-3643-4bcc-a845-3e4f4bbb45f6
2018-11-13 00:03:33,106 52607  INFO  [d46006] Here's some useful guids:
		54b3f1df-cee9-4792-8ace-ec1c8368f90a
		2ab781e3-32be-4f15-913e-1be1c33c4829
		860fdabd-4daa-4224-9c86-ed45cf372ebf
		8de4f540-4f1c-47bc-8f53-76b031a1dfd8
2018-11-13 00:03:33,113 52614  INFO  [24014a] Finished processing user request with id = 24014aff-80b9-4e27-9143-ac21d9d75134 in 00:00:00.0559155.
2018-11-13 00:03:33,119 52620  INFO  [d46006] Finished processing user request with id = d4600641-e123-45ac-852c-d2355d0e0576 in 00:00:00.0633534.
2018-11-13 00:03:33,126 52627  INFO  [b16669] Started processing user request. Id = b166691b-8864-41fd-b4cc-d2499de8bc1e. Size = 10.39 KB.
2018-11-13 00:03:33,140 52641  INFO  [b16669] Doing some complicated stuff.. Random numbers are: 1118206882, 1016911360, 1519520030.
2018-11-13 00:03:33,145 52646  INFO  [BackgroundDaemon] Starting iteration #15570.
2018-11-13 00:03:33,150 52651  INFO  [508575] Started processing user request. Id = 50857594-1533-4700-bdc4-1f5585e15e98. Size = 67.42 KB.
2018-11-13 00:03:33,150 52651  INFO  [303bdf] Started processing user request. Id = 303bdfb3-e590-4493-99e2-85154427c3d8. Size = 13.43 KB.
2018-11-13 00:03:33,154 52655  INFO  [303bdf] Doing some complicated stuff.. Random numbers are: 1696184639, 1340827843, 740554010.
2018-11-13 00:03:33,167 52668  INFO  [BackgroundDaemon] Processing data (17% completed)..
2018-11-13 00:03:33,169 52670  INFO  [508575] Doing some complicated stuff.. Random numbers are: 828154151, 1353775464, 116437059.
2018-11-13 00:03:33,176 52677  INFO  [b16669] Here's some useful guids:
		aac98560-1efe-4926-b2b6-b1333c81b332
		08aa7c28-4293-49ed-9deb-263f112a3c2b
		9091624c-4abe-48f6-983f-937f179393b3
		c942c7cf-9815-4238-8bd1-1caf8c324705
2018-11-13 00:03:33,184 52685  INFO  [508575] Here's some useful guids:
		b252a83e-eabd-4d55-ae24-6e842d7c3fde
		d5076912-262c-4850-981b-09adc229c2f6
		fe4b535e-8acf-4e91-a630-3ee758ef0036
		8a7933d0-9d6a-4117-92c8-329821a747ec
		ffaf4fe1-87c3-422d-9839-25e172453b19
2018-11-13 00:03:33,185 52686  ERROR [b16669] 
System.InvalidOperationException: Oh no! An error occurred!
2018-11-13 00:03:33,186 52687  INFO  [303bdf] Finished processing user request with id = 303bdfb3-e590-4493-99e2-85154427c3d8 in 00:00:00.0354092.
2018-11-13 00:03:33,198 52699  INFO  [0cbbcc] Started processing user request. Id = 0cbbccd9-2916-43e0-a774-44a5e759f2d0. Size = 7.81 KB.
2018-11-13 00:03:33,200 52701  ERROR [508575] 
System.InvalidOperationException: Oh no! An error occurred!
2018-11-13 00:03:33,207 52708  INFO  [0cbbcc] Doing some complicated stuff.. Random numbers are: 1839585864, 1380700493, 1201666957.
2018-11-13 00:03:33,223 52724  INFO  [0cbbcc] Finished processing user request with id = 0cbbccd9-2916-43e0-a774-44a5e759f2d0 in 00:00:00.0248584.
2018-11-13 00:03:33,223 52724  INFO  [BackgroundDaemon] Processing data (34% completed)..
2018-11-13 00:03:33,232 52733  INFO  [7796d4] Started processing user request. Id = 7796d429-1686-4cab-8b32-3267d3c9c090. Size = 72.84 KB.
2018-11-13 00:03:33,237 52738  INFO  [eb3020] Started processing user request. Id = eb3020c0-63e9-4753-880e-da1eeaf5a50c. Size = 47.6 KB.
2018-11-13 00:03:33,242 52743  INFO  [eb3020] Doing some complicated stuff.. Random numbers are: 1682704454, 681456880, 1550807200.
2018-11-13 00:03:33,244 52745  INFO  [7796d4] Doing some complicated stuff.. Random numbers are: 492974192, 1564911537, 482399645.
2018-11-13 00:03:33,251 52752  INFO  [Metrics] Cpu: 1.48%; Memory: 19.79 GB/31.88 GB; Workers: 4/1024; IOCP: 0/1024
2018-11-13 00:03:33,266 52767  INFO  [eb3020] Finished processing user request with id = eb3020c0-63e9-4753-880e-da1eeaf5a50c in 00:00:00.0292172.
2018-11-13 00:03:33,275 52776  INFO  [7796d4] Here's some useful guids:
		1c37b8a2-24fd-4ebc-ae42-3d57e691ae71
		d02d1119-3785-4cb0-9fe4-6066d287563c
		9e35e262-69e2-4be1-9758-23851eb0686e
		96b4390d-6b9f-46ed-bab0-ff173ff40569
		c0c6a5d8-cf6b-45d8-9f3b-c97ef5ce39c1
2018-11-13 00:03:33,280 52781  INFO  [9a28c6] Started processing user request. Id = 9a28c65c-cc23-4e53-850f-ae642f312561. Size = 92.36 KB.
2018-11-13 00:03:33,282 52783  INFO  [BackgroundDaemon] Processing data (92% completed)..
2018-11-13 00:03:33,282 52783  INFO  [BackgroundDaemon] Finished iteration in 00:00:00.1371281.
2018-11-13 00:03:33,287 52788  INFO  [9a28c6] Doing some complicated stuff.. Random numbers are: 445795300, 198090827, 455708822.
2018-11-13 00:03:33,293 52794  INFO  [7796d4] Finished processing user request with id = 7796d429-1686-4cab-8b32-3267d3c9c090 in 00:00:00.0609734.
2018-11-13 00:03:33,310 52811  INFO  [9a28c6] Finished processing user request with id = 9a28c65c-cc23-4e53-850f-ae642f312561 in 00:00:00.0298732.
2018-11-13 00:03:33,323 52824  INFO  [c398ad] Started processing user request. Id = c398ada2-795d-423f-8462-b3f4667b0c27. Size = 1.7 KB.
2018-11-13 00:03:33,324 52825  INFO  [c14ce4] Started processing user request. Id = c14ce467-a354-4f76-8608-9972aa096777. Size = 87.69 KB.
2018-11-13 00:03:33,326 52827  INFO  [c14ce4] Doing some complicated stuff.. Random numbers are: 303355045, 439530316, 1103578306.
2018-11-13 00:03:33,333 52834  INFO  [c398ad] Doing some complicated stuff.. Random numbers are: 1655786798, 303040666, 174257684.
2018-11-13 00:03:33,340 52841  INFO  [c14ce4] Here's some useful guids:
		bb8671a3-ac1a-4ba8-a006-87267dc7d60e
		1e941f12-e13e-4a10-b2aa-19d7188bab1e
		798d5400-18a7-4fbc-818b-b157d3bd6b24
		fcad5366-e2f1-43ba-85e4-b943115f780d
		26e66d5b-884c-43dc-b375-614e772a134c
2018-11-13 00:03:33,342 52843  INFO  [c14ce4] Finished processing user request with id = c14ce467-a354-4f76-8608-9972aa096777 in 00:00:00.0181506.
2018-11-13 00:03:33,354 52855  INFO  [c8e0e7] Started processing user request. Id = c8e0e7b9-a24a-4fd6-add4-a1bfb534ad7e. Size = 55.15 KB.
2018-11-13 00:03:33,356 52857  INFO  [c8e0e7] Doing some complicated stuff.. Random numbers are: 1409650038, 1546481975, 767853720.
2018-11-13 00:03:33,374 52875  INFO  [8b3ee9] Started processing user request. Id = 8b3ee98e-86ec-4ab6-8ddd-c85c774ae034. Size = 23.12 KB.
2018-11-13 00:03:33,377 52878  INFO  [c8e0e7] Here's some useful guids:
		2587a4b6-fcc4-40d2-80a1-17d8d58d62ae
		dcd8cafa-dc5d-4361-a5e2-f2f0becb0636
		fd581bfa-cc90-42b6-938e-aaa9a9f517ae
2018-11-13 00:03:33,384 52885  ERROR [c398ad] 
System.InvalidOperationException: Oh no! An error occurred!
2018-11-13 00:03:33,392 52893  INFO  [8b3ee9] Doing some complicated stuff.. Random numbers are: 1730187498, 2083147880, 772838421.
2018-11-13 00:03:33,397 52898  INFO  [8b3ee9] Here's some useful guids:
		d0d187c2-c847-4cb4-909a-0d3b18611d19
2018-11-13 00:03:33,398 52899  INFO  [4a6e73] Started processing user request. Id = 4a6e7343-1f9a-4c15-83ac-84f1f1733d60. Size = 22.18 KB.
2018-11-13 00:03:33,398 52899  INFO  [c8e0e7] Finished processing user request with id = c8e0e7b9-a24a-4fd6-add4-a1bfb534ad7e in 00:00:00.0439999.
2018-11-13 00:03:33,406 52907  INFO  [4a6e73] Doing some complicated stuff.. Random numbers are: 1957253222, 1719136798, 513887331.
2018-11-13 00:03:33,415 52916  INFO  [4a6e73] Finished processing user request with id = 4a6e7343-1f9a-4c15-83ac-84f1f1733d60 in 00:00:00.0170497.
2018-11-13 00:03:33,420 52921  INFO  [8b3ee9] Finished processing user request with id = 8b3ee98e-86ec-4ab6-8ddd-c85c774ae034 in 00:00:00.0458315.
2018-11-13 00:03:33,428 52929  INFO  [6d745c] Started processing user request. Id = 6d745c39-0791-4312-9178-06d006913aae. Size = 31.63 KB.
2018-11-13 00:03:33,437 52938  INFO  [6d745c] Doing some complicated stuff.. Random numbers are: 1714883329, 309388585, 1812002300.
2018-11-13 00:03:33,451 52952  INFO  [62c9d5] Started processing user request. Id = 62c9d573-1721-457e-8c10-0e8d66022e4a. Size = 8.88 KB.
2018-11-13 00:03:33,453 52954  INFO  [62c9d5] Doing some complicated stuff.. Random numbers are: 527025301, 453499120, 641379736.
2018-11-13 00:03:33,478 52979  ERROR [6d745c] 
System.InvalidOperationException: Oh no! An error occurred!
2018-11-13 00:03:33,482 52983  INFO  [BackgroundDaemon] Starting iteration #15571.
2018-11-13 00:03:33,483 52984  INFO  [62c9d5] Here's some useful guids:
		34f6dd6c-091b-4e2f-8ada-8e673cd49a34
		18cb9089-f614-4167-86bd-2e9e6e38b97f
2018-11-13 00:03:33,492 52993  INFO  [2762c5] Started processing user request. Id = 2762c533-610b-4c3b-b0f0-be45e272f026. Size = 76.37 KB.
2018-11-13 00:03:33,507 53008  INFO  [62c9d5] Finished processing user request with id = 62c9d573-1721-457e-8c10-0e8d66022e4a in 00:00:00.0560879.
2018-11-13 00:03:33,512 53013  INFO  [2762c5] Doing some complicated stuff.. Random numbers are: 600310538, 1515900134, 211825664.
2018-11-13 00:03:33,512 53013  INFO  [2762c5] Here's some useful guids:
		16df1b07-f2f8-4e02-b162-e456c80345f8
		22adfcf6-0d6b-4bc7-ac92-31ed5fd5ce70
		2f15d13d-6c2d-41bc-be4a-f77b48b29849
2018-11-13 00:03:33,514 53015  INFO  [BackgroundDaemon] Processing data (19% completed)..
2018-11-13 00:03:33,532 53033  INFO  [2762c5] Finished processing user request with id = 2762c533-610b-4c3b-b0f0-be45e272f026 in 00:00:00.0398290.
2018-11-13 00:03:33,539 53040  INFO  [2c0efb] Started processing user request. Id = 2c0efbbc-a54f-43a6-8b28-65a384d870a7. Size = 71.34 KB.
2018-11-13 00:03:33,541 53042  INFO  [2c0efb] Doing some complicated stuff.. Random numbers are: 89809130, 754530302, 457756399.
2018-11-13 00:03:33,546 53047  INFO  [81e833] Started processing user request. Id = 81e8337b-b2a5-4bc4-a52d-da47818d08fb. Size = 33.75 KB.
2018-11-13 00:03:33,549 53050  INFO  [81e833] Doing some complicated stuff.. Random numbers are: 166698533, 837409408, 22151587.
2018-11-13 00:03:33,565 53066  INFO  [81e833] Finished processing user request with id = 81e8337b-b2a5-4bc4-a52d-da47818d08fb in 00:00:00.0193031.
2018-11-13 00:03:33,565 53066  INFO  [9fa32a] Started processing user request. Id = 9fa32ab3-bfba-49db-8e94-019e7146d022. Size = 38.22 KB.
2018-11-13 00:03:33,570 53071  INFO  [9fa32a] Doing some complicated stuff.. Random numbers are: 521286316, 1513802382, 833939546.
2018-11-13 00:03:33,570 53071  INFO  [2c0efb] Finished processing user request with id = 2c0efbbc-a54f-43a6-8b28-65a384d870a7 in 00:00:00.0310166.
2018-11-13 00:03:33,575 53076  INFO  [9fa32a] Here's some useful guids:
		d63d9d16-c526-4142-8b82-a883b27cc9d6
		6aed4940-65ba-4451-99d8-9f821c8ff414
		aa657463-9f84-48ff-9a25-2c818436410c
		3957ce3e-2e1d-4d71-9011-450c9d333d76
		ac0cec4e-89a6-457c-b263-61466f43a406
2018-11-13 00:03:33,578 53079  INFO  [e35375] Started processing user request. Id = e3537521-c4ff-43b3-8ac2-9b972357a620. Size = 13.79 KB.
2018-11-13 00:03:33,580 53081  INFO  [9fa32a] Finished processing user request with id = 9fa32ab3-bfba-49db-8e94-019e7146d022 in 00:00:00.0150618.
2018-11-13 00:03:33,580 53081  INFO  [e35375] Doing some complicated stuff.. Random numbers are: 306038261, 950458472, 14844933.
2018-11-13 00:03:33,583 53084  INFO  [BackgroundDaemon] Processing data (27% completed)..
2018-11-13 00:03:33,601 53103  INFO  [d5fa9b] Started processing user request. Id = d5fa9b94-d40c-4bc4-92c1-a17bad91db32. Size = 69.71 KB.
2018-11-13 00:03:33,606 53107  INFO  [d5fa9b] Doing some complicated stuff.. Random numbers are: 702819091, 1664014687, 2088950809.
2018-11-13 00:03:33,616 53117  INFO  [e35375] Here's some useful guids:
		ae21a967-37f0-405f-9bcf-99ba9999f7fd
2018-11-13 00:03:33,628 53129  INFO  [e35375] Finished processing user request with id = e3537521-c4ff-43b3-8ac2-9b972357a620 in 00:00:00.0501006.
2018-11-13 00:03:33,638 53139  INFO  [BackgroundDaemon] Processing data (71% completed)..
2018-11-13 00:03:33,638 53139  INFO  [BackgroundDaemon] Finished iteration in 00:00:00.1560974.
2018-11-13 00:03:33,642 53143  INFO  [ad3c52] Started processing user request. Id = ad3c52dc-6218-43bc-877d-96ee44c65fac. Size = 64.11 KB.
2018-11-13 00:03:33,647 53148  INFO  [ad3c52] Doing some complicated stuff.. Random numbers are: 953927397, 876705093, 1629802906.
2018-11-13 00:03:33,658 53159  INFO  [d5fa9b] Finished processing user request with id = d5fa9b94-d40c-4bc4-92c1-a17bad91db32 in 00:00:00.0564682.
2018-11-13 00:03:33,672 53173  INFO  [ad3c52] Finished processing user request with id = ad3c52dc-6218-43bc-877d-96ee44c65fac in 00:00:00.0298659.
2018-11-13 00:03:33,685 53186  INFO  [dddc83] Started processing user request. Id = dddc8354-1adc-4417-aba0-15c2ecb64588. Size = 25.87 KB.
2018-11-13 00:03:33,689 53190  INFO  [962ca4] Started processing user request. Id = 962ca4d6-6f68-42af-8b5a-6087607cbce1. Size = 36.2 KB.
2018-11-13 00:03:33,692 53193  INFO  [962ca4] Doing some complicated stuff.. Random numbers are: 870610431, 225240907, 510730746.
2018-11-13 00:03:33,702 53203  INFO  [dddc83] Doing some complicated stuff.. Random numbers are: 1479660135, 1403800362, 863752721.
2018-11-13 00:03:33,707 53208  INFO  [962ca4] Here's some useful guids:
		cf559ba0-9996-4b8d-9558-a3594f239de8
		4523f625-96a1-4aea-bb0a-57d07e1019d8
		7c2f4fa1-5133-4f8a-a0c2-b60d34ea9e7d
		9c8e3b2f-b5ea-4a63-86ed-0c85b71fdbe8
		febbfbc7-ea31-4667-b044-81960c4664a4
2018-11-13 00:03:33,718 53219  INFO  [dddc83] Finished processing user request with id = dddc8354-1adc-4417-aba0-15c2ecb64588 in 00:00:00.0330333.
2018-11-13 00:03:33,732 53233  INFO  [abb7e7] Started processing user request. Id = abb7e7e9-85c6-4076-84ef-682c44f69e45. Size = 1.69 KB.
2018-11-13 00:03:33,733 53234  ERROR [962ca4] 
System.InvalidOperationException: Oh no! An error occurred!
2018-11-13 00:03:33,747 53248  INFO  [abb7e7] Doing some complicated stuff.. Random numbers are: 1570882826, 442351338, 1129968937.
2018-11-13 00:03:33,747 53248  INFO  [3c0f41] Started processing user request. Id = 3c0f416c-4762-4448-8303-0265c4e83540. Size = 63.67 KB.
2018-11-13 00:03:33,750 53251  INFO  [Metrics] Cpu: 1.48%; Memory: 19.79 GB/31.88 GB; Workers: 4/1024; IOCP: 0/1024
2018-11-13 00:03:33,762 53263  INFO  [3c0f41] Doing some complicated stuff.. Random numbers are: 1976922979, 2024769878, 1798796361.
2018-11-13 00:03:33,765 53266  INFO  [a2fcf0] Started processing user request. Id = a2fcf0e6-d5fb-4d26-b3ea-95c9e85c609e. Size = 88.92 KB.
2018-11-13 00:03:33,780 53281  INFO  [a2fcf0] Doing some complicated stuff.. Random numbers are: 1913472062, 1648784304, 279023424.
2018-11-13 00:03:33,798 53299  INFO  [3c0f41] Here's some useful guids:
		f6184f14-a1c7-40eb-bce2-9dec8af9111f
		9f9b3e89-209d-4675-b919-a5db5a3ee986
		127e1998-f016-4eb4-8254-338a9197b06c
		7ceb3ada-bab8-4a05-ad2e-9c1ae87ee371
		2c7f972e-e137-47c8-855a-77e9a5b5b61d
2018-11-13 00:03:33,811 53312  INFO  [abb7e7] Finished processing user request with id = abb7e7e9-85c6-4076-84ef-682c44f69e45 in 00:00:00.0790009.
2018-11-13 00:03:33,811 53312  INFO  [a2fcf0] Finished processing user request with id = a2fcf0e6-d5fb-4d26-b3ea-95c9e85c609e in 00:00:00.0461265.
2018-11-13 00:03:33,821 53322  INFO  [3c0f41] Finished processing user request with id = 3c0f416c-4762-4448-8303-0265c4e83540 in 00:00:00.0735849.
2018-11-13 00:03:33,824 53325  INFO  [69e761] Started processing user request. Id = 69e76143-3c6e-4ede-b39b-63cb89530171. Size = 53.46 KB.
2018-11-13 00:03:33,830 53331  INFO  [69e761] Doing some complicated stuff.. Random numbers are: 1739920016, 1882539430, 1917377978.
2018-11-13 00:03:33,839 53340  INFO  [BackgroundDaemon] Starting iteration #15572.
2018-11-13 00:03:33,843 53344  INFO  [4c94f8] Started processing user request. Id = 4c94f854-47bf-487b-9157-c3db4398d7d4. Size = 44.59 KB.
2018-11-13 00:03:33,859 53360  INFO  [4c94f8] Doing some complicated stuff.. Random numbers are: 1640881225, 663431834, 360635501.
2018-11-13 00:03:33,860 53361  INFO  [69e761] Finished processing user request with id = 69e76143-3c6e-4ede-b39b-63cb89530171 in 00:00:00.0358159.
2018-11-13 00:03:33,873 53374  INFO  [6c301b] Started processing user request. Id = 6c301bc0-f246-47a8-9c54-21b8c4f6bb75. Size = 88.3 KB.
2018-11-13 00:03:33,887 53388  INFO  [6c301b] Doing some complicated stuff.. Random numbers are: 684379274, 517009372, 613745237.
2018-11-13 00:03:33,899 53400  INFO  [4c94f8] Here's some useful guids:
		9d77b29d-5ee6-4aa4-9e58-5768283b8d06
		4c3e8277-2118-4d9c-8e24-2cc37a7ec4c9
		d6e670a1-a027-4dae-aa5a-c4ba89d2c355
		457c782a-0bac-4cf0-ba57-a423edc75668
		f821d2d8-93df-4017-81c0-a71b007dbdb1
2018-11-13 00:03:33,902 53403  INFO  [BackgroundDaemon] Processing data (6% completed)..
2018-11-13 00:03:33,918 53419  INFO  [6c301b] Here's some useful guids:
		136ae832-8b9c-4ddc-9852-00699e1b779c
		95a87ad2-984a-4264-9c0b-ab73670f5fd4
		1f62614e-b98a-425f-9cd8-336507aac118
		72be6091-2cdb-46be-af21-d738e0e19d14
2018-11-13 00:03:33,921 53422  INFO  [4c94f8] Finished processing user request with id = 4c94f854-47bf-487b-9157-c3db4398d7d4 in 00:00:00.0784331.
2018-11-13 00:03:33,944 53445  INFO  [6c301b] Finished processing user request with id = 6c301bc0-f246-47a8-9c54-21b8c4f6bb75 in 00:00:00.0712773.
2018-11-13 00:03:33,953 53454  INFO  [6212c2] Started processing user request. Id = 6212c26e-f971-43c2-8810-8aa71ca85668. Size = 26.76 KB.
2018-11-13 00:03:33,955 53456  INFO  [BackgroundDaemon] Processing data (35% completed)..
2018-11-13 00:03:33,958 53459  INFO  [6e98e8] Started processing user request. Id = 6e98e8ac-dd26-4763-a1c5-38f26bf607fd. Size = 42.04 KB.
2018-11-13 00:03:33,963 53464  INFO  [6212c2] Doing some complicated stuff.. Random numbers are: 918332924, 2018508117, 415289942.
2018-11-13 00:03:33,972 53473  INFO  [6e98e8] Doing some complicated stuff.. Random numbers are: 298392125, 312481567, 1639981667.
2018-11-13 00:03:33,988 53489  INFO  [78348f] Started processing user request. Id = 78348fa1-2f83-482e-a4a9-dc0e3a48869e. Size = 2.51 KB.
2018-11-13 00:03:33,990 53491  INFO  [6212c2] Finished processing user request with id = 6212c26e-f971-43c2-8810-8aa71ca85668 in 00:00:00.0373648.
2018-11-13 00:03:34,000 53501  INFO  [78348f] Doing some complicated stuff.. Random numbers are: 1030906942, 811636912, 2092253484.
2018-11-13 00:03:34,011 53512  INFO  [6e98e8] Here's some useful guids:
		48aa727f-7f9c-405c-b0c4-d8c88f35be3e
		bc3b650e-d5c5-404d-a6c0-8d9e6339b68f
		1a694363-070c-476a-9982-4dff127ba4c9
2018-11-13 00:03:34,015 53516  INFO  [BackgroundDaemon] Processing data (81% completed)..
2018-11-13 00:03:34,015 53516  INFO  [BackgroundDaemon] Finished iteration in 00:00:00.1759216.
2018-11-13 00:03:34,016 53517  INFO  [6e98e8] Finished processing user request with id = 6e98e8ac-dd26-4763-a1c5-38f26bf607fd in 00:00:00.0577717.
2018-11-13 00:03:34,021 53522  INFO  [f1716c] Started processing user request. Id = f1716c69-48e8-4152-a3c2-00d99cd0e8a9. Size = 88.67 KB.
2018-11-13 00:03:34,029 53530  INFO  [4d5922] Started processing user request. Id = 4d5922f1-6714-4904-9ebe-3fc269e1c8cb. Size = 70.37 KB.
2018-11-13 00:03:34,033 53534  INFO  [78348f] Finished processing user request with id = 78348fa1-2f83-482e-a4a9-dc0e3a48869e in 00:00:00.0446136.
2018-11-13 00:03:34,035 53536  INFO  [f1716c] Doing some complicated stuff.. Random numbers are: 705729592, 874487047, 1610655121.
2018-11-13 00:03:34,040 53541  INFO  [4d5922] Doing some complicated stuff.. Random numbers are: 1880854918, 1919775315, 1102790861.
2018-11-13 00:03:34,047 53548  INFO  [4d5922] Here's some useful guids:
		1ea2741e-ed6a-479c-a060-51ff9339f7f9
		fcf9f61f-e0d3-4c9f-9db8-19d75d47fbe0
		5310e69b-d10a-4381-9701-8c6311a9372f
		bd8062a3-ea3a-4293-b47a-838a558e2a97
2018-11-13 00:03:34,059 53561  ERROR [4d5922] 
System.InvalidOperationException: Oh no! An error occurred!
2018-11-13 00:03:34,070 53571  INFO  [f1716c] Here's some useful guids:
		17afb022-2c98-4485-bfe4-0c82a6c0663e
		cb47675d-65bb-4f69-bbeb-aecf43c84f93
2018-11-13 00:03:34,073 53574  INFO  [f841a0] Started processing user request. Id = f841a056-3ae0-4d23-aa40-493e313792d3. Size = 93.67 KB.
2018-11-13 00:03:34,091 53592  INFO  [f841a0] Doing some complicated stuff.. Random numbers are: 843028406, 431265377, 2065273887.
2018-11-13 00:03:34,094 53595  INFO  [f1716c] Finished processing user request with id = f1716c69-48e8-4152-a3c2-00d99cd0e8a9 in 00:00:00.0726802.
2018-11-13 00:03:34,126 53627  INFO  [685a5b] Started processing user request. Id = 685a5b2b-8550-4f64-9f36-d68d01bb5350. Size = 19.37 KB.
2018-11-13 00:03:34,127 53628  INFO  [685a5b] Doing some complicated stuff.. Random numbers are: 257221832, 1288695481, 89669165.
2018-11-13 00:03:34,131 53632  INFO  [f841a0] Finished processing user request with id = f841a056-3ae0-4d23-aa40-493e313792d3 in 00:00:00.0581277.
2018-11-13 00:03:34,145 53646  INFO  [f7da24] Started processing user request. Id = f7da2412-5d0d-4357-b342-b70180528884. Size = 93.85 KB.
2018-11-13 00:03:34,147 53648  INFO  [f7da24] Doing some complicated stuff.. Random numbers are: 1692369422, 144856032, 173807894.
2018-11-13 00:03:34,160 53661  INFO  [685a5b] Finished processing user request with id = 685a5b2b-8550-4f64-9f36-d68d01bb5350 in 00:00:00.0339400.
2018-11-13 00:03:34,177 53678  INFO  [f7da24] Finished processing user request with id = f7da2412-5d0d-4357-b342-b70180528884 in 00:00:00.0321034.
2018-11-13 00:03:34,190 53691  INFO  [93ab03] Started processing user request. Id = 93ab035d-489c-4846-9011-26324e0684da. Size = 4.57 KB.
2018-11-13 00:03:34,191 53692  INFO  [c2e896] Started processing user request. Id = c2e896db-61e1-4359-8f7d-b303fd6766b9. Size = 23.31 KB.
2018-11-13 00:03:34,194 53695  INFO  [c2e896] Doing some complicated stuff.. Random numbers are: 414675612, 867135664, 557380726.
2018-11-13 00:03:34,200 53701  INFO  [cd430c] Started processing user request. Id = cd430c47-c78a-4877-90e3-c7443be8c021. Size = 40.69 KB.
2018-11-13 00:03:34,205 53707  INFO  [cd430c] Doing some complicated stuff.. Random numbers are: 429436284, 1281686911, 934946739.
2018-11-13 00:03:34,207 53709  INFO  [93ab03] Doing some complicated stuff.. Random numbers are: 1675775245, 313328233, 1225381553.
2018-11-13 00:03:34,215 53716  INFO  [BackgroundDaemon] Starting iteration #15573.
2018-11-13 00:03:34,219 53720  INFO  [cd430c] Here's some useful guids:
		025c4549-792f-4fd4-bd44-8a7f01d86368
		33e2cd30-0ef6-4d24-8e7f-af2ac044639e
		44ad5923-44d8-4be9-9596-a91bca8a2621
		db7d6112-154d-4029-bb8d-509a716c1589
		1a57ce3f-60eb-4aa9-849e-a8edd96af89f
2018-11-13 00:03:34,226 53727  INFO  [c2e896] Finished processing user request with id = c2e896db-61e1-4359-8f7d-b303fd6766b9 in 00:00:00.0347200.
2018-11-13 00:03:34,230 53731  INFO  [93ab03] Here's some useful guids:
		cf744166-3454-4447-98b2-95d7094e8cea
		d66dbb3f-d71a-4476-8864-9280afd74234
2018-11-13 00:03:34,233 53734  INFO  [cd430c] Finished processing user request with id = cd430c47-c78a-4877-90e3-c7443be8c021 in 00:00:00.0328476.
2018-11-13 00:03:34,250 53751  INFO  [Metrics] Cpu: 0.68%; Memory: 19.79 GB/31.88 GB; Workers: 4/1024; IOCP: 0/1024
2018-11-13 00:03:34,255 53756  INFO  [93ab03] Finished processing user request with id = 93ab035d-489c-4846-9011-26324e0684da in 00:00:00.0652290.
2018-11-13 00:03:34,257 53758  INFO  [bb5228] Started processing user request. Id = bb522814-8aae-4f85-99c7-ea59a491477f. Size = 79.49 KB.
2018-11-13 00:03:34,268 53769  INFO  [57277b] Started processing user request. Id = 57277ba3-e194-4fed-a1f3-99658daf2006. Size = 71.37 KB.
2018-11-13 00:03:34,270 53771  INFO  [bb5228] Doing some complicated stuff.. Random numbers are: 1610628830, 969094405, 1725838365.
2018-11-13 00:03:34,271 53772  INFO  [BackgroundDaemon] Processing data (1% completed)..
2018-11-13 00:03:34,271 53772  INFO  [57277b] Doing some complicated stuff.. Random numbers are: 881525702, 875703122, 754169284.
2018-11-13 00:03:34,280 53781  INFO  [bb5228] Here's some useful guids:
		ea822e44-db84-4c8c-a507-b4341c943865
2018-11-13 00:03:34,283 53784  INFO  [bb5228] Finished processing user request with id = bb522814-8aae-4f85-99c7-ea59a491477f in 00:00:00.0263750.
2018-11-13 00:03:34,305 53806  INFO  [57277b] Here's some useful guids:
		72001c36-9c98-4803-b8d3-8a856ac39c3b
		3e1f2380-becc-42df-b3e7-d0639a456388
		3b77322a-9ba3-4644-9008-2c123d6d1a32
2018-11-13 00:03:34,314 53816  INFO  [2e1db7] Started processing user request. Id = 2e1db7aa-39fe-437c-b5c2-799e71f11f11. Size = 1.38 KB.
2018-11-13 00:03:34,315 53817  ERROR [57277b] 
System.InvalidOperationException: Oh no! An error occurred!
2018-11-13 00:03:34,323 53824  INFO  [2e1db7] Doing some complicated stuff.. Random numbers are: 1917645893, 1335823048, 484194806.
2018-11-13 00:03:34,329 53830  INFO  [dce2fc] Started processing user request. Id = dce2fcb8-cad1-4eda-a8bc-5f8549a15df8. Size = 18.04 KB.
2018-11-13 00:03:34,336 53837  INFO  [dce2fc] Doing some complicated stuff.. Random numbers are: 110336325, 721559521, 185205486.
2018-11-13 00:03:34,344 53845  INFO  [dce2fc] Here's some useful guids:
		950a4cae-643e-46a3-a282-1453f32944fc
		bff41c18-5d2a-4326-9370-7f5bf1b06989
		b6f82dc9-ac84-48c2-9bc2-b77e79e971eb
		cfc8b296-7550-45db-8eab-2b4fcd85d0e7
		74bf51d8-ee4d-406f-8c40-843023aa66f5
2018-11-13 00:03:34,351 53852  INFO  [2e1db7] Finished processing user request with id = 2e1db7aa-39fe-437c-b5c2-799e71f11f11 in 00:00:00.0365707.
2018-11-13 00:03:34,354 53855  INFO  [BackgroundDaemon] Processing data (35% completed)..
2018-11-13 00:03:34,357 53858  INFO  [dce2fc] Finished processing user request with id = dce2fcb8-cad1-4eda-a8bc-5f8549a15df8 in 00:00:00.0283228.
2018-11-13 00:03:34,371 53872  INFO  [4b71fb] Started processing user request. Id = 4b71fbe1-8212-45ae-abc4-4908c68bee62. Size = 44.88 KB.
2018-11-13 00:03:34,383 53884  INFO  [BackgroundDaemon] Processing data (53% completed)..
2018-11-13 00:03:34,383 53884  INFO  [BackgroundDaemon] Finished iteration in 00:00:00.1682696.
2018-11-13 00:03:34,383 53884  INFO  [1aac5a] Started processing user request. Id = 1aac5a92-a0ca-40af-ac93-ae0241e8750e. Size = 89.96 KB.
2018-11-13 00:03:34,384 53885  INFO  [4b71fb] Doing some complicated stuff.. Random numbers are: 1662184187, 510256835, 1424559210.
2018-11-13 00:03:34,391 53892  INFO  [1aac5a] Doing some complicated stuff.. Random numbers are: 1224445111, 1483371464, 886963583.
2018-11-13 00:03:34,400 53901  INFO  [32c62a] Started processing user request. Id = 32c62a86-c3bc-44dd-89a3-aa371e7fbe61. Size = 49.36 KB.
2018-11-13 00:03:34,403 53904  INFO  [4b71fb] Here's some useful guids:
		cd08bd48-ea5c-4479-a175-308402014933
		15035031-222c-4847-ad8e-6045559f4463
		249a8f09-b7f1-4492-a8df-c7a3ba92eebb
		28a4c827-bdb0-4567-8495-f6528cb046d8
		49e9d8b4-c551-4153-a20d-cc191a2d0642
2018-11-13 00:03:34,415 53916  INFO  [4b71fb] Finished processing user request with id = 4b71fbe1-8212-45ae-abc4-4908c68bee62 in 00:00:00.0439412.
2018-11-13 00:03:34,417 53918  INFO  [32c62a] Doing some complicated stuff.. Random numbers are: 1683859952, 1554380539, 697323640.
2018-11-13 00:03:34,429 53930  INFO  [2c0e06] Started processing user request. Id = 2c0e06b0-2c85-4835-b7a1-8e8abd6411f5. Size = 79.99 KB.
2018-11-13 00:03:34,441 53942  INFO  [1aac5a] Finished processing user request with id = 1aac5a92-a0ca-40af-ac93-ae0241e8750e in 00:00:00.0580679.
2018-11-13 00:03:34,441 53942  INFO  [2c0e06] Doing some complicated stuff.. Random numbers are: 1241816527, 1076423182, 105824701.
2018-11-13 00:03:34,447 53948  INFO  [32c62a] Finished processing user request with id = 32c62a86-c3bc-44dd-89a3-aa371e7fbe61 in 00:00:00.0472458.
2018-11-13 00:03:34,473 53974  INFO  [d38983] Started processing user request. Id = d3898389-9627-4ba8-9c10-545553ca9265. Size = 24.73 KB.
2018-11-13 00:03:34,475 53976  INFO  [d38983] Doing some complicated stuff.. Random numbers are: 1962574445, 379943891, 976654153.
2018-11-13 00:03:34,478 53979  INFO  [2c0e06] Finished processing user request with id = 2c0e06b0-2c85-4835-b7a1-8e8abd6411f5 in 00:00:00.0486247.
2018-11-13 00:03:34,491 53992  INFO  [c239c0] Started processing user request. Id = c239c0f5-27b5-4345-a518-5578e43c3401. Size = 18.95 KB.
2018-11-13 00:03:34,503 54004  INFO  [c239c0] Doing some complicated stuff.. Random numbers are: 2039301334, 1176066501, 1004271918.
2018-11-13 00:03:34,510 54011  INFO  [d38983] Finished processing user request with id = d3898389-9627-4ba8-9c10-545553ca9265 in 00:00:00.0370346.
2018-11-13 00:03:34,541 54042  INFO  [5c5870] Started processing user request. Id = 5c58705b-a292-4d27-b812-a4c845e12eb2. Size = 73.22 KB.
2018-11-13 00:03:34,546 54047  INFO  [5c5870] Doing some complicated stuff.. Random numbers are: 1908663084, 878776019, 1864521847.
2018-11-13 00:03:34,556 54057  INFO  [5c5870] Here's some useful guids:
		771ef5ad-5989-4b9b-8787-980ed4a81382
		fef8e39b-8ac4-441e-a301-22ce3eca60d4
		7bf9ae23-0086-4bf4-bad4-3ce1396975b1
2018-11-13 00:03:34,566 54067  INFO  [c239c0] Finished processing user request with id = c239c0f5-27b5-4345-a518-5578e43c3401 in 00:00:00.0748678.
2018-11-13 00:03:34,568 54069  INFO  [5c5870] Finished processing user request with id = 5c58705b-a292-4d27-b812-a4c845e12eb2 in 00:00:00.0267838.
2018-11-13 00:03:34,580 54081  INFO  [7e2dcb] Started processing user request. Id = 7e2dcbb9-ff7e-469f-bfc3-f3783ac13808. Size = 5.86 KB.
2018-11-13 00:03:34,584 54085  INFO  [BackgroundDaemon] Starting iteration #15574.
2018-11-13 00:03:34,588 54089  INFO  [7e2dcb] Doing some complicated stuff.. Random numbers are: 437017642, 981127249, 2049291032.
2018-11-13 00:03:34,594 54095  INFO  [7e2dcb] Finished processing user request with id = 7e2dcbb9-ff7e-469f-bfc3-f3783ac13808 in 00:00:00.0140299.
2018-11-13 00:03:34,599 54100  INFO  [9f2d3c] Started processing user request. Id = 9f2d3c6e-fce1-4d9c-871b-90bf6f60d1e7. Size = 48.5 KB.
2018-11-13 00:03:34,607 54108  INFO  [50cae6] Started processing user request. Id = 50cae65c-8fc1-46e0-b1a3-1db6b67706e2. Size = 16.97 KB.
2018-11-13 00:03:34,615 54116  INFO  [80a94d] Started processing user request. Id = 80a94de7-8d1c-4ace-b7d0-0f0d3ed4f14f. Size = 86.61 KB.
2018-11-13 00:03:34,618 54119  INFO  [9f2d3c] Doing some complicated stuff.. Random numbers are: 1870283024, 1489756409, 504768447.
2018-11-13 00:03:34,622 54123  INFO  [50cae6] Doing some complicated stuff.. Random numbers are: 1854431370, 1414642708, 1478574339.
2018-11-13 00:03:34,624 54125  INFO  [80a94d] Doing some complicated stuff.. Random numbers are: 794848823, 922775374, 1339101158.
2018-11-13 00:03:34,627 54128  INFO  [BackgroundDaemon] Processing data (17% completed)..
2018-11-13 00:03:34,630 54131  INFO  [50cae6] Finished processing user request with id = 50cae65c-8fc1-46e0-b1a3-1db6b67706e2 in 00:00:00.0230883.
2018-11-13 00:03:34,635 54136  INFO  [9f2d3c] Here's some useful guids:
		bfa9824e-f0eb-495c-9f39-271ecd88da1b
2018-11-13 00:03:34,641 54142  INFO  [80a94d] Here's some useful guids:
		641d8530-cd95-44b7-a5dc-1d9406410491
		741bab86-cdde-487d-b26a-3f5d964b876b
		5ab28333-6148-443c-bb9a-55d9be334cee
		8d66d37f-79c0-4e0d-829e-cb010f88dfef
		18df3984-3774-495c-9667-fb82a746a07c
2018-11-13 00:03:34,643 54144  INFO  [9f2d3c] Finished processing user request with id = 9f2d3c6e-fce1-4d9c-871b-90bf6f60d1e7 in 00:00:00.0440049.
2018-11-13 00:03:34,644 54145  INFO  [17ce80] Started processing user request. Id = 17ce8037-8060-4876-95c6-d3f41e709dd6. Size = 75.39 KB.
2018-11-13 00:03:34,652 54153  INFO  [BackgroundDaemon] Processing data (41% completed)..
2018-11-13 00:03:34,655 54156  INFO  [17ce80] Doing some complicated stuff.. Random numbers are: 615734820, 1481348659, 1373688142.
2018-11-13 00:03:34,665 54166  INFO  [80a94d] Finished processing user request with id = 80a94de7-8d1c-4ace-b7d0-0f0d3ed4f14f in 00:00:00.0500992.
2018-11-13 00:03:34,675 54176  INFO  [ad2988] Started processing user request. Id = ad298836-e422-4eac-8267-8f82746283f6. Size = 33.07 KB.
2018-11-13 00:03:34,683 54184  INFO  [17ce80] Here's some useful guids:
		89a92b06-d240-4910-8f96-633799175bc0
		69f89ce1-c970-4da2-88df-63505b83420a
2018-11-13 00:03:34,687 54188  INFO  [ad2988] Doing some complicated stuff.. Random numbers are: 266882274, 1557377442, 1031940273.
2018-11-13 00:03:34,690 54191  INFO  [17ce80] Finished processing user request with id = 17ce8037-8060-4876-95c6-d3f41e709dd6 in 00:00:00.0459825.
2018-11-13 00:03:34,704 54205  INFO  [fd02b5] Started processing user request. Id = fd02b5c4-41ef-4716-8e7c-39fb459cc242. Size = 6.92 KB.
2018-11-13 00:03:34,710 54211  INFO  [fd02b5] Doing some complicated stuff.. Random numbers are: 631964124, 2068638851, 1373865569.
2018-11-13 00:03:34,724 54225  INFO  [ad2988] Here's some useful guids:
		b6670984-3d7a-49ae-b5ca-7381bdd5529b
		21520193-4c4f-4379-b13c-dd0348e50d0a
		14dedfc0-e3a7-4553-92b7-eebce32548f5
2018-11-13 00:03:34,745 54246  INFO  [BackgroundDaemon] Processing data (51% completed)..
2018-11-13 00:03:34,745 54246  INFO  [BackgroundDaemon] Finished iteration in 00:00:00.1611434.
2018-11-13 00:03:34,749 54250  INFO  [Metrics] Cpu: 0.68%; Memory: 19.79 GB/31.88 GB; Workers: 4/1024; IOCP: 0/1024
2018-11-13 00:03:34,750 54251  ERROR [ad2988] 
System.InvalidOperationException: Oh no! An error occurred!
2018-11-13 00:03:34,770 54271  INFO  [fd02b5] Finished processing user request with id = fd02b5c4-41ef-4716-8e7c-39fb459cc242 in 00:00:00.0660572.
2018-11-13 00:03:34,782 54283  INFO  [61dbb0] Started processing user request. Id = 61dbb0ec-ec93-4240-bb41-fa3ffcd0f559. Size = 9.46 KB.
2018-11-13 00:03:34,784 54285  INFO  [4e9d01] Started processing user request. Id = 4e9d013e-5ae9-4f7e-bde8-aa1e320805cc. Size = 35.15 KB.
2018-11-13 00:03:34,784 54285  INFO  [61dbb0] Doing some complicated stuff.. Random numbers are: 223032951, 1789890973, 1760406702.
2018-11-13 00:03:34,784 54285  INFO  [61dbb0] Here's some useful guids:
		e14636ac-e8fa-4b24-9c5c-04d158a64a63
		65bc0615-1fbd-4fe8-8524-66f7349c1225
		694e079b-aab9-47fe-ba75-241efe52ee5e
2018-11-13 00:03:34,797 54298  INFO  [4e9d01] Doing some complicated stuff.. Random numbers are: 1147232754, 1146458362, 2019073416.
2018-11-13 00:03:34,799 54300  INFO  [4e9d01] Here's some useful guids:
		5a784bc2-8876-4a43-8467-32d3a6df8755
		b4c22ae8-b900-40c5-baea-6e3c068b3e1d
		4ba62bd2-947e-443f-ae40-583993bc4dfc
		6e0e3f82-bc6c-468c-92f8-1c126582e88c
		08ec386b-f126-4fdf-9f19-7091ae9627ca
2018-11-13 00:03:34,800 54301  INFO  [61dbb0] Finished processing user request with id = 61dbb0ec-ec93-4240-bb41-fa3ffcd0f559 in 00:00:00.0178151.
2018-11-13 00:03:34,816 54317  INFO  [4e9d01] Finished processing user request with id = 4e9d013e-5ae9-4f7e-bde8-aa1e320805cc in 00:00:00.0319315.
2018-11-13 00:03:34,829 54330  INFO  [63d45e] Started processing user request. Id = 63d45e08-6088-4356-81e6-528eb06f2080. Size = 87.88 KB.
2018-11-13 00:03:34,831 54332  INFO  [6a984a] Started processing user request. Id = 6a984a35-9896-46c5-ac40-28cbc4b458c5. Size = 52.78 KB.
2018-11-13 00:03:34,832 54333  INFO  [853a02] Started processing user request. Id = 853a027a-0023-4862-b015-737941101568. Size = 71.71 KB.
2018-11-13 00:03:34,835 54336  INFO  [853a02] Doing some complicated stuff.. Random numbers are: 539157057, 1504273036, 156058284.
2018-11-13 00:03:34,846 54347  INFO  [63d45e] Doing some complicated stuff.. Random numbers are: 64558476, 739889325, 704371208.
2018-11-13 00:03:34,848 54349  INFO  [6a984a] Doing some complicated stuff.. Random numbers are: 1078797804, 719143407, 24950019.
2018-11-13 00:03:34,877 54378  INFO  [853a02] Finished processing user request with id = 853a027a-0023-4862-b015-737941101568 in 00:00:00.0446846.
2018-11-13 00:03:34,878 54379  INFO  [6a984a] Here's some useful guids:
		b33c09d6-f145-44b6-b9ec-9dc76eeb657c
		0e160925-316b-4ef0-92b6-699a1bbbb61f
2018-11-13 00:03:34,883 54384  INFO  [63d45e] Here's some useful guids:
		db511bf5-bf62-4fcc-a5f7-f7a620c093ba
2018-11-13 00:03:34,894 54395  INFO  [63d45e] Finished processing user request with id = 63d45e08-6088-4356-81e6-528eb06f2080 in 00:00:00.0650302.
2018-11-13 00:03:34,898 54399  INFO  [6a984a] Finished processing user request with id = 6a984a35-9896-46c5-ac40-28cbc4b458c5 in 00:00:00.0667991.
2018-11-13 00:03:34,908 54409  INFO  [73b799] Started processing user request. Id = 73b7994c-5bae-40ab-a6a8-441cba9d0045. Size = 51.54 KB.
2018-11-13 00:03:34,927 54428  INFO  [73b799] Doing some complicated stuff.. Random numbers are: 1521257327, 1788925920, 987143368.
2018-11-13 00:03:34,929 54430  INFO  [bdcaf2] Started processing user request. Id = bdcaf2c1-e640-4613-b075-a7d33bb071c4. Size = 94.03 KB.
2018-11-13 00:03:34,929 54430  INFO  [73b799] Here's some useful guids:
		98c91272-7eaf-4cf4-9528-2b2ddba82e66
		7fc6a8ec-61c4-4810-8f6a-6cd3fb9732f8
		7a8782e1-ca6b-4df0-810e-d5816a8e946d
		84e289f1-56a2-49b2-88c8-1fedb7c612bd
		b1cee379-910a-46ec-af81-def4200d663b
2018-11-13 00:03:34,944 54445  INFO  [bdcaf2] Doing some complicated stuff.. Random numbers are: 680706660, 246351199, 778263714.
2018-11-13 00:03:34,946 54447  INFO  [BackgroundDaemon] Starting iteration #15575.
2018-11-13 00:03:34,951 54452  INFO  [bdcaf2] Here's some useful guids:
		e5f1c2e0-531d-47b8-9067-bfccce1b8369
2018-11-13 00:03:34,952 54453  INFO  [73b799] Finished processing user request with id = 73b7994c-5bae-40ab-a6a8-441cba9d0045 in 00:00:00.0442254.
2018-11-13 00:03:34,965 54467  INFO  [3dac50] Started processing user request. Id = 3dac5020-3f5b-4595-be90-be9c88a9da9a. Size = 87.1 KB.
2018-11-13 00:03:34,978 54479  ERROR [bdcaf2] 
System.InvalidOperationException: Oh no! An error occurred!
2018-11-13 00:03:34,984 54485  INFO  [3dac50] Doing some complicated stuff.. Random numbers are: 280685782, 1913292911, 1642765687.
2018-11-13 00:03:34,984 54485  INFO  [3dac50] Here's some useful guids:
		2e17da0e-3682-4954-85ff-58a5945e7298
2018-11-13 00:03:34,995 54496  INFO  [3dac50] Finished processing user request with id = 3dac5020-3f5b-4595-be90-be9c88a9da9a in 00:00:00.0294498.
2018-11-13 00:03:35,008 54509  INFO  [7f535a] Started processing user request. Id = 7f535aef-4c93-40ae-bc65-eb030acde516. Size = 26.18 KB.
2018-11-13 00:03:35,009 54510  INFO  [eb0299] Started processing user request. Id = eb0299d9-f9e3-4729-bdb2-063b1b0dec29. Size = 18.4 KB.
2018-11-13 00:03:35,022 54523  INFO  [7f535a] Doing some complicated stuff.. Random numbers are: 1972908714, 1528013440, 677810315.
2018-11-13 00:03:35,023 54525  INFO  [eb0299] Doing some complicated stuff.. Random numbers are: 1618167221, 819751239, 532822390.
2018-11-13 00:03:35,030 54531  INFO  [BackgroundDaemon] Processing data (2% completed)..
2018-11-13 00:03:35,043 54544  INFO  [eb0299] Finished processing user request with id = eb0299d9-f9e3-4729-bdb2-063b1b0dec29 in 00:00:00.0336561.
2018-11-13 00:03:35,044 54545  INFO  [ff461d] Started processing user request. Id = ff461d17-7588-4529-a552-05ac7619b0bd. Size = 47.62 KB.
2018-11-13 00:03:35,049 54550  INFO  [7f535a] Here's some useful guids:
		07fb1e6b-ec45-494c-82fe-d2ac61aa61de
		8b5d096c-d89c-446b-834b-f6ec2520d8e3
		ff738ff3-afa8-4bdf-ab33-beb9ed0d1e43
		08dae22a-f80e-44d5-8800-0319a3c1de55
		dbf6f1d1-b30d-4a55-9635-bca85e50bcbf
2018-11-13 00:03:35,057 54558  INFO  [ff461d] Doing some complicated stuff.. Random numbers are: 1045881387, 2119284246, 1486088569.
2018-11-13 00:03:35,073 54574  INFO  [ff461d] Here's some useful guids:
		f3e43ad5-36b4-46bb-8e3b-0d52aec196ae
		352305bc-c4f9-4756-94cb-a25db6433564
2018-11-13 00:03:35,074 54575  INFO  [658f8e] Started processing user request. Id = 658f8ee5-123d-4ab2-b3ce-4d409859f631. Size = 22.33 KB.
2018-11-13 00:03:35,078 54579  INFO  [658f8e] Doing some complicated stuff.. Random numbers are: 2124367484, 1234495632, 1962021638.
2018-11-13 00:03:35,078 54579  INFO  [7f535a] Finished processing user request with id = 7f535aef-4c93-40ae-bc65-eb030acde516 in 00:00:00.0694108.
2018-11-13 00:03:35,080 54581  INFO  [ff461d] Finished processing user request with id = ff461d17-7588-4529-a552-05ac7619b0bd in 00:00:00.0358716.
2018-11-13 00:03:35,091 54592  INFO  [d08a05] Started processing user request. Id = d08a0565-e8f9-4a1e-95a3-aba76c34caac. Size = 33.56 KB.
2018-11-13 00:03:35,099 54600  INFO  [658f8e] Finished processing user request with id = 658f8ee5-123d-4ab2-b3ce-4d409859f631 in 00:00:00.0248669.
2018-11-13 00:03:35,104 54605  INFO  [d08a05] Doing some complicated stuff.. Random numbers are: 813914843, 515608379, 218044298.
2018-11-13 00:03:35,123 54624  INFO  [BackgroundDaemon] Processing data (33% completed)..
2018-11-13 00:03:35,130 54632  INFO  [7afa42] Started processing user request. Id = 7afa4201-e4b7-4aa7-b287-92b417d7ec23. Size = 70.04 KB.
2018-11-13 00:03:35,141 54642  INFO  [d08a05] Finished processing user request with id = d08a0565-e8f9-4a1e-95a3-aba76c34caac in 00:00:00.0501036.
2018-11-13 00:03:35,145 54646  INFO  [7afa42] Doing some complicated stuff.. Random numbers are: 1160724659, 1462986281, 1625491285.
2018-11-13 00:03:35,148 54649  INFO  [7afa42] Here's some useful guids:
		cfbdd538-60f7-4231-b755-212a4b886f2d
		76752ff0-5c03-4bcb-b3b2-223c101b3c2d
2018-11-13 00:03:35,155 54656  INFO  [742a36] Started processing user request. Id = 742a36d7-9359-422a-b0af-5529bd5ff254. Size = 88.49 KB.
2018-11-13 00:03:35,155 54656  INFO  [742a36] Doing some complicated stuff.. Random numbers are: 1061500586, 332798562, 750686614.
2018-11-13 00:03:35,170 54671  ERROR [7afa42] 
System.InvalidOperationException: Oh no! An error occurred!
2018-11-13 00:03:35,171 54672  INFO  [BackgroundDaemon] Processing data (89% completed)..
2018-11-13 00:03:35,171 54672  INFO  [BackgroundDaemon] Finished iteration in 00:00:00.2250042.
2018-11-13 00:03:35,201 54702  INFO  [269929] Started processing user request. Id = 26992909-dc75-44d7-b268-d8e981414f7f. Size = 46.23 KB.
2018-11-13 00:03:35,202 54703  INFO  [742a36] Finished processing user request with id = 742a36d7-9359-422a-b0af-5529bd5ff254 in 00:00:00.0472036.
2018-11-13 00:03:35,215 54716  INFO  [269929] Doing some complicated stuff.. Random numbers are: 1892245263, 215871228, 1242889424.
2018-11-13 00:03:35,216 54717  INFO  [57ae98] Started processing user request. Id = 57ae989f-d172-4af6-92a4-fb77b5a17b85. Size = 56.88 KB.
2018-11-13 00:03:35,222 54723  INFO  [57ae98] Doing some complicated stuff.. Random numbers are: 1498750187, 604504421, 1741819500.
2018-11-13 00:03:35,237 54738  INFO  [269929] Here's some useful guids:
		21dbadde-0969-4e24-8a63-dd8ff70033dd
		5366557b-e7d2-42f1-b5f2-83f38e2146f7
		8f678356-5514-41ac-9150-6bafa768e3ff
		e23e7623-267f-4291-b976-a6151a440e6b
		ad25a02a-af89-4bc0-9e0f-40ab318b893c
2018-11-13 00:03:35,240 54741  INFO  [269929] Finished processing user request with id = 26992909-dc75-44d7-b268-d8e981414f7f in 00:00:00.0388100.
2018-11-13 00:03:35,247 54748  INFO  [6c4610] Started processing user request. Id = 6c4610de-1390-47a8-9ac8-a19cf281df60. Size = 15.25 KB.
2018-11-13 00:03:35,249 54750  INFO  [Metrics] Cpu: 1.09%; Memory: 19.79 GB/31.88 GB; Workers: 4/1024; IOCP: 0/1024
2018-11-13 00:03:35,251 54752  INFO  [57ae98] Here's some useful guids:
		1fe5f3dc-98ef-4557-93c5-9ed287a10cc5
		326a41cd-0e85-41e0-902b-fc4f2505e6c8
		4677fc6c-e7c3-4a39-888b-bce6dd38f04a
		475b4e8b-35dd-4d79-86e7-33bceef72243
2018-11-13 00:03:35,253 54754  ERROR [57ae98] 
System.InvalidOperationException: Oh no! An error occurred!
2018-11-13 00:03:35,261 54762  INFO  [6c4610] Doing some complicated stuff.. Random numbers are: 282023424, 259680045, 336730536.
2018-11-13 00:03:35,267 54768  INFO  [b54ac1] Started processing user request. Id = b54ac101-8e57-47fc-9133-b2650e7547cd. Size = 50.78 KB.
2018-11-13 00:03:35,272 54773  INFO  [31e5fa] Started processing user request. Id = 31e5fa04-840a-4ff6-b6dc-0ab57b8c7ead. Size = 8.51 KB.
2018-11-13 00:03:35,282 54783  INFO  [b54ac1] Doing some complicated stuff.. Random numbers are: 2143475605, 137010278, 1959195474.
2018-11-13 00:03:35,283 54784  INFO  [31e5fa] Doing some complicated stuff.. Random numbers are: 1887534175, 737903237, 1076726397.
2018-11-13 00:03:35,296 54797  INFO  [6c4610] Here's some useful guids:
		3391c4a9-8ec5-42a1-8be8-827ed5f184d5
2018-11-13 00:03:35,320 54821  INFO  [b54ac1] Finished processing user request with id = b54ac101-8e57-47fc-9133-b2650e7547cd in 00:00:00.0531135.
2018-11-13 00:03:35,322 54823  INFO  [6c4610] Finished processing user request with id = 6c4610de-1390-47a8-9ac8-a19cf281df60 in 00:00:00.0748831.
2018-11-13 00:03:35,331 54832  INFO  [31e5fa] Finished processing user request with id = 31e5fa04-840a-4ff6-b6dc-0ab57b8c7ead in 00:00:00.0590737.
2018-11-13 00:03:35,333 54834  INFO  [82105a] Started processing user request. Id = 82105adc-1514-4fae-a806-6422a7de814d. Size = 87.41 KB.
2018-11-13 00:03:35,348 54849  INFO  [82105a] Doing some complicated stuff.. Random numbers are: 798114901, 204737599, 1144145522.
2018-11-13 00:03:35,363 54864  INFO  [8f9c9d] Started processing user request. Id = 8f9c9d36-2edb-4ceb-995c-87fd49fc9e8f. Size = 39.58 KB.
2018-11-13 00:03:35,371 54872  INFO  [BackgroundDaemon] Starting iteration #15576.
2018-11-13 00:03:35,376 54877  INFO  [8f9c9d] Doing some complicated stuff.. Random numbers are: 1820596263, 184885947, 723753089.
2018-11-13 00:03:35,386 54887  INFO  [82105a] Here's some useful guids:
		b6915cdc-9a90-4c41-bc0f-894217cf93bf
		247002d1-c92a-4954-9d57-db2b906bd5c6
		40ef9fc8-6345-402c-a328-28fc72c55be5
2018-11-13 00:03:35,394 54895  INFO  [8f9c9d] Here's some useful guids:
		4bddc0b0-cc74-4969-8c07-575aeaf514f6
		638bed08-3e0a-4789-98e0-a81dc31697e9
		071f6ebe-f355-4425-bbee-611fc502623b
2018-11-13 00:03:35,410 54911  ERROR [8f9c9d] 
System.InvalidOperationException: Oh no! An error occurred!
2018-11-13 00:03:35,410 54911  INFO  [82105a] Finished processing user request with id = 82105adc-1514-4fae-a806-6422a7de814d in 00:00:00.0768742.
2018-11-13 00:03:35,424 54925  INFO  [f0d134] Started processing user request. Id = f0d1347d-afb8-4635-a894-66ac0ba46822. Size = 55.86 KB.
2018-11-13 00:03:35,426 54927  INFO  [f0d134] Doing some complicated stuff.. Random numbers are: 772880891, 2086773269, 1935576684.
2018-11-13 00:03:35,430 54931  INFO  [BackgroundDaemon] Processing data (1% completed)..
2018-11-13 00:03:35,441 54942  INFO  [8ac300] Started processing user request. Id = 8ac30068-c5db-4b70-adc8-5d036b2fa997. Size = 66.06 KB.
2018-11-13 00:03:35,449 54950  INFO  [8ac300] Doing some complicated stuff.. Random numbers are: 1837850151, 1461367865, 1878249750.
2018-11-13 00:03:35,451 54952  INFO  [f0d134] Finished processing user request with id = f0d1347d-afb8-4635-a894-66ac0ba46822 in 00:00:00.0271853.
2018-11-13 00:03:35,464 54965  INFO  [156e00] Started processing user request. Id = 156e001d-1b38-46b6-8919-0c95187f2891. Size = 78.77 KB.
2018-11-13 00:03:35,471 54972  INFO  [8ac300] Here's some useful guids:
		5e7041f0-3b6f-45c8-b52c-7657d7a80fad
		f0f9f8bd-dec2-497a-a97d-325f3d983a21
2018-11-13 00:03:35,473 54974  INFO  [8ac300] Finished processing user request with id = 8ac30068-c5db-4b70-adc8-5d036b2fa997 in 00:00:00.0322051.
2018-11-13 00:03:35,477 54978  INFO  [156e00] Doing some complicated stuff.. Random numbers are: 1635076472, 684449391, 745626086.
2018-11-13 00:03:35,489 54990  INFO  [397b6b] Started processing user request. Id = 397b6bd9-cf53-4cea-b255-9d7a81efb674. Size = 17.33 KB.
2018-11-13 00:03:35,489 54990  INFO  [397b6b] Doing some complicated stuff.. Random numbers are: 1099935861, 1213114336, 62948083.
2018-11-13 00:03:35,505 55006  INFO  [a73729] Started processing user request. Id = a7372956-cb9c-452f-8728-3b710afa0e2f. Size = 391 B.
2018-11-13 00:03:35,510 55011  INFO  [BackgroundDaemon] Processing data (39% completed)..
2018-11-13 00:03:35,513 55014  INFO  [156e00] Here's some useful guids:
		0d978372-0633-489f-a254-053b4fda804e
		b0ea4c10-f7b8-48a6-8a3b-aa7e051fe37e
2018-11-13 00:03:35,519 55020  INFO  [397b6b] Here's some useful guids:
		32b19bf3-8cfd-4470-8d56-bd781e594582
		426def8b-5309-4aa2-81be-41eed2d701e4
2018-11-13 00:03:35,521 55022  INFO  [a73729] Doing some complicated stuff.. Random numbers are: 1392714459, 957320523, 2057687661.
2018-11-13 00:03:35,524 55025  INFO  [397b6b] Finished processing user request with id = 397b6bd9-cf53-4cea-b255-9d7a81efb674 in 00:00:00.0351350.
2018-11-13 00:03:35,540 55041  ERROR [156e00] 
System.InvalidOperationException: Oh no! An error occurred!
2018-11-13 00:03:35,549 55050  INFO  [a73729] Here's some useful guids:
		c4301542-5493-4fca-b50c-eada35f1f88f
		5b97429a-4ac5-4f96-b177-b0e069ccd290
		fc6f1522-f75b-42cf-b1c5-936fc745746a
		8b3ba4f4-2266-4e0b-b31f-aa828ec648be
		a5a98f8d-ff3d-44c5-9530-20b4ec528326
2018-11-13 00:03:35,554 55055  INFO  [84c61c] Started processing user request. Id = 84c61ce5-c141-4147-ab02-04365c579bff. Size = 57.12 KB.
2018-11-13 00:03:35,555 55056  INFO  [a73729] Finished processing user request with id = a7372956-cb9c-452f-8728-3b710afa0e2f in 00:00:00.0497851.
2018-11-13 00:03:35,562 55063  INFO  [84c61c] Doing some complicated stuff.. Random numbers are: 1004543533, 801159708, 848442506.
2018-11-13 00:03:35,586 55087  INFO  [91153d] Started processing user request. Id = 91153d8d-2594-4195-91dd-216749305d4c. Size = 29.99 KB.
2018-11-13 00:03:35,595 55096  INFO  [84c61c] Here's some useful guids:
		d0e89dea-3726-4387-b6d7-ff0dd1c6a47a
		cab99612-264d-4605-972f-49ccdf8aa9de
2018-11-13 00:03:35,595 55096  INFO  [91153d] Doing some complicated stuff.. Random numbers are: 126774171, 564933463, 740877006.
2018-11-13 00:03:35,602 55103  INFO  [84c61c] Finished processing user request with id = 84c61ce5-c141-4147-ab02-04365c579bff in 00:00:00.0481186.
2018-11-13 00:03:35,607 55108  INFO  [BackgroundDaemon] Processing data (55% completed)..
2018-11-13 00:03:35,607 55108  INFO  [BackgroundDaemon] Finished iteration in 00:00:00.2359939.
2018-11-13 00:03:35,616 55117  INFO  [640816] Started processing user request. Id = 640816b1-285d-4aa7-a302-64c9040904a6. Size = 33.31 KB.
2018-11-13 00:03:35,623 55124  INFO  [640816] Doing some complicated stuff.. Random numbers are: 339195791, 1516633327, 419817560.
2018-11-13 00:03:35,625 55126  INFO  [91153d] Finished processing user request with id = 91153d8d-2594-4195-91dd-216749305d4c in 00:00:00.0391800.
2018-11-13 00:03:35,647 55148  INFO  [640816] Finished processing user request with id = 640816b1-285d-4aa7-a302-64c9040904a6 in 00:00:00.0312485.
2018-11-13 00:03:35,657 55158  INFO  [6f44bd] Started processing user request. Id = 6f44bda3-0916-4bf7-8f62-6e67e5432fe3. Size = 63.85 KB.
2018-11-13 00:03:35,661 55162  INFO  [071a88] Started processing user request. Id = 071a8846-e496-4807-b84e-7d152c562489. Size = 9.5 KB.
2018-11-13 00:03:35,665 55166  INFO  [6f44bd] Doing some complicated stuff.. Random numbers are: 353862771, 1358182662, 1847513301.
2018-11-13 00:03:35,674 55175  INFO  [071a88] Doing some complicated stuff.. Random numbers are: 586047408, 893866279, 1763708429.
2018-11-13 00:03:35,686 55187  ERROR [6f44bd] 
System.InvalidOperationException: Oh no! An error occurred!
2018-11-13 00:03:35,692 55193  INFO  [e6f80a] Started processing user request. Id = e6f80a86-1bf7-472a-a1d3-ada0ea9c0e6e. Size = 98.08 KB.
2018-11-13 00:03:35,696 55197  INFO  [071a88] Finished processing user request with id = 071a8846-e496-4807-b84e-7d152c562489 in 00:00:00.0351253.
2018-11-13 00:03:35,706 55207  INFO  [e6f80a] Doing some complicated stuff.. Random numbers are: 421182868, 1547879489, 1436193421.
2018-11-13 00:03:35,709 55210  INFO  [e79e97] Started processing user request. Id = e79e97ce-b30f-4ae4-ae98-b24550842e0b. Size = 2.4 KB.
2018-11-13 00:03:35,711 55212  INFO  [e6f80a] Here's some useful guids:
		5065d180-8a1b-4d71-9e29-2f03b3260094
		f7189447-f6d1-4358-b91b-5cfa6e4e056c
		036e5a84-dee8-4642-a5b0-e872edacd789
2018-11-13 00:03:35,713 55214  INFO  [e79e97] Doing some complicated stuff.. Random numbers are: 749470646, 1402739162, 1162625885.
2018-11-13 00:03:35,718 55219  INFO  [020360] Started processing user request. Id = 02036087-366c-4748-ab61-8312448f1fc7. Size = 434 B.
2018-11-13 00:03:35,732 55233  INFO  [e6f80a] Finished processing user request with id = e6f80a86-1bf7-472a-a1d3-ada0ea9c0e6e in 00:00:00.0398410.
2018-11-13 00:03:35,733 55234  INFO  [020360] Doing some complicated stuff.. Random numbers are: 606163219, 225537864, 1170487737.
2018-11-13 00:03:35,738 55239  INFO  [e79e97] Here's some useful guids:
		6ea5318f-1311-4543-8724-6357e7d96275
2018-11-13 00:03:35,742 55243  INFO  [e79e97] Finished processing user request with id = e79e97ce-b30f-4ae4-ae98-b24550842e0b in 00:00:00.0326984.
2018-11-13 00:03:35,749 55250  INFO  [Metrics] Cpu: 1.09%; Memory: 19.79 GB/31.88 GB; Workers: 4/1024; IOCP: 0/1024
2018-11-13 00:03:35,755 55256  INFO  [020360] Here's some useful guids:
		95fe0e88-7e58-46e2-885e-47f47efde4bd
		3570f942-a135-4551-be1d-23116f0ea757
		ceb43e05-9eca-499c-8c7f-bccbcc72e2e7
		17116cfe-2e0c-4189-91b7-b5fcba0b7ca6
2018-11-13 00:03:35,755 55256  INFO  [5fe7e2] Started processing user request. Id = 5fe7e264-bafe-456b-8fc4-93df5df26879. Size = 94.69 KB.
2018-11-13 00:03:35,759 55260  INFO  [5fe7e2] Doing some complicated stuff.. Random numbers are: 1184592438, 374406922, 875957168.
2018-11-13 00:03:35,779 55280  INFO  [5fe7e2] Finished processing user request with id = 5fe7e264-bafe-456b-8fc4-93df5df26879 in 00:00:00.0235458.
2018-11-13 00:03:35,785 55286  INFO  [020360] Finished processing user request with id = 02036087-366c-4748-ab61-8312448f1fc7 in 00:00:00.0671208.
2018-11-13 00:03:35,792 55293  INFO  [75bf46] Started processing user request. Id = 75bf466b-1feb-4e82-a2a6-80e59a40288b. Size = 5.41 KB.
2018-11-13 00:03:35,795 55296  INFO  [75bf46] Doing some complicated stuff.. Random numbers are: 1868823486, 2097551300, 56440162.
2018-11-13 00:03:35,807 55308  INFO  [BackgroundDaemon] Starting iteration #15577.
2018-11-13 00:03:35,816 55317  INFO  [69ecef] Started processing user request. Id = 69ecef45-9c35-420e-b89b-9bfb8c5d5d5b. Size = 12.55 KB.
2018-11-13 00:03:35,823 55324  INFO  [75bf46] Finished processing user request with id = 75bf466b-1feb-4e82-a2a6-80e59a40288b in 00:00:00.0308969.
2018-11-13 00:03:35,829 55330  INFO  [69ecef] Doing some complicated stuff.. Random numbers are: 685418216, 712969788, 449439466.
2018-11-13 00:03:35,837 55338  INFO  [c0c5c9] Started processing user request. Id = c0c5c904-fa21-4c06-858a-56696629fd66. Size = 97.06 KB.
2018-11-13 00:03:35,848 55349  INFO  [69ecef] Finished processing user request with id = 69ecef45-9c35-420e-b89b-9bfb8c5d5d5b in 00:00:00.0317957.
2018-11-13 00:03:35,850 55351  INFO  [c0c5c9] Doing some complicated stuff.. Random numbers are: 1936641455, 1007082725, 1466344690.
2018-11-13 00:03:35,862 55363  INFO  [BackgroundDaemon] Processing data (19% completed)..
2018-11-13 00:03:35,879 55380  INFO  [5d4150] Started processing user request. Id = 5d41507d-bab1-4758-8ae8-84ad56dd336d. Size = 58.17 KB.
2018-11-13 00:03:35,886 55387  INFO  [5d4150] Doing some complicated stuff.. Random numbers are: 1140498667, 2025217443, 1396662596.
2018-11-13 00:03:35,886 55387  INFO  [c0c5c9] Here's some useful guids:
		f5541450-be86-4bf8-8398-aa355f0cf2a5
2018-11-13 00:03:35,900 55401  INFO  [8cc0d1] Started processing user request. Id = 8cc0d19d-e055-4e1b-aaca-4224d2de38fb. Size = 33.61 KB.
2018-11-13 00:03:35,900 55401  INFO  [8cc0d1] Doing some complicated stuff.. Random numbers are: 339979155, 2118429740, 1353700983.
2018-11-13 00:03:35,910 55411  INFO  [c0c5c9] Finished processing user request with id = c0c5c904-fa21-4c06-858a-56696629fd66 in 00:00:00.0731673.
2018-11-13 00:03:35,918 55419  INFO  [5d4150] Here's some useful guids:
		de9d3772-7b53-471a-bae7-42b71d2d2174
2018-11-13 00:03:35,922 55423  INFO  [BackgroundDaemon] Processing data (41% completed)..
2018-11-13 00:03:35,924 55425  INFO  [5554fc] Started processing user request. Id = 5554fc73-202f-46e7-99dc-32c894c10bbc. Size = 80.95 KB.
2018-11-13 00:03:35,934 55435  INFO  [5554fc] Doing some complicated stuff.. Random numbers are: 1107556212, 28802728, 806607680.
2018-11-13 00:03:35,935 55436  INFO  [8cc0d1] Finished processing user request with id = 8cc0d19d-e055-4e1b-aaca-4224d2de38fb in 00:00:00.0351021.
2018-11-13 00:03:35,943 55444  INFO  [5554fc] Here's some useful guids:
		23c87580-dd79-4d8b-8da9-88a56a601243
		aa290ad8-e75a-423d-92c8-797daf00c881
		93cd2966-b4a7-486c-bf45-93833e2fdc74
		d9039938-ec90-4781-9f41-ae2973447b2b
2018-11-13 00:03:35,944 55445  INFO  [5d4150] Finished processing user request with id = 5d41507d-bab1-4758-8ae8-84ad56dd336d in 00:00:00.0652938.
2018-11-13 00:03:35,960 55461  INFO  [5554fc] Finished processing user request with id = 5554fc73-202f-46e7-99dc-32c894c10bbc in 00:00:00.0359024.
2018-11-13 00:03:35,973 55474  INFO  [9fe849] Started processing user request. Id = 9fe849b2-453a-49f4-96d2-255ec1f7d83c. Size = 84.89 KB.
2018-11-13 00:03:35,975 55476  INFO  [07642e] Started processing user request. Id = 07642eb6-fee0-4d40-8cc2-5fbb2ed1da5b. Size = 77.36 KB.
2018-11-13 00:03:35,977 55478  INFO  [9fe849] Doing some complicated stuff.. Random numbers are: 215187470, 74946747, 965428435.
2018-11-13 00:03:35,977 55478  INFO  [07642e] Doing some complicated stuff.. Random numbers are: 410973208, 1012946984, 490787742.
2018-11-13 00:03:35,980 55481  INFO  [9fe849] Here's some useful guids:
		fb27a59d-c39d-4f8b-9a85-739766a52b05
2018-11-13 00:03:35,986 55487  INFO  [9fe849] Finished processing user request with id = 9fe849b2-453a-49f4-96d2-255ec1f7d83c in 00:00:00.0126378.
2018-11-13 00:03:35,999 55500  INFO  [353f89] Started processing user request. Id = 353f895f-48d9-4d95-bfc4-cd8cce8d1cd8. Size = 17.46 KB.
2018-11-13 00:03:36,003 55504  INFO  [BackgroundDaemon] Processing data (71% completed)..
2018-11-13 00:03:36,003 55504  INFO  [BackgroundDaemon] Finished iteration in 00:00:00.1959590.
2018-11-13 00:03:36,012 55513  INFO  [07642e] Here's some useful guids:
		e9f3a982-a63c-41cb-923d-1a5085e7af5f
		5180b288-a3c7-4aa5-af96-a7cb8c897758
		bba2824d-29e2-4ac2-9dde-4b3c1ba80ab4
		7730b25c-c518-475b-b40d-b4b580991e14
		e8a9910e-ae6e-4a15-8c2c-a15f4b2057af
2018-11-13 00:03:36,013 55514  INFO  [353f89] Doing some complicated stuff.. Random numbers are: 682999921, 1892819411, 414634949.
2018-11-13 00:03:36,018 55519  ERROR [07642e] 
System.InvalidOperationException: Oh no! An error occurred!
2018-11-13 00:03:36,046 55547  INFO  [353f89] Finished processing user request with id = 353f895f-48d9-4d95-bfc4-cd8cce8d1cd8 in 00:00:00.0471004.
2018-11-13 00:03:36,050 55551  INFO  [c39586] Started processing user request. Id = c39586ec-8602-4c70-8e25-c492ff3dfbc6. Size = 49.13 KB.
2018-11-13 00:03:36,053 55554  INFO  [c39586] Doing some complicated stuff.. Random numbers are: 1538976930, 744051226, 475238903.
2018-11-13 00:03:36,060 55561  INFO  [9e3d8c] Started processing user request. Id = 9e3d8c5c-e9e1-4872-8c1c-f38c5159c6c6. Size = 66.01 KB.
2018-11-13 00:03:36,079 55580  INFO  [9e3d8c] Doing some complicated stuff.. Random numbers are: 779042644, 756431084, 74895487.
2018-11-13 00:03:36,080 55581  INFO  [c39586] Finished processing user request with id = c39586ec-8602-4c70-8e25-c492ff3dfbc6 in 00:00:00.0300996.
2018-11-13 00:03:36,103 55604  INFO  [ce0fb7] Started processing user request. Id = ce0fb7ae-b3cd-4793-9cbb-5c2cf73dfe98. Size = 81.08 KB.
2018-11-13 00:03:36,112 55613  INFO  [f4e6bd] Started processing user request. Id = f4e6bdd0-2729-4d12-9e57-886b5b9e3b1a. Size = 93.78 KB.
2018-11-13 00:03:36,118 55619  INFO  [f4e6bd] Doing some complicated stuff.. Random numbers are: 441553399, 434768600, 1013672865.
2018-11-13 00:03:36,118 55619  INFO  [ce0fb7] Doing some complicated stuff.. Random numbers are: 1460428230, 1641209425, 1873421486.
2018-11-13 00:03:36,120 55621  INFO  [9e3d8c] Finished processing user request with id = 9e3d8c5c-e9e1-4872-8c1c-f38c5159c6c6 in 00:00:00.0602500.
2018-11-13 00:03:36,134 55635  INFO  [89aabb] Started processing user request. Id = 89aabbd4-d75d-4f13-88c5-fd9eb46e7908. Size = 48.54 KB.
2018-11-13 00:02:40,574 76     INFO  Configured ThreadPool: 1024/32767 workers, 1024/32767 IOCP (min/max).
2018-11-13 00:02:41,315 816    INFO  [BackgroundDaemon] Starting iteration #15434.
2018-11-13 00:02:41,330 831    INFO  [0de1db] Started processing user request. Id = 0de1dbfb-fddb-40b5-b34b-7a7beb43a33f. Size = 2.83 KB.
2018-11-13 00:02:41,344 845    INFO  [0de1db] Doing some complicated stuff.. Random numbers are: 1192743271, 187325574, 168764164.
2018-11-13 00:02:41,345 846    INFO  [3a61cc] Started processing user request. Id = 3a61cc3f-2ee9-4738-8283-efc073235ec8. Size = 67.46 KB.
2018-11-13 00:02:41,354 855    INFO  [3a61cc] Doing some complicated stuff.. Random numbers are: 905206199, 2002603058, 533352593.
2018-11-13 00:02:41,373 875    INFO  [0de1db] Finished processing user request with id = 0de1dbfb-fddb-40b5-b34b-7a7beb43a33f in 00:00:00.0442952.
2018-11-13 00:02:41,383 884    INFO  [BackgroundDaemon] Processing data (10% completed)..
2018-11-13 00:02:41,387 888    INFO  [dfad50] Started processing user request. Id = dfad50dd-17ad-4ad3-b75b-c992ee1f1f1a. Size = 37.68 KB.
2018-11-13 00:02:41,394 895    INFO  [dfad50] Doing some complicated stuff.. Random numbers are: 551704423, 1141562255, 1240276331.
2018-11-13 00:02:41,399 900    INFO  [3a61cc] Finished processing user request with id = 3a61cc3f-2ee9-4738-8283-efc073235ec8 in 00:00:00.0536137.
2018-11-13 00:02:41,431 932    INFO  [8c2d7d] Started processing user request. Id = 8c2d7d0d-ea36-45a2-b915-b9b188139594. Size = 73.61 KB.
2018-11-13 00:02:41,435 936    INFO  [8c2d7d] Doing some complicated stuff.. Random numbers are: 1068253945, 1648598399, 436946751.
2018-11-13 00:02:41,442 943    INFO  [dfad50] Finished processing user request with id = dfad50dd-17ad-4ad3-b75b-c992ee1f1f1a in 00:00:00.0550134.
2018-11-13 00:02:41,455 956    INFO  [8afb16] Started processing user request. Id = 8afb16cb-d7e1-41ba-be7b-9b3b1e09416a. Size = 96.65 KB.
2018-11-13 00:02:41,455 956    INFO  [8c2d7d] Here's some useful guids:
		81d80c1e-cfdb-49e2-a820-1e157929dd9c
		600e50f4-c902-4d75-9f09-d48c8d0191b8
		a07133b8-f3bb-4334-9cae-e03594918b2f
2018-11-13 00:02:41,459 960    INFO  [BackgroundDaemon] Processing data (44% completed)..
2018-11-13 00:02:41,470 971    ERROR [8c2d7d] 
System.InvalidOperationException: Oh no! An error occurred!
2018-11-13 00:02:41,475 976    INFO  [8afb16] Doing some complicated stuff.. Random numbers are: 144508255, 619263569, 1986743925.
2018-11-13 00:02:41,477 978    INFO  [8afb16] Here's some useful guids:
		59eb3535-733c-4c2f-8c02-7512aa3403b1
2018-11-13 00:02:41,482 983    INFO  [67a720] Started processing user request. Id = 67a72089-2433-401d-aae0-adb523097bef. Size = 25.52 KB.
2018-11-13 00:02:41,488 989    INFO  [BackgroundDaemon] Processing data (99% completed)..
2018-11-13 00:02:41,488 989    INFO  [BackgroundDaemon] Finished iteration in 00:00:00.1730056.
2018-11-13 00:02:41,492 993    INFO  [67a720] Doing some complicated stuff.. Random numbers are: 1892550345, 1683140927, 1353309937.
2018-11-13 00:02:41,501 1002   INFO  [8afb16] Finished processing user request with id = 8afb16cb-d7e1-41ba-be7b-9b3b1e09416a in 00:00:00.0460318.
2018-11-13 00:02:41,502 1003   INFO  [93580a] Started processing user request. Id = 93580ad6-f731-4b4a-b982-b4521c7a6db9. Size = 69.13 KB.
2018-11-13 00:02:41,510 1011   INFO  [67a720] Finished processing user request with id = 67a72089-2433-401d-aae0-adb523097bef in 00:00:00.0280422.
2018-11-13 00:02:41,511 1012   INFO  [93580a] Doing some complicated stuff.. Random numbers are: 847659412, 734317104, 2132796648.
2018-11-13 00:02:41,514 1015   INFO  [2ac4d3] Started processing user request. Id = 2ac4d3e3-e1e9-40a9-bfca-cfd040e52f38. Size = 2.23 KB.
2018-11-13 00:02:41,531 1032   INFO  [2ac4d3] Doing some complicated stuff.. Random numbers are: 1661059604, 549381546, 347645918.
2018-11-13 00:02:41,534 1035   INFO  [93580a] Here's some useful guids:
		bdb25db8-30aa-422d-8247-607ac7d45dfb
		abf7f39c-eb1e-41d4-8e66-d4a434ba9eb6
		6f6e03ef-4390-42ad-aa0f-259519b24a24
		581d712b-cfce-4882-ad04-c0cea132d30b
2018-11-13 00:02:41,534 1035   ERROR [93580a] 
System.InvalidOperationException: Oh no! An error occurred!
2018-11-13 00:02:41,545 1046   INFO  [2ac4d3] Here's some useful guids:
		fcd28d2d-211e-4d77-8478-044df054b4c7
		19858eb6-dab9-4ae5-a77a-9d8774a695ba
		8e4074ad-9950-433e-bd47-31873d468816
2018-11-13 00:02:41,560 1061   INFO  [2ac4d3] Finished processing user request with id = 2ac4d3e3-e1e9-40a9-bfca-cfd040e52f38 in 00:00:00.0460154.
2018-11-13 00:02:41,566 1067   INFO  [8dc4ff] Started processing user request. Id = 8dc4ff05-ace0-47f6-855b-c9a8ba89cf06. Size = 43.42 KB.
2018-11-13 00:02:41,566 1067   INFO  [8dc4ff] Doing some complicated stuff.. Random numbers are: 1241757517, 318571875, 377873704.
2018-11-13 00:02:41,574 1075   INFO  [11aa9a] Started processing user request. Id = 11aa9a3e-2a7c-4dac-9131-1373cf3f5f2d. Size = 52.73 KB.
2018-11-13 00:02:41,592 1093   INFO  [11aa9a] Doing some complicated stuff.. Random numbers are: 867663203, 919388163, 238468725.
2018-11-13 00:02:41,602 1103   INFO  [8dc4ff] Finished processing user request with id = 8dc4ff05-ace0-47f6-855b-c9a8ba89cf06 in 00:00:00.0360241.
2018-11-13 00:02:41,629 1130   INFO  [11aa9a] Finished processing user request with id = 11aa9a3e-2a7c-4dac-9131-1373cf3f5f2d in 00:00:00.0550595.
2018-11-13 00:02:41,634 1135   INFO  [525ea1] Started processing user request. Id = 525ea1ac-62f2-464b-9b3d-66cc700535ef. Size = 6.52 KB.
2018-11-13 00:02:41,640 1141   INFO  [525ea1] Doing some complicated stuff.. Random numbers are: 72634101, 664348069, 478494213.
2018-11-13 00:02:41,643 1144   INFO  [52478b] Started processing user request. Id = 52478b29-1768-4a49-9317-10747d088027. Size = 8.92 KB.
2018-11-13 00:02:41,643 1144   INFO  [52478b] Doing some complicated stuff.. Random numbers are: 1523123631, 1352281388, 737303244.
2018-11-13 00:02:41,664 1165   INFO  [525ea1] Finished processing user request with id = 525ea1ac-62f2-464b-9b3d-66cc700535ef in 00:00:00.0293474.
2018-11-13 00:02:41,673 1174   INFO  [52478b] Here's some useful guids:
		2257372a-b3c3-4abc-8a21-86da4f982e14
		b065ad79-dce0-44c5-be35-2a5b105f7422
		86291fd0-8432-493d-8270-c30d7e0bd0a5
2018-11-13 00:02:41,678 1179   INFO  [1a4d04] Started processing user request. Id = 1a4d0431-e04b-4f6f-a99e-4dccbe2595ef. Size = 49.03 KB.
2018-11-13 00:02:41,689 1190   INFO  [BackgroundDaemon] Starting iteration #15435.
2018-11-13 00:02:41,692 1193   INFO  [1a4d04] Doing some complicated stuff.. Random numbers are: 1726866082, 587659955, 707947631.
2018-11-13 00:02:41,696 1197   INFO  [1c6ed5] Started processing user request. Id = 1c6ed5ef-b755-400a-99d0-4c02e6572c50. Size = 14.54 KB.
2018-11-13 00:02:41,696 1197   INFO  [52478b] Finished processing user request with id = 52478b29-1768-4a49-9317-10747d088027 in 00:00:00.0531091.
2018-11-13 00:02:41,703 1204   INFO  [1c6ed5] Doing some complicated stuff.. Random numbers are: 343976292, 1887861836, 1207081766.
2018-11-13 00:02:41,708 1209   INFO  [1c6ed5] Here's some useful guids:
		234e0c17-5094-4133-892a-9234fff587da
		5e43b8cf-5b4a-4b73-a632-713e0dfbbe76
		4e92d14e-68e5-4fda-bb7b-71b72dc9a19d
2018-11-13 00:02:41,710 1211   INFO  [422891] Started processing user request. Id = 4228912a-84cc-4532-9394-35e3cf6d2ac9. Size = 51.38 KB.
2018-11-13 00:02:41,711 1212   INFO  [1a4d04] Finished processing user request with id = 1a4d0431-e04b-4f6f-a99e-4dccbe2595ef in 00:00:00.0331250.
2018-11-13 00:02:41,717 1218   INFO  [1c6ed5] Finished processing user request with id = 1c6ed5ef-b755-400a-99d0-4c02e6572c50 in 00:00:00.0210493.
2018-11-13 00:02:41,729 1230   INFO  [422891] Doing some complicated stuff.. Random numbers are: 84033091, 1043419786, 1285148037.
2018-11-13 00:02:41,749 1250   INFO  [0caae7] Started processing user request. Id = 0caae795-01a1-4698-866d-73948e887fa9. Size = 42.04 KB.
2018-11-13 00:02:41,752 1253   INFO  [422891] Here's some useful guids:
		fbd60a7b-82cc-4af2-96a9-aa378fdf75b5
		9cfd1a61-cd36-4857-8ee6-e7c9e996a207
		dda4e852-09c1-4ed1-8238-bd8113772f2a
		43d279a8-4536-4995-b6bc-bb0e3acd67ed
2018-11-13 00:02:41,755 1256   INFO  [422891] Finished processing user request with id = 4228912a-84cc-4532-9394-35e3cf6d2ac9 in 00:00:00.0450048.
2018-11-13 00:02:41,757 1258   INFO  [0caae7] Doing some complicated stuff.. Random numbers are: 361740629, 437102729, 1614347010.
2018-11-13 00:02:41,769 1270   INFO  [c7c087] Started processing user request. Id = c7c087a7-c56e-4f8d-8dad-316f767f3bc7. Size = 17.87 KB.
2018-11-13 00:02:41,773 1274   INFO  [c7c087] Doing some complicated stuff.. Random numbers are: 712568204, 510638642, 1548766112.
2018-11-13 00:02:41,774 1275   INFO  [0caae7] Here's some useful guids:
		15383536-f355-47f3-ae91-d34c7f83b13c
		0ade5b88-8936-42cf-9bae-988875a73da7
		18232f37-c358-4881-b63e-93c161dff0f0
		d5632ef6-128d-4260-8a78-941d2022f221
2018-11-13 00:02:41,783 1284   INFO  [c7c087] Here's some useful guids:
		7bdf4771-159a-42f1-b167-d91c808e3bc3
		84b21d3d-817f-4dec-9920-0cbaa690f796
		af7355fa-04b6-4c7e-a3c4-7d2a386c18cd
2018-11-13 00:02:41,784 1285   INFO  [BackgroundDaemon] Processing data (6% completed)..
2018-11-13 00:02:41,792 1293   INFO  [0caae7] Finished processing user request with id = 0caae795-01a1-4698-866d-73948e887fa9 in 00:00:00.0430588.
2018-11-13 00:02:41,802 1303   INFO  [c7c087] Finished processing user request with id = c7c087a7-c56e-4f8d-8dad-316f767f3bc7 in 00:00:00.0330737.
2018-11-13 00:02:41,814 1315   INFO  [BackgroundDaemon] Processing data (31% completed)..
2018-11-13 00:02:41,814 1315   INFO  [Metrics] Cpu: 12.06%; Memory: 19.77 GB/31.88 GB; Workers: 4/1024; IOCP: 0/1024
2018-11-13 00:02:41,816 1317   INFO  [4763c8] Started processing user request. Id = 4763c820-5960-4026-9f25-fd822722c7ff. Size = 35.85 KB.
2018-11-13 00:02:41,824 1325   INFO  [4763c8] Doing some complicated stuff.. Random numbers are: 1553438552, 881690657, 1466977054.
2018-11-13 00:02:41,824 1325   INFO  [37c225] Started processing user request. Id = 37c225a9-0ec0-4f6d-9065-41e52f2a26d7. Size = 58.07 KB.
2018-11-13 00:02:41,835 1336   INFO  [4763c8] Here's some useful guids:
		2a563afc-7585-4d26-b33d-bbdfa9230dcf
2018-11-13 00:02:41,843 1344   INFO  [37c225] Doing some complicated stuff.. Random numbers are: 1545517822, 761037209, 1112344460.
2018-11-13 00:02:41,847 1348   INFO  [4763c8] Finished processing user request with id = 4763c820-5960-4026-9f25-fd822722c7ff in 00:00:00.0310735.
2018-11-13 00:02:41,861 1362   INFO  [087c8c] Started processing user request. Id = 087c8ccd-35a6-4e0c-b8a6-af054fa93f25. Size = 80.27 KB.
2018-11-13 00:02:41,878 1379   INFO  [920131] Started processing user request. Id = 920131ab-c292-4096-bbb0-dcada1c52f29. Size = 40.46 KB.
2018-11-13 00:02:41,880 1381   INFO  [087c8c] Doing some complicated stuff.. Random numbers are: 1441502547, 1642253012, 2046589822.
2018-11-13 00:02:41,881 1382   INFO  [BackgroundDaemon] Processing data (70% completed)..
2018-11-13 00:02:41,881 1382   INFO  [BackgroundDaemon] Finished iteration in 00:00:00.1922562.
2018-11-13 00:02:41,882 1383   INFO  [37c225] Finished processing user request with id = 37c225a9-0ec0-4f6d-9065-41e52f2a26d7 in 00:00:00.0581175.
2018-11-13 00:02:41,888 1389   INFO  [920131] Doing some complicated stuff.. Random numbers are: 1602554245, 417781613, 1097735602.
2018-11-13 00:02:41,903 1404   INFO  [920131] Here's some useful guids:
		d3afbe6a-31d4-468c-a00b-37937e93cf50
		91e3a71b-1530-4acd-aca1-7b1d0cfdfdbe
2018-11-13 00:02:41,908 1409   ERROR [920131] 
System.InvalidOperationException: Oh no! An error occurred!
2018-11-13 00:02:41,911 1412   INFO  [087c8c] Here's some useful guids:
		6fdd7f05-d227-4ffc-bb2e-77044f8e41d2
		cd3c8e14-8153-499f-97e4-3bae7668ffae
2018-11-13 00:02:41,914 1415   INFO  [ec887d] Started processing user request. Id = ec887d2a-d045-4aef-b9ab-e225d043e74a. Size = 16.87 KB.
2018-11-13 00:02:41,917 1418   INFO  [ec887d] Doing some complicated stuff.. Random numbers are: 39234871, 176856184, 1202822380.
2018-11-13 00:02:41,936 1437   INFO  [087c8c] Finished processing user request with id = 087c8ccd-35a6-4e0c-b8a6-af054fa93f25 in 00:00:00.0750417.
2018-11-13 00:02:41,950 1451   INFO  [c9c9d5] Started processing user request. Id = c9c9d5ba-df4c-4944-acd0-463551b86bf5. Size = 66.66 KB.
2018-11-13 00:02:41,960 1461   INFO  [ec887d] Finished processing user request with id = ec887d2a-d045-4aef-b9ab-e225d043e74a in 00:00:00.0460526.
2018-11-13 00:02:41,969 1470   INFO  [c9c9d5] Doing some complicated stuff.. Random numbers are: 1169967698, 743424431, 959442899.
2018-11-13 00:02:41,992 1493   INFO  [ed704d] Started processing user request. Id = ed704de1-6d56-4d10-a616-1844a1546216. Size = 44.06 KB.
2018-11-13 00:02:42,002 1503   INFO  [ed704d] Doing some complicated stuff.. Random numbers are: 181316487, 1612489619, 2113918368.
2018-11-13 00:02:42,022 1523   ERROR [c9c9d5] 
System.InvalidOperationException: Oh no! An error occurred!
2018-11-13 00:02:42,028 1529   INFO  [ed704d] Here's some useful guids:
		1adbdf91-eb6b-447c-a461-ad1b7bcb2b7e
		dc8a2f51-7304-44c0-8f6a-e6b81c0c1334
		c60b7213-0e37-49e5-bba1-e3849bd8ba98
		ecb73410-000f-4557-9969-575690c184b5
2018-11-13 00:02:42,036 1537   INFO  [8af469] Started processing user request. Id = 8af469d1-d504-40f0-b008-c950c02335c3. Size = 10.33 KB.
2018-11-13 00:02:42,049 1550   INFO  [8af469] Doing some complicated stuff.. Random numbers are: 1697805638, 1729846814, 1209281469.
2018-11-13 00:02:42,054 1555   INFO  [ed704d] Finished processing user request with id = ed704de1-6d56-4d10-a616-1844a1546216 in 00:00:00.0620575.
2018-11-13 00:02:42,066 1567   INFO  [8af469] Here's some useful guids:
		997154de-ceaf-4b98-86ef-8f392c9665de
2018-11-13 00:02:42,075 1576   INFO  [85f6df] Started processing user request. Id = 85f6dfe0-8e62-4f30-8ed1-a77a486456f3. Size = 86.24 KB.
2018-11-13 00:02:42,081 1582   INFO  [BackgroundDaemon] Starting iteration #15436.
2018-11-13 00:02:42,085 1586   INFO  [8af469] Finished processing user request with id = 8af469d1-d504-40f0-b008-c950c02335c3 in 00:00:00.0489857.
2018-11-13 00:02:42,086 1587   INFO  [49c1b3] Started processing user request. Id = 49c1b315-ebcf-4ab9-b018-938872d64a25. Size = 27.68 KB.
2018-11-13 00:02:42,093 1594   INFO  [85f6df] Doing some complicated stuff.. Random numbers are: 2018211915, 926462330, 1121315673.
2018-11-13 00:02:42,099 1600   INFO  [fdac36] Started processing user request. Id = fdac369b-29cb-4aa2-a966-3dcf4c065e25. Size = 33.19 KB.
2018-11-13 00:02:42,105 1606   INFO  [49c1b3] Doing some complicated stuff.. Random numbers are: 1994049979, 1011338285, 840595965.
2018-11-13 00:02:42,105 1606   INFO  [fdac36] Doing some complicated stuff.. Random numbers are: 541285601, 387076862, 1293583015.
2018-11-13 00:02:42,114 1615   INFO  [85f6df] Finished processing user request with id = 85f6dfe0-8e62-4f30-8ed1-a77a486456f3 in 00:00:00.0390234.
2018-11-13 00:02:42,117 1618   INFO  [49c1b3] Finished processing user request with id = 49c1b315-ebcf-4ab9-b018-938872d64a25 in 00:00:00.0309793.
2018-11-13 00:02:42,117 1618   INFO  [fdac36] Here's some useful guids:
		706af298-71fd-4177-97a3-46e177ca13ce
		d4f7fdd9-e652-4ce2-b539-909dc905d800
		8c8f99da-f61e-47be-8a9a-1b978371d257
2018-11-13 00:02:42,134 1635   INFO  [fdac36] Finished processing user request with id = fdac369b-29cb-4aa2-a966-3dcf4c065e25 in 00:00:00.0351438.
2018-11-13 00:02:42,148 1649   INFO  [b9681e] Started processing user request. Id = b9681ef3-5e9e-4e3d-b8e2-b7343881659a. Size = 94.1 KB.
2018-11-13 00:02:42,148 1649   INFO  [ff3135] Started processing user request. Id = ff31359b-36e9-4e14-8ee1-ac74df0e7f5f. Size = 79.08 KB.
2018-11-13 00:02:42,156 1657   INFO  [ff3135] Doing some complicated stuff.. Random numbers are: 287407630, 837484211, 844817711.
2018-11-13 00:02:42,163 1664   INFO  [b9681e] Doing some complicated stuff.. Random numbers are: 1588613582, 1605825944, 1682171326.
2018-11-13 00:02:42,164 1665   INFO  [BackgroundDaemon] Processing data (0% completed)..
2018-11-13 00:02:42,166 1667   INFO  [ff3135] Here's some useful guids:
		824183d0-ad75-4d39-a27f-0a727d9cc0ff
		af667ad6-2c8b-45d8-9d9c-8a3f9d2ae865
		eb26db6e-2634-40f2-b8a7-65012fa5312c
		b108089f-6eb9-4312-aa3e-bc1b4e7a86ff
		f917d521-df22-4fb1-8b84-70c4708ec62c
2018-11-13 00:02:42,179 1680   INFO  [ff3135] Finished processing user request with id = ff31359b-36e9-4e14-8ee1-ac74df0e7f5f in 00:00:00.0310342.
2018-11-13 00:02:42,183 1684   INFO  [b9681e] Here's some useful guids:
		8a0ed187-2651-4fb1-86d8-cb801f6b5ea2
		39fcf79c-d180-40c4-951e-319528abb83b
		a1edbeb1-4c1c-4ab1-80ed-3162d1a568d4
		2b99b1f9-bb04-44e5-908f-4f6a45ce8237
		ca61e88d-380f-4460-801c-1540592c5abd
2018-11-13 00:02:42,194 1695   ERROR [b9681e] 
System.InvalidOperationException: Oh no! An error occurred!
2018-11-13 00:02:42,208 1709   INFO  [b680ca] Started processing user request. Id = b680ca6c-8a31-4bab-a7a9-97a42c335321. Size = 74.4 KB.
2018-11-13 00:02:42,210 1711   INFO  [BackgroundDaemon] Processing data (32% completed)..
2018-11-13 00:02:42,211 1712   INFO  [637c52] Started processing user request. Id = 637c525f-2087-4bf8-b9da-f8277bf06806. Size = 59.71 KB.
2018-11-13 00:02:42,219 1720   INFO  [b680ca] Doing some complicated stuff.. Random numbers are: 1808086861, 582490850, 697823122.
2018-11-13 00:02:42,226 1727   INFO  [637c52] Doing some complicated stuff.. Random numbers are: 175688508, 1252544076, 1569802968.
2018-11-13 00:02:42,238 1739   INFO  [637c52] Here's some useful guids:
		9037659e-4018-4ce2-81d4-225e1a03657c
		13957db7-4d48-4b87-b5cd-405d8b37e6d4
2018-11-13 00:02:42,253 1754   INFO  [b680ca] Here's some useful guids:
		1bfdda23-9140-496f-b5bf-13f276a5b8d8
2018-11-13 00:02:42,257 1758   INFO  [b680ca] Finished processing user request with id = b680ca6c-8a31-4bab-a7a9-97a42c335321 in 00:00:00.0490502.
2018-11-13 00:02:42,263 1764   ERROR [637c52] 
System.InvalidOperationException: Oh no! An error occurred!
2018-11-13 00:02:42,270 1771   INFO  [7e523c] Started processing user request. Id = 7e523c1d-5392-43ae-bb5b-060008b3bda8. Size = 81.04 KB.
2018-11-13 00:02:42,281 1782   INFO  [c700e7] Started processing user request. Id = c700e7af-ef18-4750-92da-7e30c327a752. Size = 51.3 KB.
2018-11-13 00:02:42,282 1783   INFO  [7e523c] Doing some complicated stuff.. Random numbers are: 1867490484, 1238693823, 1003822385.
2018-11-13 00:02:42,294 1795   INFO  [6fc613] Started processing user request. Id = 6fc61305-b9aa-46c6-85f7-6e0c3daf3bd3. Size = 8.86 KB.
2018-11-13 00:02:42,300 1801   INFO  [c700e7] Doing some complicated stuff.. Random numbers are: 1703876826, 1456320097, 1062324683.
2018-11-13 00:02:42,300 1801   INFO  [BackgroundDaemon] Processing data (61% completed)..
2018-11-13 00:02:42,300 1801   INFO  [BackgroundDaemon] Finished iteration in 00:00:00.2191254.
2018-11-13 00:02:42,306 1807   INFO  [7e523c] Here's some useful guids:
		3eae9e34-20f3-4a5f-9be4-6a4634bdc8cf
		7b1bc407-78fa-44a9-aaef-a1d22bb908aa
		fef2d502-f4e2-4372-a639-93cdc8e28d5f
		bf9521fa-5716-4631-845d-03f5fa958276
2018-11-13 00:02:42,311 1812   INFO  [Metrics] Cpu: 12.06%; Memory: 19.77 GB/31.88 GB; Workers: 4/1024; IOCP: 0/1024
2018-11-13 00:02:42,311 1812   INFO  [c700e7] Here's some useful guids:
		deff5340-1601-4bcb-895c-460b0b7780ad
		7f4531d3-789a-4fda-8ed0-4111bfddfb0a
		52c4aed4-b8b6-4302-b31b-8377bb7d892e
2018-11-13 00:02:42,314 1815   INFO  [6fc613] Doing some complicated stuff.. Random numbers are: 1922454857, 1138709819, 1373396051.
2018-11-13 00:02:42,315 1816   ERROR [c700e7] 
System.InvalidOperationException: Oh no! An error occurred!
2018-11-13 00:02:42,329 1830   INFO  [6fc613] Here's some useful guids:
		47e1aebf-a24e-406e-a868-a2d37dcc9b72
		2fab9a14-6bd5-4bb5-9b96-4ef49551c60b
2018-11-13 00:02:42,334 1835   INFO  [7e523c] Finished processing user request with id = 7e523c1d-5392-43ae-bb5b-060008b3bda8 in 00:00:00.0642381.
2018-11-13 00:02:42,348 1849   INFO  [6fc613] Finished processing user request with id = 6fc61305-b9aa-46c6-85f7-6e0c3daf3bd3 in 00:00:00.0542407.
2018-11-13 00:02:42,348 1849   INFO  [0da28b] Started processing user request. Id = 0da28bb8-95d3-4a18-b395-b1dfafb7bcb4. Size = 16.63 KB.
2018-11-13 00:02:42,357 1858   INFO  [0da28b] Doing some complicated stuff.. Random numbers are: 318187356, 400952522, 2039404547.
2018-11-13 00:02:42,374 1875   INFO  [0da28b] Finished processing user request with id = 0da28bb8-95d3-4a18-b395-b1dfafb7bcb4 in 00:00:00.0260000.
2018-11-13 00:02:42,380 1881   INFO  [8c4a96] Started processing user request. Id = 8c4a9638-2a7f-47ac-bba8-80094479459c. Size = 94.32 KB.
2018-11-13 00:02:42,388 1890   INFO  [fdcd6f] Started processing user request. Id = fdcd6f26-6ecf-47b5-a2ae-3d6e3f6eeaba. Size = 6.38 KB.
2018-11-13 00:02:42,393 1894   INFO  [8c4a96] Doing some complicated stuff.. Random numbers are: 504871775, 111702888, 32420193.
2018-11-13 00:02:42,402 1903   INFO  [8c4a96] Here's some useful guids:
		f0252de6-8b6f-4ec8-b932-901463e207d2
2018-11-13 00:02:42,408 1909   INFO  [fdcd6f] Doing some complicated stuff.. Random numbers are: 592427354, 1765402354, 1427578323.
2018-11-13 00:02:42,423 1924   ERROR [fdcd6f] 
System.InvalidOperationException: Oh no! An error occurred!
2018-11-13 00:02:42,423 1924   INFO  [8c4a96] Finished processing user request with id = 8c4a9638-2a7f-47ac-bba8-80094479459c in 00:00:00.0428014.
2018-11-13 00:02:42,437 1938   INFO  [90cd09] Started processing user request. Id = 90cd09e0-9074-49d1-80f0-1e459d51b724. Size = 83.94 KB.
2018-11-13 00:02:42,453 1954   INFO  [90cd09] Doing some complicated stuff.. Random numbers are: 536414862, 382415961, 829941140.
2018-11-13 00:02:42,454 1955   INFO  [fae0d7] Started processing user request. Id = fae0d730-cd4b-4451-a18a-741b6e55ddfb. Size = 84.76 KB.
2018-11-13 00:02:42,462 1963   INFO  [90cd09] Here's some useful guids:
		dba75d4c-1c78-4f5b-9bf9-68da9f158d27
		835c96fe-7d6c-4add-b432-c35db55549f5
2018-11-13 00:02:42,468 1969   INFO  [fae0d7] Doing some complicated stuff.. Random numbers are: 2030626620, 698685614, 622046068.
2018-11-13 00:02:42,481 1982   INFO  [fae0d7] Here's some useful guids:
		ae59a838-a0c5-4eae-8633-82189f04db82
		7b910aa3-76a7-47f4-8cf9-fff486eb3948
2018-11-13 00:02:42,482 1983   INFO  [be5e5b] Started processing user request. Id = be5e5b43-2bb1-4173-8e17-998c51c9594b. Size = 69.67 KB.
2018-11-13 00:02:42,487 1988   INFO  [fae0d7] Finished processing user request with id = fae0d730-cd4b-4451-a18a-741b6e55ddfb in 00:00:00.0329860.
2018-11-13 00:02:42,489 1990   INFO  [90cd09] Finished processing user request with id = 90cd09e0-9074-49d1-80f0-1e459d51b724 in 00:00:00.0520129.
2018-11-13 00:02:42,496 1997   INFO  [be5e5b] Doing some complicated stuff.. Random numbers are: 1862460222, 957089509, 604908566.
2018-11-13 00:02:42,500 2001   INFO  [BackgroundDaemon] Starting iteration #15437.
2018-11-13 00:02:42,503 2004   INFO  [26fa0d] Started processing user request. Id = 26fa0d72-67d7-4b30-9cee-7ebc16c7a323. Size = 27.51 KB.
2018-11-13 00:02:42,507 2008   INFO  [26fa0d] Doing some complicated stuff.. Random numbers are: 152242802, 1388871997, 1952013534.
2018-11-13 00:02:42,509 2010   INFO  [be5e5b] Here's some useful guids:
		f8639bdf-e7ac-4869-8c92-06608c25cfa8
		2daf23b6-1b86-447d-87d8-be96e821f1d9
		1c27e32c-b0de-438a-96e1-e86eb5e45a65
		63565c85-1507-4423-ad3b-73dfc44d454b
		dc49aa07-b59a-474e-9203-780e88bd4282
2018-11-13 00:02:42,511 2012   ERROR [be5e5b] 
System.InvalidOperationException: Oh no! An error occurred!
2018-11-13 00:02:42,519 2020   INFO  [88d4f5] Started processing user request. Id = 88d4f512-84f9-4d39-ae6d-0b9b078348cd. Size = 27.98 KB.
2018-11-13 00:02:42,522 2023   INFO  [BackgroundDaemon] Processing data (3% completed)..
2018-11-13 00:02:42,529 2030   INFO  [26fa0d] Finished processing user request with id = 26fa0d72-67d7-4b30-9cee-7ebc16c7a323 in 00:00:00.0260334.
2018-11-13 00:02:42,537 2038   INFO  [88d4f5] Doing some complicated stuff.. Random numbers are: 187313460, 600507503, 1133006648.
2018-11-13 00:02:42,543 2044   INFO  [0b18e3] Started processing user request. Id = 0b18e3d5-44ba-4a2c-b124-bffefa3785f6. Size = 64.31 KB.
2018-11-13 00:02:42,550 2051   INFO  [0b18e3] Doing some complicated stuff.. Random numbers are: 2060910619, 2002059999, 2114164779.
2018-11-13 00:02:42,554 2055   INFO  [0b18e3] Here's some useful guids:
		7968b483-cd24-4a30-bca0-0fc2328c54e6
		503d8230-61f5-4e6d-8441-9214a280f759
2018-11-13 00:02:42,570 2071   INFO  [88d4f5] Here's some useful guids:
		4ffca87f-4f8c-4c8e-b1a1-8b1ca694dc99
		60d5133f-67dc-4942-833c-c71badf720bb
		7769aa54-f896-4b67-a423-4358b8b78543
		86bc96fa-84d5-43fe-a804-f804a8ea77a3
2018-11-13 00:02:42,571 2072   INFO  [0b18e3] Finished processing user request with id = 0b18e3d5-44ba-4a2c-b124-bffefa3785f6 in 00:00:00.0279947.
2018-11-13 00:02:42,585 2086   INFO  [0cf7b3] Started processing user request. Id = 0cf7b39d-f16f-4e27-bb09-9a20fe125c3c. Size = 20.1 KB.
2018-11-13 00:02:42,585 2086   INFO  [BackgroundDaemon] Processing data (23% completed)..
2018-11-13 00:02:42,593 2094   INFO  [88d4f5] Finished processing user request with id = 88d4f512-84f9-4d39-ae6d-0b9b078348cd in 00:00:00.0733277.
2018-11-13 00:02:42,595 2096   INFO  [0cf7b3] Doing some complicated stuff.. Random numbers are: 1448115018, 386784180, 958580293.
2018-11-13 00:02:42,624 2125   INFO  [661313] Started processing user request. Id = 66131390-03a7-4062-a210-fb7416f54ba3. Size = 96.15 KB.
2018-11-13 00:02:42,632 2133   INFO  [0cf7b3] Here's some useful guids:
		4bdc3ce9-167b-4b26-9efc-c78ac39d2a5f
		f2ddd4f5-32a7-4bf0-80cd-da5de0cced5c
		c667061d-c49c-488e-b8d4-29221b11d410
		5fbf527d-7dfe-49e1-a3c3-da9d5a0b43da
		ce37b21f-47d6-4810-a9a2-cbe807b161b0
2018-11-13 00:02:42,642 2143   INFO  [661313] Doing some complicated stuff.. Random numbers are: 622319421, 1682019421, 722352436.
2018-11-13 00:02:42,653 2154   INFO  [BackgroundDaemon] Processing data (94% completed)..
2018-11-13 00:02:42,653 2154   INFO  [BackgroundDaemon] Finished iteration in 00:00:00.1524764.
2018-11-13 00:02:42,662 2163   INFO  [0cf7b3] Finished processing user request with id = 0cf7b39d-f16f-4e27-bb09-9a20fe125c3c in 00:00:00.0769191.
2018-11-13 00:02:42,675 2176   INFO  [fda933] Started processing user request. Id = fda933f3-98a9-4e7b-9dc7-7fec20600d6b. Size = 92.56 KB.
2018-11-13 00:02:42,678 2180   INFO  [ce25ad] Started processing user request. Id = ce25add3-63e3-4b85-b592-6e0e0caed3d8. Size = 50.04 KB.
2018-11-13 00:02:42,681 2182   INFO  [661313] Finished processing user request with id = 66131390-03a7-4062-a210-fb7416f54ba3 in 00:00:00.0572318.
2018-11-13 00:02:42,689 2191   INFO  [fda933] Doing some complicated stuff.. Random numbers are: 1189565432, 1062865899, 1600495617.
2018-11-13 00:02:42,691 2192   INFO  [ce25ad] Doing some complicated stuff.. Random numbers are: 508759926, 54235085, 1583202028.
2018-11-13 00:02:42,709 2210   INFO  [ce25ad] Here's some useful guids:
		0c360851-ea2f-4b3e-9959-dc297500d66a
		4a1c53eb-cab4-4174-a6cc-85e53a0553b4
		109c2187-47f2-4047-83e3-4b3312682cf7
2018-11-13 00:02:42,713 2214   INFO  [9ba9a7] Started processing user request. Id = 9ba9a7d4-46c1-465a-a1e3-b1d9c844bc27. Size = 51.9 KB.
2018-11-13 00:02:42,717 2218   INFO  [ce25ad] Finished processing user request with id = ce25add3-63e3-4b85-b592-6e0e0caed3d8 in 00:00:00.0385425.
2018-11-13 00:02:42,732 2234   INFO  [9ba9a7] Doing some complicated stuff.. Random numbers are: 41423709, 1231866807, 729610879.
2018-11-13 00:02:42,736 2238   INFO  [9ba9a7] Here's some useful guids:
		7df32aec-94af-498c-a117-25906eab6013
2018-11-13 00:02:42,749 2251   INFO  [fda933] Finished processing user request with id = fda933f3-98a9-4e7b-9dc7-7fec20600d6b in 00:00:00.0745294.
2018-11-13 00:02:42,755 2256   INFO  [9ba9a7] Finished processing user request with id = 9ba9a7d4-46c1-465a-a1e3-b1d9c844bc27 in 00:00:00.0415410.
2018-11-13 00:02:42,764 2265   INFO  [9bbae1] Started processing user request. Id = 9bbae1f0-0d21-4cea-8c94-cadb6af13cc0. Size = 36.01 KB.
2018-11-13 00:02:42,775 2276   INFO  [9bbae1] Doing some complicated stuff.. Random numbers are: 1869206485, 1539985604, 850909309.
2018-11-13 00:02:42,787 2288   INFO  [1abec9] Started processing user request. Id = 1abec93e-203f-4e1d-9ca2-205f6f7b1655. Size = 30.88 KB.
2018-11-13 00:02:42,791 2292   INFO  [1abec9] Doing some complicated stuff.. Random numbers are: 2036140599, 98351856, 1031184274.
2018-11-13 00:02:42,804 2305   INFO  [1abec9] Here's some useful guids:
		79010ead-55fc-43df-aaa6-0c530bd29a1b
		b662a138-7df6-4040-8d53-7d1427910443
		1abdd248-5123-4fec-8a99-014b15509e8b
2018-11-13 00:02:42,811 2312   INFO  [Metrics] Cpu: 15.47%; Memory: 19.77 GB/31.88 GB; Workers: 4/1024; IOCP: 0/1024
2018-11-13 00:02:42,831 2332   INFO  [9bbae1] Finished processing user request with id = 9bbae1f0-0d21-4cea-8c94-cadb6af13cc0 in 00:00:00.0674325.
2018-11-13 00:02:42,833 2334   INFO  [1abec9] Finished processing user request with id = 1abec93e-203f-4e1d-9ca2-205f6f7b1655 in 00:00:00.0464233.
2018-11-13 00:02:42,845 2346   INFO  [779562] Started processing user request. Id = 77956216-e320-44a9-b97d-331e88522571. Size = 26.04 KB.
2018-11-13 00:02:42,848 2349   INFO  [779562] Doing some complicated stuff.. Random numbers are: 737383685, 1782342144, 1952431319.
2018-11-13 00:02:42,853 2354   INFO  [BackgroundDaemon] Starting iteration #15438.
2018-11-13 00:02:42,865 2366   INFO  [3d94b2] Started processing user request. Id = 3d94b2f4-0409-462a-9cab-92140838470f. Size = 20.42 KB.
2018-11-13 00:02:42,880 2381   INFO  [3d94b2] Doing some complicated stuff.. Random numbers are: 1527979828, 722940786, 1473315298.
2018-11-13 00:02:42,885 2386   INFO  [86eafb] Started processing user request. Id = 86eafbf5-f8f7-4308-b8c4-e5b7c0efa945. Size = 93.18 KB.
2018-11-13 00:02:42,894 2395   INFO  [779562] Finished processing user request with id = 77956216-e320-44a9-b97d-331e88522571 in 00:00:00.0490206.
2018-11-13 00:02:42,896 2397   INFO  [86eafb] Doing some complicated stuff.. Random numbers are: 1797284850, 1725436117, 2104519016.
2018-11-13 00:02:42,908 2409   INFO  [a4efb1] Started processing user request. Id = a4efb163-d2c4-4566-97f1-9c878ed27fb2. Size = 624 B.
2018-11-13 00:02:42,913 2414   INFO  [3d94b2] Finished processing user request with id = 3d94b2f4-0409-462a-9cab-92140838470f in 00:00:00.0480282.
2018-11-13 00:02:42,921 2422   INFO  [a4efb1] Doing some complicated stuff.. Random numbers are: 1573830743, 1564220138, 1049731497.
2018-11-13 00:02:42,929 2430   INFO  [86eafb] Finished processing user request with id = 86eafbf5-f8f7-4308-b8c4-e5b7c0efa945 in 00:00:00.0440656.
2018-11-13 00:02:42,938 2439   INFO  [BackgroundDaemon] Processing data (3% completed)..
2018-11-13 00:02:42,944 2445   INFO  [299811] Started processing user request. Id = 2998112b-e6a2-4b51-a9bc-013178bff3c3. Size = 97.06 KB.
2018-11-13 00:02:42,951 2452   INFO  [299811] Doing some complicated stuff.. Random numbers are: 1746473880, 366096610, 1618744052.
2018-11-13 00:02:42,953 2454   INFO  [a4efb1] Here's some useful guids:
		63623f25-ede8-487f-86f3-8bc65961cf17
		0d117b8e-e63f-470a-91fe-9cf2058cd1df
		ad7181f5-d55b-4bfb-8b1a-360d0717fb1a
2018-11-13 00:02:42,978 2479   INFO  [299811] Here's some useful guids:
		45870a7b-6d4c-4273-b5dd-9308acb791c0
		eaee2f7e-49d0-45c1-b330-cd9751136074
2018-11-13 00:02:42,981 2482   INFO  [a4efb1] Finished processing user request with id = a4efb163-d2c4-4566-97f1-9c878ed27fb2 in 00:00:00.0731491.
2018-11-13 00:02:42,987 2488   INFO  [299811] Finished processing user request with id = 2998112b-e6a2-4b51-a9bc-013178bff3c3 in 00:00:00.0430201.
2018-11-13 00:02:42,995 2496   INFO  [e60492] Started processing user request. Id = e60492e3-c240-4aa5-9be4-bd801151f2b6. Size = 45.61 KB.
2018-11-13 00:02:42,998 2499   INFO  [e60492] Doing some complicated stuff.. Random numbers are: 476704997, 517922855, 105136634.
2018-11-13 00:02:43,000 2501   INFO  [e60492] Here's some useful guids:
		19667d97-5425-449d-be82-1e6f109af1a2
		f46beddd-23b4-4cd1-bc41-0c29233c3ede
2018-11-13 00:02:43,011 2512   INFO  [BackgroundDaemon] Processing data (28% completed)..
2018-11-13 00:02:43,011 2512   INFO  [e60492] Finished processing user request with id = e60492e3-c240-4aa5-9be4-bd801151f2b6 in 00:00:00.0160301.
2018-11-13 00:02:43,019 2520   INFO  [be0323] Started processing user request. Id = be032314-32f4-46bd-99ab-b7e88d061efe. Size = 19.74 KB.
2018-11-13 00:02:43,022 2523   INFO  [be0323] Doing some complicated stuff.. Random numbers are: 1619093885, 1924260570, 779517707.
2018-11-13 00:02:43,025 2526   INFO  [747374] Started processing user request. Id = 74737475-f5c7-459c-b01d-843a7c639f51. Size = 27.29 KB.
2018-11-13 00:02:43,034 2535   INFO  [747374] Doing some complicated stuff.. Random numbers are: 1690355492, 39214486, 753778461.
2018-11-13 00:02:43,038 2539   INFO  [BackgroundDaemon] Processing data (89% completed)..
2018-11-13 00:02:43,038 2539   INFO  [BackgroundDaemon] Finished iteration in 00:00:00.1852027.
2018-11-13 00:02:43,039 2540   INFO  [be0323] Finished processing user request with id = be032314-32f4-46bd-99ab-b7e88d061efe in 00:00:00.0200450.
2018-11-13 00:02:43,070 2572   INFO  [3d0d48] Started processing user request. Id = 3d0d48a2-b56e-4a59-b27f-ebbdf942b643. Size = 79.46 KB.
2018-11-13 00:02:43,079 2580   INFO  [747374] Finished processing user request with id = 74737475-f5c7-459c-b01d-843a7c639f51 in 00:00:00.0533876.
2018-11-13 00:02:43,080 2581   INFO  [3d0d48] Doing some complicated stuff.. Random numbers are: 498172637, 926651315, 1194370420.
2018-11-13 00:02:43,093 2594   INFO  [a1d94c] Started processing user request. Id = a1d94cef-bd8b-4169-9510-2561f82c41a6. Size = 80.33 KB.
2018-11-13 00:02:43,097 2598   INFO  [b78875] Started processing user request. Id = b78875dd-a18a-49bb-8775-74c28f0881d9. Size = 91.96 KB.
2018-11-13 00:02:43,101 2602   INFO  [3d0d48] Here's some useful guids:
		bfe1bcab-f18c-4483-a929-aba2485717d0
		b2168f64-9361-41e1-901c-9c9b69fe1b31
		9e9e2aa7-f23f-4267-8580-044f4b44cb9d
		ce9f25c4-6009-4706-adf5-647af43cd1f9
2018-11-13 00:02:43,102 2603   INFO  [b78875] Doing some complicated stuff.. Random numbers are: 1860276492, 210911318, 908744905.
2018-11-13 00:02:43,109 2610   INFO  [3d0d48] Finished processing user request with id = 3d0d48a2-b56e-4a59-b27f-ebbdf942b643 in 00:00:00.0380783.
2018-11-13 00:02:43,111 2612   INFO  [a1d94c] Doing some complicated stuff.. Random numbers are: 1781247809, 245767290, 336087594.
2018-11-13 00:02:43,120 2621   INFO  [b78875] Here's some useful guids:
		eca2727f-3a64-4106-870d-6729891115a2
2018-11-13 00:02:43,133 2634   INFO  [b78875] Finished processing user request with id = b78875dd-a18a-49bb-8775-74c28f0881d9 in 00:00:00.0360077.
2018-11-13 00:02:43,141 2642   INFO  [bfaa8a] Started processing user request. Id = bfaa8afa-af47-4342-9561-451b84461fe5. Size = 87.11 KB.
2018-11-13 00:02:43,144 2645   INFO  [a1d94c] Here's some useful guids:
		3e8e9dbd-c143-480b-bfa2-620fbc28dafc
		c7beca1a-50b3-45cc-b9a9-b4cff69c9e40
		5e6bade0-1897-4c61-ba59-3115889c2667
		8d1b1f17-985a-4584-9bcc-94ea3574cd7c
2018-11-13 00:02:43,158 2659   INFO  [bfaa8a] Doing some complicated stuff.. Random numbers are: 198066759, 49664714, 1912969384.
2018-11-13 00:02:43,164 2665   INFO  [a1d94c] Finished processing user request with id = a1d94cef-bd8b-4169-9510-2561f82c41a6 in 00:00:00.0710544.
2018-11-13 00:02:43,178 2679   INFO  [3e1649] Started processing user request. Id = 3e164960-04e6-45cb-9539-9424b0d88653. Size = 6.62 KB.
2018-11-13 00:02:43,187 2688   INFO  [3e1649] Doing some complicated stuff.. Random numbers are: 2023841889, 1791147255, 1914703930.
2018-11-13 00:02:43,198 2699   INFO  [bfaa8a] Finished processing user request with id = bfaa8afa-af47-4342-9561-451b84461fe5 in 00:00:00.0570442.
2018-11-13 00:02:43,207 2708   INFO  [3e1649] Finished processing user request with id = 3e164960-04e6-45cb-9539-9424b0d88653 in 00:00:00.0290632.
2018-11-13 00:02:43,221 2722   INFO  [681fb5] Started processing user request. Id = 681fb595-b385-430e-a3d9-9eff90e58943. Size = 28.89 KB.
2018-11-13 00:02:43,230 2731   INFO  [a3bdd1] Started processing user request. Id = a3bdd1b8-6ba4-48a3-a5bf-237b71e04ed9. Size = 19.08 KB.
2018-11-13 00:02:43,237 2738   INFO  [681fb5] Doing some complicated stuff.. Random numbers are: 1559508242, 918419336, 710912414.
2018-11-13 00:02:43,238 2739   INFO  [a3bdd1] Doing some complicated stuff.. Random numbers are: 588834624, 163259642, 1763891205.
2018-11-13 00:02:43,239 2740   INFO  [BackgroundDaemon] Starting iteration #15439.
2018-11-13 00:02:43,270 2771   INFO  [681fb5] Here's some useful guids:
		493f9696-96d6-4bee-96cf-d9e056a9653b
		dbe35397-85da-4f8c-9373-e3f3ee8c6286
		a58dd2a3-49f4-4ee1-ac7f-370dceaeb264
2018-11-13 00:02:43,282 2783   INFO  [a3bdd1] Finished processing user request with id = a3bdd1b8-6ba4-48a3-a5bf-237b71e04ed9 in 00:00:00.0520425.
2018-11-13 00:02:43,292 2793   INFO  [BackgroundDaemon] Processing data (18% completed)..
2018-11-13 00:02:43,295 2796   INFO  [681fb5] Finished processing user request with id = 681fb595-b385-430e-a3d9-9eff90e58943 in 00:00:00.0740676.
2018-11-13 00:02:43,300 2801   INFO  [a4b8b9] Started processing user request. Id = a4b8b94c-56dd-4740-9b9b-3d33966b50e4. Size = 11.87 KB.
2018-11-13 00:02:43,304 2805   INFO  [a4b8b9] Doing some complicated stuff.. Random numbers are: 736512565, 1582505058, 660546672.
2018-11-13 00:02:43,309 2810   INFO  [4248d3] Started processing user request. Id = 4248d3a6-1b01-4cce-a699-2b7fc3fe4747. Size = 37.04 KB.
2018-11-13 00:02:43,311 2812   INFO  [Metrics] Cpu: 15.47%; Memory: 19.77 GB/31.88 GB; Workers: 4/1024; IOCP: 0/1024
2018-11-13 00:02:43,314 2815   INFO  [7c71ec] Started processing user request. Id = 7c71ec99-ce89-4f5c-b7bb-8e77ea8e86b2. Size = 82.46 KB.
2018-11-13 00:02:43,321 2822   INFO  [7c71ec] Doing some complicated stuff.. Random numbers are: 1934523752, 1866716529, 1052083726.
2018-11-13 00:02:43,328 2829   INFO  [4248d3] Doing some complicated stuff.. Random numbers are: 1959875998, 1252001056, 731678926.
2018-11-13 00:02:43,336 2837   INFO  [a4b8b9] Finished processing user request with id = a4b8b94c-56dd-4740-9b9b-3d33966b50e4 in 00:00:00.0360728.
2018-11-13 00:02:43,343 2844   INFO  [BackgroundDaemon] Processing data (46% completed)..
2018-11-13 00:02:43,350 2851   INFO  [7c71ec] Finished processing user request with id = 7c71ec99-ce89-4f5c-b7bb-8e77ea8e86b2 in 00:00:00.0360361.
2018-11-13 00:02:43,353 2854   INFO  [4248d3] Finished processing user request with id = 4248d3a6-1b01-4cce-a699-2b7fc3fe4747 in 00:00:00.0440119.
2018-11-13 00:02:43,367 2868   INFO  [e3a0d7] Started processing user request. Id = e3a0d767-2407-467f-8bfd-af5074f96143. Size = 6.43 KB.
2018-11-13 00:02:43,376 2877   INFO  [e3a0d7] Doing some complicated stuff.. Random numbers are: 1458861969, 918717864, 1169245748.
2018-11-13 00:02:43,379 2880   INFO  [BackgroundDaemon] Processing data (56% completed)..
2018-11-13 00:02:43,379 2880   INFO  [BackgroundDaemon] Finished iteration in 00:00:00.1401435.
2018-11-13 00:02:43,382 2883   INFO  [59f1cd] Started processing user request. Id = 59f1cdf1-f496-4ebe-a2f8-a7d6848a640c. Size = 86.55 KB.
2018-11-13 00:02:43,385 2886   INFO  [e3a0d7] Here's some useful guids:
		60be0319-9935-4303-90d7-15e1950861f3
		20133c33-6df7-4abd-8795-80e1bbcc8959
2018-11-13 00:02:43,388 2889   INFO  [59f1cd] Doing some complicated stuff.. Random numbers are: 1428290877, 845337188, 1881335755.
2018-11-13 00:02:43,396 2897   INFO  [e3a0d7] Finished processing user request with id = e3a0d767-2407-467f-8bfd-af5074f96143 in 00:00:00.0290407.
2018-11-13 00:02:43,409 2910   INFO  [ca3816] Started processing user request. Id = ca381677-8104-4d68-853c-f835078096a2. Size = 87.89 KB.
2018-11-13 00:02:43,421 2922   INFO  [ca3816] Doing some complicated stuff.. Random numbers are: 1521327908, 1096655065, 65501952.
2018-11-13 00:02:43,437 2938   ERROR [59f1cd] 
System.InvalidOperationException: Oh no! An error occurred!
2018-11-13 00:02:43,438 2939   INFO  [ca3816] Here's some useful guids:
		39a6ab14-2279-4b19-9f6a-1e818d879c6d
2018-11-13 00:02:43,453 2954   INFO  [ca3816] Finished processing user request with id = ca381677-8104-4d68-853c-f835078096a2 in 00:00:00.0439840.
2018-11-13 00:02:43,467 2968   INFO  [2feb34] Started processing user request. Id = 2feb3416-3085-45e7-930b-9c4900631fd9. Size = 29.3 KB.
2018-11-13 00:02:43,468 2969   INFO  [b891a9] Started processing user request. Id = b891a97f-9030-4e10-b340-fd510da1ca78. Size = 10.69 KB.
2018-11-13 00:02:43,470 2971   INFO  [b891a9] Doing some complicated stuff.. Random numbers are: 1853608148, 676824505, 935771972.
2018-11-13 00:02:43,484 2985   INFO  [2feb34] Doing some complicated stuff.. Random numbers are: 519529595, 1142967648, 1916875844.
2018-11-13 00:02:43,495 2996   INFO  [2feb34] Here's some useful guids:
		575710b9-5b47-4b7b-9901-3f5558aaaa40
2018-11-13 00:02:43,504 3005   INFO  [1865bb] Started processing user request. Id = 1865bb39-e3e2-444f-947f-62d0bd62e057. Size = 92.35 KB.
2018-11-13 00:02:43,504 3005   INFO  [1865bb] Doing some complicated stuff.. Random numbers are: 521009052, 1536504361, 567809075.
2018-11-13 00:02:43,521 3022   INFO  [2feb34] Finished processing user request with id = 2feb3416-3085-45e7-930b-9c4900631fd9 in 00:00:00.0538648.
2018-11-13 00:02:43,533 3034   INFO  [b891a9] Finished processing user request with id = b891a97f-9030-4e10-b340-fd510da1ca78 in 00:00:00.0648692.
2018-11-13 00:02:43,535 3036   INFO  [cf5f3d] Started processing user request. Id = cf5f3db4-7cf6-4350-962d-e9dd4ce944c5. Size = 71.15 KB.
2018-11-13 00:02:43,535 3036   INFO  [cf5f3d] Doing some complicated stuff.. Random numbers are: 1708468784, 1224137108, 2099894977.
2018-11-13 00:02:43,538 3039   INFO  [1865bb] Here's some useful guids:
		d998589a-8a6a-4726-bd7d-a892f6c37399
2018-11-13 00:02:43,564 3065   INFO  [1865bb] Finished processing user request with id = 1865bb39-e3e2-444f-947f-62d0bd62e057 in 00:00:00.0599986.
2018-11-13 00:02:43,565 3066   INFO  [cf5f3d] Finished processing user request with id = cf5f3db4-7cf6-4350-962d-e9dd4ce944c5 in 00:00:00.0299492.
2018-11-13 00:02:43,565 3066   INFO  [9c185a] Started processing user request. Id = 9c185a68-45e6-4262-afa4-36ce674cb827. Size = 52.55 KB.
2018-11-13 00:02:43,573 3074   INFO  [9c185a] Doing some complicated stuff.. Random numbers are: 881765079, 1361877159, 1722036262.
2018-11-13 00:02:43,579 3080   INFO  [300e3f] Started processing user request. Id = 300e3f31-efd6-44df-8f7d-81048e8476f6. Size = 22.16 KB.
2018-11-13 00:02:43,580 3081   INFO  [BackgroundDaemon] Starting iteration #15440.
2018-11-13 00:02:43,581 3082   INFO  [300e3f] Doing some complicated stuff.. Random numbers are: 932784255, 2130802659, 7177516.
2018-11-13 00:02:43,605 3107   ERROR [9c185a] 
System.InvalidOperationException: Oh no! An error occurred!
2018-11-13 00:02:43,618 3119   INFO  [300e3f] Here's some useful guids:
		d833aa65-ea15-4ffe-aada-8122a2283334
		f0ea4add-a5e3-4717-8188-5d511a1e1ea6
		604336cd-16f4-435c-b526-dabeb32aff43
		1e0271c6-a595-4c5e-ab42-8cdcbc9c4325
2018-11-13 00:02:43,631 3132   INFO  [300e3f] Finished processing user request with id = 300e3f31-efd6-44df-8f7d-81048e8476f6 in 00:00:00.0521774.
2018-11-13 00:02:43,637 3138   INFO  [830ffe] Started processing user request. Id = 830ffed1-8288-4e23-9a7e-85ef7eeaff39. Size = 76.73 KB.
2018-11-13 00:02:43,637 3138   INFO  [830ffe] Doing some complicated stuff.. Random numbers are: 705243491, 2013500532, 953559269.
2018-11-13 00:02:43,645 3146   INFO  [e1ebe3] Started processing user request. Id = e1ebe376-c202-4fff-9544-232e8757ca92. Size = 17.35 KB.
2018-11-13 00:02:43,645 3146   INFO  [e1ebe3] Doing some complicated stuff.. Random numbers are: 36017713, 852298112, 293945163.
2018-11-13 00:02:43,646 3147   INFO  [830ffe] Finished processing user request with id = 830ffed1-8288-4e23-9a7e-85ef7eeaff39 in 00:00:00.0089610.
2018-11-13 00:02:43,648 3149   INFO  [BackgroundDaemon] Processing data (9% completed)..
2018-11-13 00:02:43,676 3177   INFO  [e1ebe3] Here's some useful guids:
		04c9b5fa-e0f5-424b-a999-290f4e6a8b0d
2018-11-13 00:02:43,678 3179   INFO  [b703ff] Started processing user request. Id = b703ffb9-f822-4e0c-b180-9b5a2e6324eb. Size = 34.6 KB.
2018-11-13 00:02:43,681 3182   INFO  [e1ebe3] Finished processing user request with id = e1ebe376-c202-4fff-9544-232e8757ca92 in 00:00:00.0358411.
2018-11-13 00:02:43,695 3196   INFO  [b703ff] Doing some complicated stuff.. Random numbers are: 1075964521, 712144291, 1058506611.
2018-11-13 00:02:43,695 3196   INFO  [BackgroundDaemon] Processing data (34% completed)..
2018-11-13 00:02:43,695 3196   INFO  [cada82] Started processing user request. Id = cada8272-a42c-4104-8a34-8b7e271d3c6f. Size = 27.81 KB.
2018-11-13 00:02:43,698 3199   INFO  [cada82] Doing some complicated stuff.. Random numbers are: 240959756, 1140337128, 1576168151.
2018-11-13 00:02:43,731 3232   INFO  [0ca1cf] Started processing user request. Id = 0ca1cfc0-d545-44c4-9c6d-32d12effeff6. Size = 45.7 KB.
2018-11-13 00:02:43,733 3234   INFO  [0ca1cf] Doing some complicated stuff.. Random numbers are: 1485316389, 1172508451, 1566919079.
2018-11-13 00:02:43,733 3234   INFO  [b703ff] Finished processing user request with id = b703ffb9-f822-4e0c-b180-9b5a2e6324eb in 00:00:00.0550410.
2018-11-13 00:02:43,735 3236   INFO  [BackgroundDaemon] Processing data (69% completed)..
2018-11-13 00:02:43,735 3236   INFO  [BackgroundDaemon] Finished iteration in 00:00:00.1551007.
2018-11-13 00:02:43,756 3257   INFO  [cada82] Finished processing user request with id = cada8272-a42c-4104-8a34-8b7e271d3c6f in 00:00:00.0609356.
2018-11-13 00:02:43,759 3260   INFO  [0ca1cf] Finished processing user request with id = 0ca1cfc0-d545-44c4-9c6d-32d12effeff6 in 00:00:00.0279310.
2018-11-13 00:02:43,765 3266   INFO  [0b1387] Started processing user request. Id = 0b138751-3d13-49fd-ad52-f28c2c0c366e. Size = 58 KB.
2018-11-13 00:02:43,770 3271   INFO  [c5c3ab] Started processing user request. Id = c5c3ab45-981d-45db-9c01-feea8dbe8881. Size = 52.29 KB.
2018-11-13 00:02:43,776 3277   INFO  [0b1387] Doing some complicated stuff.. Random numbers are: 1960173796, 2075303964, 150605859.
2018-11-13 00:02:43,782 3283   INFO  [c5c3ab] Doing some complicated stuff.. Random numbers are: 1698917537, 2042358353, 1955433192.
2018-11-13 00:02:43,792 3293   INFO  [c5c3ab] Here's some useful guids:
		45bce711-2f40-404c-aa77-a2f22b1beeb5
		dfef8b7f-834f-404f-80df-cd50b9229fb5
		2d0af57b-0bee-4752-a916-31cff9c7c048
		062062c4-c346-429b-9f11-7376b8222fcb
		82ffca3e-6592-4ea3-8343-ec05d2a8d60b
2018-11-13 00:02:43,805 3306   INFO  [0b1387] Finished processing user request with id = 0b138751-3d13-49fd-ad52-f28c2c0c366e in 00:00:00.0400146.
2018-11-13 00:02:43,810 3311   INFO  [Metrics] Cpu: 11.03%; Memory: 19.78 GB/31.88 GB; Workers: 4/1024; IOCP: 0/1024
2018-11-13 00:02:43,818 3319   INFO  [c5c3ab] Finished processing user request with id = c5c3ab45-981d-45db-9c01-feea8dbe8881 in 00:00:00.0480350.
2018-11-13 00:02:43,832 3333   INFO  [6a881a] Started processing user request. Id = 6a881acd-b3b2-4a08-92b4-1a4b9a66ccbb. Size = 57.94 KB.
2018-11-13 00:02:43,837 3338   INFO  [9a6aa2] Started processing user request. Id = 9a6aa2bd-71cf-4611-857a-859ff37f9ca0. Size = 34 KB.
2018-11-13 00:02:43,842 3343   INFO  [9a6aa2] Doing some complicated stuff.. Random numbers are: 977550845, 1220563689, 1047037105.
2018-11-13 00:02:43,848 3349   INFO  [6a881a] Doing some complicated stuff.. Random numbers are: 1271605530, 1430565146, 585528209.
2018-11-13 00:02:43,878 3379   INFO  [9a6aa2] Here's some useful guids:
		5fed5347-1407-4be4-9bcd-1d167818d178
		c250700e-9226-47c0-866b-8e25b7130450
		95569d8a-5e88-4c0d-8c01-716b2bf10743
		bb5f7bea-da1a-487f-ab06-ddce9ffd6844
		3631b93d-53f3-4700-bdd7-7d493eb6dbf6
2018-11-13 00:02:43,890 3391   INFO  [9a6aa2] Finished processing user request with id = 9a6aa2bd-71cf-4611-857a-859ff37f9ca0 in 00:00:00.0530704.
2018-11-13 00:02:43,896 3397   INFO  [6a881a] Finished processing user request with id = 6a881acd-b3b2-4a08-92b4-1a4b9a66ccbb in 00:00:00.0640601.
2018-11-13 00:02:43,910 3411   INFO  [d87d53] Started processing user request. Id = d87d53ff-92b9-4a7d-8495-26bd64fa8c33. Size = 64.65 KB.
2018-11-13 00:02:43,922 3423   INFO  [0fdca9] Started processing user request. Id = 0fdca95a-ef84-4168-81ff-a79822e72c74. Size = 16.82 KB.
2018-11-13 00:02:43,926 3427   INFO  [d87d53] Doing some complicated stuff.. Random numbers are: 1591198689, 598613192, 1004974408.
2018-11-13 00:02:43,926 3427   INFO  [afd8aa] Started processing user request. Id = afd8aaeb-8955-4ba2-9203-0f388fcb30fb. Size = 79.86 KB.
2018-11-13 00:02:43,935 3436   INFO  [0fdca9] Doing some complicated stuff.. Random numbers are: 1488689432, 1055032628, 838292938.
2018-11-13 00:02:43,935 3436   INFO  [BackgroundDaemon] Starting iteration #15441.
2018-11-13 00:02:43,938 3439   INFO  [afd8aa] Doing some complicated stuff.. Random numbers are: 1021782412, 987554809, 1291833598.
2018-11-13 00:02:43,956 3457   INFO  [BackgroundDaemon] Processing data (11% completed)..
2018-11-13 00:02:43,963 3464   INFO  [0fdca9] Here's some useful guids:
		9358b1ab-2039-424a-8efe-28e493fa6487
2018-11-13 00:02:43,964 3465   ERROR [d87d53] 
System.InvalidOperationException: Oh no! An error occurred!
2018-11-13 00:02:43,975 3476   INFO  [afd8aa] Here's some useful guids:
		0316e5f8-9f13-4f1f-81a5-9a74585a1ed6
2018-11-13 00:02:43,977 3478   INFO  [BackgroundDaemon] Processing data (32% completed)..
2018-11-13 00:02:43,978 3479   INFO  [a05a37] Started processing user request. Id = a05a37b6-6949-43a6-a3cc-af8788e184f0. Size = 88.66 KB.
2018-11-13 00:02:43,984 3485   INFO  [a05a37] Doing some complicated stuff.. Random numbers are: 309104441, 149266176, 720220165.
2018-11-13 00:02:43,992 3493   INFO  [0fdca9] Finished processing user request with id = 0fdca95a-ef84-4168-81ff-a79822e72c74 in 00:00:00.0699222.
2018-11-13 00:02:43,994 3495   INFO  [afd8aa] Finished processing user request with id = afd8aaeb-8955-4ba2-9203-0f388fcb30fb in 00:00:00.0678853.
2018-11-13 00:02:44,014 3515   INFO  [a05a37] Finished processing user request with id = a05a37b6-6949-43a6-a3cc-af8788e184f0 in 00:00:00.0360646.
2018-11-13 00:02:44,023 3524   INFO  [bf9dbd] Started processing user request. Id = bf9dbd75-8359-414c-9442-500650690ea2. Size = 85.63 KB.
2018-11-13 00:02:44,027 3528   INFO  [BackgroundDaemon] Processing data (51% completed)..
2018-11-13 00:02:44,027 3528   INFO  [BackgroundDaemon] Finished iteration in 00:00:00.0920408.
2018-11-13 00:02:44,028 3529   INFO  [b4cd9b] Started processing user request. Id = b4cd9b93-0dda-42a8-970b-23f19fc80d84. Size = 7.02 KB.
2018-11-13 00:02:44,031 3532   INFO  [b4cd9b] Doing some complicated stuff.. Random numbers are: 324512520, 1508627465, 1953640824.
2018-11-13 00:02:44,043 3544   INFO  [bf9dbd] Doing some complicated stuff.. Random numbers are: 1644962014, 336181812, 1676601624.
2018-11-13 00:02:44,056 3557   INFO  [bf9dbd] Here's some useful guids:
		6f29fc1d-c08e-4b40-bdba-beeee98cc21b
2018-11-13 00:02:44,065 3566   INFO  [b4cd9b] Finished processing user request with id = b4cd9b93-0dda-42a8-970b-23f19fc80d84 in 00:00:00.0370493.
2018-11-13 00:02:44,079 3580   INFO  [7ba244] Started processing user request. Id = 7ba2441a-6e53-4a95-948a-c8daaf612326. Size = 67.84 KB.
2018-11-13 00:02:44,081 3582   ERROR [bf9dbd] 
System.InvalidOperationException: Oh no! An error occurred!
2018-11-13 00:02:44,088 3589   INFO  [7ba244] Doing some complicated stuff.. Random numbers are: 1802915194, 1841118096, 332427799.
2018-11-13 00:02:44,095 3596   INFO  [7ba244] Here's some useful guids:
		2e04d590-ad1f-42c7-9091-a6ea1fe16462
2018-11-13 00:02:44,106 3607   INFO  [7ba244] Finished processing user request with id = 7ba2441a-6e53-4a95-948a-c8daaf612326 in 00:00:00.0269656.
2018-11-13 00:02:44,113 3614   INFO  [672666] Started processing user request. Id = 672666a4-4955-4eda-95e3-49675c63e247. Size = 66.31 KB.
2018-11-13 00:02:44,118 3619   INFO  [672666] Doing some complicated stuff.. Random numbers are: 859754347, 1749132231, 1025396415.
2018-11-13 00:02:44,120 3621   INFO  [9ff675] Started processing user request. Id = 9ff6752f-2dcf-473f-b1be-ce421c2efa18. Size = 29.78 KB.
2018-11-13 00:02:44,127 3628   INFO  [9ff675] Doing some complicated stuff.. Random numbers are: 255818764, 26213500, 282563968.
2018-11-13 00:02:44,161 3663   INFO  [557360] Started processing user request. Id = 55736054-accc-4111-9a76-031b334a764d. Size = 51.95 KB.
2018-11-13 00:02:44,163 3665   INFO  [9ff675] Finished processing user request with id = 9ff6752f-2dcf-473f-b1be-ce421c2efa18 in 00:00:00.0438706.
2018-11-13 00:02:44,173 3674   INFO  [557360] Doing some complicated stuff.. Random numbers are: 35936209, 1064427944, 1826709746.
2018-11-13 00:02:44,174 3675   INFO  [672666] Finished processing user request with id = 672666a4-4955-4eda-95e3-49675c63e247 in 00:00:00.0608678.
2018-11-13 00:02:44,178 3679   INFO  [356f1c] Started processing user request. Id = 356f1c26-4ccc-40ce-b711-e9f347c886c0. Size = 51.12 KB.
2018-11-13 00:02:44,187 3688   INFO  [356f1c] Doing some complicated stuff.. Random numbers are: 132198914, 1663932600, 2088830999.
2018-11-13 00:02:44,206 3707   INFO  [709bdb] Started processing user request. Id = 709bdb59-b19c-48e3-80e4-df3be278a8e5. Size = 56.67 KB.
2018-11-13 00:02:44,208 3709   INFO  [557360] Here's some useful guids:
		b01e7b78-e1d3-4331-8b84-3f595629405f
		30c0282d-a825-4ea1-9b99-52c7d1f567d0
		7b6d7d76-553a-4f50-a288-50627736c3b9
		b95e0cac-a561-4661-8d4e-a5865d6c36cc
2018-11-13 00:02:44,213 3714   INFO  [709bdb] Doing some complicated stuff.. Random numbers are: 1485196398, 104768368, 574299625.
2018-11-13 00:02:44,217 3718   INFO  [356f1c] Finished processing user request with id = 356f1c26-4ccc-40ce-b711-e9f347c886c0 in 00:00:00.0390827.
2018-11-13 00:02:44,223 3724   INFO  [557360] Finished processing user request with id = 55736054-accc-4111-9a76-031b334a764d in 00:00:00.0610655.
2018-11-13 00:02:44,228 3729   INFO  [BackgroundDaemon] Starting iteration #15442.
2018-11-13 00:02:44,231 3732   INFO  [8897fc] Started processing user request. Id = 8897fc5c-c9d2-4e0c-ab30-1cd755d7bf78. Size = 93.84 KB.
2018-11-13 00:02:44,249 3750   INFO  [8897fc] Doing some complicated stuff.. Random numbers are: 731104504, 746786053, 1956908633.
2018-11-13 00:02:44,252 3753   INFO  [8897fc] Here's some useful guids:
		f7cf7321-8d98-48ab-8daf-c2ca6014d5a6
		f2abe4c2-d975-434f-b1d5-2c49ffac5070
		ee372d94-a2ff-4c46-8474-dabe5ae756b3
		f0fea98f-de5c-4d7c-b80a-81bde8477743
2018-11-13 00:02:44,256 3757   INFO  [8897fc] Finished processing user request with id = 8897fc5c-c9d2-4e0c-ab30-1cd755d7bf78 in 00:00:00.0249956.
2018-11-13 00:02:44,259 3760   INFO  [709bdb] Finished processing user request with id = 709bdb59-b19c-48e3-80e4-df3be278a8e5 in 00:00:00.0530745.
2018-11-13 00:02:44,270 3771   INFO  [811264] Started processing user request. Id = 8112646f-dad4-4e1d-b2d5-e59f74a48abc. Size = 10.16 KB.
2018-11-13 00:02:44,290 3791   INFO  [811264] Doing some complicated stuff.. Random numbers are: 1768357421, 434296485, 404284270.
2018-11-13 00:02:44,290 3791   INFO  [b784bf] Started processing user request. Id = b784bf89-ad52-4689-b065-f6ddcb9f72d8. Size = 51.27 KB.
2018-11-13 00:02:44,296 3797   ERROR [811264] 
System.InvalidOperationException: Oh no! An error occurred!
2018-11-13 00:02:44,296 3797   INFO  [b784bf] Doing some complicated stuff.. Random numbers are: 1339143352, 1323569013, 1603442494.
2018-11-13 00:02:44,310 3811   INFO  [Metrics] Cpu: 11.03%; Memory: 19.76 GB/31.88 GB; Workers: 4/1024; IOCP: 0/1024
2018-11-13 00:02:44,310 3811   INFO  [8b0e28] Started processing user request. Id = 8b0e28b1-a15b-40ad-9fec-e2f4b2c9c041. Size = 9.22 KB.
2018-11-13 00:02:44,310 3811   INFO  [8b0e28] Doing some complicated stuff.. Random numbers are: 472400414, 2037660121, 1766126590.
2018-11-13 00:02:44,319 3820   INFO  [BackgroundDaemon] Processing data (12% completed)..
2018-11-13 00:02:44,330 3831   INFO  [b784bf] Here's some useful guids:
		dd7b6e8e-abb4-4f95-9ae6-9b0b890aa009
		2669901e-1993-416c-b813-31feb17d5419
2018-11-13 00:02:44,344 3845   INFO  [8b0e28] Here's some useful guids:
		179b6204-e855-4fb6-ad40-b794d85d5ce7
		14a94597-110c-4650-8626-ddb8fa1da5a0
2018-11-13 00:02:44,345 3846   INFO  [b784bf] Finished processing user request with id = b784bf89-ad52-4689-b065-f6ddcb9f72d8 in 00:00:00.0550864.
2018-11-13 00:02:44,363 3864   INFO  [8b0e28] Finished processing user request with id = 8b0e28b1-a15b-40ad-9fec-e2f4b2c9c041 in 00:00:00.0530589.
2018-11-13 00:02:44,377 3878   INFO  [d019e0] Started processing user request. Id = d019e070-7115-4afc-a8f9-b73fd9218fda. Size = 85.08 KB.
2018-11-13 00:02:44,377 3878   INFO  [da806c] Started processing user request. Id = da806ccb-b986-40d4-89b1-281a9318677b. Size = 77.3 KB.
2018-11-13 00:02:44,381 3882   INFO  [da806c] Doing some complicated stuff.. Random numbers are: 1065449297, 54986090, 2117171359.
2018-11-13 00:02:44,387 3888   INFO  [BackgroundDaemon] Processing data (37% completed)..
2018-11-13 00:02:44,389 3890   INFO  [d019e0] Doing some complicated stuff.. Random numbers are: 1389718999, 1179308957, 1655424398.
2018-11-13 00:02:44,390 3891   INFO  [c82580] Started processing user request. Id = c82580e2-a1f7-460e-b2e7-da8a67b4cede. Size = 24.93 KB.
2018-11-13 00:02:44,397 3898   INFO  [d019e0] Here's some useful guids:
		39651ecd-84c1-49a7-8694-295f9d016277
		004ac639-8b3e-436e-ba3e-1a1642e5abf3
		6ec0ba59-397e-4a2c-a8ff-0b5f7684e5eb
2018-11-13 00:02:44,399 3900   INFO  [c82580] Doing some complicated stuff.. Random numbers are: 572408679, 868535924, 2034906523.
2018-11-13 00:02:44,426 3927   INFO  [d019e0] Finished processing user request with id = d019e070-7115-4afc-a8f9-b73fd9218fda in 00:00:00.0490358.
2018-11-13 00:02:44,428 3929   INFO  [da806c] Finished processing user request with id = da806ccb-b986-40d4-89b1-281a9318677b in 00:00:00.0510543.
2018-11-13 00:02:44,440 3941   INFO  [bfde8a] Started processing user request. Id = bfde8a84-f4d8-454f-ab26-8a173e7db893. Size = 5.59 KB.
2018-11-13 00:02:44,449 3950   INFO  [c82580] Finished processing user request with id = c82580e2-a1f7-460e-b2e7-da8a67b4cede in 00:00:00.0590564.
2018-11-13 00:02:44,450 3951   INFO  [BackgroundDaemon] Processing data (84% completed)..
2018-11-13 00:02:44,450 3951   INFO  [BackgroundDaemon] Finished iteration in 00:00:00.2222286.
2018-11-13 00:02:44,457 3958   INFO  [bfde8a] Doing some complicated stuff.. Random numbers are: 993880811, 795084304, 1964651672.
2018-11-13 00:02:44,460 3961   INFO  [1e45f3] Started processing user request. Id = 1e45f329-bd65-4689-8535-dfc58da24743. Size = 86.24 KB.
2018-11-13 00:02:44,460 3961   INFO  [1e45f3] Doing some complicated stuff.. Random numbers are: 1272687093, 1935099414, 1422345327.
2018-11-13 00:02:44,476 3977   INFO  [bfde8a] Here's some useful guids:
		8157bab1-f80a-469d-af3e-6f24a6a70fa3
		101ec60a-b704-46e8-bff6-a4d521e03230
		6f9cacce-6f51-4baa-b6f8-e71d01be8470
		f00e969a-bc9e-4715-b3ea-e1194bdd1f3e
2018-11-13 00:02:44,483 3984   INFO  [bfde8a] Finished processing user request with id = bfde8a84-f4d8-454f-ab26-8a173e7db893 in 00:00:00.0428577.
2018-11-13 00:02:44,489 3990   INFO  [1e45f3] Here's some useful guids:
		66a45aaf-974a-4003-a824-ea6ecf89652c
		5a93878f-2af8-45a7-8bbe-ce5815ad47aa
		6460cdb8-f13a-4d65-b675-207fc97aa881
		515bf886-2ebe-46b7-ad2e-4d731cf8cbbf
		227ed64d-a292-445c-a027-9870bbd282c6
2018-11-13 00:02:44,495 3996   ERROR [1e45f3] 
System.InvalidOperationException: Oh no! An error occurred!
2018-11-13 00:02:44,497 3998   INFO  [520ff7] Started processing user request. Id = 520ff770-b969-48bc-975f-7d15c107e215. Size = 66.28 KB.
2018-11-13 00:02:44,517 4018   INFO  [520ff7] Doing some complicated stuff.. Random numbers are: 484116714, 1192463306, 1090976954.
2018-11-13 00:02:44,527 4028   INFO  [a4ae87] Started processing user request. Id = a4ae87d2-e22f-4e13-858f-1b01146c998a. Size = 48.93 KB.
2018-11-13 00:02:44,541 4042   INFO  [a4ae87] Doing some complicated stuff.. Random numbers are: 243386125, 896508602, 845576825.
2018-11-13 00:02:44,565 4066   INFO  [520ff7] Finished processing user request with id = 520ff770-b969-48bc-975f-7d15c107e215 in 00:00:00.0679592.
2018-11-13 00:02:44,571 4072   INFO  [a4ae87] Finished processing user request with id = a4ae87d2-e22f-4e13-858f-1b01146c998a in 00:00:00.0439427.
2018-11-13 00:02:44,579 4080   INFO  [bb326a] Started processing user request. Id = bb326ae1-dd1f-4e0f-a718-7caf8c77e6bd. Size = 50.19 KB.
2018-11-13 00:02:44,597 4098   INFO  [bb326a] Doing some complicated stuff.. Random numbers are: 1551260518, 1240093121, 2143560937.
2018-11-13 00:02:44,603 4104   INFO  [fd4d66] Started processing user request. Id = fd4d6667-d6ba-4eae-9530-ab75667d4405. Size = 48.17 KB.
2018-11-13 00:02:44,607 4108   INFO  [bb326a] Here's some useful guids:
		b56820fd-2bea-4a45-9e67-fae7f4a5de02
		72565526-0eea-465e-8f9b-1c9cf99dd50c
		03f91bfc-cad0-49c6-9452-70102a03aad2
2018-11-13 00:02:44,615 4116   INFO  [fd4d66] Doing some complicated stuff.. Random numbers are: 712136024, 248611912, 678694670.
2018-11-13 00:02:44,616 4117   INFO  [0b6c49] Started processing user request. Id = 0b6c49f3-2726-4971-9134-187e25b64d3c. Size = 60.19 KB.
2018-11-13 00:02:44,620 4121   INFO  [bb326a] Finished processing user request with id = bb326ae1-dd1f-4e0f-a718-7caf8c77e6bd in 00:00:00.0410967.
2018-11-13 00:02:44,629 4130   INFO  [0b6c49] Doing some complicated stuff.. Random numbers are: 1272372874, 1332037104, 1078189552.
2018-11-13 00:02:44,634 4135   INFO  [d22fa1] Started processing user request. Id = d22fa1c2-727e-499e-b4fe-568609fcadf3. Size = 2.48 KB.
2018-11-13 00:02:44,639 4140   INFO  [fd4d66] Finished processing user request with id = fd4d6667-d6ba-4eae-9530-ab75667d4405 in 00:00:00.0360728.
2018-11-13 00:02:44,649 4150   INFO  [d22fa1] Doing some complicated stuff.. Random numbers are: 1391646958, 87806916, 1397286922.
2018-11-13 00:02:44,651 4152   INFO  [BackgroundDaemon] Starting iteration #15443.
2018-11-13 00:02:44,665 4166   INFO  [0b6c49] Here's some useful guids:
		fb7dd2c9-aed6-4441-8b93-1e27505bce54
		fb3dca44-2e06-4540-ac64-81128cf9e93e
		132ff119-d7ef-488b-9a7b-587cb791b1ed
2018-11-13 00:02:44,671 4172   INFO  [c3a97c] Started processing user request. Id = c3a97cc5-cb89-405f-8f05-7c84a9ab3853. Size = 27.31 KB.
2018-11-13 00:02:44,681 4182   INFO  [BackgroundDaemon] Processing data (9% completed)..
2018-11-13 00:02:44,682 4183   INFO  [0b6c49] Finished processing user request with id = 0b6c49f3-2726-4971-9134-187e25b64d3c in 00:00:00.0659000.
2018-11-13 00:02:44,685 4186   INFO  [d22fa1] Here's some useful guids:
		d67d9414-6b69-42dd-b253-4848fe99f3a0
		b3815c4c-8dcb-4ef1-bf21-72751a30e9a5
		d2bf8e6a-11a6-4a7f-adda-a16c61bd1154
2018-11-13 00:02:44,686 4187   INFO  [c3a97c] Doing some complicated stuff.. Random numbers are: 1331062678, 735130906, 1159956295.
2018-11-13 00:02:44,703 4204   INFO  [c3a97c] Here's some useful guids:
		5ee29fd8-9ac4-4f97-b65b-c48c5bf94118
2018-11-13 00:02:44,711 4212   INFO  [d22fa1] Finished processing user request with id = d22fa1c2-727e-499e-b4fe-568609fcadf3 in 00:00:00.0767426.
2018-11-13 00:02:44,725 4226   INFO  [ce1522] Started processing user request. Id = ce152245-1d1f-4366-95e7-c1c62e3a1e8f. Size = 34.13 KB.
2018-11-13 00:02:44,730 4231   INFO  [c3a97c] Finished processing user request with id = c3a97cc5-cb89-405f-8f05-7c84a9ab3853 in 00:00:00.0592365.
2018-11-13 00:02:44,739 4240   INFO  [ce1522] Doing some complicated stuff.. Random numbers are: 726782103, 240470054, 1624291008.
2018-11-13 00:02:44,762 4263   INFO  [a75d18] Started processing user request. Id = a75d18d5-d350-4e09-9264-fb3eff3d2dcc. Size = 94.34 KB.
2018-11-13 00:02:44,776 4277   INFO  [BackgroundDaemon] Processing data (44% completed)..
2018-11-13 00:02:44,779 4280   INFO  [a75d18] Doing some complicated stuff.. Random numbers are: 795923031, 2018659965, 648435033.
2018-11-13 00:02:44,789 4290   INFO  [ce1522] Finished processing user request with id = ce152245-1d1f-4366-95e7-c1c62e3a1e8f in 00:00:00.0642376.
2018-11-13 00:02:44,803 4304   INFO  [b3149a] Started processing user request. Id = b3149a5e-476d-42b0-a4d2-2a9aca02d068. Size = 4.04 KB.
2018-11-13 00:02:44,809 4310   INFO  [Metrics] Cpu: 12.03%; Memory: 19.76 GB/31.88 GB; Workers: 4/1024; IOCP: 0/1024
2018-11-13 00:02:44,810 4311   INFO  [b3149a] Doing some complicated stuff.. Random numbers are: 946531782, 1113476266, 2004446275.
2018-11-13 00:02:44,815 4316   INFO  [a75d18] Finished processing user request with id = a75d18d5-d350-4e09-9264-fb3eff3d2dcc in 00:00:00.0531120.
2018-11-13 00:02:44,838 4339   INFO  [b3149a] Finished processing user request with id = b3149a5e-476d-42b0-a4d2-2a9aca02d068 in 00:00:00.0350520.
2018-11-13 00:02:44,847 4348   INFO  [3c3d67] Started processing user request. Id = 3c3d6788-a010-4607-a936-809049e4488c. Size = 74.09 KB.
2018-11-13 00:02:44,850 4351   INFO  [3c3d67] Doing some complicated stuff.. Random numbers are: 1172359901, 959243173, 224136274.
2018-11-13 00:02:44,850 4351   INFO  [79ebe0] Started processing user request. Id = 79ebe0b2-645c-404f-8056-b38087f8425a. Size = 79.87 KB.
2018-11-13 00:02:44,852 4353   INFO  [2979bd] Started processing user request. Id = 2979bdd5-2661-45c9-b9e9-a042f4103b67. Size = 45.6 KB.
2018-11-13 00:02:44,853 4354   INFO  [79ebe0] Doing some complicated stuff.. Random numbers are: 1553546462, 889352879, 842337904.
2018-11-13 00:02:44,855 4356   INFO  [2979bd] Doing some complicated stuff.. Random numbers are: 941035311, 39273176, 1413661577.
2018-11-13 00:02:44,875 4376   INFO  [BackgroundDaemon] Processing data (98% completed)..
2018-11-13 00:02:44,875 4376   INFO  [BackgroundDaemon] Finished iteration in 00:00:00.2240191.
2018-11-13 00:02:44,880 4381   INFO  [79ebe0] Finished processing user request with id = 79ebe0b2-645c-404f-8056-b38087f8425a in 00:00:00.0301269.
2018-11-13 00:02:44,880 4381   INFO  [2979bd] Here's some useful guids:
		d40d88bc-1979-43e1-924c-432e7e92e74b
2018-11-13 00:02:44,880 4381   ERROR [2979bd] 
System.InvalidOperationException: Oh no! An error occurred!
2018-11-13 00:02:44,884 4385   INFO  [3c3d67] Here's some useful guids:
		2a705321-4846-4f73-a21f-f8454cf9ac7d
		57511ca0-922f-4705-b6bf-33f9cd7402e9
		a9c65256-b163-42e5-86e7-88f042e23dca
		0977a387-ae10-4a20-b7db-4766aaf58ff6
2018-11-13 00:02:44,893 4394   INFO  [57be34] Started processing user request. Id = 57be348a-4d9d-4e96-8ecb-60955fa90fac. Size = 56.41 KB.
2018-11-13 00:02:44,900 4401   INFO  [3c3d67] Finished processing user request with id = 3c3d6788-a010-4607-a936-809049e4488c in 00:00:00.0532278.
2018-11-13 00:02:44,907 4408   INFO  [57be34] Doing some complicated stuff.. Random numbers are: 470520660, 1930435358, 1903663279.
2018-11-13 00:02:44,932 4433   INFO  [766bf6] Started processing user request. Id = 766bf62e-8c7b-488b-afe6-05c785f60d0c. Size = 27.15 KB.
2018-11-13 00:02:44,941 4442   INFO  [766bf6] Doing some complicated stuff.. Random numbers are: 1429706565, 1250935177, 632941323.
2018-11-13 00:02:44,944 4445   INFO  [57be34] Here's some useful guids:
		962ba360-0fe4-45c0-9754-c6a52f033ad9
		a65e1ac8-594e-4692-a585-8b691f5ded1f
		718643d1-4c40-4719-8ee3-29f81ef7a310
		b235f8fd-dfd2-4405-b7e2-47f82b6f48ad
2018-11-13 00:02:44,961 4462   INFO  [57be34] Finished processing user request with id = 57be348a-4d9d-4e96-8ecb-60955fa90fac in 00:00:00.0677275.
2018-11-13 00:02:44,966 4467   INFO  [766bf6] Here's some useful guids:
		546f575a-6c89-4a3e-936e-01a0df651ac2
		cc9893f5-2065-4809-881a-96635c8ab9da
2018-11-13 00:02:44,971 4472   INFO  [766bf6] Finished processing user request with id = 766bf62e-8c7b-488b-afe6-05c785f60d0c in 00:00:00.0386847.
2018-11-13 00:02:44,975 4476   INFO  [8c1352] Started processing user request. Id = 8c135207-994a-43d1-a55b-0b6fe7c6eeeb. Size = 80.58 KB.
2018-11-13 00:02:44,975 4476   INFO  [8c1352] Doing some complicated stuff.. Random numbers are: 761720849, 285053111, 782715664.
2018-11-13 00:02:45,003 4504   INFO  [fb1bde] Started processing user request. Id = fb1bde2b-d504-4e5a-bf3a-929b92ff7e6a. Size = 68.13 KB.
2018-11-13 00:02:45,010 4511   INFO  [8c1352] Finished processing user request with id = 8c135207-994a-43d1-a55b-0b6fe7c6eeeb in 00:00:00.0350303.
2018-11-13 00:02:45,011 4512   INFO  [fb1bde] Doing some complicated stuff.. Random numbers are: 802818429, 1180916071, 352365991.
2018-11-13 00:02:45,024 4525   INFO  [67874f] Started processing user request. Id = 67874f68-4da3-4476-9221-2229db3e1790. Size = 70.14 KB.
2018-11-13 00:02:45,026 4527   INFO  [fb1bde] Here's some useful guids:
		507712f2-5df1-4ae7-8136-d0b03f4e5dcd
2018-11-13 00:02:45,036 4537   INFO  [67874f] Doing some complicated stuff.. Random numbers are: 245206713, 1204196731, 131667394.
2018-11-13 00:02:45,045 4546   INFO  [fb1bde] Finished processing user request with id = fb1bde2b-d504-4e5a-bf3a-929b92ff7e6a in 00:00:00.0420093.
2018-11-13 00:02:45,048 4549   INFO  [7384b4] Started processing user request. Id = 7384b446-ac3f-44c1-bb6e-fdd6ca18f205. Size = 82.54 KB.
2018-11-13 00:02:45,058 4559   INFO  [67874f] Finished processing user request with id = 67874f68-4da3-4476-9221-2229db3e1790 in 00:00:00.0340060.
2018-11-13 00:02:45,062 4563   INFO  [7384b4] Doing some complicated stuff.. Random numbers are: 1077012410, 932008330, 418044053.
2018-11-13 00:02:45,064 4565   INFO  [7384b4] Here's some useful guids:
		7a42225d-2ced-4dc8-902b-98e0c438c618
		6c5a11f5-e739-4c01-ade2-5fd27b59ae8b
		74951696-fc7b-4f6a-99ea-6048e42e8764
2018-11-13 00:02:45,072 4573   INFO  [08892e] Started processing user request. Id = 08892ecc-3c9c-4044-8f88-9dee0120b60c. Size = 7.48 KB.
2018-11-13 00:02:45,074 4575   INFO  [7384b4] Finished processing user request with id = 7384b446-ac3f-44c1-bb6e-fdd6ca18f205 in 00:00:00.0259912.
2018-11-13 00:02:45,076 4577   INFO  [BackgroundDaemon] Starting iteration #15444.
2018-11-13 00:02:45,077 4578   INFO  [7cf361] Started processing user request. Id = 7cf361a4-3339-4961-9d96-0ec7a6120565. Size = 67.71 KB.
2018-11-13 00:02:45,083 4584   INFO  [7cf361] Doing some complicated stuff.. Random numbers are: 1877529648, 692062822, 828543193.
2018-11-13 00:02:45,086 4587   INFO  [08892e] Doing some complicated stuff.. Random numbers are: 1953047287, 1321449565, 2078529919.
2018-11-13 00:02:45,121 4622   INFO  [BackgroundDaemon] Processing data (13% completed)..
2018-11-13 00:02:45,130 4631   INFO  [7cf361] Finished processing user request with id = 7cf361a4-3339-4961-9d96-0ec7a6120565 in 00:00:00.0533137.
2018-11-13 00:02:45,137 4638   INFO  [08892e] Finished processing user request with id = 08892ecc-3c9c-4044-8f88-9dee0120b60c in 00:00:00.0652924.
2018-11-13 00:02:45,150 4651   INFO  [f51e28] Started processing user request. Id = f51e28df-6578-4acc-b604-000a15188a56. Size = 40.86 KB.
2018-11-13 00:02:45,158 4659   INFO  [BackgroundDaemon] Processing data (30% completed)..
2018-11-13 00:02:45,162 4663   INFO  [f51e28] Doing some complicated stuff.. Random numbers are: 1320749912, 1638866771, 1433127506.
2018-11-13 00:02:45,162 4663   INFO  [858eef] Started processing user request. Id = 858eeff9-f211-4ce0-b9e0-9305c3bc5ebe. Size = 46.77 KB.
2018-11-13 00:02:45,164 4665   INFO  [858eef] Doing some complicated stuff.. Random numbers are: 1570558779, 1013314470, 261734095.
2018-11-13 00:02:45,200 4701   INFO  [858eef] Finished processing user request with id = 858eeff9-f211-4ce0-b9e0-9305c3bc5ebe in 00:00:00.0380106.
2018-11-13 00:02:45,215 4716   INFO  [f51e28] Finished processing user request with id = f51e28df-6578-4acc-b604-000a15188a56 in 00:00:00.0649985.
2018-11-13 00:02:45,229 4730   INFO  [b04923] Started processing user request. Id = b04923be-9d49-4286-b917-c1ca495ee0be. Size = 75.58 KB.
2018-11-13 00:02:45,232 4733   INFO  [0272ce] Started processing user request. Id = 0272ce4b-32f4-4218-8e6b-e6104a6f3ecb. Size = 7.45 KB.
2018-11-13 00:02:45,236 4737   INFO  [b04923] Doing some complicated stuff.. Random numbers are: 1404041159, 549371381, 1948743849.
2018-11-13 00:02:45,239 4740   INFO  [0272ce] Doing some complicated stuff.. Random numbers are: 1775382545, 235711058, 1775684597.
2018-11-13 00:02:45,242 4743   INFO  [9f1fca] Started processing user request. Id = 9f1fca06-2925-4657-8b63-777a6573d251. Size = 50.28 KB.
2018-11-13 00:02:45,255 4756   INFO  [BackgroundDaemon] Processing data (82% completed)..
2018-11-13 00:02:45,255 4756   INFO  [BackgroundDaemon] Finished iteration in 00:00:00.1788840.
2018-11-13 00:02:45,256 4757   INFO  [9f1fca] Doing some complicated stuff.. Random numbers are: 687006719, 1482826785, 1085581666.
2018-11-13 00:02:45,269 4770   INFO  [0272ce] Finished processing user request with id = 0272ce4b-32f4-4218-8e6b-e6104a6f3ecb in 00:00:00.0370197.
2018-11-13 00:02:45,271 4772   INFO  [b04923] Finished processing user request with id = b04923be-9d49-4286-b917-c1ca495ee0be in 00:00:00.0420550.
2018-11-13 00:02:45,285 4786   INFO  [a3d514] Started processing user request. Id = a3d514cb-4ebc-4e4f-af02-e29896d8b0c7. Size = 45.2 KB.
2018-11-13 00:02:45,287 4788   INFO  [a3d514] Doing some complicated stuff.. Random numbers are: 338853266, 1732687491, 346889274.
2018-11-13 00:02:45,296 4797   INFO  [9f1fca] Here's some useful guids:
		c300c805-5934-4d55-b848-4751f8e39202
		637abf74-bf2b-4755-bd46-83873790897e
		a698da71-55fc-46ec-b962-c1fa2d18a2e3
		fab83f04-95af-4302-99f1-c96e01d69ddc
		429fb930-f5c4-4d80-bf73-6b24d7160cac
2018-11-13 00:02:45,301 4802   INFO  [e0e3c3] Started processing user request. Id = e0e3c370-dc98-49db-9770-6a2ead2b3f5a. Size = 97.75 KB.
2018-11-13 00:02:45,307 4808   INFO  [e0e3c3] Doing some complicated stuff.. Random numbers are: 1591364883, 1502293086, 693286487.
2018-11-13 00:02:45,309 4810   INFO  [Metrics] Cpu: 12.03%; Memory: 19.77 GB/31.88 GB; Workers: 4/1024; IOCP: 0/1024
2018-11-13 00:02:45,317 4818   ERROR [e0e3c3] 
System.InvalidOperationException: Oh no! An error occurred!
2018-11-13 00:02:45,322 4823   INFO  [a3d514] Finished processing user request with id = a3d514cb-4ebc-4e4f-af02-e29896d8b0c7 in 00:00:00.0369607.
2018-11-13 00:02:45,324 4825   INFO  [9f1fca] Finished processing user request with id = 9f1fca06-2925-4657-8b63-777a6573d251 in 00:00:00.0820213.
2018-11-13 00:02:45,336 4837   INFO  [db706a] Started processing user request. Id = db706a9e-824a-4c2d-b106-c07b03f38a37. Size = 68.79 KB.
2018-11-13 00:02:45,341 4842   INFO  [db706a] Doing some complicated stuff.. Random numbers are: 75286604, 857322722, 780803300.
2018-11-13 00:02:45,349 4850   INFO  [7b0739] Started processing user request. Id = 7b0739b2-f7e4-4118-a733-b44185196981. Size = 52.64 KB.
2018-11-13 00:02:45,355 4856   INFO  [7b0739] Doing some complicated stuff.. Random numbers are: 422391984, 678235655, 1909502145.
2018-11-13 00:02:45,384 4885   INFO  [7b0739] Finished processing user request with id = 7b0739b2-f7e4-4118-a733-b44185196981 in 00:00:00.0352036.
2018-11-13 00:02:45,388 4889   INFO  [db706a] Finished processing user request with id = db706a9e-824a-4c2d-b106-c07b03f38a37 in 00:00:00.0523076.
2018-11-13 00:02:45,402 4903   INFO  [e86c72] Started processing user request. Id = e86c72ce-abe8-44c5-8653-49323cdc1103. Size = 58.76 KB.
2018-11-13 00:02:45,416 4917   INFO  [476073] Started processing user request. Id = 47607354-66f5-4ffd-b691-6f6ae796e6b4. Size = 94.5 KB.
2018-11-13 00:02:45,422 4923   INFO  [e86c72] Doing some complicated stuff.. Random numbers are: 1995575665, 246265982, 1796367602.
2018-11-13 00:02:45,435 4936   INFO  [476073] Doing some complicated stuff.. Random numbers are: 541084334, 1925714729, 428762008.
2018-11-13 00:02:45,440 4941   INFO  [476073] Finished processing user request with id = 47607354-66f5-4ffd-b691-6f6ae796e6b4 in 00:00:00.0240065.
2018-11-13 00:02:45,455 4956   INFO  [BackgroundDaemon] Starting iteration #15445.
2018-11-13 00:02:45,472 4973   INFO  [265753] Started processing user request. Id = 265753f0-1875-4d5b-bd0f-a6760c1fab9c. Size = 19.92 KB.
2018-11-13 00:02:45,476 4977   INFO  [BackgroundDaemon] Processing data (18% completed)..
2018-11-13 00:02:45,478 4979   INFO  [e86c72] Finished processing user request with id = e86c72ce-abe8-44c5-8653-49323cdc1103 in 00:00:00.0760578.
2018-11-13 00:02:45,484 4985   INFO  [265753] Doing some complicated stuff.. Random numbers are: 1086761287, 860235631, 734780520.
2018-11-13 00:02:45,486 4987   INFO  [265753] Here's some useful guids:
		49d38cb5-b4a8-434d-bff8-adb3c9f75924
		5c9db2db-2171-4bab-865a-dc612d9b60e5
		99b3171c-7294-49c8-8922-8d54a47364a8
		03940415-c780-41de-b13b-75cb31ac603a
2018-11-13 00:02:45,491 4992   INFO  [3a08bb] Started processing user request. Id = 3a08bb4f-358f-4a3c-959a-a52fe8e43d79. Size = 58.86 KB.
2018-11-13 00:02:45,492 4993   INFO  [44776d] Started processing user request. Id = 44776de7-1cfd-40d5-8bc4-d08516a6a271. Size = 66.32 KB.
2018-11-13 00:02:45,504 5006   INFO  [3a08bb] Doing some complicated stuff.. Random numbers are: 878114899, 1427138585, 114607991.
2018-11-13 00:02:45,508 5010   INFO  [44776d] Doing some complicated stuff.. Random numbers are: 1688249975, 625878052, 1477688704.
2018-11-13 00:02:45,515 5017   INFO  [265753] Finished processing user request with id = 265753f0-1875-4d5b-bd0f-a6760c1fab9c in 00:00:00.0435204.
2018-11-13 00:02:45,533 5035   INFO  [3a08bb] Here's some useful guids:
		ddc46194-1411-413a-a58d-ee655cb83f43
		4e57c162-349b-473b-affb-0908e5edddd5
		34334d68-7d15-4a66-b33f-7c1b7ec83241
2018-11-13 00:02:45,546 5047   INFO  [44776d] Finished processing user request with id = 44776de7-1cfd-40d5-8bc4-d08516a6a271 in 00:00:00.0535231.
2018-11-13 00:02:45,548 5049   INFO  [328133] Started processing user request. Id = 32813338-a8ee-4acb-a7de-0333d2ab7b88. Size = 76.25 KB.
2018-11-13 00:02:45,560 5061   INFO  [a4bc5a] Started processing user request. Id = a4bc5a47-8956-4853-82a9-8a76df7423d7. Size = 65.19 KB.
2018-11-13 00:02:45,562 5063   INFO  [BackgroundDaemon] Processing data (25% completed)..
2018-11-13 00:02:45,564 5065   INFO  [3a08bb] Finished processing user request with id = 3a08bb4f-358f-4a3c-959a-a52fe8e43d79 in 00:00:00.0725664.
2018-11-13 00:02:45,564 5065   INFO  [328133] Doing some complicated stuff.. Random numbers are: 1425954410, 2049594284, 1962347088.
2018-11-13 00:02:45,573 5074   INFO  [a4bc5a] Doing some complicated stuff.. Random numbers are: 843462876, 659996696, 1980896148.
2018-11-13 00:02:45,593 5094   INFO  [328133] Here's some useful guids:
		8dff6cbe-cd04-45be-aa9a-52c68ea965b9
		4e950292-3b6f-4c7c-9d20-9c8a43642ff2
		2b330cbf-5aff-44d6-bd69-831fb7d98a2b
		54570a94-9274-4d3a-b995-cffbfc818aec
		640bf4b0-22b9-4295-af6e-416104287372
2018-11-13 00:02:45,597 5098   INFO  [328133] Finished processing user request with id = 32813338-a8ee-4acb-a7de-0333d2ab7b88 in 00:00:00.0490511.
2018-11-13 00:02:45,612 5113   INFO  [a4bc5a] Here's some useful guids:
		c9a47e1b-2d72-4ae8-b670-6f57793c5ff2
2018-11-13 00:02:45,619 5120   INFO  [a4bc5a] Finished processing user request with id = a4bc5a47-8956-4853-82a9-8a76df7423d7 in 00:00:00.0590098.
2018-11-13 00:02:45,628 5129   INFO  [3ca2a9] Started processing user request. Id = 3ca2a92f-0df1-4b97-bc29-b37fd8801558. Size = 42.13 KB.
2018-11-13 00:02:45,632 5133   INFO  [ed1c41] Started processing user request. Id = ed1c4163-4288-4f11-b4d1-7f8585a69cdc. Size = 36.4 KB.
2018-11-13 00:02:45,641 5142   INFO  [3ca2a9] Doing some complicated stuff.. Random numbers are: 663890255, 315993089, 920049734.
2018-11-13 00:02:45,641 5142   INFO  [3ca2a9] Here's some useful guids:
		42412df6-c437-4f8a-9476-227b32dae97c
		c797de2d-9d9d-4670-a0cd-f85853c0370c
		227b8bb3-bcd3-4698-a44a-87256fc60f33
2018-11-13 00:02:45,644 5145   INFO  [3ca2a9] Finished processing user request with id = 3ca2a92f-0df1-4b97-bc29-b37fd8801558 in 00:00:00.0160213.
2018-11-13 00:02:45,646 5147   INFO  [BackgroundDaemon] Processing data (69% completed)..
2018-11-13 00:02:45,646 5147   INFO  [BackgroundDaemon] Finished iteration in 00:00:00.1907609.
2018-11-13 00:02:45,651 5152   INFO  [ed1c41] Doing some complicated stuff.. Random numbers are: 1548934206, 1450376175, 1259218066.
2018-11-13 00:02:45,675 5176   INFO  [ed1c41] Here's some useful guids:
		2bc3ae90-0b46-4e0b-a5f7-31ded758eb60
		0a8c97e9-e7e9-4f47-b18d-b356d13d5f78
2018-11-13 00:02:45,676 5177   INFO  [a3c1d4] Started processing user request. Id = a3c1d40d-9df9-4319-9867-1063a243803a. Size = 66.07 KB.
2018-11-13 00:02:45,688 5189   INFO  [ed1c41] Finished processing user request with id = ed1c4163-4288-4f11-b4d1-7f8585a69cdc in 00:00:00.0560181.
2018-11-13 00:02:45,693 5194   INFO  [a3c1d4] Doing some complicated stuff.. Random numbers are: 598155288, 1643527687, 675401740.
2018-11-13 00:02:45,701 5202   INFO  [6df293] Started processing user request. Id = 6df29304-88fc-4975-95a3-3501bde542c5. Size = 25.78 KB.
2018-11-13 00:02:45,712 5213   INFO  [6df293] Doing some complicated stuff.. Random numbers are: 378926622, 443903819, 37278631.
2018-11-13 00:02:45,718 5219   INFO  [a3c1d4] Here's some useful guids:
		242ba561-6d03-4907-9a81-46eadc1412f7
2018-11-13 00:02:45,718 5219   INFO  [a3c1d4] Finished processing user request with id = a3c1d40d-9df9-4319-9867-1063a243803a in 00:00:00.0421328.
2018-11-13 00:02:45,721 5222   INFO  [6df293] Finished processing user request with id = 6df29304-88fc-4975-95a3-3501bde542c5 in 00:00:00.0200526.
2018-11-13 00:02:45,731 5232   INFO  [e2ecb7] Started processing user request. Id = e2ecb761-bc2e-410c-9227-eff21b00dae1. Size = 7.54 KB.
2018-11-13 00:02:45,735 5236   INFO  [aa3fec] Started processing user request. Id = aa3fec82-d590-4de8-8f56-e1864ee137d3. Size = 50.8 KB.
2018-11-13 00:02:45,740 5241   INFO  [e2ecb7] Doing some complicated stuff.. Random numbers are: 1070941689, 2149670, 1263322363.
2018-11-13 00:02:45,743 5244   INFO  [aa3fec] Doing some complicated stuff.. Random numbers are: 1680128294, 118176568, 1287915787.
2018-11-13 00:02:45,750 5251   INFO  [6b95b1] Started processing user request. Id = 6b95b18f-e9b8-4720-bc9f-6aa5f91dc554. Size = 6.42 KB.
2018-11-13 00:02:45,754 5255   INFO  [6b95b1] Doing some complicated stuff.. Random numbers are: 514882291, 56259282, 1938660972.
2018-11-13 00:02:45,764 5265   INFO  [6b95b1] Here's some useful guids:
		41f98081-09d6-443b-aef0-6bc2d77aa0d9
		e618f418-5317-4b11-9835-0d9292da55fb
		ad8b587c-2c37-47ff-a106-f3b3015ef218
		6737b81d-988d-4db5-9874-968cd71e6ee7
		48788865-5591-43c2-911e-637926e17c1a
2018-11-13 00:02:45,775 5276   INFO  [6b95b1] Finished processing user request with id = 6b95b18f-e9b8-4720-bc9f-6aa5f91dc554 in 00:00:00.0251120.
2018-11-13 00:02:45,777 5278   INFO  [e2ecb7] Here's some useful guids:
		44b4b6ae-2ee6-43a0-80e5-0c3a756aecf0
2018-11-13 00:02:45,789 5290   INFO  [e2ecb7] Finished processing user request with id = e2ecb761-bc2e-410c-9227-eff21b00dae1 in 00:00:00.0580858.
2018-11-13 00:02:45,798 5299   INFO  [aa3fec] Finished processing user request with id = aa3fec82-d590-4de8-8f56-e1864ee137d3 in 00:00:00.0631135.
2018-11-13 00:02:45,807 5308   INFO  [914b47] Started processing user request. Id = 914b47a6-d348-4be3-870a-a7a5145d79b5. Size = 75.73 KB.
2018-11-13 00:02:45,808 5309   INFO  [Metrics] Cpu: 12.42%; Memory: 19.77 GB/31.88 GB; Workers: 4/1024; IOCP: 0/1024
2018-11-13 00:02:45,810 5311   INFO  [914b47] Doing some complicated stuff.. Random numbers are: 1593049356, 610385146, 1874209817.
2018-11-13 00:02:45,812 5313   INFO  [5453d9] Started processing user request. Id = 5453d957-26ce-4874-b7fc-8c6a35b2be32. Size = 2.85 KB.
2018-11-13 00:02:45,832 5333   INFO  [5453d9] Doing some complicated stuff.. Random numbers are: 2058438199, 1746281650, 975013662.
2018-11-13 00:02:45,833 5334   INFO  [914b47] Here's some useful guids:
		edb1706c-ab5c-49c9-8566-d7d9c2afaa4c
		88361055-9388-4d5e-a11e-99b11173cb74
2018-11-13 00:02:45,847 5348   INFO  [BackgroundDaemon] Starting iteration #15446.
2018-11-13 00:02:45,852 5353   ERROR [5453d9] 
System.InvalidOperationException: Oh no! An error occurred!
2018-11-13 00:02:45,863 5364   INFO  [914b47] Finished processing user request with id = 914b47a6-d348-4be3-870a-a7a5145d79b5 in 00:00:00.0557635.
2018-11-13 00:02:45,866 5367   INFO  [934d96] Started processing user request. Id = 934d965e-d1cc-4cc9-8885-5305f1ad8052. Size = 14.23 KB.
2018-11-13 00:02:45,870 5371   INFO  [934d96] Doing some complicated stuff.. Random numbers are: 1511061140, 772258513, 631352560.
2018-11-13 00:02:45,882 5383   INFO  [934d96] Finished processing user request with id = 934d965e-d1cc-4cc9-8885-5305f1ad8052 in 00:00:00.0160063.
2018-11-13 00:02:45,894 5395   INFO  [4e8e95] Started processing user request. Id = 4e8e95b7-5f37-4cd1-b263-af9ca1e9cb7a. Size = 58.85 KB.
2018-11-13 00:02:45,895 5396   INFO  [c82bc0] Started processing user request. Id = c82bc088-e985-4a17-8208-5ae4c7da3e93. Size = 42.5 KB.
2018-11-13 00:02:45,899 5400   INFO  [c82bc0] Doing some complicated stuff.. Random numbers are: 622718065, 1626493247, 185189738.
2018-11-13 00:02:45,910 5411   INFO  [4e8e95] Doing some complicated stuff.. Random numbers are: 1368132232, 1918756804, 217360216.
2018-11-13 00:02:45,924 5425   INFO  [c82bc0] Finished processing user request with id = c82bc088-e985-4a17-8208-5ae4c7da3e93 in 00:00:00.0290251.
2018-11-13 00:02:45,938 5439   INFO  [BackgroundDaemon] Processing data (10% completed)..
2018-11-13 00:02:45,938 5439   INFO  [3f2f75] Started processing user request. Id = 3f2f7516-bf81-4bd7-abc8-fe7f38dd8728. Size = 57.76 KB.
2018-11-13 00:02:45,947 5448   INFO  [4e8e95] Here's some useful guids:
		04b46b92-dedc-4d5e-8f87-ef6d5ca5f81c
		be1cade7-9f73-4623-82bb-7c9ed0eae131
		ceb23233-1797-487e-8db1-f76f6d654543
		73849c4b-ef48-4762-bbfc-d038195eb5bd
		7ccc3279-f3a8-4b90-aaad-0649c70b371c
2018-11-13 00:02:45,956 5457   INFO  [3f2f75] Doing some complicated stuff.. Random numbers are: 261018419, 1630339046, 1878458027.
2018-11-13 00:02:45,957 5458   INFO  [026156] Started processing user request. Id = 02615600-4932-46ef-bbb6-e36850d15b1c. Size = 28.94 KB.
2018-11-13 00:02:45,966 5467   INFO  [4e8e95] Finished processing user request with id = 4e8e95b7-5f37-4cd1-b263-af9ca1e9cb7a in 00:00:00.0721213.
2018-11-13 00:02:45,966 5467   INFO  [026156] Doing some complicated stuff.. Random numbers are: 1895263549, 845572816, 110119798.
2018-11-13 00:02:45,994 5495   INFO  [3f2f75] Here's some useful guids:
		dc198334-7e7b-41ec-8e36-099e2adbd8c4
		ef572e14-7fca-4c16-8f15-f420539f1598
2018-11-13 00:02:45,997 5498   INFO  [aad6da] Started processing user request. Id = aad6da37-3a3f-4385-83f2-becfce9f111b. Size = 26.69 KB.
2018-11-13 00:02:46,003 5504   INFO  [aad6da] Doing some complicated stuff.. Random numbers are: 2041551788, 2032717187, 1491645670.
2018-11-13 00:02:46,005 5506   INFO  [026156] Here's some useful guids:
		7ffbf880-26c0-4d3e-b488-0021e6286902
		cad8eeca-2139-4448-95a5-7f35302c292d
		66eb0e72-7661-497d-a95f-90845a77cd4a
2018-11-13 00:02:46,008 5509   INFO  [3f2f75] Finished processing user request with id = 3f2f7516-bf81-4bd7-abc8-fe7f38dd8728 in 00:00:00.0702694.
2018-11-13 00:02:46,012 5513   INFO  [026156] Finished processing user request with id = 02615600-4932-46ef-bbb6-e36850d15b1c in 00:00:00.0552861.
2018-11-13 00:02:46,015 5516   INFO  [aad6da] Here's some useful guids:
		b73a234a-5cf3-47ba-bd42-4413daa0ffaf
		70f879e5-78de-4af8-bc0c-b814b45bf794
2018-11-13 00:02:46,022 5523   INFO  [a271b5] Started processing user request. Id = a271b5f4-ce18-4566-9907-d70568a4675d. Size = 44.11 KB.
2018-11-13 00:02:46,022 5523   INFO  [a271b5] Doing some complicated stuff.. Random numbers are: 2088833441, 1337384192, 1436466593.
2018-11-13 00:02:46,023 5524   INFO  [aad6da] Finished processing user request with id = aad6da37-3a3f-4385-83f2-becfce9f111b in 00:00:00.0259950.
2018-11-13 00:02:46,032 5533   INFO  [BackgroundDaemon] Processing data (24% completed)..
2018-11-13 00:02:46,055 5556   INFO  [7ed1ff] Started processing user request. Id = 7ed1ff68-4f01-443c-9e99-e5d24114aaf9. Size = 70.51 KB.
2018-11-13 00:02:46,056 5557   INFO  [a271b5] Finished processing user request with id = a271b5f4-ce18-4566-9907-d70568a4675d in 00:00:00.0339274.
2018-11-13 00:02:46,059 5560   INFO  [BackgroundDaemon] Processing data (50% completed)..
2018-11-13 00:02:46,059 5560   INFO  [BackgroundDaemon] Finished iteration in 00:00:00.2123584.
2018-11-13 00:02:46,065 5566   INFO  [7ed1ff] Doing some complicated stuff.. Random numbers are: 297232463, 1958636469, 668528585.
2018-11-13 00:02:46,070 5571   INFO  [266bf6] Started processing user request. Id = 266bf61b-dbed-40b7-83a5-8a5ac044a543. Size = 15.51 KB.
2018-11-13 00:02:46,072 5573   INFO  [266bf6] Doing some complicated stuff.. Random numbers are: 1234561900, 198390580, 1137290917.
2018-11-13 00:02:46,088 5589   INFO  [7ed1ff] Here's some useful guids:
		50e22888-0cac-497f-a0e1-77c984b328c6
		1b44bf29-a542-4f04-bced-f4482b70684e
		3939ec79-1f24-4227-97ec-93e35c10ef28
		97d7d16c-9a27-44bb-8c33-9b4160ba4615
		79ce0e05-5960-4bd1-9d3b-953bfdf3d592
2018-11-13 00:02:46,102 5603   INFO  [266bf6] Here's some useful guids:
		ca039f82-a8d9-4810-bceb-3bcb08a27e9b
		ac3e955d-581b-4868-83f8-dcc220d6440d
		a2b275c1-39d1-4165-b60e-0205110ff250
2018-11-13 00:02:46,102 5603   INFO  [266bf6] Finished processing user request with id = 266bf61b-dbed-40b7-83a5-8a5ac044a543 in 00:00:00.0320814.
2018-11-13 00:02:46,115 5616   INFO  [7ed1ff] Finished processing user request with id = 7ed1ff68-4f01-443c-9e99-e5d24114aaf9 in 00:00:00.0600227.
2018-11-13 00:02:46,116 5617   INFO  [430f10] Started processing user request. Id = 430f1003-820e-47ee-8d12-1e4f706cf196. Size = 86.01 KB.
2018-11-13 00:02:46,134 5635   INFO  [430f10] Doing some complicated stuff.. Random numbers are: 428060823, 1655494208, 337130578.
2018-11-13 00:02:46,147 5648   INFO  [eaa914] Started processing user request. Id = eaa914f9-7cba-4d44-9157-d0f6f1becb8b. Size = 35.03 KB.
2018-11-13 00:02:46,149 5650   INFO  [eaa914] Doing some complicated stuff.. Random numbers are: 351490683, 1452630146, 1219160348.
2018-11-13 00:02:46,172 5673   ERROR [eaa914] 
System.InvalidOperationException: Oh no! An error occurred!
2018-11-13 00:02:46,174 5675   INFO  [430f10] Here's some useful guids:
		b4dd13f5-e81a-40fe-987b-7fef2f9eaf34
		91ab4edc-4c99-48ce-8b58-e33072ae5b21
		0a6900fb-2b28-4726-8719-383892c09253
		84ce5c6c-1b63-408a-bb90-38283859ea2a
		4564f42e-b26e-4176-aba5-8a5ca9402f79
2018-11-13 00:02:46,180 5681   INFO  [307e0c] Started processing user request. Id = 307e0c97-f990-4253-a815-58364ef0a19f. Size = 20.64 KB.
2018-11-13 00:02:46,186 5687   INFO  [430f10] Finished processing user request with id = 430f1003-820e-47ee-8d12-1e4f706cf196 in 00:00:00.0697398.
2018-11-13 00:02:46,188 5689   INFO  [307e0c] Doing some complicated stuff.. Random numbers are: 1299022912, 2006371274, 2106577007.
2018-11-13 00:02:46,196 5697   INFO  [307e0c] Here's some useful guids:
		25987971-82a9-4ffb-be42-c23bc8ecf891
		4b9a3fc2-7555-4c49-a96b-dc2429601feb
		64af1d07-80f4-4c45-a86e-7534361fe6cb
		bc8168af-7905-4912-a884-031e5ee4881f
		9f45ad01-8e16-42a9-99d0-5d110b1b84db
2018-11-13 00:02:46,200 5701   INFO  [79a925] Started processing user request. Id = 79a925bf-314b-4f44-ae21-f9d7d9552209. Size = 73.93 KB.
2018-11-13 00:02:46,204 5705   INFO  [701b77] Started processing user request. Id = 701b7735-8535-42e8-9378-f49b1e4e2ff0. Size = 95.17 KB.
2018-11-13 00:02:46,207 5708   INFO  [79a925] Doing some complicated stuff.. Random numbers are: 2065561365, 1633728610, 1235383443.
2018-11-13 00:02:46,208 5709   INFO  [307e0c] Finished processing user request with id = 307e0c97-f990-4253-a815-58364ef0a19f in 00:00:00.0280143.
2018-11-13 00:02:46,220 5721   INFO  [701b77] Doing some complicated stuff.. Random numbers are: 859321020, 713638951, 112301870.
2018-11-13 00:02:46,231 5732   INFO  [79a925] Here's some useful guids:
		a6c7e640-fa4d-4c1c-8d74-7a01e0f70294
		0a98dbeb-e611-458b-b974-223f947f1a1c
		4b7ee04f-5ecf-4efb-abfa-b06934a0bc77
2018-11-13 00:02:46,248 5749   INFO  [79a925] Finished processing user request with id = 79a925bf-314b-4f44-ae21-f9d7d9552209 in 00:00:00.0481282.
2018-11-13 00:02:46,256 5757   INFO  [701b77] Here's some useful guids:
		36b5c567-6ed9-40e8-a11e-af9a3d6954e1
2018-11-13 00:02:46,260 5761   INFO  [BackgroundDaemon] Starting iteration #15447.
2018-11-13 00:02:46,262 5763   INFO  [d68953] Started processing user request. Id = d68953e1-a46d-476e-adcf-e5c2e30e3037. Size = 53.66 KB.
2018-11-13 00:02:46,270 5771   INFO  [d68953] Doing some complicated stuff.. Random numbers are: 518617393, 1949933195, 1127630476.
2018-11-13 00:02:46,280 5781   INFO  [701b77] Finished processing user request with id = 701b7735-8535-42e8-9378-f49b1e4e2ff0 in 00:00:00.0761789.
2018-11-13 00:02:46,307 5808   INFO  [Metrics] Cpu: 12.42%; Memory: 19.78 GB/31.88 GB; Workers: 4/1024; IOCP: 0/1024
2018-11-13 00:02:46,309 5810   INFO  [d68953] Here's some useful guids:
		d0230f7b-0e82-476c-9f74-9923e1fc79fa
		137751fe-a6de-4f18-9268-0d0aeac3027c
		3d6e5998-d095-4114-86ec-87adc5e8cbed
		d46b594a-029c-4887-97e1-ad2dd119f617
2018-11-13 00:02:46,312 5813   INFO  [6fee51] Started processing user request. Id = 6fee51ea-8341-46f8-9e98-ea3c54105197. Size = 58.52 KB.
2018-11-13 00:02:46,317 5818   INFO  [6fee51] Doing some complicated stuff.. Random numbers are: 2121888655, 245952434, 1749593679.
2018-11-13 00:02:46,327 5828   INFO  [d68953] Finished processing user request with id = d68953e1-a46d-476e-adcf-e5c2e30e3037 in 00:00:00.0649314.
2018-11-13 00:02:46,341 5842   INFO  [1c9595] Started processing user request. Id = 1c9595d5-b8fc-4d40-ae12-37b720cd156b. Size = 58.5 KB.
2018-11-13 00:02:46,342 5843   INFO  [6fee51] Here's some useful guids:
		a8b5cc9d-1f3f-4185-b282-b99f5793578c
		c449169a-53b0-4a93-a57b-1ba4850179cb
		89730961-1a20-4492-8a52-915a5c613b7e
		1a00e5f7-c49a-4110-bbd1-2e54019dfafe
2018-11-13 00:02:46,351 5852   INFO  [1c9595] Doing some complicated stuff.. Random numbers are: 76513014, 129879384, 1224720919.
2018-11-13 00:02:46,352 5853   INFO  [BackgroundDaemon] Processing data (8% completed)..
2018-11-13 00:02:46,364 5865   INFO  [6fee51] Finished processing user request with id = 6fee51ea-8341-46f8-9e98-ea3c54105197 in 00:00:00.0520452.
2018-11-13 00:02:46,372 5873   INFO  [1c9595] Here's some useful guids:
		c70ee8b5-5052-47de-a0ca-66fb03ab1622
		dbab95d4-8f01-4b8d-964d-6ab218cc3936
2018-11-13 00:02:46,375 5876   INFO  [0e0379] Started processing user request. Id = 0e0379b5-bde4-4055-80a1-25378662c41d. Size = 57.37 KB.
2018-11-13 00:02:46,389 5890   INFO  [0e0379] Doing some complicated stuff.. Random numbers are: 908007157, 934655805, 2135823372.
2018-11-13 00:02:46,393 5894   INFO  [0e0379] Here's some useful guids:
		d3522863-2500-4c04-b595-9c3911916699
		c2fa12a2-aad4-496a-905f-65e6a5f5c7d1
2018-11-13 00:02:46,396 5897   INFO  [ad1487] Started processing user request. Id = ad148791-7f6f-4ab7-87cd-74190b36865f. Size = 53.38 KB.
2018-11-13 00:02:46,397 5898   INFO  [1c9595] Finished processing user request with id = 1c9595d5-b8fc-4d40-ae12-37b720cd156b in 00:00:00.0560468.
2018-11-13 00:02:46,397 5898   INFO  [0e0379] Finished processing user request with id = 0e0379b5-bde4-4055-80a1-25378662c41d in 00:00:00.0220030.
2018-11-13 00:02:46,411 5912   INFO  [e1de1b] Started processing user request. Id = e1de1bde-2880-4f29-bbae-9f393676a3eb. Size = 20.34 KB.
2018-11-13 00:02:46,413 5914   INFO  [ad1487] Doing some complicated stuff.. Random numbers are: 1076828631, 13108853, 1970964621.
2018-11-13 00:02:46,419 5920   INFO  [e1de1b] Doing some complicated stuff.. Random numbers are: 750776010, 1143257182, 2045604898.
2018-11-13 00:02:46,434 5935   INFO  [BackgroundDaemon] Processing data (39% completed)..
2018-11-13 00:02:46,450 5952   INFO  [ad1487] Here's some useful guids:
		e30b66fd-80f0-42c8-80a1-7b4defdaaf8b
2018-11-13 00:02:46,452 5954   INFO  [e1de1b] Here's some useful guids:
		cacb3260-7093-4b15-ae4f-367aa1dd084e
		07191de4-30ab-4464-9850-3f47db6de65d
		59c5600d-c923-41e3-a9c3-104fafb051df
		b4695404-2ed4-4608-b11e-97ffa9c181c7
		d90faf48-8d1e-4902-bce8-9f88d3e75f61
2018-11-13 00:02:46,459 5961   INFO  [ad1487] Finished processing user request with id = ad148791-7f6f-4ab7-87cd-74190b36865f in 00:00:00.0635056.
2018-11-13 00:02:46,468 5970   ERROR [e1de1b] 
System.InvalidOperationException: Oh no! An error occurred!
2018-11-13 00:02:46,482 5984   INFO  [020bea] Started processing user request. Id = 020bea61-0459-457b-b758-23821ba8ff7e. Size = 63.08 KB.
2018-11-13 00:02:46,486 5987   INFO  [BackgroundDaemon] Processing data (73% completed)..
2018-11-13 00:02:46,486 5987   INFO  [BackgroundDaemon] Finished iteration in 00:00:00.2255596.
2018-11-13 00:02:46,492 5993   INFO  [8da334] Started processing user request. Id = 8da33475-ba66-4544-9440-fde5a987d955. Size = 39.54 KB.
2018-11-13 00:02:46,500 6001   INFO  [020bea] Doing some complicated stuff.. Random numbers are: 1907155525, 816848084, 1556671596.
2018-11-13 00:02:46,508 6009   INFO  [8da334] Doing some complicated stuff.. Random numbers are: 52620498, 768731907, 589945321.
2018-11-13 00:02:46,524 6025   INFO  [8da334] Here's some useful guids:
		31cd5e81-c3c2-47db-9b63-3e870070c03b
2018-11-13 00:02:46,527 6028   ERROR [8da334] 
System.InvalidOperationException: Oh no! An error occurred!
2018-11-13 00:02:46,530 6031   INFO  [020bea] Finished processing user request with id = 020bea61-0459-457b-b758-23821ba8ff7e in 00:00:00.0471153.
2018-11-13 00:02:46,544 6045   INFO  [fe5c49] Started processing user request. Id = fe5c49ea-5f9d-4e42-8888-e99bbd99cccd. Size = 19.24 KB.
2018-11-13 00:02:46,559 6060   INFO  [efdd27] Started processing user request. Id = efdd2721-757a-48a4-ab69-bdcdd8d86798. Size = 81.64 KB.
2018-11-13 00:02:46,564 6065   INFO  [fe5c49] Doing some complicated stuff.. Random numbers are: 1432681601, 517371242, 819394799.
2018-11-13 00:02:46,565 6066   INFO  [cb5604] Started processing user request. Id = cb5604e0-0e45-454c-a714-6b30ef846a73. Size = 86.5 KB.
2018-11-13 00:02:46,565 6066   INFO  [cb5604] Doing some complicated stuff.. Random numbers are: 1157520130, 731824682, 471897316.
2018-11-13 00:02:46,567 6068   INFO  [efdd27] Doing some complicated stuff.. Random numbers are: 658825776, 869030666, 636268694.
2018-11-13 00:02:46,570 6071   INFO  [cb5604] Finished processing user request with id = cb5604e0-0e45-454c-a714-6b30ef846a73 in 00:00:00.0050019.
2018-11-13 00:02:46,588 6089   INFO  [efdd27] Here's some useful guids:
		df32c8f9-dfce-4070-9a71-816e859cc7de
		cc26fe7d-ac8f-4562-9e4e-140775ab4b7f
		f70e2aa7-3aee-4325-8020-c83040e186e4
		8a04b799-5e17-40e4-9e72-e32bc8379e2d
		b72fb136-f534-4713-aafd-fab5f4887d68
2018-11-13 00:02:46,594 6095   INFO  [fe5c49] Here's some useful guids:
		da537749-91d6-43d8-88c3-09a7dca5b519
		88c17dcf-fd25-4480-b602-b9f7224bf5cf
2018-11-13 00:02:46,599 6100   INFO  [efdd27] Finished processing user request with id = efdd2721-757a-48a4-ab69-bdcdd8d86798 in 00:00:00.0400111.
2018-11-13 00:02:46,622 6123   INFO  [fe5c49] Finished processing user request with id = fe5c49ea-5f9d-4e42-8888-e99bbd99cccd in 00:00:00.0780361.
2018-11-13 00:02:46,631 6132   INFO  [7b7ee8] Started processing user request. Id = 7b7ee88a-255f-4d4d-844b-c75e66d9e693. Size = 41.78 KB.
2018-11-13 00:02:46,636 6137   INFO  [25f198] Started processing user request. Id = 25f198a3-d07e-49b1-b18c-fb28afa23feb. Size = 4.66 KB.
2018-11-13 00:02:46,643 6144   INFO  [25f198] Doing some complicated stuff.. Random numbers are: 1791445279, 1384270112, 2009940060.
2018-11-13 00:02:46,644 6145   INFO  [7b7ee8] Doing some complicated stuff.. Random numbers are: 1698012817, 1640864562, 818475235.
2018-11-13 00:02:46,650 6151   INFO  [7b7ee8] Here's some useful guids:
		6883f8bd-2465-4d3e-ab97-fabc83f1607e
		6b460acd-5b10-40b5-87e0-3d80d83ff4b0
2018-11-13 00:02:46,660 6161   INFO  [25f198] Here's some useful guids:
		5c82c92c-42e1-46e7-9ea1-64e376c03de6
2018-11-13 00:02:46,663 6164   INFO  [7b7ee8] Finished processing user request with id = 7b7ee88a-255f-4d4d-844b-c75e66d9e693 in 00:00:00.0321113.
2018-11-13 00:02:46,682 6183   ERROR [25f198] 
System.InvalidOperationException: Oh no! An error occurred!
2018-11-13 00:02:46,686 6187   INFO  [BackgroundDaemon] Starting iteration #15448.
2018-11-13 00:02:46,695 6196   INFO  [3ed0b9] Started processing user request. Id = 3ed0b901-6ce8-4f7a-b805-bc10bb35dcb9. Size = 70.87 KB.
2018-11-13 00:02:46,696 6197   INFO  [8ab531] Started processing user request. Id = 8ab53182-cbbb-4ba6-820e-7717d31510e0. Size = 67.68 KB.
2018-11-13 00:02:46,703 6204   INFO  [3ed0b9] Doing some complicated stuff.. Random numbers are: 1913242431, 894258977, 400963214.
2018-11-13 00:02:46,712 6213   INFO  [8ab531] Doing some complicated stuff.. Random numbers are: 428425991, 595604615, 1466776809.
2018-11-13 00:02:46,720 6221   INFO  [BackgroundDaemon] Processing data (16% completed)..
2018-11-13 00:02:46,736 6237   INFO  [3ed0b9] Here's some useful guids:
		72576809-33c6-4000-8ce9-2ca08e6caf36
		40c51c9c-03f6-4cc6-9195-bd7fa13ca245
		1e64e620-75c3-4106-a728-7896d4868791
		10d14a70-05a6-450c-8bc2-1ea65dec8025
2018-11-13 00:02:46,737 6238   INFO  [29f2a6] Started processing user request. Id = 29f2a6dd-f8ce-4af1-a90d-d0584740f659. Size = 6.5 KB.
2018-11-13 00:02:46,742 6243   INFO  [29f2a6] Doing some complicated stuff.. Random numbers are: 6736693, 671509080, 1218576429.
2018-11-13 00:02:46,746 6247   INFO  [8ab531] Finished processing user request with id = 8ab53182-cbbb-4ba6-820e-7717d31510e0 in 00:00:00.0500455.
2018-11-13 00:02:46,760 6261   INFO  [3c4073] Started processing user request. Id = 3c407348-09e1-4ce7-bb54-7b4d4bb1b086. Size = 32.94 KB.
2018-11-13 00:02:46,760 6261   INFO  [3c4073] Doing some complicated stuff.. Random numbers are: 1953491395, 2059063489, 69284704.
2018-11-13 00:02:46,762 6263   INFO  [3ed0b9] Finished processing user request with id = 3ed0b901-6ce8-4f7a-b805-bc10bb35dcb9 in 00:00:00.0670680.
2018-11-13 00:02:46,771 6272   INFO  [BackgroundDaemon] Processing data (40% completed)..
2018-11-13 00:02:46,793 6294   INFO  [29f2a6] Finished processing user request with id = 29f2a6dd-f8ce-4af1-a90d-d0584740f659 in 00:00:00.0557240.
2018-11-13 00:02:46,794 6295   INFO  [780db5] Started processing user request. Id = 780db53f-d9b9-442d-b5f6-b6f458a38a83. Size = 28.29 KB.
2018-11-13 00:02:46,794 6295   INFO  [780db5] Doing some complicated stuff.. Random numbers are: 1179518860, 1563984257, 1611271031.
2018-11-13 00:02:46,802 6303   INFO  [3c4073] Finished processing user request with id = 3c407348-09e1-4ce7-bb54-7b4d4bb1b086 in 00:00:00.0417580.
2018-11-13 00:02:46,804 6305   INFO  [780db5] Finished processing user request with id = 780db53f-d9b9-442d-b5f6-b6f458a38a83 in 00:00:00.0100079.
2018-11-13 00:02:46,807 6308   INFO  [Metrics] Cpu: 11.21%; Memory: 19.78 GB/31.88 GB; Workers: 4/1024; IOCP: 0/1024
2018-11-13 00:02:46,816 6317   INFO  [2e98a9] Started processing user request. Id = 2e98a9ec-a143-46e8-bceb-0a1174cde413. Size = 95.01 KB.
2018-11-13 00:02:46,833 6334   INFO  [2e98a9] Doing some complicated stuff.. Random numbers are: 1499519239, 1178077400, 478109179.
2018-11-13 00:02:46,835 6336   INFO  [c3aa46] Started processing user request. Id = c3aa4639-16a8-4eff-b5ea-14e2d8d3ed09. Size = 40.96 KB.
2018-11-13 00:02:46,846 6347   INFO  [c3aa46] Doing some complicated stuff.. Random numbers are: 491885995, 1674111152, 438692167.
2018-11-13 00:02:46,851 6352   INFO  [BackgroundDaemon] Processing data (85% completed)..
2018-11-13 00:02:46,851 6352   INFO  [BackgroundDaemon] Finished iteration in 00:00:00.1655069.
2018-11-13 00:02:46,857 6358   INFO  [2e98a9] Here's some useful guids:
		d8f04861-ce6b-4d96-b50a-e6a7ee5cfe31
		4fff5738-a173-486c-aec1-ff60098a24fe
		9ed256e9-e433-4814-97f7-89854ac52049
2018-11-13 00:02:46,882 6383   INFO  [2e98a9] Finished processing user request with id = 2e98a9ec-a143-46e8-bceb-0a1174cde413 in 00:00:00.0662003.
2018-11-13 00:02:46,896 6397   INFO  [1900e1] Started processing user request. Id = 1900e151-23d4-42fb-a98c-c9b566fc312b. Size = 93.45 KB.
2018-11-13 00:02:46,914 6415   INFO  [c3aa46] Finished processing user request with id = c3aa4639-16a8-4eff-b5ea-14e2d8d3ed09 in 00:00:00.0789252.
2018-11-13 00:02:46,916 6417   INFO  [1900e1] Doing some complicated stuff.. Random numbers are: 1193651081, 1126029687, 1952012138.
2018-11-13 00:02:46,940 6441   INFO  [1900e1] Finished processing user request with id = 1900e151-23d4-42fb-a98c-c9b566fc312b in 00:00:00.0437946.
2018-11-13 00:02:46,945 6446   INFO  [dcc1da] Started processing user request. Id = dcc1daca-1275-4592-b6df-b1d565b825e5. Size = 95.87 KB.
2018-11-13 00:02:46,948 6449   INFO  [dcc1da] Doing some complicated stuff.. Random numbers are: 232670657, 1984750160, 1526318131.
2018-11-13 00:02:46,953 6454   INFO  [38fb0e] Started processing user request. Id = 38fb0e4d-81c4-4a39-a25d-cf33f2f4748d. Size = 38.26 KB.
2018-11-13 00:02:46,960 6461   INFO  [0b1426] Started processing user request. Id = 0b142624-b12f-4796-b1ec-6cd8ed7d6961. Size = 1.97 KB.
2018-11-13 00:02:46,965 6466   INFO  [38fb0e] Doing some complicated stuff.. Random numbers are: 42965460, 2042833133, 1381676815.
2018-11-13 00:02:46,969 6470   INFO  [0b1426] Doing some complicated stuff.. Random numbers are: 1460696549, 590190898, 1704788261.
2018-11-13 00:02:46,986 6487   INFO  [dcc1da] Here's some useful guids:
		3ee752cc-0818-43e1-8404-862b420b2f87
		04d32399-9c0a-4ac0-bac8-1987c6eaf326
		5fe0f9a8-c5f0-47bd-89b0-f9bca9db2ef1
2018-11-13 00:02:46,995 6496   INFO  [38fb0e] Finished processing user request with id = 38fb0e4d-81c4-4a39-a25d-cf33f2f4748d in 00:00:00.0421404.
2018-11-13 00:02:47,002 6503   INFO  [dcc1da] Finished processing user request with id = dcc1daca-1275-4592-b6df-b1d565b825e5 in 00:00:00.0571084.
2018-11-13 00:02:47,009 6510   INFO  [58e3c9] Started processing user request. Id = 58e3c95b-a9fd-483c-997b-56b7ce6b3679. Size = 40.4 KB.
2018-11-13 00:02:47,024 6525   INFO  [0b1426] Finished processing user request with id = 0b142624-b12f-4796-b1ec-6cd8ed7d6961 in 00:00:00.0641340.
2018-11-13 00:02:47,026 6527   INFO  [58e3c9] Doing some complicated stuff.. Random numbers are: 53636808, 623660773, 1876070240.
2018-11-13 00:02:47,028 6529   INFO  [58e3c9] Here's some useful guids:
		997104a0-3724-4ede-8141-a23ed80a7791
		0d2036a8-79c6-4150-a6e5-e9334396cfb7
		17a269e9-8448-436c-9935-43b8d9463881
		b1d85a17-984e-48d0-8dd9-9e4cf23e1232
		8197f7ba-532f-41c6-8622-00b4a81c5940
2018-11-13 00:02:47,034 6535   INFO  [177c87] Started processing user request. Id = 177c87e3-f46d-4156-ac2b-2f964b30aae6. Size = 21.39 KB.
2018-11-13 00:02:47,036 6537   INFO  [58e3c9] Finished processing user request with id = 58e3c95b-a9fd-483c-997b-56b7ce6b3679 in 00:00:00.0270055.
2018-11-13 00:02:47,044 6545   INFO  [177c87] Doing some complicated stuff.. Random numbers are: 651443698, 1586313975, 267024801.
2018-11-13 00:02:47,050 6551   INFO  [4e90d6] Started processing user request. Id = 4e90d6fb-2ec4-417a-9448-bd173a7d58fe. Size = 60.29 KB.
2018-11-13 00:02:47,051 6552   INFO  [BackgroundDaemon] Starting iteration #15449.
2018-11-13 00:02:47,062 6563   INFO  [4e90d6] Doing some complicated stuff.. Random numbers are: 1734600824, 310524282, 1187732975.
2018-11-13 00:02:47,086 6587   INFO  [BackgroundDaemon] Processing data (16% completed)..
2018-11-13 00:02:47,094 6595   INFO  [177c87] Finished processing user request with id = 177c87e3-f46d-4156-ac2b-2f964b30aae6 in 00:00:00.0600415.
2018-11-13 00:02:47,107 6609   INFO  [4e90d6] Finished processing user request with id = 4e90d6fb-2ec4-417a-9448-bd173a7d58fe in 00:00:00.0570899.
2018-11-13 00:02:47,121 6622   INFO  [54b9b2] Started processing user request. Id = 54b9b210-5869-48fd-81be-cff2cafc6758. Size = 51.07 KB.
2018-11-13 00:02:47,121 6622   INFO  [54b9b2] Doing some complicated stuff.. Random numbers are: 1337780511, 1022324766, 559317251.
2018-11-13 00:02:47,126 6627   INFO  [f920ac] Started processing user request. Id = f920acc2-eaef-47a4-a25d-b482e424209d. Size = 6.13 KB.
2018-11-13 00:02:47,126 6627   INFO  [f920ac] Doing some complicated stuff.. Random numbers are: 492823716, 1319398345, 380232147.
2018-11-13 00:02:47,147 6648   INFO  [BackgroundDaemon] Processing data (31% completed)..
2018-11-13 00:02:47,156 6657   INFO  [54b9b2] Here's some useful guids:
		255e01ae-7c63-41d3-b143-d4f71045e1dc
		ee1b52e9-dcdd-4b82-b0ce-061d924fe625
		20bf24ed-c6e5-4b81-881d-ac9163d46073
2018-11-13 00:02:47,171 6673   INFO  [f920ac] Finished processing user request with id = f920acc2-eaef-47a4-a25d-b482e424209d in 00:00:00.0451034.
2018-11-13 00:02:47,181 6682   INFO  [BackgroundDaemon] Processing data (79% completed)..
2018-11-13 00:02:47,181 6682   INFO  [BackgroundDaemon] Finished iteration in 00:00:00.1295493.
2018-11-13 00:02:47,185 6686   INFO  [54b9b2] Finished processing user request with id = 54b9b210-5869-48fd-81be-cff2cafc6758 in 00:00:00.0634197.
2018-11-13 00:02:47,192 6693   INFO  [a73adc] Started processing user request. Id = a73adc77-f3ce-4101-a45b-d335bf6aa352. Size = 43.9 KB.
2018-11-13 00:02:47,199 6700   INFO  [119037] Started processing user request. Id = 1190371b-9452-4183-ae9a-80ce826b6c50. Size = 5.38 KB.
2018-11-13 00:02:47,200 6701   INFO  [a73adc] Doing some complicated stuff.. Random numbers are: 2066631255, 1786569187, 375863160.
2018-11-13 00:02:47,203 6704   INFO  [5e954a] Started processing user request. Id = 5e954acb-9f6c-4a4f-9645-f395d0a68e68. Size = 56.07 KB.
2018-11-13 00:02:47,217 6718   INFO  [5e954a] Doing some complicated stuff.. Random numbers are: 994884063, 945123260, 1858725165.
2018-11-13 00:02:47,218 6719   INFO  [119037] Doing some complicated stuff.. Random numbers are: 1410602280, 1026353556, 712491840.
2018-11-13 00:02:47,224 6725   INFO  [119037] Here's some useful guids:
		c5c59a0b-d15c-468f-aac8-e2186bf7fd02
2018-11-13 00:02:47,232 6733   INFO  [a73adc] Finished processing user request with id = a73adc77-f3ce-4101-a45b-d335bf6aa352 in 00:00:00.0400064.
2018-11-13 00:02:47,243 6744   INFO  [119037] Finished processing user request with id = 1190371b-9452-4183-ae9a-80ce826b6c50 in 00:00:00.0440550.
2018-11-13 00:02:47,257 6758   INFO  [53f18e] Started processing user request. Id = 53f18ea0-7004-497a-9b82-8090166acc4d. Size = 51.39 KB.
2018-11-13 00:02:47,267 6768   INFO  [53f18e] Doing some complicated stuff.. Random numbers are: 6937749, 168990273, 891617191.
2018-11-13 00:02:47,275 6776   INFO  [5e954a] Finished processing user request with id = 5e954acb-9f6c-4a4f-9645-f395d0a68e68 in 00:00:00.0721145.
2018-11-13 00:02:47,297 6798   INFO  [53f18e] Here's some useful guids:
		a9b5dec2-6d1f-43f7-914b-90b3c0d33ff8
		43e4e6fc-96ae-47bc-b897-f93c9b649e5b
		1b0dfec9-7ca9-4ddd-aaa6-04e347dbb3bd
2018-11-13 00:02:47,306 6807   INFO  [Metrics] Cpu: 11.21%; Memory: 19.78 GB/31.88 GB; Workers: 4/1024; IOCP: 0/1024
2018-11-13 00:02:47,307 6808   INFO  [778688] Started processing user request. Id = 7786880f-9499-4bff-a928-6023bd0657a9. Size = 35.72 KB.
2018-11-13 00:02:47,310 6811   INFO  [53f18e] Finished processing user request with id = 53f18ea0-7004-497a-9b82-8090166acc4d in 00:00:00.0526185.
2018-11-13 00:02:47,314 6815   INFO  [778688] Doing some complicated stuff.. Random numbers are: 1259363198, 974228864, 578393437.
2018-11-13 00:02:47,323 6824   INFO  [2d8eab] Started processing user request. Id = 2d8eab13-4ee2-4886-97d5-4433665bef66. Size = 34.08 KB.
2018-11-13 00:02:47,343 6844   INFO  [2d8eab] Doing some complicated stuff.. Random numbers are: 2025089274, 1687950192, 1342933376.
2018-11-13 00:02:47,359 6860   INFO  [2d8eab] Finished processing user request with id = 2d8eab13-4ee2-4886-97d5-4433665bef66 in 00:00:00.0360264.
2018-11-13 00:02:47,367 6868   INFO  [778688] Finished processing user request with id = 7786880f-9499-4bff-a928-6023bd0657a9 in 00:00:00.0600702.
2018-11-13 00:02:47,373 6874   INFO  [8c7957] Started processing user request. Id = 8c7957cf-119b-4e57-8f3d-49ba619ef09e. Size = 41.92 KB.
2018-11-13 00:02:47,381 6882   INFO  [BackgroundDaemon] Starting iteration #15450.
2018-11-13 00:02:47,388 6889   INFO  [8c7957] Doing some complicated stuff.. Random numbers are: 973467091, 182842269, 115170759.
2018-11-13 00:02:47,397 6898   INFO  [8c7957] Here's some useful guids:
		0a24a676-7707-4963-afda-85c11e030542
		ca2975d5-cedc-44bd-9d8e-57349c89fc4b
		05636689-f414-499d-bc1c-882a007d132c
		8c0849c2-fa32-4c1d-9521-13a5391d723b
		71e05306-5b32-41b1-95c3-6c80d977f189
2018-11-13 00:02:47,399 6900   INFO  [0f4d82] Started processing user request. Id = 0f4d82e9-71f7-412a-83aa-4ac0976a4f0f. Size = 11.19 KB.
2018-11-13 00:02:47,399 6900   INFO  [c91076] Started processing user request. Id = c910766e-0019-43a0-8720-f6f70b126d34. Size = 83.6 KB.
2018-11-13 00:02:47,400 6901   INFO  [8c7957] Finished processing user request with id = 8c7957cf-119b-4e57-8f3d-49ba619ef09e in 00:00:00.0269269.
2018-11-13 00:02:47,405 6906   INFO  [c91076] Doing some complicated stuff.. Random numbers are: 1534473958, 1859389463, 872947311.
2018-11-13 00:02:47,414 6915   INFO  [BackgroundDaemon] Processing data (13% completed)..
2018-11-13 00:02:47,414 6915   INFO  [a4becd] Started processing user request. Id = a4becd12-5380-44b0-879a-1486bd88d407. Size = 1.75 KB.
2018-11-13 00:02:47,415 6916   INFO  [c91076] Here's some useful guids:
		33df003e-edf9-4913-8251-8c3457f182ef
		cbbbffb5-837a-40d7-97df-9e42a77b6d35
2018-11-13 00:02:47,416 6917   INFO  [0f4d82] Doing some complicated stuff.. Random numbers are: 224861194, 1853623411, 907384683.
2018-11-13 00:02:47,424 6925   INFO  [c91076] Finished processing user request with id = c910766e-0019-43a0-8720-f6f70b126d34 in 00:00:00.0250170.
2018-11-13 00:02:47,425 6926   INFO  [a4becd] Doing some complicated stuff.. Random numbers are: 977517493, 2141122334, 1279162760.
2018-11-13 00:02:47,436 6937   INFO  [a4becd] Here's some useful guids:
		9cc54804-569d-4b07-9aaf-ecdd9463c68d
		6eacfae2-322c-4524-9739-b8ace8af6cb7
		854d3116-c854-4402-ae92-7d66e3d0d52f
		fbcf3808-fdc8-4239-a850-616287917956
		7d7d0d79-f779-4ca8-8278-b9ce53b8560b
2018-11-13 00:02:47,452 6953   INFO  [a4becd] Finished processing user request with id = a4becd12-5380-44b0-879a-1486bd88d407 in 00:00:00.0381082.
2018-11-13 00:02:47,464 6965   INFO  [0f4d82] Finished processing user request with id = 0f4d82e9-71f7-412a-83aa-4ac0976a4f0f in 00:00:00.0651686.
2018-11-13 00:02:47,466 6967   INFO  [fe2106] Started processing user request. Id = fe210646-3715-4ae7-bac0-c35a5e86cb09. Size = 50.6 KB.
2018-11-13 00:02:47,480 6981   INFO  [fe2106] Doing some complicated stuff.. Random numbers are: 1220422138, 355667521, 1033183266.
2018-11-13 00:02:47,484 6985   INFO  [BackgroundDaemon] Processing data (30% completed)..
2018-11-13 00:02:47,496 6997   INFO  [6b4a6c] Started processing user request. Id = 6b4a6c1f-be4c-402b-aec8-61e3705a6d8a. Size = 73.35 KB.
2018-11-13 00:02:47,501 7002   INFO  [fe2106] Here's some useful guids:
		6b399ef8-bae0-4ccb-b8cd-8e370c677123
		bbd5fa9d-dc82-4540-9171-e78e28b62441
		ff9c277d-0e3e-44b8-9d67-8e0668e72b14
		0fcb91da-513f-49c6-8743-69b3dd3785fb
		356fa5e7-c968-4c8f-b7bb-7f406f7c233c
2018-11-13 00:02:47,507 7008   INFO  [6b4a6c] Doing some complicated stuff.. Random numbers are: 1999922157, 515378152, 1532357390.
2018-11-13 00:02:47,528 7029   INFO  [fe2106] Finished processing user request with id = fe210646-3715-4ae7-bac0-c35a5e86cb09 in 00:00:00.0614089.
2018-11-13 00:02:47,537 7038   INFO  [BackgroundDaemon] Processing data (73% completed)..
2018-11-13 00:02:47,537 7038   INFO  [BackgroundDaemon] Finished iteration in 00:00:00.1554872.
2018-11-13 00:02:47,542 7043   INFO  [aedffc] Started processing user request. Id = aedffc44-3f1a-433e-8818-59945fb4a04f. Size = 19.1 KB.
2018-11-13 00:02:47,549 7050   INFO  [aedffc] Doing some complicated stuff.. Random numbers are: 1461667274, 825172406, 503676385.
2018-11-13 00:02:47,551 7052   INFO  [6b4a6c] Finished processing user request with id = 6b4a6c1f-be4c-402b-aec8-61e3705a6d8a in 00:00:00.0544287.
2018-11-13 00:02:47,564 7065   INFO  [aedffc] Here's some useful guids:
		b0ecd2aa-52a9-4f8c-8ea6-485116adca2e
		0d4810e6-2d43-4027-8e54-14237f6585e0
		5ac28a9d-1824-47da-b1af-c43cff089bcb
2018-11-13 00:02:47,582 7083   INFO  [d95a3d] Started processing user request. Id = d95a3d0e-6897-484c-9041-f15f54a15804. Size = 41.92 KB.
2018-11-13 00:02:47,591 7092   INFO  [b1d32e] Started processing user request. Id = b1d32ef3-88fa-4641-be92-c56d620ee0a5. Size = 35.71 KB.
2018-11-13 00:02:47,592 7093   INFO  [aedffc] Finished processing user request with id = aedffc44-3f1a-433e-8818-59945fb4a04f in 00:00:00.0506669.
2018-11-13 00:02:47,598 7099   INFO  [d95a3d] Doing some complicated stuff.. Random numbers are: 1278146414, 787359594, 183413899.
2018-11-13 00:02:47,606 7107   INFO  [4468ca] Started processing user request. Id = 4468cabf-bf0d-46c0-a2c8-def3cdff095f. Size = 18.76 KB.
2018-11-13 00:02:47,609 7110   INFO  [b1d32e] Doing some complicated stuff.. Random numbers are: 1656315680, 662696819, 580835359.
2018-11-13 00:02:47,622 7123   INFO  [4468ca] Doing some complicated stuff.. Random numbers are: 233133240, 227850825, 849196425.
2018-11-13 00:02:47,628 7129   INFO  [d95a3d] Finished processing user request with id = d95a3d0e-6897-484c-9041-f15f54a15804 in 00:00:00.0460904.
2018-11-13 00:02:47,633 7134   INFO  [b1d32e] Here's some useful guids:
		d9fb0a72-0e00-4cda-b165-60e7074083cb
		850d7a41-718a-46ff-9b18-10e8dfcb9b54
		b10a4e30-ba81-4b03-8ad7-19bf5cc22426
		ba79d4c8-5c58-4e39-a31c-5673392ddaf7
2018-11-13 00:02:47,660 7161   INFO  [b1d32e] Finished processing user request with id = b1d32ef3-88fa-4641-be92-c56d620ee0a5 in 00:00:00.0684457.
2018-11-13 00:02:47,660 7161   INFO  [50d59c] Started processing user request. Id = 50d59c89-2d76-42af-92f2-be8fc420a625. Size = 51.1 KB.
2018-11-13 00:02:47,673 7174   INFO  [50d59c] Doing some complicated stuff.. Random numbers are: 1598683741, 1243669372, 2105641983.
2018-11-13 00:02:47,685 7186   INFO  [50d59c] Here's some useful guids:
		245ac9c6-661f-4610-997d-513845d31b99
		e4b53670-7d0a-4f14-b6d1-20ef0e086bdf
		04efa13c-1c21-49f0-958e-3f15dea2be6f
		fbf631c1-18c7-4b66-8202-c877881aefe6
		ae62a6c3-7246-4a08-86d2-30c63cde8891
2018-11-13 00:02:47,689 7190   INFO  [4468ca] Finished processing user request with id = 4468cabf-bf0d-46c0-a2c8-def3cdff095f in 00:00:00.0824190.
2018-11-13 00:02:47,703 7204   INFO  [75b28b] Started processing user request. Id = 75b28b38-97ca-4e1c-9f46-19db08d9beb1. Size = 52 KB.
2018-11-13 00:02:47,708 7209   INFO  [50d59c] Finished processing user request with id = 50d59c89-2d76-42af-92f2-be8fc420a625 in 00:00:00.0480274.
2018-11-13 00:02:47,715 7216   INFO  [75b28b] Doing some complicated stuff.. Random numbers are: 299974833, 524998516, 569128234.
2018-11-13 00:02:47,729 7230   INFO  [75b28b] Finished processing user request with id = 75b28b38-97ca-4e1c-9f46-19db08d9beb1 in 00:00:00.0264205.
2018-11-13 00:02:47,737 7238   INFO  [BackgroundDaemon] Starting iteration #15451.
2018-11-13 00:02:47,739 7240   INFO  [bad1dc] Started processing user request. Id = bad1dc7f-5c1f-44ac-aee3-c6e43c9c93ad. Size = 69.5 KB.
2018-11-13 00:02:47,743 7244   INFO  [6688c5] Started processing user request. Id = 6688c5b5-f902-44d7-82e4-c01d8b9799b0. Size = 59.28 KB.
2018-11-13 00:02:47,745 7246   INFO  [bad1dc] Doing some complicated stuff.. Random numbers are: 1973705112, 1719184401, 2057114481.
2018-11-13 00:02:47,754 7255   INFO  [6688c5] Doing some complicated stuff.. Random numbers are: 283607646, 537213219, 185873606.
2018-11-13 00:02:47,764 7265   INFO  [6688c5] Here's some useful guids:
		089ef0f6-0f6d-47a8-9534-0268cdb38fb7
		963c2c12-3f1c-4863-84b4-3a29325b9ee0
		4c3f8ba8-b0d6-43a3-a4ab-ad33da858b69
		485c7c3f-6c7a-47c1-98cb-3e15e6e40010
2018-11-13 00:02:47,774 7275   INFO  [BackgroundDaemon] Processing data (14% completed)..
2018-11-13 00:02:47,779 7280   INFO  [bad1dc] Finished processing user request with id = bad1dc7f-5c1f-44ac-aee3-c6e43c9c93ad in 00:00:00.0400290.
2018-11-13 00:02:47,790 7291   INFO  [6688c5] Finished processing user request with id = 6688c5b5-f902-44d7-82e4-c01d8b9799b0 in 00:00:00.0470488.
2018-11-13 00:02:47,803 7304   INFO  [496ce5] Started processing user request. Id = 496ce53e-6085-414c-be80-5a00517bb85e. Size = 74.83 KB.
2018-11-13 00:02:47,805 7306   INFO  [Metrics] Cpu: 11.80%; Memory: 19.78 GB/31.88 GB; Workers: 4/1024; IOCP: 0/1024
2018-11-13 00:02:47,808 7309   INFO  [496ce5] Doing some complicated stuff.. Random numbers are: 399098456, 1338288543, 102774518.
2018-11-13 00:02:47,810 7311   INFO  [856760] Started processing user request. Id = 856760d7-6852-4c7a-affa-4d89f7b40b8c. Size = 12.17 KB.
2018-11-13 00:02:47,822 7323   INFO  [856760] Doing some complicated stuff.. Random numbers are: 400958957, 1443310883, 772451579.
2018-11-13 00:02:47,827 7328   INFO  [1a8944] Started processing user request. Id = 1a894406-c726-4694-af78-85e7fed76b3d. Size = 20.96 KB.
2018-11-13 00:02:47,840 7341   INFO  [1a8944] Doing some complicated stuff.. Random numbers are: 744649281, 1291430663, 114370914.
2018-11-13 00:02:47,856 7358   INFO  [496ce5] Finished processing user request with id = 496ce53e-6085-414c-be80-5a00517bb85e in 00:00:00.0530325.
2018-11-13 00:02:47,856 7358   INFO  [856760] Here's some useful guids:
		66a20cf9-5018-4826-8131-60b688bd6ad2
2018-11-13 00:02:47,859 7360   INFO  [BackgroundDaemon] Processing data (26% completed)..
2018-11-13 00:02:47,870 7371   INFO  [ea4188] Started processing user request. Id = ea418806-bd85-4fa8-a1b4-7bc4e1e1b630. Size = 45.36 KB.
2018-11-13 00:02:47,874 7375   INFO  [1a8944] Finished processing user request with id = 1a894406-c726-4694-af78-85e7fed76b3d in 00:00:00.0467321.
2018-11-13 00:02:47,876 7377   INFO  [856760] Finished processing user request with id = 856760d7-6852-4c7a-affa-4d89f7b40b8c in 00:00:00.0657560.
2018-11-13 00:02:47,886 7387   INFO  [ea4188] Doing some complicated stuff.. Random numbers are: 1204180673, 1315773769, 177481533.
2018-11-13 00:02:47,908 7409   INFO  [5cc74b] Started processing user request. Id = 5cc74b98-9112-4af9-a91a-39f5cbac2a5b. Size = 72.24 KB.
2018-11-13 00:02:47,912 7413   INFO  [ea4188] Here's some useful guids:
		4a218730-10a9-460d-aad6-14b3f19d8570
		c746c6b8-ceae-40d1-8bef-734a71137ce3
2018-11-13 00:02:47,914 7415   INFO  [ea4188] Finished processing user request with id = ea418806-bd85-4fa8-a1b4-7bc4e1e1b630 in 00:00:00.0440172.
2018-11-13 00:02:47,922 7423   INFO  [5cc74b] Doing some complicated stuff.. Random numbers are: 581874276, 10249030, 947618113.
2018-11-13 00:02:47,926 7427   INFO  [5cc74b] Here's some useful guids:
		8683c921-9204-40ed-b21f-c8e575afeba6
		3c3225c9-0fc6-46ea-9850-655f647a3095
		be5b9f9e-e521-4c53-9722-8f87f851de40
2018-11-13 00:02:47,927 7428   INFO  [c5df9c] Started processing user request. Id = c5df9cf4-e8aa-4f73-b7d0-c6df1c6c4d05. Size = 40.79 KB.
2018-11-13 00:02:47,930 7431   INFO  [c5df9c] Doing some complicated stuff.. Random numbers are: 996716821, 461261517, 1680663304.
2018-11-13 00:02:47,932 7433   INFO  [5cc74b] Finished processing user request with id = 5cc74b98-9112-4af9-a91a-39f5cbac2a5b in 00:00:00.0238519.
2018-11-13 00:02:47,935 7436   INFO  [BackgroundDaemon] Processing data (50% completed)..
2018-11-13 00:02:47,935 7436   INFO  [BackgroundDaemon] Finished iteration in 00:00:00.1978558.
2018-11-13 00:02:47,963 7464   INFO  [c5df9c] Here's some useful guids:
		eb874843-15f3-42c6-971a-6ebda879a338
		bfc4a983-59c4-41ab-b4bb-e31c64cdd16b
		e8ba56d2-2a1d-4f29-855e-cfda202c3aca
		cba2160b-81de-4f4c-9b7f-5f67bb354c21
2018-11-13 00:02:47,964 7465   INFO  [883989] Started processing user request. Id = 88398927-6de3-418c-982a-5007d122d075. Size = 62.13 KB.
2018-11-13 00:02:47,981 7482   INFO  [883989] Doing some complicated stuff.. Random numbers are: 1783150187, 1413362355, 844425410.
2018-11-13 00:02:47,992 7493   INFO  [c5df9c] Finished processing user request with id = c5df9cf4-e8aa-4f73-b7d0-c6df1c6c4d05 in 00:00:00.0648355.
2018-11-13 00:02:48,005 7506   ERROR [883989] 
System.InvalidOperationException: Oh no! An error occurred!
2018-11-13 00:02:48,005 7506   INFO  [261e46] Started processing user request. Id = 261e4631-4ac8-48f5-ba5f-842327c00af2. Size = 84.72 KB.
2018-11-13 00:02:48,022 7523   INFO  [261e46] Doing some complicated stuff.. Random numbers are: 1536700854, 116956328, 1763444744.
2018-11-13 00:02:48,032 7533   INFO  [261e46] Here's some useful guids:
		56d3468a-046a-446f-a894-21b8b2329d78
		c29fc53b-1ccc-4ef2-8ccf-1084cb090edc
2018-11-13 00:02:48,037 7538   INFO  [9757e7] Started processing user request. Id = 9757e725-a55a-4605-b781-95dc9373a5f3. Size = 62.54 KB.
2018-11-13 00:02:48,042 7543   INFO  [c5f12f] Started processing user request. Id = c5f12f73-c52e-4615-8fd2-624f94a61d53. Size = 3.69 KB.
2018-11-13 00:02:48,051 7552   INFO  [9757e7] Doing some complicated stuff.. Random numbers are: 385430426, 512283675, 427965392.
2018-11-13 00:02:48,056 7557   INFO  [c5f12f] Doing some complicated stuff.. Random numbers are: 1410970052, 59911517, 989995423.
2018-11-13 00:02:48,062 7563   INFO  [261e46] Finished processing user request with id = 261e4631-4ac8-48f5-ba5f-842327c00af2 in 00:00:00.0570876.
2018-11-13 00:02:48,072 7573   ERROR [9757e7] 
System.InvalidOperationException: Oh no! An error occurred!
2018-11-13 00:02:48,076 7577   INFO  [768a26] Started processing user request. Id = 768a264e-54dc-4c51-bd24-bcecd802d13a. Size = 56.59 KB.
2018-11-13 00:02:48,084 7585   INFO  [768a26] Doing some complicated stuff.. Random numbers are: 1118690892, 477174061, 1487662136.
2018-11-13 00:02:48,103 7604   INFO  [948e3b] Started processing user request. Id = 948e3b7c-c482-477f-9990-aeedf9ae938d. Size = 37.76 KB.
2018-11-13 00:02:48,105 7606   INFO  [768a26] Here's some useful guids:
		1b864af2-8d08-4432-8012-c6aa045310d1
		495a8668-5cee-47e0-a6d2-e832497474e5
		4e92c373-c2d3-4440-a25b-44cd1df4d415
		cf68d500-8d96-4f91-9441-a26844e7b669
		490cb924-de9a-48fc-b85a-d6c2784addc0
2018-11-13 00:02:48,107 7608   INFO  [768a26] Finished processing user request with id = 768a264e-54dc-4c51-bd24-bcecd802d13a in 00:00:00.0310116.
2018-11-13 00:02:48,115 7616   INFO  [c5f12f] Finished processing user request with id = c5f12f73-c52e-4615-8fd2-624f94a61d53 in 00:00:00.0731256.
2018-11-13 00:02:48,118 7619   INFO  [948e3b] Doing some complicated stuff.. Random numbers are: 1661568357, 423715313, 1677646674.
2018-11-13 00:02:48,121 7622   INFO  [920ad6] Started processing user request. Id = 920ad664-5ff8-4e8c-80a9-39aa9aa90eac. Size = 73.17 KB.
2018-11-13 00:02:48,124 7625   INFO  [948e3b] Here's some useful guids:
		114cb4ff-05d2-4404-ae7d-3e2b308ce77e
		c63b85ac-94bf-4ec8-8689-7d30ebd49019
		7c1a9b9d-6e38-4352-89eb-8697c60bc2cd
		81450a98-9caf-4d7f-93c6-c1aba9fe5ccb
2018-11-13 00:02:48,136 7637   INFO  [BackgroundDaemon] Starting iteration #15452.
2018-11-13 00:02:48,138 7639   INFO  [948e3b] Finished processing user request with id = 948e3b7c-c482-477f-9990-aeedf9ae938d in 00:00:00.0343083.
2018-11-13 00:02:48,141 7642   INFO  [920ad6] Doing some complicated stuff.. Random numbers are: 486132819, 1259115932, 966990872.
2018-11-13 00:02:48,170 7671   INFO  [031ab2] Started processing user request. Id = 031ab221-fbdc-4fb4-9105-bf3a0c02ce4b. Size = 46.89 KB.
2018-11-13 00:02:48,179 7680   INFO  [920ad6] Here's some useful guids:
		afa8d7c1-1470-4e08-ab45-500a7b02e16d
2018-11-13 00:02:48,184 7685   INFO  [031ab2] Doing some complicated stuff.. Random numbers are: 1415303493, 403475741, 1584219889.
2018-11-13 00:02:48,192 7693   INFO  [920ad6] Finished processing user request with id = 920ad664-5ff8-4e8c-80a9-39aa9aa90eac in 00:00:00.0703588.
2018-11-13 00:02:48,206 7707   INFO  [3d7cae] Started processing user request. Id = 3d7cae2f-803f-4330-a8ed-476687cf89b8. Size = 63.51 KB.
2018-11-13 00:02:48,219 7720   INFO  [BackgroundDaemon] Processing data (19% completed)..
2018-11-13 00:02:48,220 7721   INFO  [031ab2] Finished processing user request with id = 031ab221-fbdc-4fb4-9105-bf3a0c02ce4b in 00:00:00.0499584.
2018-11-13 00:02:48,225 7726   INFO  [3d7cae] Doing some complicated stuff.. Random numbers are: 1994604045, 58194361, 1470962566.
2018-11-13 00:02:48,251 7752   INFO  [3d7cae] Here's some useful guids:
		a27e3ad5-a125-40ec-8461-140a4261253d
		28a42ea1-f217-44a3-8cd9-978499b9c9fa
		7e189262-d1f0-448f-9c2c-fcf72813cd41
2018-11-13 00:02:48,252 7753   INFO  [2e5fb3] Started processing user request. Id = 2e5fb3b8-9e83-4c05-9940-f99e10931f1a. Size = 51.88 KB.
2018-11-13 00:02:48,258 7759   INFO  [2e5fb3] Doing some complicated stuff.. Random numbers are: 339822046, 612426103, 1500612355.
2018-11-13 00:02:48,262 7763   INFO  [2e5fb3] Here's some useful guids:
		8b204629-6e8c-462b-a1b4-9277befe1165
2018-11-13 00:02:48,271 7772   INFO  [BackgroundDaemon] Processing data (47% completed)..
2018-11-13 00:02:48,275 7776   INFO  [3d7cae] Finished processing user request with id = 3d7cae2f-803f-4330-a8ed-476687cf89b8 in 00:00:00.0690102.
2018-11-13 00:02:48,279 7780   INFO  [2e5fb3] Finished processing user request with id = 2e5fb3b8-9e83-4c05-9940-f99e10931f1a in 00:00:00.0269627.
2018-11-13 00:02:48,283 7784   INFO  [268ad2] Started processing user request. Id = 268ad285-489b-464e-8da2-ae8bee3770ca. Size = 98.08 KB.
2018-11-13 00:02:48,289 7790   INFO  [2ef6a5] Started processing user request. Id = 2ef6a5a0-de06-4d62-8b95-f68f7b09a9c3. Size = 49.58 KB.
2018-11-13 00:02:48,292 7793   INFO  [268ad2] Doing some complicated stuff.. Random numbers are: 109852213, 1029594437, 1362147192.
2018-11-13 00:02:48,305 7806   INFO  [Metrics] Cpu: 11.80%; Memory: 19.78 GB/31.88 GB; Workers: 4/1024; IOCP: 0/1024
2018-11-13 00:02:48,309 7810   INFO  [2ef6a5] Doing some complicated stuff.. Random numbers are: 608794206, 2068283998, 1110115016.
2018-11-13 00:02:48,309 7810   INFO  [268ad2] Here's some useful guids:
		e9e5a711-98bb-4cb6-b7ca-9585278c451a
		f0e76aff-297b-4339-96c4-39be88856876
2018-11-13 00:02:48,311 7812   INFO  [5c04fb] Started processing user request. Id = 5c04fb91-d925-4571-9a65-df45a1ab37ac. Size = 7.03 KB.
2018-11-13 00:02:48,317 7818   INFO  [2ef6a5] Finished processing user request with id = 2ef6a5a0-de06-4d62-8b95-f68f7b09a9c3 in 00:00:00.0280137.
2018-11-13 00:02:48,326 7827   INFO  [5c04fb] Doing some complicated stuff.. Random numbers are: 1998851363, 1685822022, 777838528.
2018-11-13 00:02:48,330 7831   INFO  [268ad2] Finished processing user request with id = 268ad285-489b-464e-8da2-ae8bee3770ca in 00:00:00.0470236.
2018-11-13 00:02:48,331 7832   INFO  [a2bff5] Started processing user request. Id = a2bff5ad-afbb-4644-998f-d17a3fe4d291. Size = 26.02 KB.
2018-11-13 00:02:48,331 7832   INFO  [5c04fb] Here's some useful guids:
		f5e7bd20-ea40-4e4f-a4cc-d69c671bf0de
		189c38e8-bf47-478a-a6af-6852b4ab4260
		ddf1666a-3163-438b-835a-c84e70b28e63
		c0a7f870-795f-42b2-b3a0-790ccc7d5624
2018-11-13 00:02:48,345 7846   INFO  [5c04fb] Finished processing user request with id = 5c04fb91-d925-4571-9a65-df45a1ab37ac in 00:00:00.0339397.
2018-11-13 00:02:48,347 7848   INFO  [a2bff5] Doing some complicated stuff.. Random numbers are: 997875500, 1492289880, 681534667.
2018-11-13 00:02:48,365 7866   INFO  [BackgroundDaemon] Processing data (79% completed)..
2018-11-13 00:02:48,365 7866   INFO  [BackgroundDaemon] Finished iteration in 00:00:00.2289953.
2018-11-13 00:02:48,377 7878   INFO  [796c85] Started processing user request. Id = 796c8591-0add-47c2-9c38-52b104906599. Size = 68.16 KB.
2018-11-13 00:02:48,391 7892   INFO  [796c85] Doing some complicated stuff.. Random numbers are: 1479552530, 1641191484, 625348426.
2018-11-13 00:02:48,393 7894   INFO  [796c85] Here's some useful guids:
		15e62449-f42e-48b6-a785-fdb02d31a200
		7d66d055-7c5a-40cb-aa80-54d5009817fd
		60f2c081-05a8-4fc4-993b-a801de70430d
		2d6286f1-3084-4a0b-9293-25ad7be2d74c
		6cc18526-b123-4e13-9817-219103a03606
2018-11-13 00:02:48,404 7905   INFO  [a2bff5] Finished processing user request with id = a2bff5ad-afbb-4644-998f-d17a3fe4d291 in 00:00:00.0729421.
2018-11-13 00:02:48,408 7909   INFO  [796c85] Finished processing user request with id = 796c8591-0add-47c2-9c38-52b104906599 in 00:00:00.0310424.
2018-11-13 00:02:48,418 7919   INFO  [3b3dbc] Started processing user request. Id = 3b3dbce4-84b8-401d-a419-4a073b02fdc9. Size = 59.3 KB.
2018-11-13 00:02:48,436 7937   INFO  [3b3dbc] Doing some complicated stuff.. Random numbers are: 1990153319, 236885149, 2020338901.
2018-11-13 00:02:48,440 7941   INFO  [cec182] Started processing user request. Id = cec1823d-7258-45f4-a827-3e8b12918226. Size = 58.66 KB.
2018-11-13 00:02:48,443 7944   INFO  [3b3dbc] Here's some useful guids:
		12a4de84-2aa3-4262-9a37-bd5210a4a5d1
		0cccdb5c-0b12-41b1-9687-1c14011501ff
		0cdccd33-e746-4b42-a470-65c80a1065e6
		f73f580b-cc68-4167-9eb6-ee1115651058
2018-11-13 00:02:48,449 7950   INFO  [cec182] Doing some complicated stuff.. Random numbers are: 2093006666, 1607122849, 1729465985.
2018-11-13 00:02:48,457 7958   INFO  [3b3dbc] Finished processing user request with id = 3b3dbce4-84b8-401d-a419-4a073b02fdc9 in 00:00:00.0390246.
2018-11-13 00:02:48,471 7972   INFO  [e46e72] Started processing user request. Id = e46e7220-d180-4cfa-8b26-b87ed86552c6. Size = 52.73 KB.
2018-11-13 00:02:48,473 7974   INFO  [e46e72] Doing some complicated stuff.. Random numbers are: 994074585, 1153221279, 310471659.
2018-11-13 00:02:48,475 7976   INFO  [cec182] Here's some useful guids:
		b2473f75-7b82-4ae9-8d05-f2616a444ae9
		5592214e-0c75-4aac-97eb-0c754b1afcbc
		8860fe9f-c39a-40a8-82d4-8d6e8a7ce033
2018-11-13 00:02:48,478 7979   INFO  [cec182] Finished processing user request with id = cec1823d-7258-45f4-a827-3e8b12918226 in 00:00:00.0380147.
2018-11-13 00:02:48,481 7982   INFO  [e46e72] Here's some useful guids:
		dbd5ea75-4528-46af-b26a-100af99790fb
		398766f5-1376-4c7f-b080-a765bea9cf62
		a928a756-1be4-4c9d-8838-5be6b078c8be
		af6694e3-67b5-4b28-9f02-68e4273e11cf
2018-11-13 00:02:48,498 7999   INFO  [d4ee0a] Started processing user request. Id = d4ee0aef-e1e3-4972-b007-bdfbcbb0f6c6. Size = 67.9 KB.
2018-11-13 00:02:48,503 8004   INFO  [e46e72] Finished processing user request with id = e46e7220-d180-4cfa-8b26-b87ed86552c6 in 00:00:00.0320110.
2018-11-13 00:02:48,503 8004   INFO  [d4ee0a] Doing some complicated stuff.. Random numbers are: 1881546068, 1407620286, 1661293456.
2018-11-13 00:02:48,510 8011   INFO  [610205] Started processing user request. Id = 610205b3-2a5e-4fe9-bccf-4550b2de6fd3. Size = 75.04 KB.
2018-11-13 00:02:48,512 8013   INFO  [610205] Doing some complicated stuff.. Random numbers are: 963881040, 555536864, 785012812.
2018-11-13 00:02:48,517 8018   INFO  [746f36] Started processing user request. Id = 746f36a1-dfd5-4772-8b39-378690fde851. Size = 6.81 KB.
2018-11-13 00:02:48,526 8027   INFO  [746f36] Doing some complicated stuff.. Random numbers are: 690039231, 121186368, 1050290543.
2018-11-13 00:02:48,532 8033   INFO  [746f36] Here's some useful guids:
		52ff1093-c9eb-41f4-8d12-7a04528e98da
2018-11-13 00:02:48,539 8040   INFO  [746f36] Finished processing user request with id = 746f36a1-dfd5-4772-8b39-378690fde851 in 00:00:00.0220133.
2018-11-13 00:02:48,548 8049   ERROR [d4ee0a] 
System.InvalidOperationException: Oh no! An error occurred!
2018-11-13 00:02:48,553 8054   INFO  [6b2fb4] Started processing user request. Id = 6b2fb461-d211-43fe-8c6e-3e47314ae299. Size = 7.04 KB.
2018-11-13 00:02:48,560 8061   INFO  [610205] Finished processing user request with id = 610205b3-2a5e-4fe9-bccf-4550b2de6fd3 in 00:00:00.0500314.
2018-11-13 00:02:48,565 8066   INFO  [BackgroundDaemon] Starting iteration #15453.
2018-11-13 00:02:48,570 8071   INFO  [6b2fb4] Doing some complicated stuff.. Random numbers are: 83785805, 1987152614, 1937258889.
2018-11-13 00:02:48,592 8093   INFO  [ee5e81] Started processing user request. Id = ee5e8171-bae1-4734-9f5e-954546d9ab9e. Size = 6.91 KB.
2018-11-13 00:02:48,599 8100   INFO  [ee5e81] Doing some complicated stuff.. Random numbers are: 1875708270, 696141657, 634556317.
2018-11-13 00:02:48,600 8101   INFO  [BackgroundDaemon] Processing data (13% completed)..
2018-11-13 00:02:48,617 8118   INFO  [6b2fb4] Finished processing user request with id = 6b2fb461-d211-43fe-8c6e-3e47314ae299 in 00:00:00.0640308.
2018-11-13 00:02:48,620 8121   INFO  [ee5e81] Finished processing user request with id = ee5e8171-bae1-4734-9f5e-954546d9ab9e in 00:00:00.0279642.
2018-11-13 00:02:48,631 8132   INFO  [a2f243] Started processing user request. Id = a2f24364-c999-4fb0-bd34-3ade3f9ddcff. Size = 12.93 KB.
2018-11-13 00:02:48,641 8142   INFO  [BackgroundDaemon] Processing data (42% completed)..
2018-11-13 00:02:48,642 8143   INFO  [a2f243] Doing some complicated stuff.. Random numbers are: 1855200999, 1189501371, 258794598.
2018-11-13 00:02:48,651 8152   INFO  [318b5b] Started processing user request. Id = 318b5b32-3ee2-454d-86ee-c2edd597b61f. Size = 97.55 KB.
2018-11-13 00:02:48,664 8165   INFO  [318b5b] Doing some complicated stuff.. Random numbers are: 1778082884, 82545440, 1249993895.
2018-11-13 00:02:48,670 8171   INFO  [a2f243] Here's some useful guids:
		2cc709c1-e5e3-4580-8747-662e1a5d8a5b
		1eeb7cf5-7202-499a-a579-24b1bb401e0c
		a14105e9-ec1a-4bd8-85b0-7e7629d41594
		39d7d061-a5c8-46be-a9b2-b3391c262e09
		85dc3b2b-5b29-4782-9b75-1f91eea3ac40
2018-11-13 00:02:48,674 8175   INFO  [BackgroundDaemon] Processing data (56% completed)..
2018-11-13 00:02:48,674 8175   INFO  [BackgroundDaemon] Finished iteration in 00:00:00.1092316.
2018-11-13 00:02:48,677 8178   INFO  [a2f243] Finished processing user request with id = a2f24364-c999-4fb0-bd34-3ade3f9ddcff in 00:00:00.0461679.
2018-11-13 00:02:48,688 8189   INFO  [318b5b] Finished processing user request with id = 318b5b32-3ee2-454d-86ee-c2edd597b61f in 00:00:00.0371736.
2018-11-13 00:02:48,691 8192   INFO  [0c6a2a] Started processing user request. Id = 0c6a2a7a-a0aa-422f-8e28-a4b7e89c3864. Size = 49.37 KB.
2018-11-13 00:02:48,695 8196   INFO  [0c6a2a] Doing some complicated stuff.. Random numbers are: 444057192, 362856968, 719735700.
2018-11-13 00:02:48,698 8199   INFO  [0c6a2a] Here's some useful guids:
		15ee14af-d866-43d8-a222-7a0475f5856d
		300629a9-740e-4ea4-9eac-50da164e9964
		af85c375-ed26-44ca-988c-29471b3b3496
2018-11-13 00:02:48,715 8216   INFO  [34cc8a] Started processing user request. Id = 34cc8a0e-cb23-45e9-8ace-163dac7dab43. Size = 11.11 KB.
2018-11-13 00:02:48,720 8221   INFO  [cd858f] Started processing user request. Id = cd858f26-8471-484f-b474-f03dd0a94fca. Size = 17.9 KB.
2018-11-13 00:02:48,725 8226   INFO  [0c6a2a] Finished processing user request with id = 0c6a2a7a-a0aa-422f-8e28-a4b7e89c3864 in 00:00:00.0340183.
2018-11-13 00:02:48,731 8232   INFO  [34cc8a] Doing some complicated stuff.. Random numbers are: 167131693, 1357091921, 1229951153.
2018-11-13 00:02:48,735 8236   INFO  [34cc8a] Here's some useful guids:
		ec4b5842-ee88-493a-b43a-5591ec6affd5
		2562144f-2cea-437a-a0e8-3be08dfc2049
		e7320a18-f70a-4ff7-bf49-6f14189aff88
		232d531c-b96f-4738-a5cf-47230ef70c0a
		6aaa59bf-a3e6-4173-a65f-349313df66f2
2018-11-13 00:02:48,738 8239   INFO  [3fe48a] Started processing user request. Id = 3fe48a97-fff6-43c7-8eb4-78cf803e7a12. Size = 78.78 KB.
2018-11-13 00:02:48,739 8240   INFO  [cd858f] Doing some complicated stuff.. Random numbers are: 1512751541, 1913287327, 2075716750.
2018-11-13 00:02:48,740 8241   INFO  [3fe48a] Doing some complicated stuff.. Random numbers are: 563395500, 911369644, 1836114728.
2018-11-13 00:02:48,757 8258   INFO  [34cc8a] Finished processing user request with id = 34cc8a0e-cb23-45e9-8ace-163dac7dab43 in 00:00:00.0420612.
2018-11-13 00:02:48,757 8258   INFO  [3fe48a] Finished processing user request with id = 3fe48a97-fff6-43c7-8eb4-78cf803e7a12 in 00:00:00.0190289.
2018-11-13 00:02:48,767 8268   INFO  [cd858f] Here's some useful guids:
		a3c31231-99a5-428a-9565-ba7d32b6f43f
		d169105e-7d15-4f44-9d93-066f561a9860
2018-11-13 00:02:48,771 8272   INFO  [96e485] Started processing user request. Id = 96e4856d-e07a-4298-aeb9-5e3c097ffff4. Size = 62.31 KB.
2018-11-13 00:02:48,776 8277   INFO  [96e485] Doing some complicated stuff.. Random numbers are: 560630319, 1553933087, 1486970935.
2018-11-13 00:02:48,786 8287   INFO  [cd858f] Finished processing user request with id = cd858f26-8471-484f-b474-f03dd0a94fca in 00:00:00.0661088.
2018-11-13 00:02:48,805 8306   INFO  [Metrics] Cpu: 11.06%; Memory: 19.78 GB/31.88 GB; Workers: 4/1024; IOCP: 0/1024
2018-11-13 00:02:48,806 8307   INFO  [96e485] Finished processing user request with id = 96e4856d-e07a-4298-aeb9-5e3c097ffff4 in 00:00:00.0344364.
2018-11-13 00:02:48,818 8319   INFO  [72758e] Started processing user request. Id = 72758e4d-2bb4-4f9d-b22b-f4b7414fd6af. Size = 42.23 KB.
2018-11-13 00:02:48,820 8321   INFO  [efdee7] Started processing user request. Id = efdee70c-e61b-409d-92d5-3379a34abca2. Size = 19.71 KB.
2018-11-13 00:02:48,826 8327   INFO  [72758e] Doing some complicated stuff.. Random numbers are: 1595306225, 1037622283, 856982229.
2018-11-13 00:02:48,828 8329   INFO  [efdee7] Doing some complicated stuff.. Random numbers are: 48015678, 721323724, 1805589885.
2018-11-13 00:02:48,853 8354   INFO  [72758e] Here's some useful guids:
		f7ca6f69-87ad-4187-af73-a3508ef64faf
2018-11-13 00:02:48,875 8376   INFO  [efdee7] Finished processing user request with id = efdee70c-e61b-409d-92d5-3379a34abca2 in 00:00:00.0550457.
2018-11-13 00:02:48,875 8376   INFO  [BackgroundDaemon] Starting iteration #15454.
2018-11-13 00:02:48,875 8376   INFO  [72758e] Finished processing user request with id = 72758e4d-2bb4-4f9d-b22b-f4b7414fd6af in 00:00:00.0570269.
2018-11-13 00:02:48,889 8390   INFO  [d47e9f] Started processing user request. Id = d47e9fbf-1ca2-4819-8a72-3a5ea658fb8e. Size = 62.97 KB.
2018-11-13 00:02:48,904 8405   INFO  [d47e9f] Doing some complicated stuff.. Random numbers are: 1858568608, 1563082475, 734139488.
2018-11-13 00:02:48,907 8408   INFO  [c65d20] Started processing user request. Id = c65d205d-ac41-4beb-96a1-4b69a99ece67. Size = 66.65 KB.
2018-11-13 00:02:48,915 8416   INFO  [d47e9f] Finished processing user request with id = d47e9fbf-1ca2-4819-8a72-3a5ea658fb8e in 00:00:00.0260108.
2018-11-13 00:02:48,915 8416   INFO  [BackgroundDaemon] Processing data (6% completed)..
2018-11-13 00:02:48,921 8422   INFO  [c65d20] Doing some complicated stuff.. Random numbers are: 1996001841, 145754044, 1787779554.
2018-11-13 00:02:48,925 8426   INFO  [41815e] Started processing user request. Id = 41815e59-909f-4bc2-ab3c-61343ec7b2fb. Size = 30.45 KB.
2018-11-13 00:02:48,928 8429   INFO  [484449] Started processing user request. Id = 484449c7-9938-4be5-842c-2adb28125422. Size = 25.13 KB.
2018-11-13 00:02:48,935 8436   INFO  [41815e] Doing some complicated stuff.. Random numbers are: 1537896758, 1591165417, 310650245.
2018-11-13 00:02:48,937 8438   INFO  [484449] Doing some complicated stuff.. Random numbers are: 1500870290, 1499797676, 2100414016.
2018-11-13 00:02:48,940 8441   INFO  [c65d20] Here's some useful guids:
		3d07fd4a-5ca9-439e-b084-c6e8b9ae61a6
		6fc4911a-33c1-4dce-9cec-225b85f4ebcd
2018-11-13 00:02:48,947 8448   INFO  [BackgroundDaemon] Processing data (22% completed)..
2018-11-13 00:02:48,956 8457   INFO  [484449] Here's some useful guids:
		fa875b32-fe94-414c-b162-e5411a2c6727
		c2620d3d-d881-4bb3-8ed2-0480d7d7d7bc
		f97cee08-b4b0-4d91-8a0c-1d20cd8c7408
2018-11-13 00:02:48,959 8460   INFO  [484449] Finished processing user request with id = 484449c7-9938-4be5-842c-2adb28125422 in 00:00:00.0309315.
2018-11-13 00:02:48,962 8463   INFO  [c65d20] Finished processing user request with id = c65d205d-ac41-4beb-96a1-4b69a99ece67 in 00:00:00.0550029.
2018-11-13 00:02:48,963 8464   INFO  [41815e] Here's some useful guids:
		3f7ce7a0-06d4-4f02-a707-731f601740ed
		b491580b-f373-47c5-876b-a8ce6a2a09db
		bd9557a4-5a74-427f-9428-36e6186179c5
2018-11-13 00:02:48,973 8474   INFO  [485f1b] Started processing user request. Id = 485f1b72-665c-4de3-9f83-abb632f77320. Size = 46.65 KB.
2018-11-13 00:02:48,984 8485   INFO  [485f1b] Doing some complicated stuff.. Random numbers are: 1278431078, 1267585249, 1834784089.
2018-11-13 00:02:48,986 8487   ERROR [41815e] 
System.InvalidOperationException: Oh no! An error occurred!
2018-11-13 00:02:48,994 8495   INFO  [6e3a87] Started processing user request. Id = 6e3a8762-f431-4fc1-8ec7-bd690e3fcec8. Size = 32.78 KB.
2018-11-13 00:02:48,996 8497   INFO  [485f1b] Here's some useful guids:
		afbdeb4d-7575-46a2-b875-3c4be9f18967
		da22a3cf-aa30-4e29-8c11-92802377887a
		3445fe20-d503-422b-9dcc-f89ceee5a26c
2018-11-13 00:02:49,002 8503   INFO  [6e3a87] Doing some complicated stuff.. Random numbers are: 1574706100, 1743658164, 782990769.
2018-11-13 00:02:49,013 8514   INFO  [485f1b] Finished processing user request with id = 485f1b72-665c-4de3-9f83-abb632f77320 in 00:00:00.0400824.
2018-11-13 00:02:49,027 8528   INFO  [8e6982] Started processing user request. Id = 8e6982b8-b99e-44b7-be0d-22e57b09e837. Size = 24.39 KB.
2018-11-13 00:02:49,035 8536   INFO  [8e6982] Doing some complicated stuff.. Random numbers are: 1500588124, 950229892, 1196521799.
2018-11-13 00:02:49,039 8540   INFO  [8e6982] Here's some useful guids:
		93cc0f39-e749-4d8e-b5aa-3228a9114682
		c74aafb5-14be-439a-b93e-72344b562d06
		00b76dae-c4b9-40c3-9159-954b84ec90f7
		a2d98630-7a9e-4d77-977d-5021083047da
2018-11-13 00:02:49,044 8545   INFO  [6e3a87] Finished processing user request with id = 6e3a8762-f431-4fc1-8ec7-bd690e3fcec8 in 00:00:00.0506062.
2018-11-13 00:02:49,046 8547   INFO  [BackgroundDaemon] Processing data (50% completed)..
2018-11-13 00:02:49,046 8547   INFO  [BackgroundDaemon] Finished iteration in 00:00:00.1717165.
2018-11-13 00:02:49,066 8567   INFO  [8e6982] Finished processing user request with id = 8e6982b8-b99e-44b7-be0d-22e57b09e837 in 00:00:00.0395419.
2018-11-13 00:02:49,075 8576   INFO  [c96caa] Started processing user request. Id = c96caaed-d7ff-4540-a93a-b0fe75205826. Size = 17.76 KB.
2018-11-13 00:02:49,079 8580   INFO  [77a628] Started processing user request. Id = 77a62890-7a7c-40f0-8021-d58e61d13e63. Size = 19.68 KB.
2018-11-13 00:02:49,095 8596   INFO  [c96caa] Doing some complicated stuff.. Random numbers are: 78182826, 941278196, 1443212726.
2018-11-13 00:02:49,099 8600   INFO  [77a628] Doing some complicated stuff.. Random numbers are: 942608301, 1140706736, 1049847581.
2018-11-13 00:02:49,110 8611   INFO  [c96caa] Finished processing user request with id = c96caaed-d7ff-4540-a93a-b0fe75205826 in 00:00:00.0350684.
2018-11-13 00:02:49,129 8631   INFO  [77a628] Here's some useful guids:
		3223a2ed-fcc2-4739-89c2-9d314bef54c8
		35471f69-84c8-42f0-8af7-ea5303971ae5
		bfa810fa-0d74-46df-b1e8-294d19bb8cd5
2018-11-13 00:02:49,141 8642   INFO  [77a628] Finished processing user request with id = 77a62890-7a7c-40f0-8021-d58e61d13e63 in 00:00:00.0611429.
2018-11-13 00:02:49,142 8643   INFO  [f254e5] Started processing user request. Id = f254e558-507b-43ee-8c54-c9153bcdcf0a. Size = 42.1 KB.
2018-11-13 00:02:49,149 8650   INFO  [f254e5] Doing some complicated stuff.. Random numbers are: 351810039, 2117395086, 265574677.
2018-11-13 00:02:49,154 8655   INFO  [ae1b7f] Started processing user request. Id = ae1b7ff9-89d3-463a-b1b9-6ebf4742e648. Size = 91.68 KB.
2018-11-13 00:02:49,154 8655   INFO  [42bc90] Started processing user request. Id = 42bc90c7-1418-4d80-93e0-2763674bee7d. Size = 6.99 KB.
2018-11-13 00:02:49,160 8661   INFO  [42bc90] Doing some complicated stuff.. Random numbers are: 1676639464, 1038648986, 2012633381.
2018-11-13 00:02:49,161 8662   INFO  [ae1b7f] Doing some complicated stuff.. Random numbers are: 1818468659, 1401523554, 1128256367.
2018-11-13 00:02:49,170 8671   INFO  [f254e5] Here's some useful guids:
		d377b18c-4048-40c6-bbb1-111b698e1898
		618e4cb3-d0a9-4c31-ac79-8c75aee73bd7
		394c7682-c8f3-4623-8e54-bd9d73b5c2fa
2018-11-13 00:02:49,172 8673   INFO  [f254e5] Finished processing user request with id = f254e558-507b-43ee-8c54-c9153bcdcf0a in 00:00:00.0300884.
2018-11-13 00:02:49,175 8676   INFO  [42bc90] Here's some useful guids:
		26f65191-f947-4955-a1e3-19f91100f015
2018-11-13 00:02:49,175 8676   INFO  [42bc90] Finished processing user request with id = 42bc90c7-1418-4d80-93e0-2763674bee7d in 00:00:00.0210191.
2018-11-13 00:02:49,189 8690   INFO  [44b407] Started processing user request. Id = 44b4070b-eac2-4d2e-93c7-806a3bedd1bb. Size = 96.03 KB.
2018-11-13 00:02:49,200 8701   INFO  [44b407] Doing some complicated stuff.. Random numbers are: 375243504, 1689415073, 1705093672.
2018-11-13 00:02:49,203 8704   INFO  [e65c6e] Started processing user request. Id = e65c6eb0-de88-45d4-9467-dae907cd48bc. Size = 5.74 KB.
2018-11-13 00:02:49,204 8705   ERROR [ae1b7f] 
System.InvalidOperationException: Oh no! An error occurred!
2018-11-13 00:02:49,214 8715   INFO  [e65c6e] Doing some complicated stuff.. Random numbers are: 614424856, 249959587, 1144513431.
2018-11-13 00:02:49,220 8721   INFO  [e65c6e] Finished processing user request with id = e65c6eb0-de88-45d4-9467-dae907cd48bc in 00:00:00.0170283.
2018-11-13 00:02:49,242 8743   INFO  [44b407] Finished processing user request with id = 44b4070b-eac2-4d2e-93c7-806a3bedd1bb in 00:00:00.0530577.
2018-11-13 00:02:49,247 8748   INFO  [BackgroundDaemon] Starting iteration #15455.
2018-11-13 00:02:49,252 8753   INFO  [fb93a6] Started processing user request. Id = fb93a636-fb07-4b85-8950-cf6d4f032103. Size = 91.36 KB.
2018-11-13 00:02:49,255 8756   INFO  [fb93a6] Doing some complicated stuff.. Random numbers are: 1035376849, 191033698, 512725591.
2018-11-13 00:02:49,256 8757   INFO  [6e24d0] Started processing user request. Id = 6e24d089-285f-45d2-aea6-15e129aaa800. Size = 87.65 KB.
2018-11-13 00:02:49,259 8760   INFO  [6e24d0] Doing some complicated stuff.. Random numbers are: 1272501264, 1459761187, 397029293.
2018-11-13 00:02:49,264 8765   INFO  [6e24d0] Finished processing user request with id = 6e24d089-285f-45d2-aea6-15e129aaa800 in 00:00:00.0080103.
2018-11-13 00:02:49,278 8779   INFO  [23c3c3] Started processing user request. Id = 23c3c335-b895-4337-8172-7a140b89bbce. Size = 9.95 KB.
2018-11-13 00:02:49,280 8781   INFO  [23c3c3] Doing some complicated stuff.. Random numbers are: 260020421, 1848867210, 311219820.
2018-11-13 00:02:49,282 8783   INFO  [23c3c3] Here's some useful guids:
		291232be-750a-451a-8f66-767fac667680
		5123e287-3946-44e4-81c1-8f2e547d97f1
		3a980988-5eb9-4bfd-9088-87a4a4d216d1
		35e49cb3-dc5a-4431-903f-4f37553f7b8a
		5086e3e8-bf8c-44d5-b39e-f1641beaf5e0
2018-11-13 00:02:49,292 8793   INFO  [fb93a6] Finished processing user request with id = fb93a636-fb07-4b85-8950-cf6d4f032103 in 00:00:00.0398750.
2018-11-13 00:02:49,301 8802   INFO  [23c3c3] Finished processing user request with id = 23c3c335-b895-4337-8172-7a140b89bbce in 00:00:00.0229986.
2018-11-13 00:02:49,304 8805   INFO  [Metrics] Cpu: 11.06%; Memory: 19.77 GB/31.88 GB; Workers: 4/1024; IOCP: 0/1024
2018-11-13 00:02:49,315 8816   INFO  [03c741] Started processing user request. Id = 03c7412a-0bef-4cad-88dd-b99732776957. Size = 49.59 KB.
2018-11-13 00:02:49,320 8821   INFO  [03c741] Doing some complicated stuff.. Random numbers are: 82990124, 427023750, 1419536138.
2018-11-13 00:02:49,324 8825   INFO  [500f4b] Started processing user request. Id = 500f4bb6-2cf8-48e1-ad89-c1bf1fa9699d. Size = 23.79 KB.
2018-11-13 00:02:49,330 8831   INFO  [500f4b] Doing some complicated stuff.. Random numbers are: 1950436767, 1797844017, 457703060.
2018-11-13 00:02:49,339 8840   INFO  [BackgroundDaemon] Processing data (10% completed)..
2018-11-13 00:02:49,350 8851   INFO  [500f4b] Finished processing user request with id = 500f4bb6-2cf8-48e1-ad89-c1bf1fa9699d in 00:00:00.0259651.
2018-11-13 00:02:49,359 8860   INFO  [03c741] Finished processing user request with id = 03c7412a-0bef-4cad-88dd-b99732776957 in 00:00:00.0439749.
2018-11-13 00:02:49,372 8873   INFO  [b61bbf] Started processing user request. Id = b61bbf78-7160-4d50-8195-2f854d63c4c7. Size = 86.7 KB.
2018-11-13 00:02:49,373 8874   INFO  [4d74fb] Started processing user request. Id = 4d74fbc4-e78c-4c3d-8127-ea3a7bf4a863. Size = 64.01 KB.
2018-11-13 00:02:49,374 8875   INFO  [b61bbf] Doing some complicated stuff.. Random numbers are: 1012764761, 1313504350, 1367873299.
2018-11-13 00:02:49,381 8882   INFO  [22d9fd] Started processing user request. Id = 22d9fdda-1bc8-4153-9eaf-77e816048cec. Size = 34.15 KB.
2018-11-13 00:02:49,386 8887   INFO  [22d9fd] Doing some complicated stuff.. Random numbers are: 464376256, 1620757182, 1853110837.
2018-11-13 00:02:49,387 8888   INFO  [4d74fb] Doing some complicated stuff.. Random numbers are: 1359153924, 54208978, 1977227924.
2018-11-13 00:02:49,388 8889   INFO  [BackgroundDaemon] Processing data (29% completed)..
2018-11-13 00:02:49,401 8902   INFO  [4d74fb] Here's some useful guids:
		d5a5c963-9f86-4f77-9ae9-e0cbf5c9df57
		ebcff310-e3a2-4eab-95fc-76cab951b81d
		e973bb7d-908f-4145-b15f-299396d464a0
2018-11-13 00:02:49,403 8904   INFO  [b61bbf] Here's some useful guids:
		ae6b9d53-acd2-416d-9162-87546222c981
		cd4ce2af-168d-4255-a7ce-25432da59d13
		c5786ba6-ec8a-4127-92f5-8d07cc725d3b
		fa2b36c5-2ea2-444f-aebf-c5bee0bc80f5
		5afb9ad0-a0f8-43ba-9055-87e6d179508f
2018-11-13 00:02:49,408 8909   INFO  [BackgroundDaemon] Processing data (71% completed)..
2018-11-13 00:02:49,408 8909   INFO  [BackgroundDaemon] Finished iteration in 00:00:00.1612009.
2018-11-13 00:02:49,416 8917   INFO  [4d74fb] Finished processing user request with id = 4d74fbc4-e78c-4c3d-8127-ea3a7bf4a863 in 00:00:00.0430289.
2018-11-13 00:02:49,425 8926   INFO  [22d9fd] Finished processing user request with id = 22d9fdda-1bc8-4153-9eaf-77e816048cec in 00:00:00.0440902.
2018-11-13 00:02:49,428 8929   INFO  [b61bbf] Finished processing user request with id = b61bbf78-7160-4d50-8195-2f854d63c4c7 in 00:00:00.0560706.
2018-11-13 00:02:49,430 8931   INFO  [205689] Started processing user request. Id = 2056899e-48ef-4390-9c51-916e12b43c45. Size = 58.48 KB.
2018-11-13 00:02:49,439 8940   INFO  [205689] Doing some complicated stuff.. Random numbers are: 884525287, 590910910, 2109249152.
2018-11-13 00:02:49,448 8949   INFO  [205689] Finished processing user request with id = 2056899e-48ef-4390-9c51-916e12b43c45 in 00:00:00.0181520.
2018-11-13 00:02:49,456 8957   INFO  [31547f] Started processing user request. Id = 31547f57-16f5-4e26-9c37-27b042685c29. Size = 87.82 KB.
2018-11-13 00:02:49,462 8963   INFO  [c32f9a] Started processing user request. Id = c32f9abe-fc6b-4d6c-af44-434eff476964. Size = 38.96 KB.
2018-11-13 00:02:49,465 8966   INFO  [c32f9a] Doing some complicated stuff.. Random numbers are: 839969315, 1716966032, 508240261.
2018-11-13 00:02:49,472 8973   INFO  [31547f] Doing some complicated stuff.. Random numbers are: 1081153042, 627145440, 1722704028.
2018-11-13 00:02:49,478 8979   INFO  [31547f] Here's some useful guids:
		e58d7111-86c9-4409-9482-fd52b50855fb
		eddf7b03-5934-41c6-ab39-f199872f6fc2
2018-11-13 00:02:49,481 8982   ERROR [31547f] 
System.InvalidOperationException: Oh no! An error occurred!
2018-11-13 00:02:49,513 9014   INFO  [8128eb] Started processing user request. Id = 8128eb20-3420-4ebd-b276-3530a0510ac7. Size = 26.31 KB.
2018-11-13 00:02:49,515 9016   INFO  [c32f9a] Finished processing user request with id = c32f9abe-fc6b-4d6c-af44-434eff476964 in 00:00:00.0531240.
2018-11-13 00:02:49,529 9030   INFO  [3d20c3] Started processing user request. Id = 3d20c3c2-5a12-4a20-8fc4-426790ce3b9c. Size = 92.17 KB.
2018-11-13 00:02:49,532 9033   INFO  [8128eb] Doing some complicated stuff.. Random numbers are: 436886052, 1246404520, 781478206.
2018-11-13 00:02:49,547 9048   INFO  [3d20c3] Doing some complicated stuff.. Random numbers are: 434591357, 572737084, 822000260.
2018-11-13 00:02:49,549 9050   INFO  [8128eb] Here's some useful guids:
		b5f08d2a-22b2-4a18-b05c-196bb67eaeb3
		103c6de7-766f-468c-a42b-12a05d31d707
		873182cf-3f17-4c37-9933-8285265a1438
		6ca2a2fd-425e-4ddb-84c9-09d86b566d73
2018-11-13 00:02:49,571 9072   INFO  [8128eb] Finished processing user request with id = 8128eb20-3420-4ebd-b276-3530a0510ac7 in 00:00:00.0576345.
2018-11-13 00:02:49,578 9079   INFO  [3d20c3] Here's some useful guids:
		a9dc78cc-7900-4f0f-88d5-020fd286f28e
		858e147a-ad38-4045-989f-56c72888ffa5
2018-11-13 00:02:49,592 9093   INFO  [3d20c3] Finished processing user request with id = 3d20c3c2-5a12-4a20-8fc4-426790ce3b9c in 00:00:00.0630783.
2018-11-13 00:02:49,595 9096   INFO  [ca54dc] Started processing user request. Id = ca54dc49-fdd0-412f-bc88-13dd21fd70f0. Size = 39.19 KB.
2018-11-13 00:02:49,602 9103   INFO  [22b456] Started processing user request. Id = 22b4565b-ab78-4adc-a3a9-88cf7d17a3a6. Size = 28.38 KB.
2018-11-13 00:02:49,603 9104   INFO  [ca54dc] Doing some complicated stuff.. Random numbers are: 1036248539, 1176205842, 813866691.
2018-11-13 00:02:49,604 9105   INFO  [22b456] Doing some complicated stuff.. Random numbers are: 643487049, 351968042, 1776079480.
2018-11-13 00:02:49,606 9107   INFO  [576b51] Started processing user request. Id = 576b512a-3b65-43b3-9478-89f695251e40. Size = 19.66 KB.
2018-11-13 00:02:49,608 9109   INFO  [BackgroundDaemon] Starting iteration #15456.
2018-11-13 00:02:49,615 9117   INFO  [576b51] Doing some complicated stuff.. Random numbers are: 1426745484, 1273332840, 1968961572.
2018-11-13 00:02:49,632 9133   INFO  [576b51] Here's some useful guids:
		da607ffb-bc34-443f-8201-f5a122c9bf80
		18fe4c8b-2f92-4187-8fbc-4de0369ff916
		c8c5fe5d-1cdc-479f-beb5-db63f8b35f45
		bb26d9e3-bc53-4094-9771-df61b85ac4a8
2018-11-13 00:02:49,635 9136   ERROR [576b51] 
System.InvalidOperationException: Oh no! An error occurred!
2018-11-13 00:02:49,638 9139   INFO  [22b456] Finished processing user request with id = 22b4565b-ab78-4adc-a3a9-88cf7d17a3a6 in 00:00:00.0358300.
2018-11-13 00:02:49,647 9148   INFO  [ca54dc] Finished processing user request with id = ca54dc49-fdd0-412f-bc88-13dd21fd70f0 in 00:00:00.0518238.
2018-11-13 00:02:49,648 9149   INFO  [b2399d] Started processing user request. Id = b2399d3d-f8ba-4c98-9db2-bae9d5f0dfa8. Size = 5.54 KB.
2018-11-13 00:02:49,652 9153   INFO  [b2399d] Doing some complicated stuff.. Random numbers are: 1585599852, 362512872, 1719334098.
2018-11-13 00:02:49,659 9160   INFO  [BackgroundDaemon] Processing data (10% completed)..
2018-11-13 00:02:49,669 9170   INFO  [d1698a] Started processing user request. Id = d1698a77-75a5-4163-80fb-f89969d63e5a. Size = 25.09 KB.
2018-11-13 00:02:49,670 9171   ERROR [b2399d] 
System.InvalidOperationException: Oh no! An error occurred!
2018-11-13 00:02:49,681 9182   INFO  [d1698a] Doing some complicated stuff.. Random numbers are: 285834124, 252775099, 2015549778.
2018-11-13 00:02:49,683 9184   INFO  [a6fcdc] Started processing user request. Id = a6fcdc18-6b2e-40e5-9afd-f0a85219855f. Size = 38.89 KB.
2018-11-13 00:02:49,693 9194   INFO  [a6fcdc] Doing some complicated stuff.. Random numbers are: 364184037, 916028136, 1344497709.
2018-11-13 00:02:49,706 9207   INFO  [d1698a] Here's some useful guids:
		deb1b486-4aea-4eeb-bd7b-a38f0b1fae11
2018-11-13 00:02:49,723 9224   INFO  [a6fcdc] Finished processing user request with id = a6fcdc18-6b2e-40e5-9afd-f0a85219855f in 00:00:00.0404129.
2018-11-13 00:02:49,734 9235   INFO  [d1698a] Finished processing user request with id = d1698a77-75a5-4163-80fb-f89969d63e5a in 00:00:00.0655818.
2018-11-13 00:02:49,736 9237   INFO  [3fe03f] Started processing user request. Id = 3fe03f4a-eae2-4232-994b-88874c782c2b. Size = 5.84 KB.
2018-11-13 00:02:49,750 9251   INFO  [3fe03f] Doing some complicated stuff.. Random numbers are: 1829626182, 1407137874, 1167627091.
2018-11-13 00:02:49,758 9259   INFO  [BackgroundDaemon] Processing data (29% completed)..
2018-11-13 00:02:49,766 9267   INFO  [df0ff2] Started processing user request. Id = df0ff240-cf88-4357-9040-3f37a288ed09. Size = 75.38 KB.
2018-11-13 00:02:49,776 9277   INFO  [df0ff2] Doing some complicated stuff.. Random numbers are: 1917579669, 331052421, 1868232379.
2018-11-13 00:02:49,781 9282   INFO  [df0ff2] Here's some useful guids:
		cfecb6f8-e4f2-429f-b6c4-64040eddcdd6
2018-11-13 00:02:49,785 9286   INFO  [3fe03f] Here's some useful guids:
		303903a2-9b5a-4156-945a-db7ef3b78964
		2b5a126e-a431-45a8-9546-99d3c50c5a08
		b892b02f-0a06-413f-b83e-251e5fe4d007
		964989c2-e0d5-4f7d-8801-a44b7889f194
2018-11-13 00:02:49,803 9304   INFO  [df0ff2] Finished processing user request with id = df0ff240-cf88-4357-9040-3f37a288ed09 in 00:00:00.0363118.
2018-11-13 00:02:49,803 9304   INFO  [Metrics] Cpu: 6.26%; Memory: 19.78 GB/31.88 GB; Workers: 4/1024; IOCP: 0/1024
2018-11-13 00:02:49,807 9308   INFO  [3fe03f] Finished processing user request with id = 3fe03f4a-eae2-4232-994b-88874c782c2b in 00:00:00.0703920.
2018-11-13 00:02:49,812 9313   INFO  [BackgroundDaemon] Processing data (84% completed)..
2018-11-13 00:02:49,812 9313   INFO  [BackgroundDaemon] Finished iteration in 00:00:00.2043677.
2018-11-13 00:02:49,814 9315   INFO  [0fc6ee] Started processing user request. Id = 0fc6ee60-a8d6-42a6-be84-55858fc6f4dc. Size = 71.79 KB.
2018-11-13 00:02:49,820 9321   INFO  [17ee2b] Started processing user request. Id = 17ee2b4b-a3ab-445e-870f-1169568aa477. Size = 46.55 KB.
2018-11-13 00:02:49,828 9329   INFO  [17ee2b] Doing some complicated stuff.. Random numbers are: 457913389, 1616581969, 1412489016.
2018-11-13 00:02:49,834 9335   INFO  [0fc6ee] Doing some complicated stuff.. Random numbers are: 695376226, 810792030, 548227412.
2018-11-13 00:02:49,834 9335   INFO  [10648e] Started processing user request. Id = 10648e70-8a34-4801-97f5-a138304ff1e0. Size = 33.39 KB.
2018-11-13 00:02:49,847 9348   INFO  [10648e] Doing some complicated stuff.. Random numbers are: 158718809, 488638844, 1932286736.
2018-11-13 00:02:49,851 9352   INFO  [17ee2b] Finished processing user request with id = 17ee2b4b-a3ab-445e-870f-1169568aa477 in 00:00:00.0309650.
2018-11-13 00:02:49,865 9366   INFO  [c283bf] Started processing user request. Id = c283bf47-3e8d-4d2f-a978-69d6fbccf798. Size = 3.29 KB.
2018-11-13 00:02:49,867 9368   ERROR [0fc6ee] 
System.InvalidOperationException: Oh no! An error occurred!
2018-11-13 00:02:49,875 9376   INFO  [c283bf] Doing some complicated stuff.. Random numbers are: 260166637, 263285186, 348060815.
2018-11-13 00:02:49,886 9387   INFO  [10648e] Finished processing user request with id = 10648e70-8a34-4801-97f5-a138304ff1e0 in 00:00:00.0517364.
2018-11-13 00:02:49,891 9392   INFO  [c283bf] Here's some useful guids:
		b401520b-d715-4850-a074-3b4fbde0da28
		72a264ed-a231-43c5-986a-b60fd1d281a5
		7e39767e-2d9b-42af-ae73-8dc2fc28563d
2018-11-13 00:02:49,891 9392   INFO  [c283bf] Finished processing user request with id = c283bf47-3e8d-4d2f-a978-69d6fbccf798 in 00:00:00.0258953.
2018-11-13 00:02:49,905 9406   INFO  [9106b2] Started processing user request. Id = 9106b225-e2af-43f6-ae00-8b51b9407f5a. Size = 3.76 KB.
2018-11-13 00:02:49,907 9408   INFO  [9106b2] Doing some complicated stuff.. Random numbers are: 793958865, 103827452, 1490937432.
2018-11-13 00:02:49,917 9418   INFO  [9d9834] Started processing user request. Id = 9d9834f7-7746-4159-a255-c4cc884682f2. Size = 45.64 KB.
2018-11-13 00:02:49,923 9424   INFO  [9d9834] Doing some complicated stuff.. Random numbers are: 875776402, 1891366649, 309232512.
2018-11-13 00:02:49,935 9436   INFO  [9106b2] Here's some useful guids:
		d78bd4d4-c07f-4dbf-99b5-a5da87c006f4
2018-11-13 00:02:49,948 9449   INFO  [9106b2] Finished processing user request with id = 9106b225-e2af-43f6-ae00-8b51b9407f5a in 00:00:00.0430615.
2018-11-13 00:02:49,956 9457   INFO  [9d9834] Here's some useful guids:
		ed96a0b8-d9d1-41dd-8abd-aa6024880c39
2018-11-13 00:02:49,962 9463   INFO  [1ce99a] Started processing user request. Id = 1ce99a8c-b319-48a3-97d3-635342291809. Size = 86.25 KB.
2018-11-13 00:02:49,964 9465   INFO  [1ce99a] Doing some complicated stuff.. Random numbers are: 392621176, 1136013724, 155860850.
2018-11-13 00:02:49,981 9482   INFO  [9d9834] Finished processing user request with id = 9d9834f7-7746-4159-a255-c4cc884682f2 in 00:00:00.0639722.
2018-11-13 00:02:50,002 9503   INFO  [1ce99a] Finished processing user request with id = 1ce99a8c-b319-48a3-97d3-635342291809 in 00:00:00.0398137.
2018-11-13 00:02:50,013 9514   INFO  [81b91e] Started processing user request. Id = 81b91e57-aebf-448b-9081-6315d9d12593. Size = 91.47 KB.
2018-11-13 00:02:50,013 9514   INFO  [BackgroundDaemon] Starting iteration #15457.
2018-11-13 00:02:50,015 9516   INFO  [81b91e] Doing some complicated stuff.. Random numbers are: 591002625, 663368247, 724963641.
2018-11-13 00:02:50,015 9516   INFO  [d5bbd0] Started processing user request. Id = d5bbd0e9-2d3e-4e08-9a89-53c8a0395f09. Size = 50.23 KB.
2018-11-13 00:02:50,024 9525   INFO  [d5bbd0] Doing some complicated stuff.. Random numbers are: 1778262054, 1594266471, 760153786.
2018-11-13 00:02:50,035 9536   INFO  [4eb951] Started processing user request. Id = 4eb9519a-7a73-4f86-a034-3b25c04f2046. Size = 41.73 KB.
2018-11-13 00:02:50,038 9539   INFO  [4eb951] Doing some complicated stuff.. Random numbers are: 1317875870, 186775540, 163996624.
2018-11-13 00:02:50,065 9566   INFO  [d5bbd0] Finished processing user request with id = d5bbd0e9-2d3e-4e08-9a89-53c8a0395f09 in 00:00:00.0507035.
2018-11-13 00:02:50,065 9566   ERROR [81b91e] 
System.InvalidOperationException: Oh no! An error occurred!
2018-11-13 00:02:50,079 9580   INFO  [875aec] Started processing user request. Id = 875aec6d-1580-453d-9977-fecac5dafa4b. Size = 67.71 KB.
2018-11-13 00:02:50,084 9585   INFO  [BackgroundDaemon] Processing data (19% completed)..
2018-11-13 00:02:50,085 9586   INFO  [875aec] Doing some complicated stuff.. Random numbers are: 1012473363, 635562661, 166288707.
2018-11-13 00:02:50,097 9598   INFO  [297ddc] Started processing user request. Id = 297ddcc9-54a2-4c9a-9831-13f69f4abf31. Size = 42.17 KB.
2018-11-13 00:02:50,097 9598   INFO  [4eb951] Finished processing user request with id = 4eb9519a-7a73-4f86-a034-3b25c04f2046 in 00:00:00.0620845.
2018-11-13 00:02:50,099 9600   INFO  [297ddc] Doing some complicated stuff.. Random numbers are: 929627005, 810248541, 54988053.
2018-11-13 00:02:50,114 9615   INFO  [BackgroundDaemon] Processing data (31% completed)..
2018-11-13 00:02:50,119 9620   INFO  [875aec] Finished processing user request with id = 875aec6d-1580-453d-9977-fecac5dafa4b in 00:00:00.0395592.
2018-11-13 00:02:50,133 9634   INFO  [463169] Started processing user request. Id = 463169fa-ce75-4ec5-bb5e-a482b7475130. Size = 32.48 KB.
2018-11-13 00:02:50,141 9642   INFO  [297ddc] Finished processing user request with id = 297ddcc9-54a2-4c9a-9831-13f69f4abf31 in 00:00:00.0441512.
2018-11-13 00:02:50,143 9644   INFO  [463169] Doing some complicated stuff.. Random numbers are: 84625658, 485734842, 1983776021.
2018-11-13 00:02:50,159 9660   INFO  [463169] Here's some useful guids:
		8db2c9cd-fe42-49e3-9f26-be0a2766f602
		90892b19-02a4-4442-b0cd-095dc732b560
2018-11-13 00:02:50,172 9673   INFO  [73c09a] Started processing user request. Id = 73c09a6a-3091-401b-a89b-eb816de67a5a. Size = 88.88 KB.
2018-11-13 00:02:50,177 9678   INFO  [73c09a] Doing some complicated stuff.. Random numbers are: 824162406, 1758178910, 1635040107.
2018-11-13 00:02:50,188 9689   INFO  [463169] Finished processing user request with id = 463169fa-ce75-4ec5-bb5e-a482b7475130 in 00:00:00.0547639.
2018-11-13 00:02:50,202 9703   INFO  [071419] Started processing user request. Id = 07141941-e09b-4ee3-b4c0-66cbf26cfc39. Size = 58.12 KB.
2018-11-13 00:02:50,204 9705   INFO  [071419] Doing some complicated stuff.. Random numbers are: 805844645, 1784392261, 1909637101.
2018-11-13 00:02:50,208 9709   INFO  [BackgroundDaemon] Processing data (89% completed)..
2018-11-13 00:02:50,208 9709   INFO  [BackgroundDaemon] Finished iteration in 00:00:00.1949368.
2018-11-13 00:02:50,209 9710   INFO  [73c09a] Here's some useful guids:
		bd38735e-375a-4fe0-8015-38bd8684c2a9
2018-11-13 00:02:50,219 9720   INFO  [73c09a] Finished processing user request with id = 73c09a6a-3091-401b-a89b-eb816de67a5a in 00:00:00.0465180.
2018-11-13 00:02:50,250 9752   INFO  [9a18b7] Started processing user request. Id = 9a18b7d5-c39c-4c96-be54-d44045df52e1. Size = 73.5 KB.
2018-11-13 00:02:50,255 9757   INFO  [071419] Finished processing user request with id = 07141941-e09b-4ee3-b4c0-66cbf26cfc39 in 00:00:00.0538489.
2018-11-13 00:02:50,257 9759   INFO  [9a18b7] Doing some complicated stuff.. Random numbers are: 1156634238, 2074333920, 1260143126.
2018-11-13 00:02:50,265 9766   INFO  [cc6df6] Started processing user request. Id = cc6df6b7-3a96-474e-b816-9b602c4573c8. Size = 84.68 KB.
2018-11-13 00:02:50,267 9768   INFO  [cc6df6] Doing some complicated stuff.. Random numbers are: 9144961, 1724518300, 1665708373.
2018-11-13 00:02:50,269 9770   INFO  [290173] Started processing user request. Id = 2901733c-db5b-40c5-ae18-313e6d4abdab. Size = 34.91 KB.
2018-11-13 00:02:50,269 9770   INFO  [290173] Doing some complicated stuff.. Random numbers are: 1524793345, 1784950978, 1664389841.
2018-11-13 00:02:50,292 9793   INFO  [cc6df6] Here's some useful guids:
		28cf0c3b-9194-4bea-89d5-f967fc12ff8b
		e3464f1a-1599-44ce-9d5e-9ba615c2efce
2018-11-13 00:02:50,302 9803   INFO  [Metrics] Cpu: 6.26%; Memory: 19.78 GB/31.88 GB; Workers: 4/1024; IOCP: 0/1024
2018-11-13 00:02:50,305 9806   INFO  [290173] Here's some useful guids:
		cf3a12ac-2460-4317-8ac2-d2d1d1114876
2018-11-13 00:02:50,310 9811   INFO  [cc6df6] Finished processing user request with id = cc6df6b7-3a96-474e-b816-9b602c4573c8 in 00:00:00.0449955.
2018-11-13 00:02:50,311 9812   INFO  [290173] Finished processing user request with id = 2901733c-db5b-40c5-ae18-313e6d4abdab in 00:00:00.0419175.
2018-11-13 00:02:50,317 9818   INFO  [9a18b7] Finished processing user request with id = 9a18b7d5-c39c-4c96-be54-d44045df52e1 in 00:00:00.0661671.
2018-11-13 00:02:50,324 9825   INFO  [c48451] Started processing user request. Id = c484510e-6642-488c-91d4-dbd07ce83745. Size = 96.49 KB.
2018-11-13 00:02:50,336 9837   INFO  [c48451] Doing some complicated stuff.. Random numbers are: 1792441600, 1322388723, 1465167292.
2018-11-13 00:02:50,348 9849   INFO  [ac4d0b] Started processing user request. Id = ac4d0b06-c4dc-42fb-a7b2-3f77465c253a. Size = 28.93 KB.
2018-11-13 00:02:50,363 9864   INFO  [ac4d0b] Doing some complicated stuff.. Random numbers are: 574052147, 399036738, 340427863.
2018-11-13 00:02:50,366 9867   INFO  [c48451] Finished processing user request with id = c484510e-6642-488c-91d4-dbd07ce83745 in 00:00:00.0425574.
2018-11-13 00:02:50,380 9881   INFO  [e75666] Started processing user request. Id = e7566627-7caf-428c-83a4-402c717eb167. Size = 49.03 KB.
2018-11-13 00:02:50,388 9889   INFO  [e75666] Doing some complicated stuff.. Random numbers are: 1359008706, 85124039, 784571327.
2018-11-13 00:02:50,400 9901   INFO  [ac4d0b] Here's some useful guids:
		32e938dc-b6e6-4444-a650-18ac6b3d7426
		8ecb4aac-b87d-4230-8e1c-d1aa9479e62c
2018-11-13 00:02:50,400 9901   ERROR [ac4d0b] 
System.InvalidOperationException: Oh no! An error occurred!
2018-11-13 00:02:50,408 9909   INFO  [BackgroundDaemon] Starting iteration #15458.
2018-11-13 00:02:50,412 9913   INFO  [e75666] Here's some useful guids:
		cc235774-afba-4bd2-ba9a-f27236855271
		8905b138-55a2-4334-87bd-d824f2c6acf4
		0ebff62d-4a4c-4349-adb8-10229e76714a
2018-11-13 00:02:50,422 9923   INFO  [e75666] Finished processing user request with id = e7566627-7caf-428c-83a4-402c717eb167 in 00:00:00.0418263.
2018-11-13 00:02:50,432 9933   INFO  [51973b] Started processing user request. Id = 51973b9e-378c-4e82-92e1-aa09d94eae22. Size = 37.51 KB.
2018-11-13 00:02:50,435 9936   INFO  [9c4f82] Started processing user request. Id = 9c4f827a-60e0-49b5-9e57-f0183e916d05. Size = 57.14 KB.
2018-11-13 00:02:50,437 9938   INFO  [51973b] Doing some complicated stuff.. Random numbers are: 661498062, 341809635, 1696191285.
2018-11-13 00:02:50,445 9946   INFO  [9c4f82] Doing some complicated stuff.. Random numbers are: 1199375268, 1921484149, 1039586403.
2018-11-13 00:02:50,450 9951   INFO  [9c4f82] Here's some useful guids:
		446accbb-916c-420e-9a25-3b5a215caa0d
		7560f900-d8ea-4a3c-ac60-f268cb703af1
		ffa4c9f1-8894-40ff-8e34-9dbf4cac3868
		66f37779-ece8-4e28-b05e-5d4d122fc971
2018-11-13 00:02:50,453 9954   INFO  [BackgroundDaemon] Processing data (5% completed)..
2018-11-13 00:02:50,471 9972   INFO  [9c4f82] Finished processing user request with id = 9c4f827a-60e0-49b5-9e57-f0183e916d05 in 00:00:00.0356546.
2018-11-13 00:02:50,474 9975   INFO  [51973b] Finished processing user request with id = 51973b9e-378c-4e82-92e1-aa09d94eae22 in 00:00:00.0419102.
2018-11-13 00:02:50,477 9978   INFO  [e2b023] Started processing user request. Id = e2b023a1-7648-46ed-87db-4d11edf6ba8b. Size = 78.43 KB.
2018-11-13 00:02:50,484 9985   INFO  [253915] Started processing user request. Id = 25391501-aba9-4ac3-83e6-4621c049ecf8. Size = 32.77 KB.
2018-11-13 00:02:50,486 9987   INFO  [e2b023] Doing some complicated stuff.. Random numbers are: 616068100, 1952517735, 2111659792.
2018-11-13 00:02:50,495 9996   INFO  [253915] Doing some complicated stuff.. Random numbers are: 561735793, 2014545304, 1570773234.
2018-11-13 00:02:50,505 10006  INFO  [b39194] Started processing user request. Id = b3919463-842a-4a18-9680-b6251ad28ea1. Size = 28.96 KB.
2018-11-13 00:02:50,506 10007  INFO  [e2b023] Here's some useful guids:
		9e75bf69-5690-4f41-8e6a-4a6cbe9f3b0a
2018-11-13 00:02:50,515 10016  INFO  [b39194] Doing some complicated stuff.. Random numbers are: 1768492908, 349421518, 1288389066.
2018-11-13 00:02:50,523 10024  INFO  [e2b023] Finished processing user request with id = e2b023a1-7648-46ed-87db-4d11edf6ba8b in 00:00:00.0461558.
2018-11-13 00:02:50,537 10038  INFO  [b39194] Finished processing user request with id = b3919463-842a-4a18-9680-b6251ad28ea1 in 00:00:00.0320101.
2018-11-13 00:02:50,544 10045  INFO  [BackgroundDaemon] Processing data (47% completed)..
2018-11-13 00:02:50,556 10057  INFO  [253915] Finished processing user request with id = 25391501-aba9-4ac3-83e6-4621c049ecf8 in 00:00:00.0721303.
2018-11-13 00:02:50,569 10070  INFO  [a11462] Started processing user request. Id = a1146231-f00a-4b54-81c1-72f36ce76862. Size = 9.52 KB.
2018-11-13 00:02:50,570 10071  INFO  [988c10] Started processing user request. Id = 988c10cf-9587-40da-81e9-88fe3349a8c4. Size = 68.01 KB.
2018-11-13 00:02:50,578 10079  INFO  [BackgroundDaemon] Processing data (73% completed)..
2018-11-13 00:02:50,578 10079  INFO  [BackgroundDaemon] Finished iteration in 00:00:00.1704106.
2018-11-13 00:02:50,582 10083  INFO  [988c10] Doing some complicated stuff.. Random numbers are: 483612784, 234714196, 500953260.
2018-11-13 00:02:50,586 10087  INFO  [a11462] Doing some complicated stuff.. Random numbers are: 1068639586, 538697482, 1720059721.
2018-11-13 00:02:50,611 10112  ERROR [988c10] 
System.InvalidOperationException: Oh no! An error occurred!
2018-11-13 00:02:50,617 10118  INFO  [a11462] Here's some useful guids:
		a0630635-7696-448f-affd-1473f6e9cc4a
		7513849b-31ba-4e0c-adc2-773700579802
		820560df-cb29-46cc-99ff-c00957111a26
		1e1707c4-0c39-42be-b26e-1240da5fae6c
		f01b4b4e-273f-4ea2-be66-90b563dabec0
2018-11-13 00:02:50,624 10125  INFO  [2b94d4] Started processing user request. Id = 2b94d456-3055-4be2-a972-79271847d7a0. Size = 33.83 KB.
2018-11-13 00:02:50,630 10131  INFO  [2b94d4] Doing some complicated stuff.. Random numbers are: 920976284, 865663841, 160793399.
2018-11-13 00:02:50,636 10137  INFO  [a11462] Finished processing user request with id = a1146231-f00a-4b54-81c1-72f36ce76862 in 00:00:00.0671539.
2018-11-13 00:02:50,663 10164  INFO  [2b94d4] Finished processing user request with id = 2b94d456-3055-4be2-a972-79271847d7a0 in 00:00:00.0390425.
2018-11-13 00:02:50,668 10169  INFO  [6512be] Started processing user request. Id = 6512be07-f014-449f-8c00-638ca321ae1b. Size = 22.11 KB.
2018-11-13 00:02:50,677 10178  INFO  [6459a0] Started processing user request. Id = 6459a0c1-bc7f-45e4-ba83-1f716346d0fa. Size = 72.97 KB.
2018-11-13 00:02:50,684 10186  INFO  [6459a0] Doing some complicated stuff.. Random numbers are: 1105272905, 1274439846, 1302435552.
2018-11-13 00:02:50,685 10187  INFO  [6512be] Doing some complicated stuff.. Random numbers are: 1385132536, 1123415401, 973436384.
2018-11-13 00:02:50,691 10192  INFO  [f371a8] Started processing user request. Id = f371a8eb-e3eb-484f-b34a-4c84ca21396b. Size = 21.23 KB.
2018-11-13 00:02:50,699 10200  INFO  [f371a8] Doing some complicated stuff.. Random numbers are: 1403785322, 2083814779, 807065702.
2018-11-13 00:02:50,707 10208  INFO  [6512be] Finished processing user request with id = 6512be07-f014-449f-8c00-638ca321ae1b in 00:00:00.0384264.
2018-11-13 00:02:50,724 10225  INFO  [6459a0] Here's some useful guids:
		257da15e-6a74-48d9-b034-ec8c94f679e7
		0ef930e4-4d94-43eb-aa56-5934045f7b0b
		7ee72de9-6f15-4e25-b1a8-8dc6c479c9c4
		935464ec-bcb7-4899-95a8-c50c224d6daf
		fca712ba-ca1b-49f6-ba3a-3e0708dd8f47
2018-11-13 00:02:50,739 10240  INFO  [b1da0a] Started processing user request. Id = b1da0a64-dee0-4ef7-90bf-2e861d9e84e0. Size = 18.04 KB.
2018-11-13 00:02:50,745 10246  INFO  [f371a8] Finished processing user request with id = f371a8eb-e3eb-484f-b34a-4c84ca21396b in 00:00:00.0540043.
2018-11-13 00:02:50,753 10254  INFO  [6459a0] Finished processing user request with id = 6459a0c1-bc7f-45e4-ba83-1f716346d0fa in 00:00:00.0754751.
2018-11-13 00:02:50,753 10254  INFO  [b1da0a] Doing some complicated stuff.. Random numbers are: 1581598704, 2141805787, 2144435087.
2018-11-13 00:02:50,767 10268  INFO  [d985b5] Started processing user request. Id = d985b5fd-3794-430c-9fc5-0b4f2261ad62. Size = 68.18 KB.
2018-11-13 00:02:50,774 10275  INFO  [d985b5] Doing some complicated stuff.. Random numbers are: 806468251, 2007515435, 1264218597.
2018-11-13 00:02:50,779 10280  INFO  [BackgroundDaemon] Starting iteration #15459.
2018-11-13 00:02:50,798 10299  INFO  [b1da0a] Finished processing user request with id = b1da0a64-dee0-4ef7-90bf-2e861d9e84e0 in 00:00:00.0590629.
2018-11-13 00:02:50,801 10302  INFO  [d985b5] Finished processing user request with id = d985b5fd-3794-430c-9fc5-0b4f2261ad62 in 00:00:00.0340156.
2018-11-13 00:02:50,802 10303  INFO  [Metrics] Cpu: 3.81%; Memory: 19.78 GB/31.88 GB; Workers: 4/1024; IOCP: 0/1024
2018-11-13 00:02:50,815 10316  INFO  [a1ac57] Started processing user request. Id = a1ac5702-6eb2-4e77-9002-3c68d67dadd7. Size = 36.31 KB.
2018-11-13 00:02:50,822 10323  INFO  [a1ac57] Doing some complicated stuff.. Random numbers are: 1598803623, 1514230179, 812284568.
2018-11-13 00:02:50,825 10326  INFO  [BackgroundDaemon] Processing data (7% completed)..
2018-11-13 00:02:50,826 10327  INFO  [a1ac57] Here's some useful guids:
		f57e5f33-19b1-4cf5-8557-3511ba000f60
		25733df1-f729-4501-94cb-4f65973ae449
		3a6df44f-4707-42f1-910f-d7c66aac5f35
2018-11-13 00:02:50,829 10330  INFO  [b1a73d] Started processing user request. Id = b1a73dc9-71fc-4252-a2a7-faa921dcc620. Size = 56.3 KB.
2018-11-13 00:02:50,842 10343  INFO  [b1a73d] Doing some complicated stuff.. Random numbers are: 211284790, 1097815511, 753218905.
2018-11-13 00:02:50,852 10353  ERROR [a1ac57] 
System.InvalidOperationException: Oh no! An error occurred!
2018-11-13 00:02:50,852 10353  INFO  [b1a73d] Here's some useful guids:
		3c640eca-4cd1-425c-aa50-d5875d6e6ed8
2018-11-13 00:02:50,864 10365  INFO  [b1a73d] Finished processing user request with id = b1a73dc9-71fc-4252-a2a7-faa921dcc620 in 00:00:00.0349218.
2018-11-13 00:02:50,865 10366  INFO  [3b1af6] Started processing user request. Id = 3b1af6d6-f9bd-408b-8f09-24d5ab330f75. Size = 45.08 KB.
2018-11-13 00:02:50,876 10377  INFO  [3b1af6] Doing some complicated stuff.. Random numbers are: 749185458, 1348184281, 1213634993.
2018-11-13 00:02:50,884 10385  INFO  [BackgroundDaemon] Processing data (35% completed)..
2018-11-13 00:02:50,895 10396  INFO  [5c3b3c] Started processing user request. Id = 5c3b3cd6-cfa5-4d8e-8c18-93ddfa01ddf8. Size = 47.4 KB.
2018-11-13 00:02:50,906 10407  INFO  [5c3b3c] Doing some complicated stuff.. Random numbers are: 1722072352, 2114539597, 1269592083.
2018-11-13 00:02:50,912 10413  INFO  [6bb23c] Started processing user request. Id = 6bb23cc8-d486-4d35-8d48-4c6b0a45f877. Size = 31.42 KB.
2018-11-13 00:02:50,913 10414  INFO  [BackgroundDaemon] Processing data (54% completed)..
2018-11-13 00:02:50,913 10414  INFO  [BackgroundDaemon] Finished iteration in 00:00:00.1342029.
2018-11-13 00:02:50,913 10414  INFO  [3b1af6] Here's some useful guids:
		8ff75c16-22b7-4525-88f8-40c43f671bb1
		17bfce9a-9c82-425b-9577-5ecb973da13a
		65847875-f466-49cd-acaa-b1c936ea3b72
		70fe8193-c6c9-4cb9-96bb-704d82783e6c
		e79543e2-6bf8-46fe-9f75-20347d80eb73
2018-11-13 00:02:50,916 10417  ERROR [3b1af6] 
System.InvalidOperationException: Oh no! An error occurred!
2018-11-13 00:02:50,922 10423  INFO  [6bb23c] Doing some complicated stuff.. Random numbers are: 1555495235, 1388198456, 1131899958.
2018-11-13 00:02:50,930 10431  INFO  [f5aea6] Started processing user request. Id = f5aea667-6da2-4ee4-9ca0-c407da383e26. Size = 24.43 KB.
2018-11-13 00:02:50,935 10436  INFO  [5c3b3c] Finished processing user request with id = 5c3b3cd6-cfa5-4d8e-8c18-93ddfa01ddf8 in 00:00:00.0401492.
2018-11-13 00:02:50,943 10444  INFO  [f5aea6] Doing some complicated stuff.. Random numbers are: 604489260, 397094879, 1308462520.
2018-11-13 00:02:50,967 10468  INFO  [ddcdb5] Started processing user request. Id = ddcdb528-3dea-4560-8ff4-a32cba401c8f. Size = 93.47 KB.
2018-11-13 00:02:50,968 10469  ERROR [6bb23c] 
System.InvalidOperationException: Oh no! An error occurred!
2018-11-13 00:02:50,974 10475  INFO  [ddcdb5] Doing some complicated stuff.. Random numbers are: 1913141112, 1335496137, 1599422281.
2018-11-13 00:02:50,975 10476  INFO  [f5aea6] Finished processing user request with id = f5aea667-6da2-4ee4-9ca0-c407da383e26 in 00:00:00.0452468.
2018-11-13 00:02:50,983 10484  INFO  [ddcdb5] Here's some useful guids:
		77bcec1c-afcd-4f55-b2d2-e45be4c94001
2018-11-13 00:02:50,988 10489  INFO  [982d25] Started processing user request. Id = 982d2570-253b-41dd-bd43-6d4b64850b3a. Size = 82.46 KB.
2018-11-13 00:02:50,994 10495  INFO  [ddcdb5] Finished processing user request with id = ddcdb528-3dea-4560-8ff4-a32cba401c8f in 00:00:00.0273615.
2018-11-13 00:02:50,995 10496  INFO  [982d25] Doing some complicated stuff.. Random numbers are: 973233677, 1865434607, 498652721.
2018-11-13 00:02:51,025 10526  INFO  [982d25] Here's some useful guids:
		a00f595d-d15e-4541-b08d-187f22b59046
		03b7b555-35e0-4d7e-b94d-70f46be59781
		40f0f718-a126-4308-844c-951a42308198
		3cd8f7e0-ceb3-41bf-83bb-de382fed868b
		b74fad4b-8c8e-4f54-9357-00266c3627b4
2018-11-13 00:02:51,026 10527  INFO  [954631] Started processing user request. Id = 9546312f-9931-4f9f-a0a9-ec4c1fc0e3d0. Size = 48.98 KB.
2018-11-13 00:02:51,038 10539  INFO  [954631] Doing some complicated stuff.. Random numbers are: 644673280, 389532692, 1902764441.
2018-11-13 00:02:51,045 10546  INFO  [982d25] Finished processing user request with id = 982d2570-253b-41dd-bd43-6d4b64850b3a in 00:00:00.0569758.
2018-11-13 00:02:51,059 10560  INFO  [df756d] Started processing user request. Id = df756d70-785f-4903-a487-4a9443d39fcf. Size = 47.18 KB.
2018-11-13 00:02:51,066 10567  INFO  [df756d] Doing some complicated stuff.. Random numbers are: 1159269752, 1304718261, 45148015.
2018-11-13 00:02:51,076 10577  INFO  [954631] Finished processing user request with id = 9546312f-9931-4f9f-a0a9-ec4c1fc0e3d0 in 00:00:00.0500431.
2018-11-13 00:02:51,098 10599  INFO  [df756d] Finished processing user request with id = df756d70-785f-4903-a487-4a9443d39fcf in 00:00:00.0390073.
2018-11-13 00:02:51,108 10609  INFO  [3b2ecd] Started processing user request. Id = 3b2ecd97-82ad-4ff0-a392-061f716d1be3. Size = 53.9 KB.
2018-11-13 00:02:51,112 10613  INFO  [d3b56a] Started processing user request. Id = d3b56a72-9bfe-419e-b952-1afd8b102fdd. Size = 79.54 KB.
2018-11-13 00:02:51,112 10613  INFO  [d3b56a] Doing some complicated stuff.. Random numbers are: 390395187, 290809207, 1121322215.
2018-11-13 00:02:51,113 10614  INFO  [BackgroundDaemon] Starting iteration #15460.
2018-11-13 00:02:51,117 10618  INFO  [3b2ecd] Doing some complicated stuff.. Random numbers are: 737754674, 573997661, 1860625569.
2018-11-13 00:02:51,135 10636  INFO  [403560] Started processing user request. Id = 40356036-a9d2-4911-be58-b69126bc1eaa. Size = 17.93 KB.
2018-11-13 00:02:51,146 10647  INFO  [d3b56a] Here's some useful guids:
		36bf7875-f773-469b-ac96-59125d47ec0f
		ac7be41e-a8d0-4a16-a5ea-fcccd03771c1
		c3a98c07-5471-4c80-93cd-3c7f4a37bdb1
		4e84264a-d931-44f3-a596-5f5763bd43b0
2018-11-13 00:02:51,148 10649  INFO  [d3b56a] Finished processing user request with id = d3b56a72-9bfe-419e-b952-1afd8b102fdd in 00:00:00.0359115.
2018-11-13 00:02:51,149 10650  INFO  [403560] Doing some complicated stuff.. Random numbers are: 645424579, 1976745750, 1350901311.
2018-11-13 00:02:51,159 10660  INFO  [BackgroundDaemon] Processing data (2% completed)..
2018-11-13 00:02:51,162 10663  INFO  [4ec731] Started processing user request. Id = 4ec731fd-1397-4253-80f6-2c91c84283f0. Size = 9.4 KB.
2018-11-13 00:02:51,170 10671  INFO  [4ec731] Doing some complicated stuff.. Random numbers are: 955199818, 659429406, 257531393.
2018-11-13 00:02:51,179 10680  INFO  [3b2ecd] Finished processing user request with id = 3b2ecd97-82ad-4ff0-a392-061f716d1be3 in 00:00:00.0709541.
2018-11-13 00:02:51,186 10687  INFO  [403560] Finished processing user request with id = 40356036-a9d2-4911-be58-b69126bc1eaa in 00:00:00.0505305.
2018-11-13 00:02:51,209 10710  INFO  [4ec731] Finished processing user request with id = 4ec731fd-1397-4253-80f6-2c91c84283f0 in 00:00:00.0470640.
2018-11-13 00:02:51,211 10712  INFO  [7363da] Started processing user request. Id = 7363da53-5917-4ee2-a76f-8d84fb503ee6. Size = 74.99 KB.
2018-11-13 00:02:51,214 10715  INFO  [7363da] Doing some complicated stuff.. Random numbers are: 944920073, 736028468, 962529711.
2018-11-13 00:02:51,223 10724  INFO  [429efa] Started processing user request. Id = 429efabc-1d75-4a13-9681-84b40979d58e. Size = 11.45 KB.
2018-11-13 00:02:51,236 10737  INFO  [BackgroundDaemon] Processing data (44% completed)..
2018-11-13 00:02:51,241 10742  INFO  [429efa] Doing some complicated stuff.. Random numbers are: 1000105271, 1938308634, 1635198392.
2018-11-13 00:02:51,252 10753  INFO  [7363da] Finished processing user request with id = 7363da53-5917-4ee2-a76f-8d84fb503ee6 in 00:00:00.0410636.
2018-11-13 00:02:51,281 10782  INFO  [BackgroundDaemon] Processing data (58% completed)..
2018-11-13 00:02:51,281 10782  INFO  [BackgroundDaemon] Finished iteration in 00:00:00.1683347.
2018-11-13 00:02:51,283 10784  INFO  [6407dc] Started processing user request. Id = 6407dc62-00c7-4cf4-a404-e3bcad6709f3. Size = 4.46 KB.
2018-11-13 00:02:51,291 10792  INFO  [6407dc] Doing some complicated stuff.. Random numbers are: 654568607, 2075702107, 178142366.
2018-11-13 00:02:51,292 10793  INFO  [429efa] Finished processing user request with id = 429efabc-1d75-4a13-9681-84b40979d58e in 00:00:00.0687750.
2018-11-13 00:02:51,301 10803  INFO  [Metrics] Cpu: 3.81%; Memory: 19.77 GB/31.88 GB; Workers: 4/1024; IOCP: 0/1024
2018-11-13 00:02:51,305 10807  INFO  [86ee76] Started processing user request. Id = 86ee76f7-b623-4a5c-a746-4162b7667ed4. Size = 5.76 KB.
2018-11-13 00:02:51,311 10813  INFO  [86ee76] Doing some complicated stuff.. Random numbers are: 1457977733, 2172859, 1465089904.
2018-11-13 00:02:51,323 10825  INFO  [6407dc] Here's some useful guids:
		cbb12e50-3a55-4eed-a3a2-e0b47f61f3f7
		e0b3371d-cea5-4ac9-a6b9-411c51c1d81a
		eea24a75-8a7e-4b57-9b42-6128075939f4
		5e060346-4637-456c-938e-b370b35b4e7b
		88d5b3e8-1aff-409d-8bab-b6cdc7f45278
2018-11-13 00:02:51,340 10841  INFO  [6407dc] Finished processing user request with id = 6407dc62-00c7-4cf4-a404-e3bcad6709f3 in 00:00:00.0560908.
2018-11-13 00:02:51,351 10852  INFO  [86ee76] Here's some useful guids:
		ac89efb8-937b-4c61-b9d8-3a6d7d646267
		642764db-524a-4a2a-a37e-e1927a26ec39
2018-11-13 00:02:51,353 10854  INFO  [833eba] Started processing user request. Id = 833ebaa4-69db-48f0-a67a-a8bca81e70cc. Size = 19.37 KB.
2018-11-13 00:02:51,366 10867  INFO  [833eba] Doing some complicated stuff.. Random numbers are: 1275620127, 1388168126, 1926157631.
2018-11-13 00:02:51,370 10871  INFO  [86ee76] Finished processing user request with id = 86ee76f7-b623-4a5c-a746-4162b7667ed4 in 00:00:00.0641704.
2018-11-13 00:02:51,371 10872  INFO  [a1f7cc] Started processing user request. Id = a1f7cc88-f899-4ab5-95c1-a88b8fdcefc7. Size = 34.91 KB.
2018-11-13 00:02:51,377 10878  INFO  [833eba] Here's some useful guids:
		e8efd830-7b75-48b7-85d4-a48deb70a196
		815285a1-2ce4-47af-aae7-e15776c4f1cb
		0324a4de-ee2a-4712-81a5-9136efdd1e3e
		88e75853-a375-4d06-937a-e960147a83c9
2018-11-13 00:02:51,384 10885  INFO  [261d47] Started processing user request. Id = 261d47d1-4b9f-40fc-a110-6112e64e8815. Size = 91.38 KB.
2018-11-13 00:02:51,384 10885  INFO  [261d47] Doing some complicated stuff.. Random numbers are: 266526336, 64451333, 119596974.
2018-11-13 00:02:51,390 10891  INFO  [a1f7cc] Doing some complicated stuff.. Random numbers are: 1617221559, 1332112031, 1339235232.
2018-11-13 00:02:51,391 10892  INFO  [833eba] Finished processing user request with id = 833ebaa4-69db-48f0-a67a-a8bca81e70cc in 00:00:00.0379326.
2018-11-13 00:02:51,425 10926  INFO  [261d47] Finished processing user request with id = 261d47d1-4b9f-40fc-a110-6112e64e8815 in 00:00:00.0411049.
2018-11-13 00:02:51,433 10934  INFO  [a1f7cc] Finished processing user request with id = a1f7cc88-f899-4ab5-95c1-a88b8fdcefc7 in 00:00:00.0623300.
2018-11-13 00:02:51,438 10939  INFO  [cd4818] Started processing user request. Id = cd4818de-dc8a-4836-afa0-5a2902d37a43. Size = 2.28 KB.
2018-11-13 00:02:51,446 10947  INFO  [cd4818] Doing some complicated stuff.. Random numbers are: 1314732768, 941440309, 1073365969.
2018-11-13 00:02:51,464 10965  INFO  [589ce1] Started processing user request. Id = 589ce165-66ff-41ad-b405-81f28cf36097. Size = 10.1 KB.
2018-11-13 00:02:51,464 10965  INFO  [589ce1] Doing some complicated stuff.. Random numbers are: 1664694075, 1900717629, 649798872.
2018-11-13 00:02:51,464 10965  INFO  [589ce1] Here's some useful guids:
		51d5b0f4-b04f-4066-b0dd-11395d4d849e
		44b6289e-a33d-487a-987e-bbd820414516
2018-11-13 00:02:51,476 10977  INFO  [589ce1] Finished processing user request with id = 589ce165-66ff-41ad-b405-81f28cf36097 in 00:00:00.0120959.
2018-11-13 00:02:51,482 10983  INFO  [BackgroundDaemon] Starting iteration #15461.
2018-11-13 00:02:51,483 10984  INFO  [cd4818] Here's some useful guids:
		492666ab-1824-41ef-bb71-e34cec09861d
		3fc1f70e-f5d2-4b6f-80e6-06f6e0c5c411
		3bc85540-94e8-40e7-b6fd-2a76c2d2a825
		af2e83de-3226-4496-b283-7324fc8dae98
2018-11-13 00:02:51,493 10994  INFO  [cd4818] Finished processing user request with id = cd4818de-dc8a-4836-afa0-5a2902d37a43 in 00:00:00.0546448.
2018-11-13 00:02:51,506 11007  INFO  [c74c1a] Started processing user request. Id = c74c1ab9-691f-464e-ab75-e1995e62cd6f. Size = 41.25 KB.
2018-11-13 00:02:51,508 11009  INFO  [fb4685] Started processing user request. Id = fb4685cd-6861-4a54-be92-006ba8873a08. Size = 13.85 KB.
2018-11-13 00:02:51,514 11015  INFO  [c74c1a] Doing some complicated stuff.. Random numbers are: 1939994501, 360266649, 856815397.
2018-11-13 00:02:51,517 11018  INFO  [fb4685] Doing some complicated stuff.. Random numbers are: 1168626128, 1685880829, 1178641853.
2018-11-13 00:02:51,554 11055  INFO  [BackgroundDaemon] Processing data (8% completed)..
2018-11-13 00:02:51,558 11059  INFO  [8bac90] Started processing user request. Id = 8bac9013-1c33-4c13-aa8b-e77e785dd6e7. Size = 3.33 KB.
2018-11-13 00:02:51,566 11067  INFO  [c74c1a] Finished processing user request with id = c74c1ab9-691f-464e-ab75-e1995e62cd6f in 00:00:00.0595186.
2018-11-13 00:02:51,567 11068  INFO  [fb4685] Finished processing user request with id = fb4685cd-6861-4a54-be92-006ba8873a08 in 00:00:00.0585342.
2018-11-13 00:02:51,567 11068  INFO  [8bac90] Doing some complicated stuff.. Random numbers are: 599960179, 2052345354, 455858614.
2018-11-13 00:02:51,567 11068  INFO  [8bac90] Here's some useful guids:
		0adea60b-f4c9-46e2-a4de-f4ba69dad905
		468b267b-8952-4211-9940-31fd0ac6fd20
		16e32a77-deb5-48f4-8ddb-07226e2c52df
		614cb6ad-65eb-47a7-9a78-094a41ffd39d
		85fd6db3-72fe-47be-98a3-e38e450a1080
2018-11-13 00:02:51,570 11071  INFO  [8bac90] Finished processing user request with id = 8bac9013-1c33-4c13-aa8b-e77e785dd6e7 in 00:00:00.0120164.
2018-11-13 00:02:51,580 11081  INFO  [bfbc5d] Started processing user request. Id = bfbc5d33-2322-49ad-b60c-d722aa0674e6. Size = 65.55 KB.
2018-11-13 00:02:51,590 11091  INFO  [bfbc5d] Doing some complicated stuff.. Random numbers are: 318508897, 1796735172, 723622993.
2018-11-13 00:02:51,599 11100  INFO  [b3ef04] Started processing user request. Id = b3ef040a-97e2-4a8a-93db-ec59ba6dae8c. Size = 33.05 KB.
2018-11-13 00:02:51,605 11106  INFO  [bfbc5d] Here's some useful guids:
		551ee7ef-30b1-4021-a95d-a680e328a717
		93d39cf3-a5e4-4f67-b200-44c2262ec3b5
		eba85ec6-2642-4cac-a6ad-6a079a5a7d35
		db3dbe98-e47d-415f-a978-b3e15fb2b6a9
2018-11-13 00:02:51,610 11111  INFO  [b3ef04] Doing some complicated stuff.. Random numbers are: 1997204324, 2061691584, 654346904.
2018-11-13 00:02:51,635 11136  INFO  [bfbc5d] Finished processing user request with id = bfbc5d33-2322-49ad-b60c-d722aa0674e6 in 00:00:00.0551137.
2018-11-13 00:02:51,649 11150  INFO  [10efb6] Started processing user request. Id = 10efb602-2491-4de4-8b81-91b03c3ef142. Size = 40.24 KB.
2018-11-13 00:02:51,651 11152  INFO  [b3ef04] Finished processing user request with id = b3ef040a-97e2-4a8a-93db-ec59ba6dae8c in 00:00:00.0518633.
2018-11-13 00:02:51,651 11152  INFO  [BackgroundDaemon] Processing data (49% completed)..
2018-11-13 00:02:51,659 11160  INFO  [10efb6] Doing some complicated stuff.. Random numbers are: 454857386, 2140670048, 1251617739.
2018-11-13 00:02:51,682 11183  INFO  [17b29b] Started processing user request. Id = 17b29bd3-36fa-4541-91b9-7aaa727e69ef. Size = 51.52 KB.
2018-11-13 00:02:51,684 11185  INFO  [10efb6] Here's some useful guids:
		90c084aa-a473-40c4-95a1-af9a4e766c90
		4158a127-3a54-40e4-94f6-bc97fd4c59fb
		ce19dcfd-b897-4ccd-bf22-5c267d51a8db
2018-11-13 00:02:51,698 11199  INFO  [17b29b] Doing some complicated stuff.. Random numbers are: 861024528, 1683991833, 1332058114.
2018-11-13 00:02:51,708 11209  INFO  [10efb6] Finished processing user request with id = 10efb602-2491-4de4-8b81-91b03c3ef142 in 00:00:00.0594635.
2018-11-13 00:02:51,715 11216  INFO  [BackgroundDaemon] Processing data (68% completed)..
2018-11-13 00:02:51,715 11216  INFO  [BackgroundDaemon] Finished iteration in 00:00:00.2329764.
2018-11-13 00:02:51,720 11221  INFO  [17b29b] Finished processing user request with id = 17b29bd3-36fa-4541-91b9-7aaa727e69ef in 00:00:00.0376126.
2018-11-13 00:02:51,721 11222  INFO  [ae3e53] Started processing user request. Id = ae3e5374-ed24-40f5-89a9-38b4a78e1efa. Size = 8.39 KB.
2018-11-13 00:02:51,730 11231  INFO  [ae3e53] Doing some complicated stuff.. Random numbers are: 432094938, 1748192522, 327670177.
2018-11-13 00:02:51,738 11239  INFO  [cdaf1c] Started processing user request. Id = cdaf1cb8-61c8-4cf8-b9a8-bc28b1256d50. Size = 74.57 KB.
2018-11-13 00:02:51,740 11241  INFO  [ae3e53] Finished processing user request with id = ae3e5374-ed24-40f5-89a9-38b4a78e1efa in 00:00:00.0184808.
2018-11-13 00:02:51,742 11243  INFO  [cdaf1c] Doing some complicated stuff.. Random numbers are: 186300466, 2141125772, 1076934622.
2018-11-13 00:02:51,751 11252  INFO  [ea44b1] Started processing user request. Id = ea44b1a7-9a96-45b4-b2cc-ba3adeecfd4b. Size = 45.98 KB.
2018-11-13 00:02:51,751 11252  INFO  [ea44b1] Doing some complicated stuff.. Random numbers are: 2070859428, 1513351890, 1296707109.
2018-11-13 00:02:51,754 11255  INFO  [98efca] Started processing user request. Id = 98efca64-2c47-45ae-a244-9bc1263a064b. Size = 71.17 KB.
2018-11-13 00:02:51,761 11262  INFO  [98efca] Doing some complicated stuff.. Random numbers are: 585005471, 1199816015, 976746206.
2018-11-13 00:02:51,789 11290  INFO  [cdaf1c] Finished processing user request with id = cdaf1cb8-61c8-4cf8-b9a8-bc28b1256d50 in 00:00:00.0511563.
2018-11-13 00:02:51,793 11294  INFO  [98efca] Finished processing user request with id = 98efca64-2c47-45ae-a244-9bc1263a064b in 00:00:00.0390237.
2018-11-13 00:02:51,801 11302  INFO  [ea44b1] Finished processing user request with id = ea44b1a7-9a96-45b4-b2cc-ba3adeecfd4b in 00:00:00.0498912.
2018-11-13 00:02:51,801 11302  INFO  [Metrics] Cpu: 7.91%; Memory: 19.78 GB/31.88 GB; Workers: 4/1024; IOCP: 0/1024
2018-11-13 00:02:51,807 11308  INFO  [ed73cb] Started processing user request. Id = ed73cbac-5db1-4374-a179-49447f21a11a. Size = 27.01 KB.
2018-11-13 00:02:51,809 11310  INFO  [ed73cb] Doing some complicated stuff.. Random numbers are: 912042607, 551869631, 508222453.
2018-11-13 00:02:51,832 11333  INFO  [1d0db1] Started processing user request. Id = 1d0db16c-8abc-429e-84e9-7336652a4e67. Size = 79.65 KB.
2018-11-13 00:02:51,835 11336  INFO  [1d0db1] Doing some complicated stuff.. Random numbers are: 438579706, 1492282570, 93447259.
2018-11-13 00:02:51,857 11358  INFO  [1d0db1] Here's some useful guids:
		0a324a61-569d-40e5-b4a8-0cd3ab157a69
		20ca2538-9c52-4436-ae0a-621d0b3de160
		ed37ddc6-1491-455a-8ad9-e5e7c3cfac55
		a75427c2-bf60-44fe-bf9e-bd2ddbb8efe5
		a924968d-8370-4b3f-8551-a4e7105a0fc6
2018-11-13 00:02:51,860 11361  INFO  [1d0db1] Finished processing user request with id = 1d0db16c-8abc-429e-84e9-7336652a4e67 in 00:00:00.0279812.
2018-11-13 00:02:51,866 11367  INFO  [ed73cb] Finished processing user request with id = ed73cbac-5db1-4374-a179-49447f21a11a in 00:00:00.0591198.
2018-11-13 00:02:51,879 11380  INFO  [c74131] Started processing user request. Id = c74131fe-c409-4b40-a3cf-c5048c570e9d. Size = 34.89 KB.
2018-11-13 00:02:51,885 11386  INFO  [c74131] Doing some complicated stuff.. Random numbers are: 1125742388, 235759121, 426397095.
2018-11-13 00:02:51,891 11392  INFO  [a21cb0] Started processing user request. Id = a21cb002-470b-4a61-9109-3d41d40249e7. Size = 6.32 KB.
2018-11-13 00:02:51,901 11402  INFO  [a21cb0] Doing some complicated stuff.. Random numbers are: 446964712, 1620219211, 1151476471.
2018-11-13 00:02:51,916 11417  INFO  [BackgroundDaemon] Starting iteration #15462.
2018-11-13 00:02:51,923 11424  INFO  [c74131] Finished processing user request with id = c74131fe-c409-4b40-a3cf-c5048c570e9d in 00:00:00.0441227.
2018-11-13 00:02:51,933 11434  INFO  [a21cb0] Finished processing user request with id = a21cb002-470b-4a61-9109-3d41d40249e7 in 00:00:00.0418219.
2018-11-13 00:02:51,937 11438  INFO  [6a0639] Started processing user request. Id = 6a063977-6328-4bc7-ab3b-fced9c6ca5a1. Size = 25.13 KB.
2018-11-13 00:02:51,944 11445  INFO  [6a0639] Doing some complicated stuff.. Random numbers are: 1469064995, 212457288, 1094144398.
2018-11-13 00:02:51,954 11455  INFO  [6a0639] Finished processing user request with id = 6a063977-6328-4bc7-ab3b-fced9c6ca5a1 in 00:00:00.0171008.
2018-11-13 00:02:51,956 11457  INFO  [8f619b] Started processing user request. Id = 8f619b91-4c3d-4be6-8719-cf9f3a25a1a7. Size = 74.1 KB.
2018-11-13 00:02:51,959 11460  INFO  [8f619b] Doing some complicated stuff.. Random numbers are: 6757231, 1885117780, 768724508.
2018-11-13 00:02:51,964 11465  INFO  [28dca1] Started processing user request. Id = 28dca114-5f9d-40f3-8a9d-704b0c1a5fc7. Size = 35.03 KB.
2018-11-13 00:02:51,968 11469  INFO  [0a54a1] Started processing user request. Id = 0a54a152-ca8b-427c-80c3-4ae8f19dad9a. Size = 13.5 KB.
2018-11-13 00:02:51,979 11480  INFO  [8f619b] Here's some useful guids:
		6ec0dc87-9314-4e0f-8ab2-fb7394778803
		f10239d0-02f4-43d2-bae4-98cee3ad63f4
		229213b5-9ca7-4b18-8133-08faf425ae2d
		85e79495-36c7-4551-8159-3a30a7b02e32
2018-11-13 00:02:51,981 11482  INFO  [28dca1] Doing some complicated stuff.. Random numbers are: 1107622633, 1690056080, 1912481211.
2018-11-13 00:02:51,983 11484  INFO  [BackgroundDaemon] Processing data (17% completed)..
2018-11-13 00:02:51,987 11488  INFO  [0a54a1] Doing some complicated stuff.. Random numbers are: 1625594827, 1886425247, 8943871.
2018-11-13 00:02:51,999 11501  INFO  [8f619b] Finished processing user request with id = 8f619b91-4c3d-4be6-8719-cf9f3a25a1a7 in 00:00:00.0436706.
2018-11-13 00:02:52,007 11508  INFO  [28dca1] Here's some useful guids:
		4a96d7af-3ee6-4663-81ea-7a7d2b2560ef
		85516229-28d0-4ae4-858d-2612c358d4ee
		0e98269f-6fc9-45b4-ada1-9fd07b3b8463
2018-11-13 00:02:52,023 11524  INFO  [0a54a1] Finished processing user request with id = 0a54a152-ca8b-427c-80c3-4ae8f19dad9a in 00:00:00.0548993.
2018-11-13 00:02:52,024 11525  INFO  [BackgroundDaemon] Processing data (37% completed)..
2018-11-13 00:02:52,026 11527  INFO  [28dca1] Finished processing user request with id = 28dca114-5f9d-40f3-8a9d-704b0c1a5fc7 in 00:00:00.0616590.
2018-11-13 00:02:52,037 11538  INFO  [8f1554] Started processing user request. Id = 8f15542b-b1da-4b5c-8e44-835bf35a5c45. Size = 74.04 KB.
2018-11-13 00:02:52,053 11554  INFO  [8f1554] Doing some complicated stuff.. Random numbers are: 464638597, 599090818, 1888489185.
2018-11-13 00:02:52,053 11554  INFO  [BackgroundDaemon] Processing data (59% completed)..
2018-11-13 00:02:52,053 11554  INFO  [BackgroundDaemon] Finished iteration in 00:00:00.1371284.
2018-11-13 00:02:52,057 11558  INFO  [f5d35d] Started processing user request. Id = f5d35da0-4d46-408d-be32-f46d9fc22a60. Size = 90.36 KB.
2018-11-13 00:02:52,057 11558  INFO  [f5d35d] Doing some complicated stuff.. Random numbers are: 450933630, 1940997744, 2026674883.
2018-11-13 00:02:52,072 11573  INFO  [8f1554] Here's some useful guids:
		8986ac80-d91f-4573-9ace-bb9da9dc7d86
		49fc01bb-d7df-43cf-b494-69174b743b93
		f6de0ab4-cd78-4c5a-8b11-75b98892112f
2018-11-13 00:02:52,087 11588  INFO  [f5d35d] Here's some useful guids:
		bc6f8ead-c3cb-4dc6-a494-e58e31c8c591
		7baf00cf-2a28-448b-a48c-514543021616
		9a611457-de2e-482d-a43c-cbb27190e471
		790cb46e-824a-45e6-b00d-7fd1015d7c18
		1989c63c-45bb-4e04-84af-1aec8fe447b9
2018-11-13 00:02:52,094 11595  INFO  [8f1554] Finished processing user request with id = 8f15542b-b1da-4b5c-8e44-835bf35a5c45 in 00:00:00.0569386.
2018-11-13 00:02:52,107 11608  INFO  [e9d455] Started processing user request. Id = e9d455c0-7d28-4213-a4e3-cce709e08bcc. Size = 60.39 KB.
2018-11-13 00:02:52,110 11611  INFO  [e9d455] Doing some complicated stuff.. Random numbers are: 668314904, 1840696768, 956654981.
2018-11-13 00:02:52,111 11612  INFO  [f5d35d] Finished processing user request with id = f5d35da0-4d46-408d-be32-f46d9fc22a60 in 00:00:00.0540642.
2018-11-13 00:02:52,142 11643  INFO  [9941f9] Started processing user request. Id = 9941f99e-a67a-4501-b0d1-b631d484763a. Size = 85.23 KB.
2018-11-13 00:02:52,147 11648  INFO  [e9d455] Here's some useful guids:
		350d69dc-5ef9-4f21-83f1-b26958a4927c
		29b6fdd4-9c78-47a0-8b67-17cbf7cf5b33
		cd71d39e-617a-4ebc-9355-9ffe85e958fe
2018-11-13 00:02:52,157 11658  INFO  [9941f9] Doing some complicated stuff.. Random numbers are: 1560503327, 2027416316, 1771970210.
2018-11-13 00:02:52,167 11668  INFO  [2abbe2] Started processing user request. Id = 2abbe25b-8008-4f33-b5ee-1f866a0f41ae. Size = 45.2 KB.
2018-11-13 00:02:52,173 11674  INFO  [e9d455] Finished processing user request with id = e9d455c0-7d28-4213-a4e3-cce709e08bcc in 00:00:00.0660349.
2018-11-13 00:02:52,180 11681  INFO  [2abbe2] Doing some complicated stuff.. Random numbers are: 1942881811, 589979632, 1011637542.
2018-11-13 00:02:52,186 11687  INFO  [a27e56] Started processing user request. Id = a27e567c-40a7-450f-a025-0f91cb34ca3d. Size = 54.86 KB.
2018-11-13 00:02:52,187 11688  INFO  [9941f9] Finished processing user request with id = 9941f99e-a67a-4501-b0d1-b631d484763a in 00:00:00.0452092.
2018-11-13 00:02:52,193 11694  INFO  [a27e56] Doing some complicated stuff.. Random numbers are: 998140406, 2081410638, 951675626.
2018-11-13 00:02:52,219 11720  INFO  [8eab0d] Started processing user request. Id = 8eab0d8d-e913-4733-93d6-693057479c3b. Size = 42.02 KB.
2018-11-13 00:02:52,225 11726  INFO  [8eab0d] Doing some complicated stuff.. Random numbers are: 1961870024, 721994846, 2136122804.
2018-11-13 00:02:52,226 11727  INFO  [2abbe2] Finished processing user request with id = 2abbe25b-8008-4f33-b5ee-1f866a0f41ae in 00:00:00.0589476.
2018-11-13 00:02:52,236 11737  INFO  [8eab0d] Finished processing user request with id = 8eab0d8d-e913-4733-93d6-693057479c3b in 00:00:00.0171178.
2018-11-13 00:02:52,239 11740  INFO  [a27e56] Finished processing user request with id = a27e567c-40a7-450f-a025-0f91cb34ca3d in 00:00:00.0527249.
2018-11-13 00:02:52,253 11754  INFO  [c1b353] Started processing user request. Id = c1b35342-e1ff-4fb2-a549-3afff97b7c26. Size = 31.05 KB.
2018-11-13 00:02:52,254 11755  INFO  [BackgroundDaemon] Starting iteration #15463.
2018-11-13 00:02:52,267 11768  INFO  [ef2585] Started processing user request. Id = ef258594-f8f0-4555-be97-e1f126705cb0. Size = 30.78 KB.
2018-11-13 00:02:52,267 11768  INFO  [ef2585] Doing some complicated stuff.. Random numbers are: 2001255107, 269589178, 994362211.
2018-11-13 00:02:52,268 11769  INFO  [c1b353] Doing some complicated stuff.. Random numbers are: 867189679, 58737850, 445837659.
2018-11-13 00:02:52,278 11779  INFO  [ef2585] Here's some useful guids:
		422d6f60-5a87-46f9-a436-4eabb31f59b0
2018-11-13 00:02:52,300 11801  INFO  [Metrics] Cpu: 7.91%; Memory: 19.78 GB/31.88 GB; Workers: 4/1024; IOCP: 0/1024
2018-11-13 00:02:52,303 11804  INFO  [ef2585] Finished processing user request with id = ef258594-f8f0-4555-be97-e1f126705cb0 in 00:00:00.0362314.
2018-11-13 00:02:52,305 11806  INFO  [c1b353] Here's some useful guids:
		93e2647a-651f-4fec-8163-d0deb8fcece6
		e1c7d2d0-acf5-4e9b-b7d6-334a269de3bc
		5a73c1ad-da78-4f8e-9d43-bed411cdc28e
		6a27afaa-98b4-4f0a-95ff-dd68ddda43d3
		9d78829b-b554-49a9-a350-21a681c7851c
2018-11-13 00:02:52,334 11835  INFO  [c1b353] Finished processing user request with id = c1b35342-e1ff-4fb2-a549-3afff97b7c26 in 00:00:00.0815595.
2018-11-13 00:02:52,334 11835  INFO  [b185c6] Started processing user request. Id = b185c679-0380-4daa-9c99-cef5b6b74ed0. Size = 25.95 KB.
2018-11-13 00:02:52,334 11835  INFO  [b185c6] Doing some complicated stuff.. Random numbers are: 431537345, 1203555647, 1847225065.
2018-11-13 00:02:52,347 11848  INFO  [19e6f9] Started processing user request. Id = 19e6f99d-6fba-4e0f-8583-9ce774875d72. Size = 19.53 KB.
2018-11-13 00:02:52,349 11850  INFO  [19e6f9] Doing some complicated stuff.. Random numbers are: 9777656, 730898908, 966401185.
2018-11-13 00:02:52,353 11854  INFO  [BackgroundDaemon] Processing data (17% completed)..
2018-11-13 00:02:52,376 11877  INFO  [19e6f9] Here's some useful guids:
		4da7bade-f062-4e84-bf56-0d93f41b9743
		16d980fa-ce44-4231-a5e4-9ee1c3f8b36f
		e9d3aa06-dda7-40c0-ba8d-0804bed6e228
		ac4f1429-444f-4c89-b57c-e14645f0ef04
		2c71c09d-2ff1-4483-ae13-ed7746e8c510
2018-11-13 00:02:52,378 11879  INFO  [19e6f9] Finished processing user request with id = 19e6f99d-6fba-4e0f-8583-9ce774875d72 in 00:00:00.0309016.
2018-11-13 00:02:52,386 11887  INFO  [b185c6] Finished processing user request with id = b185c679-0380-4daa-9c99-cef5b6b74ed0 in 00:00:00.0520323.
2018-11-13 00:02:52,392 11893  INFO  [2f46bd] Started processing user request. Id = 2f46bdd3-6986-4960-aad2-3c57d5e6fafd. Size = 95.68 KB.
2018-11-13 00:02:52,393 11894  INFO  [41d444] Started processing user request. Id = 41d444d2-a7a2-4e74-9d59-a0a4ece22d78. Size = 8.66 KB.
2018-11-13 00:02:52,405 11906  INFO  [BackgroundDaemon] Processing data (30% completed)..
2018-11-13 00:02:52,406 11907  INFO  [2f46bd] Doing some complicated stuff.. Random numbers are: 489696131, 1732631250, 2136490405.
2018-11-13 00:02:52,411 11912  INFO  [41d444] Doing some complicated stuff.. Random numbers are: 753071828, 1349398916, 1916437360.
2018-11-13 00:02:52,414 11915  INFO  [2f46bd] Here's some useful guids:
		869861ac-c831-48ad-9180-080411ed1c01
		846161ab-b139-4dec-ae7e-78231e3963a8
2018-11-13 00:02:52,417 11918  INFO  [52b0a4] Started processing user request. Id = 52b0a419-f744-4aea-bb40-0a82f1b1202e. Size = 56.11 KB.
2018-11-13 00:02:52,421 11922  INFO  [2f46bd] Finished processing user request with id = 2f46bdd3-6986-4960-aad2-3c57d5e6fafd in 00:00:00.0290366.
2018-11-13 00:02:52,434 11935  INFO  [22c6ab] Started processing user request. Id = 22c6ab54-6ee1-4bf9-8bd2-6b18911c88e5. Size = 8.08 KB.
2018-11-13 00:02:52,436 11937  INFO  [52b0a4] Doing some complicated stuff.. Random numbers are: 637144528, 1836779953, 1828011984.
2018-11-13 00:02:52,438 11940  INFO  [41d444] Here's some useful guids:
		8a1a899b-2953-4dc0-a517-90b587582a1f
2018-11-13 00:02:52,443 11945  INFO  [52b0a4] Here's some useful guids:
		d1ec5a49-9c78-469d-a119-19bda29ece20
		62f561a4-3833-4ba4-8092-9167418f2f55
2018-11-13 00:02:52,443 11945  INFO  [52b0a4] Finished processing user request with id = 52b0a419-f744-4aea-bb40-0a82f1b1202e in 00:00:00.0261800.
2018-11-13 00:02:52,448 11950  INFO  [22c6ab] Doing some complicated stuff.. Random numbers are: 1241114420, 59943554, 839074602.
2018-11-13 00:02:52,455 11956  INFO  [41d444] Finished processing user request with id = 41d444d2-a7a2-4e74-9d59-a0a4ece22d78 in 00:00:00.0612626.
2018-11-13 00:02:52,472 11973  INFO  [22c6ab] Here's some useful guids:
		19e75cc3-8497-4e39-9072-225afe9f40e7
2018-11-13 00:02:52,475 11977  ERROR [22c6ab] 
System.InvalidOperationException: Oh no! An error occurred!
2018-11-13 00:02:52,475 11977  INFO  [78f04d] Started processing user request. Id = 78f04d1d-50dd-42cb-954b-935ddf521d95. Size = 21.13 KB.
2018-11-13 00:02:52,486 11988  INFO  [BackgroundDaemon] Processing data (86% completed)..
2018-11-13 00:02:52,486 11988  INFO  [BackgroundDaemon] Finished iteration in 00:00:00.2328354.
2018-11-13 00:02:52,489 11991  INFO  [e5f966] Started processing user request. Id = e5f96689-a481-4d9c-90c9-7cee061db04f. Size = 25.97 KB.
2018-11-13 00:02:52,493 11994  INFO  [78f04d] Doing some complicated stuff.. Random numbers are: 85412436, 946717808, 2129084477.
2018-11-13 00:02:52,508 12009  INFO  [e5f966] Doing some complicated stuff.. Random numbers are: 741947760, 184203217, 1503662585.
2018-11-13 00:02:52,515 12016  INFO  [e5f966] Finished processing user request with id = e5f96689-a481-4d9c-90c9-7cee061db04f in 00:00:00.0251217.
2018-11-13 00:02:52,528 12029  INFO  [fd9902] Started processing user request. Id = fd990293-2cce-4ecf-aa33-addaf502a207. Size = 31.13 KB.
2018-11-13 00:02:52,531 12032  INFO  [fd9902] Doing some complicated stuff.. Random numbers are: 2084496236, 1536653665, 300772030.
2018-11-13 00:02:52,537 12038  INFO  [78f04d] Finished processing user request with id = 78f04d1d-50dd-42cb-954b-935ddf521d95 in 00:00:00.0616499.
2018-11-13 00:02:52,567 12068  INFO  [fd9902] Finished processing user request with id = fd990293-2cce-4ecf-aa33-addaf502a207 in 00:00:00.0394921.
2018-11-13 00:02:52,569 12070  INFO  [b550f3] Started processing user request. Id = b550f32d-d351-471b-8881-da6a3d2f8397. Size = 23.53 KB.
2018-11-13 00:02:52,579 12080  INFO  [b550f3] Doing some complicated stuff.. Random numbers are: 1675954271, 1403801030, 1587962707.
2018-11-13 00:02:52,581 12082  INFO  [091800] Started processing user request. Id = 0918008f-8208-4ff5-b559-b839e5b2b74e. Size = 3.19 KB.
2018-11-13 00:02:52,582 12083  INFO  [091800] Doing some complicated stuff.. Random numbers are: 1224100786, 1754963743, 1613582857.
2018-11-13 00:02:52,587 12088  INFO  [091800] Here's some useful guids:
		0699d501-44c3-43da-9d82-7fa9c439a39c
		083ee208-c682-4c30-aa9c-e63569df1ada
		faf55f04-de15-4305-8ca2-6a0647c7bb39
2018-11-13 00:02:52,596 12097  INFO  [b550f3] Finished processing user request with id = b550f32d-d351-471b-8881-da6a3d2f8397 in 00:00:00.0270173.
2018-11-13 00:02:52,602 12103  ERROR [091800] 
System.InvalidOperationException: Oh no! An error occurred!
2018-11-13 00:02:52,616 12117  INFO  [ce0a56] Started processing user request. Id = ce0a563d-cb21-4afa-ba61-33c6047686d2. Size = 93.2 KB.
2018-11-13 00:02:52,622 12123  INFO  [54cee9] Started processing user request. Id = 54cee942-e603-4e1a-a19e-e8b7ccbfe78c. Size = 14.22 KB.
2018-11-13 00:02:52,622 12123  INFO  [54cee9] Doing some complicated stuff.. Random numbers are: 812772578, 1284974922, 701226548.
2018-11-13 00:02:52,627 12128  INFO  [bff661] Started processing user request. Id = bff66189-ed31-4872-8dad-51c807ca735c. Size = 76.26 KB.
2018-11-13 00:02:52,629 12130  INFO  [bff661] Doing some complicated stuff.. Random numbers are: 1109675603, 231375020, 836866862.
2018-11-13 00:02:52,634 12135  INFO  [ce0a56] Doing some complicated stuff.. Random numbers are: 946097858, 286806451, 1552194324.
2018-11-13 00:02:52,640 12141  INFO  [ce0a56] Here's some useful guids:
		4f1811e8-4568-4245-84d1-5ad0bc79f9dd
2018-11-13 00:02:52,651 12152  INFO  [ce0a56] Finished processing user request with id = ce0a563d-cb21-4afa-ba61-33c6047686d2 in 00:00:00.0349930.
2018-11-13 00:02:52,651 12152  INFO  [54cee9] Here's some useful guids:
		acbcd873-cf6a-437d-b230-a545cdac4086
2018-11-13 00:02:52,665 12166  INFO  [019b5c] Started processing user request. Id = 019b5c64-af4e-4a68-81d2-d6f940a84dbb. Size = 10.46 KB.
2018-11-13 00:02:52,668 12169  ERROR [54cee9] 
System.InvalidOperationException: Oh no! An error occurred!
2018-11-13 00:02:52,674 12175  INFO  [bff661] Finished processing user request with id = bff66189-ed31-4872-8dad-51c807ca735c in 00:00:00.0469983.
2018-11-13 00:02:52,683 12184  INFO  [019b5c] Doing some complicated stuff.. Random numbers are: 1374823304, 730712006, 749237964.
2018-11-13 00:02:52,687 12188  INFO  [BackgroundDaemon] Starting iteration #15464.
2018-11-13 00:02:52,705 12206  INFO  [41dc9c] Started processing user request. Id = 41dc9c00-28c1-43d1-b388-3fae26c3f363. Size = 18.1 KB.
2018-11-13 00:02:52,707 12208  INFO  [41dc9c] Doing some complicated stuff.. Random numbers are: 2075042659, 585861578, 2076612069.
2018-11-13 00:02:52,717 12218  INFO  [BackgroundDaemon] Processing data (19% completed)..
2018-11-13 00:02:52,724 12225  INFO  [019b5c] Finished processing user request with id = 019b5c64-af4e-4a68-81d2-d6f940a84dbb in 00:00:00.0591471.
2018-11-13 00:02:52,733 12234  INFO  [41dc9c] Finished processing user request with id = 41dc9c00-28c1-43d1-b388-3fae26c3f363 in 00:00:00.0280551.
2018-11-13 00:02:52,738 12239  INFO  [fee15e] Started processing user request. Id = fee15e85-5407-4b97-8002-427fd3f8225f. Size = 42.98 KB.
2018-11-13 00:02:52,749 12250  INFO  [fee15e] Doing some complicated stuff.. Random numbers are: 1623303824, 126927059, 1319687357.
2018-11-13 00:02:52,755 12257  INFO  [fee15e] Here's some useful guids:
		8f021007-c951-4911-bc71-71097a6341a7
		e6ad6844-b727-4870-8216-400209e54ba2
2018-11-13 00:02:52,765 12266  INFO  [BackgroundDaemon] Processing data (46% completed)..
2018-11-13 00:02:52,765 12266  INFO  [82bdee] Started processing user request. Id = 82bdee68-07c8-409b-8d0a-be7c2f468eb0. Size = 22.04 KB.
2018-11-13 00:02:52,769 12271  INFO  [fee15e] Finished processing user request with id = fee15e85-5407-4b97-8002-427fd3f8225f in 00:00:00.0310641.
2018-11-13 00:02:52,777 12278  INFO  [82bdee] Doing some complicated stuff.. Random numbers are: 449936515, 144584757, 150055376.
2018-11-13 00:02:52,782 12284  INFO  [7fe9f4] Started processing user request. Id = 7fe9f480-671a-4687-9dd5-05aff904ab95. Size = 20.04 KB.
2018-11-13 00:02:52,785 12286  INFO  [BackgroundDaemon] Processing data (80% completed)..
2018-11-13 00:02:52,785 12286  INFO  [BackgroundDaemon] Finished iteration in 00:00:00.0972632.
2018-11-13 00:02:52,798 12299  INFO  [7fe9f4] Doing some complicated stuff.. Random numbers are: 479855641, 1321537629, 1240775519.
2018-11-13 00:02:52,800 12301  INFO  [Metrics] Cpu: 11.44%; Memory: 19.79 GB/31.88 GB; Workers: 4/1024; IOCP: 0/1024
2018-11-13 00:02:52,801 12302  INFO  [7fe9f4] Here's some useful guids:
		cbc825a7-059b-4cc2-83ca-f2e16e2f8bd4
		6bfa0cb5-7360-489d-b148-f4e4dabe156a
		d2931d3a-f06f-489f-a29e-734cd042db17
		b9eb6086-fd2c-4521-b770-5b0b95d1a7eb
		d1a5ffd7-9f7d-40d4-866f-e3743e890105
2018-11-13 00:02:52,801 12302  INFO  [7fe9f4] Finished processing user request with id = 7fe9f480-671a-4687-9dd5-05aff904ab95 in 00:00:00.0181095.
2018-11-13 00:02:52,814 12315  INFO  [0f0d3c] Started processing user request. Id = 0f0d3cc6-2176-4f57-bf80-6ad32da16044. Size = 56.74 KB.
2018-11-13 00:02:52,816 12317  INFO  [0f0d3c] Doing some complicated stuff.. Random numbers are: 928115336, 641540072, 827343158.
2018-11-13 00:02:52,816 12317  INFO  [82bdee] Here's some useful guids:
		7da62195-8f25-4100-aeec-3e39b373498a
		c6c8fcc2-fa70-4a7c-bb50-b4b16b7db92f
		5d344a95-01af-4acd-b049-5e1c34fbfd73
2018-11-13 00:02:52,836 12337  INFO  [0f0d3c] Here's some useful guids:
		9e447c1d-02f9-4331-882c-aeed03c15d6f
		caece30f-42c3-45ca-8e97-19f0ae48922d
2018-11-13 00:02:52,836 12337  INFO  [c7616f] Started processing user request. Id = c7616f3b-4cba-4c7e-a301-70dfd07ccce3. Size = 45.08 KB.
2018-11-13 00:02:52,836 12337  INFO  [82bdee] Finished processing user request with id = 82bdee68-07c8-409b-8d0a-be7c2f468eb0 in 00:00:00.0711342.
2018-11-13 00:02:52,842 12343  INFO  [0f0d3c] Finished processing user request with id = 0f0d3cc6-2176-4f57-bf80-6ad32da16044 in 00:00:00.0279914.
2018-11-13 00:02:52,856 12357  INFO  [e9b3f0] Started processing user request. Id = e9b3f005-7f00-4956-909c-c97b30131108. Size = 80.62 KB.
2018-11-13 00:02:52,856 12357  INFO  [c7616f] Doing some complicated stuff.. Random numbers are: 653093340, 1298567986, 541414807.
2018-11-13 00:02:52,865 12367  INFO  [e9b3f0] Doing some complicated stuff.. Random numbers are: 560197019, 1009541005, 115141476.
2018-11-13 00:02:52,867 12369  INFO  [150dae] Started processing user request. Id = 150dae60-3f18-4ffd-a4c7-813959bb0a29. Size = 30.24 KB.
2018-11-13 00:02:52,879 12380  INFO  [150dae] Doing some complicated stuff.. Random numbers are: 1336036388, 1836637998, 1995877788.
2018-11-13 00:02:52,880 12381  INFO  [c7616f] Here's some useful guids:
		db2fd432-c5e4-4c4c-9553-be396bb8b92c
		5b63cdee-0bb4-4fd4-850f-aede1b158e31
		7eba30b9-6f54-4ae9-a209-22361bc33ab7
		8591f947-5463-4de8-9363-d04078aad15c
		f38aa001-f7b2-4c51-aa2f-7e211f6c557f
2018-11-13 00:02:52,884 12385  INFO  [e9b3f0] Here's some useful guids:
		82a33567-2dbe-4607-802e-a1020d4752ca
		ebcb70d2-d237-4d03-8f42-85ee9404f4e3
		fa149ba7-8086-477b-a1cc-c9179e5a8788
		177f4497-7d53-4e71-8e9c-e5250a2a9dce
		ed5cf57c-af42-4b50-ba69-af49eab2837c
2018-11-13 00:02:52,907 12408  INFO  [c7616f] Finished processing user request with id = c7616f3b-4cba-4c7e-a301-70dfd07ccce3 in 00:00:00.0710453.
2018-11-13 00:02:52,908 12409  INFO  [e9b3f0] Finished processing user request with id = e9b3f005-7f00-4956-909c-c97b30131108 in 00:00:00.0521410.
2018-11-13 00:02:52,921 12422  INFO  [751f9a] Started processing user request. Id = 751f9aa1-8daa-448e-9c0a-50adfbee7a34. Size = 62.04 KB.
2018-11-13 00:02:52,936 12437  INFO  [751f9a] Doing some complicated stuff.. Random numbers are: 1287508189, 1967759925, 283169046.
2018-11-13 00:02:52,945 12446  INFO  [150dae] Finished processing user request with id = 150dae60-3f18-4ffd-a4c7-813959bb0a29 in 00:00:00.0779534.
2018-11-13 00:02:52,962 12463  INFO  [751f9a] Finished processing user request with id = 751f9aa1-8daa-448e-9c0a-50adfbee7a34 in 00:00:00.0408539.
2018-11-13 00:02:52,975 12477  INFO  [b794df] Started processing user request. Id = b794dfaa-2f57-459b-a2ab-ae3738a5a35f. Size = 24.83 KB.
2018-11-13 00:02:52,977 12478  INFO  [1eddf3] Started processing user request. Id = 1eddf31b-c6f8-4026-8f67-2c15a60b5f47. Size = 10.55 KB.
2018-11-13 00:02:52,980 12481  INFO  [b794df] Doing some complicated stuff.. Random numbers are: 114675476, 1435234780, 1854974173.
2018-11-13 00:02:52,985 12486  INFO  [BackgroundDaemon] Starting iteration #15465.
2018-11-13 00:02:52,987 12488  INFO  [1eddf3] Doing some complicated stuff.. Random numbers are: 511913190, 1539304515, 1308832051.
2018-11-13 00:02:52,998 12499  INFO  [b794df] Here's some useful guids:
		6fa86109-3c65-430c-8455-7b19a6e76a53
2018-11-13 00:02:53,011 12512  INFO  [b794df] Finished processing user request with id = b794dfaa-2f57-459b-a2ab-ae3738a5a35f in 00:00:00.0352534.
2018-11-13 00:02:53,025 12526  INFO  [e29163] Started processing user request. Id = e2916346-9f68-4159-ae10-4adfa1709fcb. Size = 12.18 KB.
2018-11-13 00:02:53,029 12530  INFO  [1eddf3] Finished processing user request with id = 1eddf31b-c6f8-4026-8f67-2c15a60b5f47 in 00:00:00.0520009.
2018-11-13 00:02:53,044 12545  INFO  [e29163] Doing some complicated stuff.. Random numbers are: 1541523787, 236657112, 2102475472.
2018-11-13 00:02:53,060 12561  INFO  [c4ba82] Started processing user request. Id = c4ba8279-2bc5-4dc3-a7c8-e32cc72288b0. Size = 94.9 KB.
2018-11-13 00:02:53,069 12571  INFO  [c4ba82] Doing some complicated stuff.. Random numbers are: 1339714630, 316806010, 215399557.
2018-11-13 00:02:53,070 12572  INFO  [e29163] Finished processing user request with id = e2916346-9f68-4159-ae10-4adfa1709fcb in 00:00:00.0459204.
2018-11-13 00:02:53,075 12576  INFO  [a0268a] Started processing user request. Id = a0268afe-02ed-4b0c-94f4-55b2b985543c. Size = 52.51 KB.
2018-11-13 00:02:53,075 12576  INFO  [a0268a] Doing some complicated stuff.. Random numbers are: 2043137221, 357836655, 705552049.
2018-11-13 00:02:53,078 12579  INFO  [BackgroundDaemon] Processing data (17% completed)..
2018-11-13 00:02:53,085 12586  INFO  [6a19e5] Started processing user request. Id = 6a19e5cc-933b-49d5-9ab1-cc25e11f0c96. Size = 55.13 KB.
2018-11-13 00:02:53,087 12588  INFO  [6a19e5] Doing some complicated stuff.. Random numbers are: 1918876157, 745390172, 108558635.
2018-11-13 00:02:53,090 12591  INFO  [a0268a] Here's some useful guids:
		df533720-f263-41e4-9d8d-748a73592a87
		f17d0a0c-714f-4907-b5b4-e2bc7f24911c
		c3707836-010b-4337-a1f0-1ccb7092ddde
2018-11-13 00:02:53,093 12594  INFO  [a0268a] Finished processing user request with id = a0268afe-02ed-4b0c-94f4-55b2b985543c in 00:00:00.0181409.
2018-11-13 00:02:53,110 12611  INFO  [6a19e5] Finished processing user request with id = 6a19e5cc-933b-49d5-9ab1-cc25e11f0c96 in 00:00:00.0251302.
2018-11-13 00:02:53,111 12612  INFO  [c4ba82] Finished processing user request with id = c4ba8279-2bc5-4dc3-a7c8-e32cc72288b0 in 00:00:00.0510296.
2018-11-13 00:02:53,123 12624  INFO  [dedb1c] Started processing user request. Id = dedb1c1b-a2d0-463a-a053-789946462e97. Size = 50.63 KB.
2018-11-13 00:02:53,127 12628  INFO  [dedb1c] Doing some complicated stuff.. Random numbers are: 2053547651, 1303960387, 1872330901.
2018-11-13 00:02:53,132 12633  INFO  [BackgroundDaemon] Processing data (46% completed)..
2018-11-13 00:02:53,143 12644  INFO  [606ec2] Started processing user request. Id = 606ec23d-bb5d-4511-97f2-cf854d90b0b2. Size = 69.65 KB.
2018-11-13 00:02:53,148 12649  INFO  [dedb1c] Finished processing user request with id = dedb1c1b-a2d0-463a-a053-789946462e97 in 00:00:00.0248701.
2018-11-13 00:02:53,161 12663  INFO  [d208c1] Started processing user request. Id = d208c1e3-aaf1-4894-9b61-d4bd87b0dfbc. Size = 77.3 KB.
2018-11-13 00:02:53,163 12664  INFO  [606ec2] Doing some complicated stuff.. Random numbers are: 1155822482, 2069376365, 2094366197.
2018-11-13 00:02:53,169 12670  INFO  [d208c1] Doing some complicated stuff.. Random numbers are: 89375643, 1522312617, 767132635.
2018-11-13 00:02:53,172 12673  INFO  [606ec2] Finished processing user request with id = 606ec23d-bb5d-4511-97f2-cf854d90b0b2 in 00:00:00.0289600.
2018-11-13 00:02:53,198 12699  INFO  [d208c1] Here's some useful guids:
		ff6e317e-1909-48fd-921c-f6548397487f
		65f0431e-1da6-46f4-95a3-0d1c21183e88
		18a7810e-14af-40ce-b113-3a852e101a14
		1d14992d-2d54-448f-887d-3437a25cbec4
2018-11-13 00:02:53,198 12699  ERROR [d208c1] 
System.InvalidOperationException: Oh no! An error occurred!
2018-11-13 00:02:53,203 12704  INFO  [83da54] Started processing user request. Id = 83da5408-47f2-44d1-8e87-76ca62ceb323. Size = 55.19 KB.
2018-11-13 00:02:53,208 12709  INFO  [83da54] Doing some complicated stuff.. Random numbers are: 79164871, 665206557, 965191703.
2018-11-13 00:02:53,211 12713  INFO  [d1d6d6] Started processing user request. Id = d1d6d693-ead5-4cc8-b53d-e45dc17e5e5b. Size = 67.45 KB.
2018-11-13 00:02:53,217 12718  INFO  [83da54] Here's some useful guids:
		b3ecb95c-7065-48df-b4a5-b7848a14beaa
		d5ab5722-ec8e-44aa-96a4-6ad1847835a6
		f30e0a9d-0a8b-48bc-af8b-57ddb24b4951
2018-11-13 00:02:53,224 12725  ERROR [83da54] 
System.InvalidOperationException: Oh no! An error occurred!
2018-11-13 00:02:53,224 12725  INFO  [d1d6d6] Doing some complicated stuff.. Random numbers are: 1254329161, 823846255, 2097262413.
2018-11-13 00:02:53,231 12732  INFO  [BackgroundDaemon] Processing data (65% completed)..
2018-11-13 00:02:53,231 12732  INFO  [BackgroundDaemon] Finished iteration in 00:00:00.2460732.
2018-11-13 00:02:53,255 12756  INFO  [d683d2] Started processing user request. Id = d683d232-6456-47af-8d02-81d0ffa0bb57. Size = 84.43 KB.
2018-11-13 00:02:53,258 12759  INFO  [d1d6d6] Finished processing user request with id = d1d6d693-ead5-4cc8-b53d-e45dc17e5e5b in 00:00:00.0462799.
2018-11-13 00:02:53,261 12762  INFO  [9bf6e1] Started processing user request. Id = 9bf6e14d-6fd9-4c68-a541-79c1cca7c52f. Size = 96.13 KB.
2018-11-13 00:02:53,268 12769  INFO  [d683d2] Doing some complicated stuff.. Random numbers are: 1269535128, 996482653, 468630122.
2018-11-13 00:02:53,271 12772  INFO  [9bf6e1] Doing some complicated stuff.. Random numbers are: 1483377147, 260631566, 1135511640.
2018-11-13 00:02:53,272 12773  INFO  [69d400] Started processing user request. Id = 69d40072-f568-4f02-b164-e7292ea9fa30. Size = 83.46 KB.
2018-11-13 00:02:53,272 12773  INFO  [69d400] Doing some complicated stuff.. Random numbers are: 1413709599, 532794074, 1391088334.
2018-11-13 00:02:53,282 12784  INFO  [d683d2] Here's some useful guids:
		06cc7af7-d0e0-423a-88c1-2be45d3e9259
2018-11-13 00:02:53,288 12790  INFO  [d683d2] Finished processing user request with id = d683d232-6456-47af-8d02-81d0ffa0bb57 in 00:00:00.0335303.
2018-11-13 00:02:53,296 12797  INFO  [9bf6e1] Here's some useful guids:
		a88a81f0-9123-4f3f-a92c-828c3be52f1d
2018-11-13 00:02:53,299 12800  INFO  [Metrics] Cpu: 11.44%; Memory: 19.79 GB/31.88 GB; Workers: 4/1024; IOCP: 0/1024
2018-11-13 00:02:53,313 12814  INFO  [9bf6e1] Finished processing user request with id = 9bf6e14d-6fd9-4c68-a541-79c1cca7c52f in 00:00:00.0524985.
2018-11-13 00:02:53,315 12816  INFO  [69d400] Finished processing user request with id = 69d40072-f568-4f02-b164-e7292ea9fa30 in 00:00:00.0435706.
2018-11-13 00:02:53,320 12821  INFO  [da90df] Started processing user request. Id = da90df15-3589-435a-8895-66e1e220b4da. Size = 44.85 KB.
2018-11-13 00:02:53,322 12823  INFO  [da90df] Doing some complicated stuff.. Random numbers are: 180141405, 593922101, 2030229571.
2018-11-13 00:02:53,328 12829  INFO  [157eb1] Started processing user request. Id = 157eb144-9bed-43c5-8bcc-0ee41d653c74. Size = 50.74 KB.
2018-11-13 00:02:53,331 12832  INFO  [157eb1] Doing some complicated stuff.. Random numbers are: 875022848, 286583699, 1520886490.
2018-11-13 00:02:53,355 12856  INFO  [157eb1] Finished processing user request with id = 157eb144-9bed-43c5-8bcc-0ee41d653c74 in 00:00:00.0267299.
2018-11-13 00:02:53,368 12869  INFO  [b90c80] Started processing user request. Id = b90c80e7-a1bc-47f1-b356-7196e2080cb9. Size = 83.71 KB.
2018-11-13 00:02:53,374 12875  INFO  [da90df] Finished processing user request with id = da90df15-3589-435a-8895-66e1e220b4da in 00:00:00.0532337.
2018-11-13 00:02:53,384 12885  INFO  [b90c80] Doing some complicated stuff.. Random numbers are: 337152133, 465263078, 748762080.
2018-11-13 00:02:53,405 12906  INFO  [0a9051] Started processing user request. Id = 0a9051f6-7d5f-4646-bf0a-c28c8f134c28. Size = 48.58 KB.
2018-11-13 00:02:53,407 12908  INFO  [0a9051] Doing some complicated stuff.. Random numbers are: 1683626915, 1150348112, 35277483.
2018-11-13 00:02:53,426 12927  INFO  [b90c80] Finished processing user request with id = b90c80e7-a1bc-47f1-b356-7196e2080cb9 in 00:00:00.0575078.
2018-11-13 00:02:53,431 12932  INFO  [0a9051] Finished processing user request with id = 0a9051f6-7d5f-4646-bf0a-c28c8f134c28 in 00:00:00.0260243.
2018-11-13 00:02:53,431 12932  INFO  [BackgroundDaemon] Starting iteration #15466.
2018-11-13 00:02:53,439 12940  INFO  [4a9a87] Started processing user request. Id = 4a9a876f-7ce9-4830-8004-9e986f3689be. Size = 91.45 KB.
2018-11-13 00:02:53,454 12955  INFO  [4a9a87] Doing some complicated stuff.. Random numbers are: 2103768885, 1025161999, 345828479.
2018-11-13 00:02:53,462 12963  INFO  [689e84] Started processing user request. Id = 689e843d-6a74-4e6f-967f-6493b77d637a. Size = 4.77 KB.
2018-11-13 00:02:53,471 12972  INFO  [689e84] Doing some complicated stuff.. Random numbers are: 1696276841, 1221239507, 623015155.
2018-11-13 00:02:53,481 12982  INFO  [4a9a87] Finished processing user request with id = 4a9a876f-7ce9-4830-8004-9e986f3689be in 00:00:00.0415545.
2018-11-13 00:02:53,481 12982  INFO  [80e760] Started processing user request. Id = 80e7605f-b551-4e18-8b99-746378e87816. Size = 16.44 KB.
2018-11-13 00:02:53,490 12991  INFO  [80e760] Doing some complicated stuff.. Random numbers are: 2044073754, 2108618651, 556989639.
2018-11-13 00:02:53,495 12996  INFO  [6a07d9] Started processing user request. Id = 6a07d9e2-ec3e-4043-af41-e8d01bb4242a. Size = 12.69 KB.
2018-11-13 00:02:53,498 12999  INFO  [6a07d9] Doing some complicated stuff.. Random numbers are: 845770956, 1842005453, 1673936804.
2018-11-13 00:02:53,515 13016  INFO  [689e84] Finished processing user request with id = 689e843d-6a74-4e6f-967f-6493b77d637a in 00:00:00.0530821.
2018-11-13 00:02:53,515 13016  INFO  [6a07d9] Here's some useful guids:
		abdeb50e-4998-400a-8453-417fa3a19db3
2018-11-13 00:02:53,517 13018  INFO  [80e760] Finished processing user request with id = 80e7605f-b551-4e18-8b99-746378e87816 in 00:00:00.0366241.
2018-11-13 00:02:53,529 13030  INFO  [BackgroundDaemon] Processing data (16% completed)..
2018-11-13 00:02:53,543 13044  INFO  [6a07d9] Finished processing user request with id = 6a07d9e2-ec3e-4043-af41-e8d01bb4242a in 00:00:00.0484168.
2018-11-13 00:02:53,547 13048  INFO  [7b2e96] Started processing user request. Id = 7b2e96b5-5fbb-48d8-9b24-1fa89bf4f288. Size = 50.98 KB.
2018-11-13 00:02:53,554 13055  INFO  [7b2e96] Doing some complicated stuff.. Random numbers are: 1280116886, 1133387775, 52678053.
2018-11-13 00:02:53,556 13057  INFO  [66ae12] Started processing user request. Id = 66ae12b3-e186-4035-be07-5df3000893da. Size = 54.35 KB.
2018-11-13 00:02:53,574 13075  INFO  [66ae12] Doing some complicated stuff.. Random numbers are: 42677519, 908511200, 1978468518.
2018-11-13 00:02:53,584 13086  INFO  [7b2e96] Finished processing user request with id = 7b2e96b5-5fbb-48d8-9b24-1fa89bf4f288 in 00:00:00.0373308.
2018-11-13 00:02:53,594 13095  INFO  [66ae12] Finished processing user request with id = 66ae12b3-e186-4035-be07-5df3000893da in 00:00:00.0382252.
2018-11-13 00:02:53,601 13102  INFO  [BackgroundDaemon] Processing data (48% completed)..
2018-11-13 00:02:53,607 13109  INFO  [a0d8fc] Started processing user request. Id = a0d8fc88-0fb6-4f8b-aa91-a16427d898d8. Size = 62.2 KB.
2018-11-13 00:02:53,616 13117  INFO  [7215ed] Started processing user request. Id = 7215ed81-8b18-45b2-bb6e-3ad27379f8ab. Size = 13.89 KB.
2018-11-13 00:02:53,621 13122  INFO  [a0d8fc] Doing some complicated stuff.. Random numbers are: 1445447395, 1174179295, 1190377743.
2018-11-13 00:02:53,632 13133  INFO  [7215ed] Doing some complicated stuff.. Random numbers are: 782460633, 1377841438, 499674334.
2018-11-13 00:02:53,661 13162  INFO  [7215ed] Here's some useful guids:
		5bf57efc-8226-4023-8c69-dd5fdd675ec6
		cfe120bf-5e66-4e96-87d6-689ebfebe8ac
		a7f7f113-e218-4d2a-893f-f5bbea7cb122
		b13c9c76-ad66-4176-94e0-8ae95c5a8fa3
2018-11-13 00:02:53,675 13177  INFO  [a0d8fc] Finished processing user request with id = a0d8fc88-0fb6-4f8b-aa91-a16427d898d8 in 00:00:00.0680249.
2018-11-13 00:02:53,678 13180  INFO  [BackgroundDaemon] Processing data (73% completed)..
2018-11-13 00:02:53,678 13180  INFO  [BackgroundDaemon] Finished iteration in 00:00:00.2473996.
2018-11-13 00:02:53,685 13186  INFO  [5f953a] Started processing user request. Id = 5f953a1a-14e0-45ae-b842-3481fa34ff10. Size = 27.3 KB.
2018-11-13 00:02:53,689 13190  INFO  [7215ed] Finished processing user request with id = 7215ed81-8b18-45b2-bb6e-3ad27379f8ab in 00:00:00.0728600.
2018-11-13 00:02:53,690 13191  INFO  [79858d] Started processing user request. Id = 79858dd9-acce-4583-bc08-c2878dbaf5e3. Size = 3.88 KB.
2018-11-13 00:02:53,695 13196  INFO  [5f953a] Doing some complicated stuff.. Random numbers are: 1124085566, 344603606, 1992736335.
2018-11-13 00:02:53,698 13199  INFO  [5f953a] Here's some useful guids:
		aebbe9f9-e78c-438a-bd40-fa5acd107a3d
2018-11-13 00:02:53,704 13205  INFO  [5f953a] Finished processing user request with id = 5f953a1a-14e0-45ae-b842-3481fa34ff10 in 00:00:00.0197206.
2018-11-13 00:02:53,708 13209  INFO  [79858d] Doing some complicated stuff.. Random numbers are: 69961699, 1108433143, 618044133.
2018-11-13 00:02:53,720 13221  INFO  [885fe5] Started processing user request. Id = 885fe5c2-5c1f-43b5-acf0-880f0584f2a0. Size = 6.32 KB.
2018-11-13 00:02:53,731 13232  INFO  [885fe5] Doing some complicated stuff.. Random numbers are: 902986861, 1467495895, 1348201527.
2018-11-13 00:02:53,762 13263  INFO  [885fe5] Here's some useful guids:
		62c53099-f9b4-4fdb-a60d-25fd3e17c074
		1f9178e7-8918-40a4-9f77-f9d755550baa
		c0b5d66d-9246-463d-b08d-db678f714845
		3231d42c-40b4-430f-943b-82dbaf422e9c
2018-11-13 00:02:53,767 13268  INFO  [79858d] Finished processing user request with id = 79858dd9-acce-4583-bc08-c2878dbaf5e3 in 00:00:00.0770250.
2018-11-13 00:02:53,773 13274  INFO  [885fe5] Finished processing user request with id = 885fe5c2-5c1f-43b5-acf0-880f0584f2a0 in 00:00:00.0534903.
2018-11-13 00:02:53,780 13281  INFO  [df9bbc] Started processing user request. Id = df9bbce4-0498-422d-b1d4-bceccac3b53b. Size = 97.67 KB.
2018-11-13 00:02:53,798 13299  INFO  [Metrics] Cpu: 0.39%; Memory: 19.79 GB/31.88 GB; Workers: 4/1024; IOCP: 0/1024
2018-11-13 00:02:53,800 13301  INFO  [df9bbc] Doing some complicated stuff.. Random numbers are: 1526304482, 1726139528, 351619084.
2018-11-13 00:02:53,803 13304  INFO  [df9bbc] Here's some useful guids:
		ec199f39-6ea1-48ac-a989-0e1c6c214b09
		1805c66c-f043-4e0a-88c6-e38840ccd5d0
		95a6648d-24b7-4581-aa4e-d9324915ebed
2018-11-13 00:02:53,805 13306  INFO  [8734ac] Started processing user request. Id = 8734ac6d-1fb0-4c51-81a5-c482bceb0caa. Size = 79.06 KB.
2018-11-13 00:02:53,810 13311  INFO  [8734ac] Doing some complicated stuff.. Random numbers are: 1039309531, 1133424938, 1480298939.
2018-11-13 00:02:53,828 13329  INFO  [8734ac] Here's some useful guids:
		ffc49f5b-7169-4173-8e40-0d093d26e769
		89d4c871-b946-4425-afb7-669376f4da1c
		fb37a953-34b0-49c9-aebd-a77421c476b9
2018-11-13 00:02:53,831 13332  ERROR [df9bbc] 
System.InvalidOperationException: Oh no! An error occurred!
2018-11-13 00:02:53,844 13345  INFO  [73a280] Started processing user request. Id = 73a28014-b4ce-4e84-9bed-b6975b84b18e. Size = 35.35 KB.
2018-11-13 00:02:53,846 13347  INFO  [73a280] Doing some complicated stuff.. Random numbers are: 127302604, 650893240, 449096719.
2018-11-13 00:02:53,857 13358  INFO  [8734ac] Finished processing user request with id = 8734ac6d-1fb0-4c51-81a5-c482bceb0caa in 00:00:00.0522472.
2018-11-13 00:02:53,865 13366  INFO  [73a280] Finished processing user request with id = 73a28014-b4ce-4e84-9bed-b6975b84b18e in 00:00:00.0211021.
2018-11-13 00:02:53,871 13373  INFO  [9e91be] Started processing user request. Id = 9e91be1a-f4ef-4145-be55-e904d3b158a6. Size = 91.15 KB.
2018-11-13 00:02:53,878 13379  INFO  [9e91be] Doing some complicated stuff.. Random numbers are: 1739301144, 1975736727, 747728742.
2018-11-13 00:02:53,878 13379  INFO  [6e130b] Started processing user request. Id = 6e130bd6-4157-456c-9e53-ff6fa9d1f582. Size = 59.1 KB.
2018-11-13 00:02:53,879 13380  INFO  [BackgroundDaemon] Starting iteration #15467.
2018-11-13 00:02:53,889 13390  INFO  [0a875d] Started processing user request. Id = 0a875d4a-a38d-4ede-88cc-93b1407219f9. Size = 1.83 KB.
2018-11-13 00:02:53,895 13396  INFO  [6e130b] Doing some complicated stuff.. Random numbers are: 1889187267, 286767223, 2016946990.
2018-11-13 00:02:53,902 13403  INFO  [0a875d] Doing some complicated stuff.. Random numbers are: 29287601, 1238782009, 844670507.
2018-11-13 00:02:53,915 13416  INFO  [9e91be] Here's some useful guids:
		7147a1f0-e1f8-4b7b-9f40-342173d8c15a
		bd50a719-a33b-4139-b8d8-a8d1ab464405
2018-11-13 00:02:53,921 13422  INFO  [9e91be] Finished processing user request with id = 9e91be1a-f4ef-4145-be55-e904d3b158a6 in 00:00:00.0490350.
2018-11-13 00:02:53,922 13423  INFO  [6e130b] Here's some useful guids:
		ee52b978-1ba8-4d23-8601-dfd0a8380d55
		43317b37-cf1b-42bc-9c3d-9120460352e3
		ef40344a-873a-4a9c-81d7-e2ff39bb4b85
		1257f047-10a4-4d2b-b25e-8b97a41e9a17
		be7fbb43-fb76-4489-9fa6-8be1efa4a63d
2018-11-13 00:02:53,937 13438  INFO  [6e130b] Finished processing user request with id = 6e130bd6-4157-456c-9e53-ff6fa9d1f582 in 00:00:00.0583591.
2018-11-13 00:02:53,941 13442  INFO  [0a875d] Here's some useful guids:
		e72c3f95-3b60-4155-b20b-c8fc34e66b80
		9c628494-ee46-47b4-b385-ec2557fb55fe
		2bae284c-00cf-4b95-88d2-7ed4083b0372
2018-11-13 00:02:53,947 13448  INFO  [0a875d] Finished processing user request with id = 0a875d4a-a38d-4ede-88cc-93b1407219f9 in 00:00:00.0579005.
2018-11-13 00:02:53,951 13452  INFO  [637ce9] Started processing user request. Id = 637ce919-25e7-466a-b8db-6c81c1be92ad. Size = 61.29 KB.
2018-11-13 00:02:53,956 13457  INFO  [637ce9] Doing some complicated stuff.. Random numbers are: 1270937929, 32103395, 215207711.
2018-11-13 00:02:53,965 13466  INFO  [BackgroundDaemon] Processing data (7% completed)..
2018-11-13 00:02:53,978 13479  INFO  [d140cd] Started processing user request. Id = d140cd7b-55a9-44ee-b57f-453837e4d8b0. Size = 17.76 KB.
2018-11-13 00:02:53,989 13490  INFO  [d140cd] Doing some complicated stuff.. Random numbers are: 1875511063, 1538380015, 758564634.
2018-11-13 00:02:53,990 13491  INFO  [637ce9] Here's some useful guids:
		c59f367c-c6ec-4f23-b771-480d3a3b983f
		0514ccd3-64ec-45d5-ba1d-b7150d17d875
		6f974154-02f1-46d8-8cb9-54f7b3bc100c
2018-11-13 00:02:54,011 13512  INFO  [d140cd] Here's some useful guids:
		ab3541ba-383d-440e-a8d2-95afcd786a89
		be397e3e-767a-45da-a534-ba277acbdd3d
		8975d4b7-5ca6-4d35-bff2-749c2f4829da
		292e927a-2fbd-40fe-bbb5-6b18b1aaf549
2018-11-13 00:02:54,014 13515  INFO  [637ce9] Finished processing user request with id = 637ce919-25e7-466a-b8db-6c81c1be92ad in 00:00:00.0631364.
2018-11-13 00:02:54,028 13529  INFO  [d46abd] Started processing user request. Id = d46abd8b-6a1a-4f49-b156-1e81b60c06be. Size = 59.12 KB.
2018-11-13 00:02:54,036 13537  INFO  [d46abd] Doing some complicated stuff.. Random numbers are: 31449890, 36959082, 1576337203.
2018-11-13 00:02:54,040 13541  INFO  [d140cd] Finished processing user request with id = d140cd7b-55a9-44ee-b57f-453837e4d8b0 in 00:00:00.0613403.
2018-11-13 00:02:54,044 13545  INFO  [BackgroundDaemon] Processing data (35% completed)..
2018-11-13 00:02:54,072 13573  INFO  [d46abd] Finished processing user request with id = d46abd8b-6a1a-4f49-b156-1e81b60c06be in 00:00:00.0439937.
2018-11-13 00:02:54,072 13573  INFO  [3a5ee8] Started processing user request. Id = 3a5ee86a-0db9-4175-82c6-5171d9545784. Size = 91.65 KB.
2018-11-13 00:02:54,072 13573  INFO  [3a5ee8] Doing some complicated stuff.. Random numbers are: 1164835826, 245963478, 1419849437.
2018-11-13 00:02:54,085 13586  INFO  [04799e] Started processing user request. Id = 04799e9f-ed3c-42b1-9ad9-4b1ecabe7ae8. Size = 80.82 KB.
2018-11-13 00:02:54,088 13589  INFO  [04799e] Doing some complicated stuff.. Random numbers are: 1076168970, 1477681841, 805258882.
2018-11-13 00:02:54,088 13589  INFO  [dadd9e] Started processing user request. Id = dadd9eb5-55b1-4d8e-8ccc-e58f4780c028. Size = 63.11 KB.
2018-11-13 00:02:54,091 13592  INFO  [BackgroundDaemon] Processing data (65% completed)..
2018-11-13 00:02:54,091 13592  INFO  [BackgroundDaemon] Finished iteration in 00:00:00.2114804.
2018-11-13 00:02:54,099 13600  INFO  [dadd9e] Doing some complicated stuff.. Random numbers are: 337683747, 594598362, 708652570.
2018-11-13 00:02:54,101 13602  INFO  [04799e] Here's some useful guids:
		c294ce01-b398-4e2c-a719-b2266f313862
2018-11-13 00:02:54,106 13607  INFO  [3a5ee8] Here's some useful guids:
		60ba0453-8cd5-4361-8547-380daa12fcb7
		9901d4ac-1b81-4f2b-a1f5-a552208aea42
		93ded8a0-2b14-4e41-90d1-26589edc6ee0
		d24e8142-26eb-4a62-86c2-564f7a3fe1cb
		1b8bc547-2779-484a-a570-eed148939436
2018-11-13 00:02:54,116 13617  INFO  [dadd9e] Here's some useful guids:
		161d3f6d-80db-473f-be43-eea88b669287
2018-11-13 00:02:54,126 13627  INFO  [04799e] Finished processing user request with id = 04799e9f-ed3c-42b1-9ad9-4b1ecabe7ae8 in 00:00:00.0415492.
2018-11-13 00:02:54,135 13636  INFO  [3a5ee8] Finished processing user request with id = 3a5ee86a-0db9-4175-82c6-5171d9545784 in 00:00:00.0628517.
2018-11-13 00:02:54,140 13641  INFO  [7dcada] Started processing user request. Id = 7dcada41-89c6-49a2-baf7-637ade0f7078. Size = 12.65 KB.
2018-11-13 00:02:54,140 13641  INFO  [7dcada] Doing some complicated stuff.. Random numbers are: 226287947, 1546458828, 1078094611.
2018-11-13 00:02:54,145 13647  ERROR [dadd9e] 
System.InvalidOperationException: Oh no! An error occurred!
2018-11-13 00:02:54,166 13667  INFO  [8c198c] Started processing user request. Id = 8c198ca4-d9a6-4381-b9b2-844f6214aadf. Size = 44.85 KB.
2018-11-13 00:02:54,177 13678  INFO  [7dcada] Finished processing user request with id = 7dcada41-89c6-49a2-baf7-637ade0f7078 in 00:00:00.0368555.
2018-11-13 00:02:54,183 13684  INFO  [8c198c] Doing some complicated stuff.. Random numbers are: 1662502833, 1850789210, 123745824.
2018-11-13 00:02:54,190 13691  INFO  [2ed29d] Started processing user request. Id = 2ed29d55-ad8e-4e97-b907-abd4f84b7b8e. Size = 94.13 KB.
2018-11-13 00:02:54,199 13700  INFO  [2ed29d] Doing some complicated stuff.. Random numbers are: 72154492, 1982397237, 2054531144.
2018-11-13 00:02:54,225 13726  INFO  [8c198c] Finished processing user request with id = 8c198ca4-d9a6-4381-b9b2-844f6214aadf in 00:00:00.0591212.
2018-11-13 00:02:54,230 13731  INFO  [2ed29d] Finished processing user request with id = 2ed29d55-ad8e-4e97-b907-abd4f84b7b8e in 00:00:00.0403117.
2018-11-13 00:02:54,244 13745  INFO  [3c33eb] Started processing user request. Id = 3c33eb78-1667-4841-9e08-5e4f42c6aecc. Size = 84.65 KB.
2018-11-13 00:02:54,252 13753  INFO  [3c33eb] Doing some complicated stuff.. Random numbers are: 1701576253, 2137438246, 354495186.
2018-11-13 00:02:54,256 13757  INFO  [ac1b2b] Started processing user request. Id = ac1b2b18-ce5a-4c56-98fc-3e3845441c46. Size = 63.63 KB.
2018-11-13 00:02:54,265 13766  INFO  [ac1b2b] Doing some complicated stuff.. Random numbers are: 1468239999, 1198557823, 704745536.
2018-11-13 00:02:54,291 13792  INFO  [BackgroundDaemon] Starting iteration #15468.
2018-11-13 00:02:54,292 13793  INFO  [3c33eb] Finished processing user request with id = 3c33eb78-1667-4841-9e08-5e4f42c6aecc in 00:00:00.0482338.
2018-11-13 00:02:54,293 13794  INFO  [ac1b2b] Here's some useful guids:
		22f73aa1-ed9b-43a9-b5f7-b6def5617c83
		9575448a-1107-409e-8d0e-0ee36d939b18
		f7a701c7-62bb-4496-b8b2-8f4517d55685
2018-11-13 00:02:54,297 13798  INFO  [Metrics] Cpu: 0.39%; Memory: 19.79 GB/31.88 GB; Workers: 4/1024; IOCP: 0/1024
2018-11-13 00:02:54,306 13807  INFO  [304545] Started processing user request. Id = 304545d1-80e3-444f-8534-8de464e6ede2. Size = 52.28 KB.
2018-11-13 00:02:54,311 13812  INFO  [304545] Doing some complicated stuff.. Random numbers are: 1526438690, 1335432887, 1604999046.
2018-11-13 00:02:54,313 13814  INFO  [640b9f] Started processing user request. Id = 640b9f0d-93ef-4a7c-a015-12a6817740c9. Size = 21.41 KB.
2018-11-13 00:02:54,316 13818  INFO  [ac1b2b] Finished processing user request with id = ac1b2b18-ce5a-4c56-98fc-3e3845441c46 in 00:00:00.0606197.
2018-11-13 00:02:54,328 13830  INFO  [BackgroundDaemon] Processing data (15% completed)..
2018-11-13 00:02:54,329 13831  INFO  [640b9f] Doing some complicated stuff.. Random numbers are: 1413834246, 252010400, 1787868642.
2018-11-13 00:02:54,344 13846  INFO  [304545] Finished processing user request with id = 304545d1-80e3-444f-8534-8de464e6ede2 in 00:00:00.0385144.
2018-11-13 00:02:54,348 13849  INFO  [679ef1] Started processing user request. Id = 679ef1b5-db01-4581-8215-edf31a637028. Size = 14.28 KB.
2018-11-13 00:02:54,356 13857  INFO  [679ef1] Doing some complicated stuff.. Random numbers are: 1403754544, 1244478137, 493416876.
2018-11-13 00:02:54,358 13859  INFO  [640b9f] Here's some useful guids:
		361b4b60-1525-41f2-9085-3ce293d8b283
		9162bdff-5dea-4ac1-ad5b-0d150b37a7fd
2018-11-13 00:02:54,358 13859  INFO  [b944a6] Started processing user request. Id = b944a6bd-9802-423c-a586-c1d2192a8103. Size = 48.78 KB.
2018-11-13 00:02:54,362 13863  INFO  [679ef1] Finished processing user request with id = 679ef1b5-db01-4581-8215-edf31a637028 in 00:00:00.0143055.
2018-11-13 00:02:54,370 13871  INFO  [b944a6] Doing some complicated stuff.. Random numbers are: 1100838926, 1462169366, 92192983.
2018-11-13 00:02:54,371 13872  INFO  [BackgroundDaemon] Processing data (29% completed)..
2018-11-13 00:02:54,380 13881  INFO  [640b9f] Finished processing user request with id = 640b9f0d-93ef-4a7c-a015-12a6817740c9 in 00:00:00.0670665.
2018-11-13 00:02:54,385 13886  INFO  [b944a6] Finished processing user request with id = b944a6bd-9802-423c-a586-c1d2192a8103 in 00:00:00.0271454.
2018-11-13 00:02:54,393 13894  INFO  [a736d8] Started processing user request. Id = a736d88d-a9ac-4556-a7e9-2a317b1e871b. Size = 89.87 KB.
2018-11-13 00:02:54,398 13899  INFO  [8b9437] Started processing user request. Id = 8b94378e-8ac7-4bf5-9bb1-0f538241d57f. Size = 77.52 KB.
2018-11-13 00:02:54,402 13903  INFO  [8b9437] Doing some complicated stuff.. Random numbers are: 1169121473, 145109998, 1119115622.
2018-11-13 00:02:54,405 13906  INFO  [a736d8] Doing some complicated stuff.. Random numbers are: 1509881943, 979786652, 976562913.
2018-11-13 00:02:54,413 13914  INFO  [8b9437] Finished processing user request with id = 8b94378e-8ac7-4bf5-9bb1-0f538241d57f in 00:00:00.0148691.
2018-11-13 00:02:54,426 13927  INFO  [5f1b6a] Started processing user request. Id = 5f1b6a78-8897-4330-8b80-e4a327a05e87. Size = 96.1 KB.
2018-11-13 00:02:54,429 13930  INFO  [5f1b6a] Doing some complicated stuff.. Random numbers are: 1832439756, 1688338595, 148743035.
2018-11-13 00:02:54,431 13932  INFO  [BackgroundDaemon] Processing data (61% completed)..
2018-11-13 00:02:54,431 13932  INFO  [BackgroundDaemon] Finished iteration in 00:00:00.1403849.
2018-11-13 00:02:54,432 13933  INFO  [a736d8] Finished processing user request with id = a736d88d-a9ac-4556-a7e9-2a317b1e871b in 00:00:00.0389569.
2018-11-13 00:02:54,452 13953  INFO  [5f1b6a] Here's some useful guids:
		8e965007-50bb-42f7-ab01-37e56107e3b4
2018-11-13 00:02:54,464 13965  INFO  [91d4c7] Started processing user request. Id = 91d4c75a-7ab4-417b-87a6-767b04221f39. Size = 1.13 KB.
2018-11-13 00:02:54,468 13969  INFO  [5f1b6a] Finished processing user request with id = 5f1b6a78-8897-4330-8b80-e4a327a05e87 in 00:00:00.0418404.
2018-11-13 00:02:54,477 13978  INFO  [91d4c7] Doing some complicated stuff.. Random numbers are: 1957151285, 2110274578, 548398864.
2018-11-13 00:02:54,481 13982  INFO  [a95086] Started processing user request. Id = a9508623-8709-40b7-bbee-7c3238b59ab2. Size = 33.09 KB.
2018-11-13 00:02:54,490 13992  INFO  [91d4c7] Here's some useful guids:
		ff141637-62dd-47b8-b610-d3a1c4a59c88
		e2f2f6a5-6917-4d54-8775-485155053e04
2018-11-13 00:02:54,495 13996  INFO  [a95086] Doing some complicated stuff.. Random numbers are: 1534950892, 435804840, 548986821.
2018-11-13 00:02:54,498 14000  INFO  [91d4c7] Finished processing user request with id = 91d4c75a-7ab4-417b-87a6-767b04221f39 in 00:00:00.0343042.
2018-11-13 00:02:54,500 14002  INFO  [a95086] Here's some useful guids:
		d0bb7488-e588-40f3-94df-3afc6d86cfea
		b56d6da7-5934-4994-92d8-17c6c104d498
		f5853bc2-8665-46b5-951a-5a56c00cd31f
		112fc6d0-a4b0-4f3d-8436-2844bc2983fb
2018-11-13 00:02:54,511 14012  INFO  [a95086] Finished processing user request with id = a9508623-8709-40b7-bbee-7c3238b59ab2 in 00:00:00.0292635.
2018-11-13 00:02:54,524 14025  INFO  [63c489] Started processing user request. Id = 63c4895c-5b8e-494f-9ebb-569edf5451de. Size = 34.99 KB.
2018-11-13 00:02:54,530 14031  INFO  [0b5e9e] Started processing user request. Id = 0b5e9ed1-06fc-419b-8465-e595cc01a91b. Size = 21.03 KB.
2018-11-13 00:02:54,533 14034  INFO  [63c489] Doing some complicated stuff.. Random numbers are: 771217279, 308917476, 243397410.
2018-11-13 00:02:54,538 14039  INFO  [0b5e9e] Doing some complicated stuff.. Random numbers are: 868388204, 896305812, 1092487370.
2018-11-13 00:02:54,548 14049  INFO  [73ab4a] Started processing user request. Id = 73ab4a96-1df3-4cee-920b-783b0aa62ba4. Size = 37.69 KB.
2018-11-13 00:02:54,558 14059  INFO  [73ab4a] Doing some complicated stuff.. Random numbers are: 1868860144, 1638675019, 1394661119.
2018-11-13 00:02:54,568 14069  INFO  [73ab4a] Here's some useful guids:
		1ed3237f-95b6-4a4d-9cc3-ca249faa92d3
		ca71e6ee-bdb5-4bf8-87f6-89251ee59473
		8623590b-d559-49fe-a37d-d61dd4a9a0c9
2018-11-13 00:02:54,576 14077  INFO  [0b5e9e] Finished processing user request with id = 0b5e9ed1-06fc-419b-8465-e595cc01a91b in 00:00:00.0462470.
2018-11-13 00:02:54,584 14085  INFO  [63c489] Finished processing user request with id = 63c4895c-5b8e-494f-9ebb-569edf5451de in 00:00:00.0602535.
2018-11-13 00:02:54,586 14087  INFO  [73ab4a] Finished processing user request with id = 73ab4a96-1df3-4cee-920b-783b0aa62ba4 in 00:00:00.0381974.
2018-11-13 00:02:54,597 14098  INFO  [9bda48] Started processing user request. Id = 9bda4847-3ace-4cb4-846b-818a236fa727. Size = 68.28 KB.
2018-11-13 00:02:54,607 14108  INFO  [b9a6cf] Started processing user request. Id = b9a6cf7c-2af0-4652-9500-95195cf96f2a. Size = 25.56 KB.
2018-11-13 00:02:54,610 14111  INFO  [9bda48] Doing some complicated stuff.. Random numbers are: 2079601386, 1061885474, 1850345934.
2018-11-13 00:02:54,618 14119  INFO  [b9a6cf] Doing some complicated stuff.. Random numbers are: 1601373382, 124496060, 776906172.
2018-11-13 00:02:54,632 14133  INFO  [BackgroundDaemon] Starting iteration #15469.
2018-11-13 00:02:54,658 14159  INFO  [9bda48] Finished processing user request with id = 9bda4847-3ace-4cb4-846b-818a236fa727 in 00:00:00.0612986.
2018-11-13 00:02:54,667 14168  ERROR [b9a6cf] 
System.InvalidOperationException: Oh no! An error occurred!
2018-11-13 00:02:54,672 14173  INFO  [a8a8eb] Started processing user request. Id = a8a8eb44-756f-4954-8050-25bd0e1ed7b7. Size = 55.25 KB.
2018-11-13 00:02:54,690 14191  INFO  [a8a8eb] Doing some complicated stuff.. Random numbers are: 1004796421, 1899506021, 1775931206.
2018-11-13 00:02:54,698 14199  INFO  [8925b7] Started processing user request. Id = 8925b7c4-4515-490f-a2c4-753460279759. Size = 4.05 KB.
2018-11-13 00:02:54,703 14204  INFO  [8925b7] Doing some complicated stuff.. Random numbers are: 325973125, 1594723874, 786488427.
2018-11-13 00:02:54,708 14209  INFO  [BackgroundDaemon] Processing data (19% completed)..
2018-11-13 00:02:54,717 14218  INFO  [a8a8eb] Finished processing user request with id = a8a8eb44-756f-4954-8050-25bd0e1ed7b7 in 00:00:00.0452427.
2018-11-13 00:02:54,723 14224  INFO  [8925b7] Here's some useful guids:
		91b0252b-91ff-4f2d-883d-010a3fc1101e
2018-11-13 00:02:54,730 14232  INFO  [8925b7] Finished processing user request with id = 8925b7c4-4515-490f-a2c4-753460279759 in 00:00:00.0322415.
2018-11-13 00:02:54,730 14232  INFO  [1199fd] Started processing user request. Id = 1199fd35-9625-48d0-a768-f8d1b81b2231. Size = 95.71 KB.
2018-11-13 00:02:54,736 14237  INFO  [1199fd] Doing some complicated stuff.. Random numbers are: 1973789831, 352855544, 937609652.
2018-11-13 00:02:54,750 14251  INFO  [1199fd] Here's some useful guids:
		17eb8012-1e70-47c4-b19e-67f9e92787df
2018-11-13 00:02:54,754 14255  INFO  [c2c58b] Started processing user request. Id = c2c58b16-65c2-4f10-bb14-03604d5e8a53. Size = 25.02 KB.
2018-11-13 00:02:54,756 14257  INFO  [BackgroundDaemon] Processing data (49% completed)..
2018-11-13 00:02:54,762 14264  INFO  [d9affa] Started processing user request. Id = d9affaeb-ca24-4a93-9ae3-97847720a657. Size = 9.45 KB.
2018-11-13 00:02:54,766 14267  INFO  [1199fd] Finished processing user request with id = 1199fd35-9625-48d0-a768-f8d1b81b2231 in 00:00:00.0355637.
2018-11-13 00:02:54,769 14270  INFO  [d9affa] Doing some complicated stuff.. Random numbers are: 557465476, 2125564932, 1859839538.
2018-11-13 00:02:54,770 14271  INFO  [c2c58b] Doing some complicated stuff.. Random numbers are: 882971375, 1438931143, 1574465035.
2018-11-13 00:02:54,780 14281  INFO  [373caa] Started processing user request. Id = 373caac6-bfac-4f65-9a26-6d237fd9b458. Size = 69.63 KB.
2018-11-13 00:02:54,793 14295  INFO  [373caa] Doing some complicated stuff.. Random numbers are: 447221377, 1734223529, 1361594000.
2018-11-13 00:02:54,796 14298  INFO  [Metrics] Cpu: 1.64%; Memory: 19.79 GB/31.88 GB; Workers: 4/1024; IOCP: 0/1024
2018-11-13 00:02:54,800 14301  INFO  [c2c58b] Here's some useful guids:
		38bef43f-2003-401f-b7d4-fe98216c9638
		2c497809-164c-44b7-9b47-26a82863fcb0
2018-11-13 00:02:54,805 14306  INFO  [d9affa] Finished processing user request with id = d9affaeb-ca24-4a93-9ae3-97847720a657 in 00:00:00.0422266.
2018-11-13 00:02:54,824 14326  INFO  [c2c58b] Finished processing user request with id = c2c58b16-65c2-4f10-bb14-03604d5e8a53 in 00:00:00.0709122.
2018-11-13 00:02:54,831 14332  INFO  [BackgroundDaemon] Processing data (67% completed)..
2018-11-13 00:02:54,831 14332  INFO  [BackgroundDaemon] Finished iteration in 00:00:00.1995329.
2018-11-13 00:02:54,837 14338  INFO  [259fe7] Started processing user request. Id = 259fe7d5-c302-4062-9ccd-4e312dff2f38. Size = 13.07 KB.
2018-11-13 00:02:54,840 14341  INFO  [259fe7] Doing some complicated stuff.. Random numbers are: 1705611261, 1391558378, 2096068512.
2018-11-13 00:02:54,842 14343  INFO  [373caa] Finished processing user request with id = 373caac6-bfac-4f65-9a26-6d237fd9b458 in 00:00:00.0622097.
2018-11-13 00:02:54,855 14356  INFO  [ef0e42] Started processing user request. Id = ef0e4233-6af2-4725-9745-eb2441cd000c. Size = 19.47 KB.
2018-11-13 00:02:54,871 14372  INFO  [259fe7] Here's some useful guids:
		c3cda671-ebe8-499f-b604-43c74dac2590
		8c8f9426-6659-4afb-bc9b-bc4f304172dd
2018-11-13 00:02:54,872 14373  INFO  [ef0e42] Doing some complicated stuff.. Random numbers are: 991960976, 1477738536, 1137475541.
2018-11-13 00:02:54,879 14380  INFO  [259fe7] Finished processing user request with id = 259fe7d5-c302-4062-9ccd-4e312dff2f38 in 00:00:00.0418093.
2018-11-13 00:02:54,897 14398  INFO  [ef0e42] Here's some useful guids:
		ea0858b8-0fcb-4c95-b2f7-98968d16a617
		e4bb5911-028a-401b-9766-3582563c8565
2018-11-13 00:02:54,910 14411  INFO  [b9536e] Started processing user request. Id = b9536eda-7cbc-4552-91d4-d7f7b2b20a6d. Size = 53.94 KB.
2018-11-13 00:02:54,916 14417  INFO  [b9536e] Doing some complicated stuff.. Random numbers are: 703126584, 1303828785, 804508259.
2018-11-13 00:02:54,919 14420  INFO  [ef0e42] Finished processing user request with id = ef0e4233-6af2-4725-9745-eb2441cd000c in 00:00:00.0638194.
2018-11-13 00:02:54,923 14424  INFO  [b9536e] Here's some useful guids:
		030ed309-7fcb-4555-b84f-148de0f2914d
		59ce506c-bd22-49bb-bc37-02405837afd5
2018-11-13 00:02:54,932 14434  INFO  [0cb69e] Started processing user request. Id = 0cb69e27-753c-4a9a-a886-f0d942298ad5. Size = 57.6 KB.
2018-11-13 00:02:54,935 14436  INFO  [0cb69e] Doing some complicated stuff.. Random numbers are: 987485419, 1289366153, 1687762062.
2018-11-13 00:02:54,937 14438  INFO  [b9536e] Finished processing user request with id = b9536eda-7cbc-4552-91d4-d7f7b2b20a6d in 00:00:00.0272469.
2018-11-13 00:02:54,966 14467  INFO  [0cb69e] Here's some useful guids:
		19a1468f-eee6-4ef7-8536-915dbb0233ec
		f7612f79-8bef-4b19-9bd8-7dec454ba84c
		7cb7a209-c5e9-4b9a-8e12-0eacaa6f9afe
2018-11-13 00:02:54,968 14469  INFO  [92c93b] Started processing user request. Id = 92c93b79-b2e5-4ad7-8d00-65681f179f21. Size = 90.5 KB.
2018-11-13 00:02:54,968 14469  INFO  [92c93b] Doing some complicated stuff.. Random numbers are: 858708398, 856466372, 1382741149.
2018-11-13 00:02:54,981 14483  INFO  [0cb69e] Finished processing user request with id = 0cb69e27-753c-4a9a-a886-f0d942298ad5 in 00:00:00.0489634.
2018-11-13 00:02:54,981 14483  INFO  [92c93b] Here's some useful guids:
		6b8ae4e5-ff50-499a-996a-9af829e50696
2018-11-13 00:02:54,992 14494  INFO  [a4ca8e] Started processing user request. Id = a4ca8eea-eaa7-4a41-9fe4-948382de8f55. Size = 94.04 KB.
2018-11-13 00:02:54,994 14496  INFO  [a4ca8e] Doing some complicated stuff.. Random numbers are: 260477591, 654088907, 110870934.
2018-11-13 00:02:54,995 14497  INFO  [986d6a] Started processing user request. Id = 986d6a23-ae80-4709-a67b-88daa3d81622. Size = 61.55 KB.
2018-11-13 00:02:54,998 14500  INFO  [92c93b] Finished processing user request with id = 92c93b79-b2e5-4ad7-8d00-65681f179f21 in 00:00:00.0306274.
2018-11-13 00:02:55,005 14506  INFO  [986d6a] Doing some complicated stuff.. Random numbers are: 1634241658, 377343783, 1703136820.
2018-11-13 00:02:55,020 14521  INFO  [a4ca8e] Finished processing user request with id = a4ca8eea-eaa7-4a41-9fe4-948382de8f55 in 00:00:00.0270991.
2018-11-13 00:02:55,030 14531  INFO  [fcc33f] Started processing user request. Id = fcc33f11-3d72-4df1-ae36-9967e61ec10b. Size = 50.95 KB.
2018-11-13 00:02:55,032 14533  INFO  [BackgroundDaemon] Starting iteration #15470.
2018-11-13 00:02:55,040 14541  INFO  [fcc33f] Doing some complicated stuff.. Random numbers are: 365397770, 894727912, 1302015949.
2018-11-13 00:02:55,041 14542  INFO  [986d6a] Here's some useful guids:
		233e2095-a23b-4fb0-a6a8-ed68f77c69ba
		f980ffed-aa20-4ee6-a5d0-4898be78d9a1
2018-11-13 00:02:55,045 14547  INFO  [986d6a] Finished processing user request with id = 986d6a23-ae80-4709-a67b-88daa3d81622 in 00:00:00.0499760.
2018-11-13 00:02:55,059 14560  INFO  [246053] Started processing user request. Id = 24605315-9b9a-4b0d-9f82-75c6d5805d76. Size = 18.77 KB.
2018-11-13 00:02:55,070 14571  INFO  [fcc33f] Here's some useful guids:
		f0e4676b-16f3-41fa-978d-bce9a92b96a9
		f4da01f8-8943-436a-9da0-d9b606344406
		3948fba9-98a0-47f3-b8f8-62955f9fc8d8
2018-11-13 00:02:55,075 14576  ERROR [fcc33f] 
System.InvalidOperationException: Oh no! An error occurred!
2018-11-13 00:02:55,078 14579  INFO  [246053] Doing some complicated stuff.. Random numbers are: 1347620877, 676887790, 675396046.
2018-11-13 00:02:55,105 14606  INFO  [246053] Finished processing user request with id = 24605315-9b9a-4b0d-9f82-75c6d5805d76 in 00:00:00.0463547.
2018-11-13 00:02:55,106 14607  INFO  [2bc53d] Started processing user request. Id = 2bc53d14-6a8d-4a82-a04b-73c2e56ab3fd. Size = 28.03 KB.
2018-11-13 00:02:55,112 14613  INFO  [2bc53d] Doing some complicated stuff.. Random numbers are: 317994922, 1091124488, 1532431200.
2018-11-13 00:02:55,117 14618  INFO  [BackgroundDaemon] Processing data (15% completed)..
2018-11-13 00:02:55,118 14619  INFO  [bd408e] Started processing user request. Id = bd408ee6-0625-46a8-8b4c-4b4ccfdbcc07. Size = 50.87 KB.
2018-11-13 00:02:55,126 14627  INFO  [bd408e] Doing some complicated stuff.. Random numbers are: 2095630600, 767792355, 1349889613.
2018-11-13 00:02:55,166 14667  INFO  [2bc53d] Finished processing user request with id = 2bc53d14-6a8d-4a82-a04b-73c2e56ab3fd in 00:00:00.0600981.
2018-11-13 00:02:55,172 14673  INFO  [BackgroundDaemon] Processing data (30% completed)..
2018-11-13 00:02:55,173 14674  INFO  [bd408e] Finished processing user request with id = bd408ee6-0625-46a8-8b4c-4b4ccfdbcc07 in 00:00:00.0550442.
2018-11-13 00:02:55,186 14687  INFO  [3293e7] Started processing user request. Id = 3293e715-be91-45d7-8222-465964d91184. Size = 41.45 KB.
2018-11-13 00:02:55,186 14687  INFO  [3293e7] Doing some complicated stuff.. Random numbers are: 738466060, 316233214, 696608936.
2018-11-13 00:02:55,187 14688  INFO  [b8a863] Started processing user request. Id = b8a86331-4d41-48d1-8aff-38bcc7d91ccc. Size = 62.17 KB.
2018-11-13 00:02:55,195 14696  INFO  [BackgroundDaemon] Processing data (82% completed)..
2018-11-13 00:02:55,195 14696  INFO  [BackgroundDaemon] Finished iteration in 00:00:00.1636178.
2018-11-13 00:02:55,196 14697  INFO  [b8a863] Doing some complicated stuff.. Random numbers are: 1524707021, 1126031543, 264865544.
2018-11-13 00:02:55,197 14698  INFO  [f01eea] Started processing user request. Id = f01eea5d-ab8c-4966-9ccc-28a4430187d6. Size = 77.64 KB.
2018-11-13 00:02:55,213 14714  INFO  [f01eea] Doing some complicated stuff.. Random numbers are: 493413660, 846534118, 968176959.
2018-11-13 00:02:55,223 14724  INFO  [b8a863] Here's some useful guids:
		6f920d50-c10d-4dc3-b497-6a5d2dae4c11
		5e0347fc-d4ac-491a-b4b4-52b316e2c096
		ceaaed34-4c38-4922-aad5-f89cfc41290c
		eafa3a4b-6756-49e0-98fe-bf09b0e69d98
2018-11-13 00:02:55,227 14729  INFO  [3293e7] Finished processing user request with id = 3293e715-be91-45d7-8222-465964d91184 in 00:00:00.0412926.
2018-11-13 00:02:55,235 14736  INFO  [b8a863] Finished processing user request with id = b8a86331-4d41-48d1-8aff-38bcc7d91ccc in 00:00:00.0479652.
2018-11-13 00:02:55,236 14737  INFO  [f01eea] Here's some useful guids:
		4f10fc6f-01a0-44c3-9f9f-183198c15e52
		77a54df4-668d-4195-b94f-a74abae33d5f
		5b667d66-645d-474b-9e59-9447803869c4
		3321ed07-7405-4690-a834-19a78a668eca
2018-11-13 00:02:55,241 14743  INFO  [210a06] Started processing user request. Id = 210a06ee-56b5-4d40-b51a-694f5c5a330b. Size = 28.09 KB.
2018-11-13 00:02:55,248 14750  INFO  [f01eea] Finished processing user request with id = f01eea5d-ab8c-4966-9ccc-28a4430187d6 in 00:00:00.0511883.
2018-11-13 00:02:55,259 14760  INFO  [210a06] Doing some complicated stuff.. Random numbers are: 1332185901, 1305661148, 1503323691.
2018-11-13 00:02:55,277 14778  INFO  [210a06] Finished processing user request with id = 210a06ee-56b5-4d40-b51a-694f5c5a330b in 00:00:00.0351015.
2018-11-13 00:02:55,280 14781  INFO  [71b8b3] Started processing user request. Id = 71b8b353-1a33-4b43-9b71-d4b1697f45f3. Size = 63.02 KB.
2018-11-13 00:02:55,286 14787  INFO  [71b8b3] Doing some complicated stuff.. Random numbers are: 171406603, 1450744239, 829298274.
2018-11-13 00:02:55,289 14791  INFO  [71b8b3] Here's some useful guids:
		0529beb1-3b00-4678-aadb-8a5835fc37d9
2018-11-13 00:02:55,290 14792  INFO  [ffe215] Started processing user request. Id = ffe21502-0e86-4e6f-b081-2d4f891fdf37. Size = 42 KB.
2018-11-13 00:02:55,293 14795  INFO  [ffe215] Doing some complicated stuff.. Random numbers are: 613970107, 1211123777, 578866012.
2018-11-13 00:02:55,295 14797  INFO  [Metrics] Cpu: 1.64%; Memory: 19.79 GB/31.88 GB; Workers: 4/1024; IOCP: 0/1024
2018-11-13 00:02:55,317 14819  INFO  [71b8b3] Finished processing user request with id = 71b8b353-1a33-4b43-9b71-d4b1697f45f3 in 00:00:00.0374308.
2018-11-13 00:02:55,321 14822  INFO  [ffe215] Here's some useful guids:
		53176dfe-94f0-4cba-9252-abfebb2f08bf
2018-11-13 00:02:55,347 14848  INFO  [ffe215] Finished processing user request with id = ffe21502-0e86-4e6f-b081-2d4f891fdf37 in 00:00:00.0560867.
2018-11-13 00:02:55,349 14850  INFO  [61247a] Started processing user request. Id = 61247a06-a240-42b7-9a43-b0b9ca906b03. Size = 61.21 KB.
2018-11-13 00:02:55,361 14862  INFO  [b8c560] Started processing user request. Id = b8c56040-2aca-4825-9044-b6e284406bdc. Size = 6.45 KB.
2018-11-13 00:02:55,363 14864  INFO  [b8c560] Doing some complicated stuff.. Random numbers are: 423677301, 159296302, 1416736426.
2018-11-13 00:02:55,368 14869  INFO  [61247a] Doing some complicated stuff.. Random numbers are: 945264143, 286285053, 1097983957.
2018-11-13 00:02:55,396 14897  INFO  [BackgroundDaemon] Starting iteration #15471.
2018-11-13 00:02:55,403 14904  INFO  [77a9b4] Started processing user request. Id = 77a9b449-4a33-42d2-baf3-744190a6de6f. Size = 9.64 KB.
2018-11-13 00:02:55,405 14906  INFO  [77a9b4] Doing some complicated stuff.. Random numbers are: 1272426377, 955074578, 1996233920.
2018-11-13 00:02:55,406 14907  INFO  [b8c560] Finished processing user request with id = b8c56040-2aca-4825-9044-b6e284406bdc in 00:00:00.0450834.
2018-11-13 00:02:55,419 14920  INFO  [00f90f] Started processing user request. Id = 00f90f32-68bf-4eac-86a1-58f4165e7bd3. Size = 4.32 KB.
2018-11-13 00:02:55,424 14926  INFO  [61247a] Finished processing user request with id = 61247a06-a240-42b7-9a43-b0b9ca906b03 in 00:00:00.0758177.
2018-11-13 00:02:55,431 14933  INFO  [00f90f] Doing some complicated stuff.. Random numbers are: 368053185, 1231734158, 1158107909.
2018-11-13 00:02:55,431 14933  INFO  [77a9b4] Here's some useful guids:
		4602802a-b8c1-4ee7-9435-84661df7b156
		dabb1f4f-9bec-47b6-9cf9-ff770cc02da5
2018-11-13 00:02:55,437 14938  INFO  [00f90f] Here's some useful guids:
		dcebaa91-2615-4a4e-a5af-26bd90162612
		24a9272d-f964-4c17-b077-7e38d49ef517
		b30807ef-6252-45a0-abaa-3fe16fbbad16
		045e1c4d-5b36-4f93-80b4-2d8104b3f56d
2018-11-13 00:02:55,456 14957  INFO  [0f9a2f] Started processing user request. Id = 0f9a2f74-315c-40d8-a766-bdaa30963a1b. Size = 67.25 KB.
2018-11-13 00:02:55,460 14961  ERROR [00f90f] 
System.InvalidOperationException: Oh no! An error occurred!
2018-11-13 00:02:55,461 14962  INFO  [77a9b4] Finished processing user request with id = 77a9b449-4a33-42d2-baf3-744190a6de6f in 00:00:00.0581418.
2018-11-13 00:02:55,473 14974  INFO  [0f9a2f] Doing some complicated stuff.. Random numbers are: 1213369713, 1710160333, 248806283.
2018-11-13 00:02:55,474 14975  INFO  [500f4e] Started processing user request. Id = 500f4e50-8685-4fb2-a313-58fbef275121. Size = 66.92 KB.
2018-11-13 00:02:55,488 14989  INFO  [500f4e] Doing some complicated stuff.. Random numbers are: 1025732378, 746906681, 778963625.
2018-11-13 00:02:55,491 14992  INFO  [BackgroundDaemon] Processing data (13% completed)..
2018-11-13 00:02:55,500 15001  INFO  [500f4e] Here's some useful guids:
		20fbff37-cfb6-40a5-963a-e307ac2a5155
		1888a0fd-dced-4f01-a348-bcb45061cf5a
		5dff54b6-dc64-4b3b-80fb-be476c11edae
		3ac56d77-2575-4dcf-9b84-c589b080adab
2018-11-13 00:02:55,503 15004  INFO  [0f9a2f] Here's some useful guids:
		21fb6d1d-4137-471a-abe8-54c923090de2
		ef607ec6-a7bb-47ce-90d9-bd87ea006610
2018-11-13 00:02:55,507 15008  INFO  [0f9a2f] Finished processing user request with id = 0f9a2f74-315c-40d8-a766-bdaa30963a1b in 00:00:00.0507798.
2018-11-13 00:02:55,525 15026  INFO  [500f4e] Finished processing user request with id = 500f4e50-8685-4fb2-a313-58fbef275121 in 00:00:00.0512983.
2018-11-13 00:02:55,538 15039  INFO  [78f08a] Started processing user request. Id = 78f08ab8-2123-4229-96c1-4f46353ef9a9. Size = 81.21 KB.
2018-11-13 00:02:55,538 15039  INFO  [637304] Started processing user request. Id = 6373047b-8ace-4b72-acab-e218f093c312. Size = 64.22 KB.
2018-11-13 00:02:55,548 15049  INFO  [78f08a] Doing some complicated stuff.. Random numbers are: 2053907301, 1828781234, 1238785126.
2018-11-13 00:02:55,558 15059  INFO  [637304] Doing some complicated stuff.. Random numbers are: 668524755, 1327379436, 193909950.
2018-11-13 00:02:55,576 15078  INFO  [78f08a] Finished processing user request with id = 78f08ab8-2123-4229-96c1-4f46353ef9a9 in 00:00:00.0386595.
2018-11-13 00:02:55,583 15084  INFO  [BackgroundDaemon] Processing data (48% completed)..
2018-11-13 00:02:55,588 15089  INFO  [637304] Finished processing user request with id = 6373047b-8ace-4b72-acab-e218f093c312 in 00:00:00.0499654.
2018-11-13 00:02:55,601 15103  INFO  [3cb51d] Started processing user request. Id = 3cb51d9e-9a98-40ee-ac82-53295b2dc950. Size = 94.28 KB.
2018-11-13 00:02:55,607 15109  INFO  [e73f66] Started processing user request. Id = e73f66aa-460a-4743-b4ae-039a1b91915c. Size = 74.78 KB.
2018-11-13 00:02:55,614 15115  INFO  [3cb51d] Doing some complicated stuff.. Random numbers are: 1648582905, 239027741, 837323616.
2018-11-13 00:02:55,616 15117  INFO  [e73f66] Doing some complicated stuff.. Random numbers are: 1417191725, 1485371136, 1842836743.
2018-11-13 00:02:55,628 15129  INFO  [46285b] Started processing user request. Id = 46285b98-755a-409d-a19e-98cee0047f33. Size = 8.49 KB.
2018-11-13 00:02:55,630 15131  INFO  [3cb51d] Finished processing user request with id = 3cb51d9e-9a98-40ee-ac82-53295b2dc950 in 00:00:00.0281533.
2018-11-13 00:02:55,635 15136  INFO  [46285b] Doing some complicated stuff.. Random numbers are: 449779841, 996282980, 607709159.
2018-11-13 00:02:55,639 15141  INFO  [46285b] Here's some useful guids:
		2cad02ba-33be-4636-b3c1-3a6a1f955527
		b30d32e5-0eda-41bf-bf4c-2d558a034e99
2018-11-13 00:02:55,643 15145  INFO  [f136e0] Started processing user request. Id = f136e00f-2f2f-413e-98db-e4cca1a1c6f9. Size = 73.28 KB.
2018-11-13 00:02:55,643 15145  INFO  [e73f66] Here's some useful guids:
		30c35e92-560a-4e40-b67d-82cb631834d9
		2ee2f5cb-5619-462a-a35a-7b4cccbf2146
		6aa8c928-4d53-4d40-8a23-f856c1e12208
		e1099027-0b34-496e-9843-bf184a498d9e
		7dea9c2d-8fd7-460f-93bd-4593ec8d85f9
2018-11-13 00:02:55,652 15153  INFO  [BackgroundDaemon] Processing data (63% completed)..
2018-11-13 00:02:55,652 15153  INFO  [BackgroundDaemon] Finished iteration in 00:00:00.2559721.
2018-11-13 00:02:55,652 15153  INFO  [f136e0] Doing some complicated stuff.. Random numbers are: 91109300, 2112937424, 832114750.
2018-11-13 00:02:55,656 15157  INFO  [46285b] Finished processing user request with id = 46285b98-755a-409d-a19e-98cee0047f33 in 00:00:00.0276079.
2018-11-13 00:02:55,656 15157  INFO  [e73f66] Finished processing user request with id = e73f66aa-460a-4743-b4ae-039a1b91915c in 00:00:00.0480831.
2018-11-13 00:02:55,657 15158  INFO  [f136e0] Here's some useful guids:
		4b8d9a97-1cde-48f2-9ffe-3dd57cb90c58
		c1d8cf89-e05a-484d-a4a2-91482367d3f4
		986db46f-f7e5-40fc-9703-b27cef42b8e4
		88e4ce23-c92a-4ab9-8574-6d29374bff47
		a38359ca-ae21-4cf5-ba4e-3480f2b5edfc
2018-11-13 00:02:55,674 15175  INFO  [f136e0] Finished processing user request with id = f136e00f-2f2f-413e-98db-e4cca1a1c6f9 in 00:00:00.0304298.
2018-11-13 00:02:55,687 15188  INFO  [316df2] Started processing user request. Id = 316df2a6-be49-47c4-9a61-d8a112abb531. Size = 86.65 KB.
2018-11-13 00:02:55,688 15189  INFO  [d8f48d] Started processing user request. Id = d8f48d24-a6ac-499e-ba2a-6f30cea66ec0. Size = 81.91 KB.
2018-11-13 00:02:55,700 15202  INFO  [316df2] Doing some complicated stuff.. Random numbers are: 1973767320, 589031015, 1938585912.
2018-11-13 00:02:55,703 15205  INFO  [d8f48d] Doing some complicated stuff.. Random numbers are: 1191297194, 384390739, 158921601.
2018-11-13 00:02:55,719 15220  INFO  [d8f48d] Finished processing user request with id = d8f48d24-a6ac-499e-ba2a-6f30cea66ec0 in 00:00:00.0308661.
2018-11-13 00:02:55,729 15230  INFO  [316df2] Here's some useful guids:
		ae837b72-88fa-49cd-9f38-bb8d21d935c1
2018-11-13 00:02:55,732 15233  INFO  [e4950b] Started processing user request. Id = e4950b1d-75ea-452c-bd92-6a3984a3e96e. Size = 54.3 KB.
2018-11-13 00:02:55,742 15243  INFO  [e4950b] Doing some complicated stuff.. Random numbers are: 1781858138, 365296436, 296816820.
2018-11-13 00:02:55,744 15245  ERROR [316df2] 
System.InvalidOperationException: Oh no! An error occurred!
2018-11-13 00:02:55,775 15277  INFO  [e5d84c] Started processing user request. Id = e5d84cf1-7a5d-4122-85cc-8c92ae7cd6eb. Size = 89.51 KB.
2018-11-13 00:02:55,784 15285  INFO  [e5d84c] Doing some complicated stuff.. Random numbers are: 1701249970, 2044251602, 926010076.
2018-11-13 00:02:55,786 15288  ERROR [e4950b] 
System.InvalidOperationException: Oh no! An error occurred!
2018-11-13 00:02:55,794 15296  INFO  [Metrics] Cpu: 0.59%; Memory: 19.79 GB/31.88 GB; Workers: 4/1024; IOCP: 0/1024
2018-11-13 00:02:55,800 15302  INFO  [14a40e] Started processing user request. Id = 14a40e74-62f3-453a-9f3f-ac5de125b52a. Size = 62.67 KB.
2018-11-13 00:02:55,802 15304  INFO  [14a40e] Doing some complicated stuff.. Random numbers are: 238405913, 845782574, 73691681.
2018-11-13 00:02:55,807 15309  INFO  [e5d84c] Finished processing user request with id = e5d84cf1-7a5d-4122-85cc-8c92ae7cd6eb in 00:00:00.0319585.
2018-11-13 00:02:55,823 15324  INFO  [fb8b76] Started processing user request. Id = fb8b76e6-32b4-4b95-869f-58f4546c6fa9. Size = 51.48 KB.
2018-11-13 00:02:55,824 15325  INFO  [14a40e] Here's some useful guids:
		db1ffb86-40b0-481e-88de-3b4153d39dd5
		74d40906-7bec-4346-bdb3-59b7c08a25b3
		5755f542-b889-4b09-a868-23647bd9e174
2018-11-13 00:02:55,835 15336  INFO  [fb8b76] Doing some complicated stuff.. Random numbers are: 1428200942, 910005343, 2083459575.
2018-11-13 00:02:55,839 15340  INFO  [ba3ac7] Started processing user request. Id = ba3ac749-5fa1-40ff-a3e0-e9197d9937f6. Size = 84.73 KB.
2018-11-13 00:02:55,845 15346  INFO  [14a40e] Finished processing user request with id = 14a40e74-62f3-453a-9f3f-ac5de125b52a in 00:00:00.0442201.
2018-11-13 00:02:55,850 15351  INFO  [ba3ac7] Doing some complicated stuff.. Random numbers are: 1797244251, 1180324794, 200881994.
2018-11-13 00:02:55,852 15353  INFO  [BackgroundDaemon] Starting iteration #15472.
2018-11-13 00:02:55,853 15354  INFO  [ba3ac7] Here's some useful guids:
		6a52e88d-6dbb-42d9-92fc-253bb4a293de
2018-11-13 00:02:55,857 15358  INFO  [ba3ac7] Finished processing user request with id = ba3ac749-5fa1-40ff-a3e0-e9197d9937f6 in 00:00:00.0181567.
2018-11-13 00:02:55,858 15359  INFO  [819cf5] Started processing user request. Id = 819cf570-945f-45fa-bd72-e6bbc0436dde. Size = 59.2 KB.
2018-11-13 00:02:55,863 15364  INFO  [819cf5] Doing some complicated stuff.. Random numbers are: 991953349, 405501081, 260943783.
2018-11-13 00:02:55,866 15367  INFO  [fb8b76] Finished processing user request with id = fb8b76e6-32b4-4b95-869f-58f4546c6fa9 in 00:00:00.0430714.
2018-11-13 00:02:55,871 15372  INFO  [819cf5] Here's some useful guids:
		2106a4aa-b2e1-4206-b3d1-9c8237e3ae43
2018-11-13 00:02:55,884 15385  INFO  [819cf5] Finished processing user request with id = 819cf570-945f-45fa-bd72-e6bbc0436dde in 00:00:00.0258610.
2018-11-13 00:02:55,889 15390  INFO  [ead830] Started processing user request. Id = ead83072-38a8-4996-8ad4-78baad3b6f0f. Size = 9.55 KB.
2018-11-13 00:02:55,897 15398  INFO  [d6d71e] Started processing user request. Id = d6d71eb7-c60c-44ba-ab33-28c21f8a5058. Size = 68.08 KB.
2018-11-13 00:02:55,906 15407  INFO  [ead830] Doing some complicated stuff.. Random numbers are: 1984696129, 1352851907, 414350467.
2018-11-13 00:02:55,913 15414  INFO  [d6d71e] Doing some complicated stuff.. Random numbers are: 1190321491, 394008679, 1360184000.
2018-11-13 00:02:55,915 15416  INFO  [BackgroundDaemon] Processing data (0% completed)..
2018-11-13 00:02:55,915 15416  INFO  [ead830] Here's some useful guids:
		3f1ae404-a800-4f1c-9e24-8e72428abbe8
		60465938-8b26-4add-8c00-f9bce118b559
		38f229ec-faab-47d4-ae10-37e78500fa99
		93ab1027-0c60-4e68-9e19-13037a11abf5
		42a71b34-523c-4790-9ec5-1d558924f935
2018-11-13 00:02:55,921 15423  INFO  [ead830] Finished processing user request with id = ead83072-38a8-4996-8ad4-78baad3b6f0f in 00:00:00.0327734.
2018-11-13 00:02:55,941 15442  INFO  [d6d71e] Here's some useful guids:
		198d0c7e-1d9e-41ee-9943-2101e8efe4c1
		867be878-f751-4416-9e7a-854c9b91ae4f
		b3b1c0e1-1c67-46c2-a6e6-d1f1e4e71e7b
		fac28f8f-6f7e-4480-b593-e9ac145a5224
		7d5e19a2-2764-471a-8e75-3eb3ab5896c7
2018-11-13 00:02:55,947 15448  INFO  [BackgroundDaemon] Processing data (47% completed)..
2018-11-13 00:02:55,949 15450  ERROR [d6d71e] 
System.InvalidOperationException: Oh no! An error occurred!
2018-11-13 00:02:55,953 15454  INFO  [f983b7] Started processing user request. Id = f983b779-a8b2-4479-9738-1ed2399fca85. Size = 13.88 KB.
2018-11-13 00:02:55,961 15462  INFO  [f983b7] Doing some complicated stuff.. Random numbers are: 980347558, 396773639, 519311401.
2018-11-13 00:02:55,963 15464  INFO  [355e07] Started processing user request. Id = 355e0767-ec20-4c0e-ae4e-f70b3f6484de. Size = 9.73 KB.
2018-11-13 00:02:55,975 15476  INFO  [355e07] Doing some complicated stuff.. Random numbers are: 1792857267, 519763176, 564601797.
2018-11-13 00:02:55,988 15489  INFO  [f983b7] Here's some useful guids:
		6d2aa7c8-103e-4306-8b21-a2996320a7ff
		389a9829-6158-4614-bed9-524c67ed36a4
		20ad7b3c-875d-49aa-a186-62eba9b554d1
		ba87a09e-9b61-4aa4-b70c-0c56cf16d4ef
2018-11-13 00:02:56,008 15509  INFO  [BackgroundDaemon] Processing data (70% completed)..
2018-11-13 00:02:56,008 15509  INFO  [BackgroundDaemon] Finished iteration in 00:00:00.1566772.
2018-11-13 00:02:56,009 15511  INFO  [355e07] Finished processing user request with id = 355e0767-ec20-4c0e-ae4e-f70b3f6484de in 00:00:00.0460558.
2018-11-13 00:02:56,009 15511  INFO  [f983b7] Finished processing user request with id = f983b779-a8b2-4479-9738-1ed2399fca85 in 00:00:00.0561248.
2018-11-13 00:02:56,023 15524  INFO  [b943f3] Started processing user request. Id = b943f31d-424e-4eeb-af2e-19657aa949b8. Size = 2.04 KB.
2018-11-13 00:02:56,026 15527  INFO  [b943f3] Doing some complicated stuff.. Random numbers are: 1395434855, 1389158499, 354721666.
2018-11-13 00:02:56,033 15534  INFO  [aea3b3] Started processing user request. Id = aea3b381-7ca4-4693-851e-ee5d54267bfd. Size = 96 KB.
2018-11-13 00:02:56,041 15543  INFO  [705afe] Started processing user request. Id = 705afe8e-f104-40ac-a19c-61f2f13b97b0. Size = 76.04 KB.
2018-11-13 00:02:56,045 15547  INFO  [705afe] Doing some complicated stuff.. Random numbers are: 1275551305, 1587450968, 1162713527.
2018-11-13 00:02:56,045 15547  INFO  [b943f3] Here's some useful guids:
		628ee4de-6e6e-4909-90b2-a09045dd8500
2018-11-13 00:02:56,046 15548  INFO  [aea3b3] Doing some complicated stuff.. Random numbers are: 180865833, 2008037590, 1329549961.
2018-11-13 00:02:56,054 15556  INFO  [b943f3] Finished processing user request with id = b943f31d-424e-4eeb-af2e-19657aa949b8 in 00:00:00.0310421.
2018-11-13 00:02:56,065 15567  INFO  [705afe] Here's some useful guids:
		bbd5c724-e8cd-40fb-9dcb-3a74c89d28c3
2018-11-13 00:02:56,068 15570  INFO  [f1a064] Started processing user request. Id = f1a0642b-48eb-4481-8c2d-6d2d2597ec16. Size = 97.65 KB.
2018-11-13 00:02:56,075 15577  INFO  [aea3b3] Here's some useful guids:
		ac57a29c-8ee1-4749-96ac-b8192db1f986
		2a5b9a95-6716-4310-a40c-7a28f50f2d9d
2018-11-13 00:02:56,086 15587  INFO  [f1a064] Doing some complicated stuff.. Random numbers are: 1819224014, 864526633, 1727473264.
2018-11-13 00:02:56,090 15591  INFO  [705afe] Finished processing user request with id = 705afe8e-f104-40ac-a19c-61f2f13b97b0 in 00:00:00.0487291.
2018-11-13 00:02:56,095 15596  INFO  [aea3b3] Finished processing user request with id = aea3b381-7ca4-4693-851e-ee5d54267bfd in 00:00:00.0617596.
2018-11-13 00:02:56,112 15613  ERROR [f1a064] 
System.InvalidOperationException: Oh no! An error occurred!
2018-11-13 00:02:56,122 15623  INFO  [0ea518] Started processing user request. Id = 0ea51839-b64d-4f15-bda6-2351a6c431cd. Size = 42.93 KB.
2018-11-13 00:02:56,126 15627  INFO  [203a35] Started processing user request. Id = 203a3507-27af-4e76-9676-9c17b00206cf. Size = 74.63 KB.
2018-11-13 00:02:56,133 15634  INFO  [203a35] Doing some complicated stuff.. Random numbers are: 958052851, 264255020, 343934390.
2018-11-13 00:02:56,136 15637  INFO  [0ea518] Doing some complicated stuff.. Random numbers are: 198426466, 795044348, 842531227.
2018-11-13 00:02:56,163 15664  INFO  [0ea518] Finished processing user request with id = 0ea51839-b64d-4f15-bda6-2351a6c431cd in 00:00:00.0405618.
2018-11-13 00:02:56,166 15667  INFO  [203a35] Finished processing user request with id = 203a3507-27af-4e76-9676-9c17b00206cf in 00:00:00.0395401.
2018-11-13 00:02:56,180 15681  INFO  [2450f0] Started processing user request. Id = 2450f0c4-ae16-4bb4-98f6-f2aa395de61d. Size = 21.58 KB.
2018-11-13 00:02:56,195 15696  INFO  [9f2294] Started processing user request. Id = 9f229447-275e-4114-ab3b-72a247dca687. Size = 71.95 KB.
2018-11-13 00:02:56,199 15700  INFO  [2450f0] Doing some complicated stuff.. Random numbers are: 1334046557, 1077010087, 1747295114.
2018-11-13 00:02:56,204 15705  INFO  [9f2294] Doing some complicated stuff.. Random numbers are: 375693461, 691325330, 1317653387.
2018-11-13 00:02:56,209 15710  INFO  [BackgroundDaemon] Starting iteration #15473.
2018-11-13 00:02:56,211 15712  INFO  [2450f0] Here's some useful guids:
		50f3f70e-92b3-4145-bee8-de8ecff5c0fd
		5b5425a9-3065-45e9-8e6b-d140102f15c8
2018-11-13 00:02:56,213 15714  INFO  [2450f0] Finished processing user request with id = 2450f0c4-ae16-4bb4-98f6-f2aa395de61d in 00:00:00.0330508.
2018-11-13 00:02:56,226 15727  INFO  [20fa9b] Started processing user request. Id = 20fa9b8b-a6df-4542-8e96-7103d128ed55. Size = 38.19 KB.
2018-11-13 00:02:56,241 15742  INFO  [20fa9b] Doing some complicated stuff.. Random numbers are: 1087590075, 1314170030, 1703683430.
2018-11-13 00:02:56,242 15743  INFO  [9f2294] Here's some useful guids:
		7e205843-2c3b-4adb-af71-b8365c823a6e
2018-11-13 00:02:56,250 15751  INFO  [20fa9b] Here's some useful guids:
		f8cd043c-73c4-4cb3-9ed8-56458b138003
2018-11-13 00:02:56,258 15759  INFO  [20fa9b] Finished processing user request with id = 20fa9b8b-a6df-4542-8e96-7103d128ed55 in 00:00:00.0320119.
2018-11-13 00:02:56,262 15763  INFO  [9f2294] Finished processing user request with id = 9f229447-275e-4114-ab3b-72a247dca687 in 00:00:00.0671328.
2018-11-13 00:02:56,263 15764  INFO  [04c4c8] Started processing user request. Id = 04c4c840-317d-4535-a26a-d0b8a2e71045. Size = 64.02 KB.
2018-11-13 00:02:56,272 15773  INFO  [59ee28] Started processing user request. Id = 59ee28f2-2ef5-44bc-8b15-96414eb4791a. Size = 2.99 KB.
2018-11-13 00:02:56,272 15773  INFO  [59ee28] Doing some complicated stuff.. Random numbers are: 807655667, 2076293602, 1602125864.
2018-11-13 00:02:56,277 15778  INFO  [04c4c8] Doing some complicated stuff.. Random numbers are: 1572367009, 1444431298, 662261732.
2018-11-13 00:02:56,277 15778  INFO  [04c4c8] Here's some useful guids:
		27b10adc-cb18-4767-9769-3cde4846336d
		19c0a78a-e3d4-4abd-844f-4029e4be68cb
2018-11-13 00:02:56,284 15785  INFO  [04c4c8] Finished processing user request with id = 04c4c840-317d-4535-a26a-d0b8a2e71045 in 00:00:00.0210766.
2018-11-13 00:02:56,294 15795  INFO  [Metrics] Cpu: 0.59%; Memory: 19.79 GB/31.88 GB; Workers: 4/1024; IOCP: 0/1024
2018-11-13 00:02:56,294 15795  INFO  [dab703] Started processing user request. Id = dab7037b-f412-4ec1-aa74-7ea68e89297b. Size = 42.11 KB.
2018-11-13 00:02:56,300 15801  INFO  [59ee28] Here's some useful guids:
		bedbeab6-b65f-496c-80ae-440a208b4682
		66b5657d-dd5e-4d1a-9772-46ec04a261d2
		b2f84a82-43b3-44c6-b86b-a483ddf7c8f0
2018-11-13 00:02:56,300 15801  INFO  [59ee28] Finished processing user request with id = 59ee28f2-2ef5-44bc-8b15-96414eb4791a in 00:00:00.0280419.
2018-11-13 00:02:56,308 15809  INFO  [dab703] Doing some complicated stuff.. Random numbers are: 1784559345, 681386971, 1824374224.
2018-11-13 00:02:56,309 15810  INFO  [BackgroundDaemon] Processing data (12% completed)..
2018-11-13 00:02:56,314 15815  INFO  [bdbd12] Started processing user request. Id = bdbd12dc-fda0-4c48-aded-fff13fe6208d. Size = 82.28 KB.
2018-11-13 00:02:56,325 15826  INFO  [bdbd12] Doing some complicated stuff.. Random numbers are: 914693628, 1617564419, 1871497521.
2018-11-13 00:02:56,339 15841  INFO  [bdbd12] Here's some useful guids:
		f1d3c2e9-032e-4f9a-99fc-eb3cb3d1c05d
		0a0f8633-e67e-4855-81f5-4157eafc2580
		a32a6bd6-350c-4771-9463-4132ca7ee80c
2018-11-13 00:02:56,342 15844  INFO  [bdbd12] Finished processing user request with id = bdbd12dc-fda0-4c48-aded-fff13fe6208d in 00:00:00.0286527.
2018-11-13 00:02:56,353 15854  INFO  [dab703] Finished processing user request with id = dab7037b-f412-4ec1-aa74-7ea68e89297b in 00:00:00.0590872.
2018-11-13 00:02:56,356 15857  INFO  [65d488] Started processing user request. Id = 65d4888f-f283-4a0a-b462-49ff30707946. Size = 1.72 KB.
2018-11-13 00:02:56,366 15867  INFO  [65d488] Doing some complicated stuff.. Random numbers are: 379258805, 1679243687, 309971093.
2018-11-13 00:02:56,374 15875  INFO  [65d488] Here's some useful guids:
		c00848a9-61b8-47d3-b376-7f7ca319c221
		62ded89a-ed92-405a-99e4-2fac88996c78
		2044c8bd-33ff-425b-b915-8e4816d4e3a5
		ad38ace4-d600-4a29-ae46-3fabb4471f71
2018-11-13 00:02:56,380 15881  INFO  [BackgroundDaemon] Processing data (21% completed)..
2018-11-13 00:02:56,384 15885  INFO  [d34e3b] Started processing user request. Id = d34e3b15-f2f3-43b6-b1d4-21c7110c7be3. Size = 8.69 KB.
2018-11-13 00:02:56,393 15895  ERROR [65d488] 
System.InvalidOperationException: Oh no! An error occurred!
2018-11-13 00:02:56,398 15899  INFO  [d34e3b] Doing some complicated stuff.. Random numbers are: 371131802, 1885664717, 177809090.
2018-11-13 00:02:56,407 15908  INFO  [a72077] Started processing user request. Id = a7207736-0961-402d-bc9e-1c44068b5320. Size = 87.46 KB.
2018-11-13 00:02:56,412 15913  INFO  [d34e3b] Finished processing user request with id = d34e3b15-f2f3-43b6-b1d4-21c7110c7be3 in 00:00:00.0275988.
2018-11-13 00:02:56,423 15924  INFO  [a72077] Doing some complicated stuff.. Random numbers are: 685574891, 1820497580, 737129150.
2018-11-13 00:02:56,443 15944  INFO  [aeb654] Started processing user request. Id = aeb6544f-ac8b-4822-a1a6-c233f94288cb. Size = 8.47 KB.
2018-11-13 00:02:56,449 15950  INFO  [a72077] Finished processing user request with id = a7207736-0961-402d-bc9e-1c44068b5320 in 00:00:00.0423398.
2018-11-13 00:02:56,452 15953  INFO  [3d9be9] Started processing user request. Id = 3d9be935-397b-464d-98a1-9fe5f9c2f439. Size = 2.17 KB.
2018-11-13 00:02:56,454 15955  INFO  [BackgroundDaemon] Processing data (62% completed)..
2018-11-13 00:02:56,454 15955  INFO  [BackgroundDaemon] Finished iteration in 00:00:00.2451794.
2018-11-13 00:02:56,458 15960  INFO  [aeb654] Doing some complicated stuff.. Random numbers are: 284474930, 1453169583, 1479557262.
2018-11-13 00:02:56,460 15962  INFO  [3d9be9] Doing some complicated stuff.. Random numbers are: 1563164815, 206558683, 1466171937.
2018-11-13 00:02:56,462 15964  INFO  [e88c74] Started processing user request. Id = e88c74e1-5719-47f5-a3b1-c781e91826ab. Size = 13.09 KB.
2018-11-13 00:02:56,477 15979  INFO  [3d9be9] Finished processing user request with id = 3d9be935-397b-464d-98a1-9fe5f9c2f439 in 00:00:00.0255915.
2018-11-13 00:02:56,480 15981  INFO  [e88c74] Doing some complicated stuff.. Random numbers are: 1740245913, 662233741, 1190209631.
2018-11-13 00:02:56,486 15987  INFO  [aeb654] Finished processing user request with id = aeb6544f-ac8b-4822-a1a6-c233f94288cb in 00:00:00.0430063.
2018-11-13 00:02:56,499 16001  INFO  [e88c74] Finished processing user request with id = e88c74e1-5719-47f5-a3b1-c781e91826ab in 00:00:00.0369645.
2018-11-13 00:02:56,513 16014  INFO  [168346] Started processing user request. Id = 168346a3-f6f4-452e-84ee-0fc167327e00. Size = 72.67 KB.
2018-11-13 00:02:56,517 16018  INFO  [4a4f7f] Started processing user request. Id = 4a4f7f79-47f5-4813-ad5c-b9b47beca921. Size = 83.71 KB.
2018-11-13 00:02:56,522 16023  INFO  [168346] Doing some complicated stuff.. Random numbers are: 261189201, 1665552294, 2040406386.
2018-11-13 00:02:56,536 16037  INFO  [4a4f7f] Doing some complicated stuff.. Random numbers are: 1676097047, 112857886, 759272164.
2018-11-13 00:02:56,550 16051  INFO  [168346] Here's some useful guids:
		26ebe512-9e67-4236-8af7-d29792cca243
		8e26c91f-4b21-43d1-960d-b0d0cc32ada6
		5ccb7d26-2e3a-465a-bceb-93a7b1c302ec
2018-11-13 00:02:56,563 16064  INFO  [4a4f7f] Finished processing user request with id = 4a4f7f79-47f5-4813-ad5c-b9b47beca921 in 00:00:00.0461066.
2018-11-13 00:02:56,575 16076  INFO  [168346] Finished processing user request with id = 168346a3-f6f4-452e-84ee-0fc167327e00 in 00:00:00.0620619.
2018-11-13 00:02:56,589 16090  INFO  [4e2cf2] Started processing user request. Id = 4e2cf2b4-b82b-42b4-b9ae-69ec54772487. Size = 80.72 KB.
2018-11-13 00:02:56,594 16096  INFO  [14c122] Started processing user request. Id = 14c12239-1df2-4440-ba5f-32555195572b. Size = 59.52 KB.
2018-11-13 00:02:56,600 16102  INFO  [4e2cf2] Doing some complicated stuff.. Random numbers are: 915324029, 1500916289, 1979782808.
2018-11-13 00:02:56,602 16104  INFO  [14c122] Doing some complicated stuff.. Random numbers are: 521535889, 940960244, 1009059187.
2018-11-13 00:02:56,607 16109  INFO  [4e2cf2] Finished processing user request with id = 4e2cf2b4-b82b-42b4-b9ae-69ec54772487 in 00:00:00.0181937.
2018-11-13 00:02:56,621 16122  INFO  [7a163e] Started processing user request. Id = 7a163eec-ab4d-477e-9199-c55da2a6c1d6. Size = 56.75 KB.
2018-11-13 00:02:56,629 16130  INFO  [7a163e] Doing some complicated stuff.. Random numbers are: 1445585270, 1758180226, 929114843.
2018-11-13 00:02:56,645 16147  INFO  [9a876b] Started processing user request. Id = 9a876bb3-2490-4823-8622-9c68a778e5bd. Size = 46.57 KB.
2018-11-13 00:02:56,653 16155  INFO  [9a876b] Doing some complicated stuff.. Random numbers are: 230489539, 206444325, 225205696.
2018-11-13 00:02:56,653 16155  INFO  [9a876b] Finished processing user request with id = 9a876bb3-2490-4823-8622-9c68a778e5bd in 00:00:00.0079358.
2018-11-13 00:02:56,654 16156  ERROR [14c122] 
System.InvalidOperationException: Oh no! An error occurred!
2018-11-13 00:02:56,654 16156  INFO  [BackgroundDaemon] Starting iteration #15474.
2018-11-13 00:02:56,679 16180  INFO  [7a163e] Finished processing user request with id = 7a163eec-ab4d-477e-9199-c55da2a6c1d6 in 00:00:00.0573518.
2018-11-13 00:02:56,685 16187  INFO  [fea9ca] Started processing user request. Id = fea9ca0e-a5d5-44dc-a37b-8b3ddd70b852. Size = 54.99 KB.
2018-11-13 00:02:56,693 16194  INFO  [70ed56] Started processing user request. Id = 70ed569f-9ea6-4d43-8de9-5afbe1e25797. Size = 16.85 KB.
2018-11-13 00:02:56,697 16198  INFO  [fea9ca] Doing some complicated stuff.. Random numbers are: 197884371, 645099074, 2141729444.
2018-11-13 00:02:56,701 16202  INFO  [BackgroundDaemon] Processing data (12% completed)..
2018-11-13 00:02:56,705 16206  INFO  [70ed56] Doing some complicated stuff.. Random numbers are: 1107016629, 749777266, 1904307032.
2018-11-13 00:02:56,717 16218  INFO  [fea9ca] Here's some useful guids:
		215ae3cf-f45e-4f9f-941d-249a804f5ac0
2018-11-13 00:02:56,731 16233  INFO  [70ed56] Finished processing user request with id = 70ed569f-9ea6-4d43-8de9-5afbe1e25797 in 00:00:00.0389440.
2018-11-13 00:02:56,743 16244  INFO  [fea9ca] Finished processing user request with id = fea9ca0e-a5d5-44dc-a37b-8b3ddd70b852 in 00:00:00.0574512.
2018-11-13 00:02:56,745 16246  INFO  [822176] Started processing user request. Id = 82217668-9f6d-4c5e-bc05-5cfe0ad33935. Size = 11.34 KB.
2018-11-13 00:02:56,751 16252  INFO  [BackgroundDaemon] Processing data (25% completed)..
2018-11-13 00:02:56,761 16263  INFO  [822176] Doing some complicated stuff.. Random numbers are: 1343690976, 1479200515, 1702591678.
2018-11-13 00:02:56,774 16275  INFO  [2ff358] Started processing user request. Id = 2ff35836-ee27-40ce-9d1f-2f946b1bb515. Size = 73.84 KB.
2018-11-13 00:02:56,786 16287  INFO  [BackgroundDaemon] Processing data (50% completed)..
2018-11-13 00:02:56,786 16287  INFO  [BackgroundDaemon] Finished iteration in 00:00:00.1315443.
2018-11-13 00:02:56,793 16294  INFO  [Metrics] Cpu: 4.53%; Memory: 19.79 GB/31.88 GB; Workers: 4/1024; IOCP: 0/1024
2018-11-13 00:02:56,794 16295  INFO  [2ff358] Doing some complicated stuff.. Random numbers are: 1709346080, 735293444, 2139742873.
2018-11-13 00:02:56,801 16302  INFO  [822176] Finished processing user request with id = 82217668-9f6d-4c5e-bc05-5cfe0ad33935 in 00:00:00.0556454.
2018-11-13 00:02:56,807 16308  INFO  [2ff358] Here's some useful guids:
		c9d8c8a5-1989-41b4-96be-153eecf2e201
		f843b0d5-e288-4a0a-a549-7b437b9a021c
2018-11-13 00:02:56,814 16315  INFO  [5b74eb] Started processing user request. Id = 5b74eb61-bdac-46a1-ad86-34407749a7ff. Size = 69.4 KB.
2018-11-13 00:02:56,817 16318  INFO  [5b74eb] Doing some complicated stuff.. Random numbers are: 1907946752, 444038770, 2052338098.
2018-11-13 00:02:56,819 16320  INFO  [2ff358] Finished processing user request with id = 2ff35836-ee27-40ce-9d1f-2f946b1bb515 in 00:00:00.0449984.
2018-11-13 00:02:56,821 16322  INFO  [90b634] Started processing user request. Id = 90b63498-7f37-4f31-ab2a-6a973526ad7e. Size = 57.94 KB.
2018-11-13 00:02:56,835 16336  INFO  [90b634] Doing some complicated stuff.. Random numbers are: 1919090502, 1579584251, 1366335742.
2018-11-13 00:02:56,845 16347  INFO  [90b634] Finished processing user request with id = 90b63498-7f37-4f31-ab2a-6a973526ad7e in 00:00:00.0243927.
2018-11-13 00:02:56,846 16348  INFO  [5b74eb] Finished processing user request with id = 5b74eb61-bdac-46a1-ad86-34407749a7ff in 00:00:00.0324344.
2018-11-13 00:02:56,850 16351  INFO  [7d0b60] Started processing user request. Id = 7d0b6041-9b5e-4525-bac0-20e7f9ac4405. Size = 33.63 KB.
2018-11-13 00:02:56,860 16361  INFO  [f405b2] Started processing user request. Id = f405b208-ba75-4249-8779-17bccdae96c8. Size = 6.61 KB.
2018-11-13 00:02:56,866 16367  INFO  [7d0b60] Doing some complicated stuff.. Random numbers are: 86095166, 1473760600, 1124810467.
2018-11-13 00:02:56,866 16367  INFO  [7d0b60] Here's some useful guids:
		82acace7-44b6-4f23-9346-7bae377cf832
2018-11-13 00:02:56,872 16373  INFO  [f405b2] Doing some complicated stuff.. Random numbers are: 1479558005, 80716059, 28622541.
2018-11-13 00:02:56,883 16384  INFO  [f405b2] Finished processing user request with id = f405b208-ba75-4249-8779-17bccdae96c8 in 00:00:00.0233003.
2018-11-13 00:02:56,885 16386  INFO  [7d0b60] Finished processing user request with id = 7d0b6041-9b5e-4525-bac0-20e7f9ac4405 in 00:00:00.0348564.
2018-11-13 00:02:56,897 16398  INFO  [caddf6] Started processing user request. Id = caddf6d3-10c2-48df-bdc0-995c7abe87b9. Size = 7.72 KB.
2018-11-13 00:02:56,906 16407  INFO  [caddf6] Doing some complicated stuff.. Random numbers are: 1428297160, 1987341186, 1546957577.
2018-11-13 00:02:56,916 16418  INFO  [9e4104] Started processing user request. Id = 9e41047a-5198-4ecd-a990-0dfa99fb92b3. Size = 27.85 KB.
2018-11-13 00:02:56,934 16435  INFO  [9e4104] Doing some complicated stuff.. Random numbers are: 120326432, 283379446, 890378733.
2018-11-13 00:02:56,934 16435  INFO  [caddf6] Here's some useful guids:
		bda34df2-2791-4e05-927e-4da838b7d6b7
		38ab4fe6-c333-4f3c-9e79-17e8b6e58d4f
		8a86d799-89a1-4ea5-a13e-0fc72808ee5c
2018-11-13 00:02:56,941 16443  INFO  [caddf6] Finished processing user request with id = caddf6d3-10c2-48df-bdc0-995c7abe87b9 in 00:00:00.0449705.
2018-11-13 00:02:56,955 16457  INFO  [a6f667] Started processing user request. Id = a6f6673d-1ef0-4c64-a627-70e48221e374. Size = 87.29 KB.
2018-11-13 00:02:56,964 16465  ERROR [9e4104] 
System.InvalidOperationException: Oh no! An error occurred!
2018-11-13 00:02:56,968 16469  INFO  [a6f667] Doing some complicated stuff.. Random numbers are: 686692136, 1853348589, 1290200750.
2018-11-13 00:02:56,986 16487  INFO  [BackgroundDaemon] Starting iteration #15475.
2018-11-13 00:02:56,989 16491  INFO  [a6f667] Here's some useful guids:
		6e080905-9baf-476e-9bf8-08cef6068e85
		9ca98733-b95a-4f0f-b581-2324074ef5ca
		7fb1950f-9f9c-4578-b203-e8593ffdebf3
2018-11-13 00:02:56,995 16497  INFO  [61fdc9] Started processing user request. Id = 61fdc95f-579a-4696-a4ca-094a240c20c4. Size = 27.31 KB.
2018-11-13 00:02:56,999 16500  ERROR [a6f667] 
System.InvalidOperationException: Oh no! An error occurred!
2018-11-13 00:02:57,012 16514  INFO  [61fdc9] Doing some complicated stuff.. Random numbers are: 637079108, 1147058039, 1423031088.
2018-11-13 00:02:57,013 16515  INFO  [244cc3] Started processing user request. Id = 244cc38e-dd67-49b3-8c87-c23699db1539. Size = 88.16 KB.
2018-11-13 00:02:57,013 16515  INFO  [57d767] Started processing user request. Id = 57d76708-0d24-4e68-b137-d1714e21cf51. Size = 65.43 KB.
2018-11-13 00:02:57,019 16521  INFO  [57d767] Doing some complicated stuff.. Random numbers are: 1779414546, 338321146, 338392456.
2018-11-13 00:02:57,021 16523  INFO  [244cc3] Doing some complicated stuff.. Random numbers are: 907810147, 1550887478, 595865167.
2018-11-13 00:02:57,033 16534  INFO  [244cc3] Here's some useful guids:
		a551e978-160c-4619-aea2-085ca188a691
		76f7cf87-2d76-44da-9520-025021740f44
2018-11-13 00:02:57,050 16552  INFO  [244cc3] Finished processing user request with id = 244cc38e-dd67-49b3-8c87-c23699db1539 in 00:00:00.0369795.
2018-11-13 00:02:57,059 16561  INFO  [57d767] Finished processing user request with id = 57d76708-0d24-4e68-b137-d1714e21cf51 in 00:00:00.0459957.
2018-11-13 00:02:57,062 16564  INFO  [61fdc9] Finished processing user request with id = 61fdc95f-579a-4696-a4ca-094a240c20c4 in 00:00:00.0670730.
2018-11-13 00:02:57,073 16575  INFO  [000000] Started processing user request. Id = 000000dd-5c4f-415f-ad2a-cf0e35ea2de4. Size = 80.94 KB.
2018-11-13 00:02:57,083 16584  INFO  [BackgroundDaemon] Processing data (19% completed)..
2018-11-13 00:02:57,086 16587  INFO  [000000] Doing some complicated stuff.. Random numbers are: 1582753322, 889183349, 280923191.
2018-11-13 00:02:57,094 16595  INFO  [32c290] Started processing user request. Id = 32c29051-e478-416a-8fd5-c456342fa8eb. Size = 24.19 KB.
2018-11-13 00:02:57,097 16598  INFO  [32c290] Doing some complicated stuff.. Random numbers are: 859708264, 1220825654, 855449594.
2018-11-13 00:02:57,114 16615  INFO  [BackgroundDaemon] Processing data (29% completed)..
2018-11-13 00:02:57,121 16622  INFO  [000000] Here's some useful guids:
		b43ce70b-219a-4c4f-9a29-583034853e06
		41285eea-f2ff-4d2b-999f-a7e4ad671e61
		10679871-5113-4299-a7a0-eae3ee8e7b6c
2018-11-13 00:02:57,143 16644  INFO  [32c290] Finished processing user request with id = 32c29051-e478-416a-8fd5-c456342fa8eb in 00:00:00.0497921.
2018-11-13 00:02:57,144 16645  INFO  [000000] Finished processing user request with id = 000000dd-5c4f-415f-ad2a-cf0e35ea2de4 in 00:00:00.0709277.
2018-11-13 00:02:57,145 16646  INFO  [BackgroundDaemon] Processing data (97% completed)..
2018-11-13 00:02:57,145 16646  INFO  [BackgroundDaemon] Finished iteration in 00:00:00.1593419.
2018-11-13 00:02:57,158 16660  INFO  [6e195c] Started processing user request. Id = 6e195c0e-86e9-46f1-b5ec-c6594b721d6b. Size = 19.09 KB.
2018-11-13 00:02:57,175 16676  INFO  [4882da] Started processing user request. Id = 4882da52-6751-42fa-82a6-848287a38b13. Size = 39.83 KB.
2018-11-13 00:02:57,176 16677  INFO  [6e195c] Doing some complicated stuff.. Random numbers are: 1015059556, 8428087, 1871706236.
2018-11-13 00:02:57,190 16692  INFO  [4882da] Doing some complicated stuff.. Random numbers are: 2120643602, 887488138, 360030416.
2018-11-13 00:02:57,219 16720  INFO  [df1f36] Started processing user request. Id = df1f369b-64a0-4d70-ac26-f354923397df. Size = 96.97 KB.
2018-11-13 00:02:57,224 16725  INFO  [df1f36] Doing some complicated stuff.. Random numbers are: 1108595301, 440060715, 2069990250.
2018-11-13 00:02:57,231 16733  INFO  [df1f36] Here's some useful guids:
		f483b276-ce34-4908-80a5-1f01ad552c47
		d3b02b9e-9f9b-481b-b9c5-e39e5447edaf
		73013394-e880-4705-a540-73f9fbbbf9be
		40d9f638-6276-4350-ac54-1d98f17bf41e
		36a0d508-e0ca-4604-8f75-c62d8534806a
2018-11-13 00:02:57,232 16734  INFO  [6e195c] Finished processing user request with id = 6e195c0e-86e9-46f1-b5ec-c6594b721d6b in 00:00:00.0740555.
2018-11-13 00:02:57,234 16736  INFO  [4882da] Finished processing user request with id = 4882da52-6751-42fa-82a6-848287a38b13 in 00:00:00.0590928.
2018-11-13 00:02:57,246 16747  INFO  [546fde] Started processing user request. Id = 546fdeb0-b849-44ab-9288-6e00566e9bfd. Size = 8.65 KB.
2018-11-13 00:02:57,248 16749  INFO  [df1f36] Finished processing user request with id = df1f369b-64a0-4d70-ac26-f354923397df in 00:00:00.0296594.
2018-11-13 00:02:57,256 16758  INFO  [546fde] Doing some complicated stuff.. Random numbers are: 1682960900, 1051745534, 1359544073.
2018-11-13 00:02:57,266 16767  INFO  [4a1233] Started processing user request. Id = 4a123302-59cb-433a-a935-78f827c0171f. Size = 92.06 KB.
2018-11-13 00:02:57,279 16780  INFO  [4a1233] Doing some complicated stuff.. Random numbers are: 1992398358, 1444176514, 1770457665.
2018-11-13 00:02:57,292 16793  INFO  [Metrics] Cpu: 4.53%; Memory: 19.79 GB/31.88 GB; Workers: 4/1024; IOCP: 0/1024
2018-11-13 00:02:57,297 16798  INFO  [546fde] Finished processing user request with id = 546fdeb0-b849-44ab-9288-6e00566e9bfd in 00:00:00.0503804.
2018-11-13 00:02:57,300 16801  INFO  [4a1233] Here's some useful guids:
		8a244591-5e6d-4462-9e79-1ef42990468e
2018-11-13 00:02:57,306 16807  INFO  [4a1233] Finished processing user request with id = 4a123302-59cb-433a-a935-78f827c0171f in 00:00:00.0400070.
2018-11-13 00:02:57,310 16811  INFO  [5366ca] Started processing user request. Id = 5366cae8-ac9c-4c25-bd15-dcb53dc77726. Size = 49.81 KB.
2018-11-13 00:02:57,325 16826  INFO  [5366ca] Doing some complicated stuff.. Random numbers are: 1737569751, 154675207, 440251689.
2018-11-13 00:02:57,337 16838  INFO  [69a9b4] Started processing user request. Id = 69a9b4d0-272d-444e-a6b1-6c5e237b7f4c. Size = 24.03 KB.
2018-11-13 00:02:57,341 16842  INFO  [5366ca] Here's some useful guids:
		15fd1c7f-4503-4f55-9a06-924fe5d03e8c
2018-11-13 00:02:57,345 16846  INFO  [69a9b4] Doing some complicated stuff.. Random numbers are: 90412069, 43181793, 428110174.
2018-11-13 00:02:57,346 16847  INFO  [BackgroundDaemon] Starting iteration #15476.
2018-11-13 00:02:57,346 16847  INFO  [5366ca] Finished processing user request with id = 5366cae8-ac9c-4c25-bd15-dcb53dc77726 in 00:00:00.0368273.
2018-11-13 00:02:57,360 16861  INFO  [9b219b] Started processing user request. Id = 9b219bb4-4d4d-4105-9b1f-51c12e84939d. Size = 18.54 KB.
2018-11-13 00:02:57,364 16866  ERROR [69a9b4] 
System.InvalidOperationException: Oh no! An error occurred!
2018-11-13 00:02:57,369 16871  INFO  [BackgroundDaemon] Processing data (9% completed)..
2018-11-13 00:02:57,380 16881  INFO  [9b219b] Doing some complicated stuff.. Random numbers are: 520348253, 2138638745, 961847917.
2018-11-13 00:02:57,383 16884  INFO  [9b219b] Here's some useful guids:
		c20a2023-652c-4b6e-925e-505bef115a74
2018-11-13 00:02:57,388 16890  INFO  [9b219b] Finished processing user request with id = 9b219bb4-4d4d-4105-9b1f-51c12e84939d in 00:00:00.0280029.
2018-11-13 00:02:57,396 16898  INFO  [001d01] Started processing user request. Id = 001d0174-be14-44a7-8aa4-205616431a18. Size = 70.2 KB.
2018-11-13 00:02:57,402 16904  INFO  [1bdb49] Started processing user request. Id = 1bdb490d-25af-47d8-81a8-bffe36022943. Size = 93.93 KB.
2018-11-13 00:02:57,406 16908  INFO  [001d01] Doing some complicated stuff.. Random numbers are: 985859743, 1227339147, 1359993149.
2018-11-13 00:02:57,409 16911  INFO  [1bdb49] Doing some complicated stuff.. Random numbers are: 926645660, 351509076, 1887299701.
2018-11-13 00:02:57,411 16913  INFO  [1bdb49] Finished processing user request with id = 1bdb490d-25af-47d8-81a8-bffe36022943 in 00:00:00.0090358.
2018-11-13 00:02:57,414 16916  INFO  [BackgroundDaemon] Processing data (22% completed)..
2018-11-13 00:02:57,415 16917  INFO  [4402cd] Started processing user request. Id = 4402cd67-5b7d-4182-a0cb-44cd2cb54d99. Size = 61.57 KB.
2018-11-13 00:02:57,425 16926  INFO  [5b4da9] Started processing user request. Id = 5b4da9dc-32f2-4d52-85ad-2297d9798692. Size = 10.2 KB.
2018-11-13 00:02:57,425 16926  INFO  [5b4da9] Doing some complicated stuff.. Random numbers are: 1234631618, 209808300, 1532721800.
2018-11-13 00:02:57,427 16928  INFO  [5b4da9] Here's some useful guids:
		6d5f5304-f799-4ceb-9d7d-61bbe8677a0b
		e0160093-5e52-4470-8b71-e9c447a68e01
		4f152418-29d6-4f61-8499-88a73d9f2ce5
		e235f12f-15cd-4e5d-b514-02c98dcbe6dd
2018-11-13 00:02:57,429 16930  INFO  [4402cd] Doing some complicated stuff.. Random numbers are: 1143594606, 2144871787, 1712812700.
2018-11-13 00:02:57,430 16931  INFO  [5b4da9] Finished processing user request with id = 5b4da9dc-32f2-4d52-85ad-2297d9798692 in 00:00:00.0053758.
2018-11-13 00:02:57,440 16941  INFO  [001d01] Here's some useful guids:
		e9a5e6f7-af81-4b99-b6c8-2d7379a27adc
		96aa336f-0b6d-4de6-b9af-6a315058131a
		f17f1735-79ee-4d06-aca7-4d095eac43b5
		6f5e0d21-177b-4235-a2e6-ddf0a32da6cb
2018-11-13 00:02:57,443 16944  INFO  [3280a2] Started processing user request. Id = 3280a2a9-0b86-419b-ab50-bb962e4738d9. Size = 6.63 KB.
2018-11-13 00:02:57,455 16956  INFO  [3280a2] Doing some complicated stuff.. Random numbers are: 1809410386, 1476297201, 1123086554.
2018-11-13 00:02:57,466 16968  INFO  [4402cd] Finished processing user request with id = 4402cd67-5b7d-4182-a0cb-44cd2cb54d99 in 00:00:00.0509991.
2018-11-13 00:02:57,470 16971  INFO  [001d01] Finished processing user request with id = 001d0174-be14-44a7-8aa4-205616431a18 in 00:00:00.0732057.
2018-11-13 00:02:57,480 16981  INFO  [BackgroundDaemon] Processing data (81% completed)..
2018-11-13 00:02:57,480 16981  INFO  [BackgroundDaemon] Finished iteration in 00:00:00.1334800.
2018-11-13 00:02:57,501 17003  INFO  [33eddc] Started processing user request. Id = 33eddc7a-03d4-4845-b9c7-6511830bfa60. Size = 66.55 KB.
2018-11-13 00:02:57,503 17005  INFO  [3280a2] Finished processing user request with id = 3280a2a9-0b86-419b-ab50-bb962e4738d9 in 00:00:00.0601731.
2018-11-13 00:02:57,517 17019  INFO  [34cc61] Started processing user request. Id = 34cc61f1-5a9f-461d-92a7-ce3d2e97f80e. Size = 32.96 KB.
2018-11-13 00:02:57,519 17021  INFO  [33eddc] Doing some complicated stuff.. Random numbers are: 2140980358, 1655827275, 1644253153.
2018-11-13 00:02:57,526 17027  INFO  [34cc61] Doing some complicated stuff.. Random numbers are: 1092914731, 745112908, 777156406.
2018-11-13 00:02:57,542 17044  INFO  [33eddc] Here's some useful guids:
		fc07e17a-f5a2-42d5-8f93-0848e8f20dea
2018-11-13 00:02:57,551 17052  INFO  [34cc61] Finished processing user request with id = 34cc61f1-5a9f-461d-92a7-ce3d2e97f80e in 00:00:00.0332658.
2018-11-13 00:02:57,560 17061  INFO  [33eddc] Finished processing user request with id = 33eddc7a-03d4-4845-b9c7-6511830bfa60 in 00:00:00.0589893.
2018-11-13 00:02:57,564 17066  INFO  [ed9d5f] Started processing user request. Id = ed9d5fcf-b256-4efb-9123-f32e2f366108. Size = 63.35 KB.
2018-11-13 00:02:57,568 17070  INFO  [ed9d5f] Doing some complicated stuff.. Random numbers are: 406674482, 1783168180, 744393808.
2018-11-13 00:02:57,592 17094  INFO  [660a27] Started processing user request. Id = 660a27b5-2188-4d7f-a860-619cfd219b07. Size = 86.69 KB.
2018-11-13 00:02:57,598 17099  INFO  [660a27] Doing some complicated stuff.. Random numbers are: 584449853, 873352644, 1104809534.
2018-11-13 00:02:57,604 17105  INFO  [ed9d5f] Here's some useful guids:
		d71f4de3-f782-416e-878e-6357c459f8e9
		23c59d06-84cc-4c3d-8c80-eeac6e8ed915
2018-11-13 00:02:57,619 17121  INFO  [660a27] Here's some useful guids:
		17720a1b-9879-4049-854a-ccedf361b702
		4bc05cbe-01c0-4743-9dd1-3d14b91a22f9
2018-11-13 00:02:57,623 17124  INFO  [ed9d5f] Finished processing user request with id = ed9d5fcf-b256-4efb-9123-f32e2f366108 in 00:00:00.0580386.
2018-11-13 00:02:57,634 17135  INFO  [f9a78c] Started processing user request. Id = f9a78c3e-67f2-40ef-b9a6-67cc7449a4cd. Size = 75.36 KB.
2018-11-13 00:02:57,636 17137  INFO  [c763e6] Started processing user request. Id = c763e6a5-e6e6-4dca-a33b-e8b79d0a6243. Size = 51.88 KB.
2018-11-13 00:02:57,642 17143  INFO  [660a27] Finished processing user request with id = 660a27b5-2188-4d7f-a860-619cfd219b07 in 00:00:00.0491798.
2018-11-13 00:02:57,644 17145  INFO  [f9a78c] Doing some complicated stuff.. Random numbers are: 392561586, 1348498249, 666855439.
2018-11-13 00:02:57,655 17156  INFO  [c763e6] Doing some complicated stuff.. Random numbers are: 932015629, 906812066, 3547124.
2018-11-13 00:02:57,669 17170  INFO  [c763e6] Here's some useful guids:
		8d1eb568-13e4-41a0-a432-515fa3e4c973
		8452a128-9f1b-4aa5-86f2-caba9b7da416
		46b584b5-f423-42f6-a027-a35cfee04f11
		a533c3fd-4c91-4108-8558-b1b06e09a85f
2018-11-13 00:02:57,669 17170  INFO  [f9a78c] Here's some useful guids:
		658036a8-1d2b-43b5-b893-4568af721eda
		8a3d7aaa-3636-4f0b-b6db-43f70ac945cd
		cd93bfcd-ea09-4934-81cc-c61ca706520b
		7bb007f7-6fb6-474a-8a48-06b10e57656d
2018-11-13 00:02:57,673 17174  INFO  [c763e6] Finished processing user request with id = c763e6a5-e6e6-4dca-a33b-e8b79d0a6243 in 00:00:00.0378326.
2018-11-13 00:02:57,673 17174  INFO  [ccc33f] Started processing user request. Id = ccc33fcb-5fb0-4acc-a6f6-b15454d7be96. Size = 34.3 KB.
2018-11-13 00:02:57,680 17181  INFO  [BackgroundDaemon] Starting iteration #15477.
2018-11-13 00:02:57,681 17182  INFO  [ccc33f] Doing some complicated stuff.. Random numbers are: 1861138669, 1320602720, 378694817.
2018-11-13 00:02:57,687 17188  INFO  [c162a5] Started processing user request. Id = c162a540-b52b-4c13-9afb-dfd43c578b92. Size = 89.17 KB.
2018-11-13 00:02:57,691 17193  INFO  [f9a78c] Finished processing user request with id = f9a78c3e-67f2-40ef-b9a6-67cc7449a4cd in 00:00:00.0575474.
2018-11-13 00:02:57,698 17199  INFO  [ccc33f] Here's some useful guids:
		010c0f33-b62f-433f-b364-77bb5ba813ab
2018-11-13 00:02:57,699 17200  INFO  [c162a5] Doing some complicated stuff.. Random numbers are: 261513938, 364568205, 144777732.
2018-11-13 00:02:57,707 17209  INFO  [ccc33f] Finished processing user request with id = ccc33fcb-5fb0-4acc-a6f6-b15454d7be96 in 00:00:00.0340447.
2018-11-13 00:02:57,731 17233  INFO  [BackgroundDaemon] Processing data (5% completed)..
2018-11-13 00:02:57,739 17240  INFO  [b8b403] Started processing user request. Id = b8b40335-bd0a-4819-b5d6-e410dd1646c3. Size = 70.92 KB.
2018-11-13 00:02:57,746 17247  INFO  [c162a5] Finished processing user request with id = c162a540-b52b-4c13-9afb-dfd43c578b92 in 00:00:00.0592998.
2018-11-13 00:02:57,753 17254  INFO  [b8b403] Doing some complicated stuff.. Random numbers are: 647653986, 560855859, 1099945306.
2018-11-13 00:02:57,759 17261  INFO  [ed78cf] Started processing user request. Id = ed78cf95-0b4b-4805-9580-eafd6ebf37e9. Size = 20.91 KB.
2018-11-13 00:02:57,759 17261  INFO  [b8b403] Here's some useful guids:
		bb09f2a5-6b1f-42c5-bb37-6419560217b0
		0ced9c9a-fe32-4907-be23-803a5c596777
		b061f160-09de-410d-bc29-c7cbff8cb92c
		fb5280a2-f099-4c1d-bacf-58595f58ba99
2018-11-13 00:02:57,763 17265  INFO  [BackgroundDaemon] Processing data (20% completed)..
2018-11-13 00:02:57,768 17269  INFO  [b8b403] Finished processing user request with id = b8b40335-bd0a-4819-b5d6-e410dd1646c3 in 00:00:00.0286119.
2018-11-13 00:02:57,772 17273  INFO  [ed78cf] Doing some complicated stuff.. Random numbers are: 55815766, 1806263518, 1455012865.
2018-11-13 00:02:57,792 17293  INFO  [Metrics] Cpu: 1.64%; Memory: 19.79 GB/31.88 GB; Workers: 4/1024; IOCP: 0/1024
2018-11-13 00:02:57,799 17301  INFO  [03bb95] Started processing user request. Id = 03bb95f3-417e-4159-aa2c-7f11d5ed8538. Size = 5.19 KB.
2018-11-13 00:02:57,819 17320  INFO  [03bb95] Doing some complicated stuff.. Random numbers are: 469767856, 559537541, 83579224.
2018-11-13 00:02:57,827 17328  INFO  [ed78cf] Finished processing user request with id = ed78cf95-0b4b-4805-9580-eafd6ebf37e9 in 00:00:00.0672698.
2018-11-13 00:02:57,836 17337  INFO  [03bb95] Here's some useful guids:
		6a3225aa-3338-46d7-86fd-74c0831f7eff
2018-11-13 00:02:57,838 17339  INFO  [03bb95] Finished processing user request with id = 03bb95f3-417e-4159-aa2c-7f11d5ed8538 in 00:00:00.0383235.
2018-11-13 00:02:57,841 17342  INFO  [76cea9] Started processing user request. Id = 76cea9a6-5797-4def-ac7b-0a4070ac21e6. Size = 26.47 KB.
2018-11-13 00:02:57,844 17345  INFO  [BackgroundDaemon] Processing data (73% completed)..
2018-11-13 00:02:57,844 17345  INFO  [BackgroundDaemon] Finished iteration in 00:00:00.1631967.
2018-11-13 00:02:57,859 17361  INFO  [76cea9] Doing some complicated stuff.. Random numbers are: 1372296945, 687291705, 2028456125.
2018-11-13 00:02:57,859 17361  INFO  [67ab71] Started processing user request. Id = 67ab71ed-62cd-48ec-b351-9bf1e3e9e649. Size = 79.34 KB.
2018-11-13 00:02:57,859 17361  INFO  [67ab71] Doing some complicated stuff.. Random numbers are: 1802072004, 936215563, 1922953702.
2018-11-13 00:02:57,859 17361  INFO  [67ab71] Here's some useful guids:
		0d0afe2c-eb4b-4a62-9cb9-3b837ca45b63
2018-11-13 00:02:57,869 17370  INFO  [7069f8] Started processing user request. Id = 7069f84e-3ef6-4297-a561-262da6e14d19. Size = 70.96 KB.
2018-11-13 00:02:57,875 17376  ERROR [67ab71] 
System.InvalidOperationException: Oh no! An error occurred!
2018-11-13 00:02:57,883 17384  INFO  [7069f8] Doing some complicated stuff.. Random numbers are: 41626622, 445442385, 1107014072.
2018-11-13 00:02:57,895 17396  INFO  [76cea9] Here's some useful guids:
		ed9c4da2-806b-43d8-b127-2be252e80b6f
		3b80f66a-594c-418a-8f21-bbc62a5e7901
		25ae29c0-8359-404c-96a4-4fe097c629b6
2018-11-13 00:02:57,895 17397  INFO  [7069f8] Here's some useful guids:
		c13add48-5514-41b8-95ec-f8f70f3fed61
		33609c9b-da38-46ac-89e7-792439ad090d
2018-11-13 00:02:57,913 17415  INFO  [7069f8] Finished processing user request with id = 7069f84e-3ef6-4297-a561-262da6e14d19 in 00:00:00.0446430.
2018-11-13 00:02:57,922 17423  INFO  [76cea9] Finished processing user request with id = 76cea9a6-5797-4def-ac7b-0a4070ac21e6 in 00:00:00.0819055.
2018-11-13 00:02:57,936 17437  INFO  [19d56c] Started processing user request. Id = 19d56c33-2298-4283-8b2f-9b12c223cb50. Size = 49.79 KB.
2018-11-13 00:02:57,945 17447  INFO  [107e3b] Started processing user request. Id = 107e3b98-830b-444c-9a1b-8a32fe3feeda. Size = 8.51 KB.
2018-11-13 00:02:57,947 17449  INFO  [107e3b] Doing some complicated stuff.. Random numbers are: 1724265935, 1581003815, 1200430772.
2018-11-13 00:02:57,953 17455  INFO  [107e3b] Finished processing user request with id = 107e3b98-830b-444c-9a1b-8a32fe3feeda in 00:00:00.0079690.
2018-11-13 00:02:57,956 17457  INFO  [19d56c] Doing some complicated stuff.. Random numbers are: 505679185, 1728541357, 1231124463.
2018-11-13 00:02:57,979 17480  INFO  [19d56c] Here's some useful guids:
		26927380-2bb1-42fd-93e3-28cd90e501e7
2018-11-13 00:02:57,982 17483  INFO  [19d56c] Finished processing user request with id = 19d56c33-2298-4283-8b2f-9b12c223cb50 in 00:00:00.0460500.
2018-11-13 00:02:57,985 17486  INFO  [0fc0cd] Started processing user request. Id = 0fc0cd59-00ff-4527-942f-22cbc10131d7. Size = 34.98 KB.
2018-11-13 00:02:57,991 17492  INFO  [0fc0cd] Doing some complicated stuff.. Random numbers are: 1085185298, 187552786, 648609365.
2018-11-13 00:02:57,996 17497  INFO  [7ada13] Started processing user request. Id = 7ada13fe-e393-47f2-bff0-c56d6c99d78c. Size = 74.88 KB.
2018-11-13 00:02:58,008 17509  INFO  [7ada13] Doing some complicated stuff.. Random numbers are: 416204858, 973705738, 1180558717.
2018-11-13 00:02:58,020 17522  INFO  [0fc0cd] Here's some useful guids:
		a2cceb53-4824-424c-98b2-958d3d93d9a1
2018-11-13 00:02:58,024 17526  INFO  [7ada13] Here's some useful guids:
		ce9f8bd2-37e5-4978-9214-d11a4413aaae
		91c805e8-0db6-42cc-88f3-c7e57c6e8089
		214999f5-396a-477b-8ba0-f647d61f3ed1
2018-11-13 00:02:58,028 17530  INFO  [7ada13] Finished processing user request with id = 7ada13fe-e393-47f2-bff0-c56d6c99d78c in 00:00:00.0328940.
2018-11-13 00:02:58,039 17540  INFO  [0fc0cd] Finished processing user request with id = 0fc0cd59-00ff-4527-942f-22cbc10131d7 in 00:00:00.0546202.
2018-11-13 00:02:58,042 17543  INFO  [fc2b2e] Started processing user request. Id = fc2b2e3d-fef8-4ce5-92c5-832e9f8d519c. Size = 41.75 KB.
2018-11-13 00:02:58,043 17544  INFO  [fc2b2e] Doing some complicated stuff.. Random numbers are: 1869194023, 1909503808, 879130997.
2018-11-13 00:02:58,043 17544  INFO  [17e5eb] Started processing user request. Id = 17e5eb9c-7912-4e9d-818a-4e2fee75d878. Size = 52.86 KB.
2018-11-13 00:02:58,044 17545  INFO  [BackgroundDaemon] Starting iteration #15478.
2018-11-13 00:02:58,052 17553  INFO  [17e5eb] Doing some complicated stuff.. Random numbers are: 835532630, 791196143, 1061471263.
2018-11-13 00:02:58,059 17560  INFO  [17e5eb] Here's some useful guids:
		ba50c43f-2311-49d7-a142-6c9c4922988a
		5546af3f-ce14-4232-af45-a4955461de2d
		3d6161bf-1685-4dd5-8d52-2d3c84ca1842
		48564db3-e108-4d10-8bd5-4cee7b330c93
		79333c12-86dc-4f2b-afdc-af975dfbe77c
2018-11-13 00:02:58,066 17567  INFO  [fc2b2e] Finished processing user request with id = fc2b2e3d-fef8-4ce5-92c5-832e9f8d519c in 00:00:00.0242446.
2018-11-13 00:02:58,071 17572  INFO  [BackgroundDaemon] Processing data (15% completed)..
2018-11-13 00:02:58,071 17572  INFO  [d8f21a] Started processing user request. Id = d8f21a5e-f08d-44b1-9235-9e1c73022af0. Size = 71.88 KB.
2018-11-13 00:02:58,072 17573  ERROR [17e5eb] 
System.InvalidOperationException: Oh no! An error occurred!
2018-11-13 00:02:58,075 17576  INFO  [d8f21a] Doing some complicated stuff.. Random numbers are: 916061135, 76097874, 424526473.
2018-11-13 00:02:58,079 17580  INFO  [6008eb] Started processing user request. Id = 6008eb53-a34e-4132-8382-371906355069. Size = 24.83 KB.
2018-11-13 00:02:58,097 17598  INFO  [6008eb] Doing some complicated stuff.. Random numbers are: 1127502981, 1725264721, 1507730515.
2018-11-13 00:02:58,101 17602  INFO  [d8f21a] Finished processing user request with id = d8f21a5e-f08d-44b1-9235-9e1c73022af0 in 00:00:00.0299289.
2018-11-13 00:02:58,127 17628  INFO  [BackgroundDaemon] Processing data (47% completed)..
2018-11-13 00:02:58,130 17631  INFO  [6008eb] Finished processing user request with id = 6008eb53-a34e-4132-8382-371906355069 in 00:00:00.0510607.
2018-11-13 00:02:58,132 17633  INFO  [b115da] Started processing user request. Id = b115dabb-e372-4d61-8689-fbcf84d8f141. Size = 73.18 KB.
2018-11-13 00:02:58,136 17637  INFO  [b115da] Doing some complicated stuff.. Random numbers are: 293911398, 1859364116, 25071639.
2018-11-13 00:02:58,144 17645  INFO  [660f8b] Started processing user request. Id = 660f8bda-5c10-42ee-891f-5eb17dad163a. Size = 44.43 KB.
2018-11-13 00:02:58,148 17649  INFO  [BackgroundDaemon] Processing data (54% completed)..
2018-11-13 00:02:58,148 17649  INFO  [BackgroundDaemon] Finished iteration in 00:00:00.1040901.
2018-11-13 00:02:58,150 17651  INFO  [660f8b] Doing some complicated stuff.. Random numbers are: 536268901, 2054104887, 1842361497.
2018-11-13 00:02:58,169 17670  INFO  [660f8b] Here's some useful guids:
		4888dd18-9fad-46de-acac-a2b5cb4f0787
		f47dbde3-98a2-42b5-b026-466e9797cdcf
		13001a08-3d31-4a9b-adc6-1c6cab4502ac
		1e7e9e7d-9a07-4fb9-acb9-1e4eecef3936
2018-11-13 00:02:58,172 17673  INFO  [b115da] Here's some useful guids:
		2865619c-a41f-4bbe-9c18-42039f1f25c4
		ade6c174-cbf7-476b-acf2-31cf4a945c8e
		a1251c27-e18a-4cd6-8d61-0b16db88f1f9
		b53ff1bd-4ff9-4634-9beb-927981ef6e7d
		3301b390-a770-41bd-be4f-10aa87d6fc33
2018-11-13 00:02:58,177 17678  INFO  [b115da] Finished processing user request with id = b115dabb-e372-4d61-8689-fbcf84d8f141 in 00:00:00.0451840.
2018-11-13 00:02:58,191 17692  INFO  [660f8b] Finished processing user request with id = 660f8bda-5c10-42ee-891f-5eb17dad163a in 00:00:00.0470904.
2018-11-13 00:02:58,204 17705  INFO  [bd0d38] Started processing user request. Id = bd0d38f4-df79-45a1-b368-497cdaddd9e6. Size = 75.6 KB.
2018-11-13 00:02:58,209 17710  INFO  [29c52d] Started processing user request. Id = 29c52d17-f90f-417c-8181-e01c8bac1f02. Size = 68.85 KB.
2018-11-13 00:02:58,215 17716  INFO  [bd0d38] Doing some complicated stuff.. Random numbers are: 1276064643, 1749571862, 898840969.
2018-11-13 00:02:58,226 17727  INFO  [29c52d] Doing some complicated stuff.. Random numbers are: 1018287625, 413078434, 339099761.
2018-11-13 00:02:58,234 17735  INFO  [bd0d38] Finished processing user request with id = bd0d38f4-df79-45a1-b368-497cdaddd9e6 in 00:00:00.0300134.
2018-11-13 00:02:58,239 17740  INFO  [7beb69] Started processing user request. Id = 7beb69fd-b153-459c-82bc-7cdc09b81dce. Size = 58.03 KB.
2018-11-13 00:02:58,247 17748  INFO  [2ea27a] Started processing user request. Id = 2ea27a21-a600-4040-8b2e-16f0d7422082. Size = 33.99 KB.
2018-11-13 00:02:58,254 17756  INFO  [2ea27a] Doing some complicated stuff.. Random numbers are: 864556175, 1220489453, 1802476563.
2018-11-13 00:02:58,254 17756  INFO  [7beb69] Doing some complicated stuff.. Random numbers are: 1524225593, 2102713098, 1731608461.
2018-11-13 00:02:58,261 17763  INFO  [29c52d] Finished processing user request with id = 29c52d17-f90f-417c-8181-e01c8bac1f02 in 00:00:00.0526762.
2018-11-13 00:02:58,275 17776  INFO  [2ea27a] Finished processing user request with id = 2ea27a21-a600-4040-8b2e-16f0d7422082 in 00:00:00.0279322.
2018-11-13 00:02:58,288 17789  INFO  [7beb69] Finished processing user request with id = 7beb69fd-b153-459c-82bc-7cdc09b81dce in 00:00:00.0492264.
2018-11-13 00:02:58,288 17789  INFO  [b5c54a] Started processing user request. Id = b5c54a2a-ef84-4a27-bb34-94ec972dbcb1. Size = 82.25 KB.
2018-11-13 00:02:58,292 17793  INFO  [Metrics] Cpu: 1.64%; Memory: 19.79 GB/31.88 GB; Workers: 4/1024; IOCP: 0/1024
2018-11-13 00:02:58,293 17794  INFO  [3c8cff] Started processing user request. Id = 3c8cff30-7511-46ea-b490-07e44a63044b. Size = 70.4 KB.
2018-11-13 00:02:58,298 17799  INFO  [b5c54a] Doing some complicated stuff.. Random numbers are: 785295180, 1867315022, 909349735.
2018-11-13 00:02:58,302 17803  INFO  [3c8cff] Doing some complicated stuff.. Random numbers are: 284087799, 315579067, 891456515.
2018-11-13 00:02:58,316 17817  INFO  [b5c54a] Here's some useful guids:
		b4f63336-5c78-46a6-9d6c-5d45851310cd
		84ed9cd9-0b3b-42ce-934a-8231c876d3c6
		fda9775e-f176-4956-a259-5538482a1b79
		0e3336a8-085d-4eb3-8cc3-6f461fa7a2b2
		b8819cf4-127d-403e-a877-1532a0afda90
2018-11-13 00:02:58,331 17832  INFO  [b5c54a] Finished processing user request with id = b5c54a2a-ef84-4a27-bb34-94ec972dbcb1 in 00:00:00.0432154.
2018-11-13 00:02:58,338 17839  INFO  [3c8cff] Finished processing user request with id = 3c8cff30-7511-46ea-b490-07e44a63044b in 00:00:00.0457089.
2018-11-13 00:02:58,345 17846  INFO  [d875ef] Started processing user request. Id = d875efc1-7fb6-462b-8ab5-9e64aaa698e8. Size = 21.04 KB.
2018-11-13 00:02:58,348 17849  INFO  [BackgroundDaemon] Starting iteration #15479.
2018-11-13 00:02:58,352 17854  INFO  [d875ef] Doing some complicated stuff.. Random numbers are: 890953549, 1677513670, 903559863.
2018-11-13 00:02:58,370 17871  INFO  [c1c7f6] Started processing user request. Id = c1c7f6a7-8e4e-494a-bb43-2e1445ed50ef. Size = 1.82 KB.
2018-11-13 00:02:58,382 17883  INFO  [c1c7f6] Doing some complicated stuff.. Random numbers are: 1334630972, 1233755931, 902782412.
2018-11-13 00:02:58,389 17890  INFO  [d875ef] Finished processing user request with id = d875efc1-7fb6-462b-8ab5-9e64aaa698e8 in 00:00:00.0439538.
2018-11-13 00:02:58,402 17903  INFO  [3a7bf3] Started processing user request. Id = 3a7bf350-4ddf-46c3-90d6-0b7de3f4208a. Size = 3.71 KB.
2018-11-13 00:02:58,405 17906  INFO  [3a7bf3] Doing some complicated stuff.. Random numbers are: 1413170131, 267514560, 1401850657.
2018-11-13 00:02:58,417 17918  INFO  [c1c7f6] Here's some useful guids:
		74b1b265-c872-4a52-b45c-2fb87fc37230
		84929140-5f84-4de5-972d-48622359c205
		ccb0d2bf-1342-44f8-9f49-e061d38b7d35
		710e104b-ed4b-4fd1-8258-70d5a0505d04
2018-11-13 00:02:58,423 17924  INFO  [c1c7f6] Finished processing user request with id = c1c7f6a7-8e4e-494a-bb43-2e1445ed50ef in 00:00:00.0538090.
2018-11-13 00:02:58,424 17926  INFO  [BackgroundDaemon] Processing data (15% completed)..
2018-11-13 00:02:58,442 17943  INFO  [3a7bf3] Finished processing user request with id = 3a7bf350-4ddf-46c3-90d6-0b7de3f4208a in 00:00:00.0391850.
2018-11-13 00:02:58,453 17954  INFO  [BackgroundDaemon] Processing data (25% completed)..
2018-11-13 00:02:58,455 17956  INFO  [faec97] Started processing user request. Id = faec973b-e123-4473-a087-c095987daac2. Size = 70 KB.
2018-11-13 00:02:58,455 17956  INFO  [4387f3] Started processing user request. Id = 4387f353-4c80-4cec-9a1a-3fa437ac5531. Size = 48.45 KB.
2018-11-13 00:02:58,455 17956  INFO  [fc1794] Started processing user request. Id = fc179430-04f4-48a4-b7e4-f7e757983e32. Size = 56.51 KB.
2018-11-13 00:02:58,459 17960  INFO  [4387f3] Doing some complicated stuff.. Random numbers are: 2006228026, 1581163636, 472021377.
2018-11-13 00:02:58,463 17965  INFO  [faec97] Doing some complicated stuff.. Random numbers are: 1238386629, 84848460, 680383197.
2018-11-13 00:02:58,473 17974  INFO  [fc1794] Doing some complicated stuff.. Random numbers are: 968244527, 911870758, 1541945562.
2018-11-13 00:02:58,475 17976  INFO  [BackgroundDaemon] Processing data (71% completed)..
2018-11-13 00:02:58,475 17976  INFO  [BackgroundDaemon] Finished iteration in 00:00:00.1270095.
2018-11-13 00:02:58,481 17982  INFO  [faec97] Finished processing user request with id = faec973b-e123-4473-a087-c095987daac2 in 00:00:00.0260249.
2018-11-13 00:02:58,494 17996  INFO  [27f861] Started processing user request. Id = 27f8614a-4bfd-4273-b3ee-137282416068. Size = 88.41 KB.
2018-11-13 00:02:58,497 17998  INFO  [27f861] Doing some complicated stuff.. Random numbers are: 275876702, 1642452478, 1237510017.
2018-11-13 00:02:58,506 18008  INFO  [4387f3] Finished processing user request with id = 4387f353-4c80-4cec-9a1a-3fa437ac5531 in 00:00:00.0510144.
2018-11-13 00:02:58,522 18024  INFO  [27f861] Here's some useful guids:
		aaf6d281-f9e2-48d0-aef5-2b53d1811425
		d4430e95-4abd-4415-8bc0-b2619dcc4033
2018-11-13 00:02:58,526 18028  INFO  [fc1794] Finished processing user request with id = fc179430-04f4-48a4-b7e4-f7e757983e32 in 00:00:00.0711037.
2018-11-13 00:02:58,538 18039  INFO  [a52cb1] Started processing user request. Id = a52cb1b6-cdac-40a2-9542-8914bf596f11. Size = 735 B.
2018-11-13 00:02:58,544 18045  ERROR [27f861] 
System.InvalidOperationException: Oh no! An error occurred!
2018-11-13 00:02:58,544 18045  INFO  [a52cb1] Doing some complicated stuff.. Random numbers are: 718892401, 836504043, 1926351003.
2018-11-13 00:02:58,558 18059  INFO  [d26165] Started processing user request. Id = d2616585-7cdb-4b1c-9c9c-2e1c4dcae50c. Size = 60.3 KB.
2018-11-13 00:02:58,558 18059  INFO  [a52cb1] Here's some useful guids:
		40903976-34d5-4ebf-a225-d20ccd00d766
		25b06c5f-d78a-4b93-a99a-f7c70f73207e
		7c987ef2-b29a-495e-90bc-6ef8313d2bd5
		48c80670-b491-40b4-8d0c-9d7be4e020fd
2018-11-13 00:02:58,576 18077  INFO  [a52cb1] Finished processing user request with id = a52cb1b6-cdac-40a2-9542-8914bf596f11 in 00:00:00.0386806.
2018-11-13 00:02:58,577 18078  INFO  [d26165] Doing some complicated stuff.. Random numbers are: 1637893072, 45458503, 564601828.
2018-11-13 00:02:58,583 18085  INFO  [d26165] Here's some useful guids:
		d68858b2-8818-4ddc-be6a-ac547c046443
2018-11-13 00:02:58,588 18090  INFO  [d26165] Finished processing user request with id = d2616585-7cdb-4b1c-9c9c-2e1c4dcae50c in 00:00:00.0309362.
2018-11-13 00:02:58,602 18103  INFO  [4b5a98] Started processing user request. Id = 4b5a98f1-cb70-40d5-80e5-831d57ed9421. Size = 69.97 KB.
2018-11-13 00:02:58,608 18109  INFO  [e8503b] Started processing user request. Id = e8503b89-29b3-4875-8931-303a6126bc87. Size = 70.83 KB.
2018-11-13 00:02:58,608 18109  INFO  [4b5a98] Doing some complicated stuff.. Random numbers are: 1701212732, 112685478, 2146984256.
2018-11-13 00:02:58,610 18111  INFO  [e8503b] Doing some complicated stuff.. Random numbers are: 320804504, 1612317708, 1519810011.
2018-11-13 00:02:58,614 18115  INFO  [4b5a98] Here's some useful guids:
		a7099948-3ad4-4f11-a29b-15980c4a7c91
		1befe1c7-fed4-4872-8501-da32c2abaecb
		742c1df3-f9ee-4d86-8403-9746afed74d1
		b013a0fa-4870-43c7-a1c6-8b75421f5cb5
		05492cc1-c865-4fc0-a153-a3a93d93542d
2018-11-13 00:02:58,619 18121  INFO  [4b5a98] Finished processing user request with id = 4b5a98f1-cb70-40d5-80e5-831d57ed9421 in 00:00:00.0172271.
2018-11-13 00:02:58,633 18135  INFO  [30bc6d] Started processing user request. Id = 30bc6dbe-ff7f-4a49-877b-e0cd5fcde716. Size = 17.52 KB.
2018-11-13 00:02:58,653 18154  INFO  [30bc6d] Doing some complicated stuff.. Random numbers are: 349025781, 2116784001, 1970116447.
2018-11-13 00:02:58,675 18177  INFO  [BackgroundDaemon] Starting iteration #15480.
2018-11-13 00:02:58,675 18177  INFO  [e8503b] Finished processing user request with id = e8503b89-29b3-4875-8931-303a6126bc87 in 00:00:00.0672331.
2018-11-13 00:02:58,694 18195  INFO  [f01afb] Started processing user request. Id = f01afbc7-eb34-48a4-b662-3705a379d34c. Size = 62.53 KB.
2018-11-13 00:02:58,700 18201  INFO  [30bc6d] Finished processing user request with id = 30bc6dbe-ff7f-4a49-877b-e0cd5fcde716 in 00:00:00.0669064.
2018-11-13 00:02:58,707 18208  INFO  [811db1] Started processing user request. Id = 811db19a-eac0-462e-8259-24bb3ae68f35. Size = 46.75 KB.
2018-11-13 00:02:58,714 18215  INFO  [43449e] Started processing user request. Id = 43449e27-776b-40c4-95f7-2cda0ac8609f. Size = 1.91 KB.
2018-11-13 00:02:58,714 18215  INFO  [43449e] Doing some complicated stuff.. Random numbers are: 928253318, 1850053425, 1502915175.
2018-11-13 00:02:58,714 18215  INFO  [f01afb] Doing some complicated stuff.. Random numbers are: 1287435309, 1314455362, 2120993404.
2018-11-13 00:02:58,718 18219  INFO  [811db1] Doing some complicated stuff.. Random numbers are: 1990809874, 1014664107, 1033276378.
2018-11-13 00:02:58,718 18219  INFO  [BackgroundDaemon] Processing data (15% completed)..
2018-11-13 00:02:58,741 18242  INFO  [f01afb] Finished processing user request with id = f01afbc7-eb34-48a4-b662-3705a379d34c in 00:00:00.0470494.
2018-11-13 00:02:58,745 18246  INFO  [43449e] Here's some useful guids:
		863a2059-af5e-4181-96bb-8c5a52037537
		f4b42005-d1ae-4f7d-ac5d-5bb3cec12514
		2607ca31-721f-4293-bd4c-f68a7aae709b
		565a620b-90f4-49ab-8fa6-149912ebd4ca
		d1a60f37-e1a5-441f-9145-1def7685b875
2018-11-13 00:02:58,749 18250  INFO  [811db1] Finished processing user request with id = 811db19a-eac0-462e-8259-24bb3ae68f35 in 00:00:00.0421377.
2018-11-13 00:02:58,756 18257  INFO  [43449e] Finished processing user request with id = 43449e27-776b-40c4-95f7-2cda0ac8609f in 00:00:00.0421055.
2018-11-13 00:02:58,769 18270  INFO  [61ba61] Started processing user request. Id = 61ba61ba-b478-41c7-92eb-2bd97d4d3e6e. Size = 86.36 KB.
2018-11-13 00:02:58,773 18274  INFO  [61ba61] Doing some complicated stuff.. Random numbers are: 225437337, 1310286140, 1913574299.
2018-11-13 00:02:58,778 18279  INFO  [BackgroundDaemon] Processing data (46% completed)..
2018-11-13 00:02:58,780 18281  INFO  [54df06] Started processing user request. Id = 54df06b6-4efe-4548-afef-0df544de998e. Size = 72.22 KB.
2018-11-13 00:02:58,787 18288  INFO  [61ba61] Finished processing user request with id = 61ba61ba-b478-41c7-92eb-2bd97d4d3e6e in 00:00:00.0178981.
2018-11-13 00:02:58,791 18292  INFO  [Metrics] Cpu: 1.09%; Memory: 19.79 GB/31.88 GB; Workers: 4/1024; IOCP: 0/1024
2018-11-13 00:02:58,799 18300  INFO  [54df06] Doing some complicated stuff.. Random numbers are: 1016432200, 1096445803, 272125930.
2018-11-13 00:02:58,800 18301  INFO  [524e45] Started processing user request. Id = 524e4533-4230-47ae-b567-79d65c5053dd. Size = 75.09 KB.
2018-11-13 00:02:58,808 18309  INFO  [524e45] Doing some complicated stuff.. Random numbers are: 1164419202, 464786220, 97999590.
2018-11-13 00:02:58,823 18324  INFO  [54df06] Here's some useful guids:
		383c378c-87be-4d8c-9d2f-c707967b2bf0
		1eb9e92f-3ab3-40fd-8a7f-fda0cbd8941d
2018-11-13 00:02:58,843 18344  INFO  [54df06] Finished processing user request with id = 54df06b6-4efe-4548-afef-0df544de998e in 00:00:00.0628130.
2018-11-13 00:02:58,852 18354  INFO  [524e45] Finished processing user request with id = 524e4533-4230-47ae-b567-79d65c5053dd in 00:00:00.0522991.
2018-11-13 00:02:58,866 18367  INFO  [0e8ad7] Started processing user request. Id = 0e8ad71a-c6ad-47f4-b0dc-3d7285e82d30. Size = 76.26 KB.
2018-11-13 00:02:58,869 18370  INFO  [0e8ad7] Doing some complicated stuff.. Random numbers are: 571446026, 1351403728, 1839178217.
2018-11-13 00:02:58,874 18375  INFO  [28bde8] Started processing user request. Id = 28bde8ca-48c4-4e42-8f35-09715390a58c. Size = 71.1 KB.
2018-11-13 00:02:58,877 18378  INFO  [BackgroundDaemon] Processing data (81% completed)..
2018-11-13 00:02:58,877 18378  INFO  [BackgroundDaemon] Finished iteration in 00:00:00.2017973.
2018-11-13 00:02:58,878 18379  INFO  [28bde8] Doing some complicated stuff.. Random numbers are: 893314494, 544612411, 1399998219.
2018-11-13 00:02:58,893 18394  INFO  [0e8ad7] Here's some useful guids:
		50e0d3ae-265b-4a44-9a16-d73d61234786
		ab6bc667-d56e-4dfd-82e8-da08361cb7fd
2018-11-13 00:02:58,902 18403  INFO  [0e8ad7] Finished processing user request with id = 0e8ad71a-c6ad-47f4-b0dc-3d7285e82d30 in 00:00:00.0360939.
2018-11-13 00:02:58,903 18404  INFO  [28bde8] Here's some useful guids:
		31e3e337-d3a0-4bba-a10b-97f1104d996c
		110cf20d-94db-4d1a-bdba-265300fee19b
2018-11-13 00:02:58,908 18409  INFO  [45e67d] Started processing user request. Id = 45e67d69-0563-432b-be18-71c53d6e6057. Size = 79.93 KB.
2018-11-13 00:02:58,911 18412  INFO  [45e67d] Doing some complicated stuff.. Random numbers are: 312433884, 844770195, 525311887.
2018-11-13 00:02:58,913 18414  INFO  [28bde8] Finished processing user request with id = 28bde8ca-48c4-4e42-8f35-09715390a58c in 00:00:00.0390234.
2018-11-13 00:02:58,915 18416  INFO  [567bba] Started processing user request. Id = 567bba11-0d2d-4ec7-b167-e6fd2cf0c14b. Size = 9.06 KB.
2018-11-13 00:02:58,921 18422  INFO  [567bba] Doing some complicated stuff.. Random numbers are: 2000361793, 383546329, 1518607690.
2018-11-13 00:02:58,939 18440  INFO  [45e67d] Finished processing user request with id = 45e67d69-0563-432b-be18-71c53d6e6057 in 00:00:00.0311934.
2018-11-13 00:02:58,944 18446  INFO  [fb61e9] Started processing user request. Id = fb61e971-7ba1-4406-b175-0e97f8c21b07. Size = 22.23 KB.
2018-11-13 00:02:58,944 18446  INFO  [567bba] Here's some useful guids:
		9059965e-4b20-4446-a90c-273237df1d60
		d61bedd8-24ff-439d-a32b-c5828fcfc810
		c405029b-896a-4c9b-a4f9-118f06aff93b
		3c02ce54-10e0-4fb4-8170-9e147ccdac24
		8c66de73-176f-4fd7-8778-64d7142154d2
2018-11-13 00:02:58,947 18449  INFO  [567bba] Finished processing user request with id = 567bba11-0d2d-4ec7-b167-e6fd2cf0c14b in 00:00:00.0321943.
2018-11-13 00:02:58,960 18461  INFO  [fb61e9] Doing some complicated stuff.. Random numbers are: 1420855943, 1745013798, 1669659874.
2018-11-13 00:02:58,961 18462  INFO  [39d53f] Started processing user request. Id = 39d53f6a-d073-4b90-baa7-9be900416bd6. Size = 26.64 KB.
2018-11-13 00:02:58,971 18472  INFO  [fb61e9] Finished processing user request with id = fb61e971-7ba1-4406-b175-0e97f8c21b07 in 00:00:00.0267686.
2018-11-13 00:02:58,978 18480  INFO  [39d53f] Doing some complicated stuff.. Random numbers are: 662600928, 1436407906, 975666903.
2018-11-13 00:02:58,999 18500  INFO  [39d53f] Here's some useful guids:
		c7320cfd-9769-4f97-9690-6dc86a9e1e4e
		0c4c6651-bbdd-4935-8830-2bd5dbf59e73
		71123d6f-a835-4c67-b906-978314f958f4
2018-11-13 00:02:59,003 18504  INFO  [ea1566] Started processing user request. Id = ea1566f4-c813-449d-bd16-ed0a27a13d1a. Size = 83.78 KB.
2018-11-13 00:02:59,003 18504  INFO  [ea1566] Doing some complicated stuff.. Random numbers are: 371475528, 1839383217, 475195040.
2018-11-13 00:02:59,022 18523  INFO  [39d53f] Finished processing user request with id = 39d53f6a-d073-4b90-baa7-9be900416bd6 in 00:00:00.0610857.
2018-11-13 00:02:59,035 18537  INFO  [af0684] Started processing user request. Id = af068422-99f0-4ca5-8afc-d0ceb49c8eaa. Size = 21.1 KB.
2018-11-13 00:02:59,054 18555  INFO  [af0684] Doing some complicated stuff.. Random numbers are: 376888791, 534651932, 372578528.
2018-11-13 00:02:59,056 18557  INFO  [ea1566] Finished processing user request with id = ea1566f4-c813-449d-bd16-ed0a27a13d1a in 00:00:00.0529856.
2018-11-13 00:02:59,065 18566  INFO  [af0684] Here's some useful guids:
		a3d14b66-d585-4ccf-931d-17e20606d30b
		0d3e01d7-366c-4b04-9f1b-7346f4d420d6
2018-11-13 00:02:59,074 18575  INFO  [af0684] Finished processing user request with id = af068422-99f0-4ca5-8afc-d0ceb49c8eaa in 00:00:00.0382076.
2018-11-13 00:02:59,078 18579  INFO  [BackgroundDaemon] Starting iteration #15481.
2018-11-13 00:02:59,087 18588  INFO  [b4b487] Started processing user request. Id = b4b48782-dbae-430d-ae13-8cf29856c02b. Size = 91.58 KB.
2018-11-13 00:02:59,088 18589  INFO  [b567ed] Started processing user request. Id = b567ed4f-4aba-4e8d-8b3a-c25b17560235. Size = 44.13 KB.
2018-11-13 00:02:59,097 18598  INFO  [b4b487] Doing some complicated stuff.. Random numbers are: 1278011497, 679232763, 637110060.
2018-11-13 00:02:59,098 18599  INFO  [b567ed] Doing some complicated stuff.. Random numbers are: 1774660299, 383215556, 505933986.
2018-11-13 00:02:59,107 18608  INFO  [119f2e] Started processing user request. Id = 119f2e87-9dc0-49d8-b990-7b6ad8478790. Size = 32.28 KB.
2018-11-13 00:02:59,108 18609  INFO  [BackgroundDaemon] Processing data (4% completed)..
2018-11-13 00:02:59,110 18612  INFO  [b4b487] Here's some useful guids:
		bd4000d1-79b5-4f2c-bfd5-73a443bc800b
		e7db1856-22b2-4191-aedb-3970cca2133b
		adc6401d-90b5-4cc9-83d7-39446bfd008d
		74da76e2-046c-4478-b63d-446e59c30e75
		127e193b-ad9a-4f6d-b214-6aa1fd823da1
2018-11-13 00:02:59,112 18614  INFO  [b4b487] Finished processing user request with id = b4b48782-dbae-430d-ae13-8cf29856c02b in 00:00:00.0258536.
2018-11-13 00:02:59,125 18626  INFO  [119f2e] Doing some complicated stuff.. Random numbers are: 1352090749, 1154743136, 448754342.
2018-11-13 00:02:59,140 18641  INFO  [b567ed] Finished processing user request with id = b567ed4f-4aba-4e8d-8b3a-c25b17560235 in 00:00:00.0527850.
2018-11-13 00:02:59,144 18645  INFO  [34d77f] Started processing user request. Id = 34d77f7d-169b-4a6d-b010-3776df80ccdc. Size = 27 KB.
2018-11-13 00:02:59,154 18656  INFO  [89971d] Started processing user request. Id = 89971d5e-4b13-469c-be67-eb887cd1b5fe. Size = 62.61 KB.
2018-11-13 00:02:59,160 18662  INFO  [34d77f] Doing some complicated stuff.. Random numbers are: 2111802166, 48080730, 815566320.
2018-11-13 00:02:59,171 18672  INFO  [89971d] Doing some complicated stuff.. Random numbers are: 1641421504, 1459044945, 520856120.
2018-11-13 00:02:59,176 18677  INFO  [119f2e] Finished processing user request with id = 119f2e87-9dc0-49d8-b990-7b6ad8478790 in 00:00:00.0681882.
2018-11-13 00:02:59,193 18694  INFO  [34d77f] Finished processing user request with id = 34d77f7d-169b-4a6d-b010-3776df80ccdc in 00:00:00.0490549.
2018-11-13 00:02:59,199 18700  INFO  [BackgroundDaemon] Processing data (25% completed)..
2018-11-13 00:02:59,216 18718  INFO  [89971d] Finished processing user request with id = 89971d5e-4b13-469c-be67-eb887cd1b5fe in 00:00:00.0619734.
2018-11-13 00:02:59,224 18725  INFO  [957e72] Started processing user request. Id = 957e72a2-4f33-4e42-bf80-b79d2af07af0. Size = 64.85 KB.
2018-11-13 00:02:59,230 18731  INFO  [cd01ca] Started processing user request. Id = cd01ca77-0258-4638-a2a8-3409e4ca78f1. Size = 17.17 KB.
2018-11-13 00:02:59,237 18738  INFO  [cd01ca] Doing some complicated stuff.. Random numbers are: 1112713907, 1467364569, 1184816076.
2018-11-13 00:02:59,239 18740  INFO  [957e72] Doing some complicated stuff.. Random numbers are: 1983910590, 2028069096, 161926556.
2018-11-13 00:02:59,269 18771  INFO  [957e72] Finished processing user request with id = 957e72a2-4f33-4e42-bf80-b79d2af07af0 in 00:00:00.0451635.
2018-11-13 00:02:59,272 18774  INFO  [cd01ca] Here's some useful guids:
		e905d48c-bd49-489c-ad4d-8b1b96f3d0e4
2018-11-13 00:02:59,276 18777  INFO  [cd01ca] Finished processing user request with id = cd01ca77-0258-4638-a2a8-3409e4ca78f1 in 00:00:00.0456916.
2018-11-13 00:02:59,289 18790  INFO  [fff84e] Started processing user request. Id = fff84e28-2ac7-4a22-a55e-7f69fac3236d. Size = 513 B.
2018-11-13 00:02:59,290 18791  INFO  [BackgroundDaemon] Processing data (51% completed)..
2018-11-13 00:02:59,290 18791  INFO  [BackgroundDaemon] Finished iteration in 00:00:00.2125807.
2018-11-13 00:02:59,290 18791  INFO  [Metrics] Cpu: 1.09%; Memory: 19.79 GB/31.88 GB; Workers: 4/1024; IOCP: 0/1024
2018-11-13 00:02:59,297 18798  INFO  [fff84e] Doing some complicated stuff.. Random numbers are: 1139881624, 95377326, 1183565191.
2018-11-13 00:02:59,301 18802  INFO  [7c3d53] Started processing user request. Id = 7c3d5325-ddc1-4812-96f7-a6cc6db9ad2f. Size = 37.71 KB.
2018-11-13 00:02:59,305 18806  INFO  [7c3d53] Doing some complicated stuff.. Random numbers are: 789257368, 2042310653, 74082620.
2018-11-13 00:02:59,316 18818  INFO  [7c3d53] Here's some useful guids:
		6580b03c-d671-4eee-8b6d-6bed6be64840
		0c3c5260-1462-4109-b572-9cad04607382
		f8914460-3907-480c-aa1e-df697a210950
		d649a17e-d593-4a28-8dae-82b0587adddf
2018-11-13 00:02:59,341 18842  ERROR [7c3d53] 
System.InvalidOperationException: Oh no! An error occurred!
2018-11-13 00:02:59,341 18842  INFO  [fff84e] Finished processing user request with id = fff84e28-2ac7-4a22-a55e-7f69fac3236d in 00:00:00.0513126.
2018-11-13 00:02:59,344 18845  INFO  [731aba] Started processing user request. Id = 731aba27-6d7b-40b9-bba3-8bd4e39d86a6. Size = 8.61 KB.
2018-11-13 00:02:59,344 18845  INFO  [731aba] Doing some complicated stuff.. Random numbers are: 1441070715, 1356999894, 2088255688.
2018-11-13 00:02:59,355 18856  INFO  [566368] Started processing user request. Id = 566368ac-c9cf-4ea9-be70-7861826b9b17. Size = 12.77 KB.
2018-11-13 00:02:59,360 18861  INFO  [731aba] Here's some useful guids:
		8018795d-7c80-4a26-8b6c-2c700e5a3401
2018-11-13 00:02:59,364 18865  INFO  [566368] Doing some complicated stuff.. Random numbers are: 1357039031, 1448070312, 1749113440.
2018-11-13 00:02:59,372 18873  INFO  [f81c61] Started processing user request. Id = f81c6146-c355-4de2-8f75-c4ba5388381a. Size = 45.06 KB.
2018-11-13 00:02:59,373 18874  INFO  [731aba] Finished processing user request with id = 731aba27-6d7b-40b9-bba3-8bd4e39d86a6 in 00:00:00.0297055.
2018-11-13 00:02:59,379 18880  INFO  [f81c61] Doing some complicated stuff.. Random numbers are: 1451677051, 1913905607, 306000609.
2018-11-13 00:02:59,389 18890  INFO  [566368] Here's some useful guids:
		7f811c3d-0be6-4006-a075-6a1aff79ab9b
		b5e39264-3ee4-455b-9868-7e291eaa6b83
		1e826bad-ad72-42c5-b04f-ed79f2199cde
		17731ab3-4e8e-4d35-bc7c-ca328e5a3535
2018-11-13 00:02:59,403 18904  INFO  [566368] Finished processing user request with id = 566368ac-c9cf-4ea9-be70-7861826b9b17 in 00:00:00.0478713.
2018-11-13 00:02:59,417 18918  INFO  [896422] Started processing user request. Id = 896422c7-2068-4cc6-95d1-8d2c212c1a68. Size = 91.56 KB.
2018-11-13 00:02:59,420 18921  INFO  [f81c61] Finished processing user request with id = f81c6146-c355-4de2-8f75-c4ba5388381a in 00:00:00.0481241.
2018-11-13 00:02:59,431 18932  INFO  [896422] Doing some complicated stuff.. Random numbers are: 590918307, 1052767004, 967300655.
2018-11-13 00:02:59,451 18953  INFO  [2c1055] Started processing user request. Id = 2c10556c-cb6f-4490-975f-7fd467710d08. Size = 96.36 KB.
2018-11-13 00:02:59,464 18965  INFO  [896422] Finished processing user request with id = 896422c7-2068-4cc6-95d1-8d2c212c1a68 in 00:00:00.0473617.
2018-11-13 00:02:59,467 18968  INFO  [2c1055] Doing some complicated stuff.. Random numbers are: 1722479645, 1427340177, 1945687239.
2018-11-13 00:02:59,477 18978  INFO  [1f0b02] Started processing user request. Id = 1f0b0215-3e48-409e-9a62-0c8a2c1d986c. Size = 96.98 KB.
2018-11-13 00:02:59,490 18991  INFO  [BackgroundDaemon] Starting iteration #15482.
2018-11-13 00:02:59,495 18996  INFO  [1f0b02] Doing some complicated stuff.. Random numbers are: 2068084170, 193653239, 1598436958.
2018-11-13 00:02:59,499 19000  INFO  [2c1055] Finished processing user request with id = 2c10556c-cb6f-4490-975f-7fd467710d08 in 00:00:00.0478517.
2018-11-13 00:02:59,501 19002  INFO  [1f0b02] Here's some useful guids:
		4e2598f3-c627-4aa4-a28c-1c88df68f18f
		289e44ad-4560-434c-afc9-52226dd8090c
		718b56c8-b0c9-4639-9887-5134dc090582
2018-11-13 00:02:59,505 19006  INFO  [1f0b02] Finished processing user request with id = 1f0b0215-3e48-409e-9a62-0c8a2c1d986c in 00:00:00.0282351.
2018-11-13 00:02:59,519 19020  INFO  [BackgroundDaemon] Processing data (18% completed)..
2018-11-13 00:02:59,519 19020  INFO  [0d9059] Started processing user request. Id = 0d90590b-1b6d-42cc-8cf0-a826e980cd5d. Size = 20.92 KB.
2018-11-13 00:02:59,522 19023  INFO  [0d9059] Doing some complicated stuff.. Random numbers are: 668526627, 1752921576, 1816871670.
2018-11-13 00:02:59,531 19032  INFO  [fea91f] Started processing user request. Id = fea91ffe-4f7e-40fc-9afa-ddf4331683b3. Size = 58.98 KB.
2018-11-13 00:02:59,540 19042  INFO  [99d05a] Started processing user request. Id = 99d05a2e-43bd-41c1-95dc-9e6681baa3b6. Size = 96.1 KB.
2018-11-13 00:02:59,541 19043  INFO  [fea91f] Doing some complicated stuff.. Random numbers are: 1548436429, 1001851164, 281152046.
2018-11-13 00:02:59,542 19044  INFO  [BackgroundDaemon] Processing data (20% completed)..
2018-11-13 00:02:59,548 19049  INFO  [0d9059] Here's some useful guids:
		60dbdde7-38eb-4c78-b7a2-c73ba3f48293
		180e3b36-ef61-4c1d-93c6-fa0f7fafc0e3
		db109b30-a1e4-46c1-956c-151da712f099
2018-11-13 00:02:59,557 19058  INFO  [99d05a] Doing some complicated stuff.. Random numbers are: 626610316, 496570400, 1069011236.
2018-11-13 00:02:59,569 19070  INFO  [0d9059] Finished processing user request with id = 0d90590b-1b6d-42cc-8cf0-a826e980cd5d in 00:00:00.0494569.
2018-11-13 00:02:59,580 19081  INFO  [99d05a] Finished processing user request with id = 99d05a2e-43bd-41c1-95dc-9e6681baa3b6 in 00:00:00.0392677.
2018-11-13 00:02:59,582 19083  INFO  [19732e] Started processing user request. Id = 19732e61-7fa1-465a-bbdc-81e4bfc5d38f. Size = 4.04 KB.
2018-11-13 00:02:59,590 19091  INFO  [19732e] Doing some complicated stuff.. Random numbers are: 554123136, 1642351607, 1885308882.
2018-11-13 00:02:59,590 19091  ERROR [fea91f] 
System.InvalidOperationException: Oh no! An error occurred!
2018-11-13 00:02:59,614 19115  INFO  [BackgroundDaemon] Processing data (69% completed)..
2018-11-13 00:02:59,614 19115  INFO  [BackgroundDaemon] Finished iteration in 00:00:00.1231471.
2018-11-13 00:02:59,618 19119  ERROR [19732e] 
System.InvalidOperationException: Oh no! An error occurred!
2018-11-13 00:02:59,621 19122  INFO  [eb1f1a] Started processing user request. Id = eb1f1af7-529f-4f48-ad32-c5d9c03d1dcf. Size = 31.81 KB.
2018-11-13 00:02:59,631 19132  INFO  [f8f270] Started processing user request. Id = f8f270c3-03ae-4715-81a4-736173d74174. Size = 7.89 KB.
2018-11-13 00:02:59,638 19139  INFO  [eb1f1a] Doing some complicated stuff.. Random numbers are: 1496337034, 1272515264, 1247372232.
2018-11-13 00:02:59,650 19152  INFO  [f8f270] Doing some complicated stuff.. Random numbers are: 1221217573, 1254355926, 354162693.
2018-11-13 00:02:59,664 19165  ERROR [eb1f1a] 
System.InvalidOperationException: Oh no! An error occurred!
2018-11-13 00:02:59,680 19181  INFO  [f8f270] Here's some useful guids:
		f2108aab-0f13-4090-8dc2-e03706845550
2018-11-13 00:02:59,691 19192  INFO  [f8f270] Finished processing user request with id = f8f270c3-03ae-4715-81a4-736173d74174 in 00:00:00.0601010.
2018-11-13 00:02:59,695 19197  INFO  [48acec] Started processing user request. Id = 48acec66-9ff3-4f32-83d9-edd01d8f1e5c. Size = 96.65 KB.
2018-11-13 00:02:59,705 19206  INFO  [e27055] Started processing user request. Id = e270552a-9b70-4479-8552-848e45beeabe. Size = 51.36 KB.
2018-11-13 00:02:59,712 19213  INFO  [48acec] Doing some complicated stuff.. Random numbers are: 1677909981, 1352342760, 580358556.
2018-11-13 00:02:59,716 19217  INFO  [e27055] Doing some complicated stuff.. Random numbers are: 491383089, 116686902, 1996686868.
2018-11-13 00:02:59,725 19226  INFO  [e27055] Here's some useful guids:
		1b8a0bc0-6672-412a-a6b2-b0e3fe10c519
		b0d5c276-a009-4df6-b8ee-bbb5bb075f56
		55eb4784-509b-4cf4-8939-366f35417189
		3b605c7f-2fa5-4118-824f-5f911b84c68a
2018-11-13 00:02:59,743 19244  INFO  [48acec] Finished processing user request with id = 48acec66-9ff3-4f32-83d9-edd01d8f1e5c in 00:00:00.0476980.
2018-11-13 00:02:59,747 19248  INFO  [759e02] Started processing user request. Id = 759e020f-1f40-437c-9d32-76a12e24464e. Size = 17.9 KB.
2018-11-13 00:02:59,751 19252  INFO  [e27055] Finished processing user request with id = e270552a-9b70-4479-8552-848e45beeabe in 00:00:00.0466951.
2018-11-13 00:02:59,761 19262  INFO  [759e02] Doing some complicated stuff.. Random numbers are: 276572000, 1281734364, 453537023.
2018-11-13 00:02:59,764 19265  INFO  [0add98] Started processing user request. Id = 0add985b-e6d7-45e4-8959-71b24edc26dd. Size = 80.98 KB.
2018-11-13 00:02:59,770 19271  INFO  [0add98] Doing some complicated stuff.. Random numbers are: 1143715552, 661900101, 605533150.
2018-11-13 00:02:59,774 19275  INFO  [e6b91c] Started processing user request. Id = e6b91cf0-53f1-4bb2-a40b-fbf3bdd374d4. Size = 57.14 KB.
2018-11-13 00:02:59,784 19285  INFO  [e6b91c] Doing some complicated stuff.. Random numbers are: 991053776, 1075833566, 228540605.
2018-11-13 00:02:59,789 19290  INFO  [759e02] Here's some useful guids:
		2524f09e-c0f2-4ce1-a62e-9e5abe51ce60
		9b68e17f-050a-45da-a1fa-ce96c699f0f9
		5babfa9a-638f-4bba-89a2-a6f18b6bd9e0
		3a17a9a3-6ad7-4524-8f81-25552897b386
		c274323f-a854-42a1-8d32-699eb8594c47
2018-11-13 00:02:59,789 19291  INFO  [Metrics] Cpu: 0.84%; Memory: 19.79 GB/31.88 GB; Workers: 4/1024; IOCP: 0/1024
2018-11-13 00:02:59,806 19307  INFO  [759e02] Finished processing user request with id = 759e020f-1f40-437c-9d32-76a12e24464e in 00:00:00.0588500.
2018-11-13 00:02:59,814 19315  INFO  [BackgroundDaemon] Starting iteration #15483.
2018-11-13 00:02:59,816 19317  INFO  [e6b91c] Here's some useful guids:
		1c73787a-6890-4ba8-9cea-f55cafcd572b
2018-11-13 00:02:59,820 19322  INFO  [0add98] Finished processing user request with id = 0add985b-e6d7-45e4-8959-71b24edc26dd in 00:00:00.0561020.
2018-11-13 00:02:59,826 19327  INFO  [e6b91c] Finished processing user request with id = e6b91cf0-53f1-4bb2-a40b-fbf3bdd374d4 in 00:00:00.0512798.
2018-11-13 00:02:59,834 19335  INFO  [4a226d] Started processing user request. Id = 4a226d39-820b-4a57-b8da-1ca9b59aa625. Size = 20.83 KB.
2018-11-13 00:02:59,842 19343  INFO  [BackgroundDaemon] Processing data (6% completed)..
2018-11-13 00:02:59,845 19346  INFO  [4a226d] Doing some complicated stuff.. Random numbers are: 364270531, 1145712465, 1034830341.
2018-11-13 00:02:59,857 19358  INFO  [7ba1d2] Started processing user request. Id = 7ba1d2ea-24eb-4fb3-84aa-d53b4b20ca93. Size = 97.42 KB.
2018-11-13 00:02:59,861 19362  INFO  [7ba1d2] Doing some complicated stuff.. Random numbers are: 195144745, 835848341, 594421685.
2018-11-13 00:02:59,866 19367  INFO  [4a226d] Finished processing user request with id = 4a226d39-820b-4a57-b8da-1ca9b59aa625 in 00:00:00.0326893.
2018-11-13 00:02:59,874 19376  INFO  [7ba1d2] Here's some useful guids:
		c5741c3b-1dee-46f4-818e-f550c102b8f2
2018-11-13 00:02:59,879 19381  INFO  [a3d5e6] Started processing user request. Id = a3d5e6c0-0de2-4083-8546-a941d47943aa. Size = 14.37 KB.
2018-11-13 00:02:59,880 19382  INFO  [7ba1d2] Finished processing user request with id = 7ba1d2ea-24eb-4fb3-84aa-d53b4b20ca93 in 00:00:00.0231575.
2018-11-13 00:02:59,881 19383  INFO  [a3d5e6] Doing some complicated stuff.. Random numbers are: 1559355000, 1069538201, 1762710813.
2018-11-13 00:02:59,908 19409  INFO  [a3d5e6] Here's some useful guids:
		9522a2cf-3583-4891-84a4-3c7cb86e2188
2018-11-13 00:02:59,912 19413  INFO  [66cec7] Started processing user request. Id = 66cec731-b7e6-40ac-9039-020003aa54be. Size = 20.84 KB.
2018-11-13 00:02:59,924 19425  INFO  [66cec7] Doing some complicated stuff.. Random numbers are: 39186919, 827120738, 1113225242.
2018-11-13 00:02:59,931 19432  INFO  [BackgroundDaemon] Processing data (46% completed)..
2018-11-13 00:02:59,932 19433  INFO  [a3d5e6] Finished processing user request with id = a3d5e6c0-0de2-4083-8546-a941d47943aa in 00:00:00.0529381.
2018-11-13 00:02:59,946 19447  INFO  [589c2a] Started processing user request. Id = 589c2a32-fe92-4929-91b8-4fc4a4a1b4db. Size = 32.22 KB.
2018-11-13 00:02:59,957 19458  INFO  [589c2a] Doing some complicated stuff.. Random numbers are: 1546408772, 1124135846, 207398377.
2018-11-13 00:02:59,959 19460  INFO  [BackgroundDaemon] Processing data (70% completed)..
2018-11-13 00:02:59,959 19460  INFO  [BackgroundDaemon] Finished iteration in 00:00:00.1444047.
2018-11-13 00:02:59,968 19469  ERROR [66cec7] 
System.InvalidOperationException: Oh no! An error occurred!
2018-11-13 00:02:59,969 19470  INFO  [589c2a] Here's some useful guids:
		b176415e-32bc-4fb8-8b7a-f887006c9a1b
		0b71d9ce-e876-450c-aa7e-b1c32a8b66ae
		27fc0e76-22da-4587-b34c-983a9ffe4855
		aad79a1f-2a71-4474-81f3-20ada0dbb4a0
2018-11-13 00:02:59,973 19474  INFO  [9fa571] Started processing user request. Id = 9fa57110-f654-46ab-8d98-b8501d787423. Size = 76.12 KB.
2018-11-13 00:02:59,973 19474  INFO  [9fa571] Doing some complicated stuff.. Random numbers are: 1597076998, 78882061, 823365137.
2018-11-13 00:02:59,982 19483  INFO  [589c2a] Finished processing user request with id = 589c2a32-fe92-4929-91b8-4fc4a4a1b4db in 00:00:00.0352159.
2018-11-13 00:02:59,995 19496  INFO  [9e0e58] Started processing user request. Id = 9e0e584b-ac9c-4bfa-9b4b-30d049e09ace. Size = 29.65 KB.
2018-11-13 00:02:59,999 19500  INFO  [5e88bc] Started processing user request. Id = 5e88bc40-43af-4f00-852e-e97b018fcc7e. Size = 24.48 KB.
2018-11-13 00:02:59,999 19500  INFO  [9fa571] Here's some useful guids:
		048fc3f7-f790-4afb-b32a-828f8eef8317
		60e563bb-5156-4546-8db4-2024435d5b5d
		8340104a-316a-4f11-a0b1-f9a27213b191
2018-11-13 00:03:00,001 19502  INFO  [5e88bc] Doing some complicated stuff.. Random numbers are: 1087889772, 1935267150, 1775637073.
2018-11-13 00:03:00,004 19505  INFO  [9e0e58] Doing some complicated stuff.. Random numbers are: 312515643, 956884278, 2080535933.
2018-11-13 00:03:00,005 19506  INFO  [9fa571] Finished processing user request with id = 9fa57110-f654-46ab-8d98-b8501d787423 in 00:00:00.0322497.
2018-11-13 00:03:00,009 19510  INFO  [9e0e58] Here's some useful guids:
		d295aac5-f6e2-42d2-a112-c30b31f06c59
		4a78380a-f6ad-4bdc-88d6-0df27570e13d
2018-11-13 00:03:00,009 19510  INFO  [9e0e58] Finished processing user request with id = 9e0e584b-ac9c-4bfa-9b4b-30d049e09ace in 00:00:00.0140929.
2018-11-13 00:03:00,023 19525  INFO  [ccf597] Started processing user request. Id = ccf59753-ad17-41f4-84a7-abf72dd0f819. Size = 2.7 KB.
2018-11-13 00:03:00,027 19528  INFO  [ccf597] Doing some complicated stuff.. Random numbers are: 1273252020, 1357700634, 1020625757.
2018-11-13 00:03:00,037 19539  INFO  [5e88bc] Here's some useful guids:
		4f1b7c24-2414-451d-b456-9f1febff4730
		54d1c6bd-0d03-46d9-8387-0925967f58a9
		55f4dd1c-0739-4d7a-9846-11f94524f70c
2018-11-13 00:03:00,063 19564  INFO  [5e88bc] Finished processing user request with id = 5e88bc40-43af-4f00-852e-e97b018fcc7e in 00:00:00.0631572.
2018-11-13 00:03:00,069 19570  INFO  [ccf597] Finished processing user request with id = ccf59753-ad17-41f4-84a7-abf72dd0f819 in 00:00:00.0451347.
2018-11-13 00:03:00,082 19583  INFO  [692119] Started processing user request. Id = 69211919-44f3-4791-916e-2c7ebf47439b. Size = 86.08 KB.
2018-11-13 00:03:00,086 19587  INFO  [692119] Doing some complicated stuff.. Random numbers are: 277800517, 1960429072, 562769469.
2018-11-13 00:03:00,094 19595  INFO  [85450d] Started processing user request. Id = 85450d52-fcdf-4c8c-ab34-d5f2ed4e720b. Size = 87.18 KB.
2018-11-13 00:03:00,097 19598  INFO  [85450d] Doing some complicated stuff.. Random numbers are: 822224115, 1973266365, 981920788.
2018-11-13 00:03:00,114 19615  INFO  [692119] Finished processing user request with id = 69211919-44f3-4791-916e-2c7ebf47439b in 00:00:00.0319356.
2018-11-13 00:03:00,127 19628  INFO  [552055] Started processing user request. Id = 552055ad-0be9-432a-a834-d1164c2201b6. Size = 7.17 KB.
2018-11-13 00:03:00,131 19632  INFO  [552055] Doing some complicated stuff.. Random numbers are: 806425388, 500258714, 646882359.
2018-11-13 00:03:00,145 19646  INFO  [85450d] Finished processing user request with id = 85450d52-fcdf-4c8c-ab34-d5f2ed4e720b in 00:00:00.0510944.
2018-11-13 00:03:00,146 19647  INFO  [552055] Here's some useful guids:
		c9a8109b-2c32-4bbf-8524-9af53def197d
		8ac35659-5e88-4ad7-a936-0f54ab203df6
		ac2a8121-2e2d-4e00-9108-9a9b8497f85f
		e3d9c09d-2051-4cf1-973f-2b9264ee8c07
2018-11-13 00:03:00,160 19661  INFO  [BackgroundDaemon] Starting iteration #15484.
2018-11-13 00:03:00,173 19674  INFO  [82ca7c] Started processing user request. Id = 82ca7ca4-409f-4fad-8187-5f0f4892bb28. Size = 75.43 KB.
2018-11-13 00:03:00,174 19675  INFO  [552055] Finished processing user request with id = 552055ad-0be9-432a-a834-d1164c2201b6 in 00:00:00.0469576.
2018-11-13 00:03:00,177 19678  INFO  [f64028] Started processing user request. Id = f64028ea-c811-4dd1-a375-65ef9a828c0e. Size = 49.52 KB.
2018-11-13 00:03:00,180 19681  INFO  [82ca7c] Doing some complicated stuff.. Random numbers are: 123608187, 1895622401, 1079496925.
2018-11-13 00:03:00,182 19683  INFO  [f64028] Doing some complicated stuff.. Random numbers are: 1694775205, 1108015096, 1689000922.
2018-11-13 00:03:00,187 19688  INFO  [77f187] Started processing user request. Id = 77f187eb-8ff4-4516-84d2-52890fefa9f6. Size = 51.94 KB.
2018-11-13 00:03:00,201 19702  INFO  [77f187] Doing some complicated stuff.. Random numbers are: 788288716, 1712272442, 290093617.
2018-11-13 00:03:00,202 19703  INFO  [82ca7c] Here's some useful guids:
		49bdab3b-d32d-490a-9d64-7fd35b000ba2
2018-11-13 00:03:00,204 19705  INFO  [77f187] Here's some useful guids:
		6e29d918-3e9a-4a7a-97a8-179a666a67a7
2018-11-13 00:03:00,215 19716  INFO  [f64028] Finished processing user request with id = f64028ea-c811-4dd1-a375-65ef9a828c0e in 00:00:00.0381038.
2018-11-13 00:03:00,220 19721  INFO  [82ca7c] Finished processing user request with id = 82ca7ca4-409f-4fad-8187-5f0f4892bb28 in 00:00:00.0471705.
2018-11-13 00:03:00,225 19726  INFO  [BackgroundDaemon] Processing data (0% completed)..
2018-11-13 00:03:00,233 19734  INFO  [77f187] Finished processing user request with id = 77f187eb-8ff4-4516-84d2-52890fefa9f6 in 00:00:00.0459344.
2018-11-13 00:03:00,246 19748  INFO  [5ecb35] Started processing user request. Id = 5ecb356e-0c93-48d1-aead-f9653b238d7a. Size = 4.73 KB.
2018-11-13 00:03:00,246 19748  INFO  [785cb2] Started processing user request. Id = 785cb28f-9dd1-4be4-8eb6-cc6fe2c3b11f. Size = 7.49 KB.
2018-11-13 00:03:00,252 19754  INFO  [5ecb35] Doing some complicated stuff.. Random numbers are: 1283827573, 1673499200, 704786166.
2018-11-13 00:03:00,266 19767  INFO  [785cb2] Doing some complicated stuff.. Random numbers are: 350223588, 369899152, 413528539.
2018-11-13 00:03:00,275 19776  INFO  [5ecb35] Here's some useful guids:
		a5d23b07-a43e-49ff-91cf-1a023e1080ce
2018-11-13 00:03:00,275 19776  INFO  [785cb2] Here's some useful guids:
		72a4d36e-5c0d-40d1-b802-3de660089861
2018-11-13 00:03:00,289 19791  INFO  [785cb2] Finished processing user request with id = 785cb28f-9dd1-4be4-8eb6-cc6fe2c3b11f in 00:00:00.0429961.
2018-11-13 00:03:00,289 19791  INFO  [Metrics] Cpu: 0.00%; Memory: 19.79 GB/31.88 GB; Workers: 4/1024; IOCP: 0/1024
2018-11-13 00:03:00,290 19792  INFO  [5ecb35] Finished processing user request with id = 5ecb356e-0c93-48d1-aead-f9653b238d7a in 00:00:00.0439896.
2018-11-13 00:03:00,304 19805  INFO  [a7f625] Started processing user request. Id = a7f625be-a523-445d-bdff-bb411a82547d. Size = 9.77 KB.
2018-11-13 00:03:00,310 19811  INFO  [a7f625] Doing some complicated stuff.. Random numbers are: 1371573445, 456631430, 602563765.
2018-11-13 00:03:00,321 19822  INFO  [609312] Started processing user request. Id = 6093126d-d9c4-4515-bab3-c8ba766b676b. Size = 25.91 KB.
2018-11-13 00:03:00,323 19824  INFO  [BackgroundDaemon] Processing data (21% completed)..
2018-11-13 00:03:00,330 19831  INFO  [609312] Doing some complicated stuff.. Random numbers are: 2021105685, 1763572250, 1412915915.
2018-11-13 00:03:00,341 19842  INFO  [a7f625] Here's some useful guids:
		17daf533-9c2e-43cc-8e8b-27aeba3bb5a7
		fb021388-423b-4980-a43a-0a5192035078
		784abfe6-74b7-45f7-933b-d1047916e4c9
		84ea6f7e-81d2-4f76-b881-f54fd3cc1024
2018-11-13 00:03:00,347 19848  INFO  [609312] Here's some useful guids:
		397f7ecf-1d84-4ad8-a92e-8115d7bcf2f0
		304fe709-15ba-4418-a18e-f704cd58bafa
2018-11-13 00:03:00,367 19868  INFO  [a7f625] Finished processing user request with id = a7f625be-a523-445d-bdff-bb411a82547d in 00:00:00.0632003.
2018-11-13 00:03:00,372 19873  INFO  [609312] Finished processing user request with id = 6093126d-d9c4-4515-bab3-c8ba766b676b in 00:00:00.0511739.
2018-11-13 00:03:00,381 19882  INFO  [6c373e] Started processing user request. Id = 6c373e58-2d41-4051-a368-10e547c26a6a. Size = 40.12 KB.
2018-11-13 00:03:00,388 19889  INFO  [be8038] Started processing user request. Id = be8038db-9fa0-49ad-822c-ff42d3bb171c. Size = 30.78 KB.
2018-11-13 00:03:00,392 19893  INFO  [BackgroundDaemon] Processing data (68% completed)..
2018-11-13 00:03:00,392 19893  INFO  [BackgroundDaemon] Finished iteration in 00:00:00.2320761.
2018-11-13 00:03:00,393 19894  INFO  [be8038] Doing some complicated stuff.. Random numbers are: 178185922, 1735556033, 1650340626.
2018-11-13 00:03:00,396 19898  INFO  [6c373e] Doing some complicated stuff.. Random numbers are: 1899970172, 907188209, 1713387132.
2018-11-13 00:03:00,403 19905  INFO  [5911de] Started processing user request. Id = 5911dec8-3f6c-4c1a-881f-8ad43f965122. Size = 55.06 KB.
2018-11-13 00:03:00,421 19922  INFO  [5911de] Doing some complicated stuff.. Random numbers are: 1664263632, 106236764, 394343554.
2018-11-13 00:03:00,422 19923  INFO  [be8038] Finished processing user request with id = be8038db-9fa0-49ad-822c-ff42d3bb171c in 00:00:00.0338705.
2018-11-13 00:03:00,438 19939  ERROR [6c373e] 
System.InvalidOperationException: Oh no! An error occurred!
2018-11-13 00:03:00,451 19953  INFO  [2e3f3d] Started processing user request. Id = 2e3f3dcf-3102-4842-a64e-4b7f8de61b96. Size = 83.18 KB.
2018-11-13 00:03:00,463 19964  INFO  [5911de] Finished processing user request with id = 5911dec8-3f6c-4c1a-881f-8ad43f965122 in 00:00:00.0590600.
2018-11-13 00:03:00,471 19972  INFO  [2e3f3d] Doing some complicated stuff.. Random numbers are: 451348643, 1581546536, 868194741.
2018-11-13 00:03:00,493 19994  INFO  [2e3f3d] Finished processing user request with id = 2e3f3dcf-3102-4842-a64e-4b7f8de61b96 in 00:00:00.0411504.
2018-11-13 00:03:00,494 19995  INFO  [e55033] Started processing user request. Id = e55033f9-85b8-43c5-896d-f4a0b1f807b3. Size = 70.67 KB.
2018-11-13 00:03:00,496 19997  INFO  [e55033] Doing some complicated stuff.. Random numbers are: 603278816, 1960608760, 1769207289.
2018-11-13 00:03:00,507 20008  INFO  [deb531] Started processing user request. Id = deb531f7-bb92-4b74-acd4-7f5583ee0ec2. Size = 88.8 KB.
2018-11-13 00:03:00,521 20022  INFO  [deb531] Doing some complicated stuff.. Random numbers are: 603162830, 108838088, 386196756.
2018-11-13 00:03:00,523 20024  INFO  [deb531] Here's some useful guids:
		3785ea70-863e-430c-9c85-aa8bf7149205
		7e434f76-1edf-49ac-b664-1b60ae85333a
2018-11-13 00:03:00,525 20026  INFO  [deb531] Finished processing user request with id = deb531f7-bb92-4b74-acd4-7f5583ee0ec2 in 00:00:00.0181758.
2018-11-13 00:03:00,530 20031  INFO  [e55033] Finished processing user request with id = e55033f9-85b8-43c5-896d-f4a0b1f807b3 in 00:00:00.0361786.
2018-11-13 00:03:00,539 20040  INFO  [e2c36f] Started processing user request. Id = e2c36ff1-ef2d-43a4-8df0-b0f9cd1d9d21. Size = 50.72 KB.
2018-11-13 00:03:00,547 20048  INFO  [e2c36f] Doing some complicated stuff.. Random numbers are: 1490239035, 1103333088, 525657406.
2018-11-13 00:03:00,561 20062  INFO  [2c703d] Started processing user request. Id = 2c703da6-a1de-4342-bb21-96a4786aec41. Size = 96.13 KB.
2018-11-13 00:03:00,565 20066  INFO  [2c703d] Doing some complicated stuff.. Random numbers are: 1847732970, 732004610, 90537760.
2018-11-13 00:03:00,585 20086  INFO  [e2c36f] Finished processing user request with id = e2c36ff1-ef2d-43a4-8df0-b0f9cd1d9d21 in 00:00:00.0460421.
2018-11-13 00:03:00,589 20090  INFO  [fd917b] Started processing user request. Id = fd917b57-466d-45d3-8bbb-690fcfacb308. Size = 90.22 KB.
2018-11-13 00:03:00,592 20093  INFO  [BackgroundDaemon] Starting iteration #15485.
2018-11-13 00:03:00,599 20100  INFO  [b68fd4] Started processing user request. Id = b68fd4ca-569a-4e53-94b9-26eaea922756. Size = 17.21 KB.
2018-11-13 00:03:00,605 20106  INFO  [fd917b] Doing some complicated stuff.. Random numbers are: 963601843, 885308068, 188322285.
2018-11-13 00:03:00,612 20113  INFO  [2c703d] Finished processing user request with id = 2c703da6-a1de-4342-bb21-96a4786aec41 in 00:00:00.0511578.
2018-11-13 00:03:00,618 20119  INFO  [b68fd4] Doing some complicated stuff.. Random numbers are: 1186478660, 105264776, 1596239140.
2018-11-13 00:03:00,632 20133  INFO  [fd917b] Here's some useful guids:
		781f15f5-5721-4318-8938-0a1c3998c8e0
		4cb4b057-afb3-4c2a-a8cd-d4390b83c29a
2018-11-13 00:03:00,644 20145  INFO  [edd93b] Started processing user request. Id = edd93bf7-2009-45a3-88c6-5da2990f1a82. Size = 46.26 KB.
2018-11-13 00:03:00,647 20148  INFO  [edd93b] Doing some complicated stuff.. Random numbers are: 197424253, 1076651858, 1338568883.
2018-11-13 00:03:00,654 20155  INFO  [b68fd4] Finished processing user request with id = b68fd4ca-569a-4e53-94b9-26eaea922756 in 00:00:00.0544950.
2018-11-13 00:03:00,655 20156  ERROR [fd917b] 
System.InvalidOperationException: Oh no! An error occurred!
2018-11-13 00:03:00,667 20168  INFO  [3cf6c8] Started processing user request. Id = 3cf6c83a-4e87-4e88-9df5-d6c621ed92b5. Size = 55.1 KB.
2018-11-13 00:03:00,671 20173  INFO  [3cf6c8] Doing some complicated stuff.. Random numbers are: 397482297, 1056757070, 322047373.
2018-11-13 00:03:00,675 20176  INFO  [edd93b] Here's some useful guids:
		391b35e2-f8e1-4eb9-8aa5-6f734cc94440
		6edacfa9-06cc-4ea8-8bdd-4d76010e8ec6
		dea31f26-706b-4281-a72d-a36e8364810d
		dcb2bd7c-8b2a-4c5b-8c99-fa58839d57f6
		34ccaed9-4b66-43c5-94bc-971942c1acdd
2018-11-13 00:03:00,680 20181  INFO  [BackgroundDaemon] Processing data (16% completed)..
2018-11-13 00:03:00,681 20182  INFO  [edd93b] Finished processing user request with id = edd93bf7-2009-45a3-88c6-5da2990f1a82 in 00:00:00.0371660.
2018-11-13 00:03:00,708 20209  ERROR [3cf6c8] 
System.InvalidOperationException: Oh no! An error occurred!
2018-11-13 00:03:00,713 20214  INFO  [f587d7] Started processing user request. Id = f587d714-9bdd-45c4-be0a-0d0cecd7891e. Size = 11.15 KB.
2018-11-13 00:03:00,721 20223  INFO  [2405ff] Started processing user request. Id = 2405ff68-00cd-4e36-a85c-09c06441f855. Size = 35.14 KB.
2018-11-13 00:03:00,732 20234  INFO  [f587d7] Doing some complicated stuff.. Random numbers are: 1007469715, 1176994756, 1284582215.
2018-11-13 00:03:00,733 20235  INFO  [2405ff] Doing some complicated stuff.. Random numbers are: 1805869953, 518405641, 1216681787.
2018-11-13 00:03:00,738 20240  INFO  [BackgroundDaemon] Processing data (46% completed)..
2018-11-13 00:03:00,762 20263  ERROR [f587d7] 
System.InvalidOperationException: Oh no! An error occurred!
2018-11-13 00:03:00,762 20263  INFO  [2405ff] Here's some useful guids:
		dd871c60-122a-4a28-a59c-07e749e8b2e5
		e51a5509-201f-4667-b1ae-3336f5f12d4e
		df66c392-9071-4ee5-b8b2-c53a66cc2372
		4796698d-e664-4651-a227-8fb3f9089f5c
		f6e40493-1b09-451c-9992-8cf3b7668661
2018-11-13 00:03:00,781 20282  INFO  [2405ff] Finished processing user request with id = 2405ff68-00cd-4e36-a85c-09c06441f855 in 00:00:00.0598811.
2018-11-13 00:03:00,789 20290  INFO  [Metrics] Cpu: 0.00%; Memory: 19.79 GB/31.88 GB; Workers: 4/1024; IOCP: 0/1024
2018-11-13 00:03:00,793 20294  INFO  [d56c69] Started processing user request. Id = d56c698f-5ffd-4c7c-b69b-f83acfc9d63d. Size = 54.61 KB.
2018-11-13 00:03:00,795 20296  INFO  [61047e] Started processing user request. Id = 61047ece-17c1-44c4-8b41-8603f7e7928b. Size = 43.18 KB.
2018-11-13 00:03:00,796 20297  INFO  [d56c69] Doing some complicated stuff.. Random numbers are: 819471486, 1755373156, 1887300233.
2018-11-13 00:03:00,814 20315  INFO  [61047e] Doing some complicated stuff.. Random numbers are: 23301167, 1557326890, 1606198992.
2018-11-13 00:03:00,818 20320  INFO  [d56c69] Here's some useful guids:
		5b4d4768-61eb-4d7c-8ae9-dda5e9158d3e
		797f16d3-d47e-4d5c-a6b6-9c0f05c02d0d
		480f7bc3-2767-4b6a-8a53-40f2eca3a951
		8ef6429f-4c2b-431c-bff3-a353f49a970f
2018-11-13 00:03:00,822 20324  INFO  [BackgroundDaemon] Processing data (90% completed)..
2018-11-13 00:03:00,822 20324  INFO  [BackgroundDaemon] Finished iteration in 00:00:00.2304498.
2018-11-13 00:03:00,822 20324  INFO  [a278ea] Started processing user request. Id = a278eaac-ecc0-43c6-abbf-5f7d74d029fd. Size = 56.05 KB.
2018-11-13 00:03:00,827 20329  INFO  [a278ea] Doing some complicated stuff.. Random numbers are: 1635406237, 1736014572, 707569120.
2018-11-13 00:03:00,829 20331  INFO  [61047e] Here's some useful guids:
		6db7528f-c3f5-4b2b-be1f-0d94edb752cf
		7720f1f7-eb30-4385-ab23-67de49f69630
		b1cb3825-2dea-48f9-a58d-c62283de4288
		7b4f1540-c558-4376-a88b-41371284477f
2018-11-13 00:03:00,840 20341  INFO  [61047e] Finished processing user request with id = 61047ece-17c1-44c4-8b41-8603f7e7928b in 00:00:00.0453761.
2018-11-13 00:03:00,842 20343  INFO  [d56c69] Finished processing user request with id = d56c698f-5ffd-4c7c-b69b-f83acfc9d63d in 00:00:00.0489405.
2018-11-13 00:03:00,853 20354  INFO  [7e809a] Started processing user request. Id = 7e809a49-404e-4451-b04d-59946738a154. Size = 52.76 KB.
2018-11-13 00:03:00,856 20357  INFO  [a278ea] Finished processing user request with id = a278eaac-ecc0-43c6-abbf-5f7d74d029fd in 00:00:00.0336761.
2018-11-13 00:03:00,870 20371  INFO  [7e809a] Doing some complicated stuff.. Random numbers are: 1074906733, 244949113, 626443057.
2018-11-13 00:03:00,873 20374  INFO  [ed059f] Started processing user request. Id = ed059fea-ca69-4bcf-8036-2d97e598f5b8. Size = 79.96 KB.
2018-11-13 00:03:00,879 20380  INFO  [ed059f] Doing some complicated stuff.. Random numbers are: 901147830, 430320004, 343676213.
2018-11-13 00:03:00,888 20389  INFO  [ed059f] Here's some useful guids:
		79b1f07f-b932-4d1d-91e0-68de6eb9d722
		039bbcc2-6376-4244-aab9-3eac63476972
		9318913b-e24f-4330-862b-ea6cd7da0bad
2018-11-13 00:03:00,895 20396  INFO  [ed059f] Finished processing user request with id = ed059fea-ca69-4bcf-8036-2d97e598f5b8 in 00:00:00.0222006.
2018-11-13 00:03:00,927 20428  INFO  [6578a9] Started processing user request. Id = 6578a9c4-3f7b-4e66-b0dc-5087afcc4116. Size = 55.4 KB.
2018-11-13 00:03:00,927 20428  INFO  [7e809a] Finished processing user request with id = 7e809a49-404e-4451-b04d-59946738a154 in 00:00:00.0736013.
2018-11-13 00:03:00,939 20440  INFO  [6578a9] Doing some complicated stuff.. Random numbers are: 1874881062, 472939396, 1359198067.
2018-11-13 00:03:00,941 20442  INFO  [fb9dd0] Started processing user request. Id = fb9dd0c7-4074-41fe-a4e4-e8e9a0d4926e. Size = 19.66 KB.
2018-11-13 00:03:00,960 20461  INFO  [fb9dd0] Doing some complicated stuff.. Random numbers are: 1339964323, 205753799, 1712961094.
2018-11-13 00:03:00,971 20472  INFO  [6578a9] Finished processing user request with id = 6578a9c4-3f7b-4e66-b0dc-5087afcc4116 in 00:00:00.0440263.
2018-11-13 00:03:00,988 20490  ERROR [fb9dd0] 
System.InvalidOperationException: Oh no! An error occurred!
2018-11-13 00:03:01,002 20503  INFO  [ed7eb6] Started processing user request. Id = ed7eb645-a8dd-4b81-9470-45f380d8d330. Size = 25.74 KB.
2018-11-13 00:03:01,002 20503  INFO  [7da063] Started processing user request. Id = 7da06303-5071-4ee4-9530-e9b911c6eb0f. Size = 40.72 KB.
2018-11-13 00:03:01,017 20519  INFO  [ed7eb6] Doing some complicated stuff.. Random numbers are: 593098949, 493708209, 1388860078.
2018-11-13 00:03:01,018 20520  INFO  [7da063] Doing some complicated stuff.. Random numbers are: 1489074594, 1933061225, 1147772668.
2018-11-13 00:03:01,023 20524  INFO  [BackgroundDaemon] Starting iteration #15486.
2018-11-13 00:03:01,024 20525  INFO  [02e096] Started processing user request. Id = 02e0966f-2b26-45c7-9a30-e35b5d6b4b88. Size = 9.24 KB.
2018-11-13 00:03:01,035 20536  INFO  [ed7eb6] Here's some useful guids:
		f6d8e36a-63e8-42be-be82-a24f741dabad
2018-11-13 00:03:01,037 20538  INFO  [02e096] Doing some complicated stuff.. Random numbers are: 1042580136, 334819730, 642941897.
2018-11-13 00:03:01,040 20541  INFO  [7da063] Here's some useful guids:
		0ef5eb29-5287-421e-a09d-c6b231d170b5
		1fe8582a-e6b6-4d27-ae74-1de1cf1f220d
		8952563c-4cf6-4154-bab3-7c3594bd8b7b
		d5b200ae-35a9-4bc1-95b9-6daadd258038
		a4a76c21-88ba-4578-8586-db15de28f77d
2018-11-13 00:03:01,044 20545  INFO  [ed7eb6] Finished processing user request with id = ed7eb645-a8dd-4b81-9470-45f380d8d330 in 00:00:00.0419275.
2018-11-13 00:03:01,052 20553  INFO  [BackgroundDaemon] Processing data (10% completed)..
2018-11-13 00:03:01,056 20557  INFO  [7da063] Finished processing user request with id = 7da06303-5071-4ee4-9530-e9b911c6eb0f in 00:00:00.0534750.
2018-11-13 00:03:01,069 20570  INFO  [69e7a2] Started processing user request. Id = 69e7a2bb-45d3-4af4-b343-dd1dd5d18e38. Size = 42.9 KB.
2018-11-13 00:03:01,071 20572  INFO  [69e7a2] Doing some complicated stuff.. Random numbers are: 1482804702, 344387052, 1154374877.
2018-11-13 00:03:01,072 20573  ERROR [02e096] 
System.InvalidOperationException: Oh no! An error occurred!
2018-11-13 00:03:01,076 20577  INFO  [12359d] Started processing user request. Id = 12359d30-2089-4e04-9a12-b412997bbc9f. Size = 91.49 KB.
2018-11-13 00:03:01,083 20584  INFO  [12359d] Doing some complicated stuff.. Random numbers are: 92544450, 1190655262, 1569064706.
2018-11-13 00:03:01,089 20591  INFO  [69e7a2] Here's some useful guids:
		c32c814e-2205-430c-9e8f-ca67d616c190
		7b7f71ab-dbae-4578-aa06-cc508486578c
		8816f0b9-074a-4fbc-9cbb-55b1030ec455
2018-11-13 00:03:01,092 20593  INFO  [69e7a2] Finished processing user request with id = 69e7a2bb-45d3-4af4-b343-dd1dd5d18e38 in 00:00:00.0234458.
2018-11-13 00:03:01,095 20596  INFO  [BackgroundDaemon] Processing data (35% completed)..
2018-11-13 00:03:01,106 20607  INFO  [e43566] Started processing user request. Id = e4356686-5b6e-4cb9-84a6-8612da0a8363. Size = 93.21 KB.
2018-11-13 00:03:01,121 20622  INFO  [12359d] Finished processing user request with id = 12359d30-2089-4e04-9a12-b412997bbc9f in 00:00:00.0450201.
2018-11-13 00:03:01,124 20625  INFO  [e43566] Doing some complicated stuff.. Random numbers are: 1948880475, 829498840, 1757709955.
2018-11-13 00:03:01,141 20642  INFO  [e43566] Here's some useful guids:
		3b2d7530-1ded-481a-8110-624bf380a762
		b6f3878e-ca58-45c7-a98d-3c26cc4e8810
		65e444cc-1216-429f-b1c6-efe43b1638a8
		e849acfc-2f51-48f5-b457-453b7d57d0d0
		01056d3e-b2eb-458e-a49a-2bd34962fdbc
2018-11-13 00:03:01,153 20654  INFO  [8c75c5] Started processing user request. Id = 8c75c51d-547f-4231-beda-8501600f0284. Size = 30.34 KB.
2018-11-13 00:03:01,160 20661  INFO  [8c75c5] Doing some complicated stuff.. Random numbers are: 578006678, 203254392, 1175201819.
2018-11-13 00:03:01,168 20669  INFO  [e43566] Finished processing user request with id = e4356686-5b6e-4cb9-84a6-8612da0a8363 in 00:00:00.0616320.
2018-11-13 00:03:01,181 20682  INFO  [ffbb4a] Started processing user request. Id = ffbb4aaf-a2c8-48ca-9c03-12e7e30e70be. Size = 39.67 KB.
2018-11-13 00:03:01,183 20684  INFO  [ffbb4a] Doing some complicated stuff.. Random numbers are: 1782002427, 1128492595, 429383839.
2018-11-13 00:03:01,185 20686  INFO  [BackgroundDaemon] Processing data (76% completed)..
2018-11-13 00:03:01,185 20686  INFO  [BackgroundDaemon] Finished iteration in 00:00:00.1625674.
2018-11-13 00:03:01,191 20692  INFO  [8c75c5] Here's some useful guids:
		c3a7f13b-32f4-497d-8352-09450d815bff
		62bb5cef-2c3a-4d02-9d91-210c081c506c
		2f59be4f-afa9-456f-a107-c3f3cee1cff1
		85ec2806-5007-4d33-9c2a-9a332db3bdc0
		9df44cf1-8c33-402c-9f2e-193f6d695646
2018-11-13 00:03:01,199 20700  INFO  [8c75c5] Finished processing user request with id = 8c75c51d-547f-4231-beda-8501600f0284 in 00:00:00.0464028.
2018-11-13 00:03:01,223 20724  INFO  [ffbb4a] Finished processing user request with id = ffbb4aaf-a2c8-48ca-9c03-12e7e30e70be in 00:00:00.0417941.
2018-11-13 00:03:01,230 20732  INFO  [f31cbb] Started processing user request. Id = f31cbb94-0234-48ff-96f1-cced493145f3. Size = 18.11 KB.
2018-11-13 00:03:01,236 20737  INFO  [71bb92] Started processing user request. Id = 71bb9224-0fe3-4516-9908-6f3640caf6ed. Size = 95.67 KB.
2018-11-13 00:03:01,239 20740  INFO  [f31cbb] Doing some complicated stuff.. Random numbers are: 1807512860, 1562069434, 140265552.
2018-11-13 00:03:01,240 20741  INFO  [6022d2] Started processing user request. Id = 6022d2f3-9c63-4146-8f64-f9577dd29b64. Size = 91.82 KB.
2018-11-13 00:03:01,246 20747  INFO  [6022d2] Doing some complicated stuff.. Random numbers are: 2146136869, 1505746078, 1795565481.
2018-11-13 00:03:01,246 20747  INFO  [6022d2] Here's some useful guids:
		ee5c6ced-a8da-405c-8dbf-77d24c8c7905
		0b8c7658-d184-4d59-9ab6-258e64f629f8
2018-11-13 00:03:01,249 20750  INFO  [71bb92] Doing some complicated stuff.. Random numbers are: 789794783, 256054797, 660714173.
2018-11-13 00:03:01,255 20756  ERROR [6022d2] 
System.InvalidOperationException: Oh no! An error occurred!
2018-11-13 00:03:01,260 20761  INFO  [f31cbb] Here's some useful guids:
		bce0c173-9202-49c2-898e-3c0d181085c7
		7bf64f93-7358-49cb-8497-1ab7f7d2e909
		4c00b972-2865-4e73-a758-34dea1d17cb7
2018-11-13 00:03:01,262 20764  INFO  [f31cbb] Finished processing user request with id = f31cbb94-0234-48ff-96f1-cced493145f3 in 00:00:00.0319600.
2018-11-13 00:03:01,285 20787  INFO  [71bb92] Finished processing user request with id = 71bb9224-0fe3-4516-9908-6f3640caf6ed in 00:00:00.0490810.
2018-11-13 00:03:01,288 20790  INFO  [Metrics] Cpu: 0.00%; Memory: 19.79 GB/31.88 GB; Workers: 4/1024; IOCP: 0/1024
2018-11-13 00:03:01,293 20795  INFO  [732517] Started processing user request. Id = 732517bb-9119-4859-92f9-dd0454a9a6df. Size = 75.92 KB.
2018-11-13 00:03:01,299 20800  INFO  [5492b3] Started processing user request. Id = 5492b354-d441-4c4a-9538-ea005eb9c08c. Size = 8.48 KB.
2018-11-13 00:03:01,308 20809  INFO  [732517] Doing some complicated stuff.. Random numbers are: 252658132, 32605756, 540752923.
2018-11-13 00:03:01,312 20813  INFO  [5492b3] Doing some complicated stuff.. Random numbers are: 874600509, 1793353476, 1294097784.
2018-11-13 00:03:01,320 20821  INFO  [732517] Here's some useful guids:
		0f26a475-85e0-4ff3-aa5a-0ca396312bca
		29d26be9-9cc4-4501-ae7c-0b390bc8c792
		b2a72dc2-628b-405b-bdab-7559116d252c
2018-11-13 00:03:01,320 20821  INFO  [732517] Finished processing user request with id = 732517bb-9119-4859-92f9-dd0454a9a6df in 00:00:00.0260384.
2018-11-13 00:03:01,351 20852  INFO  [b8ca34] Started processing user request. Id = b8ca3489-995f-42a9-a767-e61a15a3dd1a. Size = 80.05 KB.
2018-11-13 00:03:01,361 20862  ERROR [5492b3] 
System.InvalidOperationException: Oh no! An error occurred!
2018-11-13 00:03:01,366 20867  INFO  [b8ca34] Doing some complicated stuff.. Random numbers are: 1583948439, 2016888356, 432131496.
2018-11-13 00:03:01,374 20875  INFO  [5270cb] Started processing user request. Id = 5270cbe8-f3f3-4300-9e62-83244c84b4d1. Size = 30.14 KB.
2018-11-13 00:03:01,376 20877  INFO  [5270cb] Doing some complicated stuff.. Random numbers are: 194863166, 624680602, 1447107822.
2018-11-13 00:03:01,379 20881  INFO  [5270cb] Here's some useful guids:
		72c5fd61-1ca0-4187-99d0-9e113c6c5e7f
2018-11-13 00:03:01,386 20887  INFO  [BackgroundDaemon] Starting iteration #15487.
2018-11-13 00:03:01,391 20892  INFO  [5270cb] Finished processing user request with id = 5270cbe8-f3f3-4300-9e62-83244c84b4d1 in 00:00:00.0169835.
2018-11-13 00:03:01,397 20898  INFO  [b8ca34] Finished processing user request with id = b8ca3489-995f-42a9-a767-e61a15a3dd1a in 00:00:00.0460514.
2018-11-13 00:03:01,405 20906  INFO  [a2c7e6] Started processing user request. Id = a2c7e6c4-cba5-45b5-8557-2590a4da0d02. Size = 16.19 KB.
2018-11-13 00:03:01,423 20924  INFO  [eec792] Started processing user request. Id = eec79250-4196-4c98-8328-d6552ca58590. Size = 95.19 KB.
2018-11-13 00:03:01,424 20925  INFO  [a2c7e6] Doing some complicated stuff.. Random numbers are: 28729540, 979451170, 1617014473.
2018-11-13 00:03:01,428 20929  INFO  [eec792] Doing some complicated stuff.. Random numbers are: 436799131, 627362162, 1002886873.
2018-11-13 00:03:01,429 20930  INFO  [12b4e1] Started processing user request. Id = 12b4e116-8667-4703-8e4d-d327c31484e2. Size = 43.26 KB.
2018-11-13 00:03:01,430 20931  INFO  [a2c7e6] Here's some useful guids:
		cfe1107a-c660-4978-853e-204f05563b7d
2018-11-13 00:03:01,434 20935  INFO  [12b4e1] Doing some complicated stuff.. Random numbers are: 929838012, 433466881, 1993611823.
2018-11-13 00:03:01,434 20935  INFO  [eec792] Here's some useful guids:
		7a8404bd-382d-40dc-986d-fa664773dfab
		ffb2cc24-5705-4b58-8b3a-87e363db9023
		a5281ce1-a5f9-4abe-8773-96cb3d40c52c
		099a6541-20ce-4199-8020-9207a1223b85
		4b653f91-fc59-4673-afff-8f27897801bc
2018-11-13 00:03:01,443 20944  INFO  [12b4e1] Finished processing user request with id = 12b4e116-8667-4703-8e4d-d327c31484e2 in 00:00:00.0139724.
2018-11-13 00:03:01,447 20948  INFO  [a2c7e6] Finished processing user request with id = a2c7e6c4-cba5-45b5-8557-2590a4da0d02 in 00:00:00.0423011.
2018-11-13 00:03:01,450 20951  INFO  [eec792] Finished processing user request with id = eec79250-4196-4c98-8328-d6552ca58590 in 00:00:00.0275102.
2018-11-13 00:03:01,453 20955  INFO  [BackgroundDaemon] Processing data (17% completed)..
2018-11-13 00:03:01,460 20961  INFO  [53a570] Started processing user request. Id = 53a57057-c608-4d17-8441-c0b083b8d0e1. Size = 58.87 KB.
2018-11-13 00:03:01,474 20975  INFO  [5d949e] Started processing user request. Id = 5d949ec6-ecd5-498d-b8ad-6491e35fde65. Size = 95.96 KB.
2018-11-13 00:03:01,474 20975  INFO  [5d949e] Doing some complicated stuff.. Random numbers are: 626709166, 1859792497, 1718369981.
2018-11-13 00:03:01,477 20979  INFO  [53a570] Doing some complicated stuff.. Random numbers are: 1926804010, 2005597368, 1023102262.
2018-11-13 00:03:01,507 21008  INFO  [53a570] Here's some useful guids:
		b35efa9e-b654-47a3-90a5-4775f8a174c1
		c69672d7-40d8-415f-83e9-b5dc5451b710
		e5a55acd-394c-4921-82d3-153af1e8996c
		bf32fc48-0842-4ea9-8df8-0e575cd7866b
		d2ae07af-bbce-4224-a238-abd82bc3071b
2018-11-13 00:03:01,510 21011  INFO  [5d949e] Here's some useful guids:
		b76e3900-03ea-49bb-bdef-90d9cc58af62
		4876bf6d-061e-421e-9ea1-2533dc5030fa
		3252de6b-7b1a-4750-ac13-bb5774204ec7
2018-11-13 00:03:01,516 21018  INFO  [5d949e] Finished processing user request with id = 5d949ec6-ecd5-498d-b8ad-6491e35fde65 in 00:00:00.0425286.
2018-11-13 00:03:01,525 21026  INFO  [53a570] Finished processing user request with id = 53a57057-c608-4d17-8441-c0b083b8d0e1 in 00:00:00.0641299.
2018-11-13 00:03:01,538 21039  INFO  [c7d73d] Started processing user request. Id = c7d73dca-2f33-44cd-bb8b-a1c32464da12. Size = 97.93 KB.
2018-11-13 00:03:01,544 21045  INFO  [BackgroundDaemon] Processing data (32% completed)..
2018-11-13 00:03:01,548 21049  INFO  [3d0877] Started processing user request. Id = 3d0877e4-f43f-4971-918c-da72936e9f2f. Size = 82.72 KB.
2018-11-13 00:03:01,549 21050  INFO  [c7d73d] Doing some complicated stuff.. Random numbers are: 1464164034, 1296209967, 1487338638.
2018-11-13 00:03:01,554 21055  INFO  [3d0877] Doing some complicated stuff.. Random numbers are: 1583389701, 1926822819, 2116925443.
2018-11-13 00:03:01,559 21060  INFO  [3d0877] Here's some useful guids:
		c1b0d45b-84ea-4014-83f3-14177dee0e92
		82389c27-79c9-4025-8ba3-bd182605ef88
		aecfe0d1-cf06-4910-8198-22d749fbf28f
2018-11-13 00:03:01,571 21072  INFO  [c7d73d] Here's some useful guids:
		b1f42b1e-0b20-4f25-842e-49a3df884752
		84fc1231-0015-4594-929d-729598685fab
		f393036b-b9da-4226-b223-469e21adb17b
		a19daa1d-bdd0-4cc6-a2af-4ab0f2fdf09a
2018-11-13 00:03:01,580 21081  ERROR [3d0877] 
System.InvalidOperationException: Oh no! An error occurred!
2018-11-13 00:03:01,600 21101  INFO  [c7d73d] Finished processing user request with id = c7d73dca-2f33-44cd-bb8b-a1c32464da12 in 00:00:00.0624115.
2018-11-13 00:03:01,612 21113  INFO  [90d13d] Started processing user request. Id = 90d13dd0-1265-44a6-8905-42e64bf47bee. Size = 51.64 KB.
2018-11-13 00:03:01,614 21115  INFO  [48ed14] Started processing user request. Id = 48ed145e-6a97-4c02-a9e7-b645a8da6ba2. Size = 76.73 KB.
2018-11-13 00:03:01,618 21119  INFO  [48ed14] Doing some complicated stuff.. Random numbers are: 326769481, 1390862710, 740483674.
2018-11-13 00:03:01,618 21119  INFO  [7d8490] Started processing user request. Id = 7d8490eb-3958-4121-bc2a-91ded166d44d. Size = 73.95 KB.
2018-11-13 00:03:01,627 21128  INFO  [90d13d] Doing some complicated stuff.. Random numbers are: 1161110274, 1615220304, 1738721478.
2018-11-13 00:03:01,628 21129  INFO  [BackgroundDaemon] Processing data (54% completed)..
2018-11-13 00:03:01,628 21129  INFO  [BackgroundDaemon] Finished iteration in 00:00:00.2420044.
2018-11-13 00:03:01,629 21130  INFO  [7d8490] Doing some complicated stuff.. Random numbers are: 2083614817, 1698781877, 1530962711.
2018-11-13 00:03:01,650 21151  INFO  [48ed14] Here's some useful guids:
		a8acc95f-3424-43ba-a219-3ae165076c57
2018-11-13 00:03:01,657 21158  INFO  [7d8490] Finished processing user request with id = 7d8490eb-3958-4121-bc2a-91ded166d44d in 00:00:00.0385035.
2018-11-13 00:03:01,664 21165  INFO  [90d13d] Finished processing user request with id = 90d13dd0-1265-44a6-8905-42e64bf47bee in 00:00:00.0518768.
2018-11-13 00:03:01,670 21171  INFO  [48ed14] Finished processing user request with id = 48ed145e-6a97-4c02-a9e7-b645a8da6ba2 in 00:00:00.0560882.
2018-11-13 00:03:01,683 21184  INFO  [dd691e] Started processing user request. Id = dd691eb7-293e-4f60-a588-f714e0ef6040. Size = 48.01 KB.
2018-11-13 00:03:01,695 21196  INFO  [7d72d0] Started processing user request. Id = 7d72d015-825f-47df-a190-3e948d4c87b1. Size = 18.58 KB.
2018-11-13 00:03:01,698 21200  INFO  [dd691e] Doing some complicated stuff.. Random numbers are: 864103338, 1590547773, 688752715.
2018-11-13 00:03:01,713 21214  INFO  [7d72d0] Doing some complicated stuff.. Random numbers are: 1043658056, 420752462, 845144418.
2018-11-13 00:03:01,717 21218  INFO  [dd691e] Here's some useful guids:
		de2fd876-6ddc-4d6a-b093-234ce74a24fc
2018-11-13 00:03:01,741 21242  ERROR [dd691e] 
System.InvalidOperationException: Oh no! An error occurred!
2018-11-13 00:03:01,754 21255  INFO  [9b6b5b] Started processing user request. Id = 9b6b5b9a-5372-49a0-a7d4-6203a49708a8. Size = 80.94 KB.
2018-11-13 00:03:01,759 21260  ERROR [7d72d0] 
System.InvalidOperationException: Oh no! An error occurred!
2018-11-13 00:03:01,765 21266  INFO  [9b6b5b] Doing some complicated stuff.. Random numbers are: 1150933755, 1987575238, 592279890.
2018-11-13 00:03:01,788 21289  INFO  [Metrics] Cpu: 0.00%; Memory: 19.79 GB/31.88 GB; Workers: 4/1024; IOCP: 0/1024
2018-11-13 00:03:01,790 21291  INFO  [9b6b5b] Here's some useful guids:
		dfdfbb5b-e29f-4481-b8a5-276d247d1f7c
		00474136-38e1-4edf-998a-73999844d3a6
		4e878bec-d394-4481-8309-58f648f2d07b
2018-11-13 00:03:01,791 21292  INFO  [807731] Started processing user request. Id = 80773165-1d7a-464e-a613-82f9ae7e3140. Size = 92.63 KB.
2018-11-13 00:03:01,807 21308  INFO  [807731] Doing some complicated stuff.. Random numbers are: 1985316181, 1301529992, 95057163.
2018-11-13 00:03:01,812 21313  INFO  [9b6b5b] Finished processing user request with id = 9b6b5b9a-5372-49a0-a7d4-6203a49708a8 in 00:00:00.0578779.
2018-11-13 00:03:01,824 21325  INFO  [5df100] Started processing user request. Id = 5df10035-b347-4613-b7ba-e630d3d11ddb. Size = 14.65 KB.
2018-11-13 00:03:01,826 21327  INFO  [d3ff79] Started processing user request. Id = d3ff7931-b01b-465f-9170-26393ba33c14. Size = 88.45 KB.
2018-11-13 00:03:01,828 21330  INFO  [BackgroundDaemon] Starting iteration #15488.
2018-11-13 00:03:01,835 21336  INFO  [d3ff79] Doing some complicated stuff.. Random numbers are: 326941394, 576567501, 2138177323.
2018-11-13 00:03:01,843 21344  INFO  [5df100] Doing some complicated stuff.. Random numbers are: 648410962, 228156563, 765458394.
2018-11-13 00:03:01,851 21352  INFO  [807731] Finished processing user request with id = 80773165-1d7a-464e-a613-82f9ae7e3140 in 00:00:00.0603242.
2018-11-13 00:03:01,852 21353  INFO  [BackgroundDaemon] Processing data (13% completed)..
2018-11-13 00:03:01,854 21355  INFO  [5df100] Here's some useful guids:
		4e86e20b-c23f-495c-a5c9-176099a75ef7
		7ecca421-cd2c-44d2-b8a6-5349e3d70d1a
		6472842a-6545-4e7a-96a7-0ded49952b9d
		895a4f98-5c5e-4537-9464-cb0ca4fed6b5
		98a97b57-e2fc-4647-ae58-ecf950133c3d
2018-11-13 00:03:01,857 21358  INFO  [d3ff79] Finished processing user request with id = d3ff7931-b01b-465f-9170-26393ba33c14 in 00:00:00.0311617.
2018-11-13 00:03:01,871 21372  INFO  [fdca77] Started processing user request. Id = fdca77a3-57f4-4070-a174-1e7b1f65622f. Size = 66.58 KB.
2018-11-13 00:03:01,880 21381  INFO  [5df100] Finished processing user request with id = 5df10035-b347-4613-b7ba-e630d3d11ddb in 00:00:00.0562201.
2018-11-13 00:03:01,882 21383  INFO  [BackgroundDaemon] Processing data (41% completed)..
2018-11-13 00:03:01,882 21383  INFO  [74bf63] Started processing user request. Id = 74bf63a6-1449-451f-ac54-a4a3227230f8. Size = 32.47 KB.
2018-11-13 00:03:01,885 21386  INFO  [fdca77] Doing some complicated stuff.. Random numbers are: 98161193, 325637175, 1894483695.
2018-11-13 00:03:01,890 21391  INFO  [74bf63] Doing some complicated stuff.. Random numbers are: 214782256, 1251091671, 1479314438.
2018-11-13 00:03:01,893 21394  INFO  [74bf63] Here's some useful guids:
		c269f69c-cf14-461e-b12d-8ec2be9a61a6
2018-11-13 00:03:01,898 21399  INFO  [74bf63] Finished processing user request with id = 74bf63a6-1449-451f-ac54-a4a3227230f8 in 00:00:00.0159961.
2018-11-13 00:03:01,909 21410  INFO  [BackgroundDaemon] Processing data (83% completed)..
2018-11-13 00:03:01,909 21410  INFO  [BackgroundDaemon] Finished iteration in 00:00:00.0809278.
2018-11-13 00:03:01,924 21425  INFO  [fdca77] Here's some useful guids:
		000cf52a-9a5a-41ef-8866-0c1652b9b762
2018-11-13 00:03:01,929 21431  INFO  [eb63ce] Started processing user request. Id = eb63ceb9-c046-4b1f-b9f1-02eab8e5615a. Size = 52.97 KB.
2018-11-13 00:03:01,931 21433  INFO  [eb63ce] Doing some complicated stuff.. Random numbers are: 326938509, 808128132, 1447746768.
2018-11-13 00:03:01,935 21437  INFO  [eb63ce] Here's some useful guids:
		6db87fef-c069-4602-8977-f7421686c7c1
		a0266a86-21da-42c9-a018-1329f03fe0fe
2018-11-13 00:03:01,946 21447  INFO  [eb63ce] Finished processing user request with id = eb63ceb9-c046-4b1f-b9f1-02eab8e5615a in 00:00:00.0164242.
2018-11-13 00:03:01,952 21453  INFO  [fdca77] Finished processing user request with id = fdca77a3-57f4-4070-a174-1e7b1f65622f in 00:00:00.0809615.
2018-11-13 00:03:01,965 21466  INFO  [500290] Started processing user request. Id = 50029093-449b-43f2-8847-7fd335d2e2dd. Size = 23.51 KB.
2018-11-13 00:03:01,973 21475  INFO  [500290] Doing some complicated stuff.. Random numbers are: 193621097, 1867181410, 13003495.
2018-11-13 00:03:01,977 21479  INFO  [a0c4b6] Started processing user request. Id = a0c4b6aa-352b-4c23-ae4a-22a62d906fc6. Size = 33.74 KB.
2018-11-13 00:03:01,985 21487  INFO  [a0c4b6] Doing some complicated stuff.. Random numbers are: 2143949577, 539577435, 850817064.
2018-11-13 00:03:01,992 21494  INFO  [500290] Here's some useful guids:
		c1fe66dd-fc15-4fe4-9070-94977c9250ae
		d5f530a8-4885-4755-8a78-bea725274865
		6cd71cd2-2fee-4abf-946c-79e4eda92d88
		a48677ba-1b0b-4d10-b2fa-29cdbcfd6911
2018-11-13 00:03:01,999 21500  INFO  [500290] Finished processing user request with id = 50029093-449b-43f2-8847-7fd335d2e2dd in 00:00:00.0332291.
2018-11-13 00:03:02,012 21513  INFO  [1996ae] Started processing user request. Id = 1996ae43-aebe-4721-8d2c-de62cc49e095. Size = 70.76 KB.
2018-11-13 00:03:02,022 21523  INFO  [1996ae] Doing some complicated stuff.. Random numbers are: 1424340333, 902791829, 981533699.
2018-11-13 00:03:02,035 21536  ERROR [a0c4b6] 
System.InvalidOperationException: Oh no! An error occurred!
2018-11-13 00:03:02,047 21548  INFO  [55f623] Started processing user request. Id = 55f623aa-2b9d-4edf-8b5e-7ab0b1abb735. Size = 74.48 KB.
2018-11-13 00:03:02,053 21554  INFO  [1996ae] Here's some useful guids:
		5e12b5ee-4ddf-4f96-bdb7-28ee52639289
		b69fbde1-4f5d-444d-bef9-479162fb3652
		23f71344-3c3d-4055-ad4a-c2fe2084bbfe
2018-11-13 00:03:02,058 21559  INFO  [55f623] Doing some complicated stuff.. Random numbers are: 2035115545, 2086704545, 1774472616.
2018-11-13 00:03:02,058 21559  INFO  [1996ae] Finished processing user request with id = 1996ae43-aebe-4721-8d2c-de62cc49e095 in 00:00:00.0464025.
2018-11-13 00:03:02,067 21568  INFO  [c068d9] Started processing user request. Id = c068d94f-274c-49f5-bd18-6b2ce6c9b8f8. Size = 73.97 KB.
2018-11-13 00:03:02,072 21573  INFO  [8603a7] Started processing user request. Id = 8603a7c7-3cec-4b42-9f76-da70fb6cf604. Size = 90.64 KB.
2018-11-13 00:03:02,083 21584  INFO  [c068d9] Doing some complicated stuff.. Random numbers are: 1950586537, 733320576, 2028152100.
2018-11-13 00:03:02,083 21584  INFO  [55f623] Here's some useful guids:
		acf0e99f-2753-4e3c-bc41-8bc8ef321ca6
		a35f9f75-01aa-48b4-8c16-669bee4e0d41
		5316b0b8-9859-4a9e-abaa-fa502736877b
		74655e26-3f2b-427a-979f-e526218b42a0
		cbaa688a-3ee5-4ac4-a655-5f18145a052f
2018-11-13 00:03:02,087 21588  INFO  [8603a7] Doing some complicated stuff.. Random numbers are: 2007573254, 1219119398, 292123676.
2018-11-13 00:03:02,095 21596  INFO  [55f623] Finished processing user request with id = 55f623aa-2b9d-4edf-8b5e-7ab0b1abb735 in 00:00:00.0479057.
2018-11-13 00:03:02,104 21605  INFO  [c068d9] Finished processing user request with id = c068d94f-274c-49f5-bd18-6b2ce6c9b8f8 in 00:00:00.0372217.
2018-11-13 00:03:02,110 21611  INFO  [BackgroundDaemon] Starting iteration #15489.
2018-11-13 00:03:02,110 21611  INFO  [8603a7] Finished processing user request with id = 8603a7c7-3cec-4b42-9f76-da70fb6cf604 in 00:00:00.0381804.
2018-11-13 00:03:02,123 21625  INFO  [e5ee2d] Started processing user request. Id = e5ee2dbf-fc2a-4aeb-863f-f70d4cc7ce0b. Size = 94.24 KB.
2018-11-13 00:03:02,123 21625  INFO  [e5ee2d] Doing some complicated stuff.. Random numbers are: 1041456180, 724706565, 272545968.
2018-11-13 00:03:02,136 21637  INFO  [ab8bbd] Started processing user request. Id = ab8bbd59-463a-435d-8866-5c72e1f9a215. Size = 19.33 KB.
2018-11-13 00:03:02,144 21645  INFO  [ab8bbd] Doing some complicated stuff.. Random numbers are: 16907484, 561610045, 781288631.
2018-11-13 00:03:02,164 21665  INFO  [ab8bbd] Here's some useful guids:
		7642654f-5604-4006-8d89-e569263f59bd
		3a6d6cb6-ab39-4fb6-9401-ec461a7737b9
		98f2c678-cd7d-4c10-9731-d26db85664f3
		c6ac5503-cd9b-4048-af6f-b8c8dab2bbf0
		5b2d1202-edf1-4105-9d22-33370b7e2668
2018-11-13 00:03:02,168 21670  INFO  [e5ee2d] Finished processing user request with id = e5ee2dbf-fc2a-4aeb-863f-f70d4cc7ce0b in 00:00:00.0449911.
2018-11-13 00:03:02,174 21675  INFO  [BackgroundDaemon] Processing data (7% completed)..
2018-11-13 00:03:02,182 21684  INFO  [2a7d4d] Started processing user request. Id = 2a7d4d64-56ca-4f83-8980-ffc4e4392c34. Size = 14.35 KB.
2018-11-13 00:03:02,188 21689  INFO  [ab8bbd] Finished processing user request with id = ab8bbd59-463a-435d-8866-5c72e1f9a215 in 00:00:00.0515510.
2018-11-13 00:03:02,198 21699  INFO  [2a7d4d] Doing some complicated stuff.. Random numbers are: 1600601256, 1568787451, 1020643432.
2018-11-13 00:03:02,219 21720  INFO  [a2d76c] Started processing user request. Id = a2d76c42-6f5f-43c8-91bd-16542325790c. Size = 24.57 KB.
2018-11-13 00:03:02,230 21731  INFO  [a2d76c] Doing some complicated stuff.. Random numbers are: 22568893, 796636944, 1045790354.
2018-11-13 00:03:02,238 21739  ERROR [2a7d4d] 
System.InvalidOperationException: Oh no! An error occurred!
2018-11-13 00:03:02,247 21748  INFO  [a2d76c] Here's some useful guids:
		79944d0b-1508-4a7d-99a0-e00080fea02e
		9ae29495-90b7-48ff-bda0-6f04a91fe2ba
		5f262deb-3cb8-4a04-b3f1-1b509d1fefcb
		19c6cb25-3984-43bb-85a9-de3e9cecda0d
		9bb11a38-82bd-40a5-ad7b-564d80cb97aa
2018-11-13 00:03:02,247 21748  INFO  [BackgroundDaemon] Processing data (22% completed)..
2018-11-13 00:03:02,251 21753  INFO  [d8f3b4] Started processing user request. Id = d8f3b430-fa2f-4700-98dd-b58a0c9db853. Size = 61.37 KB.
2018-11-13 00:03:02,261 21762  INFO  [a2d76c] Finished processing user request with id = a2d76c42-6f5f-43c8-91bd-16542325790c in 00:00:00.0412568.
2018-11-13 00:03:02,263 21764  INFO  [38b7cd] Started processing user request. Id = 38b7cda7-ad91-467f-8843-ff0d6f26eb6f. Size = 2.67 KB.
2018-11-13 00:03:02,265 21766  INFO  [d8f3b4] Doing some complicated stuff.. Random numbers are: 207251201, 1944541850, 1484399222.
2018-11-13 00:03:02,265 21766  INFO  [d8f3b4] Here's some useful guids:
		b52712e8-64e1-4f17-8d1a-1e6ac3cfdc2d
		5c6a0886-764d-4451-ba93-799b44fcc75d
2018-11-13 00:03:02,267 21768  INFO  [38b7cd] Doing some complicated stuff.. Random numbers are: 1196538905, 501847468, 317400022.
2018-11-13 00:03:02,275 21776  INFO  [38b7cd] Here's some useful guids:
		f2401f13-717b-4a49-958f-e37347f1b53f
		525ffc78-2c15-43f6-b262-3f5c73cb5de2
2018-11-13 00:03:02,279 21780  INFO  [d8f3b4] Finished processing user request with id = d8f3b430-fa2f-4700-98dd-b58a0c9db853 in 00:00:00.0273014.
2018-11-13 00:03:02,282 21783  ERROR [38b7cd] 
System.InvalidOperationException: Oh no! An error occurred!
2018-11-13 00:03:02,287 21788  INFO  [Metrics] Cpu: 1.02%; Memory: 19.79 GB/31.88 GB; Workers: 4/1024; IOCP: 0/1024
2018-11-13 00:03:02,292 21793  INFO  [70db94] Started processing user request. Id = 70db94a4-aba7-4a05-87fa-f4536b90ea8a. Size = 18.29 KB.
2018-11-13 00:03:02,293 21794  INFO  [f4e5a3] Started processing user request. Id = f4e5a383-da35-490d-a0d5-1549a3309dd3. Size = 51.28 KB.
2018-11-13 00:03:02,295 21796  INFO  [BackgroundDaemon] Processing data (96% completed)..
2018-11-13 00:03:02,295 21796  INFO  [BackgroundDaemon] Finished iteration in 00:00:00.1843089.
2018-11-13 00:03:02,296 21797  INFO  [70db94] Doing some complicated stuff.. Random numbers are: 349879695, 451053008, 455126427.
2018-11-13 00:03:02,307 21808  INFO  [f4e5a3] Doing some complicated stuff.. Random numbers are: 1542386777, 1523954576, 1869327306.
2018-11-13 00:03:02,307 21808  INFO  [f4e5a3] Here's some useful guids:
		48e4af83-5e6c-479d-bfe1-c0d7a96d2450
		e5e0e7f2-8837-473c-8dd0-f34bb391408c
2018-11-13 00:03:02,315 21816  INFO  [f4e5a3] Finished processing user request with id = f4e5a383-da35-490d-a0d5-1549a3309dd3 in 00:00:00.0221904.
2018-11-13 00:03:02,329 21830  INFO  [2269b4] Started processing user request. Id = 2269b49d-7976-4acd-bff2-c0476ce593c8. Size = 52.64 KB.
2018-11-13 00:03:02,331 21832  INFO  [70db94] Finished processing user request with id = 70db94a4-aba7-4a05-87fa-f4536b90ea8a in 00:00:00.0396671.
2018-11-13 00:03:02,346 21847  INFO  [2269b4] Doing some complicated stuff.. Random numbers are: 1355445297, 2092978371, 1073332138.
2018-11-13 00:03:02,363 21864  INFO  [dfa4fa] Started processing user request. Id = dfa4fa87-e9c8-44f6-8686-d874042a4cb0. Size = 20.39 KB.
2018-11-13 00:03:02,364 21865  INFO  [2269b4] Here's some useful guids:
		d27666be-e7b5-4fbd-98c3-5f339e29524c
		93dd681f-60c0-40e1-9497-6b77d972ea90
		f56044be-f69a-4ec6-a3d4-89beac71ca6f
		1d309366-f2cf-4267-a0fb-07067bb961db
		4df7fa68-7a93-4537-ac4e-b533972039ea
2018-11-13 00:03:02,367 21868  INFO  [dfa4fa] Doing some complicated stuff.. Random numbers are: 1676833930, 1440900820, 917049985.
2018-11-13 00:03:02,370 21871  INFO  [2269b4] Finished processing user request with id = 2269b49d-7976-4acd-bff2-c0476ce593c8 in 00:00:00.0410882.
2018-11-13 00:03:02,376 21877  INFO  [dfa4fa] Finished processing user request with id = dfa4fa87-e9c8-44f6-8686-d874042a4cb0 in 00:00:00.0130026.
2018-11-13 00:03:02,383 21884  INFO  [8fc99a] Started processing user request. Id = 8fc99aa7-d5c2-4844-a250-8c89add35b2c. Size = 5.61 KB.
2018-11-13 00:03:02,397 21898  INFO  [8fc99a] Doing some complicated stuff.. Random numbers are: 2097993784, 632625099, 330114725.
2018-11-13 00:03:02,407 21908  INFO  [dc46ba] Started processing user request. Id = dc46badf-9b12-439b-9f8d-3bfabfe4f64f. Size = 97.15 KB.
2018-11-13 00:03:02,417 21918  INFO  [dc46ba] Doing some complicated stuff.. Random numbers are: 2019442754, 1080184995, 1514252702.
2018-11-13 00:03:02,427 21928  INFO  [8fc99a] Finished processing user request with id = 8fc99aa7-d5c2-4844-a250-8c89add35b2c in 00:00:00.0437843.
2018-11-13 00:03:02,441 21942  INFO  [7b7167] Started processing user request. Id = 7b7167f5-bbf1-4df7-bdfa-b7107603a683. Size = 47.11 KB.
2018-11-13 00:03:02,443 21944  INFO  [7b7167] Doing some complicated stuff.. Random numbers are: 1648315079, 76503375, 836214074.
2018-11-13 00:03:02,447 21948  INFO  [dc46ba] Finished processing user request with id = dc46badf-9b12-439b-9f8d-3bfabfe4f64f in 00:00:00.0398742.
2018-11-13 00:03:02,449 21950  INFO  [82d1d5] Started processing user request. Id = 82d1d52b-169a-41ba-9ed4-b038d87b5c90. Size = 48.34 KB.
2018-11-13 00:03:02,453 21955  INFO  [82d1d5] Doing some complicated stuff.. Random numbers are: 1780992864, 1628439229, 366323496.
2018-11-13 00:03:02,457 21959  INFO  [82d1d5] Finished processing user request with id = 82d1d52b-169a-41ba-9ed4-b038d87b5c90 in 00:00:00.0081062.
2018-11-13 00:03:02,467 21969  INFO  [7b7167] Finished processing user request with id = 7b7167f5-bbf1-4df7-bdfa-b7107603a683 in 00:00:00.0269161.
2018-11-13 00:03:02,479 21980  INFO  [737820] Started processing user request. Id = 737820e5-608f-40a1-b2af-7da95b79ab6f. Size = 42.26 KB.
2018-11-13 00:03:02,481 21982  INFO  [dc0d71] Started processing user request. Id = dc0d711e-2a13-409f-8574-71a61e89dfe5. Size = 85.86 KB.
2018-11-13 00:03:02,488 21989  INFO  [737820] Doing some complicated stuff.. Random numbers are: 2014630734, 1255634364, 508301270.
2018-11-13 00:03:02,495 21996  INFO  [dc0d71] Doing some complicated stuff.. Random numbers are: 448624551, 1102186787, 1357267475.
2018-11-13 00:03:02,495 21996  INFO  [BackgroundDaemon] Starting iteration #15490.
2018-11-13 00:03:02,518 22019  INFO  [737820] Finished processing user request with id = 737820e5-608f-40a1-b2af-7da95b79ab6f in 00:00:00.0388707.
2018-11-13 00:03:02,535 22036  INFO  [dc0d71] Here's some useful guids:
		154098c6-c192-4615-8a73-3d1216fb4fcc
		2a90df4d-4b6c-4ed9-83bf-c02685e7ea7d
		44fb14b8-3822-4a1a-bc0f-a64814c1ef64
		aca0d3a3-d657-415e-9b76-c3c1697a86d3
2018-11-13 00:03:02,537 22038  INFO  [dc0d71] Finished processing user request with id = dc0d711e-2a13-409f-8574-71a61e89dfe5 in 00:00:00.0566750.
2018-11-13 00:03:02,549 22050  INFO  [21f728] Started processing user request. Id = 21f72899-0046-40da-9028-d7e5f1a8deb6. Size = 26.2 KB.
2018-11-13 00:03:02,550 22051  INFO  [ec8737] Started processing user request. Id = ec873772-f96b-401c-a8bc-ac5ee8f3ac1c. Size = 39.82 KB.
2018-11-13 00:03:02,556 22057  INFO  [ec8737] Doing some complicated stuff.. Random numbers are: 1397658927, 421992970, 357275624.
2018-11-13 00:03:02,564 22066  INFO  [ec8737] Here's some useful guids:
		3a29f5a7-480d-4d31-9892-fb5796667954
		beb190c3-2420-41d5-b2c1-8e920a3ddbd9
		60e2a92b-4e5b-4429-a3a7-f58f2f52ccc7
		a2f35748-0bcc-4150-804d-51f3f852d992
		6b9e2ab8-fc84-4e2b-a66c-13e7486f5986
2018-11-13 00:03:02,564 22066  INFO  [21f728] Doing some complicated stuff.. Random numbers are: 106483618, 2013816543, 1780278064.
2018-11-13 00:03:02,566 22068  INFO  [BackgroundDaemon] Processing data (1% completed)..
2018-11-13 00:03:02,587 22088  INFO  [ec8737] Finished processing user request with id = ec873772-f96b-401c-a8bc-ac5ee8f3ac1c in 00:00:00.0370071.
2018-11-13 00:03:02,592 22093  INFO  [21f728] Here's some useful guids:
		d5fa8139-52d4-46fa-9946-2628bc231e9d
		c0de2a6c-cbb7-460f-b180-f577e873c7c9
		cfe1b5c9-5b0b-4241-9683-59d3bd7436c0
2018-11-13 00:03:02,601 22102  INFO  [21f728] Finished processing user request with id = 21f72899-0046-40da-9028-d7e5f1a8deb6 in 00:00:00.0519431.
2018-11-13 00:03:02,601 22102  INFO  [cc6675] Started processing user request. Id = cc66757d-d93f-41bf-9179-4c2973474731. Size = 54.56 KB.
2018-11-13 00:03:02,605 22106  INFO  [cc6675] Doing some complicated stuff.. Random numbers are: 978573629, 454418075, 103643435.
2018-11-13 00:03:02,625 22126  INFO  [7bb047] Started processing user request. Id = 7bb047bc-a1b4-40ff-89b5-772a9ca1097c. Size = 97.37 KB.
2018-11-13 00:03:02,633 22134  INFO  [28cd9b] Started processing user request. Id = 28cd9b10-2c36-4234-ae7e-422842b7fe90. Size = 83.62 KB.
2018-11-13 00:03:02,636 22137  INFO  [BackgroundDaemon] Processing data (35% completed)..
2018-11-13 00:03:02,636 22137  INFO  [cc6675] Here's some useful guids:
		30a60758-5a6c-4a47-8706-7b9fee6949a0
		5578c219-efc7-41b2-abfd-474c642b8fb2
		8e284f52-39da-455d-955a-597a344a5985
		25a4964b-86d8-4095-acb3-2eb38b93516c
2018-11-13 00:03:02,644 22145  INFO  [28cd9b] Doing some complicated stuff.. Random numbers are: 429027359, 1202590844, 743853560.
2018-11-13 00:03:02,644 22145  INFO  [7bb047] Doing some complicated stuff.. Random numbers are: 471797452, 403226913, 1117050864.
2018-11-13 00:03:02,661 22163  INFO  [cc6675] Finished processing user request with id = cc66757d-d93f-41bf-9179-4c2973474731 in 00:00:00.0601655.
2018-11-13 00:03:02,675 22176  INFO  [78e15d] Started processing user request. Id = 78e15da3-2500-4ec4-8318-5604e5e53d92. Size = 67.33 KB.
2018-11-13 00:03:02,683 22184  INFO  [BackgroundDaemon] Processing data (52% completed)..
2018-11-13 00:03:02,683 22184  INFO  [BackgroundDaemon] Finished iteration in 00:00:00.1880718.
2018-11-13 00:03:02,685 22186  ERROR [28cd9b] 
System.InvalidOperationException: Oh no! An error occurred!
2018-11-13 00:03:02,688 22189  INFO  [78e15d] Doing some complicated stuff.. Random numbers are: 6464167, 609749094, 267978891.
2018-11-13 00:03:02,700 22201  INFO  [7bb047] Finished processing user request with id = 7bb047bc-a1b4-40ff-89b5-772a9ca1097c in 00:00:00.0750262.
2018-11-13 00:03:02,708 22209  INFO  [78e15d] Here's some useful guids:
		bfa8fba9-e3f1-467f-8b08-8ab6ad60416d
		23145ee9-00ea-42ce-b5e5-7788fca09997
		6afb7a0f-bed1-4001-802d-e0791979d9f1
2018-11-13 00:03:02,710 22212  ERROR [78e15d] 
System.InvalidOperationException: Oh no! An error occurred!
2018-11-13 00:03:02,717 22218  INFO  [cdf9d4] Started processing user request. Id = cdf9d4d7-961f-4602-bff3-cce6ec2f2c57. Size = 67.07 KB.
2018-11-13 00:03:02,724 22225  INFO  [658a4a] Started processing user request. Id = 658a4a9d-f5ed-4dca-99d0-8b40ce5c5455. Size = 82.21 KB.
2018-11-13 00:03:02,726 22227  INFO  [cdf9d4] Doing some complicated stuff.. Random numbers are: 1524497949, 1035830451, 1749888439.
2018-11-13 00:03:02,733 22234  INFO  [658a4a] Doing some complicated stuff.. Random numbers are: 1335487106, 934926029, 1393874741.
2018-11-13 00:03:02,754 22255  INFO  [cdf9d4] Here's some useful guids:
		db76651f-ad91-44f9-9795-e0a9d904b111
		6da1d72f-c9db-4086-af77-0912268a19ab
2018-11-13 00:03:02,764 22265  INFO  [658a4a] Finished processing user request with id = 658a4a9d-f5ed-4dca-99d0-8b40ce5c5455 in 00:00:00.0400894.
2018-11-13 00:03:02,778 22279  INFO  [cdf9d4] Finished processing user request with id = cdf9d4d7-961f-4602-bff3-cce6ec2f2c57 in 00:00:00.0618098.
2018-11-13 00:03:02,778 22279  INFO  [275483] Started processing user request. Id = 2754833c-650d-4e8a-8cce-5ce226ad4984. Size = 80.79 KB.
2018-11-13 00:03:02,778 22279  INFO  [275483] Doing some complicated stuff.. Random numbers are: 1000165805, 150404204, 9273091.
2018-11-13 00:03:02,786 22287  INFO  [Metrics] Cpu: 1.02%; Memory: 19.79 GB/31.88 GB; Workers: 4/1024; IOCP: 0/1024
2018-11-13 00:03:02,807 22309  ERROR [275483] 
System.InvalidOperationException: Oh no! An error occurred!
2018-11-13 00:03:02,809 22311  INFO  [7cdc25] Started processing user request. Id = 7cdc259c-4e5d-44e0-b2f9-4761bd43f465. Size = 90.85 KB.
2018-11-13 00:03:02,816 22318  INFO  [7cdc25] Doing some complicated stuff.. Random numbers are: 231162780, 14402660, 357304703.
2018-11-13 00:03:02,821 22322  INFO  [ef584f] Started processing user request. Id = ef584fba-4fce-4e5c-b7bd-1a712185dc1d. Size = 45.63 KB.
2018-11-13 00:03:02,839 22340  INFO  [ef584f] Doing some complicated stuff.. Random numbers are: 2011321526, 1477685262, 1864225006.
2018-11-13 00:03:02,843 22344  INFO  [7cdc25] Here's some useful guids:
		41b3268a-f95e-4a0f-bfdf-2013f4858682
2018-11-13 00:03:02,845 22346  INFO  [7cdc25] Finished processing user request with id = 7cdc259c-4e5d-44e0-b2f9-4761bd43f465 in 00:00:00.0358822.
2018-11-13 00:03:02,867 22369  INFO  [d763fe] Started processing user request. Id = d763feb3-00cd-4633-97d0-2f5173d08ee0. Size = 14.13 KB.
2018-11-13 00:03:02,872 22373  INFO  [ef584f] Here's some useful guids:
		0d9d1bf3-56f2-4f73-8c51-d0b62fb9f22e
		f1e0c3ba-19d3-4c31-85c9-921ab2a9d5a5
		db07ebdd-53ab-481a-ab14-2b716e7462ff
		f12f2cfa-30ca-4d57-aeb6-76dc90b9f4c9
2018-11-13 00:03:02,872 22373  INFO  [d763fe] Doing some complicated stuff.. Random numbers are: 1472751985, 972456590, 826515511.
2018-11-13 00:03:02,877 22378  INFO  [544920] Started processing user request. Id = 54492083-6ac8-4806-a0dd-c04be1416f43. Size = 25.6 KB.
2018-11-13 00:03:02,879 22380  INFO  [ef584f] Finished processing user request with id = ef584fba-4fce-4e5c-b7bd-1a712185dc1d in 00:00:00.0573969.
2018-11-13 00:03:02,883 22384  INFO  [544920] Doing some complicated stuff.. Random numbers are: 260652766, 376343173, 554487074.
2018-11-13 00:03:02,884 22385  INFO  [BackgroundDaemon] Starting iteration #15491.
2018-11-13 00:03:02,892 22393  INFO  [0f0749] Started processing user request. Id = 0f0749f2-d9a1-47ef-8a12-5df60a0902be. Size = 7.04 KB.
2018-11-13 00:03:02,904 22405  INFO  [544920] Here's some useful guids:
		ae9fc90a-53c8-49a2-ad68-db330a8ac777
		5ad6855f-f704-4dcf-b7c2-8bfa34d12658
2018-11-13 00:03:02,906 22407  INFO  [0f0749] Doing some complicated stuff.. Random numbers are: 312372333, 1794082508, 1621939014.
2018-11-13 00:03:02,915 22416  INFO  [d763fe] Finished processing user request with id = d763feb3-00cd-4633-97d0-2f5173d08ee0 in 00:00:00.0472218.
2018-11-13 00:03:02,929 22430  INFO  [544920] Finished processing user request with id = 54492083-6ac8-4806-a0dd-c04be1416f43 in 00:00:00.0521581.
2018-11-13 00:03:02,940 22441  INFO  [0f0749] Finished processing user request with id = 0f0749f2-d9a1-47ef-8a12-5df60a0902be in 00:00:00.0485675.
2018-11-13 00:03:02,948 22449  INFO  [BackgroundDaemon] Processing data (4% completed)..
2018-11-13 00:03:02,954 22455  INFO  [a4d25f] Started processing user request. Id = a4d25f06-228c-4e21-bd55-8c97d0752d9c. Size = 1.99 KB.
2018-11-13 00:03:02,961 22462  INFO  [c62387] Started processing user request. Id = c62387e7-871d-470b-92d2-bae03f2e26ee. Size = 30.15 KB.
2018-11-13 00:03:02,966 22467  INFO  [a4d25f] Doing some complicated stuff.. Random numbers are: 2131015463, 1990331619, 205689669.
2018-11-13 00:03:02,966 22467  INFO  [c62387] Doing some complicated stuff.. Random numbers are: 1044800261, 1406492326, 1582557713.
2018-11-13 00:03:02,972 22473  INFO  [a4d25f] Here's some useful guids:
		c145d9fa-f133-47f0-add8-d14259248c7e
		0f1efc9b-220f-4538-acb7-306cd042c601
2018-11-13 00:03:02,978 22480  INFO  [BackgroundDaemon] Processing data (26% completed)..
2018-11-13 00:03:02,978 22480  INFO  [a4d25f] Finished processing user request with id = a4d25f06-228c-4e21-bd55-8c97d0752d9c in 00:00:00.0240906.
2018-11-13 00:03:02,992 22493  INFO  [403c64] Started processing user request. Id = 403c64c6-8191-4c43-a096-7bc914bd2f44. Size = 98.02 KB.
2018-11-13 00:03:02,996 22497  INFO  [c62387] Finished processing user request with id = c62387e7-871d-470b-92d2-bae03f2e26ee in 00:00:00.0356039.
2018-11-13 00:03:03,008 22509  INFO  [403c64] Doing some complicated stuff.. Random numbers are: 934403315, 458466262, 149656464.
2018-11-13 00:03:03,012 22513  INFO  [403c64] Here's some useful guids:
		6b70bd41-3479-4757-adbc-f5a157bc56dd
2018-11-13 00:03:03,017 22518  INFO  [403c64] Finished processing user request with id = 403c64c6-8191-4c43-a096-7bc914bd2f44 in 00:00:00.0249472.
2018-11-13 00:03:03,027 22528  INFO  [406af7] Started processing user request. Id = 406af709-0889-4f1a-85d7-3487a294a41e. Size = 25.02 KB.
2018-11-13 00:03:03,031 22532  INFO  [76220d] Started processing user request. Id = 76220d10-c3fc-4582-ba77-db350eb2a7c6. Size = 78.54 KB.
2018-11-13 00:03:03,039 22540  INFO  [406af7] Doing some complicated stuff.. Random numbers are: 1008158920, 862278270, 2062964244.
2018-11-13 00:03:03,051 22552  INFO  [76220d] Doing some complicated stuff.. Random numbers are: 1968529013, 1715159147, 992788786.
2018-11-13 00:03:03,053 22554  INFO  [406af7] Here's some useful guids:
		47a5bbdb-0430-4030-98d2-aa5e1363b85d
		35b8b3e2-5c62-4852-ac3a-42fbe942573d
		9eaff5f7-dbb6-45c6-a86f-176293b807fa
		9189ab84-df0f-4160-8e64-ceba728459e4
2018-11-13 00:03:03,070 22571  INFO  [406af7] Finished processing user request with id = 406af709-0889-4f1a-85d7-3487a294a41e in 00:00:00.0430627.
2018-11-13 00:03:03,071 22572  INFO  [BackgroundDaemon] Processing data (57% completed)..
2018-11-13 00:03:03,071 22572  INFO  [BackgroundDaemon] Finished iteration in 00:00:00.1877167.
2018-11-13 00:03:03,082 22583  INFO  [b5cec5] Started processing user request. Id = b5cec5fe-6bed-45c0-b0e8-293e2a6f818f. Size = 6.7 KB.
2018-11-13 00:03:03,101 22602  INFO  [b5cec5] Doing some complicated stuff.. Random numbers are: 358835796, 1892036276, 416379304.
2018-11-13 00:03:03,102 22603  INFO  [1abb55] Started processing user request. Id = 1abb5539-686b-4217-acea-de16728c703d. Size = 88.33 KB.
2018-11-13 00:03:03,104 22605  INFO  [1abb55] Doing some complicated stuff.. Random numbers are: 525730878, 2008582916, 635679654.
2018-11-13 00:03:03,106 22607  INFO  [76220d] Finished processing user request with id = 76220d10-c3fc-4582-ba77-db350eb2a7c6 in 00:00:00.0749408.
2018-11-13 00:03:03,120 22621  INFO  [3fa09d] Started processing user request. Id = 3fa09d34-0cad-4823-a3ac-23189731b876. Size = 69.73 KB.
2018-11-13 00:03:03,127 22628  INFO  [3fa09d] Doing some complicated stuff.. Random numbers are: 898455611, 822772903, 271364308.
2018-11-13 00:03:03,130 22631  INFO  [1abb55] Here's some useful guids:
		200a8ba2-0fbf-4de4-bc65-192cbc91b758
		ffeb028f-ed90-4bfb-935d-ce81d7e2a52b
2018-11-13 00:03:03,136 22637  INFO  [3fa09d] Here's some useful guids:
		82c7349f-1277-4ead-ad19-e470f1077592
		61262353-1f70-44fb-8dd7-be87f54f3845
		bd8e95a7-6dc7-4d76-8bc7-eae107170b37
2018-11-13 00:03:03,146 22647  INFO  [1abb55] Finished processing user request with id = 1abb5539-686b-4217-acea-de16728c703d in 00:00:00.0436761.
2018-11-13 00:03:03,156 22657  INFO  [b5cec5] Finished processing user request with id = b5cec5fe-6bed-45c0-b0e8-293e2a6f818f in 00:00:00.0739373.
2018-11-13 00:03:03,165 22666  INFO  [3fa09d] Finished processing user request with id = 3fa09d34-0cad-4823-a3ac-23189731b876 in 00:00:00.0451556.
2018-11-13 00:03:03,177 22678  INFO  [cabbc9] Started processing user request. Id = cabbc975-3e61-4d82-b037-66bb6f1c4955. Size = 26.48 KB.
2018-11-13 00:03:03,178 22679  INFO  [a0bae6] Started processing user request. Id = a0bae6b5-0374-4927-8ae0-8b382a8fe50f. Size = 51.08 KB.
2018-11-13 00:03:03,188 22689  INFO  [cabbc9] Doing some complicated stuff.. Random numbers are: 36457821, 748868097, 397309829.
2018-11-13 00:03:03,195 22696  INFO  [a0bae6] Doing some complicated stuff.. Random numbers are: 1266750253, 462954035, 277369595.
2018-11-13 00:03:03,224 22725  INFO  [a0bae6] Finished processing user request with id = a0bae6b5-0374-4927-8ae0-8b382a8fe50f in 00:00:00.0462318.
2018-11-13 00:03:03,225 22726  INFO  [cabbc9] Finished processing user request with id = cabbc975-3e61-4d82-b037-66bb6f1c4955 in 00:00:00.0482860.
2018-11-13 00:03:03,238 22739  INFO  [5d361b] Started processing user request. Id = 5d361b76-f885-4c9b-abdc-357fce28e13c. Size = 7.44 KB.
2018-11-13 00:03:03,253 22754  INFO  [5d361b] Doing some complicated stuff.. Random numbers are: 1210528646, 1489355866, 937042191.
2018-11-13 00:03:03,256 22758  INFO  [7c7108] Started processing user request. Id = 7c7108ab-5deb-4e47-8908-cb16663feafe. Size = 26.48 KB.
2018-11-13 00:03:03,269 22770  INFO  [7c7108] Doing some complicated stuff.. Random numbers are: 221201749, 2026441428, 1713556441.
2018-11-13 00:03:03,272 22773  INFO  [BackgroundDaemon] Starting iteration #15492.
2018-11-13 00:03:03,276 22777  INFO  [5d361b] Finished processing user request with id = 5d361b76-f885-4c9b-abdc-357fce28e13c in 00:00:00.0380346.
2018-11-13 00:03:03,285 22787  INFO  [Metrics] Cpu: 0.05%; Memory: 19.79 GB/31.88 GB; Workers: 4/1024; IOCP: 0/1024
2018-11-13 00:03:03,289 22790  INFO  [43c254] Started processing user request. Id = 43c2544b-5fc0-4651-af07-59caf8c5da6b. Size = 19 KB.
2018-11-13 00:03:03,299 22800  INFO  [43c254] Doing some complicated stuff.. Random numbers are: 478235964, 552735698, 772898444.
2018-11-13 00:03:03,300 22801  INFO  [BackgroundDaemon] Processing data (11% completed)..
2018-11-13 00:03:03,300 22801  INFO  [7c7108] Here's some useful guids:
		b7e97573-831b-4a42-8f58-75aca97342f2
		1df8da59-4c36-4243-9b08-47f2f86c38f3
		45e3a49b-3ae0-49b8-8651-a69e1c790802
		7f6d7b88-8d8a-48cd-ac58-de7f41817bc2
2018-11-13 00:03:03,311 22812  INFO  [43c254] Finished processing user request with id = 43c2544b-5fc0-4651-af07-59caf8c5da6b in 00:00:00.0219177.
2018-11-13 00:03:03,323 22825  INFO  [b1f544] Started processing user request. Id = b1f5449f-b23f-4745-af26-84d66ed3a665. Size = 70.26 KB.
2018-11-13 00:03:03,324 22826  INFO  [49b08e] Started processing user request. Id = 49b08ef4-0eed-41db-bdc5-0a058fe4cdf1. Size = 37.94 KB.
2018-11-13 00:03:03,327 22828  INFO  [b1f544] Doing some complicated stuff.. Random numbers are: 1720381049, 1721222491, 2051252843.
2018-11-13 00:03:03,328 22829  INFO  [7c7108] Finished processing user request with id = 7c7108ab-5deb-4e47-8908-cb16663feafe in 00:00:00.0711242.
2018-11-13 00:03:03,331 22832  INFO  [49b08e] Doing some complicated stuff.. Random numbers are: 2087156175, 1363476969, 1301956746.
2018-11-13 00:03:03,340 22841  INFO  [49b08e] Here's some useful guids:
		4f4c9ddf-ba2c-4a4c-84f5-a314ceafb9d0
		9fb039e9-cac1-4ad4-916c-153fd893eb68
		dc3d94c6-eaf6-48a4-a380-261786fdabec
		fc0c03a8-7a8e-4293-a2df-efdee7bc7beb
2018-11-13 00:03:03,358 22859  INFO  [BackgroundDaemon] Processing data (30% completed)..
2018-11-13 00:03:03,359 22860  INFO  [1a96be] Started processing user request. Id = 1a96be4b-f18f-44a5-9165-d430d80de8f4. Size = 80.79 KB.
2018-11-13 00:03:03,362 22863  INFO  [1a96be] Doing some complicated stuff.. Random numbers are: 1719346139, 1251928951, 423980160.
2018-11-13 00:03:03,362 22863  INFO  [49b08e] Finished processing user request with id = 49b08ef4-0eed-41db-bdc5-0a058fe4cdf1 in 00:00:00.0379170.
2018-11-13 00:03:03,363 22864  INFO  [b1f544] Here's some useful guids:
		d5d674d6-a6fd-4b71-8bcf-5624a75377c8
		9781f25a-6632-4f14-84e7-cab313b6fdb1
2018-11-13 00:03:03,364 22865  INFO  [b1f544] Finished processing user request with id = b1f5449f-b23f-4745-af26-84d66ed3a665 in 00:00:00.0409237.
2018-11-13 00:03:03,375 22877  INFO  [c07b84] Started processing user request. Id = c07b844d-362f-4682-816f-e5c00c86dfed. Size = 76.94 KB.
2018-11-13 00:03:03,391 22893  INFO  [c07b84] Doing some complicated stuff.. Random numbers are: 1159914104, 1857809991, 507842941.
2018-11-13 00:03:03,403 22904  INFO  [1a96be] Finished processing user request with id = 1a96be4b-f18f-44a5-9165-d430d80de8f4 in 00:00:00.0438925.
2018-11-13 00:03:03,403 22904  INFO  [BackgroundDaemon] Processing data (59% completed)..
2018-11-13 00:03:03,403 22904  INFO  [BackgroundDaemon] Finished iteration in 00:00:00.1309464.
2018-11-13 00:03:03,422 22923  INFO  [c07b84] Finished processing user request with id = c07b844d-362f-4682-816f-e5c00c86dfed in 00:00:00.0467969.
2018-11-13 00:03:03,434 22935  INFO  [f1f1be] Started processing user request. Id = f1f1be2c-ad85-4fc9-8a3b-2d1c3f3712ea. Size = 18.7 KB.
2018-11-13 00:03:03,434 22935  INFO  [f1f1be] Doing some complicated stuff.. Random numbers are: 812287823, 326628623, 48078777.
2018-11-13 00:03:03,435 22936  INFO  [c7545b] Started processing user request. Id = c7545b69-2a4d-4dd1-b04e-938919bdfa2f. Size = 60.83 KB.
2018-11-13 00:03:03,455 22956  INFO  [c7545b] Doing some complicated stuff.. Random numbers are: 1736813795, 780245896, 474057986.
2018-11-13 00:03:03,459 22961  INFO  [f1f1be] Finished processing user request with id = f1f1be2c-ad85-4fc9-8a3b-2d1c3f3712ea in 00:00:00.0250695.
2018-11-13 00:03:03,486 22988  INFO  [c7545b] Here's some useful guids:
		abb4168f-e872-47c1-aa20-92192575b6ad
		19c23ad2-2009-4050-b6fa-47d4f1577e3d
		4fcd0efc-9b28-4ecc-bd30-629b5ad7406e
2018-11-13 00:03:03,491 22992  INFO  [24005f] Started processing user request. Id = 24005f83-ebbb-4b05-a961-e1557afe12f7. Size = 11.85 KB.
2018-11-13 00:03:03,495 22996  INFO  [24005f] Doing some complicated stuff.. Random numbers are: 1384596771, 1451009145, 608283929.
2018-11-13 00:03:03,505 23006  INFO  [c7545b] Finished processing user request with id = c7545b69-2a4d-4dd1-b04e-938919bdfa2f in 00:00:00.0693028.
2018-11-13 00:03:03,507 23008  INFO  [24005f] Here's some useful guids:
		48d85193-77a5-4250-80b7-6e4b14804742
		0372d9c8-b48b-4448-909a-ea1ec5b4f458
2018-11-13 00:03:03,519 23020  INFO  [098a40] Started processing user request. Id = 098a4089-b4b0-44e9-b3ad-665854ac466a. Size = 46.18 KB.
2018-11-13 00:03:03,530 23031  INFO  [098a40] Doing some complicated stuff.. Random numbers are: 1515604331, 1802248521, 1456509578.
2018-11-13 00:03:03,530 23031  INFO  [24005f] Finished processing user request with id = 24005f83-ebbb-4b05-a961-e1557afe12f7 in 00:00:00.0390709.
2018-11-13 00:03:03,532 23033  INFO  [a225f6] Started processing user request. Id = a225f62d-ce93-40da-be5e-027edec0cc17. Size = 5.29 KB.
2018-11-13 00:03:03,532 23033  INFO  [a225f6] Doing some complicated stuff.. Random numbers are: 945889441, 608440336, 823637694.
2018-11-13 00:03:03,538 23039  INFO  [098a40] Here's some useful guids:
		2980eac0-0ed7-4d41-a039-07ffc3f92de5
		23df057a-187b-414e-aa82-6b9ce0bc4cb3
		d82f7131-917f-4042-811e-ec36ac04ce0e
2018-11-13 00:03:03,551 23052  INFO  [098a40] Finished processing user request with id = 098a4089-b4b0-44e9-b3ad-665854ac466a in 00:00:00.0326532.
2018-11-13 00:03:03,561 23062  INFO  [d12e7f] Started processing user request. Id = d12e7fc0-c926-4514-9bf6-425ff86d1a75. Size = 43.86 KB.
2018-11-13 00:03:03,564 23065  INFO  [d12e7f] Doing some complicated stuff.. Random numbers are: 462327150, 1838467485, 935244791.
2018-11-13 00:03:03,565 23066  INFO  [cba5d4] Started processing user request. Id = cba5d4c0-f2c0-4487-b3f4-4447bf9b8ace. Size = 31.53 KB.
2018-11-13 00:03:03,566 23067  INFO  [a225f6] Here's some useful guids:
		45179b19-f51e-470d-94ea-0a05a0287cbc
2018-11-13 00:03:03,575 23076  INFO  [cba5d4] Doing some complicated stuff.. Random numbers are: 1733545039, 1821303856, 1186775809.
2018-11-13 00:03:03,576 23077  INFO  [a225f6] Finished processing user request with id = a225f62d-ce93-40da-be5e-027edec0cc17 in 00:00:00.0440914.
2018-11-13 00:03:03,576 23077  INFO  [d12e7f] Finished processing user request with id = d12e7fc0-c926-4514-9bf6-425ff86d1a75 in 00:00:00.0150243.
2018-11-13 00:03:03,604 23105  INFO  [BackgroundDaemon] Starting iteration #15493.
2018-11-13 00:03:03,604 23105  INFO  [cba5d4] Finished processing user request with id = cba5d4c0-f2c0-4487-b3f4-4447bf9b8ace in 00:00:00.0389056.
2018-11-13 00:03:03,607 23108  INFO  [e1b09f] Started processing user request. Id = e1b09fbe-b1c3-466e-9f66-96e1cae955f3. Size = 92.27 KB.
2018-11-13 00:03:03,617 23118  INFO  [4ccab7] Started processing user request. Id = 4ccab77b-4691-45eb-9cbc-ffb9f16d336d. Size = 96.79 KB.
2018-11-13 00:03:03,624 23125  INFO  [e1b09f] Doing some complicated stuff.. Random numbers are: 831818300, 1461404409, 544346485.
2018-11-13 00:03:03,634 23135  INFO  [4ccab7] Doing some complicated stuff.. Random numbers are: 1627718544, 1372265140, 779651559.
2018-11-13 00:03:03,653 23154  INFO  [e1b09f] Finished processing user request with id = e1b09fbe-b1c3-466e-9f66-96e1cae955f3 in 00:00:00.0460095.
2018-11-13 00:03:03,666 23167  INFO  [BackgroundDaemon] Processing data (2% completed)..
2018-11-13 00:03:03,678 23179  ERROR [4ccab7] 
System.InvalidOperationException: Oh no! An error occurred!
2018-11-13 00:03:03,684 23185  INFO  [c78d51] Started processing user request. Id = c78d5190-b17a-4bac-99a1-623d7bc6aedf. Size = 48.73 KB.
2018-11-13 00:03:03,685 23186  INFO  [c78d51] Doing some complicated stuff.. Random numbers are: 1830277133, 1788913557, 140320525.
2018-11-13 00:03:03,691 23192  INFO  [462977] Started processing user request. Id = 462977bb-02ab-4baf-9a59-eac317233b38. Size = 73.72 KB.
2018-11-13 00:03:03,705 23206  INFO  [BackgroundDaemon] Processing data (46% completed)..
2018-11-13 00:03:03,707 23208  INFO  [462977] Doing some complicated stuff.. Random numbers are: 702801526, 1627207377, 1297616470.
2018-11-13 00:03:03,721 23223  INFO  [462977] Here's some useful guids:
		9b8b8317-396f-4b57-9070-ad588c09b066
		2434baaf-1a09-44b9-9c62-8091b3f2191b
		820ed126-cb50-4a0c-bbad-da1b0c74560b
		eee6f027-0d2e-4e44-8975-312ed1dd3460
2018-11-13 00:03:03,724 23226  ERROR [462977] 
System.InvalidOperationException: Oh no! An error occurred!
2018-11-13 00:03:03,726 23228  INFO  [BackgroundDaemon] Processing data (97% completed)..
2018-11-13 00:03:03,726 23228  INFO  [BackgroundDaemon] Finished iteration in 00:00:00.1227744.
2018-11-13 00:03:03,726 23228  INFO  [c78d51] Finished processing user request with id = c78d5190-b17a-4bac-99a1-623d7bc6aedf in 00:00:00.0423949.
2018-11-13 00:03:03,738 23239  INFO  [6df5a0] Started processing user request. Id = 6df5a078-e616-4b69-bd38-98e7d8a1d8e3. Size = 84.59 KB.
2018-11-13 00:03:03,743 23244  INFO  [373274] Started processing user request. Id = 373274e9-3890-4e00-881e-880345653955. Size = 82.59 KB.
2018-11-13 00:03:03,752 23253  INFO  [6df5a0] Doing some complicated stuff.. Random numbers are: 1951271184, 1991056776, 345941000.
2018-11-13 00:03:03,752 23253  INFO  [373274] Doing some complicated stuff.. Random numbers are: 347887910, 564728953, 1363302315.
2018-11-13 00:03:03,758 23259  INFO  [cd56ff] Started processing user request. Id = cd56ff99-2e6e-4542-ad2e-22c2b91a9994. Size = 14.48 KB.
2018-11-13 00:03:03,767 23268  INFO  [6df5a0] Finished processing user request with id = 6df5a078-e616-4b69-bd38-98e7d8a1d8e3 in 00:00:00.0289873.
2018-11-13 00:03:03,775 23276  INFO  [cd56ff] Doing some complicated stuff.. Random numbers are: 1092910235, 592657650, 1745163661.
2018-11-13 00:03:03,776 23277  INFO  [373274] Here's some useful guids:
		a2158d26-7997-4842-8606-b5b9678e5415
		fe559771-6f9a-44e3-af5b-ce2aaaf80ccf
		0bec3f6b-4ef9-45cb-8d82-a0fc3aa88c35
		17786efd-0bee-4ca9-9b89-1bf2e0eb3931
2018-11-13 00:03:03,780 23281  INFO  [373274] Finished processing user request with id = 373274e9-3890-4e00-881e-880345653955 in 00:00:00.0364323.
2018-11-13 00:03:03,781 23282  INFO  [e24454] Started processing user request. Id = e2445432-7e3d-4069-8801-38d0dc3ca633. Size = 94.28 KB.
2018-11-13 00:03:03,782 23283  INFO  [cd56ff] Here's some useful guids:
		168e07c3-789f-4b24-839f-dacc5bd06c04
		8750bfdb-bca0-4942-8bfd-74452080e3fb
		a00d9733-802f-4030-a2e0-7557d767bdda
		3c2eba38-c253-4bae-ad47-0a727b97e24f
2018-11-13 00:03:03,784 23286  INFO  [Metrics] Cpu: 0.05%; Memory: 19.79 GB/31.88 GB; Workers: 4/1024; IOCP: 0/1024
2018-11-13 00:03:03,787 23288  ERROR [cd56ff] 
System.InvalidOperationException: Oh no! An error occurred!
2018-11-13 00:03:03,797 23298  INFO  [e24454] Doing some complicated stuff.. Random numbers are: 2112763702, 1998342977, 1343213008.
2018-11-13 00:03:03,818 23319  INFO  [cc6c7c] Started processing user request. Id = cc6c7cad-10cd-40af-8840-19fc24aa13ab. Size = 14.85 KB.
2018-11-13 00:03:03,837 23338  INFO  [cc6c7c] Doing some complicated stuff.. Random numbers are: 2034030869, 667674176, 2130940240.
2018-11-13 00:03:03,846 23348  INFO  [e24454] Finished processing user request with id = e2445432-7e3d-4069-8801-38d0dc3ca633 in 00:00:00.0657097.
2018-11-13 00:03:03,860 23361  INFO  [227e2d] Started processing user request. Id = 227e2d67-6315-4160-8fdf-c8f92fcf97a6. Size = 87.72 KB.
2018-11-13 00:03:03,867 23368  INFO  [227e2d] Doing some complicated stuff.. Random numbers are: 363142993, 171703886, 1358959967.
2018-11-13 00:03:03,879 23380  INFO  [cc6c7c] Finished processing user request with id = cc6c7cad-10cd-40af-8840-19fc24aa13ab in 00:00:00.0601570.
2018-11-13 00:03:03,900 23401  INFO  [227e2d] Finished processing user request with id = 227e2d67-6315-4160-8fdf-c8f92fcf97a6 in 00:00:00.0399654.
2018-11-13 00:03:03,910 23411  INFO  [42d0a1] Started processing user request. Id = 42d0a1b7-f0a9-41f9-8fcc-3e73c1b7d0d9. Size = 52.6 KB.
2018-11-13 00:03:03,913 23414  INFO  [a8d0e7] Started processing user request. Id = a8d0e749-3b33-4be5-81d7-6b4cd0ab52bb. Size = 55.31 KB.
2018-11-13 00:03:03,918 23419  INFO  [42d0a1] Doing some complicated stuff.. Random numbers are: 672736804, 1339837066, 1817738813.
2018-11-13 00:03:03,927 23428  INFO  [BackgroundDaemon] Starting iteration #15494.
2018-11-13 00:03:03,930 23431  INFO  [a8d0e7] Doing some complicated stuff.. Random numbers are: 947590326, 1272213659, 1879044180.
2018-11-13 00:03:03,947 23449  INFO  [10beaf] Started processing user request. Id = 10beafc6-56a6-4ebb-99eb-2a2569cfca0c. Size = 50.94 KB.
2018-11-13 00:03:03,954 23456  INFO  [10beaf] Doing some complicated stuff.. Random numbers are: 1342006216, 560067264, 319068940.
2018-11-13 00:03:03,955 23457  INFO  [42d0a1] Finished processing user request with id = 42d0a1b7-f0a9-41f9-8fcc-3e73c1b7d0d9 in 00:00:00.0458558.
2018-11-13 00:03:03,960 23462  ERROR [a8d0e7] 
System.InvalidOperationException: Oh no! An error occurred!
2018-11-13 00:03:03,967 23468  INFO  [BackgroundDaemon] Processing data (2% completed)..
2018-11-13 00:03:03,974 23475  INFO  [85b94b] Started processing user request. Id = 85b94bdf-11e3-48bf-9c17-56f1e8cf4353. Size = 7.61 KB.
2018-11-13 00:03:03,987 23488  INFO  [8a947b] Started processing user request. Id = 8a947b70-43b0-4c2a-9f81-75289fea69be. Size = 60.25 KB.
2018-11-13 00:03:03,989 23490  INFO  [8a947b] Doing some complicated stuff.. Random numbers are: 1500634252, 398223183, 1565188133.
2018-11-13 00:03:03,990 23491  INFO  [10beaf] Finished processing user request with id = 10beafc6-56a6-4ebb-99eb-2a2569cfca0c in 00:00:00.0420855.
2018-11-13 00:03:03,992 23493  INFO  [85b94b] Doing some complicated stuff.. Random numbers are: 1281777544, 797032128, 1154460957.
2018-11-13 00:03:04,012 23513  INFO  [85b94b] Here's some useful guids:
		141b6b5e-85e6-476a-8122-7b5bb34aecab
		a6727319-a90c-40cc-905a-27f1e004f02c
		50dc9dec-c003-4f74-b5ac-fd7ef43f2873
		d1c3bc65-3fe5-48d1-8c91-6071f80b852c
2018-11-13 00:03:04,016 23517  INFO  [85b94b] Finished processing user request with id = 85b94bdf-11e3-48bf-9c17-56f1e8cf4353 in 00:00:00.0425198.
2018-11-13 00:03:04,023 23524  ERROR [8a947b] 
System.InvalidOperationException: Oh no! An error occurred!
2018-11-13 00:03:04,030 23531  INFO  [aa7aa5] Started processing user request. Id = aa7aa5bb-7573-4579-8b8a-21fa3fedc454. Size = 89.85 KB.
2018-11-13 00:03:04,044 23545  INFO  [aa7aa5] Doing some complicated stuff.. Random numbers are: 1873610140, 2088097247, 1991861958.
2018-11-13 00:03:04,048 23549  INFO  [BackgroundDaemon] Processing data (43% completed)..
2018-11-13 00:03:04,055 23556  INFO  [ba1b7b] Started processing user request. Id = ba1b7b6c-c004-4691-9c2c-2f69eb91a293. Size = 65.18 KB.
2018-11-13 00:03:04,055 23556  INFO  [ba1b7b] Doing some complicated stuff.. Random numbers are: 478722296, 686445668, 1369983581.
2018-11-13 00:03:04,070 23571  ERROR [ba1b7b] 
System.InvalidOperationException: Oh no! An error occurred!
2018-11-13 00:03:04,087 23588  INFO  [aa7aa5] Finished processing user request with id = aa7aa5bb-7573-4579-8b8a-21fa3fedc454 in 00:00:00.0571814.
2018-11-13 00:03:04,095 23596  INFO  [BackgroundDaemon] Processing data (70% completed)..
2018-11-13 00:03:04,095 23596  INFO  [BackgroundDaemon] Finished iteration in 00:00:00.1674573.
2018-11-13 00:03:04,100 23601  INFO  [9aa6ab] Started processing user request. Id = 9aa6ab51-47a1-4bf9-9ba3-fa25333a5f5b. Size = 76.74 KB.
2018-11-13 00:03:04,100 23601  INFO  [9aa6ab] Doing some complicated stuff.. Random numbers are: 1130008891, 370958433, 1216013895.
2018-11-13 00:03:04,101 23602  INFO  [82d1a7] Started processing user request. Id = 82d1a70e-4971-4034-a246-3f5efdedfe36. Size = 53.92 KB.
2018-11-13 00:03:04,116 23617  INFO  [82d1a7] Doing some complicated stuff.. Random numbers are: 1846820540, 724360476, 587659517.
2018-11-13 00:03:04,117 23618  INFO  [9aa6ab] Here's some useful guids:
		48815c7d-6c69-4c82-88ca-0c296f014948
		15653403-dd1d-435f-aab6-ee7fd75d4317
2018-11-13 00:03:04,139 23641  INFO  [9aa6ab] Finished processing user request with id = 9aa6ab51-47a1-4bf9-9ba3-fa25333a5f5b in 00:00:00.0395979.
2018-11-13 00:03:04,152 23653  INFO  [82d1a7] Finished processing user request with id = 82d1a70e-4971-4034-a246-3f5efdedfe36 in 00:00:00.0509273.
2018-11-13 00:03:04,153 23654  INFO  [a0c8e6] Started processing user request. Id = a0c8e6d1-0724-4eea-9290-f4489aaaaca2. Size = 91.83 KB.
2018-11-13 00:03:04,157 23658  INFO  [6bcd4c] Started processing user request. Id = 6bcd4c25-cefc-4183-8125-a2c42a4ab207. Size = 75.71 KB.
2018-11-13 00:03:04,165 23666  INFO  [6bcd4c] Doing some complicated stuff.. Random numbers are: 2116585939, 798848876, 1693918450.
2018-11-13 00:03:04,169 23670  INFO  [a0c8e6] Doing some complicated stuff.. Random numbers are: 43948030, 1790675322, 2019370079.
2018-11-13 00:03:04,183 23684  INFO  [f854aa] Started processing user request. Id = f854aa0e-18e8-4407-92a3-907d0ff43482. Size = 81.87 KB.
2018-11-13 00:03:04,187 23688  INFO  [f854aa] Doing some complicated stuff.. Random numbers are: 1422655069, 1847910767, 1985141049.
2018-11-13 00:03:04,195 23696  INFO  [a0c8e6] Finished processing user request with id = a0c8e6d1-0724-4eea-9290-f4489aaaaca2 in 00:00:00.0420987.
2018-11-13 00:03:04,200 23701  INFO  [6bcd4c] Here's some useful guids:
		8e4252e3-2c1a-4d2c-80b8-dd8f4ec721cb
		c1a60173-bb72-461b-b49f-ac5fde2a03ad
		2e5e931e-6a8c-4ec9-b030-656253ccd0ce
		d47e7581-26ee-4ecb-af82-62f317b46b45
2018-11-13 00:03:04,205 23706  INFO  [f854aa] Here's some useful guids:
		1284d6d8-30eb-4801-b5b4-5219fe08cd74
2018-11-13 00:03:04,208 23709  INFO  [4c0a77] Started processing user request. Id = 4c0a7792-d486-4fbd-a6df-8b43cc913348. Size = 79.02 KB.
2018-11-13 00:03:04,209 23710  INFO  [f854aa] Finished processing user request with id = f854aa0e-18e8-4407-92a3-907d0ff43482 in 00:00:00.0264712.
2018-11-13 00:03:04,220 23721  INFO  [6bcd4c] Finished processing user request with id = 6bcd4c25-cefc-4183-8125-a2c42a4ab207 in 00:00:00.0631106.
2018-11-13 00:03:04,221 23722  INFO  [4c0a77] Doing some complicated stuff.. Random numbers are: 1409733869, 33641919, 531939269.
2018-11-13 00:03:04,241 23742  INFO  [c57472] Started processing user request. Id = c57472f3-185f-43a5-8303-9a2d1005bfad. Size = 94.8 KB.
2018-11-13 00:03:04,246 23747  INFO  [c57472] Doing some complicated stuff.. Random numbers are: 554524866, 1604010605, 1578584284.
2018-11-13 00:03:04,264 23766  INFO  [4c0a77] Finished processing user request with id = 4c0a7792-d486-4fbd-a6df-8b43cc913348 in 00:00:00.0561465.
2018-11-13 00:03:04,267 23769  INFO  [c57472] Here's some useful guids:
		bc520a27-3ad2-4b4f-bc14-033fa6375453
		ddac0404-7d96-4660-b42a-f6a571b26717
		555dda1f-6090-4560-851c-31562e938523
		b6070c31-b3e3-469b-9f20-024af3629082
2018-11-13 00:03:04,278 23779  INFO  [80fea2] Started processing user request. Id = 80fea289-854e-4fc4-aee9-d8e3a79a1896. Size = 87.8 KB.
2018-11-13 00:03:04,283 23784  INFO  [c57472] Finished processing user request with id = c57472f3-185f-43a5-8303-9a2d1005bfad in 00:00:00.0416008.
2018-11-13 00:03:04,284 23785  INFO  [Metrics] Cpu: 0.59%; Memory: 19.79 GB/31.88 GB; Workers: 4/1024; IOCP: 0/1024
2018-11-13 00:03:04,289 23790  INFO  [80fea2] Doing some complicated stuff.. Random numbers are: 105937267, 195658385, 909056437.
2018-11-13 00:03:04,295 23796  INFO  [80fea2] Here's some useful guids:
		2f7fa9b5-5d1b-46b1-acbd-880680240c17
		4a9677a4-4119-4fec-b347-a015c68d0279
		878f7d07-0662-4ec1-bced-779883c0a8a3
		b52d0f3a-36d8-415f-9b9e-e891cde3a7be
		96152f1d-3de1-4fed-9c99-243fb3214d67
2018-11-13 00:03:04,296 23797  INFO  [BackgroundDaemon] Starting iteration #15495.
2018-11-13 00:03:04,311 23812  INFO  [80fea2] Finished processing user request with id = 80fea289-854e-4fc4-aee9-d8e3a79a1896 in 00:00:00.0329635.
2018-11-13 00:03:04,314 23815  INFO  [10a70c] Started processing user request. Id = 10a70c81-e7e7-436d-af23-e3f1f2522207. Size = 73.93 KB.
2018-11-13 00:03:04,316 23817  INFO  [10a70c] Doing some complicated stuff.. Random numbers are: 2018183660, 1186547600, 1002232791.
2018-11-13 00:03:04,324 23825  INFO  [35e9aa] Started processing user request. Id = 35e9aab1-6330-4a6d-87cf-c9772e27d5a4. Size = 3 KB.
2018-11-13 00:03:04,328 23829  INFO  [BackgroundDaemon] Processing data (0% completed)..
2018-11-13 00:03:04,343 23844  INFO  [35e9aa] Doing some complicated stuff.. Random numbers are: 592054168, 515004828, 1481691962.
2018-11-13 00:03:04,343 23844  INFO  [10a70c] Finished processing user request with id = 10a70c81-e7e7-436d-af23-e3f1f2522207 in 00:00:00.0291137.
2018-11-13 00:03:04,352 23853  INFO  [35e9aa] Here's some useful guids:
		34d5c411-a6f7-4293-aa00-c0ee3f6be9e8
		d18b01e0-0cdc-4a98-a1da-14d836e4348c
		26ee84ca-8ab7-4c1f-b141-3cf6b64e3836
		5ab41220-4649-463c-b531-cafe2f6c8e47
		8c27b354-e01e-4910-941e-c22a926172ff
2018-11-13 00:03:04,360 23862  INFO  [BackgroundDaemon] Processing data (30% completed)..
2018-11-13 00:03:04,374 23875  INFO  [d877c4] Started processing user request. Id = d877c47d-18a2-4602-bbe1-eedb7aebeb46. Size = 78.43 KB.
2018-11-13 00:03:04,379 23881  INFO  [35e9aa] Finished processing user request with id = 35e9aab1-6330-4a6d-87cf-c9772e27d5a4 in 00:00:00.0550797.
2018-11-13 00:03:04,387 23889  INFO  [2d65e6] Started processing user request. Id = 2d65e6fc-547d-4221-8daa-3b112cf3c96b. Size = 703 B.
2018-11-13 00:03:04,387 23889  INFO  [2d65e6] Doing some complicated stuff.. Random numbers are: 1418019714, 1243834832, 1837314302.
2018-11-13 00:03:04,392 23894  INFO  [d877c4] Doing some complicated stuff.. Random numbers are: 532935051, 1198695507, 1211697244.
2018-11-13 00:03:04,393 23895  INFO  [baa06a] Started processing user request. Id = baa06abd-967c-4c13-b797-fd35b264775d. Size = 91.48 KB.
2018-11-13 00:03:04,402 23903  INFO  [baa06a] Doing some complicated stuff.. Random numbers are: 830162111, 917756484, 561104795.
2018-11-13 00:03:04,415 23916  INFO  [2d65e6] Here's some useful guids:
		a1d80fea-24d2-40dc-80eb-81b69216968f
2018-11-13 00:03:04,422 23923  INFO  [d877c4] Here's some useful guids:
		c65ed755-cb53-4caf-a983-48e4d86ee7b6
		841dacb3-6109-4611-8a19-aa47dba7d294
2018-11-13 00:03:04,432 23933  INFO  [2d65e6] Finished processing user request with id = 2d65e6fc-547d-4221-8daa-3b112cf3c96b in 00:00:00.0440424.
2018-11-13 00:03:04,440 23941  INFO  [baa06a] Here's some useful guids:
		55cbb1a4-9f93-4ba8-8f16-c14ccf023ff6
2018-11-13 00:03:04,440 23941  INFO  [baa06a] Finished processing user request with id = baa06abd-967c-4c13-b797-fd35b264775d in 00:00:00.0461256.
2018-11-13 00:03:04,446 23947  INFO  [d877c4] Finished processing user request with id = d877c47d-18a2-4602-bbe1-eedb7aebeb46 in 00:00:00.0715107.
2018-11-13 00:03:04,452 23953  INFO  [BackgroundDaemon] Processing data (90% completed)..
2018-11-13 00:03:04,452 23953  INFO  [BackgroundDaemon] Finished iteration in 00:00:00.1566279.
2018-11-13 00:03:04,453 23954  INFO  [e97fe6] Started processing user request. Id = e97fe6f5-5cfe-4e09-84ae-95e7b060f768. Size = 18.22 KB.
2018-11-13 00:03:04,470 23972  INFO  [e97fe6] Doing some complicated stuff.. Random numbers are: 695142328, 1225749469, 831347930.
2018-11-13 00:03:04,477 23979  INFO  [d68e7c] Started processing user request. Id = d68e7cca-e737-475b-889f-03469d667dd1. Size = 76.04 KB.
2018-11-13 00:03:04,479 23981  INFO  [e97fe6] Here's some useful guids:
		5de7b915-7666-4235-a43f-6a5793d3178c
		d0745ffe-ffcc-4d19-b4aa-8d68df8126a9
		44724abf-1812-4914-b8b2-a3a067aa4a3e
		9fdcbb08-f137-4041-8ef2-2adff7c34d49
		87ec1c18-fe1e-4d89-b573-74745d11ea44
2018-11-13 00:03:04,483 23984  INFO  [d68e7c] Doing some complicated stuff.. Random numbers are: 1366365204, 179494978, 875494201.
2018-11-13 00:03:04,492 23993  INFO  [e97fe6] Finished processing user request with id = e97fe6f5-5cfe-4e09-84ae-95e7b060f768 in 00:00:00.0385223.
2018-11-13 00:03:04,505 24006  INFO  [0ac8d9] Started processing user request. Id = 0ac8d9de-e531-4add-8730-c7505463ae9b. Size = 80.88 KB.
2018-11-13 00:03:04,505 24006  INFO  [0ac8d9] Doing some complicated stuff.. Random numbers are: 6317142, 1752781725, 182756259.
2018-11-13 00:03:04,506 24007  INFO  [d68e7c] Finished processing user request with id = d68e7cca-e737-475b-889f-03469d667dd1 in 00:00:00.0289181.
2018-11-13 00:03:04,538 24039  INFO  [4d97d8] Started processing user request. Id = 4d97d89c-291f-4248-8427-38df439ac28b. Size = 12.26 KB.
2018-11-13 00:03:04,541 24042  ERROR [0ac8d9] 
System.InvalidOperationException: Oh no! An error occurred!
2018-11-13 00:03:04,554 24056  INFO  [4d97d8] Doing some complicated stuff.. Random numbers are: 313758337, 73093949, 916537905.
2018-11-13 00:03:04,554 24056  INFO  [725396] Started processing user request. Id = 7253965e-7cd1-44f9-9b1d-d40d46749fa3. Size = 75.25 KB.
2018-11-13 00:03:04,554 24056  INFO  [725396] Doing some complicated stuff.. Random numbers are: 96284979, 1684453852, 543854240.
2018-11-13 00:03:04,585 24086  INFO  [725396] Here's some useful guids:
		3ca997e5-d2ed-4c87-957b-e0c5891fa5e1
2018-11-13 00:03:04,593 24094  INFO  [4d97d8] Here's some useful guids:
		d00abfd7-042c-4b00-851b-f365b8105808
		a7149e3e-c532-447a-b73d-bb63d40edd87
		e65e4848-c863-4f94-8043-644d48975dbe
		bc6c87b1-a8ce-4c87-afd3-7e00cda202e3
2018-11-13 00:03:04,599 24100  INFO  [a07aad] Started processing user request. Id = a07aad06-e4c6-455f-ba60-c200d261056c. Size = 34.89 KB.
2018-11-13 00:03:04,601 24102  INFO  [4d97d8] Finished processing user request with id = 4d97d89c-291f-4248-8427-38df439ac28b in 00:00:00.0637631.
2018-11-13 00:03:04,604 24105  INFO  [725396] Finished processing user request with id = 7253965e-7cd1-44f9-9b1d-d40d46749fa3 in 00:00:00.0498983.
2018-11-13 00:03:04,615 24116  INFO  [a07aad] Doing some complicated stuff.. Random numbers are: 781592630, 618809234, 562845253.
2018-11-13 00:03:04,618 24119  INFO  [6687b5] Started processing user request. Id = 6687b5e5-ef9c-4c14-9482-31a37fa843eb. Size = 48.38 KB.
2018-11-13 00:03:04,633 24134  INFO  [6879b6] Started processing user request. Id = 6879b6c0-88fa-4b71-a1e9-19645ca4ad1a. Size = 38.65 KB.
2018-11-13 00:03:04,637 24138  INFO  [6687b5] Doing some complicated stuff.. Random numbers are: 1898870275, 1969744937, 586010620.
2018-11-13 00:03:04,639 24140  INFO  [a07aad] Finished processing user request with id = a07aad06-e4c6-455f-ba60-c200d261056c in 00:00:00.0399645.
2018-11-13 00:03:04,645 24146  INFO  [6879b6] Doing some complicated stuff.. Random numbers are: 1076883158, 1370505601, 1557234326.
2018-11-13 00:03:04,652 24154  INFO  [BackgroundDaemon] Starting iteration #15496.
2018-11-13 00:03:04,657 24159  INFO  [6879b6] Here's some useful guids:
		9d3fec87-dddb-494d-82e0-ddf367db03dd
		3d94818f-6e41-4762-a4a4-4902c05bc166
		3fff1c66-d4f0-4b1a-abb7-c19c724633db
		f18da831-6cab-4061-a3e8-9ae87e1783a2
2018-11-13 00:03:04,658 24160  INFO  [6687b5] Here's some useful guids:
		95a91c27-d2b3-4ddc-8b1b-c5ce66f9d999
		29d3842f-ed6f-4d5f-88fd-5e9047706a24
		672302e7-6bf0-4d91-b03f-888232fd2064
		5c0bc09b-eb25-4eba-b321-09aa36e08926
2018-11-13 00:03:04,677 24178  INFO  [6879b6] Finished processing user request with id = 6879b6c0-88fa-4b71-a1e9-19645ca4ad1a in 00:00:00.0439459.
2018-11-13 00:03:04,680 24181  INFO  [6687b5] Finished processing user request with id = 6687b5e5-ef9c-4c14-9482-31a37fa843eb in 00:00:00.0627889.
2018-11-13 00:03:04,694 24195  INFO  [99db8d] Started processing user request. Id = 99db8d77-7049-4c3e-b4dd-bd68d3f8057c. Size = 46.14 KB.
2018-11-13 00:03:04,708 24209  INFO  [c34eab] Started processing user request. Id = c34eabb5-42da-4bc8-9283-09074baccc45. Size = 1.68 KB.
2018-11-13 00:03:04,712 24214  INFO  [99db8d] Doing some complicated stuff.. Random numbers are: 761162301, 1160712410, 11699801.
2018-11-13 00:03:04,721 24223  INFO  [c34eab] Doing some complicated stuff.. Random numbers are: 510398073, 695568472, 1407244053.
2018-11-13 00:03:04,727 24228  INFO  [99db8d] Finished processing user request with id = 99db8d77-7049-4c3e-b4dd-bd68d3f8057c in 00:00:00.0336429.
2018-11-13 00:03:04,741 24242  INFO  [852d1d] Started processing user request. Id = 852d1d80-b0e6-4a94-a11a-5852ba76e0d0. Size = 33.59 KB.
2018-11-13 00:03:04,745 24246  INFO  [BackgroundDaemon] Processing data (1% completed)..
2018-11-13 00:03:04,754 24255  INFO  [c34eab] Finished processing user request with id = c34eabb5-42da-4bc8-9283-09074baccc45 in 00:00:00.0452412.
2018-11-13 00:03:04,755 24256  INFO  [852d1d] Doing some complicated stuff.. Random numbers are: 860954899, 1554386422, 341408511.
2018-11-13 00:03:04,764 24266  INFO  [852d1d] Here's some useful guids:
		d85ecc01-e378-4fd9-be42-ec2779af555b
2018-11-13 00:03:04,768 24270  INFO  [852d1d] Finished processing user request with id = 852d1d80-b0e6-4a94-a11a-5852ba76e0d0 in 00:00:00.0276102.
2018-11-13 00:03:04,782 24283  INFO  [1957fb] Started processing user request. Id = 1957fb3b-bf52-4599-a970-9c271e668462. Size = 79.67 KB.
2018-11-13 00:03:04,784 24285  INFO  [Metrics] Cpu: 0.59%; Memory: 19.79 GB/31.88 GB; Workers: 4/1024; IOCP: 0/1024
2018-11-13 00:03:04,786 24287  INFO  [f51fae] Started processing user request. Id = f51fae90-ed27-4d5f-9c72-fd3bf2ed693d. Size = 52.22 KB.
2018-11-13 00:03:04,791 24292  INFO  [f51fae] Doing some complicated stuff.. Random numbers are: 1571573598, 102570501, 1983943834.
2018-11-13 00:03:04,800 24301  INFO  [1957fb] Doing some complicated stuff.. Random numbers are: 198983430, 1496661877, 31697579.
2018-11-13 00:03:04,803 24304  INFO  [f51fae] Here's some useful guids:
		92a06851-0204-4fb9-8078-b103d6d71ec6
		f5a7fd87-7dd5-47e0-8776-2b3cb06de33c
		996148ce-1c21-4f7d-8b15-3ff8d7b4444c
		f5548334-2344-4cba-8c6c-df54c2fdd612
2018-11-13 00:03:04,807 24308  INFO  [e7ae30] Started processing user request. Id = e7ae309e-06ad-44fe-87dd-91223d28039a. Size = 13.22 KB.
2018-11-13 00:03:04,810 24311  INFO  [BackgroundDaemon] Processing data (45% completed)..
2018-11-13 00:03:04,823 24324  INFO  [e7ae30] Doing some complicated stuff.. Random numbers are: 279772378, 1742832001, 1777299647.
2018-11-13 00:03:04,830 24331  INFO  [f51fae] Finished processing user request with id = f51fae90-ed27-4d5f-9c72-fd3bf2ed693d in 00:00:00.0444031.
2018-11-13 00:03:04,861 24362  INFO  [179c20] Started processing user request. Id = 179c2070-5259-4fdc-b6ab-a8c5f8521c51. Size = 59.27 KB.
2018-11-13 00:03:04,864 24365  INFO  [179c20] Doing some complicated stuff.. Random numbers are: 47698130, 1634542962, 403384324.
2018-11-13 00:03:04,865 24366  INFO  [1957fb] Finished processing user request with id = 1957fb3b-bf52-4599-a970-9c271e668462 in 00:00:00.0838726.
2018-11-13 00:03:04,870 24371  INFO  [e7ae30] Finished processing user request with id = e7ae309e-06ad-44fe-87dd-91223d28039a in 00:00:00.0637798.
2018-11-13 00:03:04,879 24380  INFO  [43440b] Started processing user request. Id = 43440bcb-cbab-45a3-b634-a3d566bf5c87. Size = 71.65 KB.
2018-11-13 00:03:04,881 24382  INFO  [179c20] Here's some useful guids:
		2ebfd346-d515-46d8-aa7a-fd30af1bfe61
		00a88445-8c13-46de-85f5-206df3c75836
2018-11-13 00:03:04,885 24386  INFO  [43440b] Doing some complicated stuff.. Random numbers are: 2021531865, 2134145894, 1770616595.
2018-11-13 00:03:04,900 24401  ERROR [179c20] 
System.InvalidOperationException: Oh no! An error occurred!
2018-11-13 00:03:04,901 24402  INFO  [BackgroundDaemon] Processing data (79% completed)..
2018-11-13 00:03:04,901 24402  INFO  [BackgroundDaemon] Finished iteration in 00:00:00.2482438.
2018-11-13 00:03:04,908 24409  INFO  [43440b] Here's some useful guids:
		5caa22fd-02f6-4158-ba3a-7b846d93f559
		9db37630-7c32-4d76-9f74-f0f65a7063b1
		0ce08105-9b89-447b-9e7d-bf7a9b871bc3
		224923c5-4743-4fe8-8072-ed92d5b6e966
		7ccba05f-3951-4dd9-b3ff-35c2e895588a
2018-11-13 00:03:04,928 24429  INFO  [43440b] Finished processing user request with id = 43440bcb-cbab-45a3-b634-a3d566bf5c87 in 00:00:00.0490218.
2018-11-13 00:03:04,931 24432  INFO  [2a993f] Started processing user request. Id = 2a993fba-0114-4a3d-96ba-612881b51cc1. Size = 76.53 KB.
2018-11-13 00:03:04,933 24434  INFO  [2a993f] Doing some complicated stuff.. Random numbers are: 1310593580, 170016154, 1282377824.
2018-11-13 00:03:04,933 24434  INFO  [2a993f] Here's some useful guids:
		5b7a1f36-6b66-4b25-962d-46b29f986db5
		13dd0d03-3280-4fa2-ae09-60ad00d81e55
		d23ff8c1-202e-46f5-bb96-b6025530930f
2018-11-13 00:03:04,942 24443  INFO  [dfcf55] Started processing user request. Id = dfcf55de-46b0-42c6-a506-4ad58e4e7bb9. Size = 76.45 KB.
2018-11-13 00:03:04,947 24448  INFO  [dfcf55] Doing some complicated stuff.. Random numbers are: 1812382189, 131998143, 1195669518.
2018-11-13 00:03:04,957 24458  INFO  [2a993f] Finished processing user request with id = 2a993fba-0114-4a3d-96ba-612881b51cc1 in 00:00:00.0265146.
2018-11-13 00:03:04,959 24460  INFO  [dfcf55] Here's some useful guids:
		2a721eff-eb44-4da7-8d7a-f3cdd157a6d0
2018-11-13 00:03:04,967 24468  INFO  [dfcf55] Finished processing user request with id = dfcf55de-46b0-42c6-a506-4ad58e4e7bb9 in 00:00:00.0250229.
2018-11-13 00:03:04,981 24482  INFO  [7a532a] Started processing user request. Id = 7a532a28-4ad1-46ca-b8ff-b5ca12290553. Size = 66.54 KB.
2018-11-13 00:03:04,981 24482  INFO  [7a532a] Doing some complicated stuff.. Random numbers are: 855330300, 88622638, 1142691948.
2018-11-13 00:03:04,988 24489  INFO  [e0c2f9] Started processing user request. Id = e0c2f970-0bbb-4aef-a877-ed12128b88cf. Size = 67.83 KB.
2018-11-13 00:03:05,008 24509  INFO  [e0c2f9] Doing some complicated stuff.. Random numbers are: 546156906, 1426896829, 1602092502.
2018-11-13 00:03:05,027 24528  INFO  [7a532a] Finished processing user request with id = 7a532a28-4ad1-46ca-b8ff-b5ca12290553 in 00:00:00.0461347.
2018-11-13 00:03:05,038 24539  INFO  [7ed783] Started processing user request. Id = 7ed7833e-7a85-4e9f-ae13-96ad87707425. Size = 36.63 KB.
2018-11-13 00:03:05,041 24542  INFO  [9d1af7] Started processing user request. Id = 9d1af7c6-1d35-41bf-9322-569e8f7f68b7. Size = 33.34 KB.
2018-11-13 00:03:05,047 24548  INFO  [7ed783] Doing some complicated stuff.. Random numbers are: 605358899, 2087121040, 1028993211.
2018-11-13 00:03:05,054 24555  INFO  [9d1af7] Doing some complicated stuff.. Random numbers are: 247463814, 223074213, 1750542310.
2018-11-13 00:03:05,059 24561  INFO  [e0c2f9] Finished processing user request with id = e0c2f970-0bbb-4aef-a877-ed12128b88cf in 00:00:00.0711225.
2018-11-13 00:03:05,082 24583  INFO  [9d1af7] Here's some useful guids:
		4938bee7-ca97-4bd4-9987-83f73a77e409
		6f6dc1ba-32f3-40f8-9a8e-7f80fb4925e7
		8217904e-c936-4d02-bbfe-9c2f04e8abac
2018-11-13 00:03:05,083 24584  INFO  [7ed783] Here's some useful guids:
		2fb409bb-1b2a-4ec2-b7ff-8a1eab840a8a
		ce045a63-cc56-4681-a11d-6d6483b9583b
		1d7f9579-b1e9-4cf6-93d4-bba5bf531ba6
		d1089392-27ac-459e-a91a-6218455ced04
2018-11-13 00:03:05,091 24593  INFO  [01051e] Started processing user request. Id = 01051ec0-4c48-4802-95f4-d9008907f4a1. Size = 32.56 KB.
2018-11-13 00:03:05,097 24599  INFO  [01051e] Doing some complicated stuff.. Random numbers are: 1397516720, 980424791, 1924917792.
2018-11-13 00:03:05,101 24603  INFO  [BackgroundDaemon] Starting iteration #15497.
2018-11-13 00:03:05,102 24604  INFO  [9d1af7] Finished processing user request with id = 9d1af7c6-1d35-41bf-9322-569e8f7f68b7 in 00:00:00.0610942.
2018-11-13 00:03:05,108 24610  INFO  [7ed783] Finished processing user request with id = 7ed7833e-7a85-4e9f-ae13-96ad87707425 in 00:00:00.0700984.
2018-11-13 00:03:05,117 24618  INFO  [829481] Started processing user request. Id = 82948182-1ec3-40eb-80b6-fa550a1b3ae5. Size = 16.56 KB.
2018-11-13 00:03:05,129 24631  ERROR [01051e] 
System.InvalidOperationException: Oh no! An error occurred!
2018-11-13 00:03:05,131 24632  INFO  [829481] Doing some complicated stuff.. Random numbers are: 864391663, 1150180325, 1366820676.
2018-11-13 00:03:05,161 24662  INFO  [e928b6] Started processing user request. Id = e928b661-2aa6-4b02-ac7f-732762d6ff58. Size = 4.89 KB.
2018-11-13 00:03:05,173 24674  INFO  [829481] Finished processing user request with id = 82948182-1ec3-40eb-80b6-fa550a1b3ae5 in 00:00:00.0567348.
2018-11-13 00:03:05,179 24680  INFO  [e928b6] Doing some complicated stuff.. Random numbers are: 339985263, 992719159, 760860078.
2018-11-13 00:03:05,186 24687  INFO  [072f04] Started processing user request. Id = 072f0494-b53b-4389-9098-44198ccd5fb7. Size = 52.59 KB.
2018-11-13 00:03:05,188 24689  INFO  [e928b6] Here's some useful guids:
		5f97ef51-e33c-456b-9e15-8e524bf62a77
		5d0faa98-1834-4e78-aa37-f3fa0e96ad94
		fa3f5921-3a45-4f17-95a4-f82797afabcb
2018-11-13 00:03:05,195 24696  INFO  [072f04] Doing some complicated stuff.. Random numbers are: 1825090148, 1753877231, 1320053762.
2018-11-13 00:03:05,198 24700  INFO  [BackgroundDaemon] Processing data (16% completed)..
2018-11-13 00:03:05,203 24705  INFO  [072f04] Here's some useful guids:
		6cfd3014-2242-45ed-b980-d14435d12e84
		894ee27a-3ef2-4fec-85bb-e6ead49dcfbe
		3bf1edb7-cc4b-4e55-9dff-ec539dcce315
		d86f9e3e-650e-49ce-85e9-3bca28119afb
2018-11-13 00:03:05,206 24708  INFO  [e928b6] Finished processing user request with id = e928b661-2aa6-4b02-ac7f-732762d6ff58 in 00:00:00.0459295.
2018-11-13 00:03:05,230 24731  ERROR [072f04] 
System.InvalidOperationException: Oh no! An error occurred!
2018-11-13 00:03:05,238 24739  INFO  [3941fe] Started processing user request. Id = 3941fee2-1c96-42a8-b72c-b1bf6b54f373. Size = 44.22 KB.
2018-11-13 00:03:05,243 24744  INFO  [0a2a92] Started processing user request. Id = 0a2a9232-1b3a-470e-b1e6-70b41dde0326. Size = 45.31 KB.
2018-11-13 00:03:05,257 24758  INFO  [3941fe] Doing some complicated stuff.. Random numbers are: 1884054090, 1955324551, 1784255661.
2018-11-13 00:03:05,261 24762  INFO  [0a2a92] Doing some complicated stuff.. Random numbers are: 1316325244, 255191728, 1296374753.
2018-11-13 00:03:05,276 24777  INFO  [9044c0] Started processing user request. Id = 9044c0e2-9a72-4f4d-a4fe-3bc3ead5d78f. Size = 75.51 KB.
2018-11-13 00:03:05,277 24778  INFO  [3941fe] Here's some useful guids:
		bc00e02d-9569-4102-96f1-8e9110f9aff8
		43eb424d-cdaa-44b7-8da0-a30412785c92
		268dea82-3215-476c-aef8-d2cb6c7bc8d4
		73375191-44ca-4a40-b980-53a4e672c2db
2018-11-13 00:03:05,280 24781  INFO  [BackgroundDaemon] Processing data (49% completed)..
2018-11-13 00:03:05,283 24784  INFO  [Metrics] Cpu: 0.96%; Memory: 19.79 GB/31.88 GB; Workers: 4/1024; IOCP: 0/1024
2018-11-13 00:03:05,288 24789  INFO  [9044c0] Doing some complicated stuff.. Random numbers are: 1818242576, 1265003829, 441581297.
2018-11-13 00:03:05,296 24797  INFO  [9044c0] Finished processing user request with id = 9044c0e2-9a72-4f4d-a4fe-3bc3ead5d78f in 00:00:00.0200036.
2018-11-13 00:03:05,296 24797  INFO  [0a2a92] Finished processing user request with id = 0a2a9232-1b3a-470e-b1e6-70b41dde0326 in 00:00:00.0530352.
2018-11-13 00:03:05,306 24807  INFO  [3941fe] Finished processing user request with id = 3941fee2-1c96-42a8-b72c-b1bf6b54f373 in 00:00:00.0680712.
2018-11-13 00:03:05,310 24811  INFO  [202e19] Started processing user request. Id = 202e197a-df0b-4034-a6dd-e496246578a2. Size = 2.83 KB.
2018-11-13 00:03:05,318 24819  INFO  [202e19] Doing some complicated stuff.. Random numbers are: 565863665, 1887195845, 1060290813.
2018-11-13 00:03:05,338 24839  INFO  [585d71] Started processing user request. Id = 585d71b1-a51f-4f7e-92c5-ff468d688cd0. Size = 1.48 KB.
2018-11-13 00:03:05,339 24840  INFO  [202e19] Here's some useful guids:
		06a026c3-2123-4b4e-b620-b3d446f5de09
2018-11-13 00:03:05,344 24845  INFO  [585d71] Doing some complicated stuff.. Random numbers are: 1606034001, 2059947836, 1494118278.
2018-11-13 00:03:05,347 24848  INFO  [202e19] Finished processing user request with id = 202e197a-df0b-4034-a6dd-e496246578a2 in 00:00:00.0368807.
2018-11-13 00:03:05,348 24849  INFO  [BackgroundDaemon] Processing data (75% completed)..
2018-11-13 00:03:05,348 24849  INFO  [BackgroundDaemon] Finished iteration in 00:00:00.2467594.
2018-11-13 00:03:05,359 24861  INFO  [585d71] Finished processing user request with id = 585d71b1-a51f-4f7e-92c5-ff468d688cd0 in 00:00:00.0214493.
2018-11-13 00:03:05,360 24862  INFO  [7b7915] Started processing user request. Id = 7b7915cf-d3cc-4c94-8a75-244fa43084d1. Size = 74.77 KB.
2018-11-13 00:03:05,375 24876  INFO  [7b7915] Doing some complicated stuff.. Random numbers are: 1441215886, 1986989762, 199720909.
2018-11-13 00:03:05,391 24893  INFO  [7fb37c] Started processing user request. Id = 7fb37cb1-11aa-4792-a520-ef7e9ea0faeb. Size = 70.07 KB.
2018-11-13 00:03:05,391 24893  INFO  [7fb37c] Doing some complicated stuff.. Random numbers are: 206221745, 22884742, 1061809555.
2018-11-13 00:03:05,418 24919  INFO  [7fb37c] Finished processing user request with id = 7fb37cb1-11aa-4792-a520-ef7e9ea0faeb in 00:00:00.0265583.
2018-11-13 00:03:05,423 24924  INFO  [7b7915] Finished processing user request with id = 7b7915cf-d3cc-4c94-8a75-244fa43084d1 in 00:00:00.0626006.
2018-11-13 00:03:05,436 24937  INFO  [f86da8] Started processing user request. Id = f86da8bd-8d78-4977-823d-fa2032b26069. Size = 49.12 KB.
2018-11-13 00:03:05,450 24951  INFO  [f5df21] Started processing user request. Id = f5df21e7-7f33-4970-a362-a1a0d9dbede4. Size = 62.2 KB.
2018-11-13 00:03:05,450 24951  INFO  [f5df21] Doing some complicated stuff.. Random numbers are: 861365175, 584410397, 582455591.
2018-11-13 00:03:05,450 24951  INFO  [f5df21] Here's some useful guids:
		96b3784a-8db2-4089-a04c-ca2ec1dc9c3e
		f9d4fd54-49f2-4e0b-b893-ed49fcd02f4b
		a51a51cc-fd23-4acd-bd0e-9fb179e9dd4f
		beec85f5-e7f7-4e96-9d9a-2522bfca2c51
2018-11-13 00:03:05,453 24954  INFO  [f86da8] Doing some complicated stuff.. Random numbers are: 844543546, 2143236474, 890077973.
2018-11-13 00:03:05,463 24964  INFO  [f5df21] Finished processing user request with id = f5df21e7-7f33-4970-a362-a1a0d9dbede4 in 00:00:00.0130841.
2018-11-13 00:03:05,464 24965  INFO  [5c575d] Started processing user request. Id = 5c575d1a-595b-4537-9729-45efce7509af. Size = 68.45 KB.
2018-11-13 00:03:05,466 24967  INFO  [5c575d] Doing some complicated stuff.. Random numbers are: 1074362421, 227278262, 2020461591.
2018-11-13 00:03:05,474 24975  INFO  [f86da8] Here's some useful guids:
		8a0ef7cc-823a-42a1-9b78-2c20c379d663
		43652dd3-0283-4977-8a2c-4441cb7da2cb
		b1643fa5-e88e-4038-9252-62273e921047
		61b911bd-f844-45a9-bef0-0cac25f09a3b
2018-11-13 00:03:05,483 24985  INFO  [5c575d] Finished processing user request with id = 5c575d1a-595b-4537-9729-45efce7509af in 00:00:00.0195550.
2018-11-13 00:03:05,490 24991  INFO  [f86da8] Finished processing user request with id = f86da8bd-8d78-4977-823d-fa2032b26069 in 00:00:00.0541577.
2018-11-13 00:03:05,494 24995  INFO  [b96dd8] Started processing user request. Id = b96dd800-54d4-49e7-8aa9-f3113f67771c. Size = 80.47 KB.
2018-11-13 00:03:05,503 25005  INFO  [3d92ee] Started processing user request. Id = 3d92ee10-2942-4eb0-8bdb-c85773f14395. Size = 78.4 KB.
2018-11-13 00:03:05,506 25008  INFO  [3d92ee] Doing some complicated stuff.. Random numbers are: 1640374294, 1417008409, 1622221896.
2018-11-13 00:03:05,513 25014  INFO  [b96dd8] Doing some complicated stuff.. Random numbers are: 1645281790, 936412920, 1208157795.
2018-11-13 00:03:05,544 25045  INFO  [3d92ee] Here's some useful guids:
		27fc4e28-bcdd-461d-866a-7f3fb8e27199
		e9e9fe95-fa0c-4918-8c76-06318ab3306e
2018-11-13 00:03:05,548 25050  INFO  [BackgroundDaemon] Starting iteration #15498.
2018-11-13 00:03:05,560 25062  INFO  [b96dd8] Finished processing user request with id = b96dd800-54d4-49e7-8aa9-f3113f67771c in 00:00:00.0661058.
2018-11-13 00:03:05,560 25062  INFO  [3d92ee] Finished processing user request with id = 3d92ee10-2942-4eb0-8bdb-c85773f14395 in 00:00:00.0570568.
2018-11-13 00:03:05,574 25075  INFO  [55f629] Started processing user request. Id = 55f62971-b1cd-4833-879c-8a9791d1459a. Size = 29.55 KB.
2018-11-13 00:03:05,584 25085  INFO  [55f629] Doing some complicated stuff.. Random numbers are: 326553352, 314445490, 385553253.
2018-11-13 00:03:05,586 25087  INFO  [BackgroundDaemon] Processing data (4% completed)..
2018-11-13 00:03:05,588 25089  INFO  [55f629] Here's some useful guids:
		6e957ef9-fbe6-4485-9f71-015f2d1cb3ff
		92feb710-aa91-43da-a824-45328683e5f7
		7c16045b-388f-4dcd-9c76-f2ffbb949cf7
		14a37269-5821-4694-b046-705135bbd282
2018-11-13 00:03:05,588 25089  INFO  [55f629] Finished processing user request with id = 55f62971-b1cd-4833-879c-8a9791d1459a in 00:00:00.0147313.
2018-11-13 00:03:05,592 25093  INFO  [59e012] Started processing user request. Id = 59e0127b-d3ae-4c5c-a48a-0f36d7771644. Size = 19.54 KB.
2018-11-13 00:03:05,601 25103  INFO  [65896b] Started processing user request. Id = 65896b18-3b1a-4a90-b8dc-b1833c2d987f. Size = 27.21 KB.
2018-11-13 00:03:05,608 25109  INFO  [59e012] Doing some complicated stuff.. Random numbers are: 159200175, 1170960630, 288548348.
2018-11-13 00:03:05,613 25114  INFO  [BackgroundDaemon] Processing data (33% completed)..
2018-11-13 00:03:05,617 25118  INFO  [65896b] Doing some complicated stuff.. Random numbers are: 1857007849, 123713779, 350396538.
2018-11-13 00:03:05,637 25138  INFO  [65896b] Finished processing user request with id = 65896b18-3b1a-4a90-b8dc-b1833c2d987f in 00:00:00.0352775.
2018-11-13 00:03:05,651 25152  INFO  [13e01a] Started processing user request. Id = 13e01aa3-8c23-40e3-9685-579e7759b04b. Size = 37.09 KB.
2018-11-13 00:03:05,651 25152  INFO  [8abade] Started processing user request. Id = 8abade44-abc1-4518-addb-b13729b15696. Size = 22.41 KB.
2018-11-13 00:03:05,657 25158  INFO  [13e01a] Doing some complicated stuff.. Random numbers are: 1869709196, 1183248424, 1114086675.
2018-11-13 00:03:05,662 25163  INFO  [59e012] Finished processing user request with id = 59e0127b-d3ae-4c5c-a48a-0f36d7771644 in 00:00:00.0694764.
2018-11-13 00:03:05,668 25169  INFO  [8abade] Doing some complicated stuff.. Random numbers are: 103443372, 482975681, 1793077594.
2018-11-13 00:03:05,677 25178  INFO  [13e01a] Here's some useful guids:
		4a9aff5b-0555-4e11-af96-eb5d0fce60cb
		0274efe0-7a29-4e19-a932-81819850c7cc
		e85a6f2a-022c-4e51-9bb9-d26a1b19e11c
		4c4a8c6f-e730-4e8c-a01a-a20ff456479a
		982d5b5d-53cc-4159-ab52-09db4f3e9171
2018-11-13 00:03:05,679 25180  INFO  [BackgroundDaemon] Processing data (60% completed)..
2018-11-13 00:03:05,679 25180  INFO  [BackgroundDaemon] Finished iteration in 00:00:00.1304470.
2018-11-13 00:03:05,679 25180  ERROR [13e01a] 
System.InvalidOperationException: Oh no! An error occurred!
2018-11-13 00:03:05,683 25184  INFO  [8abade] Finished processing user request with id = 8abade44-abc1-4518-addb-b13729b15696 in 00:00:00.0320163.
2018-11-13 00:03:05,693 25194  INFO  [fc634e] Started processing user request. Id = fc634ea2-99be-4d1f-91bb-ff310df751d9. Size = 96.79 KB.
2018-11-13 00:03:05,694 25195  INFO  [160f05] Started processing user request. Id = 160f0547-e4a7-4237-be5c-1c84c0727cf7. Size = 89.07 KB.
2018-11-13 00:03:05,702 25203  INFO  [160f05] Doing some complicated stuff.. Random numbers are: 850782116, 1981495889, 630863880.
2018-11-13 00:03:05,706 25207  INFO  [fc634e] Doing some complicated stuff.. Random numbers are: 1222427392, 595717732, 287058886.
2018-11-13 00:03:05,749 25250  INFO  [fc634e] Finished processing user request with id = fc634ea2-99be-4d1f-91bb-ff310df751d9 in 00:00:00.0563272.
2018-11-13 00:03:05,763 25264  INFO  [3347de] Started processing user request. Id = 3347de19-e3aa-4fe0-98b6-1b48add27a68. Size = 80.33 KB.
2018-11-13 00:03:05,765 25266  ERROR [160f05] 
System.InvalidOperationException: Oh no! An error occurred!
2018-11-13 00:03:05,769 25270  INFO  [3347de] Doing some complicated stuff.. Random numbers are: 683908486, 899591906, 1371974442.
2018-11-13 00:03:05,771 25272  INFO  [3347de] Here's some useful guids:
		90c6e3ba-c27d-425f-a928-90c37f9d86dc
2018-11-13 00:03:05,781 25282  INFO  [3347de] Finished processing user request with id = 3347de19-e3aa-4fe0-98b6-1b48add27a68 in 00:00:00.0177195.
2018-11-13 00:03:05,783 25284  INFO  [Metrics] Cpu: 0.96%; Memory: 19.79 GB/31.88 GB; Workers: 4/1024; IOCP: 0/1024
2018-11-13 00:03:05,794 25295  INFO  [0db140] Started processing user request. Id = 0db14080-6515-4b74-91f2-5c50eda3e0ee. Size = 48.75 KB.
2018-11-13 00:03:05,797 25298  INFO  [3cfcfa] Started processing user request. Id = 3cfcfa29-cbab-4784-8e58-cadc22937767. Size = 72.92 KB.
2018-11-13 00:03:05,797 25298  INFO  [3cfcfa] Doing some complicated stuff.. Random numbers are: 1586003420, 1872829559, 78101269.
2018-11-13 00:03:05,804 25305  INFO  [0db140] Doing some complicated stuff.. Random numbers are: 651813809, 202394215, 909148202.
2018-11-13 00:03:05,810 25311  INFO  [0db140] Here's some useful guids:
		b294a4b5-e6ed-4ef8-a741-1da45aaafbea
		d854ce7f-78de-423b-b2f1-2e3b275d98ec
		5ef80dbb-d7b8-4161-a39b-b144b905824a
2018-11-13 00:03:05,830 25331  INFO  [3cfcfa] Here's some useful guids:
		eb1e1cf3-f4bd-4704-9794-899c9c5717a4
		0bd98900-081d-4781-afb6-57683b2af7cc
2018-11-13 00:03:05,838 25339  INFO  [0db140] Finished processing user request with id = 0db14080-6515-4b74-91f2-5c50eda3e0ee in 00:00:00.0446471.
2018-11-13 00:03:05,850 25351  ERROR [3cfcfa] 
System.InvalidOperationException: Oh no! An error occurred!
2018-11-13 00:03:05,851 25352  INFO  [34d492] Started processing user request. Id = 34d4925a-9bfa-4db8-9a20-3f2f36ac8ffb. Size = 37.65 KB.
2018-11-13 00:03:05,852 25353  INFO  [96eca5] Started processing user request. Id = 96eca5fd-934c-4575-bc8d-5e961488c8c9. Size = 65.74 KB.
2018-11-13 00:03:05,856 25357  INFO  [34d492] Doing some complicated stuff.. Random numbers are: 1004285791, 395235754, 1118238493.
2018-11-13 00:03:05,869 25370  INFO  [96eca5] Doing some complicated stuff.. Random numbers are: 255599279, 267335064, 1878727717.
2018-11-13 00:03:05,873 25374  INFO  [34d492] Here's some useful guids:
		3a33addc-20d1-4059-a210-1a65a6e5cc65
		f0729ad3-cba0-43fa-945d-3e6aa538ee18
		ace42f8f-fa0a-4200-9d61-ec09b4107781
		15c48916-9dcd-4039-8a5c-533ca79fb51e
2018-11-13 00:03:05,879 25380  INFO  [BackgroundDaemon] Starting iteration #15499.
2018-11-13 00:03:05,881 25382  INFO  [cf117a] Started processing user request. Id = cf117a56-9c97-4f08-91c6-7c15de3f56e6. Size = 58.03 KB.
2018-11-13 00:03:05,890 25391  INFO  [96eca5] Finished processing user request with id = 96eca5fd-934c-4575-bc8d-5e961488c8c9 in 00:00:00.0382399.
2018-11-13 00:03:05,891 25392  INFO  [34d492] Finished processing user request with id = 34d4925a-9bfa-4db8-9a20-3f2f36ac8ffb in 00:00:00.0402132.
2018-11-13 00:03:05,892 25393  INFO  [cf117a] Doing some complicated stuff.. Random numbers are: 802000207, 1234576322, 1646928270.
2018-11-13 00:03:05,903 25404  INFO  [12b1f3] Started processing user request. Id = 12b1f3d5-9eba-4194-b67b-56dea4337379. Size = 71.75 KB.
2018-11-13 00:03:05,914 25415  INFO  [12b1f3] Doing some complicated stuff.. Random numbers are: 366262075, 1029122507, 834681924.
2018-11-13 00:03:05,921 25422  INFO  [cf117a] Here's some useful guids:
		46738647-ce4b-42cd-a771-fd548a961ba3
		1d4c71fc-72ef-4ed1-aaa0-fef462e1d7e9
		1960524a-fe45-46cb-8cae-4c8f8ee66ca3
2018-11-13 00:03:05,938 25439  INFO  [cf117a] Finished processing user request with id = cf117a56-9c97-4f08-91c6-7c15de3f56e6 in 00:00:00.0573210.
2018-11-13 00:03:05,939 25440  INFO  [12b1f3] Finished processing user request with id = 12b1f3d5-9eba-4194-b67b-56dea4337379 in 00:00:00.0359707.
2018-11-13 00:03:05,952 25454  INFO  [f82d50] Started processing user request. Id = f82d50df-775d-4422-9528-e77aca4e8534. Size = 22.75 KB.
2018-11-13 00:03:05,954 25455  INFO  [BackgroundDaemon] Processing data (14% completed)..
2018-11-13 00:03:05,963 25464  INFO  [f82d50] Doing some complicated stuff.. Random numbers are: 541567260, 999891001, 21698517.
2018-11-13 00:03:05,969 25470  INFO  [7017c9] Started processing user request. Id = 7017c9e2-3572-4650-b19f-216ce032ff1b. Size = 26.18 KB.
2018-11-13 00:03:05,976 25477  INFO  [7017c9] Doing some complicated stuff.. Random numbers are: 796602230, 824651144, 1573147345.
2018-11-13 00:03:05,977 25479  INFO  [BackgroundDaemon] Processing data (40% completed)..
2018-11-13 00:03:05,986 25487  INFO  [f82d50] Finished processing user request with id = f82d50df-775d-4422-9528-e77aca4e8534 in 00:00:00.0335368.
2018-11-13 00:03:06,000 25501  INFO  [1f0557] Started processing user request. Id = 1f05574b-8fc9-49fd-bc2e-4d982bceee0b. Size = 51.63 KB.
2018-11-13 00:03:06,003 25504  INFO  [1f0557] Doing some complicated stuff.. Random numbers are: 251101676, 132720398, 179428713.
2018-11-13 00:03:06,005 25506  INFO  [1f0557] Here's some useful guids:
		709cde45-7cd6-4441-8d26-a7c1eec016dd
		50856810-ddbf-441b-b043-e104b7c8d69a
		8b80c033-0ca3-4ca0-94e8-019f10b52cda
2018-11-13 00:03:06,007 25508  INFO  [7017c9] Here's some useful guids:
		9851e3da-be06-4dd8-b3b2-3b7a0d2e83f8
		3e0b584f-3e14-4539-807b-3bad6cc778a4
		c3c8a641-f6e9-4281-b443-9b6643d4bffd
		96f7f4ec-78d2-451b-8f6c-77d333dfd9bb
		eb01fcad-8c22-4ffc-88d5-3d1b1856ac96
2018-11-13 00:03:06,019 25520  INFO  [BackgroundDaemon] Processing data (60% completed)..
2018-11-13 00:03:06,019 25520  INFO  [BackgroundDaemon] Finished iteration in 00:00:00.1405218.
2018-11-13 00:03:06,034 25535  INFO  [1f0557] Finished processing user request with id = 1f05574b-8fc9-49fd-bc2e-4d982bceee0b in 00:00:00.0335030.
2018-11-13 00:03:06,034 25535  INFO  [7017c9] Finished processing user request with id = 7017c9e2-3572-4650-b19f-216ce032ff1b in 00:00:00.0641936.
2018-11-13 00:03:06,047 25548  INFO  [bf6719] Started processing user request. Id = bf67193c-63fb-4a55-aaf5-e16b225ac2dc. Size = 19.04 KB.
2018-11-13 00:03:06,058 25559  INFO  [bf6719] Doing some complicated stuff.. Random numbers are: 1329199718, 292478656, 1199632718.
2018-11-13 00:03:06,058 25559  INFO  [7be0b0] Started processing user request. Id = 7be0b000-6dba-4f5f-872a-da90544127c7. Size = 17.47 KB.
2018-11-13 00:03:06,066 25567  INFO  [b2fd74] Started processing user request. Id = b2fd7461-8f29-44db-834b-1c8dd4101984. Size = 84.88 KB.
2018-11-13 00:03:06,075 25576  INFO  [b2fd74] Doing some complicated stuff.. Random numbers are: 1444062147, 1461448409, 379193170.
2018-11-13 00:03:06,077 25578  INFO  [7be0b0] Doing some complicated stuff.. Random numbers are: 1365348820, 2083872499, 1116103244.
2018-11-13 00:03:06,083 25584  INFO  [bf6719] Finished processing user request with id = bf67193c-63fb-4a55-aaf5-e16b225ac2dc in 00:00:00.0359405.
2018-11-13 00:03:06,096 25597  INFO  [544dfd] Started processing user request. Id = 544dfd25-52d4-4648-a768-17fca60c9bd6. Size = 5.87 KB.
2018-11-13 00:03:06,100 25601  INFO  [7be0b0] Here's some useful guids:
		9e68d72c-c7c9-41ed-bd39-788915be3718
		74b23325-3403-4ed8-96f6-724a57f45ec3
		cc7c51bb-9b2f-4452-baca-ca723e98d24a
		6907eae5-ba82-4788-81a3-2c74ee08873f
		5149a70b-b93d-47dc-ab79-ed2b2b2f4b68
2018-11-13 00:03:06,103 25604  INFO  [b2fd74] Here's some useful guids:
		67e220a8-ed5f-4570-ae6e-7a2fdbd15850
		ea36fa5f-45bc-4fc4-ac97-942d4c9a8bcf
2018-11-13 00:03:06,114 25616  INFO  [544dfd] Doing some complicated stuff.. Random numbers are: 1147424672, 1872222227, 216855124.
2018-11-13 00:03:06,122 25624  INFO  [544dfd] Here's some useful guids:
		64d26251-305a-4d38-a8c9-2f5c18080835
		91555ef5-ab65-4e62-8403-3fb4a9efb5a3
		d734400d-7945-47dc-ac1f-e28eec2dc898
2018-11-13 00:03:06,125 25626  INFO  [b2fd74] Finished processing user request with id = b2fd7461-8f29-44db-834b-1c8dd4101984 in 00:00:00.0589435.
2018-11-13 00:03:06,127 25628  INFO  [7be0b0] Finished processing user request with id = 7be0b000-6dba-4f5f-872a-da90544127c7 in 00:00:00.0681472.
2018-11-13 00:03:06,135 25636  INFO  [544dfd] Finished processing user request with id = 544dfd25-52d4-4648-a768-17fca60c9bd6 in 00:00:00.0381220.
2018-11-13 00:03:06,148 25649  INFO  [763a40] Started processing user request. Id = 763a4068-b841-4de6-94e0-363572150e70. Size = 82.74 KB.
2018-11-13 00:03:06,156 25657  INFO  [12a363] Started processing user request. Id = 12a363be-a244-449c-ab16-1d8b73278eec. Size = 22.04 KB.
2018-11-13 00:03:06,165 25666  INFO  [763a40] Doing some complicated stuff.. Random numbers are: 1209664058, 1069818492, 724192560.
2018-11-13 00:03:06,173 25674  INFO  [12a363] Doing some complicated stuff.. Random numbers are: 457245963, 2045459363, 73097997.
2018-11-13 00:03:06,191 25692  INFO  [763a40] Finished processing user request with id = 763a4068-b841-4de6-94e0-363572150e70 in 00:00:00.0422835.
2018-11-13 00:03:06,204 25705  INFO  [69eb02] Started processing user request. Id = 69eb0275-11c5-49f2-92fd-a4d537a120e0. Size = 45.16 KB.
2018-11-13 00:03:06,207 25708  INFO  [69eb02] Doing some complicated stuff.. Random numbers are: 806058207, 1742976641, 1276834652.
2018-11-13 00:03:06,220 25722  INFO  [BackgroundDaemon] Starting iteration #15500.
2018-11-13 00:03:06,231 25732  INFO  [69eb02] Finished processing user request with id = 69eb0275-11c5-49f2-92fd-a4d537a120e0 in 00:00:00.0268416.
2018-11-13 00:03:06,231 25732  INFO  [12a363] Finished processing user request with id = 12a363be-a244-449c-ab16-1d8b73278eec in 00:00:00.0749065.
2018-11-13 00:03:06,245 25746  INFO  [00b704] Started processing user request. Id = 00b70415-e5fb-47d3-ac08-80f9324e8bf6. Size = 37.19 KB.
2018-11-13 00:03:06,259 25760  INFO  [00b704] Doing some complicated stuff.. Random numbers are: 2072383100, 912373780, 277269313.
2018-11-13 00:03:06,263 25764  INFO  [BackgroundDaemon] Processing data (15% completed)..
2018-11-13 00:03:06,263 25764  INFO  [096767] Started processing user request. Id = 096767e9-ebf1-473a-8a59-9207be8680f2. Size = 17.74 KB.
2018-11-13 00:03:06,268 25769  INFO  [096767] Doing some complicated stuff.. Random numbers are: 942669266, 907004463, 831153642.
2018-11-13 00:03:06,268 25769  INFO  [00b704] Here's some useful guids:
		9b8b4c97-bc73-4b9c-bf49-277af32f2940
		badba982-4f04-44c8-95d6-620da6316b84
		92f97025-15eb-467a-83b5-0f3774574e31
		6d4b3856-ed36-45fb-a287-b717fdbdbca7
2018-11-13 00:03:06,283 25784  INFO  [Metrics] Cpu: 3.24%; Memory: 19.79 GB/31.88 GB; Workers: 4/1024; IOCP: 0/1024
2018-11-13 00:03:06,294 25795  INFO  [c10717] Started processing user request. Id = c10717bd-ae7e-442d-a870-651360d653c1. Size = 33.47 KB.
2018-11-13 00:03:06,295 25796  INFO  [096767] Here's some useful guids:
		b2eb839e-b5a1-46e3-9fa9-8100e3d48417
		31e463fd-8328-4a45-a49e-780093ea93b8
		6de73e00-0303-46de-a905-3451e4729a16
		335a95ad-2625-4af6-a3c8-d11d9868113a
2018-11-13 00:03:06,297 25798  INFO  [00b704] Finished processing user request with id = 00b70415-e5fb-47d3-ac08-80f9324e8bf6 in 00:00:00.0525478.
2018-11-13 00:03:06,304 25805  INFO  [c10717] Doing some complicated stuff.. Random numbers are: 2016048402, 1889437843, 488315353.
2018-11-13 00:03:06,305 25806  INFO  [096767] Finished processing user request with id = 096767e9-ebf1-473a-8a59-9207be8680f2 in 00:00:00.0427961.
2018-11-13 00:03:06,310 25812  INFO  [2b6b34] Started processing user request. Id = 2b6b349c-57b2-41e4-947a-ff126969a66a. Size = 1.56 KB.
2018-11-13 00:03:06,324 25825  INFO  [c10717] Here's some useful guids:
		cbd36599-74c2-4464-8fcf-bc4dd4f08e26
		acd8008e-5e47-4955-9184-ae8427ea7e9c
		289c4da3-e63b-4691-84b2-dc307193fa35
		50643d79-e5ba-469a-a179-b13580f85c46
2018-11-13 00:03:06,328 25829  INFO  [2b6b34] Doing some complicated stuff.. Random numbers are: 1900366120, 1275435849, 1552164883.
2018-11-13 00:03:06,337 25838  INFO  [bd9c6a] Started processing user request. Id = bd9c6aad-575f-4c0f-8d8a-ef5c56f1e3cf. Size = 27.93 KB.
2018-11-13 00:03:06,340 25841  INFO  [c10717] Finished processing user request with id = c10717bd-ae7e-442d-a870-651360d653c1 in 00:00:00.0468403.
2018-11-13 00:03:06,342 25843  INFO  [2b6b34] Here's some useful guids:
		2ed7fc3d-48d4-4d69-b606-d9f7068dec1d
		66f4055d-d3d4-4397-bb2d-a5872ff61213
2018-11-13 00:03:06,352 25853  INFO  [bd9c6a] Doing some complicated stuff.. Random numbers are: 809566735, 884473430, 23021181.
2018-11-13 00:03:06,354 25855  INFO  [BackgroundDaemon] Processing data (41% completed)..
2018-11-13 00:03:06,355 25856  INFO  [bd9c6a] Here's some useful guids:
		9efe4b69-151b-4981-b911-d6d04254b4a4
		2230385e-bd22-4c6f-8fbd-fbeb220c2a6d
		08c5b726-c7bc-4dd5-9b28-55be74896820
		ce597675-1696-456c-b19a-e69c5b5987ef
		5976880f-3ac8-4769-857b-9d45f67dde32
2018-11-13 00:03:06,361 25862  INFO  [2b6b34] Finished processing user request with id = 2b6b349c-57b2-41e4-947a-ff126969a66a in 00:00:00.0505481.
2018-11-13 00:03:06,374 25875  INFO  [6c96d8] Started processing user request. Id = 6c96d87c-167e-43cd-aaf3-fb5e009e0728. Size = 27.65 KB.
2018-11-13 00:03:06,376 25877  INFO  [bd9c6a] Finished processing user request with id = bd9c6aad-575f-4c0f-8d8a-ef5c56f1e3cf in 00:00:00.0393903.
2018-11-13 00:03:06,379 25880  INFO  [BackgroundDaemon] Processing data (93% completed)..
2018-11-13 00:03:06,379 25880  INFO  [BackgroundDaemon] Finished iteration in 00:00:00.1589868.
2018-11-13 00:03:06,390 25891  INFO  [6c96d8] Doing some complicated stuff.. Random numbers are: 2140025211, 229955762, 1967063466.
2018-11-13 00:03:06,408 25909  INFO  [1177fc] Started processing user request. Id = 1177fc38-c015-4ee7-8999-69323c2b8495. Size = 4.97 KB.
2018-11-13 00:03:06,415 25916  INFO  [1177fc] Doing some complicated stuff.. Random numbers are: 1491135691, 1572425139, 668424026.
2018-11-13 00:03:06,419 25920  INFO  [6c96d8] Here's some useful guids:
		3f8fd64c-eb22-4837-acbc-35216bdf7c2e
		218948df-81b9-48b5-81b1-fb07a1f68d16
		9caeb465-24b1-4523-bd55-b76b13d100f0
		5a9e8ba1-bbcc-4374-9c07-4b9360857606
2018-11-13 00:03:06,423 25924  ERROR [6c96d8] 
System.InvalidOperationException: Oh no! An error occurred!
2018-11-13 00:03:06,427 25928  INFO  [1177fc] Here's some useful guids:
		9571e87e-8045-43fe-b0a0-c887ba8bfeec
2018-11-13 00:03:06,436 25937  INFO  [c4c428] Started processing user request. Id = c4c428f5-e6fe-404f-9d09-ee4e489bb7e2. Size = 48.95 KB.
2018-11-13 00:03:06,439 25940  INFO  [1177fc] Finished processing user request with id = 1177fc38-c015-4ee7-8999-69323c2b8495 in 00:00:00.0305175.
2018-11-13 00:03:06,441 25942  INFO  [c4c428] Doing some complicated stuff.. Random numbers are: 1900948442, 1258011204, 134827095.
2018-11-13 00:03:06,468 25969  INFO  [c4c428] Here's some useful guids:
		ad716aa2-8e00-4317-a77b-e293ecbef581
		352e8993-2f0f-4e29-978c-7bca8c3e5caf
		f2647211-f17f-4ab5-81de-f81d697802ec
2018-11-13 00:03:06,470 25971  INFO  [4e0856] Started processing user request. Id = 4e0856dd-e993-4e74-9b4e-47f120f05c48. Size = 89.45 KB.
2018-11-13 00:03:06,475 25976  INFO  [4e0856] Doing some complicated stuff.. Random numbers are: 565958719, 675360372, 1538600255.
2018-11-13 00:03:06,489 25990  INFO  [c4c428] Finished processing user request with id = c4c428f5-e6fe-404f-9d09-ee4e489bb7e2 in 00:00:00.0535633.
2018-11-13 00:03:06,490 25991  INFO  [4e0856] Here's some useful guids:
		3f843eb5-efc6-4199-a10d-03d812411165
2018-11-13 00:03:06,499 26000  ERROR [4e0856] 
System.InvalidOperationException: Oh no! An error occurred!
2018-11-13 00:03:06,502 26003  INFO  [78d26d] Started processing user request. Id = 78d26dfe-953f-4521-948f-1a39fb890901. Size = 17.79 KB.
2018-11-13 00:03:06,508 26009  INFO  [f0ed96] Started processing user request. Id = f0ed966f-2147-4e53-92c2-655a85c43de3. Size = 57.59 KB.
2018-11-13 00:03:06,514 26015  INFO  [78d26d] Doing some complicated stuff.. Random numbers are: 819828353, 618550544, 810789234.
2018-11-13 00:03:06,527 26028  INFO  [f0ed96] Doing some complicated stuff.. Random numbers are: 164902101, 624921904, 1017090438.
2018-11-13 00:03:06,530 26032  INFO  [d5fd55] Started processing user request. Id = d5fd55bc-5f65-4320-b598-648158b040e5. Size = 81.8 KB.
2018-11-13 00:03:06,532 26034  INFO  [d5fd55] Doing some complicated stuff.. Random numbers are: 157007690, 402492948, 956894132.
2018-11-13 00:03:06,563 26064  INFO  [78d26d] Finished processing user request with id = 78d26dfe-953f-4521-948f-1a39fb890901 in 00:00:00.0607177.
2018-11-13 00:03:06,565 26066  INFO  [d5fd55] Finished processing user request with id = d5fd55bc-5f65-4320-b598-648158b040e5 in 00:00:00.0347059.
2018-11-13 00:03:06,572 26073  INFO  [f0ed96] Finished processing user request with id = f0ed966f-2147-4e53-92c2-655a85c43de3 in 00:00:00.0637933.
2018-11-13 00:03:06,576 26077  INFO  [67979b] Started processing user request. Id = 67979b5a-6c36-4972-9358-a50af99c64f1. Size = 43.06 KB.
2018-11-13 00:03:06,580 26082  INFO  [BackgroundDaemon] Starting iteration #15501.
2018-11-13 00:03:06,585 26087  INFO  [67979b] Doing some complicated stuff.. Random numbers are: 47045916, 504278146, 591475408.
2018-11-13 00:03:06,596 26097  INFO  [671431] Started processing user request. Id = 6714310b-4853-4904-ac90-3223e809cf2f. Size = 85.34 KB.
2018-11-13 00:03:06,614 26115  INFO  [671431] Doing some complicated stuff.. Random numbers are: 2061905179, 1806452862, 879768708.
2018-11-13 00:03:06,620 26121  INFO  [67979b] Finished processing user request with id = 67979b5a-6c36-4972-9358-a50af99c64f1 in 00:00:00.0437770.
2018-11-13 00:03:06,633 26134  INFO  [546d87] Started processing user request. Id = 546d8733-b96e-43d0-b8e8-47de8c0f9be4. Size = 49.94 KB.
2018-11-13 00:03:06,641 26142  INFO  [546d87] Doing some complicated stuff.. Random numbers are: 94093485, 1358075622, 1427295035.
2018-11-13 00:03:06,655 26156  INFO  [671431] Finished processing user request with id = 6714310b-4853-4904-ac90-3223e809cf2f in 00:00:00.0590523.
2018-11-13 00:03:06,668 26169  ERROR [546d87] 
System.InvalidOperationException: Oh no! An error occurred!
2018-11-13 00:03:06,680 26181  INFO  [BackgroundDaemon] Processing data (14% completed)..
2018-11-13 00:03:06,681 26183  INFO  [40ca4b] Started processing user request. Id = 40ca4b61-3753-451e-9a81-b33f0554bd36. Size = 29.36 KB.
2018-11-13 00:03:06,687 26188  INFO  [6446af] Started processing user request. Id = 6446af12-7d8a-4096-918c-9dab07003aeb. Size = 10.9 KB.
2018-11-13 00:03:06,690 26191  INFO  [6446af] Doing some complicated stuff.. Random numbers are: 533595867, 335180669, 519198896.
2018-11-13 00:03:06,690 26191  INFO  [6446af] Here's some useful guids:
		ae1691ce-b4ac-4bfc-b8c8-545b965f24f3
2018-11-13 00:03:06,692 26193  INFO  [40ca4b] Doing some complicated stuff.. Random numbers are: 75716361, 287084839, 1512227280.
2018-11-13 00:03:06,704 26205  INFO  [6446af] Finished processing user request with id = 6446af12-7d8a-4096-918c-9dab07003aeb in 00:00:00.0171098.
2018-11-13 00:03:06,718 26219  INFO  [40ca4b] Here's some useful guids:
		bbdb9348-9dd9-4844-995a-47082c83f82e
		38a85f2f-f03e-4245-9796-712465c1cc69
		2106c720-e5e3-4dea-9bf6-a4a54d4ab7e2
		dc6b69e7-e629-44b9-ae27-a2542a013575
		966d74ef-0d46-4d66-811d-61c17cdc0c7f
2018-11-13 00:03:06,736 26237  INFO  [eec5f2] Started processing user request. Id = eec5f244-df26-4bbf-9831-0f9798842317. Size = 68.25 KB.
2018-11-13 00:03:06,740 26241  INFO  [40ca4b] Finished processing user request with id = 40ca4b61-3753-451e-9a81-b33f0554bd36 in 00:00:00.0586878.
2018-11-13 00:03:06,740 26241  INFO  [310881] Started processing user request. Id = 31088128-9483-4636-a4f1-f83c3709bc23. Size = 6.92 KB.
2018-11-13 00:03:06,742 26243  INFO  [310881] Doing some complicated stuff.. Random numbers are: 640188033, 1800389401, 541815989.
2018-11-13 00:03:06,749 26250  INFO  [eec5f2] Doing some complicated stuff.. Random numbers are: 1411171365, 226656872, 1236060592.
2018-11-13 00:03:06,753 26254  INFO  [531202] Started processing user request. Id = 53120291-0de1-42e5-b9cc-ef1a46b669aa. Size = 69.53 KB.
2018-11-13 00:03:06,755 26256  INFO  [BackgroundDaemon] Processing data (39% completed)..
2018-11-13 00:03:06,768 26269  INFO  [531202] Doing some complicated stuff.. Random numbers are: 219085752, 273420904, 1396508797.
2018-11-13 00:03:06,782 26284  INFO  [Metrics] Cpu: 3.24%; Memory: 19.79 GB/31.88 GB; Workers: 4/1024; IOCP: 0/1024
2018-11-13 00:03:06,784 26286  INFO  [531202] Finished processing user request with id = 53120291-0de1-42e5-b9cc-ef1a46b669aa in 00:00:00.0312078.
2018-11-13 00:03:06,792 26293  INFO  [310881] Finished processing user request with id = 31088128-9483-4636-a4f1-f83c3709bc23 in 00:00:00.0521314.
2018-11-13 00:03:06,798 26299  INFO  [035e37] Started processing user request. Id = 035e37dc-d6ab-4bd2-b0d4-513e3503cf32. Size = 65 B.
2018-11-13 00:03:06,807 26308  INFO  [eec5f2] Finished processing user request with id = eec5f244-df26-4bbf-9831-0f9798842317 in 00:00:00.0709060.
2018-11-13 00:03:06,810 26311  INFO  [035e37] Doing some complicated stuff.. Random numbers are: 546999679, 958778001, 2127055544.
2018-11-13 00:03:06,810 26311  INFO  [BackgroundDaemon] Processing data (60% completed)..
2018-11-13 00:03:06,810 26311  INFO  [BackgroundDaemon] Finished iteration in 00:00:00.2297724.
2018-11-13 00:03:06,834 26335  INFO  [035e37] Finished processing user request with id = 035e37dc-d6ab-4bd2-b0d4-513e3503cf32 in 00:00:00.0360320.
2018-11-13 00:03:06,839 26340  INFO  [486c53] Started processing user request. Id = 486c53df-74ee-4565-abf0-675006c1efc3. Size = 49.75 KB.
2018-11-13 00:03:06,844 26345  INFO  [486c53] Doing some complicated stuff.. Random numbers are: 1754657438, 925633034, 60154408.
2018-11-13 00:03:06,847 26348  INFO  [14d9be] Started processing user request. Id = 14d9be2a-c47d-44e0-b225-6358ba51a193. Size = 53.87 KB.
2018-11-13 00:03:06,865 26366  INFO  [14d9be] Doing some complicated stuff.. Random numbers are: 708079683, 1101082977, 1282210296.
2018-11-13 00:03:06,897 26398  ERROR [486c53] 
System.InvalidOperationException: Oh no! An error occurred!
2018-11-13 00:03:06,899 26400  INFO  [14d9be] Here's some useful guids:
		95843934-298b-4394-8a14-8e43fa2b98a6
2018-11-13 00:03:06,917 26418  INFO  [14d9be] Finished processing user request with id = 14d9be2a-c47d-44e0-b225-6358ba51a193 in 00:00:00.0699996.
2018-11-13 00:03:06,928 26429  INFO  [8b87c3] Started processing user request. Id = 8b87c33d-4804-4019-b954-4d4bf0237e16. Size = 36.95 KB.
2018-11-13 00:03:06,930 26431  INFO  [6597ea] Started processing user request. Id = 6597ea64-ede0-4b6e-8b23-4ca081afd2d9. Size = 75.38 KB.
2018-11-13 00:03:06,937 26438  INFO  [6597ea] Doing some complicated stuff.. Random numbers are: 2002227983, 882301236, 1328746648.
2018-11-13 00:03:06,946 26447  INFO  [8b87c3] Doing some complicated stuff.. Random numbers are: 1580280977, 1825471760, 1713894741.
2018-11-13 00:03:06,951 26452  INFO  [6597ea] Finished processing user request with id = 6597ea64-ede0-4b6e-8b23-4ca081afd2d9 in 00:00:00.0209537.
2018-11-13 00:03:06,960 26461  INFO  [88c3fb] Started processing user request. Id = 88c3fbef-4d1b-489c-8f40-6c0bef5aa290. Size = 51.86 KB.
2018-11-13 00:03:06,965 26466  INFO  [d0f124] Started processing user request. Id = d0f1246e-a45a-4406-b4bc-770160c0d852. Size = 29.37 KB.
2018-11-13 00:03:06,972 26473  INFO  [d0f124] Doing some complicated stuff.. Random numbers are: 1289581248, 461980, 1255257283.
2018-11-13 00:03:06,973 26474  INFO  [88c3fb] Doing some complicated stuff.. Random numbers are: 1452773390, 703882622, 1677728260.
2018-11-13 00:03:06,980 26481  INFO  [8b87c3] Finished processing user request with id = 8b87c33d-4804-4019-b954-4d4bf0237e16 in 00:00:00.0520076.
2018-11-13 00:03:06,994 26495  INFO  [d0f124] Finished processing user request with id = d0f1246e-a45a-4406-b4bc-770160c0d852 in 00:00:00.0282641.
2018-11-13 00:03:07,007 26508  INFO  [f4039d] Started processing user request. Id = f4039d04-9c5f-46c8-9e8c-7d8d475b28d2. Size = 8.31 KB.
2018-11-13 00:03:07,007 26508  INFO  [f4039d] Doing some complicated stuff.. Random numbers are: 1615909858, 1707028855, 818999430.
2018-11-13 00:03:07,007 26508  INFO  [f4039d] Here's some useful guids:
		c68ecb5b-5ec7-4a0c-9078-b697f2f989e1
		4861579f-492e-41d3-bfbf-25494edb65e8
		ae64d750-8298-429c-b60c-7a907215d894
		b4bb7f5f-fbb1-4f8d-93ae-ae8e424c70b0
		12d8cdcb-cd7e-4a16-8386-ddff2cc9f130
2018-11-13 00:03:07,009 26510  INFO  [f4039d] Finished processing user request with id = f4039d04-9c5f-46c8-9e8c-7d8d475b28d2 in 00:00:00.0020814.
2018-11-13 00:03:07,010 26511  INFO  [BackgroundDaemon] Starting iteration #15502.
2018-11-13 00:03:07,012 26513  INFO  [26571e] Started processing user request. Id = 26571e2f-a09b-4284-9e7e-313bd3f8c834. Size = 66.49 KB.
2018-11-13 00:03:07,023 26525  INFO  [ffbef6] Started processing user request. Id = ffbef6f1-1112-481e-9150-6fe32d9356fb. Size = 13 KB.
2018-11-13 00:03:07,029 26530  INFO  [ffbef6] Doing some complicated stuff.. Random numbers are: 1828082934, 1375431329, 890317411.
2018-11-13 00:03:07,029 26530  INFO  [26571e] Doing some complicated stuff.. Random numbers are: 147208561, 2060051097, 813296134.
2018-11-13 00:03:07,032 26533  INFO  [88c3fb] Finished processing user request with id = 88c3fbef-4d1b-489c-8f40-6c0bef5aa290 in 00:00:00.0720453.
2018-11-13 00:03:07,047 26548  INFO  [ffbef6] Finished processing user request with id = ffbef6f1-1112-481e-9150-6fe32d9356fb in 00:00:00.0238654.
2018-11-13 00:03:07,051 26552  INFO  [26571e] Finished processing user request with id = 26571e2f-a09b-4284-9e7e-313bd3f8c834 in 00:00:00.0389123.
2018-11-13 00:03:07,061 26562  INFO  [377906] Started processing user request. Id = 37790651-8912-462c-8bbf-079745246f9c. Size = 19.52 KB.
2018-11-13 00:03:07,073 26574  INFO  [377906] Doing some complicated stuff.. Random numbers are: 453212167, 4169939, 542881465.
2018-11-13 00:03:07,082 26583  INFO  [9e3c3c] Started processing user request. Id = 9e3c3cc2-450c-4a1c-8b2f-97eab4da8c11. Size = 20.84 KB.
2018-11-13 00:03:07,082 26583  INFO  [BackgroundDaemon] Processing data (13% completed)..
2018-11-13 00:03:07,098 26599  INFO  [9e3c3c] Doing some complicated stuff.. Random numbers are: 825844587, 298279233, 1814333165.
2018-11-13 00:03:07,120 26621  ERROR [377906] 
System.InvalidOperationException: Oh no! An error occurred!
2018-11-13 00:03:07,121 26623  INFO  [BackgroundDaemon] Processing data (39% completed)..
2018-11-13 00:03:07,126 26627  INFO  [9e3c3c] Finished processing user request with id = 9e3c3cc2-450c-4a1c-8b2f-97eab4da8c11 in 00:00:00.0431201.
2018-11-13 00:03:07,134 26635  INFO  [4d49ee] Started processing user request. Id = 4d49ee8a-f664-4080-aece-5292eba2bb3a. Size = 88.77 KB.
2018-11-13 00:03:07,149 26650  INFO  [4d49ee] Doing some complicated stuff.. Random numbers are: 460158890, 1755020826, 1038394989.
2018-11-13 00:03:07,157 26658  INFO  [300082] Started processing user request. Id = 30008265-072e-4071-9803-de5b639ad50f. Size = 28.86 KB.
2018-11-13 00:03:07,171 26672  INFO  [300082] Doing some complicated stuff.. Random numbers are: 473441459, 367856912, 1487841873.
2018-11-13 00:03:07,176 26677  INFO  [4d49ee] Finished processing user request with id = 4d49ee8a-f664-4080-aece-5292eba2bb3a in 00:00:00.0418457.
2018-11-13 00:03:07,190 26691  INFO  [91f04a] Started processing user request. Id = 91f04a3e-87c5-4d2c-b5d7-c1e7fcaed626. Size = 95.51 KB.
2018-11-13 00:03:07,194 26695  INFO  [300082] Here's some useful guids:
		c99224c8-7238-4201-8b86-ac8b7b68459e
		8eac7a79-5575-48bf-ba33-f8823eefb170
		074ab18e-58d9-43c7-9f34-ef37a491ff39
		ce590ff3-a8a9-4a7f-aa6e-8513e8a02758
2018-11-13 00:03:07,200 26701  INFO  [fa7de7] Started processing user request. Id = fa7de776-0c04-4903-b342-8c3600f6cb1c. Size = 57.69 KB.
2018-11-13 00:03:07,209 26710  INFO  [91f04a] Doing some complicated stuff.. Random numbers are: 1963459889, 204406614, 1741929017.
2018-11-13 00:03:07,213 26714  INFO  [300082] Finished processing user request with id = 30008265-072e-4071-9803-de5b639ad50f in 00:00:00.0556363.
2018-11-13 00:03:07,217 26718  INFO  [BackgroundDaemon] Processing data (59% completed)..
2018-11-13 00:03:07,217 26718  INFO  [BackgroundDaemon] Finished iteration in 00:00:00.2065110.
2018-11-13 00:03:07,219 26720  INFO  [fa7de7] Doing some complicated stuff.. Random numbers are: 16427325, 867194550, 734869429.
2018-11-13 00:03:07,244 26745  INFO  [2ba613] Started processing user request. Id = 2ba61321-dcb6-4da0-b86e-be92e8c2502a. Size = 82.97 KB.
2018-11-13 00:03:07,245 26746  INFO  [91f04a] Finished processing user request with id = 91f04a3e-87c5-4d2c-b5d7-c1e7fcaed626 in 00:00:00.0554785.
2018-11-13 00:03:07,245 26746  INFO  [fa7de7] Finished processing user request with id = fa7de776-0c04-4903-b342-8c3600f6cb1c in 00:00:00.0449556.
2018-11-13 00:03:07,258 26759  INFO  [be49ff] Started processing user request. Id = be49ff9d-56f5-49d6-aff1-0371bc87148c. Size = 43.97 KB.
2018-11-13 00:03:07,260 26761  INFO  [2ba613] Doing some complicated stuff.. Random numbers are: 2014396985, 397185433, 856059753.
2018-11-13 00:03:07,274 26775  INFO  [be49ff] Doing some complicated stuff.. Random numbers are: 399263837, 1376317216, 1900637249.
2018-11-13 00:03:07,282 26783  INFO  [Metrics] Cpu: 1.16%; Memory: 19.79 GB/31.88 GB; Workers: 4/1024; IOCP: 0/1024
2018-11-13 00:03:07,286 26787  INFO  [be49ff] Finished processing user request with id = be49ff9d-56f5-49d6-aff1-0371bc87148c in 00:00:00.0281278.
2018-11-13 00:03:07,300 26801  INFO  [408019] Started processing user request. Id = 408019f9-d024-4ad5-b11c-ffa9eff6d030. Size = 85.74 KB.
2018-11-13 00:03:07,300 26801  INFO  [408019] Doing some complicated stuff.. Random numbers are: 1073028393, 628054992, 878518068.
2018-11-13 00:03:07,304 26805  INFO  [2ba613] Finished processing user request with id = 2ba61321-dcb6-4da0-b86e-be92e8c2502a in 00:00:00.0595154.
2018-11-13 00:03:07,305 26806  INFO  [408019] Here's some useful guids:
		e80bcfec-c5fb-4f86-8cf4-138083616969
		96f07177-3060-416a-a734-08c58ef8fe37
		e026b26e-e5e8-4f63-a47b-09790d31a5f8
		f7612e1e-6253-4d53-be1f-af8558f056e7
		d6d90219-7c59-45b1-ab27-ca4d943af927
2018-11-13 00:03:07,315 26816  ERROR [408019] 
System.InvalidOperationException: Oh no! An error occurred!
2018-11-13 00:03:07,329 26830  INFO  [bfae68] Started processing user request. Id = bfae6841-50a2-4275-b413-f2497dab253b. Size = 30.94 KB.
2018-11-13 00:03:07,335 26836  INFO  [688a5a] Started processing user request. Id = 688a5acf-d538-4bd5-b7d6-90a75d25d4c6. Size = 53.75 KB.
2018-11-13 00:03:07,345 26846  INFO  [bfae68] Doing some complicated stuff.. Random numbers are: 1330616554, 1536184614, 1808284912.
2018-11-13 00:03:07,353 26854  INFO  [688a5a] Doing some complicated stuff.. Random numbers are: 1747093635, 1387226455, 665674912.
2018-11-13 00:03:07,370 26871  INFO  [688a5a] Here's some useful guids:
		41adb194-2726-43d6-8f6b-01605de49209
		afc7e1ef-a35f-47cd-8e8f-03c9d206e5c3
		ee6321d1-eb48-437c-beb4-9ae1efba49be
		e2be911e-1e4c-4e0a-a88d-5b34a76943be
2018-11-13 00:03:07,381 26882  INFO  [bfae68] Finished processing user request with id = bfae6841-50a2-4275-b413-f2497dab253b in 00:00:00.0520695.
2018-11-13 00:03:07,388 26889  INFO  [688a5a] Finished processing user request with id = 688a5acf-d538-4bd5-b7d6-90a75d25d4c6 in 00:00:00.0531475.
2018-11-13 00:03:07,395 26896  INFO  [008dc1] Started processing user request. Id = 008dc147-7f4d-4f14-8b0e-2f344bf5fcae. Size = 10.18 KB.
2018-11-13 00:03:07,412 26913  INFO  [008dc1] Doing some complicated stuff.. Random numbers are: 57533557, 449159671, 551544181.
2018-11-13 00:03:07,413 26914  INFO  [c957b6] Started processing user request. Id = c957b6ca-a8c5-4001-987f-5ba6bb67fd9f. Size = 83.21 KB.
2018-11-13 00:03:07,418 26919  INFO  [BackgroundDaemon] Starting iteration #15503.
2018-11-13 00:03:07,420 26921  INFO  [c957b6] Doing some complicated stuff.. Random numbers are: 1066782061, 1695140817, 17607987.
2018-11-13 00:03:07,420 26921  INFO  [584686] Started processing user request. Id = 584686ea-531e-4df9-9aff-365ddeddb357. Size = 905 B.
2018-11-13 00:03:07,423 26924  INFO  [584686] Doing some complicated stuff.. Random numbers are: 482855642, 1561152854, 642061260.
2018-11-13 00:03:07,431 26932  INFO  [008dc1] Finished processing user request with id = 008dc147-7f4d-4f14-8b0e-2f344bf5fcae in 00:00:00.0358455.
2018-11-13 00:03:07,444 26945  INFO  [082df9] Started processing user request. Id = 082df90c-979e-413c-aeb6-b7d4385c1d28. Size = 25.87 KB.
2018-11-13 00:03:07,445 26946  INFO  [c957b6] Here's some useful guids:
		1530d0e6-aed5-420c-a457-1ca4cbf73662
		e1e65a02-77c2-4b66-a363-07f3df30894a
		5c69e41b-cf27-4c05-bbb7-4a41b2abef51
		56241571-e99f-4f5e-a889-0d7c50067d12
		3a98de08-38fa-4bd4-a25a-97404a8ccf5e
2018-11-13 00:03:07,448 26949  INFO  [584686] Here's some useful guids:
		9b6afdec-74a7-4e4c-9f54-ef677209b379
		98ecfb4f-6cd3-4912-bca5-14da0e8cc1ab
		55d8614f-d973-45bb-89df-543113bcca1b
2018-11-13 00:03:07,451 26952  INFO  [BackgroundDaemon] Processing data (5% completed)..
2018-11-13 00:03:07,452 26953  INFO  [c957b6] Finished processing user request with id = c957b6ca-a8c5-4001-987f-5ba6bb67fd9f in 00:00:00.0392287.
2018-11-13 00:03:07,461 26962  INFO  [082df9] Doing some complicated stuff.. Random numbers are: 50947778, 226992841, 691770118.
2018-11-13 00:03:07,464 26965  INFO  [584686] Finished processing user request with id = 584686ea-531e-4df9-9aff-365ddeddb357 in 00:00:00.0443345.
2018-11-13 00:03:07,494 26995  INFO  [082df9] Here's some useful guids:
		0031f6fb-6227-4fb0-acc4-0389a5a43a68
		761492d8-8ceb-4d0c-872d-f9e26da9be9b
		6aa1053d-9b3c-40c3-b6a7-177ad9ac55e1
2018-11-13 00:03:07,496 26997  INFO  [ecae13] Started processing user request. Id = ecae13a7-c844-4623-baca-fb8a646781f0. Size = 50.75 KB.
2018-11-13 00:03:07,496 26997  INFO  [082df9] Finished processing user request with id = 082df90c-979e-413c-aeb6-b7d4385c1d28 in 00:00:00.0521695.
2018-11-13 00:03:07,510 27011  INFO  [502f0a] Started processing user request. Id = 502f0a15-7c11-4c8f-bfda-c4a8e75dfc5c. Size = 56.77 KB.
2018-11-13 00:03:07,510 27011  INFO  [ecae13] Doing some complicated stuff.. Random numbers are: 1478220050, 787551029, 984481193.
2018-11-13 00:03:07,514 27015  INFO  [BackgroundDaemon] Processing data (27% completed)..
2018-11-13 00:03:07,525 27026  INFO  [502f0a] Doing some complicated stuff.. Random numbers are: 1563177588, 1950096652, 1886097433.
2018-11-13 00:03:07,552 27053  INFO  [ecae13] Finished processing user request with id = ecae13a7-c844-4623-baca-fb8a646781f0 in 00:00:00.0562430.
2018-11-13 00:03:07,569 27070  INFO  [502f0a] Finished processing user request with id = 502f0a15-7c11-4c8f-bfda-c4a8e75dfc5c in 00:00:00.0591673.
2018-11-13 00:03:07,581 27082  INFO  [BackgroundDaemon] Processing data (56% completed)..
2018-11-13 00:03:07,581 27082  INFO  [BackgroundDaemon] Finished iteration in 00:00:00.1634275.
2018-11-13 00:03:07,583 27084  INFO  [d28f98] Started processing user request. Id = d28f982f-9c7d-4d75-83d9-945bace313e7. Size = 3.7 KB.
2018-11-13 00:03:07,584 27085  INFO  [317041] Started processing user request. Id = 317041c3-d98c-4c28-9e14-4feeee35fa7d. Size = 96.76 KB.
2018-11-13 00:03:07,588 27089  INFO  [317041] Doing some complicated stuff.. Random numbers are: 2056180915, 866800471, 971828655.
2018-11-13 00:03:07,590 27091  INFO  [d28f98] Doing some complicated stuff.. Random numbers are: 1791467238, 340859713, 150812859.
2018-11-13 00:03:07,612 27113  INFO  [d28f98] Here's some useful guids:
		c22ed590-f989-4aa7-bccd-3eb2c3c9dd28
		58cb3cad-672f-44fe-aedc-6b949bc7184e
		821d1b51-917c-4820-8df6-c662078cc579
2018-11-13 00:03:07,619 27120  INFO  [868075] Started processing user request. Id = 868075a2-65f8-42ca-8cc8-eeca65fea28b. Size = 67.27 KB.
2018-11-13 00:03:07,623 27124  INFO  [317041] Finished processing user request with id = 317041c3-d98c-4c28-9e14-4feeee35fa7d in 00:00:00.0390507.
2018-11-13 00:03:07,632 27133  INFO  [868075] Doing some complicated stuff.. Random numbers are: 88926830, 591248307, 1976880749.
2018-11-13 00:03:07,638 27139  INFO  [d28f98] Finished processing user request with id = d28f982f-9c7d-4d75-83d9-945bace313e7 in 00:00:00.0550404.
2018-11-13 00:03:07,639 27140  INFO  [868075] Here's some useful guids:
		e57ee88a-3341-4020-879c-673716b9cc64
		4309116f-67cb-4286-aa31-f79b68b763ab
		6f5e7456-5efb-49c7-b4d4-2c7ca9608514
		da3f4492-3de0-4a04-9b12-59fe691ac4f6
		4de40f64-b6eb-4560-9b8e-931845616de2
2018-11-13 00:03:07,641 27142  INFO  [868075] Finished processing user request with id = 868075a2-65f8-42ca-8cc8-eeca65fea28b in 00:00:00.0219223.
2018-11-13 00:03:07,652 27153  INFO  [e3aa1e] Started processing user request. Id = e3aa1e5d-effe-4098-a783-9144dcaa12c0. Size = 23.83 KB.
2018-11-13 00:03:07,655 27156  INFO  [489b80] Started processing user request. Id = 489b8047-64a8-41d3-b0a9-9ba70ec00b61. Size = 89.36 KB.
2018-11-13 00:03:07,670 27171  INFO  [489b80] Doing some complicated stuff.. Random numbers are: 765099329, 1910171004, 1525099717.
2018-11-13 00:03:07,670 27171  INFO  [e3aa1e] Doing some complicated stuff.. Random numbers are: 1900172038, 2124493985, 1298794561.
2018-11-13 00:03:07,693 27194  INFO  [489b80] Finished processing user request with id = 489b8047-64a8-41d3-b0a9-9ba70ec00b61 in 00:00:00.0383575.
2018-11-13 00:03:07,695 27196  INFO  [e3aa1e] Here's some useful guids:
		801c3f6a-146b-4d35-8c51-470294bebc81
		2f1d942f-af8e-45e6-a688-688403c74bdd
		3b857a8e-4d9a-497f-82c4-580d467ea2b0
		c8822a7e-fd66-4f39-8590-c93e2286c564
		d739ccfd-f7d2-4006-b117-0f2fccf1be45
2018-11-13 00:03:07,701 27202  INFO  [e3aa1e] Finished processing user request with id = e3aa1e5d-effe-4098-a783-9144dcaa12c0 in 00:00:00.0492898.
2018-11-13 00:03:07,714 27215  INFO  [462586] Started processing user request. Id = 462586b5-13bc-4f3a-9ba1-d9011dc23746. Size = 78.16 KB.
2018-11-13 00:03:07,725 27226  INFO  [fc5846] Started processing user request. Id = fc5846bd-da8a-4093-976e-105f94099267. Size = 10.75 KB.
2018-11-13 00:03:07,728 27229  INFO  [462586] Doing some complicated stuff.. Random numbers are: 670743291, 1618583585, 98022736.
2018-11-13 00:03:07,738 27239  INFO  [fc5846] Doing some complicated stuff.. Random numbers are: 1199120640, 1930817193, 941599543.
2018-11-13 00:03:07,750 27251  INFO  [462586] Here's some useful guids:
		c72e287c-e6fd-416a-828b-a09388efed76
		93769cec-9310-4d0b-b651-a11c4c080ef0
2018-11-13 00:03:07,753 27254  INFO  [fc5846] Here's some useful guids:
		f482c6f6-89b0-42c4-a7fe-ef42faa13cc6
		d8d441d2-c16d-4e63-9212-2a41969f4c43
		25910070-0d64-4c83-9064-448b7b14abf5
		67c89c58-3010-4594-b3a9-b091fedaaf8d
2018-11-13 00:03:07,777 27278  INFO  [462586] Finished processing user request with id = 462586b5-13bc-4f3a-9ba1-d9011dc23746 in 00:00:00.0630575.
2018-11-13 00:03:07,778 27279  INFO  [fc5846] Finished processing user request with id = fc5846bd-da8a-4093-976e-105f94099267 in 00:00:00.0531894.
2018-11-13 00:03:07,781 27282  INFO  [BackgroundDaemon] Starting iteration #15504.
2018-11-13 00:03:07,782 27283  INFO  [Metrics] Cpu: 1.16%; Memory: 19.79 GB/31.88 GB; Workers: 4/1024; IOCP: 0/1024
2018-11-13 00:03:07,791 27292  INFO  [cc72fb] Started processing user request. Id = cc72fb92-a197-4acc-8fe3-463efd503855. Size = 39.05 KB.
2018-11-13 00:03:07,802 27304  INFO  [cc72fb] Doing some complicated stuff.. Random numbers are: 2103779326, 1494310899, 215124336.
2018-11-13 00:03:07,808 27309  INFO  [13d682] Started processing user request. Id = 13d68295-e007-4040-830d-94067fc44400. Size = 15.08 KB.
2018-11-13 00:03:07,810 27311  INFO  [92adf5] Started processing user request. Id = 92adf51d-9e5b-4ed9-83f9-17e85e72bc73. Size = 43.85 KB.
2018-11-13 00:03:07,813 27314  INFO  [13d682] Doing some complicated stuff.. Random numbers are: 1604741582, 1318055598, 833685040.
2018-11-13 00:03:07,814 27315  INFO  [92adf5] Doing some complicated stuff.. Random numbers are: 939080478, 1473106764, 133557756.
2018-11-13 00:03:07,819 27320  INFO  [cc72fb] Here's some useful guids:
		1fce03ad-e220-431f-9a92-0cdac806e288
		67f0e958-f297-47eb-8aca-1709c6c1b91a
		77c278b8-17c0-4fb7-83d1-744868f38a8b
		4de29678-df67-4817-9ff0-3cea4cef2847
2018-11-13 00:03:07,819 27320  INFO  [92adf5] Finished processing user request with id = 92adf51d-9e5b-4ed9-83f9-17e85e72bc73 in 00:00:00.0090962.
2018-11-13 00:03:07,828 27329  INFO  [BackgroundDaemon] Processing data (13% completed)..
2018-11-13 00:03:07,848 27349  INFO  [cc72fb] Finished processing user request with id = cc72fb92-a197-4acc-8fe3-463efd503855 in 00:00:00.0566662.
2018-11-13 00:03:07,850 27352  INFO  [dc1d53] Started processing user request. Id = dc1d53a1-42d7-45b7-8130-01a391579053. Size = 73.44 KB.
2018-11-13 00:03:07,861 27362  INFO  [82329d] Started processing user request. Id = 82329d06-f517-437d-b66a-f5e0c86e02db. Size = 25.95 KB.
2018-11-13 00:03:07,865 27366  INFO  [82329d] Doing some complicated stuff.. Random numbers are: 439543100, 1494726767, 1739749475.
2018-11-13 00:03:07,866 27367  INFO  [dc1d53] Doing some complicated stuff.. Random numbers are: 437002613, 1689583013, 313751782.
2018-11-13 00:03:07,870 27371  INFO  [13d682] Finished processing user request with id = 13d68295-e007-4040-830d-94067fc44400 in 00:00:00.0621358.
2018-11-13 00:03:07,885 27386  INFO  [BackgroundDaemon] Processing data (48% completed)..
2018-11-13 00:03:07,907 27408  INFO  [dc1d53] Finished processing user request with id = dc1d53a1-42d7-45b7-8130-01a391579053 in 00:00:00.0561738.
2018-11-13 00:03:07,918 27419  INFO  [82329d] Finished processing user request with id = 82329d06-f517-437d-b66a-f5e0c86e02db in 00:00:00.0570917.
2018-11-13 00:03:07,932 27433  INFO  [263bbe] Started processing user request. Id = 263bbe05-9561-4930-91f4-6f9405f775d1. Size = 26.37 KB.
2018-11-13 00:03:07,938 27439  INFO  [fd71fb] Started processing user request. Id = fd71fb17-fbc0-41b6-99b8-a32b65506549. Size = 61.6 KB.
2018-11-13 00:03:07,941 27442  INFO  [263bbe] Doing some complicated stuff.. Random numbers are: 1832976093, 1012008372, 1979135082.
2018-11-13 00:03:07,943 27444  INFO  [263bbe] Here's some useful guids:
		d875bbba-99e4-4e6b-a2ac-2d72a14fbcd4
2018-11-13 00:03:07,946 27447  INFO  [263bbe] Finished processing user request with id = 263bbe05-9561-4930-91f4-6f9405f775d1 in 00:00:00.0140161.
2018-11-13 00:03:07,957 27458  INFO  [fd71fb] Doing some complicated stuff.. Random numbers are: 505903000, 1586878748, 609236137.
2018-11-13 00:03:07,959 27460  INFO  [a4fc92] Started processing user request. Id = a4fc925e-2147-4ec5-a8fa-f8e673fc3b38. Size = 51.86 KB.
2018-11-13 00:03:07,959 27460  INFO  [BackgroundDaemon] Processing data (57% completed)..
2018-11-13 00:03:07,959 27460  INFO  [BackgroundDaemon] Finished iteration in 00:00:00.1774410.
2018-11-13 00:03:07,963 27464  INFO  [a4fc92] Doing some complicated stuff.. Random numbers are: 1464272091, 1432099889, 1499648905.
2018-11-13 00:03:07,986 27488  INFO  [fd71fb] Finished processing user request with id = fd71fb17-fbc0-41b6-99b8-a32b65506549 in 00:00:00.0487957.
2018-11-13 00:03:08,009 27510  INFO  [a4fc92] Finished processing user request with id = a4fc925e-2147-4ec5-a8fa-f8e673fc3b38 in 00:00:00.0504631.
2018-11-13 00:03:08,018 27519  INFO  [678ac3] Started processing user request. Id = 678ac3dc-5a5c-48b6-be72-bf891297c4ed. Size = 8.52 KB.
2018-11-13 00:03:08,023 27524  INFO  [e137ee] Started processing user request. Id = e137ee38-887c-4093-8d45-885878d4e1d6. Size = 87.26 KB.
2018-11-13 00:03:08,026 27527  INFO  [e137ee] Doing some complicated stuff.. Random numbers are: 450996209, 1598586941, 9150103.
2018-11-13 00:03:08,033 27534  INFO  [678ac3] Doing some complicated stuff.. Random numbers are: 1237455046, 740255229, 1711614522.
2018-11-13 00:03:08,037 27539  INFO  [c2cdb6] Started processing user request. Id = c2cdb624-897b-4eab-9db9-b7f6ad4b85d0. Size = 72.89 KB.
2018-11-13 00:03:08,041 27542  INFO  [c2cdb6] Doing some complicated stuff.. Random numbers are: 2069241740, 1183351593, 1278370619.
2018-11-13 00:03:08,045 27546  INFO  [c2cdb6] Here's some useful guids:
		be2be89b-5e54-4f7d-8c2b-015cdba0df6a
		68a00b95-ddd2-4c0b-84bc-2f0f133bf4f7
2018-11-13 00:03:08,052 27553  INFO  [e137ee] Here's some useful guids:
		7efbcf3f-5dc1-485e-9065-46288ba1d282
		a960aa5b-939f-4930-b49f-31be8471b198
		c7b9557a-9c1c-4c0b-9129-99a228679200
2018-11-13 00:03:08,059 27560  INFO  [678ac3] Here's some useful guids:
		77f57106-7f2c-45b2-93dc-c6e429b6c5e8
2018-11-13 00:03:08,065 27566  INFO  [e137ee] Finished processing user request with id = e137ee38-887c-4093-8d45-885878d4e1d6 in 00:00:00.0425571.
2018-11-13 00:03:08,068 27569  INFO  [c2cdb6] Finished processing user request with id = c2cdb624-897b-4eab-9db9-b7f6ad4b85d0 in 00:00:00.0307298.
2018-11-13 00:03:08,079 27580  INFO  [e4976e] Started processing user request. Id = e4976e95-ae96-42f9-bf90-8c5aca55d89e. Size = 92.61 KB.
2018-11-13 00:03:08,085 27586  INFO  [678ac3] Finished processing user request with id = 678ac3dc-5a5c-48b6-be72-bf891297c4ed in 00:00:00.0670140.
2018-11-13 00:03:08,086 27587  INFO  [e4976e] Doing some complicated stuff.. Random numbers are: 1821493336, 1221868170, 542688216.
2018-11-13 00:03:08,117 27618  INFO  [ba0a03] Started processing user request. Id = ba0a03f9-5f7f-4e69-904d-e5d323cd6c11. Size = 6.69 KB.
2018-11-13 00:03:08,122 27623  INFO  [ba0a03] Doing some complicated stuff.. Random numbers are: 1790770074, 277910307, 845929569.
2018-11-13 00:03:08,127 27628  INFO  [e4976e] Finished processing user request with id = e4976e95-ae96-42f9-bf90-8c5aca55d89e in 00:00:00.0482133.
2018-11-13 00:03:08,140 27641  INFO  [f83e12] Started processing user request. Id = f83e1294-5588-4bb4-bd84-d072d7dee0e2. Size = 5.7 KB.
2018-11-13 00:03:08,145 27646  INFO  [ba0a03] Here's some useful guids:
		a2840e12-301f-45c0-af14-aa946579e80b
		eb5e9b2e-96fb-4f84-8215-d3b26cb64ea9
		e6c3fce0-c132-4100-b0be-646e3383e0d8
		57e2be42-b710-45fb-bd59-b43b9392995f
		dba9af66-f874-4c5c-9657-1679fbd508a6
2018-11-13 00:03:08,154 27655  INFO  [f83e12] Doing some complicated stuff.. Random numbers are: 1559744782, 831219906, 749284453.
2018-11-13 00:03:08,159 27660  INFO  [BackgroundDaemon] Starting iteration #15505.
2018-11-13 00:03:08,172 27673  INFO  [ba0a03] Finished processing user request with id = ba0a03f9-5f7f-4e69-904d-e5d323cd6c11 in 00:00:00.0554741.
2018-11-13 00:03:08,177 27678  INFO  [f83e12] Here's some useful guids:
		eae8c982-5674-4dca-a8b7-858024de9007
		3be33e68-bc05-428c-b2d8-80de18b7db84
2018-11-13 00:03:08,194 27696  INFO  [f83e12] Finished processing user request with id = f83e1294-5588-4bb4-bd84-d072d7dee0e2 in 00:00:00.0544360.
2018-11-13 00:03:08,203 27704  INFO  [c5d0e4] Started processing user request. Id = c5d0e45d-7d7f-43cb-b051-6357791be00b. Size = 40.46 KB.
2018-11-13 00:03:08,208 27709  INFO  [cca0ee] Started processing user request. Id = cca0eef0-e32a-4413-b3e6-1edfa3f4cbd9. Size = 49.7 KB.
2018-11-13 00:03:08,211 27712  INFO  [c5d0e4] Doing some complicated stuff.. Random numbers are: 1776541600, 1351348321, 630873284.
2018-11-13 00:03:08,213 27714  INFO  [cca0ee] Doing some complicated stuff.. Random numbers are: 307891213, 1681227285, 1083730771.
2018-11-13 00:03:08,235 27736  INFO  [c27aba] Started processing user request. Id = c27abaf4-f411-4bc9-bfe2-5394a9a47681. Size = 3.09 KB.
2018-11-13 00:03:08,239 27740  INFO  [BackgroundDaemon] Processing data (4% completed)..
2018-11-13 00:03:08,242 27743  INFO  [c5d0e4] Finished processing user request with id = c5d0e45d-7d7f-43cb-b051-6357791be00b in 00:00:00.0391223.
2018-11-13 00:03:08,250 27751  INFO  [cca0ee] Finished processing user request with id = cca0eef0-e32a-4413-b3e6-1edfa3f4cbd9 in 00:00:00.0421462.
2018-11-13 00:03:08,254 27755  INFO  [c27aba] Doing some complicated stuff.. Random numbers are: 2101984739, 1303099905, 1075471047.
2018-11-13 00:03:08,263 27765  INFO  [94a590] Started processing user request. Id = 94a59074-4f6f-4447-b056-5e7707886b33. Size = 83.35 KB.
2018-11-13 00:03:08,274 27775  INFO  [786e5e] Started processing user request. Id = 786e5e01-6aab-46fb-a5b0-ab9b8fc22e05. Size = 88.71 KB.
2018-11-13 00:03:08,277 27778  INFO  [c27aba] Finished processing user request with id = c27abaf4-f411-4bc9-bfe2-5394a9a47681 in 00:00:00.0419985.
2018-11-13 00:03:08,278 27779  INFO  [786e5e] Doing some complicated stuff.. Random numbers are: 138066958, 916708693, 16490979.
2018-11-13 00:03:08,280 27781  INFO  [94a590] Doing some complicated stuff.. Random numbers are: 1575349232, 1020534588, 1964333463.
2018-11-13 00:03:08,282 27783  INFO  [Metrics] Cpu: 0.57%; Memory: 19.79 GB/31.88 GB; Workers: 4/1024; IOCP: 0/1024
2018-11-13 00:03:08,296 27797  INFO  [94a590] Here's some useful guids:
		99567452-c2c5-4eea-8e5c-cbdf4e7861f9
		583d609a-1d35-47ab-b805-5bae3eb36668
		0697200c-6b2f-4f5c-9187-f8d01e972a6c
		f36f471b-2e42-4881-b144-e6a2da9954ed
		62782422-4edf-4fbe-8063-70a330dd18ff
2018-11-13 00:03:08,297 27798  INFO  [786e5e] Here's some useful guids:
		7d7b4c12-9c72-4e2d-b0ca-59c66bcddf19
		1bdd8574-87ca-4e44-9ee1-ce1a4ce4dd3c
		9fe91b2d-3181-4e0c-a706-5f210f29b4e3
2018-11-13 00:03:08,310 27811  ERROR [786e5e] 
System.InvalidOperationException: Oh no! An error occurred!
2018-11-13 00:03:08,317 27818  INFO  [94a590] Finished processing user request with id = 94a59074-4f6f-4447-b056-5e7707886b33 in 00:00:00.0539287.
2018-11-13 00:03:08,325 27826  INFO  [BackgroundDaemon] Processing data (30% completed)..
2018-11-13 00:03:08,331 27832  INFO  [a5cd2c] Started processing user request. Id = a5cd2c17-989b-4322-a79e-a679f955349a. Size = 42.12 KB.
2018-11-13 00:03:08,331 27832  INFO  [a5cd2c] Doing some complicated stuff.. Random numbers are: 2109430541, 1914510188, 1206757037.
2018-11-13 00:03:08,341 27842  INFO  [a2ada5] Started processing user request. Id = a2ada56f-d02b-47f8-b598-ba6dfdc7bb01. Size = 53.51 KB.
2018-11-13 00:03:08,351 27852  INFO  [a2ada5] Doing some complicated stuff.. Random numbers are: 241497730, 1340407821, 296371874.
2018-11-13 00:03:08,373 27874  INFO  [a5cd2c] Finished processing user request with id = a5cd2c17-989b-4322-a79e-a679f955349a in 00:00:00.0420568.
2018-11-13 00:03:08,379 27880  INFO  [a2ada5] Here's some useful guids:
		ad27bb81-201a-455b-8dcd-1e3b4534f969
		7f974dc7-bf91-4a1e-af5b-06265602ec36
		83a4b8d3-e32f-4765-8462-8f2d18dd0e9f
		85dfa1cd-9bfb-40cc-b12e-66fbf816fd8a
2018-11-13 00:03:08,386 27888  INFO  [58266f] Started processing user request. Id = 58266fe9-d436-473b-b5e3-1682a22f7d5c. Size = 84.51 KB.
2018-11-13 00:03:08,390 27891  INFO  [58266f] Doing some complicated stuff.. Random numbers are: 1243710091, 652754454, 1300147510.
2018-11-13 00:03:08,390 27892  INFO  [BackgroundDaemon] Processing data (56% completed)..
2018-11-13 00:03:08,390 27892  INFO  [BackgroundDaemon] Finished iteration in 00:00:00.2316020.
2018-11-13 00:03:08,405 27906  INFO  [a2ada5] Finished processing user request with id = a2ada56f-d02b-47f8-b598-ba6dfdc7bb01 in 00:00:00.0636860.
2018-11-13 00:03:08,436 27937  INFO  [56c1d0] Started processing user request. Id = 56c1d0e1-835f-4a48-b8b4-9824ce9cfff6. Size = 15.97 KB.
2018-11-13 00:03:08,440 27941  INFO  [58266f] Finished processing user request with id = 58266fe9-d436-473b-b5e3-1682a22f7d5c in 00:00:00.0533088.
2018-11-13 00:03:08,444 27945  INFO  [2cafd8] Started processing user request. Id = 2cafd81c-5982-46dc-93b5-071e14ff4e59. Size = 8.55 KB.
2018-11-13 00:03:08,449 27950  INFO  [2cafd8] Doing some complicated stuff.. Random numbers are: 412127062, 414760894, 1753122590.
2018-11-13 00:03:08,453 27954  INFO  [bcd30c] Started processing user request. Id = bcd30c7b-f3a1-4ce3-98ad-6794b608e9df. Size = 51.11 KB.
2018-11-13 00:03:08,453 27954  INFO  [56c1d0] Doing some complicated stuff.. Random numbers are: 867562581, 1536897263, 1681579998.
2018-11-13 00:03:08,459 27960  INFO  [bcd30c] Doing some complicated stuff.. Random numbers are: 1417858981, 678160563, 1265809838.
2018-11-13 00:03:08,466 27967  INFO  [2cafd8] Here's some useful guids:
		e54876b3-d758-4ccd-a425-5a3afad36054
		0f0f03ba-8fef-4407-a0e6-38fb4917f89d
		990a718e-5d48-4fd8-82e2-0156bbe34a4f
2018-11-13 00:03:08,470 27971  INFO  [bcd30c] Finished processing user request with id = bcd30c7b-f3a1-4ce3-98ad-6794b608e9df in 00:00:00.0173949.
2018-11-13 00:03:08,483 27984  INFO  [2cafd8] Finished processing user request with id = 2cafd81c-5982-46dc-93b5-071e14ff4e59 in 00:00:00.0389736.
2018-11-13 00:03:08,483 27984  INFO  [43dfea] Started processing user request. Id = 43dfeaab-1c12-48ce-aaef-718e3bd22dff. Size = 18.51 KB.
2018-11-13 00:03:08,499 28000  INFO  [43dfea] Doing some complicated stuff.. Random numbers are: 2087000796, 455234910, 1672781958.
2018-11-13 00:03:08,506 28007  ERROR [56c1d0] 
System.InvalidOperationException: Oh no! An error occurred!
2018-11-13 00:03:08,534 28035  INFO  [43dfea] Finished processing user request with id = 43dfeaab-1c12-48ce-aaef-718e3bd22dff in 00:00:00.0509807.
2018-11-13 00:03:08,538 28039  INFO  [8e11a5] Started processing user request. Id = 8e11a5a0-483c-41bb-a455-f860ed2f3135. Size = 5 KB.
2018-11-13 00:03:08,548 28049  INFO  [043604] Started processing user request. Id = 0436049a-d429-4000-a4e1-cf6a1419f13b. Size = 51.43 KB.
2018-11-13 00:03:08,554 28055  INFO  [8e11a5] Doing some complicated stuff.. Random numbers are: 1643282287, 662867954, 699590194.
2018-11-13 00:03:08,556 28057  INFO  [043604] Doing some complicated stuff.. Random numbers are: 1248617823, 1893755611, 2103430486.
2018-11-13 00:03:08,586 28087  INFO  [043604] Here's some useful guids:
		b0657c2f-bee9-4b70-8303-31806c266ed9
2018-11-13 00:03:08,591 28092  INFO  [BackgroundDaemon] Starting iteration #15506.
2018-11-13 00:03:08,592 28093  INFO  [8e11a5] Here's some useful guids:
		cdf0e504-22f3-4c8b-beb3-f286240669f4
2018-11-13 00:03:08,602 28103  INFO  [043604] Finished processing user request with id = 0436049a-d429-4000-a4e1-cf6a1419f13b in 00:00:00.0536577.
2018-11-13 00:03:08,616 28117  INFO  [76673b] Started processing user request. Id = 76673bcb-9563-4285-a37d-ab5986629eff. Size = 49.65 KB.
2018-11-13 00:03:08,618 28119  INFO  [76673b] Doing some complicated stuff.. Random numbers are: 1054772518, 2065697920, 127013055.
2018-11-13 00:03:08,619 28120  INFO  [8e11a5] Finished processing user request with id = 8e11a5a0-483c-41bb-a455-f860ed2f3135 in 00:00:00.0808108.
2018-11-13 00:03:08,631 28132  INFO  [76673b] Here's some useful guids:
		5023f255-548c-4f11-a072-cdacf5a0383e
		38b44868-cf0a-4717-98a1-cc8193a84305
2018-11-13 00:03:08,650 28151  INFO  [de2c78] Started processing user request. Id = de2c78ff-b766-4567-881b-23c21f0a45da. Size = 62.37 KB.
2018-11-13 00:03:08,651 28152  INFO  [d8bd8a] Started processing user request. Id = d8bd8a79-74b3-4e9c-8933-971e3f693262. Size = 39.37 KB.
2018-11-13 00:03:08,651 28152  INFO  [d8bd8a] Doing some complicated stuff.. Random numbers are: 189626350, 1635108948, 291590906.
2018-11-13 00:03:08,652 28153  INFO  [de2c78] Doing some complicated stuff.. Random numbers are: 216840877, 49289626, 1874589968.
2018-11-13 00:03:08,659 28160  INFO  [76673b] Finished processing user request with id = 76673bcb-9563-4285-a37d-ab5986629eff in 00:00:00.0432324.
2018-11-13 00:03:08,666 28168  INFO  [de2c78] Here's some useful guids:
		038c1656-958a-4255-b276-47f205baee90
		85420295-6ae7-4366-95de-fc03e8efaad6
2018-11-13 00:03:08,667 28169  INFO  [BackgroundDaemon] Processing data (4% completed)..
2018-11-13 00:03:08,673 28174  INFO  [24fe5f] Started processing user request. Id = 24fe5f96-35fa-492d-a9fb-b49a24539277. Size = 42.14 KB.
2018-11-13 00:03:08,691 28192  INFO  [de2c78] Finished processing user request with id = de2c78ff-b766-4567-881b-23c21f0a45da in 00:00:00.0410988.
2018-11-13 00:03:08,692 28193  INFO  [d8bd8a] Finished processing user request with id = d8bd8a79-74b3-4e9c-8933-971e3f693262 in 00:00:00.0410395.
2018-11-13 00:03:08,692 28193  INFO  [24fe5f] Doing some complicated stuff.. Random numbers are: 421962774, 573388071, 1238176662.
2018-11-13 00:03:08,706 28207  INFO  [24fe5f] Here's some useful guids:
		c9911fe3-f76f-4ed2-99ce-e02975fb238b
		2c1ac6b5-cb3d-4080-9b1f-f5b5a2162187
		b53a4918-e636-42f9-88a5-1621be8cbcb5
		67361f77-13e1-4b09-a040-de0b687cb3b2
		0d8c40ed-1944-4f07-88cd-4b81db4d95c0
2018-11-13 00:03:08,723 28224  INFO  [82eb0c] Started processing user request. Id = 82eb0cf9-1c3b-46ae-9618-0accbed629f4. Size = 92.79 KB.
2018-11-13 00:03:08,725 28226  INFO  [24fe5f] Finished processing user request with id = 24fe5f96-35fa-492d-a9fb-b49a24539277 in 00:00:00.0528519.
2018-11-13 00:03:08,739 28240  INFO  [82eb0c] Doing some complicated stuff.. Random numbers are: 502695908, 107802685, 305622039.
2018-11-13 00:03:08,739 28240  INFO  [0ce6a4] Started processing user request. Id = 0ce6a446-5d05-42bb-943c-84b425427dae. Size = 81.87 KB.
2018-11-13 00:03:08,748 28249  INFO  [BackgroundDaemon] Processing data (46% completed)..
2018-11-13 00:03:08,751 28252  INFO  [0ce6a4] Doing some complicated stuff.. Random numbers are: 970609398, 923662606, 920688242.
2018-11-13 00:03:08,760 28262  INFO  [82eb0c] Here's some useful guids:
		3a2d8a2b-1dd3-4d25-8cda-051c8967dcec
		7345a2fb-d152-4862-bfb4-1f4648d4aec5
		282e58bd-9a65-49fa-a53e-2deb2b15bd43
		e1a7e384-4044-4327-b84b-0f6512cc336a
2018-11-13 00:03:08,771 28272  INFO  [82eb0c] Finished processing user request with id = 82eb0cf9-1c3b-46ae-9618-0accbed629f4 in 00:00:00.0479576.
2018-11-13 00:03:08,781 28282  INFO  [Metrics] Cpu: 0.57%; Memory: 19.79 GB/31.88 GB; Workers: 4/1024; IOCP: 0/1024
2018-11-13 00:03:08,790 28291  INFO  [0ce6a4] Here's some useful guids:
		131c2a8a-6268-4b6f-b59e-5d21b581a26d
		a6bff461-e374-4f5c-a9bd-97099367d529
		e63adfca-b53e-443a-8af1-b65fef5d4985
		c6bf50cf-1b64-423b-8b7b-adec47ba7eb8
2018-11-13 00:03:08,800 28301  ERROR [0ce6a4] 
System.InvalidOperationException: Oh no! An error occurred!
2018-11-13 00:03:08,803 28304  INFO  [1b6046] Started processing user request. Id = 1b6046a6-fc9a-4aa3-a359-7fa840ad1e28. Size = 36.51 KB.
2018-11-13 00:03:08,813 28314  INFO  [0822cf] Started processing user request. Id = 0822cf68-f34e-4db8-9d51-e5b9694c6aa6. Size = 17.47 KB.
2018-11-13 00:03:08,819 28320  INFO  [1b6046] Doing some complicated stuff.. Random numbers are: 870934120, 1134565101, 757209979.
2018-11-13 00:03:08,821 28322  INFO  [0822cf] Doing some complicated stuff.. Random numbers are: 1065120618, 912431515, 1694391161.
2018-11-13 00:03:08,833 28334  INFO  [1b6046] Finished processing user request with id = 1b6046a6-fc9a-4aa3-a359-7fa840ad1e28 in 00:00:00.0304559.
2018-11-13 00:03:08,847 28348  INFO  [BackgroundDaemon] Processing data (92% completed)..
2018-11-13 00:03:08,847 28348  INFO  [BackgroundDaemon] Finished iteration in 00:00:00.2553443.
2018-11-13 00:03:08,853 28354  ERROR [0822cf] 
System.InvalidOperationException: Oh no! An error occurred!
2018-11-13 00:03:08,859 28360  INFO  [048f69] Started processing user request. Id = 048f695b-8428-42ac-bbe7-c4a4670d13ab. Size = 43.78 KB.
2018-11-13 00:03:08,862 28363  INFO  [048f69] Doing some complicated stuff.. Random numbers are: 1444893599, 1713940337, 883059409.
2018-11-13 00:03:08,864 28365  INFO  [230d82] Started processing user request. Id = 230d825e-4198-4532-894e-0b2c8b2d015c. Size = 67.14 KB.
2018-11-13 00:03:08,867 28368  INFO  [873c2d] Started processing user request. Id = 873c2d07-e3fa-4f04-ba38-e309b1ba7b50. Size = 85.9 KB.
2018-11-13 00:03:08,873 28374  INFO  [048f69] Here's some useful guids:
		e4769bc6-489b-4dd6-9dea-6aa40c158777
		5c16afd4-41fb-424f-9b18-1e9c35618efc
2018-11-13 00:03:08,877 28378  INFO  [873c2d] Doing some complicated stuff.. Random numbers are: 876799435, 1662441865, 86114800.
2018-11-13 00:03:08,878 28379  INFO  [048f69] Finished processing user request with id = 048f695b-8428-42ac-bbe7-c4a4670d13ab in 00:00:00.0188758.
2018-11-13 00:03:08,881 28382  INFO  [230d82] Doing some complicated stuff.. Random numbers are: 1460076721, 1296781152, 2077804098.
2018-11-13 00:03:08,888 28389  INFO  [873c2d] Finished processing user request with id = 873c2d07-e3fa-4f04-ba38-e309b1ba7b50 in 00:00:00.0210033.
2018-11-13 00:03:08,892 28393  INFO  [230d82] Finished processing user request with id = 230d825e-4198-4532-894e-0b2c8b2d015c in 00:00:00.0280518.
2018-11-13 00:03:08,901 28402  INFO  [dc9758] Started processing user request. Id = dc9758f7-bc0a-4860-bd17-77460d8216b5. Size = 29.96 KB.
2018-11-13 00:03:08,914 28415  INFO  [dc9758] Doing some complicated stuff.. Random numbers are: 847654421, 666773866, 1177747526.
2018-11-13 00:03:08,920 28421  INFO  [dc9758] Here's some useful guids:
		0f60a64c-ea64-4142-9491-5fa528f28295
		8aa0e5cd-be0f-4ce9-b3b0-b41f6fde8e74
		0e8c0800-25d2-49e5-aa4e-e9f38f4e9100
		91b157e0-808d-4e09-8c70-622659cc2acf
		483b0e08-659c-44f3-8d75-c12e39a3c8b4
2018-11-13 00:03:08,924 28425  INFO  [fcfa9d] Started processing user request. Id = fcfa9d9d-b9f5-4dcf-8ded-288784da3027. Size = 52.12 KB.
2018-11-13 00:03:08,931 28432  INFO  [fcfa9d] Doing some complicated stuff.. Random numbers are: 912463228, 721153612, 1823097136.
2018-11-13 00:03:08,940 28441  INFO  [dc9758] Finished processing user request with id = dc9758f7-bc0a-4860-bd17-77460d8216b5 in 00:00:00.0390035.
2018-11-13 00:03:08,940 28441  INFO  [fcfa9d] Here's some useful guids:
		3118f34b-9e1b-4326-8f09-cd5345a0db44
		3d5ab3b9-03e6-47d3-8e8c-7647dd374a63
2018-11-13 00:03:08,953 28455  INFO  [fec230] Started processing user request. Id = fec23073-3acb-46c5-b192-b2460b39fbf1. Size = 52.33 KB.
2018-11-13 00:03:08,955 28457  INFO  [fec230] Doing some complicated stuff.. Random numbers are: 253297925, 1395073971, 2088590574.
2018-11-13 00:03:08,956 28458  INFO  [fcfa9d] Finished processing user request with id = fcfa9d9d-b9f5-4dcf-8ded-288784da3027 in 00:00:00.0321638.
2018-11-13 00:03:08,958 28460  INFO  [fec230] Finished processing user request with id = fec23073-3acb-46c5-b192-b2460b39fbf1 in 00:00:00.0050435.
2018-11-13 00:03:08,972 28473  INFO  [6552b7] Started processing user request. Id = 6552b7e1-237e-418b-a810-c299a9cd0478. Size = 75.73 KB.
2018-11-13 00:03:08,981 28482  INFO  [6552b7] Doing some complicated stuff.. Random numbers are: 816599725, 1372503918, 1077016502.
2018-11-13 00:03:08,988 28489  INFO  [4917cf] Started processing user request. Id = 4917cf0c-ada3-4296-8700-5d7ee9566d17. Size = 16.33 KB.
2018-11-13 00:03:09,004 28505  INFO  [4917cf] Doing some complicated stuff.. Random numbers are: 1918606546, 1088701369, 1407189063.
2018-11-13 00:03:09,013 28514  INFO  [4917cf] Here's some useful guids:
		9ab196a8-8fc3-4b28-8bb0-91065f99df17
		de9a86a0-8871-4bd1-b71f-53f73af8c042
		47fab74e-d9f2-4974-b56b-caf223c22be2
		8614def7-196a-4626-a5ed-9a5bfc632c75
2018-11-13 00:03:09,033 28535  INFO  [4917cf] Finished processing user request with id = 4917cf0c-ada3-4296-8700-5d7ee9566d17 in 00:00:00.0451086.
2018-11-13 00:03:09,044 28545  INFO  [6552b7] Finished processing user request with id = 6552b7e1-237e-418b-a810-c299a9cd0478 in 00:00:00.0726116.
2018-11-13 00:03:09,046 28547  INFO  [c8f133] Started processing user request. Id = c8f133d5-10af-439f-a9d7-6b4c2b453578. Size = 24.19 KB.
2018-11-13 00:03:09,047 28548  INFO  [BackgroundDaemon] Starting iteration #15507.
2018-11-13 00:03:09,054 28555  INFO  [c8f133] Doing some complicated stuff.. Random numbers are: 1573156419, 951711532, 1879948456.
2018-11-13 00:03:09,057 28558  INFO  [0787c0] Started processing user request. Id = 0787c033-a678-4be0-a7cf-3ffa6f30db88. Size = 77.94 KB.
2018-11-13 00:03:09,065 28566  INFO  [b4cea3] Started processing user request. Id = b4cea3a5-1e93-4fc2-bd90-0ded9ed66016. Size = 65.79 KB.
2018-11-13 00:03:09,066 28567  INFO  [0787c0] Doing some complicated stuff.. Random numbers are: 656107227, 1844583937, 1750568267.
2018-11-13 00:03:09,074 28575  INFO  [c8f133] Here's some useful guids:
		bc22662f-48da-42c6-a3f4-c0442e9e3b6c
		641098d0-e152-457f-a4a4-ec348b309204
		41d37c19-b9bd-4b75-874c-d5d43ee79b11
2018-11-13 00:03:09,074 28575  INFO  [c8f133] Finished processing user request with id = c8f133d5-10af-439f-a9d7-6b4c2b453578 in 00:00:00.0280234.
2018-11-13 00:03:09,078 28579  INFO  [b4cea3] Doing some complicated stuff.. Random numbers are: 1247007419, 370865135, 1101963592.
2018-11-13 00:03:09,091 28592  INFO  [b4cea3] Finished processing user request with id = b4cea3a5-1e93-4fc2-bd90-0ded9ed66016 in 00:00:00.0260844.
2018-11-13 00:03:09,102 28603  INFO  [0787c0] Here's some useful guids:
		4b4fad1b-1cbd-45ff-9975-78108e5a5fba
		76fee114-1d2a-4daa-a094-4613204e3779
		1cb619b4-3118-499a-8396-752269ca1f1a
		97ce2ffa-1167-4c24-89be-72b8084103d9
2018-11-13 00:03:09,118 28620  INFO  [0787c0] Finished processing user request with id = 0787c033-a678-4be0-a7cf-3ffa6f30db88 in 00:00:00.0611092.
2018-11-13 00:03:09,122 28624  INFO  [2b1704] Started processing user request. Id = 2b1704cb-09ef-4f4a-a20b-6bf091cdd197. Size = 26.16 KB.
2018-11-13 00:03:09,132 28633  INFO  [f0c5c5] Started processing user request. Id = f0c5c558-d576-4166-8bef-d6f59638643d. Size = 82.78 KB.
2018-11-13 00:03:09,134 28635  INFO  [BackgroundDaemon] Processing data (11% completed)..
2018-11-13 00:03:09,139 28640  INFO  [f0c5c5] Doing some complicated stuff.. Random numbers are: 2123787266, 1828373715, 1116984613.
2018-11-13 00:03:09,139 28640  INFO  [2b1704] Doing some complicated stuff.. Random numbers are: 807446353, 1038256292, 456089577.
2018-11-13 00:03:09,156 28657  INFO  [2b1704] Finished processing user request with id = 2b1704cb-09ef-4f4a-a20b-6bf091cdd197 in 00:00:00.0331764.
2018-11-13 00:03:09,164 28665  INFO  [f0c5c5] Here's some useful guids:
		8156ef09-0241-4a84-b071-940da0fd0e30
		2f5a4cbb-00a4-468b-aee4-be5cdbb84361
		fa4a2912-1ed5-468d-af10-eb98897badac
		c309090a-ef48-45ba-acca-4944c08823eb
		fe75da2c-a38e-4957-ac62-e9ca9ce181af
2018-11-13 00:03:09,187 28688  INFO  [f0c5c5] Finished processing user request with id = f0c5c558-d576-4166-8bef-d6f59638643d in 00:00:00.0550606.
2018-11-13 00:03:09,188 28689  INFO  [0d90dd] Started processing user request. Id = 0d90dd7e-fc41-467c-adfa-e7449a4b887e. Size = 97.08 KB.
2018-11-13 00:03:09,192 28693  INFO  [0d90dd] Doing some complicated stuff.. Random numbers are: 1131371218, 267087286, 1440953884.
2018-11-13 00:03:09,194 28695  INFO  [0d90dd] Here's some useful guids:
		030dc332-2929-48e7-8f35-ac7188ffbd8e
2018-11-13 00:03:09,201 28702  INFO  [8b9614] Started processing user request. Id = 8b961428-df7b-4b38-9f7f-ddb216e7f245. Size = 42.76 KB.
2018-11-13 00:03:09,215 28716  INFO  [8b9614] Doing some complicated stuff.. Random numbers are: 224959866, 187113113, 239381927.
2018-11-13 00:03:09,216 28717  INFO  [BackgroundDaemon] Processing data (45% completed)..
2018-11-13 00:03:09,217 28718  INFO  [0d90dd] Finished processing user request with id = 0d90dd7e-fc41-467c-adfa-e7449a4b887e in 00:00:00.0291979.
2018-11-13 00:03:09,242 28743  INFO  [d8e167] Started processing user request. Id = d8e1670b-6bbb-4c3b-9217-43345f41f923. Size = 10.68 KB.
2018-11-13 00:03:09,248 28749  INFO  [c06532] Started processing user request. Id = c065321e-e987-4ea2-8ce5-afda4b5062a1. Size = 2.42 KB.
2018-11-13 00:03:09,252 28753  INFO  [d8e167] Doing some complicated stuff.. Random numbers are: 1090406629, 1396301816, 1036306338.
2018-11-13 00:03:09,255 28756  INFO  [c06532] Doing some complicated stuff.. Random numbers are: 1102474889, 880532386, 207312061.
2018-11-13 00:03:09,258 28759  INFO  [8b9614] Finished processing user request with id = 8b961428-df7b-4b38-9f7f-ddb216e7f245 in 00:00:00.0572582.
2018-11-13 00:03:09,271 28772  INFO  [041cbf] Started processing user request. Id = 041cbf7a-26f8-43d9-858b-ba0daa5d6818. Size = 87.66 KB.
2018-11-13 00:03:09,274 28775  INFO  [c06532] Here's some useful guids:
		feeaaf03-93c3-4022-84f4-e2469842be55
		eb8aa66a-3da0-4b5f-95ef-d63036305c78
		ce0fc385-9c07-46ea-a2d0-e7d459ddac0b
		89b09fcb-3297-44b4-bbbd-07bb68c60027
		8e97f20c-4695-47a0-96de-06d73dec6d45
2018-11-13 00:03:09,279 28780  INFO  [041cbf] Doing some complicated stuff.. Random numbers are: 1663398944, 575845233, 21455681.
2018-11-13 00:03:09,281 28782  INFO  [Metrics] Cpu: 0.65%; Memory: 19.79 GB/31.88 GB; Workers: 4/1024; IOCP: 0/1024
2018-11-13 00:03:09,285 28786  INFO  [041cbf] Here's some useful guids:
		20a9a3e8-751b-47e4-8503-b72a5b72577f
		6a1c1a93-6c6f-4362-b0d9-a899b3ac7ccb
		d0dec73a-b8d1-479b-83eb-e4179f80757b
		1ac821eb-2e9c-461e-a4ad-2b29445d6b42
2018-11-13 00:03:09,293 28794  INFO  [d8e167] Finished processing user request with id = d8e1670b-6bbb-4c3b-9217-43345f41f923 in 00:00:00.0517724.
2018-11-13 00:03:09,297 28799  INFO  [c06532] Finished processing user request with id = c065321e-e987-4ea2-8ce5-afda4b5062a1 in 00:00:00.0495918.
2018-11-13 00:03:09,301 28803  INFO  [BackgroundDaemon] Processing data (93% completed)..
2018-11-13 00:03:09,301 28803  INFO  [BackgroundDaemon] Finished iteration in 00:00:00.2543161.
2018-11-13 00:03:09,306 28807  INFO  [041cbf] Finished processing user request with id = 041cbf7a-26f8-43d9-858b-ba0daa5d6818 in 00:00:00.0347760.
2018-11-13 00:03:09,320 28821  INFO  [d0e82c] Started processing user request. Id = d0e82cc8-eabd-4ccd-9bf0-7ad7deb59534. Size = 20.96 KB.
2018-11-13 00:03:09,326 28827  INFO  [d0e82c] Doing some complicated stuff.. Random numbers are: 539964021, 1133024627, 145660422.
2018-11-13 00:03:09,329 28830  INFO  [b75646] Started processing user request. Id = b75646d5-b458-465d-9c28-721e2efec2e0. Size = 80.74 KB.
2018-11-13 00:03:09,334 28835  INFO  [d0e82c] Here's some useful guids:
		5b9362e6-5080-4343-80cf-7bd8f613dce4
		21ce387f-a07f-482c-b827-a9b53ee85418
		96e573b5-2c0e-4a4e-9b5b-afaa2ecf764f
		83949fe4-be41-4c43-a06a-a3f6a9c7df8a
2018-11-13 00:03:09,343 28844  INFO  [b75646] Doing some complicated stuff.. Random numbers are: 825543168, 1580357762, 20160946.
2018-11-13 00:03:09,352 28853  INFO  [d0e82c] Finished processing user request with id = d0e82cc8-eabd-4ccd-9bf0-7ad7deb59534 in 00:00:00.0325098.
2018-11-13 00:03:09,366 28867  INFO  [8f755d] Started processing user request. Id = 8f755d42-1512-4d55-b868-bd4425599fe2. Size = 275 B.
2018-11-13 00:03:09,369 28870  INFO  [8f755d] Doing some complicated stuff.. Random numbers are: 158217412, 35518243, 98818734.
2018-11-13 00:03:09,376 28877  INFO  [b75646] Finished processing user request with id = b75646d5-b458-465d-9c28-721e2efec2e0 in 00:00:00.0478470.
2018-11-13 00:03:09,408 28909  INFO  [a1f7db] Started processing user request. Id = a1f7db04-9b48-4a6d-aaf9-c63de5558005. Size = 66.84 KB.
2018-11-13 00:03:09,409 28910  INFO  [8f755d] Here's some useful guids:
		cebcf8a0-cd4b-47d2-acd6-7ed99fc76772
		0847d2f7-b3ba-45c8-8b34-2c82aa670859
2018-11-13 00:03:09,413 28914  INFO  [a1f7db] Doing some complicated stuff.. Random numbers are: 1420757323, 9555071, 897532935.
2018-11-13 00:03:09,415 28916  INFO  [8f755d] Finished processing user request with id = 8f755d42-1512-4d55-b868-bd4425599fe2 in 00:00:00.0488954.
2018-11-13 00:03:09,429 28930  INFO  [594222] Started processing user request. Id = 594222e0-2f34-4704-9284-9fab0156a394. Size = 40.69 KB.
2018-11-13 00:03:09,431 28932  INFO  [594222] Doing some complicated stuff.. Random numbers are: 877589405, 1540457651, 1345182319.
2018-11-13 00:03:09,445 28946  INFO  [a1f7db] Here's some useful guids:
		d15418e8-bf34-4cc8-bd9c-0244e03a5c27
2018-11-13 00:03:09,449 28950  INFO  [594222] Here's some useful guids:
		324c87ea-2e20-4765-b2e4-cf149c558cce
2018-11-13 00:03:09,460 28962  INFO  [03f1c8] Started processing user request. Id = 03f1c855-46db-4293-aeba-cb6e9c3a608e. Size = 82.74 KB.
2018-11-13 00:03:09,461 28963  ERROR [a1f7db] 
System.InvalidOperationException: Oh no! An error occurred!
2018-11-13 00:03:09,463 28965  INFO  [03f1c8] Doing some complicated stuff.. Random numbers are: 1412392480, 972000701, 1117131448.
2018-11-13 00:03:09,479 28980  INFO  [594222] Finished processing user request with id = 594222e0-2f34-4704-9284-9fab0156a394 in 00:00:00.0501338.
2018-11-13 00:03:09,480 28981  INFO  [03f1c8] Finished processing user request with id = 03f1c855-46db-4293-aeba-cb6e9c3a608e in 00:00:00.0197309.
2018-11-13 00:03:09,493 28994  INFO  [f55f0b] Started processing user request. Id = f55f0bac-21e5-4d19-a8cb-e5bcf6db0df1. Size = 50.61 KB.
2018-11-13 00:03:09,493 28994  INFO  [9f0fd3] Started processing user request. Id = 9f0fd353-0f44-4eb2-a0a2-2ea38b0d4a8b. Size = 25.11 KB.
2018-11-13 00:03:09,497 28998  INFO  [f55f0b] Doing some complicated stuff.. Random numbers are: 1088864790, 713044414, 1065952204.
2018-11-13 00:03:09,502 29003  INFO  [BackgroundDaemon] Starting iteration #15508.
2018-11-13 00:03:09,511 29012  INFO  [9f0fd3] Doing some complicated stuff.. Random numbers are: 1379245274, 1254857799, 1167595030.
2018-11-13 00:03:09,529 29030  INFO  [f55f0b] Finished processing user request with id = f55f0bac-21e5-4d19-a8cb-e5bcf6db0df1 in 00:00:00.0358074.
2018-11-13 00:03:09,531 29032  INFO  [9f0fd3] Here's some useful guids:
		05b24fb5-a30a-49a5-8e38-e84d21855bd5
2018-11-13 00:03:09,533 29034  INFO  [9f0fd3] Finished processing user request with id = 9f0fd353-0f44-4eb2-a0a2-2ea38b0d4a8b in 00:00:00.0397906.
2018-11-13 00:03:09,546 29047  INFO  [e79881] Started processing user request. Id = e7988130-4f71-43b5-a1eb-8b63b3089b36. Size = 97.58 KB.
2018-11-13 00:03:09,558 29059  INFO  [e79881] Doing some complicated stuff.. Random numbers are: 450642353, 139364112, 2292467.
2018-11-13 00:03:09,560 29061  INFO  [65b141] Started processing user request. Id = 65b141b2-36e8-41d7-b67a-8b7faa4d1d9f. Size = 27.43 KB.
2018-11-13 00:03:09,579 29081  INFO  [65b141] Doing some complicated stuff.. Random numbers are: 104104263, 828536934, 471217557.
2018-11-13 00:03:09,586 29088  INFO  [e79881] Here's some useful guids:
		870bfb57-4863-496b-a6a4-3607c1b94f7f
		026db9cb-4ff4-4761-a533-5a6f78f25fa3
		c10f92ef-449f-4975-b134-bdb89bdfc6b5
		47b320a2-234a-4371-b5c6-7163539e2aeb
2018-11-13 00:03:09,593 29094  INFO  [e79881] Finished processing user request with id = e7988130-4f71-43b5-a1eb-8b63b3089b36 in 00:00:00.0467734.
2018-11-13 00:03:09,599 29100  INFO  [BackgroundDaemon] Processing data (0% completed)..
2018-11-13 00:03:09,606 29107  INFO  [1967dc] Started processing user request. Id = 1967dca3-bb68-4017-8b39-41bd52a733f7. Size = 7.48 KB.
2018-11-13 00:03:09,618 29119  INFO  [65b141] Here's some useful guids:
		8f68070f-f4e4-4cfb-bca3-9b9ee5897248
		bbfd91d4-6d2d-4396-8f73-90aeae0e47ba
2018-11-13 00:03:09,625 29126  INFO  [1967dc] Doing some complicated stuff.. Random numbers are: 1153492218, 1990191025, 1808227936.
2018-11-13 00:03:09,642 29143  INFO  [65b141] Finished processing user request with id = 65b141b2-36e8-41d7-b67a-8b7faa4d1d9f in 00:00:00.0811967.
2018-11-13 00:03:09,647 29148  ERROR [1967dc] 
System.InvalidOperationException: Oh no! An error occurred!
2018-11-13 00:03:09,648 29149  INFO  [8ac423] Started processing user request. Id = 8ac423d0-2fff-4e39-add3-2adf4f1ae511. Size = 76.62 KB.
2018-11-13 00:03:09,660 29162  INFO  [e8d45a] Started processing user request. Id = e8d45a22-001c-4317-957a-fb8b3f44b634. Size = 58.51 KB.
2018-11-13 00:03:09,663 29164  INFO  [e8d45a] Doing some complicated stuff.. Random numbers are: 95078126, 1725863349, 1972715726.
2018-11-13 00:03:09,667 29168  INFO  [8ac423] Doing some complicated stuff.. Random numbers are: 1695140362, 360853014, 1964244593.
2018-11-13 00:03:09,673 29174  INFO  [127685] Started processing user request. Id = 12768592-1bb5-49c3-bb4b-1c88dd08ad0e. Size = 11.28 KB.
2018-11-13 00:03:09,682 29183  INFO  [127685] Doing some complicated stuff.. Random numbers are: 414200443, 491206158, 1522546360.
2018-11-13 00:03:09,683 29184  INFO  [BackgroundDaemon] Processing data (45% completed)..
2018-11-13 00:03:09,686 29187  INFO  [127685] Here's some useful guids:
		bb24a6cd-454b-47cb-96c2-4891e1c1f005
		9f0ac641-aa8d-4d07-a190-f2f3331ab141
2018-11-13 00:03:09,687 29188  INFO  [e8d45a] Here's some useful guids:
		4deb4e30-4cd4-4417-9bc9-33bbafff99c5
		1ca4995d-8524-4555-93b4-1e36b623a13e
		d75bfa43-d6f9-4607-8711-54ac9600ae29
2018-11-13 00:03:09,697 29198  INFO  [127685] Finished processing user request with id = 12768592-1bb5-49c3-bb4b-1c88dd08ad0e in 00:00:00.0245531.
2018-11-13 00:03:09,701 29202  INFO  [e8d45a] Finished processing user request with id = e8d45a22-001c-4317-957a-fb8b3f44b634 in 00:00:00.0407583.
2018-11-13 00:03:09,705 29206  INFO  [8ac423] Here's some useful guids:
		6712a45b-18b8-42d9-895b-4ec269312580
		e4c0043a-f682-4a6d-b55b-eecf2f5d82fe
		7ff1b86b-eff3-4163-abfe-e9a7907f67b5
2018-11-13 00:03:09,715 29216  INFO  [c30dc9] Started processing user request. Id = c30dc9ae-4a24-48a8-ab04-ca760dcdbfad. Size = 51.16 KB.
2018-11-13 00:03:09,726 29227  INFO  [8ac423] Finished processing user request with id = 8ac423d0-2fff-4e39-add3-2adf4f1ae511 in 00:00:00.0784830.
2018-11-13 00:03:09,728 29229  INFO  [3affe4] Started processing user request. Id = 3affe412-a267-47fb-afaa-324cd596bbcd. Size = 59.07 KB.
2018-11-13 00:03:09,731 29232  INFO  [c30dc9] Doing some complicated stuff.. Random numbers are: 1863832768, 580235288, 698485327.
2018-11-13 00:03:09,741 29242  INFO  [3affe4] Doing some complicated stuff.. Random numbers are: 951861187, 1326992953, 1864867943.
2018-11-13 00:03:09,742 29243  INFO  [BackgroundDaemon] Processing data (50% completed)..
2018-11-13 00:03:09,742 29243  INFO  [BackgroundDaemon] Finished iteration in 00:00:00.2407563.
2018-11-13 00:03:09,751 29252  INFO  [3affe4] Here's some useful guids:
		139fd5ff-3e22-4220-a02d-86378167b13c
		84d0a8bd-9561-41d6-9379-2d232f789b99
2018-11-13 00:03:09,763 29264  INFO  [3affe4] Finished processing user request with id = 3affe412-a267-47fb-afaa-324cd596bbcd in 00:00:00.0350590.
2018-11-13 00:03:09,781 29282  INFO  [Metrics] Cpu: 0.65%; Memory: 19.79 GB/31.88 GB; Workers: 4/1024; IOCP: 0/1024
2018-11-13 00:03:09,787 29288  INFO  [c30dc9] Finished processing user request with id = c30dc9ae-4a24-48a8-ab04-ca760dcdbfad in 00:00:00.0719045.
2018-11-13 00:03:09,795 29296  INFO  [0dcb14] Started processing user request. Id = 0dcb141a-e835-4897-aaf2-682209fd1af3. Size = 48.58 KB.
2018-11-13 00:03:09,799 29300  INFO  [0dcb14] Doing some complicated stuff.. Random numbers are: 1106830782, 943480119, 1097148917.
2018-11-13 00:03:09,800 29301  INFO  [22c128] Started processing user request. Id = 22c12882-5848-4dc1-a646-17775df81dbc. Size = 70.3 KB.
2018-11-13 00:03:09,819 29320  INFO  [22c128] Doing some complicated stuff.. Random numbers are: 320876289, 667525589, 1827098481.
2018-11-13 00:03:09,838 29339  INFO  [0dcb14] Finished processing user request with id = 0dcb141a-e835-4897-aaf2-682209fd1af3 in 00:00:00.0429568.
2018-11-13 00:03:09,865 29366  INFO  [22c128] Finished processing user request with id = 22c12882-5848-4dc1-a646-17775df81dbc in 00:00:00.0650760.
2018-11-13 00:03:09,870 29371  INFO  [e87036] Started processing user request. Id = e87036a7-8f07-4f87-848b-da5bdd20fb94. Size = 3.7 KB.
2018-11-13 00:03:09,875 29376  INFO  [e87036] Doing some complicated stuff.. Random numbers are: 1170650056, 1483045450, 547374749.
2018-11-13 00:03:09,879 29380  INFO  [6eb6d3] Started processing user request. Id = 6eb6d398-e706-4def-8122-aa810d91b933. Size = 70.22 KB.
2018-11-13 00:03:09,893 29394  INFO  [6eb6d3] Doing some complicated stuff.. Random numbers are: 854705848, 1326032453, 1396222117.
2018-11-13 00:03:09,894 29395  INFO  [63fbac] Started processing user request. Id = 63fbaca2-57ed-4686-848f-5159f209e6df. Size = 20.89 KB.
2018-11-13 00:03:09,900 29401  INFO  [63fbac] Doing some complicated stuff.. Random numbers are: 1523143350, 1986581544, 1796208753.
2018-11-13 00:03:09,902 29403  ERROR [e87036] 
System.InvalidOperationException: Oh no! An error occurred!
2018-11-13 00:03:09,905 29406  INFO  [6eb6d3] Here's some useful guids:
		7b3be7dc-233d-41b1-b549-c5547ae587a8
		09d7656b-e893-4c97-b1ce-8269813816d8
		5182bfb5-b9a6-485d-a0fb-6f5c5bddd621
		b301b6a9-9c1f-4f09-bdb5-15678a0faa39
2018-11-13 00:03:09,922 29423  INFO  [63fbac] Here's some useful guids:
		13c66d3f-84b8-4ffc-a146-64e24ea2b664
		d96d7844-d4ec-43fa-8cbe-209ba6a130a9
		0669e210-2356-4795-8f5a-86cf96a93604
		9872824d-2d7d-46a0-a1ee-445f758a0a16
		044f8889-f4b7-434e-9640-6827b570d72c
2018-11-13 00:03:09,934 29435  INFO  [6eb6d3] Finished processing user request with id = 6eb6d398-e706-4def-8122-aa810d91b933 in 00:00:00.0547407.
2018-11-13 00:03:09,934 29435  INFO  [ad6c86] Started processing user request. Id = ad6c869f-4809-42f2-aa2e-380d8ce72006. Size = 78.32 KB.
2018-11-13 00:03:09,939 29440  INFO  [ad6c86] Doing some complicated stuff.. Random numbers are: 881173403, 1885301775, 992846531.
2018-11-13 00:03:09,942 29443  INFO  [63fbac] Finished processing user request with id = 63fbaca2-57ed-4686-848f-5159f209e6df in 00:00:00.0477007.
2018-11-13 00:03:09,943 29444  INFO  [BackgroundDaemon] Starting iteration #15509.
2018-11-13 00:03:09,948 29449  INFO  [170bd2] Started processing user request. Id = 170bd2d6-428f-49ab-8f36-48fb271148b5. Size = 28.58 KB.
2018-11-13 00:03:09,957 29458  INFO  [170bd2] Doing some complicated stuff.. Random numbers are: 1888040830, 355192219, 1788582616.
2018-11-13 00:03:09,975 29476  INFO  [170bd2] Finished processing user request with id = 170bd2d6-428f-49ab-8f36-48fb271148b5 in 00:00:00.0272926.
2018-11-13 00:03:09,985 29486  INFO  [ad6c86] Finished processing user request with id = ad6c869f-4809-42f2-aa2e-380d8ce72006 in 00:00:00.0511540.
2018-11-13 00:03:09,989 29490  INFO  [b9598f] Started processing user request. Id = b9598f6c-bfdb-4659-8c84-eb49821499cc. Size = 67.42 KB.
2018-11-13 00:03:09,994 29495  INFO  [b9598f] Doing some complicated stuff.. Random numbers are: 372651483, 97528172, 617701761.
2018-11-13 00:03:10,016 29517  INFO  [BackgroundDaemon] Processing data (0% completed)..
2018-11-13 00:03:10,017 29518  INFO  [5bf5dd] Started processing user request. Id = 5bf5dd08-0898-4cd5-a441-859ddd5ae2ef. Size = 42.26 KB.
2018-11-13 00:03:10,027 29528  INFO  [5bf5dd] Doing some complicated stuff.. Random numbers are: 2063338506, 1864295990, 1928281024.
2018-11-13 00:03:10,046 29547  INFO  [b9598f] Finished processing user request with id = b9598f6c-bfdb-4659-8c84-eb49821499cc in 00:00:00.0571720.
2018-11-13 00:03:10,049 29550  INFO  [BackgroundDaemon] Processing data (43% completed)..
2018-11-13 00:03:10,060 29561  INFO  [16f5c7] Started processing user request. Id = 16f5c76f-64ad-4878-8ac5-9681a7f7b611. Size = 79.92 KB.
2018-11-13 00:03:10,064 29565  INFO  [16f5c7] Doing some complicated stuff.. Random numbers are: 1813491385, 615967480, 656338920.
2018-11-13 00:03:10,069 29570  ERROR [5bf5dd] 
System.InvalidOperationException: Oh no! An error occurred!
2018-11-13 00:03:10,100 29601  INFO  [BackgroundDaemon] Processing data (68% completed)..
2018-11-13 00:03:10,100 29601  INFO  [BackgroundDaemon] Finished iteration in 00:00:00.1573954.
2018-11-13 00:03:10,101 29602  INFO  [bceced] Started processing user request. Id = bcecedc2-6dc0-49f1-9f9a-f138916ae18c. Size = 87.06 KB.
2018-11-13 00:03:10,109 29610  INFO  [90eecd] Started processing user request. Id = 90eecd75-8528-4795-9259-319033158aea. Size = 30.97 KB.
2018-11-13 00:03:10,111 29612  INFO  [90eecd] Doing some complicated stuff.. Random numbers are: 1420697197, 180082088, 109019012.
2018-11-13 00:03:10,117 29618  INFO  [bceced] Doing some complicated stuff.. Random numbers are: 1541540888, 872517171, 1024561457.
2018-11-13 00:03:10,117 29618  INFO  [16f5c7] Finished processing user request with id = 16f5c76f-64ad-4878-8ac5-9681a7f7b611 in 00:00:00.0570653.
2018-11-13 00:03:10,131 29632  INFO  [388d20] Started processing user request. Id = 388d20c6-f592-413d-80e5-d2b30f1e631c. Size = 88.7 KB.
2018-11-13 00:03:10,135 29636  INFO  [388d20] Doing some complicated stuff.. Random numbers are: 1223619056, 1781261395, 1196658223.
2018-11-13 00:03:10,136 29637  INFO  [bceced] Finished processing user request with id = bcecedc2-6dc0-49f1-9f9a-f138916ae18c in 00:00:00.0350397.
2018-11-13 00:03:10,142 29643  ERROR [90eecd] 
System.InvalidOperationException: Oh no! An error occurred!
2018-11-13 00:03:10,168 29669  INFO  [6b8b1e] Started processing user request. Id = 6b8b1ed6-58bb-4c61-926c-4ba491c09194. Size = 5.57 KB.
2018-11-13 00:03:10,185 29686  INFO  [388d20] Finished processing user request with id = 388d20c6-f592-413d-80e5-d2b30f1e631c in 00:00:00.0541038.
2018-11-13 00:03:10,186 29687  INFO  [6b8b1e] Doing some complicated stuff.. Random numbers are: 404486438, 401443285, 590547790.
2018-11-13 00:03:10,199 29700  INFO  [f81dd2] Started processing user request. Id = f81dd269-2df9-4ac6-abb4-6ffcba4ee636. Size = 82.15 KB.
2018-11-13 00:03:10,215 29716  INFO  [f81dd2] Doing some complicated stuff.. Random numbers are: 679777320, 55051748, 321942326.
2018-11-13 00:03:10,224 29725  INFO  [6b8b1e] Here's some useful guids:
		2c823a5b-1c67-4d43-ae31-9a030868db0f
		d954a50b-7740-4985-b93b-3dd1dafa6b68
		fb4ef8e9-5b82-4266-9e0a-d495956168de
2018-11-13 00:03:10,230 29731  INFO  [6b8b1e] Finished processing user request with id = 6b8b1ed6-58bb-4c61-926c-4ba491c09194 in 00:00:00.0625097.
2018-11-13 00:03:10,244 29745  INFO  [f81dd2] Here's some useful guids:
		499ebe8b-953b-4172-a85d-41e0ea3e8e90
		20c3ed2e-d4af-436e-9645-187186aeb6fb
		08dbf82d-9c5c-429d-988b-20a36076998a
		6b8757e1-0e7f-45e7-a70e-55fe5341ceb6
2018-11-13 00:03:10,248 29749  INFO  [f81dd2] Finished processing user request with id = f81dd269-2df9-4ac6-abb4-6ffcba4ee636 in 00:00:00.0489901.
2018-11-13 00:03:10,261 29762  INFO  [f89663] Started processing user request. Id = f896638a-3321-477a-9c8b-4785ae80ca1c. Size = 68.4 KB.
2018-11-13 00:03:10,262 29763  INFO  [44ea98] Started processing user request. Id = 44ea98b5-c762-42ea-a762-5eec27fd6b48. Size = 60.56 KB.
2018-11-13 00:03:10,264 29765  INFO  [f89663] Doing some complicated stuff.. Random numbers are: 115858162, 1787397284, 676777644.
2018-11-13 00:03:10,277 29778  INFO  [44ea98] Doing some complicated stuff.. Random numbers are: 1841872168, 1306603453, 1803885556.
2018-11-13 00:03:10,280 29781  INFO  [Metrics] Cpu: 1.81%; Memory: 19.79 GB/31.88 GB; Workers: 4/1024; IOCP: 0/1024
2018-11-13 00:03:10,301 29802  INFO  [BackgroundDaemon] Starting iteration #15510.
2018-11-13 00:03:10,307 29808  INFO  [44ea98] Here's some useful guids:
		f827972e-3d10-47c5-9bb8-3180ee12f38b
		eddfb96d-0e96-413f-9c0d-b92a80ea3f75
2018-11-13 00:03:10,310 29811  INFO  [5883b2] Started processing user request. Id = 5883b2e6-5dbd-4f5f-98f2-657dc26391ac. Size = 20.84 KB.
2018-11-13 00:03:10,316 29817  INFO  [5883b2] Doing some complicated stuff.. Random numbers are: 784262956, 172170958, 2114166481.
2018-11-13 00:03:10,321 29823  INFO  [44ea98] Finished processing user request with id = 44ea98b5-c762-42ea-a762-5eec27fd6b48 in 00:00:00.0590342.
2018-11-13 00:03:10,327 29828  ERROR [f89663] 
System.InvalidOperationException: Oh no! An error occurred!
2018-11-13 00:03:10,340 29841  INFO  [b50443] Started processing user request. Id = b504438f-ee32-4631-8574-777555caf48d. Size = 441 B.
2018-11-13 00:03:10,343 29844  INFO  [b50443] Doing some complicated stuff.. Random numbers are: 216954479, 726146255, 184369219.
2018-11-13 00:03:10,347 29848  INFO  [5883b2] Here's some useful guids:
		03ead157-c6ec-4bcb-8236-250422f40dd1
		ac9a4804-bc9e-4cef-9316-75e7f4f64dd3
2018-11-13 00:03:10,353 29854  INFO  [BackgroundDaemon] Processing data (0% completed)..
2018-11-13 00:03:10,353 29854  INFO  [1b5c08] Started processing user request. Id = 1b5c0803-7b3a-4d26-9ad3-97d41658657e. Size = 30.08 KB.
2018-11-13 00:03:10,354 29855  INFO  [b50443] Finished processing user request with id = b504438f-ee32-4631-8574-777555caf48d in 00:00:00.0140694.
2018-11-13 00:03:10,366 29868  INFO  [1b5c08] Doing some complicated stuff.. Random numbers are: 1677757087, 2059286945, 1045899494.
2018-11-13 00:03:10,367 29869  INFO  [423b51] Started processing user request. Id = 423b5112-0374-4990-b9f0-0df56c2be838. Size = 84.16 KB.
2018-11-13 00:03:10,375 29877  INFO  [5883b2] Finished processing user request with id = 5883b2e6-5dbd-4f5f-98f2-657dc26391ac in 00:00:00.0652419.
2018-11-13 00:03:10,379 29881  INFO  [BackgroundDaemon] Processing data (36% completed)..
2018-11-13 00:03:10,381 29883  INFO  [423b51] Doing some complicated stuff.. Random numbers are: 795179930, 135510961, 1547924614.
2018-11-13 00:03:10,402 29904  INFO  [1b5c08] Finished processing user request with id = 1b5c0803-7b3a-4d26-9ad3-97d41658657e in 00:00:00.0490795.
2018-11-13 00:03:10,416 29918  INFO  [423b51] Finished processing user request with id = 423b5112-0374-4990-b9f0-0df56c2be838 in 00:00:00.0490001.
2018-11-13 00:03:10,430 29931  INFO  [3de1f3] Started processing user request. Id = 3de1f32f-6b4a-4ec5-bd10-765180541b77. Size = 77.4 KB.
2018-11-13 00:03:10,430 29931  INFO  [3de1f3] Doing some complicated stuff.. Random numbers are: 212860528, 1853963924, 1490277321.
2018-11-13 00:03:10,434 29935  INFO  [f357a4] Started processing user request. Id = f357a492-8911-4b4f-ab5b-92f3c48e6728. Size = 73.14 KB.
2018-11-13 00:03:10,438 29939  INFO  [f357a4] Doing some complicated stuff.. Random numbers are: 2055227559, 266328685, 1646426988.
2018-11-13 00:03:10,456 29957  INFO  [3de1f3] Here's some useful guids:
		689821a0-939d-4ade-a245-b4b6d63462a3
2018-11-13 00:03:10,472 29973  INFO  [BackgroundDaemon] Processing data (59% completed)..
2018-11-13 00:03:10,472 29973  INFO  [BackgroundDaemon] Finished iteration in 00:00:00.1703860.
2018-11-13 00:03:10,479 29980  INFO  [f357a4] Finished processing user request with id = f357a492-8911-4b4f-ab5b-92f3c48e6728 in 00:00:00.0443245.
2018-11-13 00:03:10,484 29985  INFO  [3de1f3] Finished processing user request with id = 3de1f32f-6b4a-4ec5-bd10-765180541b77 in 00:00:00.0534830.
2018-11-13 00:03:10,498 29999  INFO  [0de48e] Started processing user request. Id = 0de48e7c-144e-49d1-b56f-52c9c91bfa0c. Size = 31.74 KB.
2018-11-13 00:03:10,504 30005  INFO  [0de48e] Doing some complicated stuff.. Random numbers are: 1794253117, 1295987213, 100350503.
2018-11-13 00:03:10,510 30011  INFO  [14dc23] Started processing user request. Id = 14dc233b-0cfb-47bb-af91-4b4fa868d219. Size = 23.79 KB.
2018-11-13 00:03:10,510 30011  INFO  [14dc23] Doing some complicated stuff.. Random numbers are: 1491210569, 816790577, 1496835876.
2018-11-13 00:03:10,525 30026  INFO  [0de48e] Finished processing user request with id = 0de48e7c-144e-49d1-b56f-52c9c91bfa0c in 00:00:00.0270351.
2018-11-13 00:03:10,534 30035  INFO  [14dc23] Finished processing user request with id = 14dc233b-0cfb-47bb-af91-4b4fa868d219 in 00:00:00.0246164.
2018-11-13 00:03:10,538 30039  INFO  [de1064] Started processing user request. Id = de106479-8e2b-4ab5-8cda-b0a78f8c9738. Size = 40.7 KB.
2018-11-13 00:03:10,542 30043  INFO  [de1064] Doing some complicated stuff.. Random numbers are: 1750762566, 757591356, 1475918853.
2018-11-13 00:03:10,543 30044  INFO  [ce15a2] Started processing user request. Id = ce15a21f-3500-4eba-8e8e-ec95d1f8d697. Size = 54.56 KB.
2018-11-13 00:03:10,548 30049  INFO  [ce15a2] Doing some complicated stuff.. Random numbers are: 83513102, 1437411470, 79556320.
2018-11-13 00:03:10,566 30067  INFO  [418cf8] Started processing user request. Id = 418cf811-40e5-4c4d-875a-51ed805fbb92. Size = 14.24 KB.
2018-11-13 00:03:10,582 30083  INFO  [ce15a2] Finished processing user request with id = ce15a21f-3500-4eba-8e8e-ec95d1f8d697 in 00:00:00.0393369.
2018-11-13 00:03:10,583 30084  INFO  [418cf8] Doing some complicated stuff.. Random numbers are: 1406117342, 590743708, 1849563109.
2018-11-13 00:03:10,588 30089  INFO  [de1064] Finished processing user request with id = de106479-8e2b-4ab5-8cda-b0a78f8c9738 in 00:00:00.0493194.
2018-11-13 00:03:10,600 30101  INFO  [418cf8] Here's some useful guids:
		a093b2cb-10d1-4e28-b037-d1ff31fdefd7
		11ac1b3d-540e-46f4-9bf5-3428ee4648e3
		0be42159-34ed-4ae7-8b2a-76f2124f0f20
2018-11-13 00:03:10,601 30102  INFO  [0112b2] Started processing user request. Id = 0112b26d-21e6-486d-ad45-5a9ed3360c29. Size = 62.2 KB.
2018-11-13 00:03:10,608 30109  INFO  [0112b2] Doing some complicated stuff.. Random numbers are: 802240571, 1828696805, 182555597.
2018-11-13 00:03:10,612 30113  INFO  [418cf8] Finished processing user request with id = 418cf811-40e5-4c4d-875a-51ed805fbb92 in 00:00:00.0464136.
2018-11-13 00:03:10,642 30143  INFO  [0112b2] Here's some useful guids:
		d1e77d98-e7d7-4e3e-9c17-7a6f51f80e78
		62820a5c-fba7-4a02-aeba-c79fd9302bd2
		dc3c8f08-8476-4c40-81ff-0dd4c3a1e746
		ee0b8f96-7c92-43ac-9c1c-ecbcd7388175
2018-11-13 00:03:10,643 30144  INFO  [abd916] Started processing user request. Id = abd91660-e9a1-468f-a96a-6290bd511b9a. Size = 22.52 KB.
2018-11-13 00:03:10,656 30157  INFO  [abd916] Doing some complicated stuff.. Random numbers are: 1221103036, 787297291, 2075973052.
2018-11-13 00:03:10,662 30163  INFO  [abd916] Here's some useful guids:
		c3e54877-4b98-4e04-a877-2ccee4c3005b
		e84ab55f-5753-4d2f-a4be-29fa73c2fc5b
2018-11-13 00:03:10,669 30170  INFO  [0112b2] Finished processing user request with id = 0112b26d-21e6-486d-ad45-5a9ed3360c29 in 00:00:00.0678357.
2018-11-13 00:03:10,672 30173  INFO  [BackgroundDaemon] Starting iteration #15511.
2018-11-13 00:03:10,681 30182  INFO  [abd916] Finished processing user request with id = abd91660-e9a1-468f-a96a-6290bd511b9a in 00:00:00.0377085.
2018-11-13 00:03:10,682 30183  INFO  [29e5ee] Started processing user request. Id = 29e5ee6c-8cfc-48ad-b0c5-967eea030041. Size = 45.25 KB.
2018-11-13 00:03:10,691 30192  INFO  [29e5ee] Doing some complicated stuff.. Random numbers are: 113503057, 76741160, 528075904.
2018-11-13 00:03:10,712 30213  INFO  [d67bda] Started processing user request. Id = d67bda29-7013-4761-8afa-2ba811efebd9. Size = 8.93 KB.
2018-11-13 00:03:10,724 30225  INFO  [BackgroundDaemon] Processing data (5% completed)..
2018-11-13 00:03:10,729 30230  INFO  [d67bda] Doing some complicated stuff.. Random numbers are: 186964029, 834740554, 2058149724.
2018-11-13 00:03:10,733 30234  INFO  [d67bda] Here's some useful guids:
		397ce4e5-4adc-4631-b752-dabc33620142
		66f9f1a9-6da8-4b91-93dc-79df7a8b20b3
		b0442938-9015-4edc-8ffe-26ba9265a275
2018-11-13 00:03:10,740 30241  INFO  [29e5ee] Finished processing user request with id = 29e5ee6c-8cfc-48ad-b0c5-967eea030041 in 00:00:00.0579087.
2018-11-13 00:03:10,750 30251  INFO  [6e9060] Started processing user request. Id = 6e9060d4-fab3-442e-a090-fcb19dd34194. Size = 80.6 KB.
2018-11-13 00:03:10,753 30254  INFO  [a3b7cf] Started processing user request. Id = a3b7cf70-55b2-4d37-9e61-df121427e62c. Size = 5.02 KB.
2018-11-13 00:03:10,754 30255  INFO  [BackgroundDaemon] Processing data (23% completed)..
2018-11-13 00:03:10,759 30260  INFO  [a3b7cf] Doing some complicated stuff.. Random numbers are: 108684918, 340106614, 2044841505.
2018-11-13 00:03:10,760 30261  ERROR [d67bda] 
System.InvalidOperationException: Oh no! An error occurred!
2018-11-13 00:03:10,767 30268  INFO  [6e9060] Doing some complicated stuff.. Random numbers are: 1059919627, 343495544, 1818621888.
2018-11-13 00:03:10,779 30280  INFO  [Metrics] Cpu: 1.81%; Memory: 19.79 GB/31.88 GB; Workers: 4/1024; IOCP: 0/1024
2018-11-13 00:03:10,783 30284  INFO  [6e9060] Here's some useful guids:
		c7445e1a-2b98-4969-bc4b-990581e90e4e
		8359721f-9dbc-42ea-93dc-ee0c68e57212
		9f710ed5-bfc1-44f7-a0c5-d2248b77d2d8
		f25dafb9-6457-4198-903e-fdc8d6d2aeee
2018-11-13 00:03:10,790 30291  INFO  [6e9060] Finished processing user request with id = 6e9060d4-fab3-442e-a090-fcb19dd34194 in 00:00:00.0399199.
2018-11-13 00:03:10,791 30292  INFO  [a518b0] Started processing user request. Id = a518b0c3-3bc5-427c-8fff-256c432eeea1. Size = 34.32 KB.
2018-11-13 00:03:10,794 30295  ERROR [a3b7cf] 
System.InvalidOperationException: Oh no! An error occurred!
2018-11-13 00:03:10,797 30298  INFO  [a518b0] Doing some complicated stuff.. Random numbers are: 540678955, 1453925170, 910813847.
2018-11-13 00:03:10,808 30309  INFO  [792d94] Started processing user request. Id = 792d94b2-a4b9-4478-8492-1b962721bbd4. Size = 67.79 KB.
2018-11-13 00:03:10,816 30317  INFO  [792d94] Doing some complicated stuff.. Random numbers are: 168118708, 2018249327, 363183641.
2018-11-13 00:03:10,821 30322  INFO  [792d94] Here's some useful guids:
		71438ddd-db90-468e-b313-e81070dbc9ca
		e29bbf09-2631-4c02-bc2b-5b997a484dd9
		8180825d-365a-48f6-81be-0847326896c7
2018-11-13 00:03:10,824 30326  INFO  [a518b0] Finished processing user request with id = a518b0c3-3bc5-427c-8fff-256c432eeea1 in 00:00:00.0331353.
2018-11-13 00:03:10,836 30337  INFO  [792d94] Finished processing user request with id = 792d94b2-a4b9-4478-8492-1b962721bbd4 in 00:00:00.0272750.
2018-11-13 00:03:10,849 30350  INFO  [BackgroundDaemon] Processing data (85% completed)..
2018-11-13 00:03:10,849 30350  INFO  [BackgroundDaemon] Finished iteration in 00:00:00.1773914.
2018-11-13 00:03:10,849 30350  INFO  [abf739] Started processing user request. Id = abf73949-1988-4b32-95f2-7251b3e34cc6. Size = 16.65 KB.
2018-11-13 00:03:10,856 30357  INFO  [5c579e] Started processing user request. Id = 5c579e6b-6d6c-4dbc-ba26-6e485570b416. Size = 50.79 KB.
2018-11-13 00:03:10,868 30369  INFO  [abf739] Doing some complicated stuff.. Random numbers are: 941420549, 716750419, 304495403.
2018-11-13 00:03:10,875 30376  INFO  [5c579e] Doing some complicated stuff.. Random numbers are: 391057372, 845346621, 1323369486.
2018-11-13 00:03:10,885 30386  INFO  [abf739] Here's some useful guids:
		7be0233b-456f-45b7-a3ab-585b79757e31
		1c8fa0ed-0855-4f09-a34d-966ee7908ad5
2018-11-13 00:03:10,895 30396  INFO  [abf739] Finished processing user request with id = abf73949-1988-4b32-95f2-7251b3e34cc6 in 00:00:00.0460696.
2018-11-13 00:03:10,901 30402  INFO  [5c579e] Finished processing user request with id = 5c579e6b-6d6c-4dbc-ba26-6e485570b416 in 00:00:00.0451321.
2018-11-13 00:03:10,909 30410  INFO  [f522c7] Started processing user request. Id = f522c7cf-92c0-434d-8c8c-2cd377fe2d10. Size = 55.88 KB.
2018-11-13 00:03:10,918 30419  INFO  [f522c7] Doing some complicated stuff.. Random numbers are: 2045805962, 861560994, 1572247506.
2018-11-13 00:03:10,933 30434  INFO  [0173a2] Started processing user request. Id = 0173a255-41b2-40e0-ab77-26ea0fd76580. Size = 71.42 KB.
2018-11-13 00:03:10,939 30440  INFO  [0173a2] Doing some complicated stuff.. Random numbers are: 580897745, 320548361, 40583962.
2018-11-13 00:03:10,952 30454  INFO  [f522c7] Finished processing user request with id = f522c7cf-92c0-434d-8c8c-2cd377fe2d10 in 00:00:00.0434195.
2018-11-13 00:03:10,957 30458  INFO  [c553e7] Started processing user request. Id = c553e7fb-0f15-449c-b842-386b1d0101b6. Size = 11.51 KB.
2018-11-13 00:03:10,966 30467  INFO  [a772ca] Started processing user request. Id = a772ca47-7325-4f6b-bec8-7561c8c2a348. Size = 41.35 KB.
2018-11-13 00:03:10,968 30469  INFO  [c553e7] Doing some complicated stuff.. Random numbers are: 940924675, 1637020391, 981377063.
2018-11-13 00:03:10,974 30476  INFO  [0173a2] Finished processing user request with id = 0173a255-41b2-40e0-ab77-26ea0fd76580 in 00:00:00.0419700.
2018-11-13 00:03:10,979 30480  INFO  [a772ca] Doing some complicated stuff.. Random numbers are: 578884963, 2070556142, 411741237.
2018-11-13 00:03:10,979 30480  INFO  [a772ca] Here's some useful guids:
		3db54ebe-1511-4ca6-9fe1-365f79bb6e3c
2018-11-13 00:03:10,986 30487  INFO  [c553e7] Here's some useful guids:
		5ec4f46c-a4f0-4c48-aafe-cc64f4bacc1a
		24ded7b4-e6e1-44b7-a7ba-fb5cefdba3c1
		31012216-786d-4e21-a8bc-8aa2f6873d41
		d0916bdd-0b81-46ef-ae86-c10be90afaf6
		5d3c62c1-6649-4b03-a620-15034b334e1a
2018-11-13 00:03:10,992 30493  INFO  [c553e7] Finished processing user request with id = c553e7fb-0f15-449c-b842-386b1d0101b6 in 00:00:00.0356077.
2018-11-13 00:03:10,995 30496  INFO  [a772ca] Finished processing user request with id = a772ca47-7325-4f6b-bec8-7561c8c2a348 in 00:00:00.0290618.
2018-11-13 00:03:11,006 30507  INFO  [f3e2be] Started processing user request. Id = f3e2bedd-58d6-4d16-b80a-608bb0222a59. Size = 26.11 KB.
2018-11-13 00:03:11,009 30510  INFO  [efd408] Started processing user request. Id = efd4082a-8d51-4d86-9cf0-33f78569dead. Size = 92.18 KB.
2018-11-13 00:03:11,013 30514  INFO  [f3e2be] Doing some complicated stuff.. Random numbers are: 1610652783, 2111298546, 1489345001.
2018-11-13 00:03:11,022 30523  INFO  [efd408] Doing some complicated stuff.. Random numbers are: 1440942099, 1011664789, 564210583.
2018-11-13 00:03:11,031 30532  INFO  [efd408] Here's some useful guids:
		42ff0a30-c3cd-4b37-acef-55b928a13c41
		3c7f9cbe-7085-4e49-adc5-f330814a08d7
		78b34cbc-1bf6-4620-9dd8-0cdacfc78d14
		ad25cc23-ec7d-4101-b4a5-906a79085d00
2018-11-13 00:03:11,040 30541  INFO  [f3e2be] Here's some useful guids:
		2cdc8ba7-153f-456c-8a89-efcb3cdd331f
		79f23274-3d2a-4e60-b838-8a997a869dbd
		0a5adecc-2d8e-4bbc-a14a-5e110358044c
		42db3c7f-3ec4-4d56-9967-a3d44f539d6c
2018-11-13 00:03:11,049 30550  INFO  [BackgroundDaemon] Starting iteration #15512.
2018-11-13 00:03:11,061 30562  ERROR [efd408] 
System.InvalidOperationException: Oh no! An error occurred!
2018-11-13 00:03:11,069 30570  INFO  [f3e2be] Finished processing user request with id = f3e2bedd-58d6-4d16-b80a-608bb0222a59 in 00:00:00.0630476.
2018-11-13 00:03:11,075 30576  INFO  [b2bcef] Started processing user request. Id = b2bcef79-ac39-42be-9fef-7f7f1eb6e6cc. Size = 72.33 KB.
2018-11-13 00:03:11,089 30590  INFO  [b2bcef] Doing some complicated stuff.. Random numbers are: 2068838193, 974105925, 1513080547.
2018-11-13 00:03:11,101 30602  INFO  [626296] Started processing user request. Id = 626296d6-cb5c-43e8-9e0c-bd600351e0ec. Size = 87.5 KB.
2018-11-13 00:03:11,104 30605  INFO  [BackgroundDaemon] Processing data (5% completed)..
2018-11-13 00:03:11,106 30607  INFO  [b2bcef] Here's some useful guids:
		83a6084c-2c73-41dd-91b4-6960ec155080
		f939e992-5754-4fc5-b88c-1da623ec0f28
		b9d4f925-2e1b-4ee9-921a-ae6e8a1f7918
2018-11-13 00:03:11,120 30622  INFO  [626296] Doing some complicated stuff.. Random numbers are: 1369032368, 835037977, 2053689398.
2018-11-13 00:03:11,127 30628  INFO  [b2bcef] Finished processing user request with id = b2bcef79-ac39-42be-9fef-7f7f1eb6e6cc in 00:00:00.0517798.
2018-11-13 00:03:11,141 30642  INFO  [b06b54] Started processing user request. Id = b06b54ce-395f-4b3b-a513-86f41e1b247b. Size = 72.93 KB.
2018-11-13 00:03:11,147 30648  INFO  [BackgroundDaemon] Processing data (40% completed)..
2018-11-13 00:03:11,147 30648  INFO  [b06b54] Doing some complicated stuff.. Random numbers are: 1789131517, 738160946, 117823739.
2018-11-13 00:03:11,158 30659  INFO  [626296] Here's some useful guids:
		6f32781d-6ee6-4cc3-88a7-f1419bcda811
		8872d773-5ce3-434f-a57f-df719db4d612
		198b5394-46c0-40b7-ac11-a44ea21557ef
		0274211a-9819-41f4-a196-6453a664496c
2018-11-13 00:03:11,160 30661  INFO  [6c379a] Started processing user request. Id = 6c379a74-5336-4c65-a4c9-21b64a3a3431. Size = 15.21 KB.
2018-11-13 00:03:11,175 30676  INFO  [6c379a] Doing some complicated stuff.. Random numbers are: 465540085, 184395836, 749943461.
2018-11-13 00:03:11,181 30682  INFO  [b06b54] Finished processing user request with id = b06b54ce-395f-4b3b-a513-86f41e1b247b in 00:00:00.0400844.
2018-11-13 00:03:11,186 30687  INFO  [626296] Finished processing user request with id = 626296d6-cb5c-43e8-9e0c-bd600351e0ec in 00:00:00.0847506.
2018-11-13 00:03:11,188 30689  INFO  [6c379a] Finished processing user request with id = 6c379a74-5336-4c65-a4c9-21b64a3a3431 in 00:00:00.0279659.
2018-11-13 00:03:11,195 30696  INFO  [f84969] Started processing user request. Id = f8496995-08fc-4d3e-b41a-6b1ee6fb9260. Size = 30.58 KB.
2018-11-13 00:03:11,202 30703  INFO  [BackgroundDaemon] Processing data (51% completed)..
2018-11-13 00:03:11,202 30703  INFO  [BackgroundDaemon] Finished iteration in 00:00:00.1528180.
2018-11-13 00:03:11,209 30710  INFO  [f84969] Doing some complicated stuff.. Random numbers are: 770011674, 1601953415, 2138365882.
2018-11-13 00:03:11,218 30719  INFO  [be531c] Started processing user request. Id = be531cd9-a2ce-4448-bd2c-9a9853c51079. Size = 46.21 KB.
2018-11-13 00:03:11,224 30725  INFO  [be531c] Doing some complicated stuff.. Random numbers are: 890541843, 939408514, 1713728498.
2018-11-13 00:03:11,252 30753  ERROR [f84969] 
System.InvalidOperationException: Oh no! An error occurred!
2018-11-13 00:03:11,266 30767  INFO  [cd40ec] Started processing user request. Id = cd40ec3c-3645-4631-bfc3-0f1842640c8d. Size = 67.71 KB.
2018-11-13 00:03:11,270 30771  INFO  [cd40ec] Doing some complicated stuff.. Random numbers are: 1464416505, 1746507366, 1843281695.
2018-11-13 00:03:11,275 30776  INFO  [be531c] Finished processing user request with id = be531cd9-a2ce-4448-bd2c-9a9853c51079 in 00:00:00.0570594.
2018-11-13 00:03:11,278 30779  INFO  [Metrics] Cpu: 3.00%; Memory: 19.78 GB/31.88 GB; Workers: 4/1024; IOCP: 0/1024
2018-11-13 00:03:11,297 30798  INFO  [cd40ec] Here's some useful guids:
		b93f4d11-4015-4c0a-9a7e-0e4f8aa27e82
		46e1bb72-a60b-4b3a-a46a-e93570d972d4
		10aa8b81-762d-4809-ba0c-4d010cb6c6e5
		c1fecd97-dc07-4848-b8cb-e8693cf2f80c
2018-11-13 00:03:11,307 30808  INFO  [581b19] Started processing user request. Id = 581b1914-f87c-4f89-92d5-73eb4bb9aa59. Size = 25.63 KB.
2018-11-13 00:03:11,317 30818  INFO  [cd40ec] Finished processing user request with id = cd40ec3c-3645-4631-bfc3-0f1842640c8d in 00:00:00.0510417.
2018-11-13 00:03:11,320 30821  INFO  [581b19] Doing some complicated stuff.. Random numbers are: 1586367119, 243405119, 1156249381.
2018-11-13 00:03:11,330 30831  INFO  [773c8c] Started processing user request. Id = 773c8cb2-6d74-45af-be23-06f8913a2b55. Size = 25.48 KB.
2018-11-13 00:03:11,338 30839  INFO  [581b19] Here's some useful guids:
		18028b0f-c517-4b11-aecb-900c57bba160
		56a03535-ab24-42e1-9b76-e814051a0be0
		63006794-9e07-42b3-bee0-024953a58cd5
2018-11-13 00:03:11,345 30846  INFO  [773c8c] Doing some complicated stuff.. Random numbers are: 1582444626, 2146769605, 828286095.
2018-11-13 00:03:11,355 30856  INFO  [581b19] Finished processing user request with id = 581b1914-f87c-4f89-92d5-73eb4bb9aa59 in 00:00:00.0479203.
2018-11-13 00:03:11,355 30856  INFO  [59bbc8] Started processing user request. Id = 59bbc8c7-db27-4f73-af7f-0bc2834e3fe2. Size = 61.29 KB.
2018-11-13 00:03:11,363 30864  INFO  [59bbc8] Doing some complicated stuff.. Random numbers are: 202526163, 425278509, 661022154.
2018-11-13 00:03:11,379 30880  INFO  [773c8c] Finished processing user request with id = 773c8cb2-6d74-45af-be23-06f8913a2b55 in 00:00:00.0488625.
2018-11-13 00:03:11,386 30887  INFO  [666388] Started processing user request. Id = 6663881e-40dd-4cb3-962f-094d733b4595. Size = 51.39 KB.
2018-11-13 00:03:11,392 30893  INFO  [f8183e] Started processing user request. Id = f8183efc-12b1-4a8b-88bc-0b3df9133440. Size = 32.12 KB.
2018-11-13 00:03:11,393 30894  INFO  [59bbc8] Here's some useful guids:
		b069c440-4a5b-4ff5-a8fc-86fb47b03cb8
		64b56fb7-875f-4e4b-9825-e33ed5a42295
		c8572d08-4402-48f7-9652-ba1f9874f133
		36516319-1d9d-4ca5-9d1c-aab57a13281d
2018-11-13 00:03:11,399 30900  INFO  [59bbc8] Finished processing user request with id = 59bbc8c7-db27-4f73-af7f-0bc2834e3fe2 in 00:00:00.0441183.
2018-11-13 00:03:11,401 30902  INFO  [f8183e] Doing some complicated stuff.. Random numbers are: 853990829, 674597555, 91470362.
2018-11-13 00:03:11,402 30903  INFO  [BackgroundDaemon] Starting iteration #15513.
2018-11-13 00:03:11,406 30907  INFO  [666388] Doing some complicated stuff.. Random numbers are: 1780703730, 395116013, 205259398.
2018-11-13 00:03:11,422 30923  INFO  [f8183e] Finished processing user request with id = f8183efc-12b1-4a8b-88bc-0b3df9133440 in 00:00:00.0299489.
2018-11-13 00:03:11,435 30936  INFO  [a6fcb2] Started processing user request. Id = a6fcb247-9226-4c9a-9472-f8794ac83f3a. Size = 92.17 KB.
2018-11-13 00:03:11,439 30941  INFO  [666388] Finished processing user request with id = 6663881e-40dd-4cb3-962f-094d733b4595 in 00:00:00.0531897.
2018-11-13 00:03:11,449 30951  INFO  [BackgroundDaemon] Processing data (9% completed)..
2018-11-13 00:03:11,454 30956  INFO  [a6fcb2] Doing some complicated stuff.. Random numbers are: 66623911, 277117437, 1085877849.
2018-11-13 00:03:11,471 30972  INFO  [c5015f] Started processing user request. Id = c5015f79-6478-4ea6-91e0-abd65a862af9. Size = 30.83 KB.
2018-11-13 00:03:11,475 30976  INFO  [c5015f] Doing some complicated stuff.. Random numbers are: 1882058600, 45537538, 63170243.
2018-11-13 00:03:11,484 30985  INFO  [a6fcb2] Finished processing user request with id = a6fcb247-9226-4c9a-9472-f8794ac83f3a in 00:00:00.0483376.
2018-11-13 00:03:11,497 30998  INFO  [07a6fb] Started processing user request. Id = 07a6fb7e-c387-4c9c-b3d0-69732933d998. Size = 91.25 KB.
2018-11-13 00:03:11,506 31007  INFO  [07a6fb] Doing some complicated stuff.. Random numbers are: 340931573, 1824439218, 684058797.
2018-11-13 00:03:11,509 31010  INFO  [c5015f] Here's some useful guids:
		0490faf6-d312-4750-b233-8962629f1d67
2018-11-13 00:03:11,514 31015  INFO  [07a6fb] Here's some useful guids:
		d2ceac02-74ba-4d1a-8c26-1830690e6ada
		8ffc27d9-8f1b-4330-86ae-ac6b57fab07d
		7a85a2ee-26d4-43ee-9a85-552fd7edcc7d
		417f836d-60f2-41d3-8d76-fc63c11cbf43
2018-11-13 00:03:11,527 31028  INFO  [07a6fb] Finished processing user request with id = 07a6fb7e-c387-4c9c-b3d0-69732933d998 in 00:00:00.0302480.
2018-11-13 00:03:11,536 31037  INFO  [c5015f] Finished processing user request with id = c5015f79-6478-4ea6-91e0-abd65a862af9 in 00:00:00.0656378.
2018-11-13 00:03:11,540 31041  INFO  [BackgroundDaemon] Processing data (37% completed)..
2018-11-13 00:03:11,541 31042  INFO  [4517b1] Started processing user request. Id = 4517b1ba-430d-4f94-a860-10c28d886db4. Size = 67.06 KB.
2018-11-13 00:03:11,561 31062  INFO  [4517b1] Doing some complicated stuff.. Random numbers are: 928701270, 973323781, 1607975331.
2018-11-13 00:03:11,566 31067  INFO  [435854] Started processing user request. Id = 435854db-6e60-4b63-9c1e-b3489e768251. Size = 67.58 KB.
2018-11-13 00:03:11,567 31068  INFO  [7eb501] Started processing user request. Id = 7eb5014e-4a14-4e60-91e3-c1c224a8c67b. Size = 18.17 KB.
2018-11-13 00:03:11,583 31084  INFO  [435854] Doing some complicated stuff.. Random numbers are: 134543122, 1782563514, 1400887808.
2018-11-13 00:03:11,585 31087  INFO  [7eb501] Doing some complicated stuff.. Random numbers are: 2119277198, 1486900029, 1259811479.
2018-11-13 00:03:11,607 31108  INFO  [4517b1] Finished processing user request with id = 4517b1ba-430d-4f94-a860-10c28d886db4 in 00:00:00.0661349.
2018-11-13 00:03:11,616 31117  INFO  [435854] Here's some useful guids:
		b65d29aa-61d8-406f-9e4d-afbc1498f125
2018-11-13 00:03:11,618 31119  INFO  [7eb501] Finished processing user request with id = 7eb5014e-4a14-4e60-91e3-c1c224a8c67b in 00:00:00.0506903.
2018-11-13 00:03:11,621 31122  INFO  [d48245] Started processing user request. Id = d48245fb-01ab-4a5b-9010-480592293e41. Size = 85.67 KB.
2018-11-13 00:03:11,632 31133  INFO  [435854] Finished processing user request with id = 435854db-6e60-4b63-9c1e-b3489e768251 in 00:00:00.0652378.
2018-11-13 00:03:11,634 31135  INFO  [d48245] Doing some complicated stuff.. Random numbers are: 960278478, 386798985, 963116867.
2018-11-13 00:03:11,637 31138  INFO  [BackgroundDaemon] Processing data (81% completed)..
2018-11-13 00:03:11,637 31138  INFO  [BackgroundDaemon] Finished iteration in 00:00:00.2347828.
2018-11-13 00:03:11,649 31150  INFO  [cdabb0] Started processing user request. Id = cdabb0e7-db04-4867-9129-dad69c2e76fe. Size = 9.72 KB.
2018-11-13 00:03:11,658 31159  INFO  [d48245] Finished processing user request with id = d48245fb-01ab-4a5b-9010-480592293e41 in 00:00:00.0372830.
2018-11-13 00:03:11,667 31168  INFO  [cdabb0] Doing some complicated stuff.. Random numbers are: 1724034649, 781976614, 1305952952.
2018-11-13 00:03:11,672 31173  INFO  [2fdaf1] Started processing user request. Id = 2fdaf1f6-ca70-4054-a520-a8d9bce1217f. Size = 12.81 KB.
2018-11-13 00:03:11,677 31178  INFO  [2fdaf1] Doing some complicated stuff.. Random numbers are: 828774104, 494778330, 1923290968.
2018-11-13 00:03:11,682 31183  INFO  [cdabb0] Here's some useful guids:
		f6d317d2-b3e9-4a0f-abea-4a8033062718
		eb7c7c7f-247e-42bf-b86f-84de542aec3c
		3ebe2d19-31e1-4cba-b3d6-1e658eb10946
2018-11-13 00:03:11,701 31202  INFO  [cdabb0] Finished processing user request with id = cdabb0e7-db04-4867-9129-dad69c2e76fe in 00:00:00.0520671.
2018-11-13 00:03:11,716 31218  INFO  [2fdaf1] Finished processing user request with id = 2fdaf1f6-ca70-4054-a520-a8d9bce1217f in 00:00:00.0444107.
2018-11-13 00:03:11,730 31231  INFO  [ee4400] Started processing user request. Id = ee440019-b265-4c6c-991d-c5494a7536a8. Size = 46.88 KB.
2018-11-13 00:03:11,732 31233  INFO  [ee4400] Doing some complicated stuff.. Random numbers are: 378099083, 493975741, 632585318.
2018-11-13 00:03:11,733 31234  INFO  [c12987] Started processing user request. Id = c1298730-42ed-461b-a39a-0dc991983832. Size = 31.32 KB.
2018-11-13 00:03:11,747 31248  INFO  [c12987] Doing some complicated stuff.. Random numbers are: 176398736, 1411538472, 1730690279.
2018-11-13 00:03:11,768 31269  INFO  [ee4400] Here's some useful guids:
		0ddaf6cc-2eee-42f4-a24c-c6f5e36e923a
		7679e5c5-af23-4508-840b-95ed411e2eeb
		1e174150-1856-44b9-9db3-e379f1d5a939
2018-11-13 00:03:11,774 31275  INFO  [c12987] Finished processing user request with id = c1298730-42ed-461b-a39a-0dc991983832 in 00:00:00.0414917.
2018-11-13 00:03:11,778 31279  INFO  [Metrics] Cpu: 3.00%; Memory: 19.79 GB/31.88 GB; Workers: 4/1024; IOCP: 0/1024
2018-11-13 00:03:11,780 31281  INFO  [ee4400] Finished processing user request with id = ee440019-b265-4c6c-991d-c5494a7536a8 in 00:00:00.0502282.
2018-11-13 00:03:11,794 31295  INFO  [e59411] Started processing user request. Id = e59411e1-d7d2-4a21-a7a0-f287f2b0da2e. Size = 50.48 KB.
2018-11-13 00:03:11,799 31300  INFO  [e59411] Doing some complicated stuff.. Random numbers are: 729693935, 2006914439, 1788472599.
2018-11-13 00:03:11,799 31300  INFO  [f22bd6] Started processing user request. Id = f22bd688-6ef3-4fb0-84bd-ef44b33807c6. Size = 20.92 KB.
2018-11-13 00:03:11,806 31307  INFO  [9c2d9c] Started processing user request. Id = 9c2d9c95-6d21-4991-a7e5-a7f9fa806533. Size = 69.61 KB.
2018-11-13 00:03:11,811 31312  INFO  [9c2d9c] Doing some complicated stuff.. Random numbers are: 469152621, 988178407, 540118961.
2018-11-13 00:03:11,816 31317  INFO  [f22bd6] Doing some complicated stuff.. Random numbers are: 1895323661, 1652829735, 878273614.
2018-11-13 00:03:11,818 31319  INFO  [f22bd6] Here's some useful guids:
		6a02656e-8f75-4258-8478-1e49bd635d5b
		64d079ce-848e-4383-974a-a289735c068d
		3c3e4802-c21b-4159-8396-db5317994da4
		90109e80-f8b4-4df5-ae9c-df616cc710fd
2018-11-13 00:03:11,821 31322  INFO  [9c2d9c] Here's some useful guids:
		91ee2825-08e5-4f69-9b19-36578aeb48fd
		431d87de-3e15-4a49-9402-bd8469dc3e74
2018-11-13 00:03:11,831 31332  INFO  [f22bd6] Finished processing user request with id = f22bd688-6ef3-4fb0-84bd-ef44b33807c6 in 00:00:00.0317676.
2018-11-13 00:03:11,837 31338  INFO  [BackgroundDaemon] Starting iteration #15514.
2018-11-13 00:03:11,838 31339  INFO  [9c2d9c] Finished processing user request with id = 9c2d9c95-6d21-4991-a7e5-a7f9fa806533 in 00:00:00.0320265.
2018-11-13 00:03:11,845 31346  INFO  [e59411] Finished processing user request with id = e59411e1-d7d2-4a21-a7a0-f287f2b0da2e in 00:00:00.0515147.
2018-11-13 00:03:11,859 31360  INFO  [8ff85f] Started processing user request. Id = 8ff85fb1-10fa-442b-90d0-c9e0ca4dd0a4. Size = 22.28 KB.
2018-11-13 00:03:11,869 31370  INFO  [404155] Started processing user request. Id = 40415564-dcc0-4a38-b421-9f6e5d8dd859. Size = 23.81 KB.
2018-11-13 00:03:11,873 31374  INFO  [8ff85f] Doing some complicated stuff.. Random numbers are: 1575956947, 1119458211, 1172036049.
2018-11-13 00:03:11,878 31379  INFO  [404155] Doing some complicated stuff.. Random numbers are: 533953928, 1351513199, 1904251437.
2018-11-13 00:03:11,884 31385  INFO  [BackgroundDaemon] Processing data (18% completed)..
2018-11-13 00:03:11,890 31391  INFO  [8ff85f] Finished processing user request with id = 8ff85fb1-10fa-442b-90d0-c9e0ca4dd0a4 in 00:00:00.0311761.
2018-11-13 00:03:11,904 31405  INFO  [f9f616] Started processing user request. Id = f9f616d1-1083-478c-9715-c61f6005d4fc. Size = 44.45 KB.
2018-11-13 00:03:11,906 31407  INFO  [f9f616] Doing some complicated stuff.. Random numbers are: 1384518088, 1804993330, 1035246612.
2018-11-13 00:03:11,913 31414  INFO  [f9f616] Here's some useful guids:
		27189f42-aee8-40fd-9d9d-8a5b936f77d0
		e08458cc-fc98-41fb-8697-7a60bb17d36c
		dec0317f-0d64-4ae9-a1fe-c6728d127df6
2018-11-13 00:03:11,916 31417  INFO  [f9f616] Finished processing user request with id = f9f616d1-1083-478c-9715-c61f6005d4fc in 00:00:00.0120340.
2018-11-13 00:03:11,929 31430  INFO  [c5c644] Started processing user request. Id = c5c64458-c0f2-488d-9470-37938f7538e0. Size = 33.84 KB.
2018-11-13 00:03:11,932 31434  INFO  [404155] Finished processing user request with id = 40415564-dcc0-4a38-b421-9f6e5d8dd859 in 00:00:00.0631912.
2018-11-13 00:03:11,939 31440  INFO  [c5c644] Doing some complicated stuff.. Random numbers are: 164435241, 1945337917, 1524968393.
2018-11-13 00:03:11,950 31452  INFO  [c5c644] Here's some useful guids:
		15c414a6-7805-49a3-9c91-63167dd0285e
		9205c169-cb99-4052-814c-d88d8b3499ce
		b169da9a-f29e-4373-b321-2b6f86922944
2018-11-13 00:03:11,964 31465  INFO  [ed26fa] Started processing user request. Id = ed26fa1d-bfa2-4e4e-a3a8-c26dd202462a. Size = 26.33 KB.
2018-11-13 00:03:11,965 31466  INFO  [BackgroundDaemon] Processing data (44% completed)..
2018-11-13 00:03:11,974 31475  INFO  [c5c644] Finished processing user request with id = c5c64458-c0f2-488d-9470-37938f7538e0 in 00:00:00.0443157.
2018-11-13 00:03:11,978 31479  INFO  [ed26fa] Doing some complicated stuff.. Random numbers are: 1383292565, 906047701, 1456722300.
2018-11-13 00:03:11,987 31488  INFO  [43bdcd] Started processing user request. Id = 43bdcd4d-1f58-49f2-ba43-0774e2d90f64. Size = 54.28 KB.
2018-11-13 00:03:11,998 31499  INFO  [b70aeb] Started processing user request. Id = b70aeb16-7a20-441e-b8dd-438b546a82be. Size = 72.57 KB.
2018-11-13 00:03:12,002 31503  INFO  [43bdcd] Doing some complicated stuff.. Random numbers are: 597777226, 1935544009, 279380926.
2018-11-13 00:03:12,011 31512  INFO  [b70aeb] Doing some complicated stuff.. Random numbers are: 1824977120, 651781961, 1359372792.
2018-11-13 00:03:12,025 31526  INFO  [43bdcd] Finished processing user request with id = 43bdcd4d-1f58-49f2-ba43-0774e2d90f64 in 00:00:00.0381199.
2018-11-13 00:03:12,026 31527  INFO  [b70aeb] Here's some useful guids:
		f33d8e6e-d6cc-4b31-98d2-2a5cd0931937
		66e4f624-8605-4aa2-a934-dbec37951afd
2018-11-13 00:03:12,029 31530  ERROR [b70aeb] 
System.InvalidOperationException: Oh no! An error occurred!
2018-11-13 00:03:12,034 31535  INFO  [ed26fa] Finished processing user request with id = ed26fa1d-bfa2-4e4e-a3a8-c26dd202462a in 00:00:00.0699852.
2018-11-13 00:03:12,039 31540  INFO  [27b016] Started processing user request. Id = 27b01679-0b66-46b6-850b-7ee824cca9c0. Size = 61.86 KB.
2018-11-13 00:03:12,041 31542  INFO  [BackgroundDaemon] Processing data (77% completed)..
2018-11-13 00:03:12,041 31542  INFO  [BackgroundDaemon] Finished iteration in 00:00:00.2034152.
2018-11-13 00:03:12,057 31558  INFO  [27b016] Doing some complicated stuff.. Random numbers are: 1454058432, 1568316184, 1964502529.
2018-11-13 00:03:12,061 31562  INFO  [27b016] Here's some useful guids:
		6c239dc5-f8b7-42cc-a774-ed06f1eee294
		a2f3c85f-d433-4ccf-8ef4-bf8b317093bc
		81fce8e9-598d-4398-9db4-6ba0719fb99e
		22c94318-3cef-4660-b1dc-a86648209617
		dca2ab9a-f6b5-4be6-8b25-b97de51e69ac
2018-11-13 00:03:12,066 31567  INFO  [127f9d] Started processing user request. Id = 127f9dc3-daac-467a-9ff1-66924f34f662. Size = 28.34 KB.
2018-11-13 00:03:12,069 31570  INFO  [127f9d] Doing some complicated stuff.. Random numbers are: 639474742, 1261198780, 651891551.
2018-11-13 00:03:12,079 31580  INFO  [127f9d] Here's some useful guids:
		ffc76887-47ee-4b34-952b-00accb6f3d1d
		23c3abaf-2890-4c97-99ca-6bfcb0c71533
		aa1f7757-666f-4370-a285-743217f10290
2018-11-13 00:03:12,081 31582  INFO  [27b016] Finished processing user request with id = 27b01679-0b66-46b6-850b-7ee824cca9c0 in 00:00:00.0427934.
2018-11-13 00:03:12,095 31596  INFO  [d1a2d6] Started processing user request. Id = d1a2d69e-ab92-491e-b246-48bb3084663e. Size = 17.48 KB.
2018-11-13 00:03:12,106 31607  INFO  [127f9d] Finished processing user request with id = 127f9dc3-daac-467a-9ff1-66924f34f662 in 00:00:00.0405475.
2018-11-13 00:03:12,111 31612  INFO  [d1a2d6] Doing some complicated stuff.. Random numbers are: 885573282, 774881258, 2092524451.
2018-11-13 00:03:12,136 31638  INFO  [d1a2d6] Finished processing user request with id = d1a2d69e-ab92-491e-b246-48bb3084663e in 00:00:00.0417336.
2018-11-13 00:03:12,137 31639  INFO  [3dc0fb] Started processing user request. Id = 3dc0fbe6-b24a-4cad-a3ea-8fe15a82b7ca. Size = 54.11 KB.
2018-11-13 00:03:12,139 31641  INFO  [3dc0fb] Doing some complicated stuff.. Random numbers are: 555983296, 111417400, 1822128393.
2018-11-13 00:03:12,146 31647  INFO  [3dc0fb] Here's some useful guids:
		d1b30f8f-eca5-47ba-85f2-dba425e14b18
		8a6f0a9c-6672-4fc4-8a8d-84141b0aa9b4
		2ede629a-a5ba-4ad0-8d9e-b007b3f75616
2018-11-13 00:03:12,148 31649  INFO  [3dc0fb] Finished processing user request with id = 3dc0fbe6-b24a-4cad-a3ea-8fe15a82b7ca in 00:00:00.0101059.
2018-11-13 00:03:12,150 31651  INFO  [5e05c6] Started processing user request. Id = 5e05c6fc-ffe4-4230-a4ee-17c3a4fa9b51. Size = 2.33 KB.
2018-11-13 00:03:12,155 31656  INFO  [5e05c6] Doing some complicated stuff.. Random numbers are: 825328882, 1710443787, 1775346310.
2018-11-13 00:03:12,179 31680  INFO  [93e415] Started processing user request. Id = 93e4159b-b819-4c53-b6af-5214db965f3d. Size = 19.18 KB.
2018-11-13 00:03:12,192 31693  INFO  [93e415] Doing some complicated stuff.. Random numbers are: 1842906774, 1896767942, 348864088.
2018-11-13 00:03:12,196 31697  INFO  [3ba6cf] Started processing user request. Id = 3ba6cf9d-3edd-4a35-ba09-60ff642666fb. Size = 34.18 KB.
2018-11-13 00:03:12,197 31698  INFO  [93e415] Finished processing user request with id = 93e4159b-b819-4c53-b6af-5214db965f3d in 00:00:00.0184984.
2018-11-13 00:03:12,209 31710  INFO  [5e05c6] Finished processing user request with id = 5e05c6fc-ffe4-4230-a4ee-17c3a4fa9b51 in 00:00:00.0595277.
2018-11-13 00:03:12,211 31712  INFO  [3ba6cf] Doing some complicated stuff.. Random numbers are: 106549746, 707257517, 1070004291.
2018-11-13 00:03:12,223 31724  INFO  [e78e7d] Started processing user request. Id = e78e7d6a-9642-43c5-adcd-ee4176585267. Size = 72.96 KB.
2018-11-13 00:03:12,229 31730  INFO  [66f583] Started processing user request. Id = 66f583a4-13bb-4f93-b31d-6885b1675c18. Size = 53.01 KB.
2018-11-13 00:03:12,237 31738  INFO  [e78e7d] Doing some complicated stuff.. Random numbers are: 949980519, 524989432, 750752840.
2018-11-13 00:03:12,239 31740  INFO  [66f583] Doing some complicated stuff.. Random numbers are: 1435865618, 1318926199, 528798344.
2018-11-13 00:03:12,240 31741  INFO  [66f583] Here's some useful guids:
		9dd9a964-2b9f-4e4f-a04c-c866e40b7c2d
2018-11-13 00:03:12,241 31742  INFO  [BackgroundDaemon] Starting iteration #15515.
2018-11-13 00:03:12,245 31746  INFO  [3ba6cf] Here's some useful guids:
		000713a4-eaa5-4340-ba5a-73cee5070c04
		dd85cf03-842a-4026-a279-492d6d7b9d17
		297b21c2-d515-416e-a8db-055d51a6b52e
		a57e879d-6c2a-4f7b-ae00-f0fae3e3eab6
		24aa7e04-7b9b-471c-b719-a2fd925d6a40
2018-11-13 00:03:12,260 31761  INFO  [66f583] Finished processing user request with id = 66f583a4-13bb-4f93-b31d-6885b1675c18 in 00:00:00.0304486.
2018-11-13 00:03:12,262 31763  INFO  [3ba6cf] Finished processing user request with id = 3ba6cf9d-3edd-4a35-ba09-60ff642666fb in 00:00:00.0655044.
2018-11-13 00:03:12,271 31772  INFO  [e78e7d] Here's some useful guids:
		2e7d2346-57a5-49e8-865e-c15f44ba499e
		21699f6b-1a80-4926-961c-cafa4512346a
		d6912d17-8210-408e-9928-e252ead774fd
		24167964-f164-49d9-a0c3-245c8e918b46
2018-11-13 00:03:12,277 31778  INFO  [Metrics] Cpu: 0.68%; Memory: 19.79 GB/31.88 GB; Workers: 4/1024; IOCP: 0/1024
2018-11-13 00:03:12,291 31792  INFO  [e78e7d] Finished processing user request with id = e78e7d6a-9642-43c5-adcd-ee4176585267 in 00:00:00.0681718.
2018-11-13 00:03:12,291 31792  INFO  [03723c] Started processing user request. Id = 03723c7e-1ecc-4ef5-9a96-f4ee607bdbb6. Size = 96.35 KB.
2018-11-13 00:03:12,295 31796  INFO  [03723c] Doing some complicated stuff.. Random numbers are: 646014672, 237275443, 1052198358.
2018-11-13 00:03:12,304 31806  INFO  [6b61c9] Started processing user request. Id = 6b61c949-3182-4521-93b2-200ce74ba38a. Size = 15.88 KB.
2018-11-13 00:03:12,321 31822  INFO  [6b61c9] Doing some complicated stuff.. Random numbers are: 819889126, 920708855, 1047068320.
2018-11-13 00:03:12,333 31834  INFO  [03723c] Finished processing user request with id = 03723c7e-1ecc-4ef5-9a96-f4ee607bdbb6 in 00:00:00.0419020.
2018-11-13 00:03:12,338 31839  INFO  [BackgroundDaemon] Processing data (18% completed)..
2018-11-13 00:03:12,365 31866  INFO  [75afe0] Started processing user request. Id = 75afe0ab-4d29-48f8-8240-6275d085cd7b. Size = 78.09 KB.
2018-11-13 00:03:12,365 31866  INFO  [6b61c9] Finished processing user request with id = 6b61c949-3182-4521-93b2-200ce74ba38a in 00:00:00.0606250.
2018-11-13 00:03:12,371 31872  INFO  [75afe0] Doing some complicated stuff.. Random numbers are: 599756444, 781294151, 1100408473.
2018-11-13 00:03:12,378 31879  INFO  [f09145] Started processing user request. Id = f0914535-97dd-4e63-8524-ab5a635a5a1b. Size = 38.53 KB.
2018-11-13 00:03:12,384 31885  INFO  [f09145] Doing some complicated stuff.. Random numbers are: 772298367, 402557831, 1909722355.
2018-11-13 00:03:12,400 31901  INFO  [f09145] Finished processing user request with id = f0914535-97dd-4e63-8524-ab5a635a5a1b in 00:00:00.0219713.
2018-11-13 00:03:12,413 31914  INFO  [a4ad2e] Started processing user request. Id = a4ad2e2c-cdc8-4724-bf38-691c0b0ebec3. Size = 13.19 KB.
2018-11-13 00:03:12,415 31916  INFO  [75afe0] Finished processing user request with id = 75afe0ab-4d29-48f8-8240-6275d085cd7b in 00:00:00.0501414.
2018-11-13 00:03:12,427 31928  INFO  [BackgroundDaemon] Processing data (31% completed)..
2018-11-13 00:03:12,429 31930  INFO  [2c517b] Started processing user request. Id = 2c517b2f-647c-48c8-a6e5-a8ff3d0c7766. Size = 33.46 KB.
2018-11-13 00:03:12,430 31931  INFO  [a4ad2e] Doing some complicated stuff.. Random numbers are: 1934774151, 599459172, 838086255.
2018-11-13 00:03:12,446 31947  INFO  [cb1e78] Started processing user request. Id = cb1e7898-1931-4d8b-a47e-76d08294639d. Size = 40.68 KB.
2018-11-13 00:03:12,449 31950  INFO  [2c517b] Doing some complicated stuff.. Random numbers are: 400805434, 1491984858, 409767322.
2018-11-13 00:03:12,452 31953  INFO  [a4ad2e] Here's some useful guids:
		15ad686c-7965-4e35-bd8d-0238aecb39e5
		b5fb467e-26f6-448f-964b-8e60d47b0d52
		e7600afc-fabf-44ab-a248-b707a752c87a
		ae436f2c-d3eb-48b4-b0cd-0fa3d8ae4bda
		1c7f5da1-8bdf-411f-976e-645c001913c1
2018-11-13 00:03:12,454 31955  INFO  [cb1e78] Doing some complicated stuff.. Random numbers are: 401816743, 731358493, 812676854.
2018-11-13 00:03:12,463 31964  ERROR [a4ad2e] 
System.InvalidOperationException: Oh no! An error occurred!
2018-11-13 00:03:12,476 31977  INFO  [5f94ce] Started processing user request. Id = 5f94ce03-4e3e-4325-83ac-b0013a85f712. Size = 48.24 KB.
2018-11-13 00:03:12,482 31983  INFO  [2c517b] Here's some useful guids:
		283bb54b-0e8e-47a3-b2da-f5eac0ca0c29
		6f1264a4-01a4-4d95-94a3-b3e92c71f2e6
2018-11-13 00:03:12,484 31986  INFO  [cb1e78] Here's some useful guids:
		6127807b-ac3b-4c8b-91dc-d5b51e434cf5
		e42b2aa9-1eea-4ea9-9d51-52221ce8a85d
		7b45ef1e-5544-4d26-a498-462c8f7ab0c2
		06d93478-3457-43cc-b165-97ed996c3b0f
		8e55d3a6-0ea2-4c1a-b452-7ee288ea8e99
2018-11-13 00:03:12,486 31988  INFO  [BackgroundDaemon] Processing data (96% completed)..
2018-11-13 00:03:12,486 31988  INFO  [BackgroundDaemon] Finished iteration in 00:00:00.2451322.
2018-11-13 00:03:12,487 31989  INFO  [5f94ce] Doing some complicated stuff.. Random numbers are: 1878922472, 563560567, 1876943249.
2018-11-13 00:03:12,506 32007  INFO  [2c517b] Finished processing user request with id = 2c517b2f-647c-48c8-a6e5-a8ff3d0c7766 in 00:00:00.0768860.
2018-11-13 00:03:12,511 32012  INFO  [cb1e78] Finished processing user request with id = cb1e7898-1931-4d8b-a47e-76d08294639d in 00:00:00.0648153.
2018-11-13 00:03:12,523 32024  INFO  [5f94ce] Finished processing user request with id = 5f94ce03-4e3e-4325-83ac-b0013a85f712 in 00:00:00.0473453.
2018-11-13 00:03:12,537 32038  INFO  [648f8f] Started processing user request. Id = 648f8fd1-a11c-4ccc-92af-df293704f332. Size = 78.7 KB.
2018-11-13 00:03:12,542 32043  INFO  [bb1298] Started processing user request. Id = bb1298a0-c80c-4a07-912a-05dddcad6d06. Size = 1.24 KB.
2018-11-13 00:03:12,542 32043  INFO  [bb1298] Doing some complicated stuff.. Random numbers are: 1057998733, 313197448, 1597272385.
2018-11-13 00:03:12,554 32055  INFO  [648f8f] Doing some complicated stuff.. Random numbers are: 201822855, 459593261, 693541166.
2018-11-13 00:03:12,558 32059  INFO  [bb1298] Here's some useful guids:
		1cea66cc-725b-402a-b415-62f394fa633f
		10c71cbf-b7e6-43c1-99b6-d5322aca8ff1
		445deee8-a028-4a9b-a926-33845670a4b3
		d2740c6b-d13f-4a3f-b391-f89877448b8c
		3118fee8-ac02-4892-83b7-6556c6c9aa3d
2018-11-13 00:03:12,573 32074  INFO  [648f8f] Here's some useful guids:
		35534064-65db-4290-82d7-8becf4edf6d2
		209cae75-32a7-42ec-993e-2ffdfb4d9ae7
		70f70c17-d7ca-4ca2-9257-274969aa5a02
2018-11-13 00:03:12,585 32086  INFO  [bb1298] Finished processing user request with id = bb1298a0-c80c-4a07-912a-05dddcad6d06 in 00:00:00.0424292.
2018-11-13 00:03:12,585 32086  INFO  [648f8f] Finished processing user request with id = 648f8fd1-a11c-4ccc-92af-df293704f332 in 00:00:00.0482851.
2018-11-13 00:03:12,598 32099  INFO  [f3a558] Started processing user request. Id = f3a55824-71b0-4308-a64a-d2b6897d772b. Size = 54.28 KB.
2018-11-13 00:03:12,601 32102  INFO  [f3a558] Doing some complicated stuff.. Random numbers are: 1351872759, 1070088297, 515224634.
2018-11-13 00:03:12,616 32117  INFO  [a99770] Started processing user request. Id = a997709a-9ac7-42a4-af1b-ebb7c2319945. Size = 36.14 KB.
2018-11-13 00:03:12,634 32135  INFO  [a99770] Doing some complicated stuff.. Random numbers are: 898006191, 229952456, 697245870.
2018-11-13 00:03:12,651 32152  INFO  [f3a558] Finished processing user request with id = f3a55824-71b0-4308-a64a-d2b6897d772b in 00:00:00.0534498.
2018-11-13 00:03:12,652 32153  INFO  [a99770] Finished processing user request with id = a997709a-9ac7-42a4-af1b-ebb7c2319945 in 00:00:00.0361168.
2018-11-13 00:03:12,665 32166  INFO  [610167] Started processing user request. Id = 610167aa-c89d-4f21-a7b3-f9a00489657a. Size = 41.79 KB.
2018-11-13 00:03:12,673 32174  INFO  [708496] Started processing user request. Id = 7084965a-31c0-4f90-a90c-87c2c980d02c. Size = 68.21 KB.
2018-11-13 00:03:12,681 32182  INFO  [708496] Doing some complicated stuff.. Random numbers are: 668065200, 799298998, 1672680903.
2018-11-13 00:03:12,681 32182  INFO  [708496] Here's some useful guids:
		a28d3862-23c2-4328-a7ca-0314487ce646
		561a90f2-dac4-462e-a863-71f57fe79978
		3a416e4d-372c-45bb-90fa-0d2e85170d9f
		0d7f7162-cb2d-437a-967f-f78680d53a7c
2018-11-13 00:03:12,682 32183  INFO  [610167] Doing some complicated stuff.. Random numbers are: 666254289, 1125558230, 740232189.
2018-11-13 00:03:12,684 32185  INFO  [fc38c3] Started processing user request. Id = fc38c325-c328-4543-a6cc-4f08bff72896. Size = 15.33 KB.
2018-11-13 00:03:12,687 32188  INFO  [BackgroundDaemon] Starting iteration #15516.
2018-11-13 00:03:12,687 32188  INFO  [708496] Finished processing user request with id = 7084965a-31c0-4f90-a90c-87c2c980d02c in 00:00:00.0136451.
2018-11-13 00:03:12,703 32204  INFO  [fc38c3] Doing some complicated stuff.. Random numbers are: 727257978, 868530306, 70965868.
2018-11-13 00:03:12,709 32210  INFO  [610167] Here's some useful guids:
		0705623a-5049-4fb0-bf4c-1145261a6842
		6e6d69c7-46cc-4026-bf1b-784412966b1c
		472bf3d1-4684-4988-85cc-bc931b983ad6
2018-11-13 00:03:12,724 32226  INFO  [610167] Finished processing user request with id = 610167aa-c89d-4f21-a7b3-f9a00489657a in 00:00:00.0592509.
2018-11-13 00:03:12,726 32228  INFO  [fc38c3] Here's some useful guids:
		4c6e3d15-eae7-4ad3-8422-967eff08769f
2018-11-13 00:03:12,738 32239  INFO  [76ac25] Started processing user request. Id = 76ac25ef-6790-4346-998b-32d9a3694f48. Size = 47.66 KB.
2018-11-13 00:03:12,740 32241  INFO  [76ac25] Doing some complicated stuff.. Random numbers are: 1934111329, 267506280, 167780653.
2018-11-13 00:03:12,746 32247  INFO  [fc38c3] Finished processing user request with id = fc38c325-c328-4543-a6cc-4f08bff72896 in 00:00:00.0616998.
2018-11-13 00:03:12,761 32262  INFO  [76ac25] Here's some useful guids:
		9c2c3b3f-fda1-4bbe-be5a-ea45d0ce0b19
2018-11-13 00:03:12,769 32270  INFO  [BackgroundDaemon] Processing data (5% completed)..
2018-11-13 00:03:12,776 32277  INFO  [Metrics] Cpu: 0.68%; Memory: 19.79 GB/31.88 GB; Workers: 4/1024; IOCP: 0/1024
2018-11-13 00:03:12,777 32278  INFO  [773acf] Started processing user request. Id = 773acffa-bc4a-4756-b942-ab110a224ea2. Size = 52.63 KB.
2018-11-13 00:03:12,780 32281  INFO  [76ac25] Finished processing user request with id = 76ac25ef-6790-4346-998b-32d9a3694f48 in 00:00:00.0427392.
2018-11-13 00:03:12,792 32293  INFO  [773acf] Doing some complicated stuff.. Random numbers are: 1187376714, 166175234, 570893382.
2018-11-13 00:03:12,793 32294  INFO  [b6aa3d] Started processing user request. Id = b6aa3dfe-64bd-4cff-bf61-1be79e4f2128. Size = 76.97 KB.
2018-11-13 00:03:12,795 32296  INFO  [b6aa3d] Doing some complicated stuff.. Random numbers are: 74049978, 1577778854, 945939164.
2018-11-13 00:03:12,841 32343  INFO  [773acf] Finished processing user request with id = 773acffa-bc4a-4756-b942-ab110a224ea2 in 00:00:00.0642044.
2018-11-13 00:03:12,841 32343  INFO  [BackgroundDaemon] Processing data (37% completed)..
2018-11-13 00:03:12,853 32355  INFO  [b6aa3d] Finished processing user request with id = b6aa3dfe-64bd-4cff-bf61-1be79e4f2128 in 00:00:00.0601878.
2018-11-13 00:03:12,855 32356  INFO  [2d0d92] Started processing user request. Id = 2d0d92f6-d959-4034-ab9b-abef63137604. Size = 78.57 KB.
2018-11-13 00:03:12,867 32368  INFO  [2d0d92] Doing some complicated stuff.. Random numbers are: 2120509281, 1164024210, 501660615.
2018-11-13 00:03:12,867 32368  INFO  [7bc25a] Started processing user request. Id = 7bc25a0a-9706-418a-8833-d30563502d10. Size = 62.32 KB.
2018-11-13 00:03:12,873 32374  INFO  [834234] Started processing user request. Id = 834234d7-b0e8-4c4f-80a2-a49ca28d9399. Size = 52.56 KB.
2018-11-13 00:03:12,881 32382  INFO  [7bc25a] Doing some complicated stuff.. Random numbers are: 121869331, 481525813, 227653839.
2018-11-13 00:03:12,892 32393  INFO  [834234] Doing some complicated stuff.. Random numbers are: 909750242, 1699432644, 27924092.
2018-11-13 00:03:12,899 32400  INFO  [BackgroundDaemon] Processing data (76% completed)..
2018-11-13 00:03:12,899 32400  INFO  [BackgroundDaemon] Finished iteration in 00:00:00.2122731.
2018-11-13 00:03:12,904 32405  INFO  [2d0d92] Finished processing user request with id = 2d0d92f6-d959-4034-ab9b-abef63137604 in 00:00:00.0496737.
2018-11-13 00:03:12,910 32411  INFO  [834234] Finished processing user request with id = 834234d7-b0e8-4c4f-80a2-a49ca28d9399 in 00:00:00.0370279.
2018-11-13 00:03:12,918 32419  INFO  [7bc25a] Finished processing user request with id = 7bc25a0a-9706-418a-8833-d30563502d10 in 00:00:00.0510924.
2018-11-13 00:03:12,931 32432  INFO  [d0ccb1] Started processing user request. Id = d0ccb184-db12-4fe6-aa49-a7321e55a340. Size = 73.54 KB.
2018-11-13 00:03:12,942 32443  INFO  [aa4f64] Started processing user request. Id = aa4f6478-0b85-4f54-8230-69765a447cda. Size = 7.85 KB.
2018-11-13 00:03:12,942 32443  INFO  [aa4f64] Doing some complicated stuff.. Random numbers are: 233936715, 466126525, 171042521.
2018-11-13 00:03:12,942 32443  INFO  [d0ccb1] Doing some complicated stuff.. Random numbers are: 661596776, 1981101271, 1695068676.
2018-11-13 00:03:12,974 32475  INFO  [d0ccb1] Finished processing user request with id = d0ccb184-db12-4fe6-aa49-a7321e55a340 in 00:00:00.0430219.
2018-11-13 00:03:12,988 32489  INFO  [aa4f64] Finished processing user request with id = aa4f6478-0b85-4f54-8230-69765a447cda in 00:00:00.0460406.
2018-11-13 00:03:12,988 32489  INFO  [220570] Started processing user request. Id = 220570a3-efe0-43d1-9f5d-b6fb2a519029. Size = 708 B.
2018-11-13 00:03:12,999 32500  INFO  [220570] Doing some complicated stuff.. Random numbers are: 2049696822, 1912751044, 1153688911.
2018-11-13 00:03:13,007 32508  INFO  [220570] Here's some useful guids:
		c4a0af0c-80b3-488d-abe1-1479ed7e6e40
2018-11-13 00:03:13,017 32518  INFO  [220570] Finished processing user request with id = 220570a3-efe0-43d1-9f5d-b6fb2a519029 in 00:00:00.0290295.
2018-11-13 00:03:13,019 32520  INFO  [5b2d84] Started processing user request. Id = 5b2d841d-f363-4f92-b87d-a32371c3383d. Size = 60.89 KB.
2018-11-13 00:03:13,029 32530  INFO  [5b2d84] Doing some complicated stuff.. Random numbers are: 1198466061, 1102429959, 812665292.
2018-11-13 00:03:13,030 32531  INFO  [5d7af3] Started processing user request. Id = 5d7af394-a79e-4e66-86c3-ea5a57794ea9. Size = 56.49 KB.
2018-11-13 00:03:13,032 32533  INFO  [5d7af3] Doing some complicated stuff.. Random numbers are: 1159585257, 1883582457, 328277025.
2018-11-13 00:03:13,047 32548  INFO  [5b2d84] Here's some useful guids:
		73bea2bc-e9d5-4f8c-b885-4bbf2fc871ae
		8f3d2483-36b5-49d7-b6af-f74da0f4fe06
2018-11-13 00:03:13,062 32564  INFO  [5d7af3] Finished processing user request with id = 5d7af394-a79e-4e66-86c3-ea5a57794ea9 in 00:00:00.0321397.
2018-11-13 00:03:13,071 32572  INFO  [5b2d84] Finished processing user request with id = 5b2d841d-f363-4f92-b87d-a32371c3383d in 00:00:00.0518947.
2018-11-13 00:03:13,072 32573  INFO  [d4915a] Started processing user request. Id = d4915a05-b720-461c-bb5c-c44da4abfe49. Size = 53.21 KB.
2018-11-13 00:03:13,076 32577  INFO  [cb8c35] Started processing user request. Id = cb8c35bb-5948-4f1e-87a7-d32b5509189d. Size = 81.49 KB.
2018-11-13 00:03:13,092 32593  INFO  [d4915a] Doing some complicated stuff.. Random numbers are: 330033160, 207805819, 312109938.
2018-11-13 00:03:13,092 32593  INFO  [cb8c35] Doing some complicated stuff.. Random numbers are: 1207178176, 619632116, 112033908.
2018-11-13 00:03:13,100 32601  INFO  [BackgroundDaemon] Starting iteration #15517.
2018-11-13 00:03:13,103 32604  INFO  [7dc77d] Started processing user request. Id = 7dc77de2-5e7d-462c-9b29-cf17c9ea06cc. Size = 83.01 KB.
2018-11-13 00:03:13,106 32607  INFO  [7dc77d] Doing some complicated stuff.. Random numbers are: 237015056, 1606023440, 2075574700.
2018-11-13 00:03:13,124 32625  INFO  [d4915a] Finished processing user request with id = d4915a05-b720-461c-bb5c-c44da4abfe49 in 00:00:00.0520364.
2018-11-13 00:03:13,129 32630  INFO  [7dc77d] Finished processing user request with id = 7dc77de2-5e7d-462c-9b29-cf17c9ea06cc in 00:00:00.0265093.
2018-11-13 00:03:13,131 32632  INFO  [cb8c35] Here's some useful guids:
		72e3fb1a-2553-40a4-a826-2fb20e75406e
2018-11-13 00:03:13,140 32641  INFO  [cb8c35] Finished processing user request with id = cb8c35bb-5948-4f1e-87a7-d32b5509189d in 00:00:00.0635763.
2018-11-13 00:03:13,153 32654  INFO  [08e7a7] Started processing user request. Id = 08e7a7f8-7315-4073-afc8-c192c2eb08be. Size = 28.85 KB.
2018-11-13 00:03:13,161 32662  INFO  [52375f] Started processing user request. Id = 52375f48-7017-423a-9d20-427df8d90c92. Size = 18.78 KB.
2018-11-13 00:03:13,164 32665  INFO  [08e7a7] Doing some complicated stuff.. Random numbers are: 1796458260, 2087396867, 327016450.
2018-11-13 00:03:13,168 32669  INFO  [52375f] Doing some complicated stuff.. Random numbers are: 724973634, 168510492, 207083578.
2018-11-13 00:03:13,180 32681  INFO  [BackgroundDaemon] Processing data (16% completed)..
2018-11-13 00:03:13,196 32697  INFO  [52375f] Finished processing user request with id = 52375f48-7017-423a-9d20-427df8d90c92 in 00:00:00.0346215.
2018-11-13 00:03:13,196 32697  INFO  [08e7a7] Here's some useful guids:
		2293a862-465b-4c98-8811-f6677758e855
2018-11-13 00:03:13,208 32709  INFO  [BackgroundDaemon] Processing data (22% completed)..
2018-11-13 00:03:13,219 32720  INFO  [08e7a7] Finished processing user request with id = 08e7a7f8-7315-4073-afc8-c192c2eb08be in 00:00:00.0654372.
2018-11-13 00:03:13,227 32728  INFO  [8eb87e] Started processing user request. Id = 8eb87e42-938e-4da1-985a-748d8ab37ab8. Size = 31.32 KB.
2018-11-13 00:03:13,232 32733  INFO  [e6cd22] Started processing user request. Id = e6cd228a-2f61-4f94-9442-0a09e355adb4. Size = 85.96 KB.
2018-11-13 00:03:13,240 32741  INFO  [8eb87e] Doing some complicated stuff.. Random numbers are: 1659508069, 753582309, 1653783087.
2018-11-13 00:03:13,249 32750  INFO  [e6cd22] Doing some complicated stuff.. Random numbers are: 16324337, 472242946, 2086731271.
2018-11-13 00:03:13,261 32762  INFO  [BackgroundDaemon] Processing data (60% completed)..
2018-11-13 00:03:13,261 32762  INFO  [BackgroundDaemon] Finished iteration in 00:00:00.1614718.
2018-11-13 00:03:13,276 32777  INFO  [Metrics] Cpu: 0.48%; Memory: 19.79 GB/31.88 GB; Workers: 4/1024; IOCP: 0/1024
2018-11-13 00:03:13,279 32780  INFO  [8eb87e] Finished processing user request with id = 8eb87e42-938e-4da1-985a-748d8ab37ab8 in 00:00:00.0519845.
2018-11-13 00:03:13,286 32787  INFO  [e6cd22] Here's some useful guids:
		92cf65b2-eb2c-4df4-8116-23a1fa741003
		da8d9744-1290-45b5-9210-8c15645316fd
2018-11-13 00:03:13,292 32793  INFO  [e7b761] Started processing user request. Id = e7b761d7-eb12-4761-b76d-01a3dd487e95. Size = 11.06 KB.
2018-11-13 00:03:13,306 32807  INFO  [e6cd22] Finished processing user request with id = e6cd228a-2f61-4f94-9442-0a09e355adb4 in 00:00:00.0740523.
2018-11-13 00:03:13,308 32809  INFO  [e7b761] Doing some complicated stuff.. Random numbers are: 1891694957, 1499611411, 1279432197.
2018-11-13 00:03:13,310 32811  INFO  [8dd734] Started processing user request. Id = 8dd7347b-ed8c-4c88-bec6-e5e022e9069d. Size = 2.17 KB.
2018-11-13 00:03:13,320 32821  INFO  [551da9] Started processing user request. Id = 551da993-ccf1-4a65-9a4c-ce0f970b7378. Size = 41.24 KB.
2018-11-13 00:03:13,323 32824  INFO  [8dd734] Doing some complicated stuff.. Random numbers are: 2095887451, 1629048489, 1405846878.
2018-11-13 00:03:13,335 32836  INFO  [8dd734] Here's some useful guids:
		101c6b07-bbcf-4e72-8e3a-19c520553871
		93ffca41-2510-4db0-aeb9-a2ca651abe46
		9759fb14-f8d3-4935-8eb4-93dcaba49899
		28d042be-aa35-465d-9fba-26acfc876de3
2018-11-13 00:03:13,339 32840  INFO  [551da9] Doing some complicated stuff.. Random numbers are: 207682144, 1007834807, 1370523128.
2018-11-13 00:03:13,343 32844  INFO  [e7b761] Here's some useful guids:
		525a2376-56f6-4884-a94e-b0684ca9f061
		ce04eb2d-fe8e-42c7-9419-09c27c9e329f
		45fe993b-b9aa-45d1-b459-6131de103146
		77d6c821-bafe-42e1-a456-20eea35123ad
		5704c372-de56-43df-a523-1379395139db
2018-11-13 00:03:13,356 32857  INFO  [e7b761] Finished processing user request with id = e7b761d7-eb12-4761-b76d-01a3dd487e95 in 00:00:00.0639235.
2018-11-13 00:03:13,361 32862  ERROR [8dd734] 
System.InvalidOperationException: Oh no! An error occurred!
2018-11-13 00:03:13,374 32875  INFO  [551da9] Here's some useful guids:
		58f9b8c5-4a9b-4a66-ba0f-219ce8048eb8
		56824313-f2bd-4335-b98e-4e1a7db38992
2018-11-13 00:03:13,392 32893  INFO  [842419] Started processing user request. Id = 842419de-93b7-431b-8c5e-4fe7543b80c7. Size = 26.3 KB.
2018-11-13 00:03:13,395 32896  INFO  [842419] Doing some complicated stuff.. Random numbers are: 1712508409, 760852703, 1296208793.
2018-11-13 00:03:13,401 32902  ERROR [551da9] 
System.InvalidOperationException: Oh no! An error occurred!
2018-11-13 00:03:13,415 32916  INFO  [ca9bc0] Started processing user request. Id = ca9bc064-38ef-4b68-8f11-8f4dd44c0825. Size = 24.16 KB.
2018-11-13 00:03:13,417 32918  INFO  [ca9bc0] Doing some complicated stuff.. Random numbers are: 130617842, 508319441, 104207777.
2018-11-13 00:03:13,430 32931  INFO  [ca9bc0] Finished processing user request with id = ca9bc064-38ef-4b68-8f11-8f4dd44c0825 in 00:00:00.0150029.
2018-11-13 00:03:13,435 32936  INFO  [842419] Here's some useful guids:
		26430310-9736-4ba9-908a-bf5ef24d96e4
		c4ea94e6-ff68-471b-a062-07d25502f954
2018-11-13 00:03:13,444 32945  INFO  [842419] Finished processing user request with id = 842419de-93b7-431b-8c5e-4fe7543b80c7 in 00:00:00.0517185.
2018-11-13 00:03:13,444 32945  INFO  [d61afd] Started processing user request. Id = d61afd1e-0772-4d6c-9cfe-db1f82c23356. Size = 8.06 KB.
2018-11-13 00:03:13,460 32961  INFO  [d61afd] Doing some complicated stuff.. Random numbers are: 830640324, 296910537, 449089925.
2018-11-13 00:03:13,462 32963  INFO  [BackgroundDaemon] Starting iteration #15518.
2018-11-13 00:03:13,475 32976  INFO  [209123] Started processing user request. Id = 209123c5-ec42-4c1f-957c-ffc20635ed37. Size = 45.31 KB.
2018-11-13 00:03:13,481 32982  INFO  [209123] Doing some complicated stuff.. Random numbers are: 973710220, 1766147268, 718065690.
2018-11-13 00:03:13,483 32984  INFO  [209123] Here's some useful guids:
		836ff444-df23-47f8-bc31-d374373a0aff
2018-11-13 00:03:13,498 32999  INFO  [209123] Finished processing user request with id = 209123c5-ec42-4c1f-957c-ffc20635ed37 in 00:00:00.0229757.
2018-11-13 00:03:13,506 33007  INFO  [d61afd] Finished processing user request with id = d61afd1e-0772-4d6c-9cfe-db1f82c23356 in 00:00:00.0623640.
2018-11-13 00:03:13,519 33020  INFO  [c66cc9] Started processing user request. Id = c66cc957-19d1-44e0-a6e4-24d7b92900cc. Size = 31.09 KB.
2018-11-13 00:03:13,522 33023  INFO  [c66cc9] Doing some complicated stuff.. Random numbers are: 1476687992, 175646337, 952726469.
2018-11-13 00:03:13,524 33025  INFO  [f19d7a] Started processing user request. Id = f19d7af2-eadd-404b-98b7-896a4340b12d. Size = 54.02 KB.
2018-11-13 00:03:13,526 33027  INFO  [c66cc9] Here's some useful guids:
		0d225828-9941-4ac5-922b-6fd16eb11a4e
		6c6c3465-b457-4bf8-b9cd-aaf9ca93b172
2018-11-13 00:03:13,530 33031  INFO  [36ec0b] Started processing user request. Id = 36ec0b4a-fa23-4c18-a820-df526371a5af. Size = 77.3 KB.
2018-11-13 00:03:13,533 33034  INFO  [f19d7a] Doing some complicated stuff.. Random numbers are: 1843817061, 715531420, 1549828275.
2018-11-13 00:03:13,540 33041  INFO  [BackgroundDaemon] Processing data (19% completed)..
2018-11-13 00:03:13,541 33042  INFO  [c66cc9] Finished processing user request with id = c66cc957-19d1-44e0-a6e4-24d7b92900cc in 00:00:00.0218297.
2018-11-13 00:03:13,544 33045  INFO  [f19d7a] Here's some useful guids:
		132cf54e-e22b-4fbb-b907-3df2a94c1d41
		cce953d5-2cb8-4cc0-9b84-3bb99e04a054
		f26b9832-3a87-4fbc-b79f-bd6c5a4b6c90
		3476587d-4d7e-4ff4-b770-579b36e7dcf9
2018-11-13 00:03:13,544 33045  INFO  [f19d7a] Finished processing user request with id = f19d7af2-eadd-404b-98b7-896a4340b12d in 00:00:00.0202151.
2018-11-13 00:03:13,546 33047  INFO  [36ec0b] Doing some complicated stuff.. Random numbers are: 264474832, 1824836853, 1510135718.
2018-11-13 00:03:13,554 33055  INFO  [e61bba] Started processing user request. Id = e61bbacb-75d3-4473-8d8f-fb4948471aba. Size = 32.76 KB.
2018-11-13 00:03:13,560 33061  INFO  [e61bba] Doing some complicated stuff.. Random numbers are: 751675567, 102598916, 458000915.
2018-11-13 00:03:13,581 33082  INFO  [36ec0b] Finished processing user request with id = 36ec0b4a-fa23-4c18-a820-df526371a5af in 00:00:00.0506164.
2018-11-13 00:03:13,607 33109  INFO  [BackgroundDaemon] Processing data (24% completed)..
2018-11-13 00:03:13,612 33113  INFO  [75fbf1] Started processing user request. Id = 75fbf166-b6b3-4a80-98c9-3e01b6b94f43. Size = 5.54 KB.
2018-11-13 00:03:13,616 33118  INFO  [e61bba] Finished processing user request with id = e61bbacb-75d3-4473-8d8f-fb4948471aba in 00:00:00.0621467.
2018-11-13 00:03:13,630 33131  INFO  [75fbf1] Doing some complicated stuff.. Random numbers are: 968319526, 793298233, 2051589488.
2018-11-13 00:03:13,630 33131  INFO  [8ecc60] Started processing user request. Id = 8ecc60f9-8b72-4cd5-82dc-ff97e4bcfd5c. Size = 75.66 KB.
2018-11-13 00:03:13,634 33135  INFO  [8ecc60] Doing some complicated stuff.. Random numbers are: 1578167934, 380381310, 380861067.
2018-11-13 00:03:13,659 33160  INFO  [75fbf1] Finished processing user request with id = 75fbf166-b6b3-4a80-98c9-3e01b6b94f43 in 00:00:00.0473505.
2018-11-13 00:03:13,661 33163  INFO  [BackgroundDaemon] Processing data (95% completed)..
2018-11-13 00:03:13,661 33163  INFO  [BackgroundDaemon] Finished iteration in 00:00:00.1995009.
2018-11-13 00:03:13,676 33177  INFO  [8ecc60] Finished processing user request with id = 8ecc60f9-8b72-4cd5-82dc-ff97e4bcfd5c in 00:00:00.0459687.
2018-11-13 00:03:13,689 33190  INFO  [10bc94] Started processing user request. Id = 10bc9485-7053-4e56-90c7-b7b163f547c0. Size = 75.42 KB.
2018-11-13 00:03:13,690 33191  INFO  [4e4190] Started processing user request. Id = 4e419065-3c8a-4ca3-b7c8-564beb040371. Size = 16.6 KB.
2018-11-13 00:03:13,698 33200  INFO  [4e4190] Doing some complicated stuff.. Random numbers are: 1000094368, 2092417338, 1446342978.
2018-11-13 00:03:13,707 33208  INFO  [10bc94] Doing some complicated stuff.. Random numbers are: 1967746941, 1506292074, 152007133.
2018-11-13 00:03:13,712 33213  INFO  [1d9caa] Started processing user request. Id = 1d9caae9-06b2-4e0c-aa2d-141161a34a8d. Size = 45.26 KB.
2018-11-13 00:03:13,717 33218  INFO  [4e4190] Here's some useful guids:
		527d1fd3-99bb-4f08-99e7-b43672654a83
		0435e5dd-0452-4ee8-8587-a719e5b6cd07
		193eaec3-3464-46d7-aaa6-305e8ea1188c
		2f36d82f-0fce-4a3e-be00-b165b2a193ff
2018-11-13 00:03:13,721 33222  INFO  [4e4190] Finished processing user request with id = 4e419065-3c8a-4ca3-b7c8-564beb040371 in 00:00:00.0302099.
2018-11-13 00:03:13,726 33227  INFO  [1d9caa] Doing some complicated stuff.. Random numbers are: 139895990, 1970920978, 114354631.
2018-11-13 00:03:13,734 33235  INFO  [10bc94] Finished processing user request with id = 10bc9485-7053-4e56-90c7-b7b163f547c0 in 00:00:00.0449409.
2018-11-13 00:03:13,736 33237  INFO  [1d9caa] Here's some useful guids:
		041b5691-c1d2-47f6-860d-dfbf99f4e87f
		77c0abee-7df5-4191-bfa2-3e1473d6dd7d
		8e01fbc9-ef03-4b79-8661-1049b4f4cc59
2018-11-13 00:03:13,747 33248  INFO  [1d9caa] Finished processing user request with id = 1d9caae9-06b2-4e0c-aa2d-141161a34a8d in 00:00:00.0342115.
2018-11-13 00:03:13,748 33249  INFO  [4a9da3] Started processing user request. Id = 4a9da3c7-4221-45b6-ae52-d57c09b3e36c. Size = 16.13 KB.
2018-11-13 00:03:13,752 33253  INFO  [6f55f1] Started processing user request. Id = 6f55f116-b4d0-4295-950e-162f3e86a5ce. Size = 41.63 KB.
2018-11-13 00:03:13,760 33261  INFO  [4a9da3] Doing some complicated stuff.. Random numbers are: 2031785031, 1707590145, 1420058094.
2018-11-13 00:03:13,764 33265  INFO  [6f55f1] Doing some complicated stuff.. Random numbers are: 398993199, 207816394, 323462604.
2018-11-13 00:03:13,775 33277  INFO  [Metrics] Cpu: 0.48%; Memory: 19.79 GB/31.88 GB; Workers: 4/1024; IOCP: 0/1024
2018-11-13 00:03:13,782 33283  INFO  [6f55f1] Here's some useful guids:
		36aa1c2a-2bcb-4879-bc1e-d55bb15fa93d
		98b137ff-3ca4-4e34-9084-922d2b43611f
		0e2cc34a-6439-4f7b-bc96-3ca41ba6fbaa
2018-11-13 00:03:13,782 33283  ERROR [6f55f1] 
System.InvalidOperationException: Oh no! An error occurred!
2018-11-13 00:03:13,790 33291  INFO  [4a9da3] Here's some useful guids:
		0fcfb5f0-2d49-4166-a8ee-eb7349ffda38
		c4de2ffa-1a59-4159-864e-2cec9f897ec0
		ae1f8a76-960e-4710-9880-5e8cb63ec0e1
		38fe480f-ee13-424e-a839-6af596c4dd10
2018-11-13 00:03:13,792 33294  INFO  [4a9da3] Finished processing user request with id = 4a9da3c7-4221-45b6-ae52-d57c09b3e36c in 00:00:00.0449359.
2018-11-13 00:03:13,806 33307  INFO  [ee042d] Started processing user request. Id = ee042d20-4dc9-4788-9814-73888079ea8b. Size = 77.97 KB.
2018-11-13 00:03:13,809 33310  INFO  [ee042d] Doing some complicated stuff.. Random numbers are: 661459882, 660703110, 1624771742.
2018-11-13 00:03:13,814 33315  INFO  [ee042d] Here's some useful guids:
		51cff19c-5a41-4507-a1a8-c62e2e378586
2018-11-13 00:03:13,814 33315  INFO  [d27464] Started processing user request. Id = d274640b-f859-492b-836f-38f23007e102. Size = 63.9 KB.
2018-11-13 00:03:13,814 33315  INFO  [d27464] Doing some complicated stuff.. Random numbers are: 509582923, 1871831985, 1454589727.
2018-11-13 00:03:13,823 33324  INFO  [d27464] Here's some useful guids:
		a41b09ad-97f7-41c9-9033-a5ebd90ee269
2018-11-13 00:03:13,831 33332  ERROR [ee042d] 
System.InvalidOperationException: Oh no! An error occurred!
2018-11-13 00:03:13,844 33345  INFO  [a26cb0] Started processing user request. Id = a26cb040-01d1-4100-a57f-1483753d7b0c. Size = 50.08 KB.
2018-11-13 00:03:13,849 33351  INFO  [a26cb0] Doing some complicated stuff.. Random numbers are: 1864047191, 1721698473, 876572502.
2018-11-13 00:03:13,850 33352  INFO  [d27464] Finished processing user request with id = d274640b-f859-492b-836f-38f23007e102 in 00:00:00.0364443.
2018-11-13 00:03:13,862 33364  INFO  [BackgroundDaemon] Starting iteration #15519.
2018-11-13 00:03:13,882 33383  INFO  [b61b02] Started processing user request. Id = b61b02c9-96c3-44cb-8f4f-bea1e1177a6d. Size = 45.66 KB.
2018-11-13 00:03:13,888 33389  INFO  [a26cb0] Finished processing user request with id = a26cb040-01d1-4100-a57f-1483753d7b0c in 00:00:00.0438788.
2018-11-13 00:03:13,898 33399  INFO  [b61b02] Doing some complicated stuff.. Random numbers are: 1111244200, 1630585124, 1875491651.
2018-11-13 00:03:13,902 33403  INFO  [be0c82] Started processing user request. Id = be0c822e-334b-4a07-889d-1e9f07229512. Size = 21.95 KB.
2018-11-13 00:03:13,907 33408  INFO  [be0c82] Doing some complicated stuff.. Random numbers are: 218523418, 959973424, 1296642508.
2018-11-13 00:03:13,914 33415  INFO  [ccfc5a] Started processing user request. Id = ccfc5ac5-df73-48ab-8a75-6592a2889016. Size = 88.57 KB.
2018-11-13 00:03:13,914 33415  INFO  [ccfc5a] Doing some complicated stuff.. Random numbers are: 1157235048, 1832066376, 1388230169.
2018-11-13 00:03:13,921 33422  INFO  [BackgroundDaemon] Processing data (16% completed)..
2018-11-13 00:03:13,929 33430  INFO  [b61b02] Finished processing user request with id = b61b02c9-96c3-44cb-8f4f-bea1e1177a6d in 00:00:00.0468711.
2018-11-13 00:03:13,930 33431  INFO  [ccfc5a] Here's some useful guids:
		cd656286-fe05-4efd-b451-de4399510820
2018-11-13 00:03:13,930 33431  INFO  [ccfc5a] Finished processing user request with id = ccfc5ac5-df73-48ab-8a75-6592a2889016 in 00:00:00.0159943.
2018-11-13 00:03:13,936 33437  INFO  [be0c82] Here's some useful guids:
		c930fcaf-ea0a-4e68-9a16-b8fb5084aba0
		9464e535-eb60-49b4-afd1-05a21a19d5bb
		3e3012f5-ec7e-4b20-9fec-154c354186aa
		0f0eab85-a32b-444b-9e22-c57f9e20fa0a
		c66a5c14-9547-4823-8285-7fb4bab16d00
2018-11-13 00:03:13,947 33449  INFO  [BackgroundDaemon] Processing data (33% completed)..
2018-11-13 00:03:13,961 33462  INFO  [e2a312] Started processing user request. Id = e2a3126b-12bb-4f60-afd7-8a40c86c05bc. Size = 64.87 KB.
2018-11-13 00:03:13,966 33467  INFO  [be0c82] Finished processing user request with id = be0c822e-334b-4a07-889d-1e9f07229512 in 00:00:00.0639994.
2018-11-13 00:03:13,975 33476  INFO  [e2a312] Doing some complicated stuff.. Random numbers are: 2084514005, 915081656, 1295046563.
2018-11-13 00:03:13,975 33476  INFO  [e2a312] Here's some useful guids:
		52dfabf2-c709-4469-b810-28ada81f3883
		c2d60221-3d8d-47e0-ad7c-3841f8c26f7b
		0a4cfce1-f709-40e3-bdb6-68effb14fae3
		e1a36679-4652-43e3-a72c-033498afa630
		ef369b39-3d8f-47e9-9d16-21da2fe3b0a9
2018-11-13 00:03:13,980 33481  INFO  [e4da39] Started processing user request. Id = e4da39ec-3c06-4f21-91fa-80493d413eb0. Size = 96.42 KB.
2018-11-13 00:03:13,983 33484  INFO  [BackgroundDaemon] Processing data (99% completed)..
2018-11-13 00:03:13,983 33484  INFO  [BackgroundDaemon] Finished iteration in 00:00:00.1201387.
2018-11-13 00:03:13,997 33498  INFO  [e4da39] Doing some complicated stuff.. Random numbers are: 858028960, 1564194900, 1811370979.
2018-11-13 00:03:14,001 33502  INFO  [e2a312] Finished processing user request with id = e2a3126b-12bb-4f60-afd7-8a40c86c05bc in 00:00:00.0401410.
2018-11-13 00:03:14,030 33531  INFO  [e4da39] Finished processing user request with id = e4da39ec-3c06-4f21-91fa-80493d413eb0 in 00:00:00.0501801.
2018-11-13 00:03:14,032 33533  INFO  [47e147] Started processing user request. Id = 47e147de-731b-4d82-b334-c90b465f7b93. Size = 88.06 KB.
2018-11-13 00:03:14,044 33545  INFO  [c516f9] Started processing user request. Id = c516f9c0-9b94-4ed8-a193-28c1ce6fde33. Size = 15.67 KB.
2018-11-13 00:03:14,047 33549  INFO  [47e147] Doing some complicated stuff.. Random numbers are: 1891264710, 1152585620, 1232716217.
2018-11-13 00:03:14,056 33557  INFO  [c516f9] Doing some complicated stuff.. Random numbers are: 117362523, 2001087733, 781858940.
2018-11-13 00:03:14,074 33576  INFO  [47e147] Here's some useful guids:
		de9a4198-f0f5-4b91-9522-d498558eea3c
2018-11-13 00:03:14,092 33593  INFO  [47e147] Finished processing user request with id = 47e147de-731b-4d82-b334-c90b465f7b93 in 00:00:00.0602758.
2018-11-13 00:03:14,098 33599  INFO  [0a3efc] Started processing user request. Id = 0a3efc2e-46bb-406a-b979-5c6e2d64580a. Size = 23.78 KB.
2018-11-13 00:03:14,105 33606  INFO  [0a3efc] Doing some complicated stuff.. Random numbers are: 105896903, 166354999, 6005883.
2018-11-13 00:03:14,115 33616  INFO  [c516f9] Finished processing user request with id = c516f9c0-9b94-4ed8-a193-28c1ce6fde33 in 00:00:00.0707260.
2018-11-13 00:03:14,123 33624  INFO  [4a9efc] Started processing user request. Id = 4a9efc26-04e1-4305-8e75-0fe81eaf8726. Size = 43.88 KB.
2018-11-13 00:03:14,123 33624  INFO  [4a9efc] Doing some complicated stuff.. Random numbers are: 209303117, 1744487559, 1396796903.
2018-11-13 00:03:14,128 33629  INFO  [285993] Started processing user request. Id = 28599364-de96-4fa9-ad17-7db8c871ba21. Size = 14.17 KB.
2018-11-13 00:03:14,136 33637  INFO  [285993] Doing some complicated stuff.. Random numbers are: 91241925, 334361045, 1977484504.
2018-11-13 00:03:14,153 33654  INFO  [4a9efc] Finished processing user request with id = 4a9efc26-04e1-4305-8e75-0fe81eaf8726 in 00:00:00.0300732.
2018-11-13 00:03:14,154 33655  INFO  [0a3efc] Finished processing user request with id = 0a3efc2e-46bb-406a-b979-5c6e2d64580a in 00:00:00.0565204.
2018-11-13 00:03:14,156 33657  INFO  [285993] Finished processing user request with id = 28599364-de96-4fa9-ad17-7db8c871ba21 in 00:00:00.0281597.
2018-11-13 00:03:14,169 33670  INFO  [93ef40] Started processing user request. Id = 93ef4017-757a-48e6-b72f-58ee52212e1a. Size = 71.3 KB.
2018-11-13 00:03:14,183 33684  INFO  [BackgroundDaemon] Starting iteration #15520.
2018-11-13 00:03:14,184 33685  INFO  [93ef40] Doing some complicated stuff.. Random numbers are: 1225223476, 1279843652, 467224598.
2018-11-13 00:03:14,185 33686  INFO  [51c237] Started processing user request. Id = 51c237c2-60f9-492c-9ab9-a87192c0152f. Size = 21.93 KB.
2018-11-13 00:03:14,185 33686  INFO  [51c237] Doing some complicated stuff.. Random numbers are: 1193166969, 791773662, 769944349.
2018-11-13 00:03:14,200 33701  INFO  [51c237] Here's some useful guids:
		8e18e668-da94-4ca8-9791-66424d866316
		a8a4be24-069a-4735-b5f7-784294e61272
		d7295670-001e-4105-967b-f9184cb61489
		fbf4034d-8599-4d00-ac05-08cc461fd6f9
2018-11-13 00:03:14,204 33705  INFO  [93ef40] Finished processing user request with id = 93ef4017-757a-48e6-b72f-58ee52212e1a in 00:00:00.0346869.
2018-11-13 00:03:14,218 33719  INFO  [2f132f] Started processing user request. Id = 2f132f95-62af-4e9d-b086-072a10d8ac12. Size = 10.87 KB.
2018-11-13 00:03:14,219 33720  INFO  [51c237] Finished processing user request with id = 51c237c2-60f9-492c-9ab9-a87192c0152f in 00:00:00.0336626.
2018-11-13 00:03:14,228 33729  INFO  [2f132f] Doing some complicated stuff.. Random numbers are: 52676212, 608216044, 1177571470.
2018-11-13 00:03:14,234 33735  INFO  [2f132f] Here's some useful guids:
		2080ef71-0fcd-412c-9179-e9b00b9c8540
		42036a4a-8ec1-4a89-8e2d-56eecf128896
2018-11-13 00:03:14,236 33737  INFO  [2f132f] Finished processing user request with id = 2f132f95-62af-4e9d-b086-072a10d8ac12 in 00:00:00.0181726.
2018-11-13 00:03:14,238 33739  INFO  [BackgroundDaemon] Processing data (11% completed)..
2018-11-13 00:03:14,249 33750  INFO  [a16af6] Started processing user request. Id = a16af67e-f1ad-4990-ac90-0c8745b6a4ec. Size = 30.97 KB.
2018-11-13 00:03:14,250 33751  INFO  [a32479] Started processing user request. Id = a3247972-de1c-4314-a61f-14f40dc07623. Size = 84.71 KB.
2018-11-13 00:03:14,263 33764  INFO  [a32479] Doing some complicated stuff.. Random numbers are: 763999481, 1287565131, 1525689682.
2018-11-13 00:03:14,264 33765  INFO  [a16af6] Doing some complicated stuff.. Random numbers are: 1373716399, 1906177639, 1788782188.
2018-11-13 00:03:14,274 33776  INFO  [Metrics] Cpu: 1.01%; Memory: 19.79 GB/31.88 GB; Workers: 4/1024; IOCP: 0/1024
2018-11-13 00:03:14,280 33781  INFO  [a32479] Finished processing user request with id = a3247972-de1c-4314-a61f-14f40dc07623 in 00:00:00.0302248.
2018-11-13 00:03:14,297 33798  INFO  [a16af6] Finished processing user request with id = a16af67e-f1ad-4990-ac90-0c8745b6a4ec in 00:00:00.0481584.
2018-11-13 00:03:14,305 33806  INFO  [BackgroundDaemon] Processing data (37% completed)..
2018-11-13 00:03:14,311 33812  INFO  [be10a6] Started processing user request. Id = be10a6fe-4510-49ea-96b0-df278399c480. Size = 81.14 KB.
2018-11-13 00:03:14,312 33813  INFO  [6ed47f] Started processing user request. Id = 6ed47fce-e5d3-4c32-a16b-02128ed1ff07. Size = 92.59 KB.
2018-11-13 00:03:14,314 33815  INFO  [6ed47f] Doing some complicated stuff.. Random numbers are: 1574401877, 38975444, 692456618.
2018-11-13 00:03:14,322 33823  INFO  [83dce3] Started processing user request. Id = 83dce3a1-88a0-4977-8925-57088861658b. Size = 81.73 KB.
2018-11-13 00:03:14,328 33829  INFO  [be10a6] Doing some complicated stuff.. Random numbers are: 545778518, 1844338582, 770266806.
2018-11-13 00:03:14,335 33836  INFO  [83dce3] Doing some complicated stuff.. Random numbers are: 1615277207, 1605420545, 1797253417.
2018-11-13 00:03:14,338 33839  INFO  [BackgroundDaemon] Processing data (50% completed)..
2018-11-13 00:03:14,338 33839  INFO  [BackgroundDaemon] Finished iteration in 00:00:00.1552283.
2018-11-13 00:03:14,353 33855  INFO  [6ed47f] Finished processing user request with id = 6ed47fce-e5d3-4c32-a16b-02128ed1ff07 in 00:00:00.0416122.
2018-11-13 00:03:14,361 33862  INFO  [be10a6] Here's some useful guids:
		95f8b02f-2f48-43ca-b22d-ed6298570704
		8b861c2c-634c-43ef-9273-b53d9b5c15a2
		baa08bb5-bb88-4a2a-8c22-ec0324a93756
		460774df-5180-4f3d-8221-a3af2298e207
2018-11-13 00:03:14,361 33862  INFO  [be10a6] Finished processing user request with id = be10a6fe-4510-49ea-96b0-df278399c480 in 00:00:00.0505830.
2018-11-13 00:03:14,363 33864  INFO  [83dce3] Here's some useful guids:
		d250979e-7d90-4dfa-8731-f17c908461f8
		074dbc94-bdc3-420b-ba37-7d9c5d526d4a
		b0b2e35b-dee5-4835-b63b-276a7d6e640b
		7b32f3b7-069c-48f0-89cb-6bdfdaf05854
2018-11-13 00:03:14,375 33876  INFO  [4c111e] Started processing user request. Id = 4c111ea7-6036-4a7e-a80d-0b4899cd42f9. Size = 37.27 KB.
2018-11-13 00:03:14,375 33876  INFO  [4c111e] Doing some complicated stuff.. Random numbers are: 582164747, 1641902411, 1403990500.
2018-11-13 00:03:14,385 33886  INFO  [5bf383] Started processing user request. Id = 5bf383ca-76b9-48a0-bcbe-d0c6be4f09fe. Size = 15.54 KB.
2018-11-13 00:03:14,392 33893  INFO  [83dce3] Finished processing user request with id = 83dce3a1-88a0-4977-8925-57088861658b in 00:00:00.0696304.
2018-11-13 00:03:14,399 33900  INFO  [4c111e] Here's some useful guids:
		40778097-7259-4191-8451-2c9f433d25ac
		42de591f-23cf-43de-9003-f165574a944e
		a2fc42a7-7a6d-42fb-a4cc-2045321a3aea
		1903ef2c-318a-4e04-b553-8f01a978226d
2018-11-13 00:03:14,400 33901  INFO  [5bf383] Doing some complicated stuff.. Random numbers are: 1964343661, 778967670, 2056301398.
2018-11-13 00:03:14,424 33925  INFO  [4c111e] Finished processing user request with id = 4c111ea7-6036-4a7e-a80d-0b4899cd42f9 in 00:00:00.0496625.
2018-11-13 00:03:14,426 33927  INFO  [5bf383] Finished processing user request with id = 5bf383ca-76b9-48a0-bcbe-d0c6be4f09fe in 00:00:00.0416891.
2018-11-13 00:03:14,438 33939  INFO  [5e3819] Started processing user request. Id = 5e3819f4-e0d7-4c96-9ea3-631d6105be7e. Size = 86.78 KB.
2018-11-13 00:03:14,441 33942  INFO  [5e3819] Doing some complicated stuff.. Random numbers are: 1352099544, 236900070, 1504349810.
2018-11-13 00:03:14,450 33951  INFO  [5e3819] Finished processing user request with id = 5e3819f4-e0d7-4c96-9ea3-631d6105be7e in 00:00:00.0120844.
2018-11-13 00:03:14,458 33959  INFO  [ccd782] Started processing user request. Id = ccd78250-8906-456a-a869-8cb0d345950d. Size = 39.71 KB.
2018-11-13 00:03:14,463 33964  INFO  [d6a6ba] Started processing user request. Id = d6a6ba6b-5206-4872-9a56-f34057596e3f. Size = 72.39 KB.
2018-11-13 00:03:14,468 33969  INFO  [d6a6ba] Doing some complicated stuff.. Random numbers are: 1020958620, 969865457, 414704189.
2018-11-13 00:03:14,469 33970  INFO  [ccd782] Doing some complicated stuff.. Random numbers are: 383112127, 790031793, 9776562.
2018-11-13 00:03:14,491 33992  INFO  [ccd782] Here's some useful guids:
		894e41cb-27c7-4f4d-b61e-625d3ab53db5
		c52594ba-1c5d-4507-beef-eb798a01f46b
		c84f5d39-8bc2-45cc-994a-6ceedea90807
		b3f52af6-4543-4d03-aa91-4c918740f1a5
2018-11-13 00:03:14,498 33999  INFO  [d6a6ba] Here's some useful guids:
		e97fbeb4-6069-4d63-b01c-588063feadd3
		e41ac3ee-5aae-4870-b085-bbb924b615f2
		23abe518-61e0-42e6-9691-9a38bb4bc219
		d03b5cf9-5938-4fc6-8dd0-40572a58a2e7
		c760a1a3-ac49-4812-8a4f-8377e5420e66
2018-11-13 00:03:14,511 34012  INFO  [ccd782] Finished processing user request with id = ccd78250-8906-456a-a869-8cb0d345950d in 00:00:00.0534445.
2018-11-13 00:03:14,519 34020  INFO  [d6a6ba] Finished processing user request with id = d6a6ba6b-5206-4872-9a56-f34057596e3f in 00:00:00.0563533.
2018-11-13 00:03:14,533 34034  INFO  [fee62f] Started processing user request. Id = fee62fb1-2643-401d-b6e9-f22bb57f4d96. Size = 44.89 KB.
2018-11-13 00:03:14,539 34040  INFO  [BackgroundDaemon] Starting iteration #15521.
2018-11-13 00:03:14,542 34043  INFO  [fee62f] Doing some complicated stuff.. Random numbers are: 863435338, 16024824, 1562253413.
2018-11-13 00:03:14,543 34044  INFO  [948162] Started processing user request. Id = 948162d9-0b30-4fe8-8fe6-b3bd8ba71776. Size = 41.29 KB.
2018-11-13 00:03:14,551 34052  INFO  [948162] Doing some complicated stuff.. Random numbers are: 1695282021, 1987937411, 222930331.
2018-11-13 00:03:14,559 34060  INFO  [655850] Started processing user request. Id = 65585078-d2c0-4f24-b99d-dd1b32cbbb43. Size = 34.24 KB.
2018-11-13 00:03:14,567 34068  INFO  [948162] Here's some useful guids:
		d93f3ad3-667a-4196-add9-a03cecd29549
		7d6c4b8f-c884-47c8-afcc-9f48fe55ff02
2018-11-13 00:03:14,568 34069  INFO  [fee62f] Here's some useful guids:
		9c15edf5-b198-45f4-8de0-da70e8328276
2018-11-13 00:03:14,570 34071  INFO  [655850] Doing some complicated stuff.. Random numbers are: 1628623940, 1181328745, 559632228.
2018-11-13 00:03:14,582 34083  ERROR [948162] 
System.InvalidOperationException: Oh no! An error occurred!
2018-11-13 00:03:14,598 34099  ERROR [fee62f] 
System.InvalidOperationException: Oh no! An error occurred!
2018-11-13 00:03:14,612 34113  INFO  [ef0d6e] Started processing user request. Id = ef0d6e06-cec2-4c64-9cfd-c0d97f09820c. Size = 27.7 KB.
2018-11-13 00:03:14,614 34115  INFO  [734ec0] Started processing user request. Id = 734ec0be-fe35-4f5c-9279-06013a201dfa. Size = 22.88 KB.
2018-11-13 00:03:14,621 34122  INFO  [ef0d6e] Doing some complicated stuff.. Random numbers are: 1394988028, 1891879111, 1610918229.
2018-11-13 00:03:14,626 34127  INFO  [BackgroundDaemon] Processing data (1% completed)..
2018-11-13 00:03:14,629 34130  INFO  [655850] Finished processing user request with id = 65585078-d2c0-4f24-b99d-dd1b32cbbb43 in 00:00:00.0700154.
2018-11-13 00:03:14,631 34132  INFO  [734ec0] Doing some complicated stuff.. Random numbers are: 1476681333, 1541018096, 1207000409.
2018-11-13 00:03:14,653 34154  INFO  [ef0d6e] Finished processing user request with id = ef0d6e06-cec2-4c64-9cfd-c0d97f09820c in 00:00:00.0410378.
2018-11-13 00:03:14,666 34167  INFO  [46c21d] Started processing user request. Id = 46c21d1f-97f2-4422-82a5-5e65c78479c0. Size = 15.54 KB.
2018-11-13 00:03:14,669 34170  INFO  [46c21d] Doing some complicated stuff.. Random numbers are: 1869955337, 99901814, 2017900170.
2018-11-13 00:03:14,673 34174  INFO  [734ec0] Finished processing user request with id = 734ec0be-fe35-4f5c-9279-06013a201dfa in 00:00:00.0594693.
2018-11-13 00:03:14,679 34180  INFO  [46c21d] Here's some useful guids:
		99277fe0-afd5-4df1-9759-ce74e7740108
		7242ac53-64f9-47c7-8696-b1fdeba7a99f
		d02429ab-a5ac-49a8-8f16-abfad0fd6eea
		bf8c7906-008a-4071-b734-db2ae3067d48
		8f697d61-aaf8-4126-896c-4a8321581dec
2018-11-13 00:03:14,695 34196  INFO  [46c21d] Finished processing user request with id = 46c21d1f-97f2-4422-82a5-5e65c78479c0 in 00:00:00.0295588.
2018-11-13 00:03:14,704 34205  INFO  [7a8eb3] Started processing user request. Id = 7a8eb33c-4e38-4bcf-aca9-ecce0d2d8e52. Size = 65.19 KB.
2018-11-13 00:03:14,708 34209  INFO  [BackgroundDaemon] Processing data (30% completed)..
2018-11-13 00:03:14,709 34210  INFO  [df1792] Started processing user request. Id = df17928f-b292-458d-af60-38d6c38e5691. Size = 97.34 KB.
2018-11-13 00:03:14,717 34218  INFO  [df1792] Doing some complicated stuff.. Random numbers are: 1608131104, 1501973652, 166222519.
2018-11-13 00:03:14,722 34223  INFO  [7a8eb3] Doing some complicated stuff.. Random numbers are: 2105803097, 908206556, 1462960244.
2018-11-13 00:03:14,733 34234  INFO  [df1792] Here's some useful guids:
		d202605b-1500-45ff-9308-67003f285a2a
		747182c3-beb9-41b5-8646-b2880b52184a
		9e97abc3-9cb8-445f-83c0-11c449bba040
2018-11-13 00:03:14,735 34236  INFO  [7a8eb3] Here's some useful guids:
		158b57ba-ba7b-4871-9c80-8b03517bc5e1
2018-11-13 00:03:14,737 34238  ERROR [df1792] 
System.InvalidOperationException: Oh no! An error occurred!
2018-11-13 00:03:14,750 34252  INFO  [f71585] Started processing user request. Id = f715858f-9a92-4185-bc8d-483712ccdeb1. Size = 44.65 KB.
2018-11-13 00:03:14,753 34255  INFO  [7a8eb3] Finished processing user request with id = 7a8eb33c-4e38-4bcf-aca9-ecce0d2d8e52 in 00:00:00.0492033.
2018-11-13 00:03:14,760 34262  INFO  [f71585] Doing some complicated stuff.. Random numbers are: 268134252, 2108669240, 216707334.
2018-11-13 00:03:14,774 34275  INFO  [Metrics] Cpu: 1.01%; Memory: 19.79 GB/31.88 GB; Workers: 4/1024; IOCP: 0/1024
2018-11-13 00:03:14,782 34283  INFO  [f71585] Here's some useful guids:
		a9b51d65-904e-4e5d-9cc0-1d36c26498ec
		d4f49b9c-1777-43bf-9d7b-fac096cd7880
		e6465c51-8334-4f8b-9c8d-4aa8596b7829
2018-11-13 00:03:14,785 34286  INFO  [da36c0] Started processing user request. Id = da36c0f4-6bf3-432d-a79a-770923d771f7. Size = 19.21 KB.
2018-11-13 00:03:14,795 34297  INFO  [da36c0] Doing some complicated stuff.. Random numbers are: 1270184991, 1806216988, 1244624585.
2018-11-13 00:03:14,796 34298  INFO  [d36a91] Started processing user request. Id = d36a9141-04dd-41a0-808a-993be15ba967. Size = 67.4 KB.
2018-11-13 00:03:14,799 34301  INFO  [f71585] Finished processing user request with id = f715858f-9a92-4185-bc8d-483712ccdeb1 in 00:00:00.0490015.
2018-11-13 00:03:14,802 34304  INFO  [BackgroundDaemon] Processing data (57% completed)..
2018-11-13 00:03:14,802 34304  INFO  [BackgroundDaemon] Finished iteration in 00:00:00.2633752.
2018-11-13 00:03:14,803 34305  INFO  [d36a91] Doing some complicated stuff.. Random numbers are: 1813484835, 772193329, 1481684351.
2018-11-13 00:03:14,804 34306  INFO  [da36c0] Here's some useful guids:
		3ba4b259-1079-45ff-864e-1a8a815156ff
		57dcb395-9a95-4f77-bb4a-51ee95e853cd
2018-11-13 00:03:14,812 34314  INFO  [689ea5] Started processing user request. Id = 689ea597-3867-4dbb-a8ca-83c423aaff37. Size = 59.83 KB.
2018-11-13 00:03:14,815 34316  INFO  [689ea5] Doing some complicated stuff.. Random numbers are: 30327195, 1530624646, 1105171128.
2018-11-13 00:03:14,830 34331  INFO  [da36c0] Finished processing user request with id = da36c0f4-6bf3-432d-a79a-770923d771f7 in 00:00:00.0444741.
2018-11-13 00:03:14,839 34340  INFO  [d36a91] Here's some useful guids:
		f4790c94-6059-41c1-8de1-9e40842e5177
2018-11-13 00:03:14,845 34346  INFO  [689ea5] Finished processing user request with id = 689ea597-3867-4dbb-a8ca-83c423aaff37 in 00:00:00.0325136.
2018-11-13 00:03:14,858 34359  INFO  [b0b58c] Started processing user request. Id = b0b58c85-ce06-42a5-95b2-4f6a5e528dbb. Size = 72.2 KB.
2018-11-13 00:03:14,858 34359  ERROR [d36a91] 
System.InvalidOperationException: Oh no! An error occurred!
2018-11-13 00:03:14,861 34362  INFO  [ad6baa] Started processing user request. Id = ad6baa08-d03c-4094-88d6-07e16e3780ed. Size = 94.08 KB.
2018-11-13 00:03:14,865 34366  INFO  [b0b58c] Doing some complicated stuff.. Random numbers are: 1612811955, 1271622990, 2075425676.
2018-11-13 00:03:14,878 34379  INFO  [ad6baa] Doing some complicated stuff.. Random numbers are: 197560429, 276355521, 629084774.
2018-11-13 00:03:14,908 34409  INFO  [ad6baa] Finished processing user request with id = ad6baa08-d03c-4094-88d6-07e16e3780ed in 00:00:00.0470429.
2018-11-13 00:03:14,921 34422  INFO  [b0b58c] Finished processing user request with id = b0b58c85-ce06-42a5-95b2-4f6a5e528dbb in 00:00:00.0624775.
2018-11-13 00:03:14,934 34435  INFO  [ed662d] Started processing user request. Id = ed662d01-b86a-4f64-b67a-0c38067444d8. Size = 56.16 KB.
2018-11-13 00:03:14,940 34441  INFO  [ec469c] Started processing user request. Id = ec469c0d-bb30-4506-bc8d-454ddc809c9e. Size = 79.09 KB.
2018-11-13 00:03:14,943 34444  INFO  [ed662d] Doing some complicated stuff.. Random numbers are: 701224832, 217637124, 1195033573.
2018-11-13 00:03:14,949 34450  INFO  [ec469c] Doing some complicated stuff.. Random numbers are: 1525118835, 1644900658, 495248541.
2018-11-13 00:03:14,949 34450  INFO  [ec469c] Here's some useful guids:
		87f302ec-490b-4fd1-b5b2-f29eca2d2281
		eab74d86-8eea-4c1a-9f02-af6278387a04
		697442b0-032e-4d14-b652-af6805117768
2018-11-13 00:03:14,976 34477  INFO  [ed662d] Finished processing user request with id = ed662d01-b86a-4f64-b67a-0c38067444d8 in 00:00:00.0421641.
2018-11-13 00:03:14,977 34478  INFO  [ec469c] Finished processing user request with id = ec469c0d-bb30-4506-bc8d-454ddc809c9e in 00:00:00.0371464.
2018-11-13 00:03:14,990 34491  INFO  [5cba92] Started processing user request. Id = 5cba92ff-9bfc-4d99-88db-c6e66a72aab6. Size = 87.23 KB.
2018-11-13 00:03:15,003 34504  INFO  [BackgroundDaemon] Starting iteration #15522.
2018-11-13 00:03:15,008 34509  INFO  [5cba92] Doing some complicated stuff.. Random numbers are: 870320229, 2136398987, 1733155824.
2018-11-13 00:03:15,009 34510  INFO  [6d5c17] Started processing user request. Id = 6d5c177c-a70e-424d-8828-3d7a7bb5522e. Size = 59.44 KB.
2018-11-13 00:03:15,009 34510  INFO  [6d5c17] Doing some complicated stuff.. Random numbers are: 731971152, 1243430179, 606391708.
2018-11-13 00:03:15,021 34522  INFO  [6d5c17] Here's some useful guids:
		cd188384-a76e-4b64-8997-e4cbc292f235
		cba574e0-6610-4824-b347-00b583425004
		da98b582-ea28-435e-9955-dfe6ba20e470
		6c6cace3-f312-4d7b-8147-5324eca3fe80
2018-11-13 00:03:15,021 34522  INFO  [6d5c17] Finished processing user request with id = 6d5c177c-a70e-424d-8828-3d7a7bb5522e in 00:00:00.0113704.
2018-11-13 00:03:15,025 34526  INFO  [8aebdc] Started processing user request. Id = 8aebdc7c-af79-49ec-a4a2-5ff50d2556f0. Size = 89.8 KB.
2018-11-13 00:03:15,030 34531  INFO  [8aebdc] Doing some complicated stuff.. Random numbers are: 1209575185, 1445373994, 234887773.
2018-11-13 00:03:15,035 34536  ERROR [5cba92] 
System.InvalidOperationException: Oh no! An error occurred!
2018-11-13 00:03:15,048 34549  INFO  [8f0c1b] Started processing user request. Id = 8f0c1b24-2fd7-404a-9944-f329eabdb954. Size = 36.38 KB.
2018-11-13 00:03:15,048 34549  INFO  [8f0c1b] Doing some complicated stuff.. Random numbers are: 396802524, 1290543080, 1754683404.
2018-11-13 00:03:15,051 34552  INFO  [8f0c1b] Here's some useful guids:
		6ed08548-94bb-4801-a774-7885fb3f58bf
		fbd54ac5-d411-4599-8ce3-d077df7dc86f
2018-11-13 00:03:15,051 34552  INFO  [8aebdc] Here's some useful guids:
		b60c77f2-677e-4f62-857d-3845aa52ce53
2018-11-13 00:03:15,052 34553  INFO  [BackgroundDaemon] Processing data (15% completed)..
2018-11-13 00:03:15,052 34553  INFO  [540888] Started processing user request. Id = 540888b8-730b-4955-a23c-a3a6b521db0e. Size = 48.83 KB.
2018-11-13 00:03:15,059 34560  INFO  [540888] Doing some complicated stuff.. Random numbers are: 328915756, 2098495751, 1951230310.
2018-11-13 00:03:15,060 34561  INFO  [8aebdc] Finished processing user request with id = 8aebdc7c-af79-49ec-a4a2-5ff50d2556f0 in 00:00:00.0351288.
2018-11-13 00:03:15,068 34569  INFO  [8f0c1b] Finished processing user request with id = 8f0c1b24-2fd7-404a-9944-f329eabdb954 in 00:00:00.0199787.
2018-11-13 00:03:15,072 34573  INFO  [BackgroundDaemon] Processing data (30% completed)..
2018-11-13 00:03:15,081 34582  INFO  [a2a4a0] Started processing user request. Id = a2a4a003-2497-4b91-a3f6-4c47b9ebba92. Size = 93.59 KB.
2018-11-13 00:03:15,085 34586  INFO  [a2a4a0] Doing some complicated stuff.. Random numbers are: 1301098, 1073241200, 2200310.
2018-11-13 00:03:15,106 34607  INFO  [540888] Finished processing user request with id = 540888b8-730b-4955-a23c-a3a6b521db0e in 00:00:00.0540313.
2018-11-13 00:03:15,110 34611  INFO  [a2a4a0] Finished processing user request with id = a2a4a003-2497-4b91-a3f6-4c47b9ebba92 in 00:00:00.0290116.
2018-11-13 00:03:15,124 34625  INFO  [c0b130] Started processing user request. Id = c0b13016-d6bc-44e8-bd3e-0487fad2973c. Size = 49.89 KB.
2018-11-13 00:03:15,134 34635  INFO  [c0b130] Doing some complicated stuff.. Random numbers are: 1420253433, 51302591, 1937158322.
2018-11-13 00:03:15,137 34638  INFO  [6742f6] Started processing user request. Id = 6742f6e3-ebf6-41ce-9201-a5cb644e08b7. Size = 12.76 KB.
2018-11-13 00:03:15,149 34650  INFO  [6742f6] Doing some complicated stuff.. Random numbers are: 1648931023, 489296829, 1293801109.
2018-11-13 00:03:15,158 34660  INFO  [BackgroundDaemon] Processing data (56% completed)..
2018-11-13 00:03:15,158 34660  INFO  [BackgroundDaemon] Finished iteration in 00:00:00.1554007.
2018-11-13 00:03:15,163 34664  INFO  [c0b130] Finished processing user request with id = c0b13016-d6bc-44e8-bd3e-0487fad2973c in 00:00:00.0390135.
2018-11-13 00:03:15,176 34677  INFO  [12ed46] Started processing user request. Id = 12ed4645-e2c1-40b8-84a8-bd81ea821353. Size = 72.71 KB.
2018-11-13 00:03:15,187 34688  INFO  [12ed46] Doing some complicated stuff.. Random numbers are: 947359742, 1569819364, 1069717192.
2018-11-13 00:03:15,190 34691  INFO  [12ed46] Here's some useful guids:
		1748fc9f-066e-4f3e-a1e5-ea469f01702e
		06fc2601-a82c-4ba9-8338-2d33e5ea32a9
		043468e9-fba3-4a97-aa1d-16676bb6a491
2018-11-13 00:03:15,194 34695  INFO  [6742f6] Finished processing user request with id = 6742f6e3-ebf6-41ce-9201-a5cb644e08b7 in 00:00:00.0568591.
2018-11-13 00:03:15,207 34709  ERROR [12ed46] 
System.InvalidOperationException: Oh no! An error occurred!
2018-11-13 00:03:15,221 34722  INFO  [4f9e27] Started processing user request. Id = 4f9e2704-0a3f-484e-834f-d6b3c81e12b3. Size = 64.79 KB.
2018-11-13 00:03:15,226 34727  INFO  [4f9e27] Doing some complicated stuff.. Random numbers are: 175340948, 345188288, 1755573196.
2018-11-13 00:03:15,226 34727  INFO  [93b10f] Started processing user request. Id = 93b10f74-b32c-4584-96a6-7ed9a0810831. Size = 35.42 KB.
2018-11-13 00:03:15,228 34729  INFO  [a86a9c] Started processing user request. Id = a86a9c0e-cb5d-40f2-b6bf-0c028fa02b8c. Size = 15.63 KB.
2018-11-13 00:03:15,232 34733  INFO  [a86a9c] Doing some complicated stuff.. Random numbers are: 1366311896, 980187734, 981773247.
2018-11-13 00:03:15,243 34744  INFO  [93b10f] Doing some complicated stuff.. Random numbers are: 858688125, 1675021229, 629180054.
2018-11-13 00:03:15,253 34754  INFO  [93b10f] Here's some useful guids:
		10aeb388-a5d4-4cb5-979d-71042634652b
		9347da68-0d66-46bc-a979-3d0c4cc13914
		c9a06dfd-87f6-49ac-b877-916b67936568
		66edd977-ff15-4fbe-aa3b-df662fd8f82f
2018-11-13 00:03:15,272 34773  INFO  [93b10f] Finished processing user request with id = 93b10f74-b32c-4584-96a6-7ed9a0810831 in 00:00:00.0461377.
2018-11-13 00:03:15,273 34774  INFO  [Metrics] Cpu: 1.25%; Memory: 19.79 GB/31.88 GB; Workers: 4/1024; IOCP: 0/1024
2018-11-13 00:03:15,274 34775  INFO  [a86a9c] Finished processing user request with id = a86a9c0e-cb5d-40f2-b6bf-0c028fa02b8c in 00:00:00.0461723.
2018-11-13 00:03:15,293 34794  INFO  [4f9e27] Finished processing user request with id = 4f9e2704-0a3f-484e-834f-d6b3c81e12b3 in 00:00:00.0725485.
2018-11-13 00:03:15,303 34805  INFO  [da688c] Started processing user request. Id = da688c5c-c0fe-4ec5-8dd1-08fb034d7a57. Size = 79.46 KB.
2018-11-13 00:03:15,306 34807  INFO  [c37779] Started processing user request. Id = c377796e-f155-43d0-a4d4-825f6ac19ca7. Size = 43.76 KB.
2018-11-13 00:03:15,315 34816  INFO  [c37779] Doing some complicated stuff.. Random numbers are: 1028764966, 1773202015, 413727054.
2018-11-13 00:03:15,320 34821  INFO  [da688c] Doing some complicated stuff.. Random numbers are: 1784568509, 1002493230, 1161611192.
2018-11-13 00:03:15,346 34847  INFO  [c37779] Finished processing user request with id = c377796e-f155-43d0-a4d4-825f6ac19ca7 in 00:00:00.0398290.
2018-11-13 00:03:15,359 34860  INFO  [9a377b] Started processing user request. Id = 9a377b4c-cfac-4d9a-8cc1-5df7d1c0eeba. Size = 1.2 KB.
2018-11-13 00:03:15,359 34860  INFO  [BackgroundDaemon] Starting iteration #15523.
2018-11-13 00:03:15,365 34866  INFO  [da688c] Finished processing user request with id = da688c5c-c0fe-4ec5-8dd1-08fb034d7a57 in 00:00:00.0617637.
2018-11-13 00:03:15,365 34866  INFO  [9a377b] Doing some complicated stuff.. Random numbers are: 405975709, 256128144, 1357702306.
2018-11-13 00:03:15,397 34898  INFO  [d0c24a] Started processing user request. Id = d0c24abe-d5d6-4311-8beb-ae75c05d3d7c. Size = 71.94 KB.
2018-11-13 00:03:15,415 34916  INFO  [d0c24a] Doing some complicated stuff.. Random numbers are: 1479326833, 321368917, 773311271.
2018-11-13 00:03:15,422 34923  INFO  [BackgroundDaemon] Processing data (4% completed)..
2018-11-13 00:03:15,434 34935  INFO  [9a377b] Finished processing user request with id = 9a377b4c-cfac-4d9a-8cc1-5df7d1c0eeba in 00:00:00.0743590.
2018-11-13 00:03:15,442 34943  INFO  [95d36e] Started processing user request. Id = 95d36ebb-5f3e-49b4-9695-0baf2653737d. Size = 77.41 KB.
2018-11-13 00:03:15,447 34948  INFO  [233a93] Started processing user request. Id = 233a9348-2898-4a39-b716-955dfa839b78. Size = 21.85 KB.
2018-11-13 00:03:15,449 34950  INFO  [95d36e] Doing some complicated stuff.. Random numbers are: 1033948987, 1835107641, 1456281110.
2018-11-13 00:03:15,455 34956  INFO  [d0c24a] Finished processing user request with id = d0c24abe-d5d6-4311-8beb-ae75c05d3d7c in 00:00:00.0579884.
2018-11-13 00:03:15,460 34961  INFO  [233a93] Doing some complicated stuff.. Random numbers are: 1988915967, 578223989, 1081810784.
2018-11-13 00:03:15,481 34982  INFO  [BackgroundDaemon] Processing data (35% completed)..
2018-11-13 00:03:15,486 34987  INFO  [978b5f] Started processing user request. Id = 978b5fd2-5010-4bc9-a151-31bf7ca869dc. Size = 79.85 KB.
2018-11-13 00:03:15,487 34988  INFO  [95d36e] Here's some useful guids:
		21a3ff4c-a5ac-4638-a7a0-0562d632d90a
		644d65fd-3bf4-4b2c-be1a-f16e8cf60734
		c8aa6fbe-3d98-4b8f-953f-5c3df33f18ef
		fa0e1061-5766-46b2-a6f2-dec811e7b6f2
		b2fb68d6-4eed-4fa6-8ee0-8585f8c0b48e
2018-11-13 00:03:15,497 34998  INFO  [95d36e] Finished processing user request with id = 95d36ebb-5f3e-49b4-9695-0baf2653737d in 00:00:00.0551600.
2018-11-13 00:03:15,497 34998  INFO  [233a93] Here's some useful guids:
		fa1c1d6b-590d-43b5-bcd9-e54d3f757acd
		7f9c53a5-f94a-4994-886b-467692552d79
		7fde8626-3494-4c31-a935-c920573f96bd
2018-11-13 00:03:15,500 35001  INFO  [978b5f] Doing some complicated stuff.. Random numbers are: 1737965373, 1492646363, 1737129097.
2018-11-13 00:03:15,501 35002  INFO  [233a93] Finished processing user request with id = 233a9348-2898-4a39-b716-955dfa839b78 in 00:00:00.0541800.
2018-11-13 00:03:15,507 35008  INFO  [BackgroundDaemon] Processing data (87% completed)..
2018-11-13 00:03:15,507 35008  INFO  [BackgroundDaemon] Finished iteration in 00:00:00.1481472.
2018-11-13 00:03:15,514 35016  INFO  [3d5865] Started processing user request. Id = 3d5865bd-a444-4f73-9192-d9e800551b9a. Size = 36.09 KB.
2018-11-13 00:03:15,528 35029  INFO  [978b5f] Here's some useful guids:
		1eb8e880-c06c-422d-930e-1847d8280a58
2018-11-13 00:03:15,531 35032  INFO  [3d5865] Doing some complicated stuff.. Random numbers are: 83692268, 522014845, 1086163879.
2018-11-13 00:03:15,549 35050  INFO  [978b5f] Finished processing user request with id = 978b5fd2-5010-4bc9-a151-31bf7ca869dc in 00:00:00.0631179.
2018-11-13 00:03:15,581 35082  INFO  [9d0f37] Started processing user request. Id = 9d0f373a-052a-4b49-8136-51c96e2189f9. Size = 1.18 KB.
2018-11-13 00:03:15,582 35083  INFO  [3d5865] Finished processing user request with id = 3d5865bd-a444-4f73-9192-d9e800551b9a in 00:00:00.0678351.
2018-11-13 00:03:15,595 35096  INFO  [99272b] Started processing user request. Id = 99272bbc-887f-4e2c-b473-b772edb2e2e2. Size = 72.05 KB.
2018-11-13 00:03:15,599 35100  INFO  [9d0f37] Doing some complicated stuff.. Random numbers are: 1573746612, 298811454, 1984275129.
2018-11-13 00:03:15,600 35101  INFO  [99272b] Doing some complicated stuff.. Random numbers are: 525738134, 1155607305, 1494648637.
2018-11-13 00:03:15,620 35121  INFO  [99272b] Here's some useful guids:
		7045caa9-1475-4139-9ff0-cf57f8fe1534
		4a759462-250d-4a47-9b9d-8682ebac9f84
2018-11-13 00:03:15,624 35126  INFO  [9d0f37] Here's some useful guids:
		bc7a5c23-066d-4575-9d41-887f33227e47
2018-11-13 00:03:15,633 35134  INFO  [9d0f37] Finished processing user request with id = 9d0f373a-052a-4b49-8136-51c96e2189f9 in 00:00:00.0520413.
2018-11-13 00:03:15,644 35145  INFO  [99272b] Finished processing user request with id = 99272bbc-887f-4e2c-b473-b772edb2e2e2 in 00:00:00.0488077.
2018-11-13 00:03:15,657 35158  INFO  [5c6434] Started processing user request. Id = 5c643403-ef3b-476e-91dd-c709610c01e7. Size = 62.73 KB.
2018-11-13 00:03:15,659 35160  INFO  [5c6434] Doing some complicated stuff.. Random numbers are: 1086228142, 1808295077, 1550741980.
2018-11-13 00:03:15,664 35165  INFO  [d496bf] Started processing user request. Id = d496bf06-f215-4fec-ac21-b549aff6a72f. Size = 22.27 KB.
2018-11-13 00:03:15,665 35166  INFO  [f9fb28] Started processing user request. Id = f9fb2821-fb03-4dbe-94cc-d2af055db321. Size = 84.35 KB.
2018-11-13 00:03:15,673 35174  INFO  [f9fb28] Doing some complicated stuff.. Random numbers are: 1214488863, 1571345684, 1632434074.
2018-11-13 00:03:15,674 35175  INFO  [d496bf] Doing some complicated stuff.. Random numbers are: 1372662939, 577363251, 554028367.
2018-11-13 00:03:15,675 35176  INFO  [f9fb28] Here's some useful guids:
		2b070516-a7b1-407d-9701-6348b4611526
		1f8db24b-53a3-4e45-9b0f-4ae0994da5f4
		d7ae66fb-3ad5-4b22-b571-6ae6c9420c1e
		4b7a055f-e18e-407c-a15c-699a0fbc6360
2018-11-13 00:03:15,676 35177  INFO  [5c6434] Here's some useful guids:
		6d946462-af38-4f5a-9f0f-dbade6658eb1
		bb26947f-07e2-4503-acc0-7c6f2e0ca0d2
		03b9c079-ec8c-42f1-b8e5-cf865d747ae8
		83feea44-5ec4-4fe9-9669-2894cad0dab9
		c4b46d5a-1ab3-4781-9576-92225c09d3b8
2018-11-13 00:03:15,681 35183  ERROR [5c6434] 
System.InvalidOperationException: Oh no! An error occurred!
2018-11-13 00:03:15,695 35197  INFO  [ab20d0] Started processing user request. Id = ab20d076-c36b-45d3-af9b-54a4d0d5c2d3. Size = 52.97 KB.
2018-11-13 00:03:15,703 35204  INFO  [f9fb28] Finished processing user request with id = f9fb2821-fb03-4dbe-94cc-d2af055db321 in 00:00:00.0378285.
2018-11-13 00:03:15,708 35209  INFO  [BackgroundDaemon] Starting iteration #15524.
2018-11-13 00:03:15,712 35213  INFO  [ab20d0] Doing some complicated stuff.. Random numbers are: 1579640135, 821741231, 1145335885.
2018-11-13 00:03:15,725 35226  INFO  [d496bf] Finished processing user request with id = d496bf06-f215-4fec-ac21-b549aff6a72f in 00:00:00.0609983.
2018-11-13 00:03:15,741 35242  INFO  [ab20d0] Finished processing user request with id = ab20d076-c36b-45d3-af9b-54a4d0d5c2d3 in 00:00:00.0451919.
2018-11-13 00:03:15,755 35256  INFO  [391c5f] Started processing user request. Id = 391c5f11-1036-4e3f-b630-d68ab1fe8ee7. Size = 67.06 KB.
2018-11-13 00:03:15,757 35258  INFO  [fae3a8] Started processing user request. Id = fae3a8b4-a537-4c8a-8e2a-f8d855fa549f. Size = 3.9 KB.
2018-11-13 00:03:15,760 35261  INFO  [fae3a8] Doing some complicated stuff.. Random numbers are: 985411310, 1557526172, 873114665.
2018-11-13 00:03:15,761 35262  INFO  [391c5f] Doing some complicated stuff.. Random numbers are: 1406999104, 665018923, 844323620.
2018-11-13 00:03:15,770 35271  INFO  [391c5f] Here's some useful guids:
		4d2b165c-1a95-4d7e-8205-a931914841ce
		ec3fe934-a22c-4cea-acbb-1e5e59c95c3f
		95774cb5-1eda-4a8e-bb6a-91ebbc0f3d84
		29611f22-d8cd-4a3b-ae3e-9ba133cc01fe
		4906dd24-d428-498d-8266-011fdbe4e8a2
2018-11-13 00:03:15,772 35273  INFO  [Metrics] Cpu: 1.25%; Memory: 19.79 GB/31.88 GB; Workers: 4/1024; IOCP: 0/1024
2018-11-13 00:03:15,773 35274  INFO  [391c5f] Finished processing user request with id = 391c5f11-1036-4e3f-b630-d68ab1fe8ee7 in 00:00:00.0186658.
2018-11-13 00:03:15,787 35288  INFO  [8f6d95] Started processing user request. Id = 8f6d9543-8797-44b0-9312-84a4c587664f. Size = 73.41 KB.
2018-11-13 00:03:15,787 35288  INFO  [8f6d95] Doing some complicated stuff.. Random numbers are: 1386566009, 489484660, 1967544117.
2018-11-13 00:03:15,805 35306  INFO  [BackgroundDaemon] Processing data (16% completed)..
2018-11-13 00:03:15,805 35306  INFO  [8f6d95] Here's some useful guids:
		12441889-f1e9-484b-82f8-0d3e4c7f2942
		3fca6bc5-b1af-44b8-ba3a-de1833659ba8
		ddad9245-7a8a-4be2-9653-8d54ddcfa45c
		c368c5b5-cc31-4994-97af-ff0c446f2800
		c0240cff-6890-4ef7-b081-fbe10cadfdc8
2018-11-13 00:03:15,805 35306  INFO  [8f6d95] Finished processing user request with id = 8f6d9543-8797-44b0-9312-84a4c587664f in 00:00:00.0180823.
2018-11-13 00:03:15,810 35311  INFO  [fae3a8] Finished processing user request with id = fae3a8b4-a537-4c8a-8e2a-f8d855fa549f in 00:00:00.0535334.
2018-11-13 00:03:15,818 35319  INFO  [5c4a6e] Started processing user request. Id = 5c4a6e67-308c-480e-9b60-50d2f32ff902. Size = 79.17 KB.
2018-11-13 00:03:15,824 35325  INFO  [5c4a6e] Doing some complicated stuff.. Random numbers are: 1820017582, 1718973911, 1615753179.
2018-11-13 00:03:15,841 35342  INFO  [ffe8e2] Started processing user request. Id = ffe8e2a3-5a93-47e5-8a9c-2f263dc55ec2. Size = 2.48 KB.
2018-11-13 00:03:15,844 35345  INFO  [ffe8e2] Doing some complicated stuff.. Random numbers are: 399420673, 772537426, 39213657.
2018-11-13 00:03:15,854 35355  INFO  [ffe8e2] Here's some useful guids:
		f5014804-3e4a-4815-9140-d17e8244ae55
		46bd7d72-08dd-4bad-bfb8-ed01d21e41b0
		714efab4-ec0e-481e-953a-fe731df51360
2018-11-13 00:03:15,854 35355  INFO  [ffe8e2] Finished processing user request with id = ffe8e2a3-5a93-47e5-8a9c-2f263dc55ec2 in 00:00:00.0130680.
2018-11-13 00:03:15,866 35367  INFO  [BackgroundDaemon] Processing data (48% completed)..
2018-11-13 00:03:15,868 35369  INFO  [5c4a6e] Finished processing user request with id = 5c4a6e67-308c-480e-9b60-50d2f32ff902 in 00:00:00.0501147.
2018-11-13 00:03:15,871 35372  INFO  [dad50d] Started processing user request. Id = dad50dda-3dcf-4b84-aa22-3bf64aec2f10. Size = 3.15 KB.
2018-11-13 00:03:15,882 35383  INFO  [1135b3] Started processing user request. Id = 1135b388-10b2-4da1-a4b5-b233019067a2. Size = 480 B.
2018-11-13 00:03:15,886 35387  INFO  [dad50d] Doing some complicated stuff.. Random numbers are: 1341502393, 514957723, 509001570.
2018-11-13 00:03:15,886 35387  INFO  [274021] Started processing user request. Id = 274021fe-e927-419b-9ccd-69d2050143d3. Size = 75.07 KB.
2018-11-13 00:03:15,895 35396  INFO  [1135b3] Doing some complicated stuff.. Random numbers are: 1408339174, 1099157707, 545598901.
2018-11-13 00:03:15,897 35398  INFO  [274021] Doing some complicated stuff.. Random numbers are: 751854803, 1225018458, 1149215471.
2018-11-13 00:03:15,899 35400  INFO  [1135b3] Here's some useful guids:
		cf875d7d-5c63-4939-8c39-520171167427
		e2bffb40-8314-4919-be34-32c08c9373d6
		df504e52-9457-46f3-a673-df6533470fe6
		abc0c995-c99c-4e2f-a27d-6614658af9d6
		d7261729-eb68-4dd6-a212-06ebe4eeb2c4
2018-11-13 00:03:15,919 35420  INFO  [dad50d] Here's some useful guids:
		aff452e2-8e0e-4941-a145-83497f60e4e2
		f436f484-7cb0-4715-8cb7-fc382c0b8aa2
		4ddf51fc-1659-4e2c-90ff-6c2a2892d3bb
		f365a20a-c172-428b-8a65-15b8665e4606
2018-11-13 00:03:15,923 35424  INFO  [1135b3] Finished processing user request with id = 1135b388-10b2-4da1-a4b5-b233019067a2 in 00:00:00.0411988.
2018-11-13 00:03:15,924 35425  INFO  [274021] Finished processing user request with id = 274021fe-e927-419b-9ccd-69d2050143d3 in 00:00:00.0381452.
2018-11-13 00:03:15,931 35432  ERROR [dad50d] 
System.InvalidOperationException: Oh no! An error occurred!
2018-11-13 00:03:15,937 35438  INFO  [3bceb4] Started processing user request. Id = 3bceb4f2-a265-459c-b53a-bf88f62e95cf. Size = 58.96 KB.
2018-11-13 00:03:15,951 35452  INFO  [3bceb4] Doing some complicated stuff.. Random numbers are: 984847093, 265577088, 1571768996.
2018-11-13 00:03:15,955 35456  INFO  [ff20a6] Started processing user request. Id = ff20a629-883a-4385-9ff7-eaab95c8b51a. Size = 53.04 KB.
2018-11-13 00:03:15,958 35459  INFO  [BackgroundDaemon] Processing data (83% completed)..
2018-11-13 00:03:15,958 35459  INFO  [BackgroundDaemon] Finished iteration in 00:00:00.2501315.
2018-11-13 00:03:15,963 35464  INFO  [ff20a6] Doing some complicated stuff.. Random numbers are: 120947420, 1687707402, 1307462940.
2018-11-13 00:03:15,994 35496  INFO  [3bceb4] Finished processing user request with id = 3bceb4f2-a265-459c-b53a-bf88f62e95cf in 00:00:00.0573755.
2018-11-13 00:03:15,999 35500  INFO  [ff20a6] Finished processing user request with id = ff20a629-883a-4385-9ff7-eaab95c8b51a in 00:00:00.0433058.
2018-11-13 00:03:16,008 35509  INFO  [c98f93] Started processing user request. Id = c98f93c8-34cd-49a1-8e1f-0494f5a38cae. Size = 80.42 KB.
2018-11-13 00:03:16,026 35527  INFO  [c98f93] Doing some complicated stuff.. Random numbers are: 484821594, 319717354, 1854613740.
2018-11-13 00:03:16,030 35531  INFO  [76c2f0] Started processing user request. Id = 76c2f058-8be8-4cdc-b849-43ee7c0950f5. Size = 16.41 KB.
2018-11-13 00:03:16,037 35538  INFO  [76c2f0] Doing some complicated stuff.. Random numbers are: 393573890, 95831299, 478200517.
2018-11-13 00:03:16,053 35554  INFO  [c98f93] Here's some useful guids:
		9797c891-2e87-4d51-9424-c1de15ea91dc
		b638c78e-6695-4e19-b5ca-8662e81a54ea
		7737c0a6-a5e4-4b8b-9173-18ea8a730dd9
2018-11-13 00:03:16,067 35568  INFO  [c98f93] Finished processing user request with id = c98f93c8-34cd-49a1-8e1f-0494f5a38cae in 00:00:00.0587441.
2018-11-13 00:03:16,078 35579  ERROR [76c2f0] 
System.InvalidOperationException: Oh no! An error occurred!
2018-11-13 00:03:16,081 35582  INFO  [970d97] Started processing user request. Id = 970d97e4-40ef-4d41-a7d6-bbae0706b7d3. Size = 54.69 KB.
2018-11-13 00:03:16,095 35596  INFO  [970d97] Doing some complicated stuff.. Random numbers are: 693289655, 1076726749, 248282222.
2018-11-13 00:03:16,099 35600  INFO  [8f3bc3] Started processing user request. Id = 8f3bc3ea-694e-4e14-b534-120a3a2aabad. Size = 1.11 KB.
2018-11-13 00:03:16,102 35603  INFO  [970d97] Finished processing user request with id = 970d97e4-40ef-4d41-a7d6-bbae0706b7d3 in 00:00:00.0210197.
2018-11-13 00:03:16,106 35607  INFO  [8f3bc3] Doing some complicated stuff.. Random numbers are: 1972273587, 742330108, 1883604998.
2018-11-13 00:03:16,110 35611  INFO  [48b91d] Started processing user request. Id = 48b91d11-4bf7-47d2-8899-5549f85dbe76. Size = 85.11 KB.
2018-11-13 00:03:16,116 35617  INFO  [b8e9a8] Started processing user request. Id = b8e9a834-e3e8-48c6-8974-3cbc3e2a20e0. Size = 38.43 KB.
2018-11-13 00:03:16,119 35620  INFO  [48b91d] Doing some complicated stuff.. Random numbers are: 844943048, 1675011471, 1763320850.
2018-11-13 00:03:16,119 35620  INFO  [b8e9a8] Doing some complicated stuff.. Random numbers are: 1471075551, 1031527980, 1069789856.
2018-11-13 00:03:16,133 35634  INFO  [8f3bc3] Here's some useful guids:
		6510a780-992b-410e-a3e4-0c3a7000ed8b
		d9b6a370-7299-47cd-abe7-3824e6cb4949
		12c17b3b-b2c3-4857-a358-6f79325a18e9
2018-11-13 00:03:16,149 35650  INFO  [b8e9a8] Here's some useful guids:
		9ec2991f-73b6-440b-adb0-bc7b1d57aa04
		2cfb75d0-ca40-40ff-bfa9-45399577e0b1
		b9dd11e1-dbc1-4e99-bcf0-193aa9a17935
		a10b16f7-6e76-4001-a7f4-35a96eb5ac61
2018-11-13 00:03:16,150 35651  INFO  [48b91d] Here's some useful guids:
		c1fc0426-596b-4bb0-b23a-75add1baff0c
		22a31a7e-3bba-445c-8573-f775191bc5e1
		b4aaa44d-e4e7-43e5-8818-3f275075b6d5
		5ef98c9b-9e61-4fe7-9d34-5fade2ce03e8
		bb94ef99-1ef0-49f6-8772-dd43b46a14c0
2018-11-13 00:03:16,156 35657  INFO  [48b91d] Finished processing user request with id = 48b91d11-4bf7-47d2-8899-5549f85dbe76 in 00:00:00.0460465.
2018-11-13 00:03:16,159 35660  INFO  [b8e9a8] Finished processing user request with id = b8e9a834-e3e8-48c6-8974-3cbc3e2a20e0 in 00:00:00.0430492.
2018-11-13 00:03:16,159 35660  INFO  [BackgroundDaemon] Starting iteration #15525.
2018-11-13 00:03:16,160 35661  INFO  [8f3bc3] Finished processing user request with id = 8f3bc3ea-694e-4e14-b534-120a3a2aabad in 00:00:00.0611640.
2018-11-13 00:03:16,172 35673  INFO  [821106] Started processing user request. Id = 82110642-1c6e-4534-ac5d-48e38323428c. Size = 11.34 KB.
2018-11-13 00:03:16,180 35681  INFO  [821106] Doing some complicated stuff.. Random numbers are: 1869585522, 1778228431, 710498410.
2018-11-13 00:03:16,187 35688  INFO  [604870] Started processing user request. Id = 6048708e-24bd-4f9e-b673-1b2f5dadbc83. Size = 60.98 KB.
2018-11-13 00:03:16,206 35707  INFO  [604870] Doing some complicated stuff.. Random numbers are: 635110826, 1708800022, 1382254468.
2018-11-13 00:03:16,230 35731  INFO  [821106] Finished processing user request with id = 82110642-1c6e-4534-ac5d-48e38323428c in 00:00:00.0577931.
2018-11-13 00:03:16,244 35745  INFO  [7d7234] Started processing user request. Id = 7d7234d3-3b4d-4917-aba0-9ce5cfb62b12. Size = 77.75 KB.
2018-11-13 00:03:16,248 35749  INFO  [BackgroundDaemon] Processing data (6% completed)..
2018-11-13 00:03:16,258 35759  ERROR [604870] 
System.InvalidOperationException: Oh no! An error occurred!
2018-11-13 00:03:16,262 35763  INFO  [7d7234] Doing some complicated stuff.. Random numbers are: 45374524, 1450858478, 1651444618.
2018-11-13 00:03:16,267 35768  INFO  [7d7234] Here's some useful guids:
		1d126f96-7749-492c-95cb-3b1ce037fc8b
		e67aade7-e1b0-44e0-9993-a6d6a6806778
		2d2fbfc3-4e1f-4c8d-8d3e-aaa812f7ff84
2018-11-13 00:03:16,272 35773  INFO  [Metrics] Cpu: 1.07%; Memory: 19.79 GB/31.88 GB; Workers: 4/1024; IOCP: 0/1024
2018-11-13 00:03:16,274 35775  INFO  [BackgroundDaemon] Processing data (39% completed)..
2018-11-13 00:03:16,275 35776  INFO  [7d7234] Finished processing user request with id = 7d7234d3-3b4d-4917-aba0-9ce5cfb62b12 in 00:00:00.0311594.
2018-11-13 00:03:16,289 35790  INFO  [7467b0] Started processing user request. Id = 7467b0b8-1a3a-4f9e-b917-41cb51fcba67. Size = 34.34 KB.
2018-11-13 00:03:16,289 35790  INFO  [4487da] Started processing user request. Id = 4487da9c-c7fc-481a-b38e-daeedb147bf0. Size = 33.66 KB.
2018-11-13 00:03:16,289 35790  INFO  [4487da] Doing some complicated stuff.. Random numbers are: 401570156, 722296635, 805183886.
2018-11-13 00:03:16,300 35801  INFO  [7467b0] Doing some complicated stuff.. Random numbers are: 1844817970, 751221888, 1546245764.
2018-11-13 00:03:16,307 35808  INFO  [BackgroundDaemon] Processing data (93% completed)..
2018-11-13 00:03:16,307 35808  INFO  [BackgroundDaemon] Finished iteration in 00:00:00.1479522.
2018-11-13 00:03:16,310 35811  INFO  [4487da] Here's some useful guids:
		f3595a3e-9907-49dc-b86a-3d25503efb3e
2018-11-13 00:03:16,324 35825  INFO  [4487da] Finished processing user request with id = 4487da9c-c7fc-481a-b38e-daeedb147bf0 in 00:00:00.0348218.
2018-11-13 00:03:16,328 35829  INFO  [3a9407] Started processing user request. Id = 3a9407db-467b-41e1-9455-a298cc778db1. Size = 1.47 KB.
2018-11-13 00:03:16,337 35838  INFO  [75946e] Started processing user request. Id = 75946ea7-5556-4cf7-b67d-78f0d9b72998. Size = 39.22 KB.
2018-11-13 00:03:16,337 35838  INFO  [7467b0] Here's some useful guids:
		143fa6b3-0aab-40b3-859c-2f97c57d8678
		fd334c37-3fdc-4e08-bdd6-bd4dc30c4349
		edfa2cba-245d-4036-97aa-59c29e54596a
		6d7c67da-aba1-4425-8d18-586731fc85f8
2018-11-13 00:03:16,338 35839  INFO  [3a9407] Doing some complicated stuff.. Random numbers are: 339924486, 189126365, 906496209.
2018-11-13 00:03:16,347 35848  INFO  [75946e] Doing some complicated stuff.. Random numbers are: 101666407, 1900182843, 616401729.
2018-11-13 00:03:16,353 35854  INFO  [7467b0] Finished processing user request with id = 7467b0b8-1a3a-4f9e-b917-41cb51fcba67 in 00:00:00.0642420.
2018-11-13 00:03:16,361 35862  INFO  [75946e] Here's some useful guids:
		455170b8-557d-405f-912c-46e0cd94facd
		37e436f2-9c5f-4f2a-91f4-935c0e195cbf
		a8adb981-7730-4272-b967-0f4bd34cf57c
		fd8748a4-992c-476e-aa56-e5023fb44b6d
2018-11-13 00:03:16,365 35866  INFO  [3a9407] Finished processing user request with id = 3a9407db-467b-41e1-9455-a298cc778db1 in 00:00:00.0372499.
2018-11-13 00:03:16,384 35885  INFO  [4f67ac] Started processing user request. Id = 4f67ac21-b1b9-4aa3-88ce-b2512368569e. Size = 28.43 KB.
2018-11-13 00:03:16,386 35888  ERROR [75946e] 
System.InvalidOperationException: Oh no! An error occurred!
2018-11-13 00:03:16,394 35895  INFO  [4f67ac] Doing some complicated stuff.. Random numbers are: 1241219699, 798728577, 1094387595.
2018-11-13 00:03:16,400 35901  INFO  [5c3142] Started processing user request. Id = 5c314283-19ef-4d91-b099-c09196219165. Size = 79.29 KB.
2018-11-13 00:03:16,404 35905  INFO  [5c3142] Doing some complicated stuff.. Random numbers are: 726630127, 18364057, 644304954.
2018-11-13 00:03:16,430 35931  INFO  [5c3142] Here's some useful guids:
		04e63cbc-f323-4b54-8fd6-d85f8ed3ad00
		2a1b12d6-1088-442c-a953-f8de5997a9ab
		b951fff8-3744-4125-96b8-d7b28a6c936b
2018-11-13 00:03:16,444 35945  INFO  [4f67ac] Finished processing user request with id = 4f67ac21-b1b9-4aa3-88ce-b2512368569e in 00:00:00.0597453.
2018-11-13 00:03:16,458 35959  INFO  [5c3142] Finished processing user request with id = 5c314283-19ef-4d91-b099-c09196219165 in 00:00:00.0585550.
2018-11-13 00:03:16,471 35973  INFO  [024c4b] Started processing user request. Id = 024c4b3c-c25b-4bdb-be5c-2ee5a9347d58. Size = 24.15 KB.
2018-11-13 00:03:16,475 35977  INFO  [79e58e] Started processing user request. Id = 79e58eec-973b-461f-8f78-daf8b92c084e. Size = 60.45 KB.
2018-11-13 00:03:16,478 35979  INFO  [024c4b] Doing some complicated stuff.. Random numbers are: 264632741, 864598975, 10960310.
2018-11-13 00:03:16,482 35983  INFO  [79e58e] Doing some complicated stuff.. Random numbers are: 1277255215, 1506905027, 714037716.
2018-11-13 00:03:16,485 35986  INFO  [024c4b] Finished processing user request with id = 024c4b3c-c25b-4bdb-be5c-2ee5a9347d58 in 00:00:00.0137583.
2018-11-13 00:03:16,498 35999  INFO  [88d792] Started processing user request. Id = 88d7927f-094c-46bb-b2fa-8b150d70680b. Size = 31.96 KB.
2018-11-13 00:03:16,508 36009  INFO  [BackgroundDaemon] Starting iteration #15526.
2018-11-13 00:03:16,516 36017  INFO  [88d792] Doing some complicated stuff.. Random numbers are: 1200876068, 1086394943, 110418088.
2018-11-13 00:03:16,522 36023  INFO  [88d792] Here's some useful guids:
		fffea44b-c425-45cb-9de5-972a0223f5cb
		c711a64a-5df8-426a-84f6-378e0334b86f
		b93403ff-e7de-4303-89fc-0969abf60111
		88c5ad4a-ef16-4db2-9d11-f342e5ca85f2
		cc068c46-dd42-4231-8a8f-664ceb080e35
2018-11-13 00:03:16,526 36027  INFO  [88d792] Finished processing user request with id = 88d7927f-094c-46bb-b2fa-8b150d70680b in 00:00:00.0276589.
2018-11-13 00:03:16,533 36034  INFO  [008447] Started processing user request. Id = 008447d9-eba8-4fb8-ad5f-358c30c2f430. Size = 40.07 KB.
2018-11-13 00:03:16,535 36036  INFO  [008447] Doing some complicated stuff.. Random numbers are: 1917749410, 1368119952, 1792914799.
2018-11-13 00:03:16,539 36040  INFO  [79e58e] Finished processing user request with id = 79e58eec-973b-461f-8f78-daf8b92c084e in 00:00:00.0636939.
2018-11-13 00:03:16,539 36040  INFO  [0c6b03] Started processing user request. Id = 0c6b03dc-a5dd-4042-b9ce-cd7780a68f76. Size = 41.46 KB.
2018-11-13 00:03:16,551 36053  INFO  [0c6b03] Doing some complicated stuff.. Random numbers are: 1214294822, 1285268308, 613923784.
2018-11-13 00:03:16,565 36066  INFO  [008447] Here's some useful guids:
		35d76060-6488-418b-b06b-e3833f399b33
		59c5deb4-9533-458b-83b0-4c873ec1275d
		387b7e9b-dbc4-469e-96d1-80846ee7f2fa
		f634b000-4b19-4c07-84b6-0e295d123a03
2018-11-13 00:03:16,567 36068  INFO  [0c6b03] Here's some useful guids:
		17327177-1197-4dae-a4e9-df6cdd6346e5
		76efdd97-1440-4e6e-a5eb-f37b50c075ce
		a8d56b25-2e1f-4ec5-b451-c65a8deafca3
		62b30041-e495-4b90-9b1c-d41dfac55faa
2018-11-13 00:03:16,570 36071  INFO  [f3a2f5] Started processing user request. Id = f3a2f57b-f27d-4ebe-b1d8-333387eeb784. Size = 52.07 KB.
2018-11-13 00:03:16,572 36073  INFO  [008447] Finished processing user request with id = 008447d9-eba8-4fb8-ad5f-358c30c2f430 in 00:00:00.0391542.
2018-11-13 00:03:16,573 36074  INFO  [0c6b03] Finished processing user request with id = 0c6b03dc-a5dd-4042-b9ce-cd7780a68f76 in 00:00:00.0341942.
2018-11-13 00:03:16,581 36082  INFO  [f3a2f5] Doing some complicated stuff.. Random numbers are: 567861867, 748339515, 468062454.
2018-11-13 00:03:16,587 36088  INFO  [012723] Started processing user request. Id = 012723bf-c25f-4512-8ca9-3cf823d99a2b. Size = 71.01 KB.
2018-11-13 00:03:16,590 36091  INFO  [012723] Doing some complicated stuff.. Random numbers are: 11261266, 468873181, 186615745.
2018-11-13 00:03:16,591 36093  INFO  [f3a2f5] Finished processing user request with id = f3a2f57b-f27d-4ebe-b1d8-333387eeb784 in 00:00:00.0211743.
2018-11-13 00:03:16,601 36102  INFO  [BackgroundDaemon] Processing data (3% completed)..
2018-11-13 00:03:16,610 36111  INFO  [012723] Here's some useful guids:
		a92e2459-2446-4b11-9661-3cced442ee06
		a30c11f2-d81e-4501-b4ec-b07d6fc70b42
2018-11-13 00:03:16,623 36124  INFO  [3c3694] Started processing user request. Id = 3c369417-e225-467f-9d75-c9aa70fc694a. Size = 13.08 KB.
2018-11-13 00:03:16,630 36131  INFO  [012723] Finished processing user request with id = 012723bf-c25f-4512-8ca9-3cf823d99a2b in 00:00:00.0427756.
2018-11-13 00:03:16,636 36137  INFO  [3c3694] Doing some complicated stuff.. Random numbers are: 1812998156, 1184096622, 168609739.
2018-11-13 00:03:16,643 36144  INFO  [5c2080] Started processing user request. Id = 5c208062-410f-42c4-95b2-d488e2101e55. Size = 15.41 KB.
2018-11-13 00:03:16,652 36153  INFO  [5c2080] Doing some complicated stuff.. Random numbers are: 960511699, 410245880, 1111122160.
2018-11-13 00:03:16,656 36157  INFO  [5c2080] Here's some useful guids:
		1ea4d2c6-d5e4-42c0-935e-8b603c0bbf03
		d1592656-e36e-4f5b-8df4-0113e88e5e71
		d824d0ea-fe1c-4707-a9ff-bc0a1e1560db
		e5807db4-b5d1-43a3-b9df-e9eecdf89921
2018-11-13 00:03:16,662 36163  INFO  [3c3694] Here's some useful guids:
		2f194561-5aca-4d86-91db-96fb3eb1014a
		59af5ffa-8537-441c-b5d2-9f62bc306e9e
		13da4cae-a384-4b44-bfbc-1f83fbc1a0fd
		62e4d46c-b681-422e-bdfe-7ab9c544abdf
		6bccda1d-db71-49e5-8c0d-6520de0ef013
2018-11-13 00:03:16,664 36165  INFO  [5c2080] Finished processing user request with id = 5c208062-410f-42c4-95b2-d488e2101e55 in 00:00:00.0210599.
2018-11-13 00:03:16,670 36171  INFO  [3c3694] Finished processing user request with id = 3c369417-e225-467f-9d75-c9aa70fc694a in 00:00:00.0472215.
2018-11-13 00:03:16,676 36177  INFO  [BackgroundDaemon] Processing data (22% completed)..
2018-11-13 00:03:16,678 36179  INFO  [44a41c] Started processing user request. Id = 44a41c0c-5808-4146-8140-8367a01dc35c. Size = 95.24 KB.
2018-11-13 00:03:16,695 36196  INFO  [44a41c] Doing some complicated stuff.. Random numbers are: 502917256, 139218190, 1059928971.
2018-11-13 00:03:16,702 36203  INFO  [cc55d5] Started processing user request. Id = cc55d5f8-a060-4d5d-a4c6-1cdcefe7e5c4. Size = 54.15 KB.
2018-11-13 00:03:16,715 36216  INFO  [BackgroundDaemon] Processing data (67% completed)..
2018-11-13 00:03:16,715 36216  INFO  [BackgroundDaemon] Finished iteration in 00:00:00.2071213.
2018-11-13 00:03:16,717 36218  INFO  [cc55d5] Doing some complicated stuff.. Random numbers are: 111784137, 1749288617, 159921729.
2018-11-13 00:03:16,721 36222  INFO  [cc55d5] Here's some useful guids:
		8e8e8f30-ffcd-48d0-b279-72a0083544d2
		43bc2007-081c-4509-8517-cfd783ede4dc
		7c41386c-6a5e-4e23-a019-a5746ec681b9
		42d56979-53ee-4311-bf47-10e69e38c01b
2018-11-13 00:03:16,740 36241  INFO  [a61655] Started processing user request. Id = a6165592-891c-49b2-850d-431d5f7ea639. Size = 81.64 KB.
2018-11-13 00:03:16,743 36244  INFO  [cc55d5] Finished processing user request with id = cc55d5f8-a060-4d5d-a4c6-1cdcefe7e5c4 in 00:00:00.0411891.
2018-11-13 00:03:16,744 36245  INFO  [44a41c] Finished processing user request with id = 44a41c0c-5808-4146-8140-8367a01dc35c in 00:00:00.0661202.
2018-11-13 00:03:16,751 36252  INFO  [a61655] Doing some complicated stuff.. Random numbers are: 843950506, 1289028276, 905240465.
2018-11-13 00:03:16,757 36258  INFO  [9b56bb] Started processing user request. Id = 9b56bbbc-a904-4078-afaf-ac8f935d418e. Size = 404 B.
2018-11-13 00:03:16,769 36270  INFO  [a61655] Finished processing user request with id = a6165592-891c-49b2-850d-431d5f7ea639 in 00:00:00.0290389.
2018-11-13 00:03:16,771 36273  INFO  [Metrics] Cpu: 1.07%; Memory: 19.79 GB/31.88 GB; Workers: 4/1024; IOCP: 0/1024
2018-11-13 00:03:16,773 36275  INFO  [9b56bb] Doing some complicated stuff.. Random numbers are: 992294187, 1610955978, 2145842219.
2018-11-13 00:03:16,775 36276  INFO  [6a7979] Started processing user request. Id = 6a797941-4186-4679-87a4-6e82b0411844. Size = 51.68 KB.
2018-11-13 00:03:16,782 36283  INFO  [6a7979] Doing some complicated stuff.. Random numbers are: 1751697331, 657870689, 855368118.
2018-11-13 00:03:16,801 36302  ERROR [6a7979] 
System.InvalidOperationException: Oh no! An error occurred!
2018-11-13 00:03:16,804 36305  INFO  [9b56bb] Here's some useful guids:
		bb1a12e9-7e9b-4a3d-8d11-972034a5bf66
		cb0044ff-010a-4119-b0b6-821f07faea4c
		3f247f07-954a-4b68-bb6b-00eafa8781b9
		101cb6c9-49b7-41a9-9d0f-46faed46686d
		14cff18e-5a05-4138-ae27-c5f445c29645
2018-11-13 00:03:16,814 36315  INFO  [9b56bb] Finished processing user request with id = 9b56bbbc-a904-4078-afaf-ac8f935d418e in 00:00:00.0565043.
2018-11-13 00:03:16,828 36329  INFO  [37695a] Started processing user request. Id = 37695a79-f542-4cf9-b444-6b7f9ada043b. Size = 55.93 KB.
2018-11-13 00:03:16,828 36329  INFO  [37695a] Doing some complicated stuff.. Random numbers are: 2126793529, 350862557, 550936442.
2018-11-13 00:03:16,833 36334  INFO  [129c97] Started processing user request. Id = 129c97db-c791-4a52-88af-b87db8a6a2a5. Size = 23.23 KB.
2018-11-13 00:03:16,837 36338  INFO  [37695a] Here's some useful guids:
		0b7eb637-968a-4445-b35e-862e76f6a2a7
2018-11-13 00:03:16,844 36345  INFO  [129c97] Doing some complicated stuff.. Random numbers are: 1199567954, 358317577, 1579567803.
2018-11-13 00:03:16,848 36349  INFO  [37695a] Finished processing user request with id = 37695a79-f542-4cf9-b444-6b7f9ada043b in 00:00:00.0202054.
2018-11-13 00:03:16,861 36362  INFO  [bf3224] Started processing user request. Id = bf32243a-de9d-4ceb-85da-4d1d9c4e65a7. Size = 16.3 KB.
2018-11-13 00:03:16,864 36365  INFO  [bf3224] Doing some complicated stuff.. Random numbers are: 1085259236, 818138616, 658434095.
2018-11-13 00:03:16,871 36372  INFO  [129c97] Here's some useful guids:
		c1bfb3a4-0a6a-4cdd-a850-04f0bc7a9443
		637bc396-b2fb-4b22-a115-f604b5fd64fb
		7e587c1c-0196-4297-8629-8e0a4bd0a3f9
		a589fb89-03c2-4287-9abf-52f8fdf9ecb7
		1c434719-e064-4027-9130-b5192ceff254
2018-11-13 00:03:16,873 36374  INFO  [129c97] Finished processing user request with id = 129c97db-c791-4a52-88af-b87db8a6a2a5 in 00:00:00.0404173.
2018-11-13 00:03:16,893 36394  ERROR [bf3224] 
System.InvalidOperationException: Oh no! An error occurred!
2018-11-13 00:03:16,905 36406  INFO  [06171d] Started processing user request. Id = 06171d12-7b25-4c1c-a8e1-4caf572db505. Size = 92.12 KB.
2018-11-13 00:03:16,906 36408  INFO  [63b3e5] Started processing user request. Id = 63b3e577-86d1-48a0-9854-601bc99230f7. Size = 71.13 KB.
2018-11-13 00:03:16,914 36416  INFO  [63b3e5] Doing some complicated stuff.. Random numbers are: 1720147877, 822022542, 1077924272.
2018-11-13 00:03:16,915 36417  INFO  [BackgroundDaemon] Starting iteration #15527.
2018-11-13 00:03:16,915 36417  INFO  [06171d] Doing some complicated stuff.. Random numbers are: 974860735, 1597352007, 1848842438.
2018-11-13 00:03:16,919 36420  INFO  [06171d] Here's some useful guids:
		d0f9d7ad-cac0-42a0-b674-90c3ca7ee932
		be379070-99e1-47ae-a6e0-c323502c033e
		338c16b2-76c1-4493-879f-09423d87a97e
2018-11-13 00:03:16,936 36437  INFO  [567cdb] Started processing user request. Id = 567cdb90-669f-4801-a7b9-49a825d28773. Size = 83.87 KB.
2018-11-13 00:03:16,938 36439  INFO  [567cdb] Doing some complicated stuff.. Random numbers are: 1319860070, 2104869549, 1933923251.
2018-11-13 00:03:16,940 36441  INFO  [06171d] Finished processing user request with id = 06171d12-7b25-4c1c-a8e1-4caf572db505 in 00:00:00.0351831.
2018-11-13 00:03:16,940 36441  INFO  [63b3e5] Here's some useful guids:
		8bd645fe-bbc1-47dc-9ca1-fd6feeaa35d6
		f0f91f34-d001-4826-a9ef-52fe881ccc53
		db137e50-a31a-4b80-9930-7235caef9e63
		a222a28c-cfc2-4928-960b-aaa8baea7d0f
2018-11-13 00:03:16,960 36461  INFO  [567cdb] Finished processing user request with id = 567cdb90-669f-4801-a7b9-49a825d28773 in 00:00:00.0238892.
2018-11-13 00:03:16,961 36462  INFO  [63b3e5] Finished processing user request with id = 63b3e577-86d1-48a0-9854-601bc99230f7 in 00:00:00.0547249.
2018-11-13 00:03:16,970 36471  INFO  [BackgroundDaemon] Processing data (7% completed)..
2018-11-13 00:03:16,972 36473  INFO  [c2d4d9] Started processing user request. Id = c2d4d90b-6863-4a93-b66f-db6b965c9f68. Size = 23.04 KB.
2018-11-13 00:03:16,975 36476  INFO  [c2d4d9] Doing some complicated stuff.. Random numbers are: 769783388, 125089567, 1003533665.
2018-11-13 00:03:16,975 36476  INFO  [2e37c0] Started processing user request. Id = 2e37c00c-64ff-4202-a2c5-5a00e0377031. Size = 41.12 KB.
2018-11-13 00:03:16,982 36483  INFO  [2e37c0] Doing some complicated stuff.. Random numbers are: 542928101, 1949434906, 530159795.
2018-11-13 00:03:16,992 36493  INFO  [BackgroundDaemon] Processing data (33% completed)..
2018-11-13 00:03:17,020 36522  INFO  [c2d4d9] Finished processing user request with id = c2d4d90b-6863-4a93-b66f-db6b965c9f68 in 00:00:00.0483678.
2018-11-13 00:03:17,040 36541  INFO  [2e37c0] Finished processing user request with id = 2e37c00c-64ff-4202-a2c5-5a00e0377031 in 00:00:00.0649748.
2018-11-13 00:03:17,052 36553  INFO  [03bbf2] Started processing user request. Id = 03bbf2ff-fa03-461d-b2fb-cdb03906628c. Size = 15.02 KB.
2018-11-13 00:03:17,053 36554  INFO  [1a6772] Started processing user request. Id = 1a67727d-f06b-4768-9921-8e6512560c52. Size = 95.95 KB.
2018-11-13 00:03:17,070 36571  INFO  [1a6772] Doing some complicated stuff.. Random numbers are: 1050323941, 1085410672, 657471048.
2018-11-13 00:03:17,070 36571  INFO  [03bbf2] Doing some complicated stuff.. Random numbers are: 1419201601, 1569978970, 2013011737.
2018-11-13 00:03:17,075 36576  INFO  [BackgroundDaemon] Processing data (83% completed)..
2018-11-13 00:03:17,075 36576  INFO  [BackgroundDaemon] Finished iteration in 00:00:00.1591115.
2018-11-13 00:03:17,110 36611  INFO  [03bbf2] Here's some useful guids:
		f63cc307-1d36-4351-942b-8a542e1357e0
		104c74ac-5a1a-414e-b87d-9de0fe3449f0
		17279270-f665-4758-ac42-e9087ebd6a8b
		09cfcbf9-7e0e-4ed8-b62a-73c8ba37267e
		21907c09-6796-4981-8386-e287b850a2ea
2018-11-13 00:03:17,121 36622  INFO  [1a6772] Finished processing user request with id = 1a67727d-f06b-4768-9921-8e6512560c52 in 00:00:00.0677806.
2018-11-13 00:03:17,128 36629  INFO  [1a681c] Started processing user request. Id = 1a681c63-57bc-4832-8bee-2bd03acfeb49. Size = 52.67 KB.
2018-11-13 00:03:17,129 36630  INFO  [03bbf2] Finished processing user request with id = 03bbf2ff-fa03-461d-b2fb-cdb03906628c in 00:00:00.0771429.
2018-11-13 00:03:17,135 36636  INFO  [52494c] Started processing user request. Id = 52494cf7-84c5-477b-a5da-49c18b9a67a1. Size = 7.96 KB.
2018-11-13 00:03:17,143 36644  INFO  [52494c] Doing some complicated stuff.. Random numbers are: 2004212381, 1915233294, 635567168.
2018-11-13 00:03:17,144 36645  INFO  [1a681c] Doing some complicated stuff.. Random numbers are: 2082316097, 542410128, 1977133664.
2018-11-13 00:03:17,160 36661  INFO  [91320b] Started processing user request. Id = 91320b8a-c737-4848-89d2-3db4ddf622d2. Size = 11.66 KB.
2018-11-13 00:03:17,160 36661  INFO  [91320b] Doing some complicated stuff.. Random numbers are: 424194209, 2140890339, 944186808.
2018-11-13 00:03:17,183 36684  INFO  [52494c] Finished processing user request with id = 52494cf7-84c5-477b-a5da-49c18b9a67a1 in 00:00:00.0480804.
2018-11-13 00:03:17,192 36693  INFO  [91320b] Here's some useful guids:
		bd0a3a42-569d-4cf7-b664-df2bdb3f19e7
2018-11-13 00:03:17,196 36697  INFO  [1aa7d5] Started processing user request. Id = 1aa7d578-328e-45ce-964c-f3302dcabd60. Size = 64.97 KB.
2018-11-13 00:03:17,202 36703  INFO  [1a681c] Finished processing user request with id = 1a681c63-57bc-4832-8bee-2bd03acfeb49 in 00:00:00.0745215.
2018-11-13 00:03:17,206 36707  INFO  [1aa7d5] Doing some complicated stuff.. Random numbers are: 1122444738, 452443284, 1152269868.
2018-11-13 00:03:17,210 36711  ERROR [91320b] 
System.InvalidOperationException: Oh no! An error occurred!
2018-11-13 00:03:17,242 36743  INFO  [d8641b] Started processing user request. Id = d8641bd4-d009-4b45-8021-5e7cdfa3989e. Size = 22.45 KB.
2018-11-13 00:03:17,248 36749  INFO  [1aa7d5] Finished processing user request with id = 1aa7d578-328e-45ce-964c-f3302dcabd60 in 00:00:00.0516830.
2018-11-13 00:03:17,249 36750  INFO  [d8641b] Doing some complicated stuff.. Random numbers are: 1427848459, 580451130, 570902047.
2018-11-13 00:03:17,261 36762  INFO  [cb0d08] Started processing user request. Id = cb0d08df-f501-4329-be21-60e64521c76d. Size = 89.63 KB.
2018-11-13 00:03:17,265 36766  INFO  [cb0d08] Doing some complicated stuff.. Random numbers are: 555099441, 1425644092, 1029755662.
2018-11-13 00:03:17,269 36770  INFO  [cb0d08] Here's some useful guids:
		817c48d8-52d8-4077-b0d7-120eb861b080
		e640a3b3-47ca-43b1-9f97-64e5f958c0dd
		55872c7c-730c-406d-9207-5edfbb58fb50
		4e0ad861-0726-46f3-a13b-20ececccce35
		7dd5536f-daaa-4eed-908a-580ef51c2e52
2018-11-13 00:03:17,271 36772  INFO  [Metrics] Cpu: 0.68%; Memory: 19.79 GB/31.88 GB; Workers: 4/1024; IOCP: 0/1024
2018-11-13 00:03:17,273 36774  INFO  [cb0d08] Finished processing user request with id = cb0d08df-f501-4329-be21-60e64521c76d in 00:00:00.0120944.
2018-11-13 00:03:17,275 36776  INFO  [BackgroundDaemon] Starting iteration #15528.
2018-11-13 00:03:17,277 36778  INFO  [d8641b] Here's some useful guids:
		829fcf4a-bc93-4597-961d-2da1c3e41403
2018-11-13 00:03:17,287 36788  INFO  [b33a9c] Started processing user request. Id = b33a9cc7-7e49-4af0-8c65-d488422ef388. Size = 86.06 KB.
2018-11-13 00:03:17,292 36793  INFO  [d8641b] Finished processing user request with id = d8641bd4-d009-4b45-8021-5e7cdfa3989e in 00:00:00.0498549.
2018-11-13 00:03:17,297 36798  INFO  [b33a9c] Doing some complicated stuff.. Random numbers are: 1620692750, 1783910059, 1689247069.
2018-11-13 00:03:17,323 36824  INFO  [1b5250] Started processing user request. Id = 1b5250e2-e96e-45c3-bac4-293cde03cb03. Size = 24.93 KB.
2018-11-13 00:03:17,331 36832  INFO  [b33a9c] Finished processing user request with id = b33a9cc7-7e49-4af0-8c65-d488422ef388 in 00:00:00.0443612.
2018-11-13 00:03:17,342 36843  INFO  [1b5250] Doing some complicated stuff.. Random numbers are: 374866819, 812432322, 1957439314.
2018-11-13 00:03:17,345 36846  INFO  [18467e] Started processing user request. Id = 18467e67-9d41-438f-8c5e-7b550af26f87. Size = 51.73 KB.
2018-11-13 00:03:17,345 36846  INFO  [18467e] Doing some complicated stuff.. Random numbers are: 700670238, 626376229, 451336233.
2018-11-13 00:03:17,353 36854  INFO  [1b5250] Here's some useful guids:
		e51253f5-2fa1-4045-a8ce-ea4d1954af7b
		5c7b7759-ebb1-4145-9ba6-bce5fe99d244
		e87cbf0c-45b0-46fc-b857-0fb92338d593
		4cc29e1c-db63-42cb-82a3-0f6a8a2bc52b
2018-11-13 00:03:17,368 36869  INFO  [BackgroundDaemon] Processing data (2% completed)..
2018-11-13 00:03:17,369 36870  INFO  [1b5250] Finished processing user request with id = 1b5250e2-e96e-45c3-bac4-293cde03cb03 in 00:00:00.0458852.
2018-11-13 00:03:17,370 36871  INFO  [b932dc] Started processing user request. Id = b932dc6f-117a-406f-97d8-9da0186ed2f1. Size = 69.88 KB.
2018-11-13 00:03:17,372 36873  INFO  [b932dc] Doing some complicated stuff.. Random numbers are: 1278014999, 1861387518, 15809320.
2018-11-13 00:03:17,382 36883  INFO  [b932dc] Finished processing user request with id = b932dc6f-117a-406f-97d8-9da0186ed2f1 in 00:00:00.0120123.
2018-11-13 00:03:17,383 36884  INFO  [18467e] Here's some useful guids:
		673d3840-432e-42d6-b186-668b4f301936
		2e78ce91-1039-4cb6-9633-fe43955b70e8
		843b56c5-72a6-424f-8f1d-1a9f652c5541
2018-11-13 00:03:17,388 36889  INFO  [18467e] Finished processing user request with id = 18467e67-9d41-438f-8c5e-7b550af26f87 in 00:00:00.0426536.
2018-11-13 00:03:17,401 36902  INFO  [0044fb] Started processing user request. Id = 0044fb94-208f-47a3-80e0-2ecbb614c1bc. Size = 36.51 KB.
2018-11-13 00:03:17,402 36903  INFO  [fee480] Started processing user request. Id = fee48016-58d5-4f59-9c7e-39eb792981c1. Size = 29.12 KB.
2018-11-13 00:03:17,403 36904  INFO  [0044fb] Doing some complicated stuff.. Random numbers are: 1000727225, 347831454, 1301879976.
2018-11-13 00:03:17,406 36907  INFO  [fee480] Doing some complicated stuff.. Random numbers are: 1619830715, 753062861, 1869810894.
2018-11-13 00:03:17,409 36910  INFO  [0044fb] Here's some useful guids:
		b8dc88b2-f796-42b9-ac90-f9405c380af6
2018-11-13 00:03:17,437 36938  INFO  [0044fb] Finished processing user request with id = 0044fb94-208f-47a3-80e0-2ecbb614c1bc in 00:00:00.0360643.
2018-11-13 00:03:17,440 36941  INFO  [fee480] Finished processing user request with id = fee48016-58d5-4f59-9c7e-39eb792981c1 in 00:00:00.0380270.
2018-11-13 00:03:17,453 36954  INFO  [a12124] Started processing user request. Id = a12124b8-54b5-4ac3-8bac-9d64f9a3dd7d. Size = 94.61 KB.
2018-11-13 00:03:17,467 36968  INFO  [BackgroundDaemon] Processing data (48% completed)..
2018-11-13 00:03:17,469 36970  INFO  [e25e12] Started processing user request. Id = e25e12fc-ab5a-44dc-b5d8-1f8fb13e7fef. Size = 10.47 KB.
2018-11-13 00:03:17,470 36971  INFO  [a12124] Doing some complicated stuff.. Random numbers are: 1484972645, 807136593, 1759700409.
2018-11-13 00:03:17,477 36978  INFO  [e25e12] Doing some complicated stuff.. Random numbers are: 290126671, 1939112354, 663932142.
2018-11-13 00:03:17,486 36987  INFO  [a12124] Here's some useful guids:
		30cd19c3-5993-4cd3-b84c-238a9fd1c342
		83d527ea-3946-42fc-b0c3-52230d7df8d8
2018-11-13 00:03:17,511 37012  INFO  [e25e12] Here's some useful guids:
		7be4039e-82f4-4c21-b0e6-fda607f362fe
		43adb783-fe55-4a60-8f22-2bc79e26f59e
2018-11-13 00:03:17,513 37014  INFO  [a12124] Finished processing user request with id = a12124b8-54b5-4ac3-8bac-9d64f9a3dd7d in 00:00:00.0601535.
2018-11-13 00:03:17,524 37025  INFO  [e25e12] Finished processing user request with id = e25e12fc-ab5a-44dc-b5d8-1f8fb13e7fef in 00:00:00.0551732.
2018-11-13 00:03:17,526 37027  INFO  [adac98] Started processing user request. Id = adac9883-df1e-45dc-ad2b-eefb67c477b5. Size = 72.24 KB.
2018-11-13 00:03:17,536 37037  INFO  [adac98] Doing some complicated stuff.. Random numbers are: 1981479092, 241394064, 507639211.
2018-11-13 00:03:17,550 37051  INFO  [dfe9a6] Started processing user request. Id = dfe9a632-2f34-45f7-abc3-82f131642193. Size = 61.05 KB.
2018-11-13 00:03:17,556 37057  INFO  [6e582b] Started processing user request. Id = 6e582b5d-45b3-4d35-82d5-3b05cc15b1ae. Size = 90.1 KB.
2018-11-13 00:03:17,561 37062  INFO  [BackgroundDaemon] Processing data (97% completed)..
2018-11-13 00:03:17,561 37062  INFO  [BackgroundDaemon] Finished iteration in 00:00:00.2858756.
2018-11-13 00:03:17,562 37063  INFO  [6e582b] Doing some complicated stuff.. Random numbers are: 1058388215, 1975105389, 134283653.
2018-11-13 00:03:17,568 37069  INFO  [dfe9a6] Doing some complicated stuff.. Random numbers are: 1582167668, 79734771, 1958183553.
2018-11-13 00:03:17,571 37072  ERROR [adac98] 
System.InvalidOperationException: Oh no! An error occurred!
2018-11-13 00:03:17,585 37086  INFO  [e000e6] Started processing user request. Id = e000e6e9-6c29-485e-b50c-717751044a62. Size = 4.74 KB.
2018-11-13 00:03:17,593 37094  INFO  [6e582b] Finished processing user request with id = 6e582b5d-45b3-4d35-82d5-3b05cc15b1ae in 00:00:00.0372396.
2018-11-13 00:03:17,598 37099  INFO  [dfe9a6] Here's some useful guids:
		b46a3c98-40f0-4729-8315-f329ef9b8b37
		3a87a011-e02a-47e9-9432-c15a7fd9ad68
		06dc3b6c-e3e7-48c3-be69-0eddc41c7bea
		7093c884-6cfa-4b6f-a8a3-a0f02f09c421
2018-11-13 00:03:17,599 37100  INFO  [e000e6] Doing some complicated stuff.. Random numbers are: 675148258, 1276395173, 92626911.
2018-11-13 00:03:17,608 37110  INFO  [e000e6] Finished processing user request with id = e000e6e9-6c29-485e-b50c-717751044a62 in 00:00:00.0234446.
2018-11-13 00:03:17,622 37123  INFO  [ffba72] Started processing user request. Id = ffba728c-f647-442a-a74c-ce97798cf6d4. Size = 14.15 KB.
2018-11-13 00:03:17,623 37124  INFO  [dfe9a6] Finished processing user request with id = dfe9a632-2f34-45f7-abc3-82f131642193 in 00:00:00.0731772.
2018-11-13 00:03:17,625 37126  INFO  [24ce60] Started processing user request. Id = 24ce608c-8933-4f6b-a414-a59531564da8. Size = 14.67 KB.
2018-11-13 00:03:17,636 37137  INFO  [24ce60] Doing some complicated stuff.. Random numbers are: 1238863932, 1194070521, 1893274922.
2018-11-13 00:03:17,639 37140  INFO  [ffba72] Doing some complicated stuff.. Random numbers are: 156178842, 375152982, 1390135968.
2018-11-13 00:03:17,647 37148  INFO  [ffba72] Here's some useful guids:
		8397b485-b60b-48ed-bff3-5b0c91df944b
		afbd7a59-26a4-492f-8da0-754950fa6b03
		af049415-780f-4b9c-bcd9-878ccec8fc94
		4f8fa90d-d116-4300-85a1-b25f521ba568
2018-11-13 00:03:17,660 37161  INFO  [24ce60] Here's some useful guids:
		251ef18e-1115-4887-a908-654c4ddaa667
		424f5667-bc81-497c-9268-9c5dfe176c65
		8749fff5-e126-49a3-82e4-8aab24aa5e3f
		bec8092b-5869-498c-a960-716ec1a9f6d5
		38061969-1c2a-4ae6-a884-5b365da4ff99
2018-11-13 00:03:17,673 37174  INFO  [ffba72] Finished processing user request with id = ffba728c-f647-442a-a74c-ce97798cf6d4 in 00:00:00.0508598.
2018-11-13 00:03:17,676 37177  INFO  [24ce60] Finished processing user request with id = 24ce608c-8933-4f6b-a414-a59531564da8 in 00:00:00.0508296.
2018-11-13 00:03:17,686 37187  INFO  [37de68] Started processing user request. Id = 37de6875-e250-41a1-82ee-a9523ad9b9c4. Size = 49.74 KB.
2018-11-13 00:03:17,704 37205  INFO  [37de68] Doing some complicated stuff.. Random numbers are: 108057635, 1448032077, 553745478.
2018-11-13 00:03:17,707 37208  INFO  [e1ef0a] Started processing user request. Id = e1ef0a01-2d89-4adf-94e5-ac84e83db492. Size = 11.59 KB.
2018-11-13 00:03:17,720 37221  INFO  [e1ef0a] Doing some complicated stuff.. Random numbers are: 1977289043, 595353412, 555371844.
2018-11-13 00:03:17,738 37239  INFO  [37de68] Here's some useful guids:
		22b4f43b-1a56-46ae-94c4-c248305faa53
		83e888b8-a74b-474d-b9e3-6633ba2363b7
2018-11-13 00:03:17,749 37250  INFO  [37de68] Finished processing user request with id = 37de6875-e250-41a1-82ee-a9523ad9b9c4 in 00:00:00.0636253.
2018-11-13 00:03:17,761 37262  INFO  [BackgroundDaemon] Starting iteration #15529.
2018-11-13 00:03:17,762 37263  INFO  [be7158] Started processing user request. Id = be7158f0-5dbb-41db-978d-e5d832a57edc. Size = 50.83 KB.
2018-11-13 00:03:17,767 37268  INFO  [e1ef0a] Finished processing user request with id = e1ef0a01-2d89-4adf-94e5-ac84e83db492 in 00:00:00.0600418.
2018-11-13 00:03:17,771 37272  INFO  [Metrics] Cpu: 0.68%; Memory: 19.79 GB/31.88 GB; Workers: 4/1024; IOCP: 0/1024
2018-11-13 00:03:17,781 37282  INFO  [be7158] Doing some complicated stuff.. Random numbers are: 302901137, 367151165, 1420426359.
2018-11-13 00:03:17,790 37291  INFO  [44f0c2] Started processing user request. Id = 44f0c2b1-1e10-453e-bf66-fabf4bd42a7c. Size = 9 KB.
2018-11-13 00:03:17,798 37299  INFO  [34fb63] Started processing user request. Id = 34fb63ad-21fd-42d9-bfa2-f2027661019a. Size = 6.79 KB.
2018-11-13 00:03:17,800 37301  INFO  [34fb63] Doing some complicated stuff.. Random numbers are: 42937598, 1905103254, 683995273.
2018-11-13 00:03:17,800 37301  INFO  [be7158] Finished processing user request with id = be7158f0-5dbb-41db-978d-e5d832a57edc in 00:00:00.0380293.
2018-11-13 00:03:17,810 37311  INFO  [44f0c2] Doing some complicated stuff.. Random numbers are: 1008440610, 431402834, 532766952.
2018-11-13 00:03:17,814 37315  INFO  [3a0c91] Started processing user request. Id = 3a0c9174-e5a9-4288-b44e-ded3f884c289. Size = 63.63 KB.
2018-11-13 00:03:17,815 37316  INFO  [34fb63] Finished processing user request with id = 34fb63ad-21fd-42d9-bfa2-f2027661019a in 00:00:00.0169761.
2018-11-13 00:03:17,819 37320  INFO  [3a0c91] Doing some complicated stuff.. Random numbers are: 19391415, 638194357, 80080702.
2018-11-13 00:03:17,821 37322  INFO  [BackgroundDaemon] Processing data (18% completed)..
2018-11-13 00:03:17,825 37326  INFO  [3a0c91] Here's some useful guids:
		fdfc39f9-42c1-41e4-9e6d-9af634460104
		d67b3f1e-af0b-403d-a577-6af352e040ba
		a9d37528-daee-46bd-98cd-1c48d8107067
2018-11-13 00:03:17,826 37327  INFO  [44f0c2] Here's some useful guids:
		ee74295c-cfe9-4685-a6b0-91f746a31699
		a01e3f8d-c8a0-4f66-8b8f-e9f76e8cd6b5
		ef700a53-ccbf-467e-a3c9-facb304ef2f8
2018-11-13 00:03:17,842 37343  INFO  [3a0c91] Finished processing user request with id = 3a0c9174-e5a9-4288-b44e-ded3f884c289 in 00:00:00.0280298.
2018-11-13 00:03:17,846 37347  INFO  [44f0c2] Finished processing user request with id = 44f0c2b1-1e10-453e-bf66-fabf4bd42a7c in 00:00:00.0560503.
2018-11-13 00:03:17,847 37348  INFO  [3a6a4d] Started processing user request. Id = 3a6a4db9-9e29-4cc4-a60c-51b1fcd203a4. Size = 53.61 KB.
2018-11-13 00:03:17,849 37351  INFO  [3a6a4d] Doing some complicated stuff.. Random numbers are: 903921866, 601664337, 468113068.
2018-11-13 00:03:17,855 37357  INFO  [7f900f] Started processing user request. Id = 7f900ff2-8858-4784-a355-4c0cfc65f2b3. Size = 71.26 KB.
2018-11-13 00:03:17,873 37374  INFO  [3a6a4d] Finished processing user request with id = 3a6a4db9-9e29-4cc4-a60c-51b1fcd203a4 in 00:00:00.0251413.
2018-11-13 00:03:17,874 37375  INFO  [7f900f] Doing some complicated stuff.. Random numbers are: 1221849322, 1273082263, 166986268.
2018-11-13 00:03:17,878 37379  INFO  [7f900f] Here's some useful guids:
		2d037127-fa06-4262-9d2f-1098ae979858
		4f98da24-cdf9-4552-a55e-1bea7ad60465
		4859d261-9ecd-4efc-9f5b-09562ec75852
		f7822e04-09df-4a3e-bfe5-eda9dab43973
		1a743f5d-1e96-4ee2-b2b8-f3c3f6d0e384
2018-11-13 00:03:17,880 37381  INFO  [7f900f] Finished processing user request with id = 7f900ff2-8858-4784-a355-4c0cfc65f2b3 in 00:00:00.0240373.
2018-11-13 00:03:17,883 37384  INFO  [BackgroundDaemon] Processing data (45% completed)..
2018-11-13 00:03:17,894 37395  INFO  [cc0335] Started processing user request. Id = cc0335c7-dd3d-48c4-8353-3bae3419c8a5. Size = 74.64 KB.
2018-11-13 00:03:17,905 37406  INFO  [cc6bf7] Started processing user request. Id = cc6bf7d9-a811-4296-a65b-c2d488db4de9. Size = 83.71 KB.
2018-11-13 00:03:17,907 37408  INFO  [cc0335] Doing some complicated stuff.. Random numbers are: 1888775780, 937088685, 92810956.
2018-11-13 00:03:17,911 37412  INFO  [cc6bf7] Doing some complicated stuff.. Random numbers are: 687676343, 354029226, 2132468898.
2018-11-13 00:03:17,931 37433  INFO  [cc0335] Here's some useful guids:
		8f923450-7e35-4986-8ce7-4b3e9fcebf5a
		8ece1484-a513-4b89-98be-e8647568267c
		3616d9e8-32e8-41ff-9306-2782cbac02cf
		fba57b42-0083-447c-a67e-3f8d620f1bf4
2018-11-13 00:03:17,952 37454  INFO  [cc6bf7] Finished processing user request with id = cc6bf7d9-a811-4296-a65b-c2d488db4de9 in 00:00:00.0479362.
2018-11-13 00:03:17,953 37455  INFO  [BackgroundDaemon] Processing data (67% completed)..
2018-11-13 00:03:17,953 37455  INFO  [BackgroundDaemon] Finished iteration in 00:00:00.1921811.
2018-11-13 00:03:17,959 37461  INFO  [cc0335] Finished processing user request with id = cc0335c7-dd3d-48c4-8353-3bae3419c8a5 in 00:00:00.0659478.
2018-11-13 00:03:17,973 37475  INFO  [404fb0] Started processing user request. Id = 404fb0ab-5f7a-46da-9bbc-c7d8d9222aef. Size = 61.4 KB.
2018-11-13 00:03:17,983 37484  INFO  [404fb0] Doing some complicated stuff.. Random numbers are: 1311202181, 890034205, 402056376.
2018-11-13 00:03:17,984 37485  INFO  [acb644] Started processing user request. Id = acb644f4-3b08-45ea-8b12-b6dd42ebf15a. Size = 97.87 KB.
2018-11-13 00:03:17,984 37485  INFO  [acb644] Doing some complicated stuff.. Random numbers are: 503016371, 701919014, 467099281.
2018-11-13 00:03:18,000 37501  INFO  [404fb0] Here's some useful guids:
		93eb989d-b523-4bff-80e6-d75704476faa
		5bfb1548-4501-4e2f-b70e-5a8a55b128a7
		1dff8ce5-57ed-49d0-827b-02f75755ea09
		27878ee3-8a15-426d-8add-36153582cbd5
2018-11-13 00:03:18,000 37501  INFO  [404fb0] Finished processing user request with id = 404fb0ab-5f7a-46da-9bbc-c7d8d9222aef in 00:00:00.0265208.
2018-11-13 00:03:18,014 37515  INFO  [704596] Started processing user request. Id = 7045963d-9e05-42e2-bb25-a57eaea8b658. Size = 23.02 KB.
2018-11-13 00:03:18,014 37515  INFO  [3cc300] Started processing user request. Id = 3cc300dd-168c-4363-b549-aeeaebbd0f2f. Size = 56.93 KB.
2018-11-13 00:03:18,019 37520  INFO  [704596] Doing some complicated stuff.. Random numbers are: 1846391382, 918316615, 1391504161.
2018-11-13 00:03:18,022 37523  INFO  [acb644] Finished processing user request with id = acb644f4-3b08-45ea-8b12-b6dd42ebf15a in 00:00:00.0383906.
2018-11-13 00:03:18,026 37527  INFO  [3cc300] Doing some complicated stuff.. Random numbers are: 1332576378, 1269084286, 2002939742.
2018-11-13 00:03:18,037 37538  INFO  [704596] Finished processing user request with id = 7045963d-9e05-42e2-bb25-a57eaea8b658 in 00:00:00.0230059.
2018-11-13 00:03:18,050 37551  INFO  [9b5547] Started processing user request. Id = 9b55470b-dd87-47f0-9f3b-2002fed0b692. Size = 8.91 KB.
2018-11-13 00:03:18,053 37554  INFO  [a01239] Started processing user request. Id = a0123989-7d58-4283-ba42-34f548be6fdf. Size = 12.7 KB.
2018-11-13 00:03:18,057 37558  INFO  [3cc300] Here's some useful guids:
		907b5897-af06-4d69-ba66-d1f460653186
		a9679ba5-2fbe-4dbb-b7a8-c0fc06e98da6
		45661cd2-e0b1-40da-a185-6809ac6dfe1e
		229e3baf-168e-4f7f-bca5-5fc31cf72ba1
2018-11-13 00:03:18,062 37563  INFO  [9b5547] Doing some complicated stuff.. Random numbers are: 50901917, 1418072438, 1273698830.
2018-11-13 00:03:18,066 37567  INFO  [a01239] Doing some complicated stuff.. Random numbers are: 554868659, 580686239, 116071564.
2018-11-13 00:03:18,082 37583  INFO  [9b5547] Here's some useful guids:
		97b8ccc8-54ff-45e8-898f-d9e3b741f18a
		e6297f49-c800-42a9-ae4e-361ab2058d01
2018-11-13 00:03:18,087 37588  INFO  [3cc300] Finished processing user request with id = 3cc300dd-168c-4363-b549-aeeaebbd0f2f in 00:00:00.0732558.
2018-11-13 00:03:18,097 37598  INFO  [a01239] Finished processing user request with id = a0123989-7d58-4283-ba42-34f548be6fdf in 00:00:00.0442148.
2018-11-13 00:03:18,100 37601  INFO  [9b5547] Finished processing user request with id = 9b55470b-dd87-47f0-9f3b-2002fed0b692 in 00:00:00.0501285.
2018-11-13 00:03:18,114 37615  INFO  [d056bd] Started processing user request. Id = d056bd5e-0f62-4acf-a0c2-d2c37f85c8a3. Size = 42.46 KB.
2018-11-13 00:03:18,128 37629  INFO  [4b3ba5] Started processing user request. Id = 4b3ba5ad-ee2f-47c6-b5fe-50717f67e954. Size = 23.86 KB.
2018-11-13 00:03:18,132 37633  INFO  [d056bd] Doing some complicated stuff.. Random numbers are: 601999351, 1467236326, 103318064.
2018-11-13 00:03:18,140 37642  INFO  [d056bd] Here's some useful guids:
		9a6b950c-7829-4f83-8f79-d78823aab9ea
		d82a68e6-89e9-4ac3-8fa9-ec3933f542f9
2018-11-13 00:03:18,145 37646  INFO  [4b3ba5] Doing some complicated stuff.. Random numbers are: 969075351, 1818175169, 1090657362.
2018-11-13 00:03:18,145 37646  INFO  [d056bd] Finished processing user request with id = d056bd5e-0f62-4acf-a0c2-d2c37f85c8a3 in 00:00:00.0307216.
2018-11-13 00:03:18,154 37655  INFO  [BackgroundDaemon] Starting iteration #15530.
2018-11-13 00:03:18,159 37660  INFO  [0d86de] Started processing user request. Id = 0d86dec5-3ac7-4e98-b073-d1b54fc302eb. Size = 63.65 KB.
2018-11-13 00:03:18,168 37669  INFO  [4b3ba5] Here's some useful guids:
		62eab999-aec9-4364-8213-5c763ce8c471
		7efe04cd-6a4e-4d60-8f40-13e46126d0eb
		2b672fa4-a78e-4bee-b7d0-365a8476b61a
		7184d741-2c3a-4d33-ba0b-93db9ffc1d49
		e2defb38-f690-4805-bcc8-ffabe330e638
2018-11-13 00:03:18,170 37671  INFO  [0d86de] Doing some complicated stuff.. Random numbers are: 913019149, 2115212287, 1066901187.
2018-11-13 00:03:18,184 37685  ERROR [4b3ba5] 
System.InvalidOperationException: Oh no! An error occurred!
2018-11-13 00:03:18,214 37715  INFO  [BackgroundDaemon] Processing data (18% completed)..
2018-11-13 00:03:18,216 37717  INFO  [8ee08c] Started processing user request. Id = 8ee08ce8-3abf-417b-9db3-6339f24d39d0. Size = 88.75 KB.
2018-11-13 00:03:18,218 37719  INFO  [8ee08c] Doing some complicated stuff.. Random numbers are: 542605923, 344923937, 2085935216.
2018-11-13 00:03:18,224 37725  INFO  [0d86de] Finished processing user request with id = 0d86dec5-3ac7-4e98-b073-d1b54fc302eb in 00:00:00.0655853.
2018-11-13 00:03:18,238 37739  INFO  [652025] Started processing user request. Id = 6520256d-1f50-49f3-b90c-e1bdb07bf3d6. Size = 77.38 KB.
2018-11-13 00:03:18,246 37747  INFO  [BackgroundDaemon] Processing data (23% completed)..
2018-11-13 00:03:18,247 37748  INFO  [8ee08c] Finished processing user request with id = 8ee08ce8-3abf-417b-9db3-6339f24d39d0 in 00:00:00.0314169.
2018-11-13 00:03:18,254 37755  INFO  [48dae3] Started processing user request. Id = 48dae3ed-c6dd-4eac-99a5-1e07d33e3937. Size = 41.49 KB.
2018-11-13 00:03:18,255 37756  INFO  [652025] Doing some complicated stuff.. Random numbers are: 1408147857, 1916571961, 1459549497.
2018-11-13 00:03:18,258 37759  INFO  [48dae3] Doing some complicated stuff.. Random numbers are: 1819590664, 2005245527, 25754622.
2018-11-13 00:03:18,270 37771  INFO  [Metrics] Cpu: 4.17%; Memory: 19.79 GB/31.88 GB; Workers: 4/1024; IOCP: 0/1024
2018-11-13 00:03:18,279 37780  INFO  [89fa2d] Started processing user request. Id = 89fa2d14-94c7-48d3-b6a0-89d169b954d4. Size = 21.53 KB.
2018-11-13 00:03:18,296 37797  ERROR [48dae3] 
System.InvalidOperationException: Oh no! An error occurred!
2018-11-13 00:03:18,297 37798  INFO  [89fa2d] Doing some complicated stuff.. Random numbers are: 72997098, 1469197958, 1004851361.
2018-11-13 00:03:18,302 37803  INFO  [89fa2d] Finished processing user request with id = 89fa2d14-94c7-48d3-b6a0-89d169b954d4 in 00:00:00.0229918.
2018-11-13 00:03:18,305 37806  INFO  [BackgroundDaemon] Processing data (79% completed)..
2018-11-13 00:03:18,305 37806  INFO  [BackgroundDaemon] Finished iteration in 00:00:00.1514090.
2018-11-13 00:03:18,307 37808  INFO  [652025] Finished processing user request with id = 6520256d-1f50-49f3-b90c-e1bdb07bf3d6 in 00:00:00.0689184.
2018-11-13 00:03:18,321 37822  INFO  [20aefd] Started processing user request. Id = 20aefda0-61e6-4977-a28c-c769745c85bf. Size = 1.71 KB.
2018-11-13 00:03:18,334 37835  INFO  [1f72b1] Started processing user request. Id = 1f72b1cc-1afc-41f4-adb7-200d63e64e14. Size = 57.17 KB.
2018-11-13 00:03:18,337 37838  INFO  [1f72b1] Doing some complicated stuff.. Random numbers are: 1753636591, 1314514151, 1486582720.
2018-11-13 00:03:18,339 37840  INFO  [20aefd] Doing some complicated stuff.. Random numbers are: 345385131, 184728526, 1986759331.
2018-11-13 00:03:18,352 37853  INFO  [1f72b1] Here's some useful guids:
		1d28b9ba-f3a6-4689-9887-97ec98dca522
		3023c46b-a282-477f-b980-d0d56af812f0
		a6435015-bc66-4069-8601-8fa3e64f3cba
2018-11-13 00:03:18,356 37857  INFO  [1f72b1] Finished processing user request with id = 1f72b1cc-1afc-41f4-adb7-200d63e64e14 in 00:00:00.0220596.
2018-11-13 00:03:18,374 37875  ERROR [20aefd] 
System.InvalidOperationException: Oh no! An error occurred!
2018-11-13 00:03:18,388 37889  INFO  [779358] Started processing user request. Id = 7793580d-62db-46c3-b5e7-b260ee40ab4c. Size = 49.84 KB.
2018-11-13 00:03:18,388 37889  INFO  [23ec9e] Started processing user request. Id = 23ec9e05-829a-4a89-8dad-ebc5bfb08b1f. Size = 55.51 KB.
2018-11-13 00:03:18,401 37902  INFO  [779358] Doing some complicated stuff.. Random numbers are: 566433538, 484076344, 1808226822.
2018-11-13 00:03:18,404 37905  INFO  [23ec9e] Doing some complicated stuff.. Random numbers are: 445077149, 895307743, 2032003789.
2018-11-13 00:03:18,449 37950  INFO  [23ec9e] Finished processing user request with id = 23ec9e05-829a-4a89-8dad-ebc5bfb08b1f in 00:00:00.0606901.
2018-11-13 00:03:18,455 37956  INFO  [779358] Finished processing user request with id = 7793580d-62db-46c3-b5e7-b260ee40ab4c in 00:00:00.0666894.
2018-11-13 00:03:18,463 37964  INFO  [cd66ee] Started processing user request. Id = cd66eea2-fa27-4659-a649-1278443bbeeb. Size = 19.34 KB.
2018-11-13 00:03:18,463 37964  INFO  [cd66ee] Doing some complicated stuff.. Random numbers are: 351171251, 1656061458, 2106306441.
2018-11-13 00:03:18,464 37965  INFO  [95cf97] Started processing user request. Id = 95cf97f4-cbea-4a5a-a67f-f27045c89284. Size = 21.44 KB.
2018-11-13 00:03:18,481 37982  INFO  [95cf97] Doing some complicated stuff.. Random numbers are: 554237928, 51983889, 399466765.
2018-11-13 00:03:18,486 37987  INFO  [89b211] Started processing user request. Id = 89b21125-d7fb-40a5-84da-a7d7b3d0c193. Size = 48.19 KB.
2018-11-13 00:03:18,492 37993  INFO  [89b211] Doing some complicated stuff.. Random numbers are: 1173545548, 480435634, 945247292.
2018-11-13 00:03:18,497 37998  INFO  [cd66ee] Finished processing user request with id = cd66eea2-fa27-4659-a649-1278443bbeeb in 00:00:00.0341948.
2018-11-13 00:03:18,500 38001  INFO  [89b211] Here's some useful guids:
		9b7df8ac-ac38-4153-b062-65a84e4c2725
		43aa3213-8457-4f7e-bb05-35ce1e61cd0e
		07aeb6be-db2f-4181-9b9d-8066c0e2edf8
2018-11-13 00:03:18,505 38006  INFO  [BackgroundDaemon] Starting iteration #15531.
2018-11-13 00:03:18,507 38008  INFO  [89b211] Finished processing user request with id = 89b21125-d7fb-40a5-84da-a7d7b3d0c193 in 00:00:00.0209822.
2018-11-13 00:03:18,511 38012  INFO  [b3676b] Started processing user request. Id = b3676b4a-9dc9-4f04-9089-f29969d8c6bc. Size = 76.25 KB.
2018-11-13 00:03:18,511 38012  INFO  [b3676b] Doing some complicated stuff.. Random numbers are: 1289933501, 1873233238, 337287893.
2018-11-13 00:03:18,511 38012  INFO  [95cf97] Here's some useful guids:
		732d49b2-5341-4a98-a291-93dac886c1b3
		2f4546c3-5d9d-40d1-8820-b3ef4f576e76
2018-11-13 00:03:18,530 38031  INFO  [BackgroundDaemon] Processing data (14% completed)..
2018-11-13 00:03:18,536 38037  INFO  [b3676b] Here's some useful guids:
		1bb23dc2-9d40-44d9-a0f8-afb393f3aae2
		66765d46-e5fd-4ba1-ab17-ffcae7250894
2018-11-13 00:03:18,538 38039  INFO  [95cf97] Finished processing user request with id = 95cf97f4-cbea-4a5a-a67f-f27045c89284 in 00:00:00.0742370.
2018-11-13 00:03:18,539 38040  INFO  [f5c19e] Started processing user request. Id = f5c19e74-3147-4b54-9ce5-09a4d7d81013. Size = 96.51 KB.
2018-11-13 00:03:18,543 38044  INFO  [b3676b] Finished processing user request with id = b3676b4a-9dc9-4f04-9089-f29969d8c6bc in 00:00:00.0320268.
2018-11-13 00:03:18,555 38056  INFO  [f5c19e] Doing some complicated stuff.. Random numbers are: 1863924244, 1083345283, 1700136883.
2018-11-13 00:03:18,557 38058  INFO  [66e989] Started processing user request. Id = 66e989c3-998f-42b1-b3a2-bcbbfe1e7306. Size = 55.21 KB.
2018-11-13 00:03:18,571 38072  INFO  [66e989] Doing some complicated stuff.. Random numbers are: 139691792, 868826017, 1847325900.
2018-11-13 00:03:18,572 38073  INFO  [f5c19e] Here's some useful guids:
		5b2477ff-c42c-4be0-99ad-e297cb0e39f6
2018-11-13 00:03:18,581 38082  INFO  [f5c19e] Finished processing user request with id = f5c19e74-3147-4b54-9ce5-09a4d7d81013 in 00:00:00.0420518.
2018-11-13 00:03:18,597 38098  INFO  [BackgroundDaemon] Processing data (23% completed)..
2018-11-13 00:03:18,613 38114  INFO  [b46a47] Started processing user request. Id = b46a4789-a248-4323-8bb5-7a828da85c4b. Size = 87.23 KB.
2018-11-13 00:03:18,626 38127  INFO  [b46a47] Doing some complicated stuff.. Random numbers are: 992260394, 1317456098, 1459727318.
2018-11-13 00:03:18,634 38135  INFO  [66e989] Finished processing user request with id = 66e989c3-998f-42b1-b3a2-bcbbfe1e7306 in 00:00:00.0771129.
2018-11-13 00:03:18,648 38149  INFO  [3f6d6e] Started processing user request. Id = 3f6d6e26-603d-4b96-8a5c-da50c2326c08. Size = 36.46 KB.
2018-11-13 00:03:18,652 38153  INFO  [BackgroundDaemon] Processing data (83% completed)..
2018-11-13 00:03:18,652 38153  INFO  [BackgroundDaemon] Finished iteration in 00:00:00.1472463.
2018-11-13 00:03:18,666 38167  INFO  [3f6d6e] Doing some complicated stuff.. Random numbers are: 1849620792, 2080134329, 568940955.
2018-11-13 00:03:18,677 38178  INFO  [b46a47] Finished processing user request with id = b46a4789-a248-4323-8bb5-7a828da85c4b in 00:00:00.0642358.
2018-11-13 00:03:18,694 38195  INFO  [3f6d6e] Finished processing user request with id = 3f6d6e26-603d-4b96-8a5c-da50c2326c08 in 00:00:00.0464652.
2018-11-13 00:03:18,705 38206  INFO  [86bc40] Started processing user request. Id = 86bc40b3-29e0-451a-bf2f-afd1bfbe33fe. Size = 46.77 KB.
2018-11-13 00:03:18,707 38208  INFO  [89f49a] Started processing user request. Id = 89f49a72-733c-4f7a-9ab0-444d7074827c. Size = 24.17 KB.
2018-11-13 00:03:18,708 38209  INFO  [835215] Started processing user request. Id = 835215aa-d665-4ba4-8d66-e111b3f247c8. Size = 18.84 KB.
2018-11-13 00:03:18,708 38209  INFO  [835215] Doing some complicated stuff.. Random numbers are: 1336060608, 267613779, 1638859756.
2018-11-13 00:03:18,722 38223  INFO  [86bc40] Doing some complicated stuff.. Random numbers are: 1648928741, 300227397, 1017781227.
2018-11-13 00:03:18,726 38227  INFO  [89f49a] Doing some complicated stuff.. Random numbers are: 1925480640, 418236276, 302557478.
2018-11-13 00:03:18,733 38234  ERROR [835215] 
System.InvalidOperationException: Oh no! An error occurred!
2018-11-13 00:03:18,749 38250  INFO  [86bc40] Here's some useful guids:
		533ef7d1-485b-4c13-b876-a1e3e3d1814c
		dac7804a-b64f-4da4-a77d-1e3ae2bfe669
2018-11-13 00:03:18,754 38255  INFO  [86bc40] Finished processing user request with id = 86bc40b3-29e0-451a-bf2f-afd1bfbe33fe in 00:00:00.0484115.
2018-11-13 00:03:18,765 38266  INFO  [dfeb0e] Started processing user request. Id = dfeb0eb3-4b61-4fa5-b7d2-ad43bb7dcca7. Size = 36.94 KB.
2018-11-13 00:03:18,770 38271  INFO  [Metrics] Cpu: 4.17%; Memory: 19.79 GB/31.88 GB; Workers: 4/1024; IOCP: 0/1024
2018-11-13 00:03:18,773 38274  INFO  [dfeb0e] Doing some complicated stuff.. Random numbers are: 1311883011, 1808809081, 588910545.
2018-11-13 00:03:18,783 38284  INFO  [89f49a] Finished processing user request with id = 89f49a72-733c-4f7a-9ab0-444d7074827c in 00:00:00.0756754.
2018-11-13 00:03:18,787 38288  INFO  [dfeb0e] Here's some useful guids:
		610bbc08-e542-406e-a7f5-c31f53c92413
		42b3de1a-e1a4-4ccb-8ca0-bc0df961acf7
2018-11-13 00:03:18,796 38297  INFO  [61c4b5] Started processing user request. Id = 61c4b50b-2f41-427f-9814-37fba495c594. Size = 68.05 KB.
2018-11-13 00:03:18,807 38308  INFO  [dfeb0e] Finished processing user request with id = dfeb0eb3-4b61-4fa5-b7d2-ad43bb7dcca7 in 00:00:00.0425307.
2018-11-13 00:03:18,809 38310  INFO  [61c4b5] Doing some complicated stuff.. Random numbers are: 1264464244, 44042264, 1550651754.
2018-11-13 00:03:18,839 38340  INFO  [7db060] Started processing user request. Id = 7db060f5-2bac-44ad-83b6-18e446903902. Size = 46.33 KB.
2018-11-13 00:03:18,852 38353  INFO  [BackgroundDaemon] Starting iteration #15532.
2018-11-13 00:03:18,856 38357  INFO  [7db060] Doing some complicated stuff.. Random numbers are: 1066309061, 1094979432, 1188833950.
2018-11-13 00:03:18,858 38359  INFO  [61c4b5] Finished processing user request with id = 61c4b50b-2f41-427f-9814-37fba495c594 in 00:00:00.0619282.
2018-11-13 00:03:18,872 38373  INFO  [e95831] Started processing user request. Id = e9583150-ebb7-47da-8b46-a6bbee5553b4. Size = 12.96 KB.
2018-11-13 00:03:18,884 38385  INFO  [e95831] Doing some complicated stuff.. Random numbers are: 651328998, 1940190143, 74784748.
2018-11-13 00:03:18,902 38403  INFO  [7db060] Finished processing user request with id = 7db060f5-2bac-44ad-83b6-18e446903902 in 00:00:00.0628267.
2018-11-13 00:03:18,908 38409  INFO  [e95831] Finished processing user request with id = e9583150-ebb7-47da-8b46-a6bbee5553b4 in 00:00:00.0362414.
2018-11-13 00:03:18,908 38409  INFO  [BackgroundDaemon] Processing data (9% completed)..
2018-11-13 00:03:18,921 38422  INFO  [697ba2] Started processing user request. Id = 697ba288-83b9-4e5a-9243-003fef7b0173. Size = 11.15 KB.
2018-11-13 00:03:18,922 38423  INFO  [7c4be8] Started processing user request. Id = 7c4be86d-22d1-43b4-86d8-c01a7a23ba14. Size = 89.86 KB.
2018-11-13 00:03:18,922 38423  INFO  [7c4be8] Doing some complicated stuff.. Random numbers are: 720992546, 1223706577, 994418672.
2018-11-13 00:03:18,928 38429  INFO  [697ba2] Doing some complicated stuff.. Random numbers are: 1608606983, 1449058921, 1575117853.
2018-11-13 00:03:18,933 38434  INFO  [ee4cc9] Started processing user request. Id = ee4cc958-5e17-40b2-861e-41f4cc35e44f. Size = 91.57 KB.
2018-11-13 00:03:18,943 38444  INFO  [ee4cc9] Doing some complicated stuff.. Random numbers are: 1899433975, 1109393906, 269946778.
2018-11-13 00:03:18,946 38447  INFO  [697ba2] Finished processing user request with id = 697ba288-83b9-4e5a-9243-003fef7b0173 in 00:00:00.0252141.
2018-11-13 00:03:18,954 38455  INFO  [7c4be8] Finished processing user request with id = 7c4be86d-22d1-43b4-86d8-c01a7a23ba14 in 00:00:00.0320330.
2018-11-13 00:03:18,967 38468  INFO  [cfa199] Started processing user request. Id = cfa1996c-ed96-4acc-a58d-8b3d261811c2. Size = 34.17 KB.
2018-11-13 00:03:18,975 38476  INFO  [cfa199] Doing some complicated stuff.. Random numbers are: 1108715000, 222312408, 1290849847.
2018-11-13 00:03:18,978 38479  INFO  [ee4cc9] Here's some useful guids:
		d3076166-116b-44fd-bcee-117f872f7fc3
2018-11-13 00:03:18,989 38490  INFO  [ee4cc9] Finished processing user request with id = ee4cc958-5e17-40b2-861e-41f4cc35e44f in 00:00:00.0560609.
2018-11-13 00:03:18,993 38494  INFO  [cfa199] Finished processing user request with id = cfa1996c-ed96-4acc-a58d-8b3d261811c2 in 00:00:00.0258402.
2018-11-13 00:03:19,006 38507  INFO  [841c32] Started processing user request. Id = 841c32dd-ee8b-4e27-81c1-fa2a61a5d523. Size = 64.37 KB.
2018-11-13 00:03:19,008 38509  INFO  [BackgroundDaemon] Processing data (24% completed)..
2018-11-13 00:03:19,014 38515  INFO  [841c32] Doing some complicated stuff.. Random numbers are: 401747179, 642942303, 621853806.
2018-11-13 00:03:19,020 38521  INFO  [ca348c] Started processing user request. Id = ca348c51-890a-46ae-91ac-40c3078fb079. Size = 10.29 KB.
2018-11-13 00:03:19,030 38532  INFO  [841c32] Here's some useful guids:
		eadbcdd2-b932-44f2-be59-3bb2d7162b7b
		72f501fc-f652-4c8b-913c-bd2f3a8f9738
		7572b02d-d150-4b68-8f60-96c703b95d81
2018-11-13 00:03:19,035 38537  INFO  [BackgroundDaemon] Processing data (84% completed)..
2018-11-13 00:03:19,035 38537  INFO  [BackgroundDaemon] Finished iteration in 00:00:00.1831737.
2018-11-13 00:03:19,038 38540  INFO  [ca348c] Doing some complicated stuff.. Random numbers are: 1733721733, 802134446, 794089563.
2018-11-13 00:03:19,058 38559  INFO  [841c32] Finished processing user request with id = 841c32dd-ee8b-4e27-81c1-fa2a61a5d523 in 00:00:00.0517349.
2018-11-13 00:03:19,071 38572  INFO  [3b22ff] Started processing user request. Id = 3b22ff45-93df-43f6-9bec-f4d4c3a0df36. Size = 33.65 KB.
2018-11-13 00:03:19,090 38591  INFO  [3b22ff] Doing some complicated stuff.. Random numbers are: 1251785938, 1177126042, 1563599700.
2018-11-13 00:03:19,092 38593  INFO  [ca348c] Finished processing user request with id = ca348c51-890a-46ae-91ac-40c3078fb079 in 00:00:00.0717512.
2018-11-13 00:03:19,114 38615  INFO  [49004c] Started processing user request. Id = 49004c03-cddd-4f95-a721-187b082f48f0. Size = 18.54 KB.
2018-11-13 00:03:19,124 38625  INFO  [a045d5] Started processing user request. Id = a045d583-31c1-4397-b0a9-6b7c7d4ec256. Size = 39.55 KB.
2018-11-13 00:03:19,126 38627  INFO  [3b22ff] Finished processing user request with id = 3b22ff45-93df-43f6-9bec-f4d4c3a0df36 in 00:00:00.0549480.
2018-11-13 00:03:19,127 38628  INFO  [a045d5] Doing some complicated stuff.. Random numbers are: 1044511848, 677901330, 1966758418.
2018-11-13 00:03:19,127 38628  INFO  [49004c] Doing some complicated stuff.. Random numbers are: 1088656083, 1378064648, 1112768142.
2018-11-13 00:03:19,139 38640  INFO  [dc1957] Started processing user request. Id = dc19574e-cfce-4c49-8733-534ce98e5724. Size = 12.12 KB.
2018-11-13 00:03:19,143 38644  INFO  [dc1957] Doing some complicated stuff.. Random numbers are: 1145820976, 634020120, 1598225259.
2018-11-13 00:03:19,147 38648  INFO  [a045d5] Here's some useful guids:
		9e44e9d6-2b70-4b5c-ac66-314ba3b73558
		b53059ef-dd35-4e48-869f-c29b74ac0adf
		3b74b073-46cd-47f0-92a2-d2e334ea6a9c
		25a4404c-2d50-4a8a-8dba-70f08026f248
		be2c228f-ebdd-4d02-ab2c-2722bc3b2bce
2018-11-13 00:03:19,153 38654  INFO  [dc1957] Here's some useful guids:
		8fb7bcc3-1e72-4d1f-a522-cc6fad603d43
		c748c6f5-4437-4957-8d49-a7e3f529cb5f
		ec007469-8cfe-4b2b-b09c-52a337502ff8
2018-11-13 00:03:19,154 38655  INFO  [49004c] Finished processing user request with id = 49004c03-cddd-4f95-a721-187b082f48f0 in 00:00:00.0400868.
2018-11-13 00:03:19,164 38665  INFO  [dc1957] Finished processing user request with id = dc19574e-cfce-4c49-8733-534ce98e5724 in 00:00:00.0244361.
2018-11-13 00:03:19,167 38668  INFO  [a045d5] Finished processing user request with id = a045d583-31c1-4397-b0a9-6b7c7d4ec256 in 00:00:00.0431996.
2018-11-13 00:03:19,177 38678  INFO  [ba7cf3] Started processing user request. Id = ba7cf346-0ed4-4bac-b298-9036553a8b16. Size = 3.24 KB.
2018-11-13 00:03:19,179 38680  INFO  [ba7cf3] Doing some complicated stuff.. Random numbers are: 836151384, 1679687582, 38303044.
2018-11-13 00:03:19,198 38700  INFO  [09325f] Started processing user request. Id = 09325f39-2437-4b17-93d4-15d6d9d7c4bd. Size = 6.73 KB.
2018-11-13 00:03:19,210 38711  INFO  [09325f] Doing some complicated stuff.. Random numbers are: 1664762552, 1602755362, 342258454.
2018-11-13 00:03:19,214 38715  INFO  [09325f] Here's some useful guids:
		67ee2178-18c8-426d-8f0c-132526f4f043
		c4d5fe80-22ea-45d4-8eba-e2f5cb63ca6e
		29410174-4aed-4d60-878e-b0e8988e849a
2018-11-13 00:03:19,218 38719  INFO  [ba7cf3] Here's some useful guids:
		91453424-dfde-4870-b66b-6f42d4dc2d0b
		64daf1fb-d574-4811-b5e5-66b2114c8d3e
2018-11-13 00:03:19,236 38737  INFO  [BackgroundDaemon] Starting iteration #15533.
2018-11-13 00:03:19,237 38738  INFO  [ba7cf3] Finished processing user request with id = ba7cf346-0ed4-4bac-b298-9036553a8b16 in 00:00:00.0601784.
2018-11-13 00:03:19,241 38742  INFO  [09325f] Finished processing user request with id = 09325f39-2437-4b17-93d4-15d6d9d7c4bd in 00:00:00.0424697.
2018-11-13 00:03:19,250 38751  INFO  [0a0a46] Started processing user request. Id = 0a0a46cc-8673-41da-9c01-286ac6fdf126. Size = 90.58 KB.
2018-11-13 00:03:19,252 38753  INFO  [0a0a46] Doing some complicated stuff.. Random numbers are: 1935018609, 271020891, 767591454.
2018-11-13 00:03:19,269 38770  INFO  [Metrics] Cpu: 4.97%; Memory: 19.79 GB/31.88 GB; Workers: 4/1024; IOCP: 0/1024
2018-11-13 00:03:19,273 38774  INFO  [4f70a8] Started processing user request. Id = 4f70a8c6-3b55-4be9-93e3-e670877fdf60. Size = 95.91 KB.
2018-11-13 00:03:19,278 38779  INFO  [0a0a46] Here's some useful guids:
		3af1c095-4d44-44ec-9125-fc73b06a651c
		2a4eec0f-8603-4375-bc83-0690e9b3df50
		4cb0b67b-1d02-44c3-85da-4ae0870f2f12
		04925b02-2e88-483c-99fc-1629728a10aa
2018-11-13 00:03:19,279 38780  INFO  [4f70a8] Doing some complicated stuff.. Random numbers are: 518175381, 1644780868, 1507873496.
2018-11-13 00:03:19,300 38801  INFO  [4f70a8] Here's some useful guids:
		9ca1b4a8-f6e4-483d-bcf0-238872cb99b0
		0d97247b-2163-468b-8a53-2e8ad3290c4e
		652edddc-5af5-4f9b-9466-0d2cf79ba3cc
		f892cb4c-3d8b-470f-9caa-85a21fbd9144
2018-11-13 00:03:19,302 38803  INFO  [0a0a46] Finished processing user request with id = 0a0a46cc-8673-41da-9c01-286ac6fdf126 in 00:00:00.0519689.
2018-11-13 00:03:19,313 38814  INFO  [BackgroundDaemon] Processing data (10% completed)..
2018-11-13 00:03:19,314 38815  INFO  [4f70a8] Finished processing user request with id = 4f70a8c6-3b55-4be9-93e3-e670877fdf60 in 00:00:00.0409633.
2018-11-13 00:03:19,316 38817  INFO  [ccbf20] Started processing user request. Id = ccbf20c9-5000-4cc6-947c-1d7c31a81be7. Size = 61.97 KB.
2018-11-13 00:03:19,321 38822  INFO  [4cbc32] Started processing user request. Id = 4cbc324b-8aa0-4219-be80-7072717fcdef. Size = 42.64 KB.
2018-11-13 00:03:19,330 38831  INFO  [ccbf20] Doing some complicated stuff.. Random numbers are: 1427408020, 1065715102, 277346510.
2018-11-13 00:03:19,334 38835  INFO  [ccbf20] Here's some useful guids:
		21482ccc-05cf-47eb-a238-3231fb5e31b2
2018-11-13 00:03:19,335 38836  INFO  [BackgroundDaemon] Processing data (45% completed)..
2018-11-13 00:03:19,338 38839  INFO  [4cbc32] Doing some complicated stuff.. Random numbers are: 1732830402, 1193445260, 1181191476.
2018-11-13 00:03:19,345 38846  INFO  [c8f319] Started processing user request. Id = c8f319a6-1c2f-4c13-980b-0bb73e9aa571. Size = 73.76 KB.
2018-11-13 00:03:19,347 38848  INFO  [ccbf20] Finished processing user request with id = ccbf20c9-5000-4cc6-947c-1d7c31a81be7 in 00:00:00.0312732.
2018-11-13 00:03:19,357 38858  INFO  [4cbc32] Finished processing user request with id = 4cbc324b-8aa0-4219-be80-7072717fcdef in 00:00:00.0360572.
2018-11-13 00:03:19,358 38859  INFO  [BackgroundDaemon] Processing data (89% completed)..
2018-11-13 00:03:19,358 38859  INFO  [BackgroundDaemon] Finished iteration in 00:00:00.1220865.
2018-11-13 00:03:19,359 38860  INFO  [c8f319] Doing some complicated stuff.. Random numbers are: 1662121974, 2021646480, 882224837.
2018-11-13 00:03:19,361 38862  INFO  [117b64] Started processing user request. Id = 117b6414-4562-406a-909f-085ed6493f47. Size = 94.09 KB.
2018-11-13 00:03:19,379 38880  INFO  [117b64] Doing some complicated stuff.. Random numbers are: 249382822, 1145726960, 1924124964.
2018-11-13 00:03:19,387 38888  INFO  [c8f319] Here's some useful guids:
		1c6c2de8-bbad-4bf5-85eb-774216423e04
		d2dc1535-b144-42ef-85e0-9862ccaebd12
2018-11-13 00:03:19,394 38895  INFO  [117b64] Finished processing user request with id = 117b6414-4562-406a-909f-085ed6493f47 in 00:00:00.0331954.
2018-11-13 00:03:19,407 38908  INFO  [8993d5] Started processing user request. Id = 8993d596-967b-4dfc-8d58-b1e6d773f099. Size = 54.7 KB.
2018-11-13 00:03:19,417 38918  INFO  [c8f319] Finished processing user request with id = c8f319a6-1c2f-4c13-980b-0bb73e9aa571 in 00:00:00.0718289.
2018-11-13 00:03:19,421 38922  INFO  [8993d5] Doing some complicated stuff.. Random numbers are: 364544836, 583339857, 1754847081.
2018-11-13 00:03:19,424 38925  INFO  [8993d5] Here's some useful guids:
		8c9e1e93-26b0-4fc4-9357-10ae5b51fde3
		44446820-c3a1-4b74-99b1-f2e33cccfc5a
2018-11-13 00:03:19,436 38937  ERROR [8993d5] 
System.InvalidOperationException: Oh no! An error occurred!
2018-11-13 00:03:19,448 38949  INFO  [e570f7] Started processing user request. Id = e570f71c-914f-4c1b-b823-5fe8d9fc1ac4. Size = 63.02 KB.
2018-11-13 00:03:19,448 38949  INFO  [e570f7] Doing some complicated stuff.. Random numbers are: 690937052, 1255514601, 628420371.
2018-11-13 00:03:19,450 38951  INFO  [e31942] Started processing user request. Id = e319422e-08db-4d20-974d-6362407762ed. Size = 10.72 KB.
2018-11-13 00:03:19,452 38953  INFO  [e570f7] Here's some useful guids:
		8205f7ee-998e-449e-8d77-e1731191e658
2018-11-13 00:03:19,468 38969  INFO  [e31942] Doing some complicated stuff.. Random numbers are: 1214778935, 1427506439, 1174340943.
2018-11-13 00:03:19,471 38972  INFO  [e570f7] Finished processing user request with id = e570f71c-914f-4c1b-b823-5fe8d9fc1ac4 in 00:00:00.0231153.
2018-11-13 00:03:19,483 38984  INFO  [e31942] Here's some useful guids:
		fcb6740d-8395-4f95-bb1d-b9ab6ccd4387
		a5640b1c-84ad-41be-8c00-3cd721d2379d
2018-11-13 00:03:19,502 39003  INFO  [8b4127] Started processing user request. Id = 8b412762-adaa-4cec-9d2c-c904567fdf01. Size = 92.06 KB.
2018-11-13 00:03:19,507 39009  INFO  [8b4127] Doing some complicated stuff.. Random numbers are: 2094544205, 623042481, 148773798.
2018-11-13 00:03:19,509 39011  INFO  [e31942] Finished processing user request with id = e319422e-08db-4d20-974d-6362407762ed in 00:00:00.0594479.
2018-11-13 00:03:19,523 39024  INFO  [823f85] Started processing user request. Id = 823f8515-60bc-4041-a462-1bee02fde796. Size = 89.66 KB.
2018-11-13 00:03:19,525 39026  INFO  [d448c1] Started processing user request. Id = d448c191-9e53-4e17-83e5-ee582f48f114. Size = 5.17 KB.
2018-11-13 00:03:19,533 39034  INFO  [d448c1] Doing some complicated stuff.. Random numbers are: 601521271, 2056596189, 567242229.
2018-11-13 00:03:19,534 39035  INFO  [8b4127] Finished processing user request with id = 8b412762-adaa-4cec-9d2c-c904567fdf01 in 00:00:00.0317359.
2018-11-13 00:03:19,540 39041  INFO  [823f85] Doing some complicated stuff.. Random numbers are: 13025217, 1845763588, 1261394715.
2018-11-13 00:03:19,558 39060  INFO  [BackgroundDaemon] Starting iteration #15534.
2018-11-13 00:03:19,562 39063  INFO  [d448c1] Here's some useful guids:
		5da8e743-31e2-4db8-88ab-4523ca503a9a
		adacd9e4-4ac6-4b84-8a0d-696339fab435
		cae5ae72-3535-47b5-a2c0-e395c07fac63
		42863beb-1ebf-4ac8-ab12-4c995a25480c
2018-11-13 00:03:19,565 39066  INFO  [2a96b8] Started processing user request. Id = 2a96b818-c1dc-4831-9864-79fc2fa04435. Size = 37.38 KB.
2018-11-13 00:03:19,570 39071  INFO  [2a96b8] Doing some complicated stuff.. Random numbers are: 1758397707, 855449416, 1221209011.
2018-11-13 00:03:19,572 39073  INFO  [823f85] Finished processing user request with id = 823f8515-60bc-4041-a462-1bee02fde796 in 00:00:00.0492666.
2018-11-13 00:03:19,586 39087  INFO  [959a85] Started processing user request. Id = 959a859f-71b9-4066-8044-83b3c7d5a92a. Size = 22.59 KB.
2018-11-13 00:03:19,588 39089  INFO  [959a85] Doing some complicated stuff.. Random numbers are: 1463623438, 560125354, 429858578.
2018-11-13 00:03:19,589 39090  INFO  [d448c1] Finished processing user request with id = d448c191-9e53-4e17-83e5-ee582f48f114 in 00:00:00.0640818.
2018-11-13 00:03:19,599 39100  INFO  [959a85] Here's some useful guids:
		61b80fc0-bc39-458d-b055-737c6c3fcca6
		190e1b5f-09ce-47fc-9ae4-fae8ebe4fd57
		940adb77-4da1-4617-8833-27c01f358ad1
2018-11-13 00:03:19,602 39103  INFO  [2a96b8] Here's some useful guids:
		6fca66ee-2f1a-4af9-9ae1-a5c21a7c7835
		d2d1260c-3075-4d3d-92da-7ec10d8a2cda
		73106942-cfad-4558-ac96-f3c77e2f43a8
		d22538c3-186b-41a1-9d4f-a0fb9f92326e
		a2595d5d-33b0-4bb6-8ac5-113e48b196b0
2018-11-13 00:03:19,612 39113  INFO  [959a85] Finished processing user request with id = 959a859f-71b9-4066-8044-83b3c7d5a92a in 00:00:00.0261495.
2018-11-13 00:03:19,626 39127  INFO  [bef4d0] Started processing user request. Id = bef4d0a8-c60a-49fe-8341-9dbc7b45ae70. Size = 39.39 KB.
2018-11-13 00:03:19,627 39128  INFO  [2a96b8] Finished processing user request with id = 2a96b818-c1dc-4831-9864-79fc2fa04435 in 00:00:00.0619672.
2018-11-13 00:03:19,629 39130  INFO  [bef4d0] Doing some complicated stuff.. Random numbers are: 1747676761, 1535264005, 253269378.
2018-11-13 00:03:19,633 39134  INFO  [BackgroundDaemon] Processing data (18% completed)..
2018-11-13 00:03:19,643 39144  INFO  [bef4d0] Here's some useful guids:
		f17d85ee-cb2c-4a27-9c57-cee1b5daf3ad
		66438107-eca0-42f2-8063-7e8cad8d6166
2018-11-13 00:03:19,651 39152  INFO  [bef4d0] Finished processing user request with id = bef4d0a8-c60a-49fe-8341-9dbc7b45ae70 in 00:00:00.0249762.
2018-11-13 00:03:19,659 39160  INFO  [a5dbc8] Started processing user request. Id = a5dbc8ea-0ab8-4b2c-bde6-57c4b9e79cc9. Size = 43.27 KB.
2018-11-13 00:03:19,664 39165  INFO  [4f8aec] Started processing user request. Id = 4f8aecba-cad0-405e-8fc3-6986ab8fb2bf. Size = 13.39 KB.
2018-11-13 00:03:19,672 39173  INFO  [a5dbc8] Doing some complicated stuff.. Random numbers are: 436829249, 1123763414, 1907506886.
2018-11-13 00:03:19,676 39177  INFO  [4f8aec] Doing some complicated stuff.. Random numbers are: 1941442975, 129631378, 1011813992.
2018-11-13 00:03:19,687 39188  INFO  [BackgroundDaemon] Processing data (24% completed)..
2018-11-13 00:03:19,720 39221  INFO  [BackgroundDaemon] Processing data (62% completed)..
2018-11-13 00:03:19,720 39221  INFO  [BackgroundDaemon] Finished iteration in 00:00:00.1618873.
2018-11-13 00:03:19,721 39222  INFO  [4f8aec] Finished processing user request with id = 4f8aecba-cad0-405e-8fc3-6986ab8fb2bf in 00:00:00.0571873.
2018-11-13 00:03:19,734 39235  INFO  [a5dbc8] Finished processing user request with id = a5dbc8ea-0ab8-4b2c-bde6-57c4b9e79cc9 in 00:00:00.0751778.
2018-11-13 00:03:19,735 39236  INFO  [d24e8b] Started processing user request. Id = d24e8b55-1eb1-4569-8919-ee486cbac1e3. Size = 67.16 KB.
2018-11-13 00:03:19,735 39236  INFO  [d24e8b] Doing some complicated stuff.. Random numbers are: 215314579, 4882101, 1982023789.
2018-11-13 00:03:19,755 39256  INFO  [d24e8b] Finished processing user request with id = d24e8b55-1eb1-4569-8919-ee486cbac1e3 in 00:00:00.0200708.
2018-11-13 00:03:19,756 39257  INFO  [7b711d] Started processing user request. Id = 7b711df7-be0c-4240-b692-364d3dc7f009. Size = 57.25 KB.
2018-11-13 00:03:19,762 39264  INFO  [7b711d] Doing some complicated stuff.. Random numbers are: 1750366858, 1803252355, 2105873845.
2018-11-13 00:03:19,765 39267  INFO  [d313a5] Started processing user request. Id = d313a50c-3735-4218-b945-d920d4baff96. Size = 46.45 KB.
2018-11-13 00:03:19,768 39269  INFO  [Metrics] Cpu: 4.97%; Memory: 19.79 GB/31.88 GB; Workers: 4/1024; IOCP: 0/1024
2018-11-13 00:03:19,769 39270  INFO  [941614] Started processing user request. Id = 941614bb-edf7-45b6-9780-84adae8a41ed. Size = 35.87 KB.
2018-11-13 00:03:19,778 39279  INFO  [d313a5] Doing some complicated stuff.. Random numbers are: 441172122, 68268408, 36078937.
2018-11-13 00:03:19,778 39279  INFO  [941614] Doing some complicated stuff.. Random numbers are: 912618435, 2008737458, 1885962241.
2018-11-13 00:03:19,785 39286  INFO  [d313a5] Here's some useful guids:
		ed88d320-75d7-49b4-8eb8-95d5704bfa4c
		1abeac53-6741-42eb-9df5-0cb8f594abc6
		84bffa13-98e8-460d-9807-87b26914cba3
2018-11-13 00:03:19,800 39301  INFO  [941614] Here's some useful guids:
		8091ad12-9673-4caa-a8ba-9f3263826bd9
		54c7f746-0eb5-4240-80aa-b7d3d551b077
		bab8bcbb-bd78-4eab-a727-b98ba4a60163
2018-11-13 00:03:19,803 39304  INFO  [941614] Finished processing user request with id = 941614bb-edf7-45b6-9780-84adae8a41ed in 00:00:00.0344071.
2018-11-13 00:03:19,806 39308  INFO  [d313a5] Finished processing user request with id = d313a50c-3735-4218-b945-d920d4baff96 in 00:00:00.0409694.
2018-11-13 00:03:19,811 39312  ERROR [7b711d] 
System.InvalidOperationException: Oh no! An error occurred!
2018-11-13 00:03:19,817 39318  INFO  [46245a] Started processing user request. Id = 46245a1d-c0a2-445b-bc72-be065a7aecf8. Size = 87.16 KB.
2018-11-13 00:03:19,827 39328  INFO  [46245a] Doing some complicated stuff.. Random numbers are: 953668373, 870962696, 1569728540.
2018-11-13 00:03:19,838 39339  INFO  [dff7c7] Started processing user request. Id = dff7c79f-8c60-47a7-a5bc-d9a2bdbddaa1. Size = 85.59 KB.
2018-11-13 00:03:19,843 39344  INFO  [dff7c7] Doing some complicated stuff.. Random numbers are: 1832335438, 1559330269, 1320262799.
2018-11-13 00:03:19,845 39346  INFO  [46245a] Here's some useful guids:
		683eb757-9048-4cd2-917c-8df10e74c1dc
		36d580fe-ba47-4c01-ab3e-ae8ecca3b3d1
		48a0c5c2-b8a9-4f8b-bd17-e21f8d0eed0a
		1ba7a713-d92c-4203-9462-98178d9250d3
2018-11-13 00:03:19,850 39351  INFO  [46245a] Finished processing user request with id = 46245a1d-c0a2-445b-bc72-be065a7aecf8 in 00:00:00.0326075.
2018-11-13 00:03:19,863 39364  INFO  [ee7982] Started processing user request. Id = ee7982ba-66da-4945-b17a-b79792900e77. Size = 77.5 KB.
2018-11-13 00:03:19,873 39374  INFO  [ee7982] Doing some complicated stuff.. Random numbers are: 1231411283, 991354933, 325155980.
2018-11-13 00:03:19,891 39392  INFO  [dff7c7] Finished processing user request with id = dff7c79f-8c60-47a7-a5bc-d9a2bdbddaa1 in 00:00:00.0530375.
2018-11-13 00:03:19,913 39414  INFO  [ee7982] Finished processing user request with id = ee7982ba-66da-4945-b17a-b79792900e77 in 00:00:00.0499065.
2018-11-13 00:03:19,921 39422  INFO  [BackgroundDaemon] Starting iteration #15535.
2018-11-13 00:03:19,922 39423  INFO  [3e669f] Started processing user request. Id = 3e669ffc-e66c-45ba-a98e-f63a954058ac. Size = 73.91 KB.
2018-11-13 00:03:19,926 39427  INFO  [8983b7] Started processing user request. Id = 8983b7a2-d83c-40d1-99a9-7a50f2dc11a3. Size = 87.43 KB.
2018-11-13 00:03:19,937 39438  INFO  [8983b7] Doing some complicated stuff.. Random numbers are: 502457520, 1945560683, 1113642101.
2018-11-13 00:03:19,939 39440  INFO  [3e669f] Doing some complicated stuff.. Random numbers are: 1937474112, 612597343, 1064669511.
2018-11-13 00:03:19,944 39445  INFO  [8983b7] Finished processing user request with id = 8983b7a2-d83c-40d1-99a9-7a50f2dc11a3 in 00:00:00.0178509.
2018-11-13 00:03:19,957 39458  INFO  [abaca2] Started processing user request. Id = abaca257-999e-40c0-9d1a-ffa549db8899. Size = 68.5 KB.
2018-11-13 00:03:19,964 39465  INFO  [abaca2] Doing some complicated stuff.. Random numbers are: 1221185226, 2023936286, 1185119730.
2018-11-13 00:03:19,970 39471  INFO  [BackgroundDaemon] Processing data (1% completed)..
2018-11-13 00:03:19,973 39474  INFO  [3e669f] Here's some useful guids:
		8059d768-cf3c-446f-81df-b367bd9aaec5
		aa17b4a0-b386-4bee-9c7d-08920b1eddd8
		3f7f3f8b-3677-4430-9e58-346be99ce070
		df1dba13-a178-4ef0-a1d1-901ae871d042
2018-11-13 00:03:19,978 39479  INFO  [b366a0] Started processing user request. Id = b366a0a4-76c3-4c92-870c-281d759b8ebf. Size = 22.03 KB.
2018-11-13 00:03:19,983 39484  INFO  [b366a0] Doing some complicated stuff.. Random numbers are: 1525606971, 1660889256, 712285331.
2018-11-13 00:03:19,995 39496  INFO  [3e669f] Finished processing user request with id = 3e669ffc-e66c-45ba-a98e-f63a954058ac in 00:00:00.0732124.
2018-11-13 00:03:20,008 39509  INFO  [abaca2] Finished processing user request with id = abaca257-999e-40c0-9d1a-ffa549db8899 in 00:00:00.0511422.
2018-11-13 00:03:20,011 39512  INFO  [b366a0] Finished processing user request with id = b366a0a4-76c3-4c92-870c-281d759b8ebf in 00:00:00.0332104.
2018-11-13 00:03:20,022 39523  INFO  [395f49] Started processing user request. Id = 395f4947-0bba-4f70-92ff-3cc43545a63f. Size = 60.17 KB.
2018-11-13 00:03:20,027 39528  INFO  [96abbf] Started processing user request. Id = 96abbfee-4c11-4e4b-8c56-e6e6bf461c71. Size = 8.55 KB.
2018-11-13 00:03:20,030 39531  INFO  [395f49] Doing some complicated stuff.. Random numbers are: 1221922937, 1485784414, 1123364179.
2018-11-13 00:03:20,034 39535  INFO  [BackgroundDaemon] Processing data (29% completed)..
2018-11-13 00:03:20,036 39537  INFO  [96abbf] Doing some complicated stuff.. Random numbers are: 249934513, 452330447, 447903982.
2018-11-13 00:03:20,051 39553  INFO  [96abbf] Finished processing user request with id = 96abbfee-4c11-4e4b-8c56-e6e6bf461c71 in 00:00:00.0241566.
2018-11-13 00:03:20,083 39584  INFO  [0fe6d7] Started processing user request. Id = 0fe6d7de-9e8c-4029-9bb1-65dbd07a4c13. Size = 78.71 KB.
2018-11-13 00:03:20,085 39586  INFO  [395f49] Finished processing user request with id = 395f4947-0bba-4f70-92ff-3cc43545a63f in 00:00:00.0630827.
2018-11-13 00:03:20,088 39589  INFO  [0fe6d7] Doing some complicated stuff.. Random numbers are: 815959194, 628941953, 1476693712.
2018-11-13 00:03:20,098 39599  INFO  [7693b1] Started processing user request. Id = 7693b192-32cb-4515-8f71-7c814556d854. Size = 81.36 KB.
2018-11-13 00:03:20,100 39601  INFO  [BackgroundDaemon] Processing data (67% completed)..
2018-11-13 00:03:20,100 39601  INFO  [BackgroundDaemon] Finished iteration in 00:00:00.1792245.
2018-11-13 00:03:20,104 39605  INFO  [0fe6d7] Finished processing user request with id = 0fe6d7de-9e8c-4029-9bb1-65dbd07a4c13 in 00:00:00.0210150.
2018-11-13 00:03:20,118 39619  INFO  [7693b1] Doing some complicated stuff.. Random numbers are: 1683581478, 259584255, 1552856067.
2018-11-13 00:03:20,126 39627  INFO  [7693b1] Here's some useful guids:
		cdef02e5-48cf-4915-b9e1-37580f338186
		d7b5aa4c-fb65-43e2-b1d4-913dc001fb30
2018-11-13 00:03:20,135 39637  INFO  [2a9554] Started processing user request. Id = 2a95540e-e9ee-402a-9c52-88c98cf60958. Size = 91.31 KB.
2018-11-13 00:03:20,145 39646  INFO  [7693b1] Finished processing user request with id = 7693b192-32cb-4515-8f71-7c814556d854 in 00:00:00.0466233.
2018-11-13 00:03:20,147 39648  INFO  [2a9554] Doing some complicated stuff.. Random numbers are: 2008888570, 325082870, 42385642.
2018-11-13 00:03:20,158 39659  INFO  [13fa8f] Started processing user request. Id = 13fa8fe2-27ab-48d5-97ee-b61eee6c20c0. Size = 60.84 KB.
2018-11-13 00:03:20,160 39661  INFO  [2a9554] Here's some useful guids:
		65484797-165d-4ea2-871f-a9c695a3e6c2
		0ba67936-fa36-4f37-b731-cd6d893c89bb
		b6680a21-479c-409a-a23d-3253e4b6696f
		044945cf-84cc-4760-887a-691a98268dee
		3ae78c9d-8a75-4939-8e60-b25674ac55d2
2018-11-13 00:03:20,177 39678  INFO  [13fa8f] Doing some complicated stuff.. Random numbers are: 811961295, 1867820282, 620535720.
2018-11-13 00:03:20,178 39679  INFO  [2a9554] Finished processing user request with id = 2a95540e-e9ee-402a-9c52-88c98cf60958 in 00:00:00.0426753.
2018-11-13 00:03:20,179 39680  INFO  [94feac] Started processing user request. Id = 94feacb7-4e77-482d-b8e4-88f31a8ce641. Size = 54.75 KB.
2018-11-13 00:03:20,195 39696  INFO  [94feac] Doing some complicated stuff.. Random numbers are: 1012227627, 351031206, 1142487767.
2018-11-13 00:03:20,203 39704  INFO  [13fa8f] Finished processing user request with id = 13fa8fe2-27ab-48d5-97ee-b61eee6c20c0 in 00:00:00.0444949.
2018-11-13 00:03:20,210 39711  INFO  [ab062f] Started processing user request. Id = ab062f81-35ad-406e-833a-9749eeaa1bff. Size = 69.65 KB.
2018-11-13 00:03:20,213 39714  INFO  [ab062f] Doing some complicated stuff.. Random numbers are: 1738941206, 1198002845, 975109385.
2018-11-13 00:03:20,216 39717  INFO  [7c1fb3] Started processing user request. Id = 7c1fb35c-fd28-404a-bcb4-222985e7c18d. Size = 83.15 KB.
2018-11-13 00:03:20,235 39737  INFO  [7c1fb3] Doing some complicated stuff.. Random numbers are: 81921383, 1480743197, 788183267.
2018-11-13 00:03:20,244 39746  INFO  [ab062f] Finished processing user request with id = ab062f81-35ad-406e-833a-9749eeaa1bff in 00:00:00.0349285.
2018-11-13 00:03:20,246 39748  INFO  [94feac] Finished processing user request with id = 94feacb7-4e77-482d-b8e4-88f31a8ce641 in 00:00:00.0673777.
2018-11-13 00:03:20,256 39757  INFO  [7c1fb3] Here's some useful guids:
		d4f9a875-79a2-491e-8d6f-1cc7a7ad091b
		d742b7a2-1f72-40da-a039-00a4eacf480a
		4115cb35-a634-427e-8fc4-57f8a0629551
		4b444c84-8a9f-4953-808b-d834c887068b
		20b86da5-7370-42c5-8b63-d54242248bac
2018-11-13 00:03:20,267 39768  INFO  [Metrics] Cpu: 0.80%; Memory: 19.79 GB/31.88 GB; Workers: 4/1024; IOCP: 0/1024
2018-11-13 00:03:20,272 39773  INFO  [7c1fb3] Finished processing user request with id = 7c1fb35c-fd28-404a-bcb4-222985e7c18d in 00:00:00.0560568.
2018-11-13 00:03:20,276 39777  INFO  [737094] Started processing user request. Id = 7370942c-5d77-4a10-865c-3297f0f3d3d7. Size = 5.32 KB.
2018-11-13 00:03:20,285 39786  INFO  [44d37d] Started processing user request. Id = 44d37dbd-57b2-490d-89c3-2334996973ce. Size = 1.44 KB.
2018-11-13 00:03:20,288 39789  INFO  [737094] Doing some complicated stuff.. Random numbers are: 1028476139, 1324669060, 885729900.
2018-11-13 00:03:20,295 39796  INFO  [44d37d] Doing some complicated stuff.. Random numbers are: 213674726, 1467869222, 452218514.
2018-11-13 00:03:20,297 39798  INFO  [44d37d] Here's some useful guids:
		3d7f72b7-2936-4bf3-8e91-3f3f7d8ba5c4
		bfa48136-2ad3-4235-bdd1-9602ff9cb245
		f0c9e25f-97e2-4420-8f1d-107bcd6a5786
2018-11-13 00:03:20,301 39802  INFO  [BackgroundDaemon] Starting iteration #15536.
2018-11-13 00:03:20,307 39808  INFO  [737094] Here's some useful guids:
		a7a810a3-61d7-42f1-a46b-fe114084744c
		1b528d0d-2b5d-4475-b853-fbad2e9874ba
2018-11-13 00:03:20,314 39815  INFO  [44d37d] Finished processing user request with id = 44d37dbd-57b2-490d-89c3-2334996973ce in 00:00:00.0287228.
2018-11-13 00:03:20,318 39819  INFO  [737094] Finished processing user request with id = 7370942c-5d77-4a10-865c-3297f0f3d3d7 in 00:00:00.0421964.
2018-11-13 00:03:20,327 39828  INFO  [2bb275] Started processing user request. Id = 2bb27596-7e1a-4c75-a980-2c5fc0192784. Size = 37.11 KB.
2018-11-13 00:03:20,336 39838  INFO  [BackgroundDaemon] Processing data (6% completed)..
2018-11-13 00:03:20,337 39839  INFO  [2bb275] Doing some complicated stuff.. Random numbers are: 736687677, 1974501733, 253313417.
2018-11-13 00:03:20,344 39845  INFO  [2bb275] Here's some useful guids:
		eaa38e68-aac0-4e8e-a443-421b48dea40a
		66f8b6ed-2af3-4dc7-a069-81763cc4d885
2018-11-13 00:03:20,350 39851  INFO  [9eb504] Started processing user request. Id = 9eb504f1-7e02-4896-997b-20df32f26218. Size = 21.06 KB.
2018-11-13 00:03:20,358 39859  INFO  [2bb275] Finished processing user request with id = 2bb27596-7e1a-4c75-a980-2c5fc0192784 in 00:00:00.0305629.
2018-11-13 00:03:20,369 39870  INFO  [9eb504] Doing some complicated stuff.. Random numbers are: 1146942474, 1700351767, 1330114915.
2018-11-13 00:03:20,371 39872  INFO  [ebe3eb] Started processing user request. Id = ebe3eb28-1e78-4155-820a-2ba57f2ad39b. Size = 64.96 KB.
2018-11-13 00:03:20,382 39883  INFO  [ebe3eb] Doing some complicated stuff.. Random numbers are: 2010969141, 1619079123, 2121397803.
2018-11-13 00:03:20,397 39898  INFO  [9eb504] Here's some useful guids:
		e60c6ba0-0e8d-43ee-b7e7-df5f1c3a1b46
		849b9bc8-3cbc-4d99-89aa-5092c9f4eda3
		e6e0e3de-ecc6-4e4c-9799-5d6bea489633
		7bcc500b-79e5-4c3d-bc9e-6171eb33ca6a
		22f6a585-0b41-40c6-add9-f0059ee69007
2018-11-13 00:03:20,414 39915  INFO  [2374ac] Started processing user request. Id = 2374ac0d-c058-43d6-8e6d-de409dcfb60f. Size = 22.69 KB.
2018-11-13 00:03:20,423 39924  INFO  [2374ac] Doing some complicated stuff.. Random numbers are: 1652300777, 529702067, 1559047787.
2018-11-13 00:03:20,423 39924  INFO  [ebe3eb] Finished processing user request with id = ebe3eb28-1e78-4155-820a-2ba57f2ad39b in 00:00:00.0522912.
2018-11-13 00:03:20,425 39926  INFO  [9eb504] Finished processing user request with id = 9eb504f1-7e02-4896-997b-20df32f26218 in 00:00:00.0753933.
2018-11-13 00:03:20,430 39931  INFO  [BackgroundDaemon] Processing data (32% completed)..
2018-11-13 00:03:20,436 39937  INFO  [3544b8] Started processing user request. Id = 3544b851-c4a7-4fed-90fc-7fbeae849505. Size = 59.25 KB.
2018-11-13 00:03:20,447 39948  INFO  [3544b8] Doing some complicated stuff.. Random numbers are: 555648383, 1833089054, 21079848.
2018-11-13 00:03:20,456 39957  INFO  [322725] Started processing user request. Id = 322725c5-7c98-4464-9887-05c763543fac. Size = 77.49 KB.
2018-11-13 00:03:20,456 39957  INFO  [322725] Doing some complicated stuff.. Random numbers are: 769920146, 1451967745, 1433756987.
2018-11-13 00:03:20,467 39968  INFO  [2374ac] Finished processing user request with id = 2374ac0d-c058-43d6-8e6d-de409dcfb60f in 00:00:00.0529982.
2018-11-13 00:03:20,472 39973  INFO  [3544b8] Here's some useful guids:
		795bc377-6c1a-4fe6-8f7a-994be09527f2
		0b074095-1232-422c-a5f0-9c7dc5ccf931
		9bb53619-cd11-4d5c-8552-b7fe4c524326
2018-11-13 00:03:20,475 39976  INFO  [322725] Here's some useful guids:
		ed0a9fde-23c1-4816-aecf-92a5ca923811
		80513a71-1a2d-41d1-be44-92207b90fd64
		bf6bc0ea-267f-435d-89c2-2e01f9b4c285
		cc164011-acd0-47d1-9615-1529c56d014b
		5eae6102-6afa-4337-8510-dbbfae76f7d9
2018-11-13 00:03:20,480 39981  INFO  [3544b8] Finished processing user request with id = 3544b851-c4a7-4fed-90fc-7fbeae849505 in 00:00:00.0434536.
2018-11-13 00:03:20,482 39983  INFO  [BackgroundDaemon] Processing data (53% completed)..
2018-11-13 00:03:20,482 39983  INFO  [BackgroundDaemon] Finished iteration in 00:00:00.1813289.
2018-11-13 00:03:20,494 39995  INFO  [660504] Started processing user request. Id = 66050455-74e9-4c47-b89b-9847f58f2fcd. Size = 82.21 KB.
2018-11-13 00:03:20,496 39997  ERROR [322725] 
System.InvalidOperationException: Oh no! An error occurred!
2018-11-13 00:03:20,497 39998  INFO  [660504] Doing some complicated stuff.. Random numbers are: 1316223927, 813918585, 362536355.
2018-11-13 00:03:20,523 40024  INFO  [660504] Here's some useful guids:
		798b93ca-10e5-42d2-9b4d-99ede24f8660
		b89d1962-0157-4c16-b915-de64aa779078
		248b5009-14f8-4281-97c1-6127ce3046c3
		f8fc2571-cce3-475e-9c92-11aee6bb84a5
2018-11-13 00:03:20,527 40028  INFO  [660504] Finished processing user request with id = 66050455-74e9-4c47-b89b-9847f58f2fcd in 00:00:00.0335154.
2018-11-13 00:03:20,527 40028  INFO  [0bea65] Started processing user request. Id = 0bea65f3-0bb7-44a9-b9a8-ace2da5659ac. Size = 54.06 KB.
2018-11-13 00:03:20,529 40030  INFO  [0bea65] Doing some complicated stuff.. Random numbers are: 602763469, 442272515, 35255350.
2018-11-13 00:03:20,541 40042  INFO  [260c3e] Started processing user request. Id = 260c3e15-53a0-48ff-bdad-8c52dd0169a2. Size = 19.88 KB.
2018-11-13 00:03:20,546 40047  INFO  [260c3e] Doing some complicated stuff.. Random numbers are: 2106559745, 928356461, 586271111.
2018-11-13 00:03:20,567 40068  INFO  [0bea65] Here's some useful guids:
		ed53c233-ede0-46c2-9479-6be391f81843
		9a037b05-b441-4626-99d2-645438508dc4
		6194709a-b55c-47e8-9008-bbf129ba0273
		08c6b9ea-8b3f-4625-b86b-e126fe630469
		05864c53-befd-4efb-8038-02734e12cfab
2018-11-13 00:03:20,568 40069  INFO  [260c3e] Here's some useful guids:
		f028a648-a822-4f38-92f5-312af9e5cd37
		2efe5277-5cee-4d64-8212-1c9dd0890860
		290d1be5-283e-4f33-9c3c-f94fd82ea417
2018-11-13 00:03:20,579 40080  INFO  [260c3e] Finished processing user request with id = 260c3e15-53a0-48ff-bdad-8c52dd0169a2 in 00:00:00.0380311.
2018-11-13 00:03:20,583 40084  INFO  [0bea65] Finished processing user request with id = 0bea65f3-0bb7-44a9-b9a8-ace2da5659ac in 00:00:00.0554419.
2018-11-13 00:03:20,593 40094  INFO  [c2e11e] Started processing user request. Id = c2e11e3a-d7bf-479d-8cba-05392a38fe3d. Size = 38.32 KB.
2018-11-13 00:03:20,597 40098  INFO  [c2e11e] Doing some complicated stuff.. Random numbers are: 1948123284, 302421, 2090293708.
2018-11-13 00:03:20,601 40102  INFO  [c2e11e] Here's some useful guids:
		df575c3e-4476-48ba-92dd-7863e7bcdce5
		bed7ba44-d527-408e-8ceb-e0bed2e753f1
		a880e97a-d5f4-4978-aeba-d822a46a5600
		2a281c50-0475-4a67-aa6b-b627ae974dbd
2018-11-13 00:03:20,611 40112  INFO  [c2e11e] Finished processing user request with id = c2e11e3a-d7bf-479d-8cba-05392a38fe3d in 00:00:00.0183315.
2018-11-13 00:03:20,614 40115  INFO  [262bf5] Started processing user request. Id = 262bf5f5-10b4-4a4d-990c-dd534d79b5e5. Size = 97.99 KB.
2018-11-13 00:03:20,625 40126  INFO  [335c7d] Started processing user request. Id = 335c7d4e-cc35-48bf-aed3-5582a09d24a4. Size = 94.57 KB.
2018-11-13 00:03:20,633 40134  INFO  [262bf5] Doing some complicated stuff.. Random numbers are: 1737594691, 722248845, 765589632.
2018-11-13 00:03:20,635 40136  INFO  [4cc5c7] Started processing user request. Id = 4cc5c766-556e-443c-b89c-58e9556defe9. Size = 60.79 KB.
2018-11-13 00:03:20,635 40136  INFO  [4cc5c7] Doing some complicated stuff.. Random numbers are: 1774440204, 1823426950, 1838883734.
2018-11-13 00:03:20,638 40139  INFO  [335c7d] Doing some complicated stuff.. Random numbers are: 156093447, 144779502, 1421458715.
2018-11-13 00:03:20,645 40146  INFO  [335c7d] Here's some useful guids:
		6020dd80-e057-4414-9ee0-24e4697336c3
2018-11-13 00:03:20,648 40149  INFO  [262bf5] Here's some useful guids:
		069af178-1ccd-45d3-9b66-988db94d96d0
		8472814b-de90-4312-9876-ab7b576753cc
2018-11-13 00:03:20,654 40155  INFO  [262bf5] Finished processing user request with id = 262bf5f5-10b4-4a4d-990c-dd534d79b5e5 in 00:00:00.0400363.
2018-11-13 00:03:20,668 40169  INFO  [335c7d] Finished processing user request with id = 335c7d4e-cc35-48bf-aed3-5582a09d24a4 in 00:00:00.0430697.
2018-11-13 00:03:20,681 40183  INFO  [7aed19] Started processing user request. Id = 7aed195c-cd62-4e97-a818-dff29bc52695. Size = 66.39 KB.
2018-11-13 00:03:20,682 40184  INFO  [BackgroundDaemon] Starting iteration #15537.
2018-11-13 00:03:20,685 40187  INFO  [7aed19] Doing some complicated stuff.. Random numbers are: 1443504926, 1508057819, 460456158.
2018-11-13 00:03:20,685 40187  INFO  [d73e8c] Started processing user request. Id = d73e8c80-adf6-4549-8c21-dac8da1fbec1. Size = 30.23 KB.
2018-11-13 00:03:20,689 40191  INFO  [4cc5c7] Finished processing user request with id = 4cc5c766-556e-443c-b89c-58e9556defe9 in 00:00:00.0544706.
2018-11-13 00:03:20,704 40206  INFO  [d73e8c] Doing some complicated stuff.. Random numbers are: 1460228073, 1308787988, 2074971069.
2018-11-13 00:03:20,706 40208  INFO  [d73e8c] Here's some useful guids:
		ba1b6c99-f1e1-47e3-a39d-9270628288b6
		45f442a0-3b50-42e0-a7c0-652514b3c644
		1a439188-fe07-4531-95e2-0d01eb0210f4
		94a81351-1dba-4c32-bf22-a6e2aa14c76d
		8d0b4a5b-f6c9-463e-922f-4d7e215ecb8a
2018-11-13 00:03:20,709 40211  INFO  [BackgroundDaemon] Processing data (15% completed)..
2018-11-13 00:03:20,727 40229  INFO  [7aed19] Finished processing user request with id = 7aed195c-cd62-4e97-a818-dff29bc52695 in 00:00:00.0459913.
2018-11-13 00:03:20,735 40236  ERROR [d73e8c] 
System.InvalidOperationException: Oh no! An error occurred!
2018-11-13 00:03:20,741 40242  INFO  [388c54] Started processing user request. Id = 388c5421-8983-40f1-81be-86516387981c. Size = 46.39 KB.
2018-11-13 00:03:20,745 40246  INFO  [388c54] Doing some complicated stuff.. Random numbers are: 1269144823, 375461170, 1173169278.
2018-11-13 00:03:20,767 40268  INFO  [d9f8a6] Started processing user request. Id = d9f8a64e-9fdc-4ed5-8f47-f431dd55dce1. Size = 41.2 KB.
2018-11-13 00:03:20,767 40268  INFO  [Metrics] Cpu: 0.80%; Memory: 19.79 GB/31.88 GB; Workers: 4/1024; IOCP: 0/1024
2018-11-13 00:03:20,767 40268  INFO  [d9f8a6] Doing some complicated stuff.. Random numbers are: 1569593938, 960402685, 2067871601.
2018-11-13 00:03:20,783 40284  INFO  [388c54] Finished processing user request with id = 388c5421-8983-40f1-81be-86516387981c in 00:00:00.0420199.
2018-11-13 00:03:20,783 40284  INFO  [d9f8a6] Finished processing user request with id = d9f8a64e-9fdc-4ed5-8f47-f431dd55dce1 in 00:00:00.0160049.
2018-11-13 00:03:20,784 40285  INFO  [BackgroundDaemon] Processing data (29% completed)..
2018-11-13 00:03:20,796 40298  INFO  [962891] Started processing user request. Id = 9628913f-fb6f-4c73-9dc0-500c6fc42901. Size = 39.81 KB.
2018-11-13 00:03:20,796 40298  INFO  [962891] Doing some complicated stuff.. Random numbers are: 1192076908, 1351086322, 688205881.
2018-11-13 00:03:20,815 40316  INFO  [e199e8] Started processing user request. Id = e199e813-0d82-4b34-a690-05db00102aff. Size = 66.38 KB.
2018-11-13 00:03:20,820 40321  INFO  [e199e8] Doing some complicated stuff.. Random numbers are: 374192945, 611220842, 597034618.
2018-11-13 00:03:20,845 40346  INFO  [BackgroundDaemon] Processing data (73% completed)..
2018-11-13 00:03:20,845 40346  INFO  [BackgroundDaemon] Finished iteration in 00:00:00.1622369.
2018-11-13 00:03:20,845 40346  INFO  [e199e8] Finished processing user request with id = e199e813-0d82-4b34-a690-05db00102aff in 00:00:00.0300342.
2018-11-13 00:03:20,846 40347  INFO  [962891] Finished processing user request with id = 9628913f-fb6f-4c73-9dc0-500c6fc42901 in 00:00:00.0492112.
2018-11-13 00:03:20,857 40358  INFO  [dbb3b8] Started processing user request. Id = dbb3b8d6-6d7b-490e-992e-740515e1a891. Size = 33.59 KB.
2018-11-13 00:03:20,860 40361  INFO  [0d6ca7] Started processing user request. Id = 0d6ca70c-0659-445b-9d2b-5c31c645e92b. Size = 89.66 KB.
2018-11-13 00:03:20,868 40369  INFO  [dbb3b8] Doing some complicated stuff.. Random numbers are: 2036719587, 959601836, 837003420.
2018-11-13 00:03:20,875 40376  INFO  [0d6ca7] Doing some complicated stuff.. Random numbers are: 216776025, 1048372775, 557543851.
2018-11-13 00:03:20,876 40377  INFO  [f48525] Started processing user request. Id = f485259d-15f5-4701-a09e-7e5d077a26ef. Size = 31.37 KB.
2018-11-13 00:03:20,882 40384  INFO  [f48525] Doing some complicated stuff.. Random numbers are: 623082196, 1495267596, 1722034920.
2018-11-13 00:03:20,885 40386  INFO  [dbb3b8] Here's some useful guids:
		39aeb7f6-7b64-4a70-90e7-26cb672131ec
		f722ff25-c40a-45ca-9cd1-72ea08f06afb
2018-11-13 00:03:20,889 40390  INFO  [dbb3b8] Finished processing user request with id = dbb3b8d6-6d7b-490e-992e-740515e1a891 in 00:00:00.0322189.
2018-11-13 00:03:20,906 40407  INFO  [0d6ca7] Here's some useful guids:
		83f784d3-5def-4bbd-904f-d4fdaac8cc46
2018-11-13 00:03:20,912 40413  INFO  [0d6ca7] Finished processing user request with id = 0d6ca70c-0659-445b-9d2b-5c31c645e92b in 00:00:00.0526407.
2018-11-13 00:03:20,926 40427  INFO  [34fe1c] Started processing user request. Id = 34fe1c77-89d4-4aea-90bf-8d84d6cd7c40. Size = 20.11 KB.
2018-11-13 00:03:20,933 40434  INFO  [f48525] Finished processing user request with id = f485259d-15f5-4701-a09e-7e5d077a26ef in 00:00:00.0571694.
2018-11-13 00:03:20,942 40443  INFO  [34fe1c] Doing some complicated stuff.. Random numbers are: 1228726802, 1278660549, 628990673.
2018-11-13 00:03:20,951 40452  INFO  [34fe1c] Finished processing user request with id = 34fe1c77-89d4-4aea-90bf-8d84d6cd7c40 in 00:00:00.0250915.
2018-11-13 00:03:20,965 40466  INFO  [cb5413] Started processing user request. Id = cb541362-f0df-42e6-bb47-f59060cc045f. Size = 65.88 KB.
2018-11-13 00:03:20,965 40466  INFO  [e29dbd] Started processing user request. Id = e29dbd4a-c347-4649-874f-d57abf1cdd98. Size = 46.05 KB.
2018-11-13 00:03:20,969 40470  INFO  [cb5413] Doing some complicated stuff.. Random numbers are: 2127233542, 1410530991, 1392915088.
2018-11-13 00:03:20,975 40476  INFO  [e29dbd] Doing some complicated stuff.. Random numbers are: 623490088, 140838455, 2085726239.
2018-11-13 00:03:20,977 40478  ERROR [cb5413] 
System.InvalidOperationException: Oh no! An error occurred!
2018-11-13 00:03:21,008 40509  INFO  [c9d72d] Started processing user request. Id = c9d72d26-a09e-42dd-ab43-671b56440584. Size = 19.28 KB.
2018-11-13 00:03:21,013 40514  INFO  [e29dbd] Finished processing user request with id = e29dbd4a-c347-4649-874f-d57abf1cdd98 in 00:00:00.0485904.
2018-11-13 00:03:21,015 40516  INFO  [c9d72d] Doing some complicated stuff.. Random numbers are: 801860891, 459320422, 1450414312.
2018-11-13 00:03:21,027 40528  INFO  [31d25a] Started processing user request. Id = 31d25ad4-ff7e-44cf-97e7-0cf679c7b95e. Size = 4.64 KB.
2018-11-13 00:03:21,043 40544  INFO  [31d25a] Doing some complicated stuff.. Random numbers are: 1872110863, 202462632, 1408698546.
2018-11-13 00:03:21,045 40546  INFO  [BackgroundDaemon] Starting iteration #15538.
2018-11-13 00:03:21,055 40556  INFO  [31d25a] Finished processing user request with id = 31d25ad4-ff7e-44cf-97e7-0cf679c7b95e in 00:00:00.0282600.
2018-11-13 00:03:21,056 40557  INFO  [9d2fdc] Started processing user request. Id = 9d2fdc94-c863-449b-b218-4b821be1628c. Size = 41.21 KB.
2018-11-13 00:03:21,064 40565  INFO  [c9d72d] Finished processing user request with id = c9d72d26-a09e-42dd-ab43-671b56440584 in 00:00:00.0555477.
2018-11-13 00:03:21,068 40569  INFO  [b9ad3e] Started processing user request. Id = b9ad3e6e-1708-4a1f-a931-c62f408551af. Size = 96.62 KB.
2018-11-13 00:03:21,071 40572  INFO  [9d2fdc] Doing some complicated stuff.. Random numbers are: 212739789, 2132884019, 448480493.
2018-11-13 00:03:21,085 40587  INFO  [b9ad3e] Doing some complicated stuff.. Random numbers are: 1707759961, 1951585187, 1131942196.
2018-11-13 00:03:21,089 40590  INFO  [9d2fdc] Here's some useful guids:
		ae14cf49-de5f-499b-a88f-7379cb9d75df
		85e59354-85c2-4da1-af10-8e04bcb66310
2018-11-13 00:03:21,095 40596  INFO  [b13c45] Started processing user request. Id = b13c459b-954f-47bb-8ba9-392780c3ff60. Size = 13.13 KB.
2018-11-13 00:03:21,096 40597  ERROR [9d2fdc] 
System.InvalidOperationException: Oh no! An error occurred!
2018-11-13 00:03:21,108 40609  INFO  [b9ad3e] Here's some useful guids:
		28decd9c-b97d-4b02-b165-4dc40120251a
		f11422b5-c986-4e1a-805f-49b06cd49773
		6cdb5ca5-b437-4f69-9823-412a2948950d
		c4cad570-8336-478c-8434-172ffca48735
		701e9a74-9576-4644-87fb-70345296020b
2018-11-13 00:03:21,108 40609  INFO  [b13c45] Doing some complicated stuff.. Random numbers are: 863193455, 387737556, 223514429.
2018-11-13 00:03:21,133 40634  INFO  [b9ad3e] Finished processing user request with id = b9ad3e6e-1708-4a1f-a931-c62f408551af in 00:00:00.0650191.
2018-11-13 00:03:21,140 40642  INFO  [b13c45] Here's some useful guids:
		242f1582-0ee8-420f-97af-365f8fb413b2
		fd093b8a-2923-4476-bd00-9b2df33faf32
		a58b949e-91dc-4ff5-9c97-f369a970f1dc
2018-11-13 00:03:21,141 40643  INFO  [BackgroundDaemon] Processing data (6% completed)..
2018-11-13 00:03:21,147 40648  INFO  [46218f] Started processing user request. Id = 46218fd9-9b83-4b7b-8101-3da9192b4e16. Size = 44.33 KB.
2018-11-13 00:03:21,152 40653  INFO  [46218f] Doing some complicated stuff.. Random numbers are: 1132837121, 987669197, 1365066861.
2018-11-13 00:03:21,160 40661  INFO  [b13c45] Finished processing user request with id = b13c459b-954f-47bb-8ba9-392780c3ff60 in 00:00:00.0648631.
2018-11-13 00:03:21,162 40663  INFO  [46218f] Here's some useful guids:
		fe517438-3ff7-4664-9e99-a8b5c6800914
		a58d8e21-df09-4bf5-9186-758d43135ff3
		de1d27ae-e7cb-427f-affe-0c834670a7b1
		d9565f3b-b5de-436f-a941-b46c076f017f
2018-11-13 00:03:21,181 40682  INFO  [46218f] Finished processing user request with id = 46218fd9-9b83-4b7b-8101-3da9192b4e16 in 00:00:00.0340174.
2018-11-13 00:03:21,192 40693  INFO  [6f6b4d] Started processing user request. Id = 6f6b4d45-dccc-4b20-ad59-ab5bef662eb8. Size = 71.01 KB.
2018-11-13 00:03:21,194 40695  INFO  [803bc8] Started processing user request. Id = 803bc851-889e-46b7-a693-4262cbf13f20. Size = 12.73 KB.
2018-11-13 00:03:21,196 40697  INFO  [803bc8] Doing some complicated stuff.. Random numbers are: 1024902112, 161613588, 1592716918.
2018-11-13 00:03:21,196 40697  INFO  [6f6b4d] Doing some complicated stuff.. Random numbers are: 2011085384, 1781088279, 744256321.
2018-11-13 00:03:21,226 40727  INFO  [BackgroundDaemon] Processing data (44% completed)..
2018-11-13 00:03:21,227 40728  INFO  [6f6b4d] Here's some useful guids:
		f4d1bb75-e4b7-451b-8d2f-46077b843f19
2018-11-13 00:03:21,234 40735  INFO  [803bc8] Here's some useful guids:
		bc24013e-0565-47e6-bb41-679584207d3f
		f668c722-a4fe-459f-a5de-acf732f1a8fb
		46fbe9c2-fd5f-4fbd-bd01-69498233e399
		b68b1b8a-a9b5-4245-9f19-fbd479177002
2018-11-13 00:03:21,238 40739  INFO  [803bc8] Finished processing user request with id = 803bc851-889e-46b7-a693-4262cbf13f20 in 00:00:00.0438383.
2018-11-13 00:03:21,251 40752  INFO  [6f6b4d] Finished processing user request with id = 6f6b4d45-dccc-4b20-ad59-ab5bef662eb8 in 00:00:00.0593638.
2018-11-13 00:03:21,252 40753  INFO  [d49c3f] Started processing user request. Id = d49c3f00-c0cd-44e3-b509-07caa749eb70. Size = 29.52 KB.
2018-11-13 00:03:21,258 40759  INFO  [BackgroundDaemon] Processing data (56% completed)..
2018-11-13 00:03:21,258 40759  INFO  [BackgroundDaemon] Finished iteration in 00:00:00.2127789.
2018-11-13 00:03:21,264 40765  INFO  [cc613f] Started processing user request. Id = cc613f67-a8d6-417c-aa59-88b7b363a9ab. Size = 51.4 KB.
2018-11-13 00:03:21,266 40767  INFO  [Metrics] Cpu: 3.41%; Memory: 19.79 GB/31.88 GB; Workers: 4/1024; IOCP: 0/1024
2018-11-13 00:03:21,267 40768  INFO  [cc613f] Doing some complicated stuff.. Random numbers are: 435049691, 1273509060, 554212662.
2018-11-13 00:03:21,271 40772  INFO  [d49c3f] Doing some complicated stuff.. Random numbers are: 508596497, 1335690930, 1881321961.
2018-11-13 00:03:21,277 40778  INFO  [cc613f] Here's some useful guids:
		1389fd4a-3d81-4b98-b232-9027ddd1b76d
		f8ff989c-312c-4c89-b8bf-54c2f841c180
		1879dccc-839f-487c-8ac3-fa34ba893c1d
2018-11-13 00:03:21,282 40783  INFO  [30926b] Started processing user request. Id = 30926bd6-6372-4998-94e2-00f2598fbdbb. Size = 57.28 KB.
2018-11-13 00:03:21,285 40786  INFO  [30926b] Doing some complicated stuff.. Random numbers are: 1521149739, 86205776, 986769864.
2018-11-13 00:03:21,297 40798  ERROR [d49c3f] 
System.InvalidOperationException: Oh no! An error occurred!
2018-11-13 00:03:21,298 40800  ERROR [cc613f] 
System.InvalidOperationException: Oh no! An error occurred!
2018-11-13 00:03:21,310 40811  INFO  [3840b6] Started processing user request. Id = 3840b678-2948-4df6-8173-8e3b9bd77ced. Size = 72.36 KB.
2018-11-13 00:03:21,310 40811  INFO  [3840b6] Doing some complicated stuff.. Random numbers are: 2094539210, 1308090120, 2037743664.
2018-11-13 00:03:21,321 40822  INFO  [3840b6] Here's some useful guids:
		f5b21a70-502c-4a28-85e2-e8f9a16eb8b5
		a186e28a-7f27-4f31-b529-14cbb4b0e497
		e7b0f245-a42c-433b-9a04-9ed41262ab3c
2018-11-13 00:03:21,330 40832  INFO  [30926b] Finished processing user request with id = 30926bd6-6372-4998-94e2-00f2598fbdbb in 00:00:00.0483581.
2018-11-13 00:03:21,332 40834  INFO  [3840b6] Finished processing user request with id = 3840b678-2948-4df6-8173-8e3b9bd77ced in 00:00:00.0221455.
2018-11-13 00:03:21,346 40847  INFO  [b92826] Started processing user request. Id = b92826ed-db33-4c39-8b05-54c6273206ce. Size = 84.3 KB.
2018-11-13 00:03:21,357 40858  INFO  [b92826] Doing some complicated stuff.. Random numbers are: 1434394764, 2125078484, 754334885.
2018-11-13 00:03:21,362 40863  INFO  [9b04cc] Started processing user request. Id = 9b04cc25-06de-49aa-b03d-6c27efb225c3. Size = 61.8 KB.
2018-11-13 00:03:21,371 40872  INFO  [9b04cc] Doing some complicated stuff.. Random numbers are: 202075912, 618281243, 327346289.
2018-11-13 00:03:21,383 40884  INFO  [b92826] Finished processing user request with id = b92826ed-db33-4c39-8b05-54c6273206ce in 00:00:00.0370801.
2018-11-13 00:03:21,396 40897  INFO  [2b9b5a] Started processing user request. Id = 2b9b5a59-6f24-4ce5-bda7-d980eac52345. Size = 16.4 KB.
2018-11-13 00:03:21,407 40908  INFO  [2b9b5a] Doing some complicated stuff.. Random numbers are: 375965698, 708498235, 1901067843.
2018-11-13 00:03:21,420 40921  INFO  [9b04cc] Finished processing user request with id = 9b04cc25-06de-49aa-b03d-6c27efb225c3 in 00:00:00.0580462.
2018-11-13 00:03:21,449 40950  INFO  [2b9b5a] Finished processing user request with id = 2b9b5a59-6f24-4ce5-bda7-d980eac52345 in 00:00:00.0532378.
2018-11-13 00:03:21,451 40952  INFO  [1e7158] Started processing user request. Id = 1e71581b-2060-49c8-ac55-79fa344304f9. Size = 13.31 KB.
2018-11-13 00:03:21,455 40956  INFO  [1e7158] Doing some complicated stuff.. Random numbers are: 843690982, 355301160, 812828257.
2018-11-13 00:03:21,458 40959  INFO  [BackgroundDaemon] Starting iteration #15539.
2018-11-13 00:03:21,462 40963  INFO  [3aeade] Started processing user request. Id = 3aeadeda-4c9e-40dd-a427-a89b243106ed. Size = 88.87 KB.
2018-11-13 00:03:21,465 40967  INFO  [1962b4] Started processing user request. Id = 1962b461-47de-45f2-824f-56bbed0f303b. Size = 84.96 KB.
2018-11-13 00:03:21,473 40974  INFO  [3aeade] Doing some complicated stuff.. Random numbers are: 783410546, 1413008314, 1135379904.
2018-11-13 00:03:21,478 40979  INFO  [1962b4] Doing some complicated stuff.. Random numbers are: 1191863742, 667347536, 1082834173.
2018-11-13 00:03:21,484 40985  INFO  [1962b4] Here's some useful guids:
		4f83f0ff-f542-4624-8ee0-022ed98f0793
		db323a20-dc12-455b-9d67-c550e4480e82
		fea010da-533e-4f92-b501-9ed1db49b005
		0f28ed3f-8151-4f05-ab4f-873a65530a5f
2018-11-13 00:03:21,484 40985  INFO  [1962b4] Finished processing user request with id = 1962b461-47de-45f2-824f-56bbed0f303b in 00:00:00.0182415.
2018-11-13 00:03:21,504 41005  INFO  [BackgroundDaemon] Processing data (13% completed)..
2018-11-13 00:03:21,514 41015  INFO  [1e7158] Finished processing user request with id = 1e71581b-2060-49c8-ac55-79fa344304f9 in 00:00:00.0631185.
2018-11-13 00:03:21,518 41019  INFO  [3aeade] Finished processing user request with id = 3aeadeda-4c9e-40dd-a427-a89b243106ed in 00:00:00.0561427.
2018-11-13 00:03:21,531 41032  INFO  [b31310] Started processing user request. Id = b31310f2-dcc4-4a4f-9307-10816cc3c409. Size = 43.47 KB.
2018-11-13 00:03:21,542 41043  INFO  [b31310] Doing some complicated stuff.. Random numbers are: 1731843277, 1029676794, 970780879.
2018-11-13 00:03:21,545 41046  INFO  [0ea379] Started processing user request. Id = 0ea37989-00d6-4476-bc62-88f2472fd53e. Size = 52.26 KB.
2018-11-13 00:03:21,545 41046  INFO  [0ea379] Doing some complicated stuff.. Random numbers are: 994817976, 1416318484, 1629972606.
2018-11-13 00:03:21,578 41079  INFO  [0ea379] Here's some useful guids:
		0feeb362-cb65-4d04-a7ae-4c6359ceaea1
2018-11-13 00:03:21,582 41083  INFO  [b31310] Here's some useful guids:
		a6cf2df1-37bc-4ed8-8f93-6bf81937bd15
		38e2f45e-37a3-4c62-8f15-bfe319f4a005
2018-11-13 00:03:21,593 41094  INFO  [BackgroundDaemon] Processing data (31% completed)..
2018-11-13 00:03:21,599 41100  INFO  [b31310] Finished processing user request with id = b31310f2-dcc4-4a4f-9307-10816cc3c409 in 00:00:00.0675439.
2018-11-13 00:03:21,608 41109  ERROR [0ea379] 
System.InvalidOperationException: Oh no! An error occurred!
2018-11-13 00:03:21,612 41113  INFO  [a6f401] Started processing user request. Id = a6f401ee-eb15-4b2e-8426-9e5993c1bf1a. Size = 97.47 KB.
2018-11-13 00:03:21,630 41131  INFO  [a6f401] Doing some complicated stuff.. Random numbers are: 584182445, 2026314650, 1834403893.
2018-11-13 00:03:21,640 41141  INFO  [bbf785] Started processing user request. Id = bbf78562-463e-48c0-9f6d-094a6c4dc5a6. Size = 35.51 KB.
2018-11-13 00:03:21,647 41148  INFO  [BackgroundDaemon] Processing data (78% completed)..
2018-11-13 00:03:21,647 41148  INFO  [BackgroundDaemon] Finished iteration in 00:00:00.1891697.
2018-11-13 00:03:21,651 41152  INFO  [954de3] Started processing user request. Id = 954de327-65f4-4598-92e4-7f469c42c513. Size = 14.64 KB.
2018-11-13 00:03:21,654 41155  INFO  [bbf785] Doing some complicated stuff.. Random numbers are: 941425252, 2038469378, 1321029599.
2018-11-13 00:03:21,661 41162  INFO  [954de3] Doing some complicated stuff.. Random numbers are: 854570858, 1959531139, 684628470.
2018-11-13 00:03:21,664 41165  INFO  [a6f401] Here's some useful guids:
		0ff2727d-ae38-4b67-8cb0-103c3d4ec8dd
		8fd760df-d7e4-4de2-a067-e05209416996
		a3940a2b-d212-461b-9ce0-a0e2f911fe85
2018-11-13 00:03:21,669 41170  INFO  [bbf785] Here's some useful guids:
		c243449f-c7ac-4014-8274-5f51a49c86ba
		73ca7020-0db0-44e8-944c-8de82019a593
2018-11-13 00:03:21,680 41181  INFO  [954de3] Finished processing user request with id = 954de327-65f4-4598-92e4-7f469c42c513 in 00:00:00.0287116.
2018-11-13 00:03:21,681 41182  INFO  [a6f401] Finished processing user request with id = a6f401ee-eb15-4b2e-8426-9e5993c1bf1a in 00:00:00.0690078.
2018-11-13 00:03:21,687 41188  ERROR [bbf785] 
System.InvalidOperationException: Oh no! An error occurred!
2018-11-13 00:03:21,694 41195  INFO  [9e9961] Started processing user request. Id = 9e996192-76f6-4b71-b39b-716048880233. Size = 8.84 KB.
2018-11-13 00:03:21,712 41213  INFO  [9e9961] Doing some complicated stuff.. Random numbers are: 893828170, 1717512199, 508550386.
2018-11-13 00:03:21,718 41220  INFO  [8796da] Started processing user request. Id = 8796dae3-5ec6-40ff-a4dd-2677e7a63da6. Size = 76.95 KB.
2018-11-13 00:03:21,725 41226  INFO  [8796da] Doing some complicated stuff.. Random numbers are: 816119250, 1633412784, 1127857903.
2018-11-13 00:03:21,763 41264  INFO  [9e9961] Finished processing user request with id = 9e996192-76f6-4b71-b39b-716048880233 in 00:00:00.0689292.
2018-11-13 00:03:21,765 41266  INFO  [Metrics] Cpu: 3.41%; Memory: 19.79 GB/31.88 GB; Workers: 4/1024; IOCP: 0/1024
2018-11-13 00:03:21,776 41277  INFO  [99e48d] Started processing user request. Id = 99e48d6b-d325-46ee-894a-1854c8bdef25. Size = 3.74 KB.
2018-11-13 00:03:21,778 41279  INFO  [99e48d] Doing some complicated stuff.. Random numbers are: 222523639, 1470610233, 420030615.
2018-11-13 00:03:21,781 41283  INFO  [8796da] Finished processing user request with id = 8796dae3-5ec6-40ff-a4dd-2677e7a63da6 in 00:00:00.0629995.
2018-11-13 00:03:21,813 41314  INFO  [aca617] Started processing user request. Id = aca61716-6c57-4482-aae8-acd23809b39c. Size = 75.88 KB.
2018-11-13 00:03:21,826 41327  INFO  [99e48d] Finished processing user request with id = 99e48d6b-d325-46ee-894a-1854c8bdef25 in 00:00:00.0496511.
2018-11-13 00:03:21,828 41330  INFO  [aca617] Doing some complicated stuff.. Random numbers are: 1129167621, 1540301778, 871290745.
2018-11-13 00:03:21,839 41340  INFO  [c1f412] Started processing user request. Id = c1f41249-e959-4cb6-be42-549849969f51. Size = 10.13 KB.
2018-11-13 00:03:21,842 41343  INFO  [c1f412] Doing some complicated stuff.. Random numbers are: 1865536656, 1360505872, 288509426.
2018-11-13 00:03:21,847 41348  INFO  [098b6a] Started processing user request. Id = 098b6a88-23e2-4efe-a0c9-f02be8050003. Size = 39.08 KB.
2018-11-13 00:03:21,848 41349  INFO  [BackgroundDaemon] Starting iteration #15540.
2018-11-13 00:03:21,855 41356  INFO  [098b6a] Doing some complicated stuff.. Random numbers are: 740137230, 733571517, 2145803678.
2018-11-13 00:03:21,860 41361  ERROR [aca617] 
System.InvalidOperationException: Oh no! An error occurred!
2018-11-13 00:03:21,877 41378  INFO  [c1f412] Here's some useful guids:
		0fbc83af-5d30-490a-be55-aaa3afd466e4
2018-11-13 00:03:21,883 41384  INFO  [BackgroundDaemon] Processing data (18% completed)..
2018-11-13 00:03:21,890 41391  INFO  [098b6a] Here's some useful guids:
		97a21f19-b523-403b-980e-3c6bc6dd6b75
		095011ae-f45f-451d-8ad3-334d34dafc6a
2018-11-13 00:03:21,891 41392  INFO  [674919] Started processing user request. Id = 67491934-7639-4db2-a014-6f8a47c5ee8f. Size = 67.1 KB.
2018-11-13 00:03:21,896 41397  INFO  [674919] Doing some complicated stuff.. Random numbers are: 1704036483, 201977485, 1077837118.
2018-11-13 00:03:21,897 41398  INFO  [c1f412] Finished processing user request with id = c1f41249-e959-4cb6-be42-549849969f51 in 00:00:00.0581647.
2018-11-13 00:03:21,900 41401  INFO  [098b6a] Finished processing user request with id = 098b6a88-23e2-4efe-a0c9-f02be8050003 in 00:00:00.0529976.
2018-11-13 00:03:21,911 41412  INFO  [9a2fc7] Started processing user request. Id = 9a2fc7e8-e804-49f1-ada6-a33457fa7525. Size = 50.11 KB.
2018-11-13 00:03:21,921 41422  INFO  [674919] Finished processing user request with id = 67491934-7639-4db2-a014-6f8a47c5ee8f in 00:00:00.0301606.
2018-11-13 00:03:21,928 41429  INFO  [9a2fc7] Doing some complicated stuff.. Random numbers are: 290626442, 343807699, 695301586.
2018-11-13 00:03:21,945 41447  INFO  [BackgroundDaemon] Processing data (30% completed)..
2018-11-13 00:03:21,952 41453  INFO  [83fcf9] Started processing user request. Id = 83fcf921-d966-441c-9acd-aabcdebf971e. Size = 23.04 KB.
2018-11-13 00:03:21,966 41467  INFO  [9a2fc7] Here's some useful guids:
		6b2675da-a5ac-45a7-a8c2-dadcf9340a5a
		7a72dde4-0f4c-41ba-adaa-5b552942ebbb
		aeeb47c6-1c76-4313-a12d-e1ea7e273229
2018-11-13 00:03:21,968 41469  INFO  [83fcf9] Doing some complicated stuff.. Random numbers are: 1692228570, 782044604, 1515736026.
2018-11-13 00:03:21,969 41470  INFO  [9a2fc7] Finished processing user request with id = 9a2fc7e8-e804-49f1-ada6-a33457fa7525 in 00:00:00.0580714.
2018-11-13 00:03:21,982 41484  INFO  [e75726] Started processing user request. Id = e75726a4-2e8c-4c37-bb9b-17b3a0903489. Size = 23.82 KB.
2018-11-13 00:03:21,999 41501  INFO  [e75726] Doing some complicated stuff.. Random numbers are: 407532657, 1266811770, 109045776.
2018-11-13 00:03:22,018 41519  INFO  [83fcf9] Finished processing user request with id = 83fcf921-d966-441c-9acd-aabcdebf971e in 00:00:00.0659715.
2018-11-13 00:03:22,027 41528  INFO  [BackgroundDaemon] Processing data (68% completed)..
2018-11-13 00:03:22,027 41528  INFO  [BackgroundDaemon] Finished iteration in 00:00:00.1793110.
2018-11-13 00:03:22,047 41548  INFO  [e75726] Finished processing user request with id = e75726a4-2e8c-4c37-bb9b-17b3a0903489 in 00:00:00.0640208.
2018-11-13 00:03:22,050 41551  INFO  [3101fc] Started processing user request. Id = 3101fc78-0b94-49fc-809e-0faaf61dd4fc. Size = 63.48 KB.
2018-11-13 00:03:22,060 41561  INFO  [eca88e] Started processing user request. Id = eca88e78-cdce-45b2-aa17-ba46b7ef745b. Size = 7.5 KB.
2018-11-13 00:03:22,064 41565  INFO  [3101fc] Doing some complicated stuff.. Random numbers are: 288460581, 1731358404, 465082592.
2018-11-13 00:03:22,067 41568  INFO  [4b0e5c] Started processing user request. Id = 4b0e5c15-e94d-4712-a2dc-e853d20e08d1. Size = 13.23 KB.
2018-11-13 00:03:22,069 41570  INFO  [eca88e] Doing some complicated stuff.. Random numbers are: 2074309919, 2026931281, 1515561987.
2018-11-13 00:03:22,071 41572  INFO  [4b0e5c] Doing some complicated stuff.. Random numbers are: 1344938943, 1128471672, 470955230.
2018-11-13 00:03:22,083 41584  INFO  [eca88e] Here's some useful guids:
		34ba412c-d5be-450d-aae2-05ace7ca6a59
		2c7ee61e-166a-44ec-aced-795b7fde6cc8
		1026803b-195b-4447-a486-f8aee9c89155
		dca8e921-f6a8-4c29-badc-2589b09bbe1f
		458b760a-d78e-44c3-9c10-27e45dba5f57
2018-11-13 00:03:22,097 41598  INFO  [eca88e] Finished processing user request with id = eca88e78-cdce-45b2-aa17-ba46b7ef745b in 00:00:00.0369675.
2018-11-13 00:03:22,105 41606  INFO  [3101fc] Finished processing user request with id = 3101fc78-0b94-49fc-809e-0faaf61dd4fc in 00:00:00.0550832.
2018-11-13 00:03:22,110 41611  INFO  [4b0e5c] Finished processing user request with id = 4b0e5c15-e94d-4712-a2dc-e853d20e08d1 in 00:00:00.0423222.
2018-11-13 00:03:22,110 41611  INFO  [bfabb6] Started processing user request. Id = bfabb6e9-3a73-42e7-8946-33c2c7519be6. Size = 50.68 KB.
2018-11-13 00:03:22,117 41618  INFO  [bfabb6] Doing some complicated stuff.. Random numbers are: 208322260, 2106178251, 347696537.
2018-11-13 00:03:22,131 41632  INFO  [bfabb6] Here's some useful guids:
		78b8a3ca-243e-42cb-9a9e-8c5b8d884a39
		ba373ba3-8207-406c-a072-9b56a1798dcd
		5b294130-4f9a-42a1-88fd-8e80b7bdb8e2
		1d9c9baf-b0fa-4af7-b324-2bdfea76b639
		f1a93bb3-61c0-4cb4-b101-caba1edb8382
2018-11-13 00:03:22,136 41637  INFO  [9d9e60] Started processing user request. Id = 9d9e60f7-7377-43a0-ac78-bf5f452c3428. Size = 82.05 KB.
2018-11-13 00:03:22,136 41637  INFO  [9d9e60] Doing some complicated stuff.. Random numbers are: 70134507, 1340909246, 2132823759.
2018-11-13 00:03:22,158 41659  INFO  [bfabb6] Finished processing user request with id = bfabb6e9-3a73-42e7-8946-33c2c7519be6 in 00:00:00.0481535.
2018-11-13 00:03:22,165 41666  INFO  [9d9e60] Here's some useful guids:
		394c8c97-a7c0-4b6e-907a-8cdcb2b15508
		6abe7154-5157-4da5-9339-d5ebb55c6125
		e8ab98c4-90cb-4818-ba90-65158136d9fb
2018-11-13 00:03:22,171 41672  INFO  [d231d4] Started processing user request. Id = d231d487-a495-47d4-bb36-7e556901b02e. Size = 71.33 KB.
2018-11-13 00:03:22,174 41675  INFO  [d231d4] Doing some complicated stuff.. Random numbers are: 2058451674, 1666763696, 1947455665.
2018-11-13 00:03:22,175 41676  INFO  [9d9e60] Finished processing user request with id = 9d9e60f7-7377-43a0-ac78-bf5f452c3428 in 00:00:00.0392536.
2018-11-13 00:03:22,191 41692  INFO  [d231d4] Here's some useful guids:
		d4cf9fc2-015f-41d0-bc5a-fa7e789ef233
		23867970-bd85-4db5-8fda-5b1d861c6655
		332954bf-6919-4051-8b58-c03df1cff168
		904892c1-e7dc-4c0b-8eea-957db1c584ce
		713f2337-8774-4954-806d-2b16126cd20a
2018-11-13 00:03:22,200 41702  INFO  [d231d4] Finished processing user request with id = d231d487-a495-47d4-bb36-7e556901b02e in 00:00:00.0292738.
2018-11-13 00:03:22,207 41708  INFO  [8aa385] Started processing user request. Id = 8aa385dd-2f5e-49f5-9963-c58b2e86942f. Size = 67.72 KB.
2018-11-13 00:03:22,214 41715  INFO  [783bb8] Started processing user request. Id = 783bb806-4e26-444b-99c9-1aa50966d809. Size = 59.82 KB.
2018-11-13 00:03:22,220 41721  INFO  [783bb8] Doing some complicated stuff.. Random numbers are: 1259387605, 2016576747, 1196295563.
2018-11-13 00:03:22,223 41724  INFO  [8aa385] Doing some complicated stuff.. Random numbers are: 762310649, 284343507, 1622587670.
2018-11-13 00:03:22,228 41729  INFO  [BackgroundDaemon] Starting iteration #15541.
2018-11-13 00:03:22,234 41735  INFO  [8aa385] Here's some useful guids:
		c515fdc4-d997-4b44-a2b6-e82221bf0753
		6ed733b8-745d-4590-9f11-1f8a2e6c6688
		3aef46b1-1fa7-45e5-83d4-b6359b32e1d5
		bb4c906d-67de-4836-a497-e38621e984de
		89ec1d3c-e559-4e0e-98d5-f27099955fa9
2018-11-13 00:03:22,253 41754  INFO  [8aa385] Finished processing user request with id = 8aa385dd-2f5e-49f5-9963-c58b2e86942f in 00:00:00.0462080.
2018-11-13 00:03:22,254 41755  INFO  [783bb8] Finished processing user request with id = 783bb806-4e26-444b-99c9-1aa50966d809 in 00:00:00.0397560.
2018-11-13 00:03:22,257 41758  INFO  [BackgroundDaemon] Processing data (2% completed)..
2018-11-13 00:03:22,264 41765  INFO  [Metrics] Cpu: 0.41%; Memory: 19.79 GB/31.88 GB; Workers: 4/1024; IOCP: 0/1024
2018-11-13 00:03:22,267 41768  INFO  [82dc97] Started processing user request. Id = 82dc9750-ed4b-4b50-bc8f-a892137c02fc. Size = 80.4 KB.
2018-11-13 00:03:22,277 41778  INFO  [90135b] Started processing user request. Id = 90135be0-ca72-49ec-ac8d-db439032c951. Size = 47.99 KB.
2018-11-13 00:03:22,277 41778  INFO  [90135b] Doing some complicated stuff.. Random numbers are: 308422979, 1456321885, 515239728.
2018-11-13 00:03:22,284 41785  INFO  [c7b016] Started processing user request. Id = c7b01624-7231-4c0d-8255-5939ee14e75c. Size = 8.13 KB.
2018-11-13 00:03:22,285 41786  INFO  [82dc97] Doing some complicated stuff.. Random numbers are: 254104853, 1305041008, 1618301530.
2018-11-13 00:03:22,296 41798  INFO  [c7b016] Doing some complicated stuff.. Random numbers are: 1963364931, 1996747761, 295605442.
2018-11-13 00:03:22,312 41813  INFO  [90135b] Finished processing user request with id = 90135be0-ca72-49ec-ac8d-db439032c951 in 00:00:00.0345447.
2018-11-13 00:03:22,313 41814  INFO  [82dc97] Finished processing user request with id = 82dc9750-ed4b-4b50-bc8f-a892137c02fc in 00:00:00.0456236.
2018-11-13 00:03:22,326 41827  INFO  [a034ab] Started processing user request. Id = a034ab5d-cab9-4d65-9b21-d48e1acf40bf. Size = 2.73 KB.
2018-11-13 00:03:22,330 41831  INFO  [a034ab] Doing some complicated stuff.. Random numbers are: 1396787165, 1335959587, 1428857309.
2018-11-13 00:03:22,335 41836  INFO  [a034ab] Here's some useful guids:
		5c97d0a9-29c6-4521-8e44-b7f9364f81c0
		c1ccea56-a0f4-4a73-b7b0-ac500bba4f73
		34cfe510-0ac3-4aca-adb3-fc7109286726
		2265e4d1-2c17-4965-b999-ff07df2711fe
		4c53d80c-9029-4f10-97f4-b76ada99bbc1
2018-11-13 00:03:22,348 41849  INFO  [BackgroundDaemon] Processing data (39% completed)..
2018-11-13 00:03:22,350 41851  INFO  [a034ab] Finished processing user request with id = a034ab5d-cab9-4d65-9b21-d48e1acf40bf in 00:00:00.0242188.
2018-11-13 00:03:22,362 41863  INFO  [c7b016] Finished processing user request with id = c7b01624-7231-4c0d-8255-5939ee14e75c in 00:00:00.0773434.
2018-11-13 00:03:22,364 41865  INFO  [cb823b] Started processing user request. Id = cb823b96-19c8-4b5a-9ae9-7451d4cc6c30. Size = 3.63 KB.
2018-11-13 00:03:22,370 41871  INFO  [cb823b] Doing some complicated stuff.. Random numbers are: 162079579, 828345374, 1204542156.
2018-11-13 00:03:22,393 41894  INFO  [2000f1] Started processing user request. Id = 2000f147-6dec-4f53-8a09-440928f96fb7. Size = 5.9 KB.
2018-11-13 00:03:22,404 41905  INFO  [cb823b] Here's some useful guids:
		be35ff93-d1da-4aea-8231-87f5735a3227
2018-11-13 00:03:22,412 41913  INFO  [2000f1] Doing some complicated stuff.. Random numbers are: 974584629, 629114365, 1873080491.
2018-11-13 00:03:22,426 41927  INFO  [cb823b] Finished processing user request with id = cb823b96-19c8-4b5a-9ae9-7451d4cc6c30 in 00:00:00.0621306.
2018-11-13 00:03:22,440 41941  INFO  [0592a3] Started processing user request. Id = 0592a360-cd48-4657-bbc6-958814a30652. Size = 41.58 KB.
2018-11-13 00:03:22,446 41947  INFO  [BackgroundDaemon] Processing data (89% completed)..
2018-11-13 00:03:22,446 41947  INFO  [BackgroundDaemon] Finished iteration in 00:00:00.2175331.
2018-11-13 00:03:22,459 41960  INFO  [0592a3] Doing some complicated stuff.. Random numbers are: 1752446422, 1167415955, 1016109757.
2018-11-13 00:03:22,462 41963  INFO  [2000f1] Finished processing user request with id = 2000f147-6dec-4f53-8a09-440928f96fb7 in 00:00:00.0690768.
2018-11-13 00:03:22,479 41980  INFO  [111478] Started processing user request. Id = 11147812-7b4c-4c50-9b9a-f09912e44001. Size = 28.47 KB.
2018-11-13 00:03:22,481 41982  INFO  [0592a3] Finished processing user request with id = 0592a360-cd48-4657-bbc6-958814a30652 in 00:00:00.0412486.
2018-11-13 00:03:22,485 41986  INFO  [111478] Doing some complicated stuff.. Random numbers are: 1640776534, 1577493088, 563053787.
2018-11-13 00:03:22,493 41994  INFO  [af4f22] Started processing user request. Id = af4f22d0-d93f-4cb0-b703-2c8730f67da8. Size = 77 KB.
2018-11-13 00:03:22,495 41996  INFO  [af4f22] Doing some complicated stuff.. Random numbers are: 687283168, 377174791, 1142806649.
2018-11-13 00:03:22,495 41996  INFO  [5be0a5] Started processing user request. Id = 5be0a526-fdac-4c8a-ac1a-7c08ce0d12eb. Size = 20.12 KB.
2018-11-13 00:03:22,499 42000  INFO  [5be0a5] Doing some complicated stuff.. Random numbers are: 481108453, 642744566, 876992737.
2018-11-13 00:03:22,519 42020  INFO  [111478] Here's some useful guids:
		0ab05567-c277-4944-b0e3-25304e6e98a9
		1e3a5d1e-a182-4069-b46d-da393aadb413
		8906853e-cefc-48a9-9400-6569768a25b1
2018-11-13 00:03:22,533 42034  INFO  [af4f22] Finished processing user request with id = af4f22d0-d93f-4cb0-b703-2c8730f67da8 in 00:00:00.0399689.
2018-11-13 00:03:22,534 42035  INFO  [111478] Finished processing user request with id = 11147812-7b4c-4c50-9b9a-f09912e44001 in 00:00:00.0552237.
2018-11-13 00:03:22,538 42039  INFO  [5be0a5] Here's some useful guids:
		6c0bb3f2-3c41-44d7-b22e-1de2bdea0495
		4c5e005a-2cf3-49a9-ac50-cfc740bc3679
		27def3ec-d26f-4997-adbb-a57d8fdb35f3
		127dfe0c-a2ef-42a5-b879-8cc4c517fa0b
		91f58c6b-643f-434b-bf57-a8c6fa0a021d
2018-11-13 00:03:22,565 42066  INFO  [3d76b8] Started processing user request. Id = 3d76b8f9-c508-410d-b295-9b8ff2c368b8. Size = 55.96 KB.
2018-11-13 00:03:22,568 42069  INFO  [5be0a5] Finished processing user request with id = 5be0a526-fdac-4c8a-ac1a-7c08ce0d12eb in 00:00:00.0727397.
2018-11-13 00:03:22,573 42074  INFO  [3d76b8] Doing some complicated stuff.. Random numbers are: 1182589614, 1826434596, 40237567.
2018-11-13 00:03:22,576 42077  INFO  [3d76b8] Finished processing user request with id = 3d76b8f9-c508-410d-b295-9b8ff2c368b8 in 00:00:00.0109780.
2018-11-13 00:03:22,581 42082  INFO  [40a6a3] Started processing user request. Id = 40a6a330-7192-4d69-a21f-55b5d5182fde. Size = 46.8 KB.
2018-11-13 00:03:22,590 42091  INFO  [40a6a3] Doing some complicated stuff.. Random numbers are: 1314167845, 1483634998, 762117805.
2018-11-13 00:03:22,607 42108  INFO  [3218a7] Started processing user request. Id = 3218a75d-c82c-4109-b72d-f8da160609f5. Size = 8.79 KB.
2018-11-13 00:03:22,609 42110  INFO  [3218a7] Doing some complicated stuff.. Random numbers are: 1045303804, 38619592, 1707481999.
2018-11-13 00:03:22,623 42124  INFO  [40a6a3] Here's some useful guids:
		65dde0d8-fd28-41e5-a4bc-3c501a664bb1
		d09402bf-05cd-49a5-9a3b-a701293953c5
		9ceee03c-f67e-49bf-98fb-5670c840b89e
		590c8133-c2e1-4962-a5eb-c2a6350a115a
2018-11-13 00:03:22,627 42128  INFO  [3218a7] Finished processing user request with id = 3218a75d-c82c-4109-b72d-f8da160609f5 in 00:00:00.0201376.
2018-11-13 00:03:22,640 42141  INFO  [40a6a3] Finished processing user request with id = 40a6a330-7192-4d69-a21f-55b5d5182fde in 00:00:00.0590919.
2018-11-13 00:03:22,646 42147  INFO  [BackgroundDaemon] Starting iteration #15542.
2018-11-13 00:03:22,653 42154  INFO  [36cb1d] Started processing user request. Id = 36cb1d28-a63e-4158-8c8c-43e9e5ddb74b. Size = 72.03 KB.
2018-11-13 00:03:22,658 42159  INFO  [dd0217] Started processing user request. Id = dd021711-b256-4483-97b9-68a076da20b6. Size = 23.18 KB.
2018-11-13 00:03:22,665 42166  INFO  [36cb1d] Doing some complicated stuff.. Random numbers are: 880710903, 2030267304, 2121058635.
2018-11-13 00:03:22,670 42171  INFO  [dd0217] Doing some complicated stuff.. Random numbers are: 1036713805, 730577935, 2125466998.
2018-11-13 00:03:22,682 42183  INFO  [36cb1d] Here's some useful guids:
		e9e3f62b-6141-4d3d-91c3-e674066d1275
		8f3effcf-145f-44dd-8e40-5c2411bb1d4b
		23230def-3722-46fa-8261-638395856532
2018-11-13 00:03:22,686 42187  INFO  [36cb1d] Finished processing user request with id = 36cb1d28-a63e-4158-8c8c-43e9e5ddb74b in 00:00:00.0326098.
2018-11-13 00:03:22,695 42196  INFO  [dd0217] Finished processing user request with id = dd021711-b256-4483-97b9-68a076da20b6 in 00:00:00.0367258.
2018-11-13 00:03:22,699 42200  INFO  [67c811] Started processing user request. Id = 67c811c6-3816-4642-8b4e-6afad9936b5d. Size = 57.01 KB.
2018-11-13 00:03:22,702 42203  INFO  [c6dc29] Started processing user request. Id = c6dc2933-afd5-45ca-affe-61810fdc70d5. Size = 54.55 KB.
2018-11-13 00:03:22,704 42205  INFO  [67c811] Doing some complicated stuff.. Random numbers are: 1858763203, 905144614, 623790107.
2018-11-13 00:03:22,710 42211  INFO  [c6dc29] Doing some complicated stuff.. Random numbers are: 736489690, 1663119034, 2044194639.
2018-11-13 00:03:22,727 42228  INFO  [082b2b] Started processing user request. Id = 082b2b62-c0f2-406c-8e11-71a56758b03c. Size = 8.73 KB.
2018-11-13 00:03:22,728 42229  INFO  [BackgroundDaemon] Processing data (5% completed)..
2018-11-13 00:03:22,733 42234  INFO  [67c811] Finished processing user request with id = 67c811c6-3816-4642-8b4e-6afad9936b5d in 00:00:00.0339585.
2018-11-13 00:03:22,738 42239  INFO  [c6dc29] Finished processing user request with id = c6dc2933-afd5-45ca-affe-61810fdc70d5 in 00:00:00.0361311.
2018-11-13 00:03:22,745 42246  INFO  [082b2b] Doing some complicated stuff.. Random numbers are: 233553945, 551922840, 308999093.
2018-11-13 00:03:22,746 42247  INFO  [2ae850] Started processing user request. Id = 2ae85097-1df0-4ad3-93b1-e2cbbca804cf. Size = 41.25 KB.
2018-11-13 00:03:22,756 42257  INFO  [BackgroundDaemon] Processing data (48% completed)..
2018-11-13 00:03:22,757 42258  INFO  [2ae850] Doing some complicated stuff.. Random numbers are: 2021799762, 387861501, 1117176345.
2018-11-13 00:03:22,764 42265  INFO  [Metrics] Cpu: 0.41%; Memory: 19.79 GB/31.88 GB; Workers: 4/1024; IOCP: 0/1024
2018-11-13 00:03:22,788 42289  INFO  [082b2b] Finished processing user request with id = 082b2b62-c0f2-406c-8e11-71a56758b03c in 00:00:00.0610400.
2018-11-13 00:03:22,792 42293  INFO  [2ae850] Finished processing user request with id = 2ae85097-1df0-4ad3-93b1-e2cbbca804cf in 00:00:00.0455617.
2018-11-13 00:03:22,805 42306  INFO  [0bede8] Started processing user request. Id = 0bede8b6-fa71-40cd-b1a5-c358865feb6d. Size = 45.26 KB.
2018-11-13 00:03:22,819 42320  INFO  [e2f495] Started processing user request. Id = e2f49596-72d2-49c8-926f-22a98d62e793. Size = 32.07 KB.
2018-11-13 00:03:22,819 42320  INFO  [0bede8] Doing some complicated stuff.. Random numbers are: 653574928, 731684244, 593030231.
2018-11-13 00:03:22,824 42325  INFO  [e2f495] Doing some complicated stuff.. Random numbers are: 1947888444, 952939151, 1058726379.
2018-11-13 00:03:22,837 42338  INFO  [BackgroundDaemon] Processing data (62% completed)..
2018-11-13 00:03:22,837 42338  INFO  [BackgroundDaemon] Finished iteration in 00:00:00.1909545.
2018-11-13 00:03:22,841 42342  INFO  [0bede8] Finished processing user request with id = 0bede8b6-fa71-40cd-b1a5-c358865feb6d in 00:00:00.0358757.
2018-11-13 00:03:22,854 42355  INFO  [498867] Started processing user request. Id = 49886777-8a63-4b4c-aab0-5dc4f919b46d. Size = 27.34 KB.
2018-11-13 00:03:22,860 42361  INFO  [498867] Doing some complicated stuff.. Random numbers are: 2093931147, 1961103956, 1366801374.
2018-11-13 00:03:22,877 42378  INFO  [e2f495] Finished processing user request with id = e2f49596-72d2-49c8-926f-22a98d62e793 in 00:00:00.0581002.
2018-11-13 00:03:22,895 42397  INFO  [498867] Finished processing user request with id = 49886777-8a63-4b4c-aab0-5dc4f919b46d in 00:00:00.0413947.
2018-11-13 00:03:22,906 42407  INFO  [65796b] Started processing user request. Id = 65796b4d-fd91-4302-a726-1a15e4e89ba1. Size = 94.83 KB.
2018-11-13 00:03:22,909 42410  INFO  [0bd39e] Started processing user request. Id = 0bd39e3f-5ac0-4494-95f0-1a55ffbeeead. Size = 58.84 KB.
2018-11-13 00:03:22,909 42410  INFO  [908d0a] Started processing user request. Id = 908d0a37-9d64-42e3-adf3-152a1310f6f7. Size = 12.13 KB.
2018-11-13 00:03:22,910 42411  INFO  [65796b] Doing some complicated stuff.. Random numbers are: 257175436, 1118120824, 623437954.
2018-11-13 00:03:22,913 42414  INFO  [0bd39e] Doing some complicated stuff.. Random numbers are: 859844891, 741989140, 14483524.
2018-11-13 00:03:22,921 42422  INFO  [0bd39e] Here's some useful guids:
		8eede1d1-3975-4bd4-80fd-babf944a968b
2018-11-13 00:03:22,923 42424  INFO  [0bd39e] Finished processing user request with id = 0bd39e3f-5ac0-4494-95f0-1a55ffbeeead in 00:00:00.0147935.
2018-11-13 00:03:22,924 42425  INFO  [908d0a] Doing some complicated stuff.. Random numbers are: 553913696, 240083368, 1122958211.
2018-11-13 00:03:22,934 42435  INFO  [908d0a] Here's some useful guids:
		caa2aea3-64ed-45d6-9d51-b1888e4f69af
		4c0fa0c5-320a-4594-a5fd-8dccad09e7cc
		93d67dea-fce0-4ebb-996e-63110b005db7
2018-11-13 00:03:22,936 42438  INFO  [891ad2] Started processing user request. Id = 891ad2f6-9d09-46f6-9482-f8c18228e04f. Size = 39.75 KB.
2018-11-13 00:03:22,954 42455  INFO  [891ad2] Doing some complicated stuff.. Random numbers are: 1470656326, 633025887, 1334830394.
2018-11-13 00:03:22,957 42458  INFO  [908d0a] Finished processing user request with id = 908d0a37-9d64-42e3-adf3-152a1310f6f7 in 00:00:00.0485458.
2018-11-13 00:03:22,957 42458  INFO  [65796b] Finished processing user request with id = 65796b4d-fd91-4302-a726-1a15e4e89ba1 in 00:00:00.0515856.
2018-11-13 00:03:22,988 42489  INFO  [b8d1e1] Started processing user request. Id = b8d1e1f9-6c47-493f-b490-a6f4d173f369. Size = 22.58 KB.
2018-11-13 00:03:22,996 42497  INFO  [b8d1e1] Doing some complicated stuff.. Random numbers are: 2061015376, 203508281, 2049369580.
2018-11-13 00:03:22,996 42497  INFO  [891ad2] Finished processing user request with id = 891ad2f6-9d09-46f6-9482-f8c18228e04f in 00:00:00.0597233.
2018-11-13 00:03:23,010 42511  INFO  [348278] Started processing user request. Id = 34827806-494b-41a9-89da-03dfa7f46ba7. Size = 23.57 KB.
2018-11-13 00:03:23,018 42520  INFO  [b8d1e1] Finished processing user request with id = b8d1e1f9-6c47-493f-b490-a6f4d173f369 in 00:00:00.0302280.
2018-11-13 00:03:23,029 42531  INFO  [348278] Doing some complicated stuff.. Random numbers are: 1749192415, 1356729825, 1441180305.
2018-11-13 00:03:23,037 42539  INFO  [BackgroundDaemon] Starting iteration #15543.
2018-11-13 00:03:23,050 42551  INFO  [1c6340] Started processing user request. Id = 1c63401c-97ac-4a95-bfd6-6300aa765e93. Size = 81.71 KB.
2018-11-13 00:03:23,058 42559  INFO  [348278] Finished processing user request with id = 34827806-494b-41a9-89da-03dfa7f46ba7 in 00:00:00.0480133.
2018-11-13 00:03:23,065 42566  INFO  [BackgroundDaemon] Processing data (7% completed)..
2018-11-13 00:03:23,070 42571  INFO  [1c6340] Doing some complicated stuff.. Random numbers are: 1487857486, 718557390, 913709161.
2018-11-13 00:03:23,072 42573  INFO  [7e57b3] Started processing user request. Id = 7e57b32d-c1f1-4844-b6cb-0a892e874787. Size = 49.76 KB.
2018-11-13 00:03:23,089 42590  INFO  [7e57b3] Doing some complicated stuff.. Random numbers are: 249014394, 734811644, 935695347.
2018-11-13 00:03:23,092 42593  INFO  [7e57b3] Here's some useful guids:
		9dd1eb9f-fd2b-468e-ade0-27c60e390f37
		158306c4-3642-4da4-b18c-795034740133
		a894824f-d077-4e61-b635-e14d9f4efc76
		f4324152-c848-4235-8994-edbb2bcddd32
2018-11-13 00:03:23,100 42601  INFO  [1c6340] Here's some useful guids:
		835b2ab2-da28-4c55-980c-6c307dd3ac03
2018-11-13 00:03:23,109 42611  INFO  [1c6340] Finished processing user request with id = 1c63401c-97ac-4a95-bfd6-6300aa765e93 in 00:00:00.0594690.
2018-11-13 00:03:23,116 42617  INFO  [BackgroundDaemon] Processing data (48% completed)..
2018-11-13 00:03:23,118 42620  INFO  [7e57b3] Finished processing user request with id = 7e57b32d-c1f1-4844-b6cb-0a892e874787 in 00:00:00.0465626.
2018-11-13 00:03:23,125 42626  INFO  [5a1b95] Started processing user request. Id = 5a1b95e9-ce78-4a9d-ac79-460ad9a9761c. Size = 70.23 KB.
2018-11-13 00:03:23,128 42629  INFO  [5a1b95] Doing some complicated stuff.. Random numbers are: 1002974728, 366287444, 1824493687.
2018-11-13 00:03:23,132 42633  INFO  [f53a8d] Started processing user request. Id = f53a8dfc-b5cc-492c-b3d6-89ab65200355. Size = 70.38 KB.
2018-11-13 00:03:23,134 42635  INFO  [f53a8d] Doing some complicated stuff.. Random numbers are: 567059560, 295117240, 10526681.
2018-11-13 00:03:23,141 42642  INFO  [fad1d5] Started processing user request. Id = fad1d58d-c0f8-449f-99e8-f8f78f18fa37. Size = 5.64 KB.
2018-11-13 00:03:23,143 42644  INFO  [5a1b95] Here's some useful guids:
		2f2e34b3-400c-4e6c-ab08-d27fd6c3177b
2018-11-13 00:03:23,151 42652  INFO  [BackgroundDaemon] Processing data (91% completed)..
2018-11-13 00:03:23,151 42652  INFO  [BackgroundDaemon] Finished iteration in 00:00:00.1134230.
2018-11-13 00:03:23,154 42655  INFO  [fad1d5] Doing some complicated stuff.. Random numbers are: 1595755474, 673130956, 62733726.
2018-11-13 00:03:23,155 42656  INFO  [5a1b95] Finished processing user request with id = 5a1b95e9-ce78-4a9d-ac79-460ad9a9761c in 00:00:00.0302137.
2018-11-13 00:03:23,173 42674  INFO  [f53a8d] Here's some useful guids:
		723fd404-077e-4f5e-ae23-f0c17a68fa87
		239d3db9-4ef9-41a9-b87c-636d7cf2cd33
		a937cdb6-b64c-4e60-bdfb-580bc835323a
		861b0c55-94be-46ce-a1ed-1ae36ac9abed
		09d7cf5f-050a-4cea-a843-c8ba0ed0ca90
2018-11-13 00:03:23,179 42680  INFO  [fad1d5] Here's some useful guids:
		08d799c4-7a3e-4d76-8c16-6ed37861dc53
		a36eefe9-6878-4c4a-9c30-773cf129df9d
2018-11-13 00:03:23,190 42691  INFO  [f53a8d] Finished processing user request with id = f53a8dfc-b5cc-492c-b3d6-89ab65200355 in 00:00:00.0582875.
2018-11-13 00:03:23,203 42704  INFO  [1f32c9] Started processing user request. Id = 1f32c9fa-7d78-45b5-b74b-49b5c5e2cc22. Size = 34.69 KB.
2018-11-13 00:03:23,206 42707  INFO  [1f32c9] Doing some complicated stuff.. Random numbers are: 1469907799, 950495779, 2134258602.
2018-11-13 00:03:23,208 42709  INFO  [fad1d5] Finished processing user request with id = fad1d58d-c0f8-449f-99e8-f8f78f18fa37 in 00:00:00.0673079.
2018-11-13 00:03:23,240 42741  INFO  [1f32c9] Here's some useful guids:
		bbcb4662-4048-4441-b2e3-c01dda6485ac
		e05a524f-125d-48a0-b446-e9933cb13905
		a7b9d976-5908-4a02-8477-14a4d80c69ef
		7b2bea20-8d69-4fa2-9f37-51cbb367021b
2018-11-13 00:03:23,240 42741  INFO  [cc5bf4] Started processing user request. Id = cc5bf456-99c3-45bb-94f1-3ee3b995e18c. Size = 85.31 KB.
2018-11-13 00:03:23,257 42758  INFO  [1f32c9] Finished processing user request with id = 1f32c9fa-7d78-45b5-b74b-49b5c5e2cc22 in 00:00:00.0540234.
2018-11-13 00:03:23,257 42758  INFO  [cc5bf4] Doing some complicated stuff.. Random numbers are: 1275911053, 1452042, 1877601336.
2018-11-13 00:03:23,263 42765  INFO  [cc5bf4] Here's some useful guids:
		3c724e6e-d094-4129-8432-4f6b1e38cdbb
		9d3d3998-ca28-44f8-8434-c75123c20046
2018-11-13 00:03:23,263 42765  INFO  [Metrics] Cpu: 2.66%; Memory: 19.79 GB/31.88 GB; Workers: 4/1024; IOCP: 0/1024
2018-11-13 00:03:23,267 42769  ERROR [cc5bf4] 
System.InvalidOperationException: Oh no! An error occurred!
2018-11-13 00:03:23,271 42773  INFO  [13bbc0] Started processing user request. Id = 13bbc0f2-cfb7-459e-92f2-e1a5d59b8b64. Size = 10.45 KB.
2018-11-13 00:03:23,281 42782  INFO  [13bbc0] Doing some complicated stuff.. Random numbers are: 1197166993, 825985342, 1356523067.
2018-11-13 00:03:23,290 42791  INFO  [13bbc0] Finished processing user request with id = 13bbc0f2-cfb7-459e-92f2-e1a5d59b8b64 in 00:00:00.0180667.
2018-11-13 00:03:23,299 42800  INFO  [52f98e] Started processing user request. Id = 52f98e4f-a4ba-4496-acb3-8b86b7b29345. Size = 1.06 KB.
2018-11-13 00:03:23,304 42805  INFO  [5f262e] Started processing user request. Id = 5f262e08-e878-4ee5-a0e6-3a8c9d04bcd7. Size = 61.49 KB.
2018-11-13 00:03:23,309 42810  INFO  [5f262e] Doing some complicated stuff.. Random numbers are: 655135, 1896652555, 1796037745.
2018-11-13 00:03:23,315 42816  INFO  [52f98e] Doing some complicated stuff.. Random numbers are: 1373075188, 1096916942, 1811990605.
2018-11-13 00:03:23,323 42824  INFO  [55bf52] Started processing user request. Id = 55bf52cf-3f0b-47dc-bb5d-f4f4fe73d9e3. Size = 88.36 KB.
2018-11-13 00:03:23,338 42840  INFO  [55bf52] Doing some complicated stuff.. Random numbers are: 461417787, 1505175689, 583572916.
2018-11-13 00:03:23,339 42841  INFO  [52f98e] Here's some useful guids:
		192ebb20-c370-4427-9114-1fbda2f8a15f
		7e9803bc-5819-45a6-b79c-27a469920f84
		883ae477-ac2d-4af2-ba7b-bd4196c5daaf
2018-11-13 00:03:23,351 42853  INFO  [BackgroundDaemon] Starting iteration #15544.
2018-11-13 00:03:23,364 42866  INFO  [52f98e] Finished processing user request with id = 52f98e4f-a4ba-4496-acb3-8b86b7b29345 in 00:00:00.0659707.
2018-11-13 00:03:23,365 42867  INFO  [5f262e] Finished processing user request with id = 5f262e08-e878-4ee5-a0e6-3a8c9d04bcd7 in 00:00:00.0619244.
2018-11-13 00:03:23,369 42871  INFO  [55bf52] Finished processing user request with id = 55bf52cf-3f0b-47dc-bb5d-f4f4fe73d9e3 in 00:00:00.0469394.
2018-11-13 00:03:23,379 42881  INFO  [85f16f] Started processing user request. Id = 85f16fd4-ca85-47dc-bb36-faf6b37a2cca. Size = 79.46 KB.
2018-11-13 00:03:23,392 42894  INFO  [85f16f] Doing some complicated stuff.. Random numbers are: 980765697, 770249913, 2019857544.
2018-11-13 00:03:23,396 42898  INFO  [0f50a6] Started processing user request. Id = 0f50a683-ee6e-4569-9334-5cffc98dfaae. Size = 19.33 KB.
2018-11-13 00:03:23,400 42902  INFO  [0f50a6] Doing some complicated stuff.. Random numbers are: 267174810, 1626333857, 1580039454.
2018-11-13 00:03:23,407 42908  INFO  [0f50a6] Here's some useful guids:
		5bd8e365-522f-4418-a178-ebc5947baa2d
2018-11-13 00:03:23,407 42908  INFO  [BackgroundDaemon] Processing data (10% completed)..
2018-11-13 00:03:23,418 42920  INFO  [85f16f] Here's some useful guids:
		36a9d47b-1699-4ad8-9635-c2b15c9eb780
		56b3831d-62b7-42f4-8b93-d156dea8fc1e
2018-11-13 00:03:23,424 42926  INFO  [85f16f] Finished processing user request with id = 85f16fd4-ca85-47dc-bb36-faf6b37a2cca in 00:00:00.0450110.
2018-11-13 00:03:23,435 42936  INFO  [0f50a6] Finished processing user request with id = 0f50a683-ee6e-4569-9334-5cffc98dfaae in 00:00:00.0380073.
2018-11-13 00:03:23,439 42940  INFO  [43573c] Started processing user request. Id = 43573cbf-e1c4-4b9b-b916-b2ef2845e486. Size = 34.19 KB.
2018-11-13 00:03:23,450 42951  INFO  [43573c] Doing some complicated stuff.. Random numbers are: 1834603959, 662424157, 134398206.
2018-11-13 00:03:23,457 42958  INFO  [43573c] Here's some useful guids:
		6d18f866-2642-4d3a-b924-df300ed6eaa7
		ae866e6b-3e61-468c-bd26-dd7ad6833d42
2018-11-13 00:03:23,467 42968  INFO  [e2bdba] Started processing user request. Id = e2bdba0b-2558-4b22-873c-555e72eb894a. Size = 64.43 KB.
2018-11-13 00:03:23,469 42970  INFO  [e2bdba] Doing some complicated stuff.. Random numbers are: 1575851803, 1671926548, 466306003.
2018-11-13 00:03:23,469 42970  INFO  [e2bdba] Here's some useful guids:
		2366494b-4164-4224-9a0c-843e1a817689
		bce36cfb-aecb-4ba2-81d3-7766bff67c9a
		582989aa-5340-4da6-96e2-25115d00638c
		bd1b3865-45cc-4a4b-8ade-7e28535a79b4
2018-11-13 00:03:23,473 42974  INFO  [43573c] Finished processing user request with id = 43573cbf-e1c4-4b9b-b916-b2ef2845e486 in 00:00:00.0347722.
2018-11-13 00:03:23,483 42984  INFO  [e2bdba] Finished processing user request with id = e2bdba0b-2558-4b22-873c-555e72eb894a in 00:00:00.0167005.
2018-11-13 00:03:23,487 42988  INFO  [2f23db] Started processing user request. Id = 2f23db12-94c1-46d6-9b1b-9a694412d15b. Size = 49.64 KB.
2018-11-13 00:03:23,500 43001  INFO  [BackgroundDaemon] Processing data (32% completed)..
2018-11-13 00:03:23,504 43005  INFO  [2f23db] Doing some complicated stuff.. Random numbers are: 688924783, 325547411, 915332886.
2018-11-13 00:03:23,515 43016  INFO  [a606a1] Started processing user request. Id = a606a185-bfd5-4fa1-8338-4ac45f3d9307. Size = 67.03 KB.
2018-11-13 00:03:23,521 43022  INFO  [BackgroundDaemon] Processing data (95% completed)..
2018-11-13 00:03:23,521 43022  INFO  [BackgroundDaemon] Finished iteration in 00:00:00.1693626.
2018-11-13 00:03:23,535 43036  INFO  [a606a1] Doing some complicated stuff.. Random numbers are: 2078933377, 773412378, 1678592474.
2018-11-13 00:03:23,537 43038  INFO  [0bfd60] Started processing user request. Id = 0bfd60cd-3504-4aec-bc56-ddae0ce69941. Size = 25.77 KB.
2018-11-13 00:03:23,541 43042  INFO  [0bfd60] Doing some complicated stuff.. Random numbers are: 177293578, 759332795, 1527728555.
2018-11-13 00:03:23,547 43048  INFO  [a606a1] Here's some useful guids:
		73f60a17-420e-4ca1-b843-4633b94bbeda
		f11cc469-d13e-47d1-9754-95ddcf8a5c87
2018-11-13 00:03:23,552 43053  INFO  [2f23db] Finished processing user request with id = 2f23db12-94c1-46d6-9b1b-9a694412d15b in 00:00:00.0648167.
2018-11-13 00:03:23,553 43054  INFO  [0bfd60] Here's some useful guids:
		ffff041e-58a9-44e6-af95-5d6e0062eaef
		fbf2b3cb-b53e-43ca-a6bc-d7e8a6eea988
		5e09cc97-78b3-4d4a-a24a-eb394ff111f4
		c256555b-0046-4249-b094-db37d13920c1
2018-11-13 00:03:23,558 43059  INFO  [0bfd60] Finished processing user request with id = 0bfd60cd-3504-4aec-bc56-ddae0ce69941 in 00:00:00.0215916.
2018-11-13 00:03:23,561 43062  INFO  [a606a1] Finished processing user request with id = a606a185-bfd5-4fa1-8338-4ac45f3d9307 in 00:00:00.0459468.
2018-11-13 00:03:23,566 43067  INFO  [683aa9] Started processing user request. Id = 683aa93c-46b0-4143-ba6d-cfb4c7bf5055. Size = 83.24 KB.
2018-11-13 00:03:23,581 43082  INFO  [683aa9] Doing some complicated stuff.. Random numbers are: 528808859, 1864469615, 736685560.
2018-11-13 00:03:23,592 43093  INFO  [35c553] Started processing user request. Id = 35c553cb-91eb-4494-bdc4-a1740d880bdb. Size = 19.77 KB.
2018-11-13 00:03:23,609 43110  INFO  [35c553] Doing some complicated stuff.. Random numbers are: 1045200746, 1323879585, 402201954.
2018-11-13 00:03:23,629 43130  INFO  [683aa9] Finished processing user request with id = 683aa93c-46b0-4143-ba6d-cfb4c7bf5055 in 00:00:00.0633663.
2018-11-13 00:03:23,642 43144  INFO  [a97fd9] Started processing user request. Id = a97fd999-c3b1-4e36-b2ae-b812203a67a6. Size = 52.19 KB.
2018-11-13 00:03:23,661 43162  INFO  [a97fd9] Doing some complicated stuff.. Random numbers are: 98963106, 580492204, 2106550180.
2018-11-13 00:03:23,663 43164  INFO  [35c553] Finished processing user request with id = 35c553cb-91eb-4494-bdc4-a1740d880bdb in 00:00:00.0707318.
2018-11-13 00:03:23,686 43187  INFO  [a97fd9] Finished processing user request with id = a97fd999-c3b1-4e36-b2ae-b812203a67a6 in 00:00:00.0436392.
2018-11-13 00:03:23,694 43195  INFO  [0d427e] Started processing user request. Id = 0d427e76-ff61-44c8-af67-8da5a988f7fb. Size = 73.2 KB.
2018-11-13 00:03:23,700 43201  INFO  [6b7ee9] Started processing user request. Id = 6b7ee9bb-c94c-4cd9-b722-913291f874af. Size = 87.63 KB.
2018-11-13 00:03:23,707 43208  INFO  [0d427e] Doing some complicated stuff.. Random numbers are: 2131556914, 937425309, 1400721791.
2018-11-13 00:03:23,718 43220  INFO  [6b7ee9] Doing some complicated stuff.. Random numbers are: 1563708448, 1776265398, 904050905.
2018-11-13 00:03:23,719 43221  INFO  [0d427e] Finished processing user request with id = 0d427e76-ff61-44c8-af67-8da5a988f7fb in 00:00:00.0256777.
2018-11-13 00:03:23,722 43223  INFO  [BackgroundDaemon] Starting iteration #15545.
2018-11-13 00:03:23,726 43227  INFO  [43dc7d] Started processing user request. Id = 43dc7dd5-c0d5-4058-940a-e147dc116ee7. Size = 46.49 KB.
2018-11-13 00:03:23,726 43227  INFO  [43dc7d] Doing some complicated stuff.. Random numbers are: 1571950252, 587030558, 120394412.
2018-11-13 00:03:23,727 43228  INFO  [6b7ee9] Here's some useful guids:
		1e46e858-3b2c-46d8-b31e-409bd1b405ef
		81fca179-fc86-40d4-96cc-79e8be6b0e06
2018-11-13 00:03:23,751 43252  INFO  [719197] Started processing user request. Id = 71919767-921e-458d-9310-a7ed53d1237a. Size = 28.82 KB.
2018-11-13 00:03:23,756 43257  INFO  [6b7ee9] Finished processing user request with id = 6b7ee9bb-c94c-4cd9-b722-913291f874af in 00:00:00.0563131.
2018-11-13 00:03:23,758 43259  INFO  [43dc7d] Here's some useful guids:
		193e65cd-2093-4599-9993-257714993ba7
		033589ab-d0a5-4133-ac19-eddc207a8508
		df6250f3-346b-453b-a09d-d62250cd5c1d
		68fb1233-adc3-4d6e-9d1b-d1aff90ea1e0
		d40e11ad-b339-4785-8aa3-c95f79911c00
2018-11-13 00:03:23,763 43264  INFO  [Metrics] Cpu: 2.66%; Memory: 19.79 GB/31.88 GB; Workers: 4/1024; IOCP: 0/1024
2018-11-13 00:03:23,767 43268  INFO  [719197] Doing some complicated stuff.. Random numbers are: 511008965, 1586089535, 2086671882.
2018-11-13 00:03:23,769 43270  INFO  [43dc7d] Finished processing user request with id = 43dc7dd5-c0d5-4058-940a-e147dc116ee7 in 00:00:00.0431811.
2018-11-13 00:03:23,769 43270  INFO  [489a61] Started processing user request. Id = 489a61fe-6742-4a3b-879d-cbb7a7b932a9. Size = 29.94 KB.
2018-11-13 00:03:23,779 43280  INFO  [BackgroundDaemon] Processing data (16% completed)..
2018-11-13 00:03:23,787 43289  INFO  [489a61] Doing some complicated stuff.. Random numbers are: 2090221779, 1755689036, 2116060265.
2018-11-13 00:03:23,791 43292  INFO  [489a61] Here's some useful guids:
		d627c529-afde-4186-a20e-b2f5d8bf5a64
		5866bf9a-7188-4c11-9669-e1bfcb5af192
		4082969f-4f61-477d-8e46-5a77ce56e363
		60af87ad-eb17-4e7f-9517-8c546e530737
		0acc81ab-7db4-456f-8f87-6aa3270e40e5
2018-11-13 00:03:23,795 43296  INFO  [489a61] Finished processing user request with id = 489a61fe-6742-4a3b-879d-cbb7a7b932a9 in 00:00:00.0252191.
2018-11-13 00:03:23,796 43297  INFO  [719197] Finished processing user request with id = 71919767-921e-458d-9310-a7ed53d1237a in 00:00:00.0449409.
2018-11-13 00:03:23,808 43309  INFO  [48f98e] Started processing user request. Id = 48f98e18-f890-4df5-80f0-01b014e17f10. Size = 50.18 KB.
2018-11-13 00:03:23,815 43316  INFO  [48f98e] Doing some complicated stuff.. Random numbers are: 297188389, 1895045218, 561455130.
2018-11-13 00:03:23,827 43328  INFO  [9b1a5b] Started processing user request. Id = 9b1a5bc1-34ea-4f73-ae26-25c55e7155e7. Size = 75.01 KB.
2018-11-13 00:03:23,846 43347  INFO  [9b1a5b] Doing some complicated stuff.. Random numbers are: 988507330, 187574580, 546857038.
2018-11-13 00:03:23,868 43369  INFO  [48f98e] Finished processing user request with id = 48f98e18-f890-4df5-80f0-01b014e17f10 in 00:00:00.0607148.
2018-11-13 00:03:23,869 43370  INFO  [BackgroundDaemon] Processing data (30% completed)..
2018-11-13 00:03:23,878 43379  INFO  [9b1a5b] Finished processing user request with id = 9b1a5bc1-34ea-4f73-ae26-25c55e7155e7 in 00:00:00.0511138.
2018-11-13 00:03:23,882 43383  INFO  [83dabc] Started processing user request. Id = 83dabcb1-e264-4946-9188-971836d3f1c4. Size = 83.68 KB.
2018-11-13 00:03:23,889 43390  INFO  [83dabc] Doing some complicated stuff.. Random numbers are: 938716903, 1210001672, 418723372.
2018-11-13 00:03:23,909 43410  INFO  [BackgroundDaemon] Processing data (73% completed)..
2018-11-13 00:03:23,909 43410  INFO  [BackgroundDaemon] Finished iteration in 00:00:00.1873906.
2018-11-13 00:03:23,909 43410  INFO  [38e534] Started processing user request. Id = 38e5342c-8111-4e05-b069-746f0b08beca. Size = 61.55 KB.
2018-11-13 00:03:23,912 43413  INFO  [38e534] Doing some complicated stuff.. Random numbers are: 1269724594, 1083554964, 681886671.
2018-11-13 00:03:23,926 43427  INFO  [83dabc] Here's some useful guids:
		97ede764-8e6a-4dfd-a7a9-d3da7ffb1ca6
		0f38b2a2-9c92-4aee-af6e-f8a8832000bd
		44772395-86a9-4395-bc5b-08e8a8c01412
2018-11-13 00:03:23,926 43427  INFO  [83dabc] Finished processing user request with id = 83dabcb1-e264-4946-9188-971836d3f1c4 in 00:00:00.0437415.
2018-11-13 00:03:23,933 43434  INFO  [38e534] Here's some useful guids:
		cf92aa66-0b3f-477d-b767-d0d7f1b317f6
		cf9b5620-e27c-4939-9436-488c15087f82
		a0d57d1c-dc73-49d9-befd-0c1c40159297
		40b725cb-9ab6-4dfd-91b8-34ee1e616190
2018-11-13 00:03:23,937 43438  INFO  [caf936] Started processing user request. Id = caf93600-3f25-4168-b894-06e1e08161f0. Size = 94.68 KB.
2018-11-13 00:03:23,940 43441  INFO  [a77212] Started processing user request. Id = a77212c2-6234-42fc-b459-87ba53e1820f. Size = 3.75 KB.
2018-11-13 00:03:23,951 43452  INFO  [caf936] Doing some complicated stuff.. Random numbers are: 1869864702, 366932020, 1043892655.
2018-11-13 00:03:23,952 43453  INFO  [38e534] Finished processing user request with id = 38e5342c-8111-4e05-b069-746f0b08beca in 00:00:00.0429237.
2018-11-13 00:03:23,956 43457  INFO  [a77212] Doing some complicated stuff.. Random numbers are: 2121429278, 2146010998, 1311051011.
2018-11-13 00:03:23,983 43484  INFO  [caf936] Finished processing user request with id = caf93600-3f25-4168-b894-06e1e08161f0 in 00:00:00.0461183.
2018-11-13 00:03:23,983 43484  INFO  [8c559f] Started processing user request. Id = 8c559fa5-67d3-483b-8ee4-ec559882c0fc. Size = 51.27 KB.
2018-11-13 00:03:23,989 43490  INFO  [8c559f] Doing some complicated stuff.. Random numbers are: 137129492, 1899868338, 487993935.
2018-11-13 00:03:24,010 43511  INFO  [a77212] Finished processing user request with id = a77212c2-6234-42fc-b459-87ba53e1820f in 00:00:00.0699984.
2018-11-13 00:03:24,016 43517  INFO  [8c559f] Finished processing user request with id = 8c559fa5-67d3-483b-8ee4-ec559882c0fc in 00:00:00.0327594.
2018-11-13 00:03:24,024 43525  INFO  [8aedbc] Started processing user request. Id = 8aedbcb8-a1cf-4562-9a07-1de894d1301c. Size = 5.96 KB.
2018-11-13 00:03:24,028 43529  INFO  [8aedbc] Doing some complicated stuff.. Random numbers are: 1371643523, 229004863, 1315086325.
2018-11-13 00:03:24,034 43535  INFO  [8aedbc] Here's some useful guids:
		5f026bda-578c-4197-98ab-5c19d238bfb5
		a720cd23-063c-4e35-a59a-1069d767c915
		9011f41d-7ac8-41f1-9c06-3441fa377f2c
2018-11-13 00:03:24,047 43548  INFO  [906e81] Started processing user request. Id = 906e8109-2109-4bf4-a6a7-d7e24bf64a06. Size = 45.42 KB.
2018-11-13 00:03:24,057 43558  INFO  [8aedbc] Finished processing user request with id = 8aedbcb8-a1cf-4562-9a07-1de894d1301c in 00:00:00.0331139.
2018-11-13 00:03:24,064 43565  INFO  [906e81] Doing some complicated stuff.. Random numbers are: 2018899931, 2015986496, 2038394450.
2018-11-13 00:03:24,070 43571  INFO  [c7e89a] Started processing user request. Id = c7e89ab1-754a-4b58-9adc-ad8075045546. Size = 55.52 KB.
2018-11-13 00:03:24,085 43586  INFO  [c7e89a] Doing some complicated stuff.. Random numbers are: 1273410378, 565532405, 257154313.
2018-11-13 00:03:24,110 43611  INFO  [BackgroundDaemon] Starting iteration #15546.
2018-11-13 00:03:24,111 43612  INFO  [906e81] Finished processing user request with id = 906e8109-2109-4bf4-a6a7-d7e24bf64a06 in 00:00:00.0640795.
2018-11-13 00:03:24,117 43618  INFO  [c7e89a] Finished processing user request with id = c7e89ab1-754a-4b58-9adc-ad8075045546 in 00:00:00.0467740.
2018-11-13 00:03:24,130 43631  INFO  [65b1a7] Started processing user request. Id = 65b1a747-3d93-4645-b9b7-a768decf345e. Size = 76.39 KB.
2018-11-13 00:03:24,142 43643  INFO  [24416d] Started processing user request. Id = 24416d9c-b27a-43bf-9c11-04472fdbfd08. Size = 64.63 KB.
2018-11-13 00:03:24,147 43648  INFO  [65b1a7] Doing some complicated stuff.. Random numbers are: 1223871576, 1212391711, 689818354.
2018-11-13 00:03:24,150 43651  INFO  [84deec] Started processing user request. Id = 84deec32-3b28-45e5-87f3-f244e0bd4578. Size = 83.23 KB.
2018-11-13 00:03:24,150 43651  INFO  [84deec] Doing some complicated stuff.. Random numbers are: 1379499844, 800882922, 825027026.
2018-11-13 00:03:24,150 43651  INFO  [24416d] Doing some complicated stuff.. Random numbers are: 830455014, 2002391820, 839800819.
2018-11-13 00:03:24,163 43664  INFO  [84deec] Here's some useful guids:
		2416598c-a2b1-42af-a9d1-3e555e3b6c30
		26c0cb2a-15e1-424e-b679-97e3fdfc493b
		3014a81f-33ab-42a8-8014-c1a176399cee
		2522a808-ea63-4ec1-a85e-dcd1284ee581
2018-11-13 00:03:24,169 43670  INFO  [65b1a7] Here's some useful guids:
		48ceac74-5bb7-442c-b219-de8e0974472f
		68e53370-bb68-453b-b559-eac1ec1fc283
		29522467-f118-4e62-b671-26b8dbfc1aa0
		efe6e66e-831e-4cda-a33c-e2abf63a6180
		499e9ca3-32f4-4ec7-a2ee-43193367c542
2018-11-13 00:03:24,171 43672  INFO  [24416d] Here's some useful guids:
		1c097be5-f427-419c-a215-ece137e1aa86
		4af1cbd7-5bbc-43ec-bccc-75b2b327ca20
		65cd7ddf-2853-48cf-a574-8fec6f0419b1
		2f305731-5d0b-45ea-8d49-bc2d85daf12d
		f1feaf50-bf43-4121-b42e-50346b219fef
2018-11-13 00:03:24,174 43675  INFO  [BackgroundDaemon] Processing data (14% completed)..
2018-11-13 00:03:24,180 43681  INFO  [24416d] Finished processing user request with id = 24416d9c-b27a-43bf-9c11-04472fdbfd08 in 00:00:00.0377202.
2018-11-13 00:03:24,185 43686  INFO  [65b1a7] Finished processing user request with id = 65b1a747-3d93-4645-b9b7-a768decf345e in 00:00:00.0547941.
2018-11-13 00:03:24,186 43687  INFO  [84deec] Finished processing user request with id = 84deec32-3b28-45e5-87f3-f244e0bd4578 in 00:00:00.0356710.
2018-11-13 00:03:24,196 43697  INFO  [BackgroundDaemon] Processing data (29% completed)..
2018-11-13 00:03:24,199 43700  INFO  [a05a74] Started processing user request. Id = a05a7422-f5d9-4677-b5fd-39dea1240afa. Size = 51.81 KB.
2018-11-13 00:03:24,212 43713  INFO  [80c418] Started processing user request. Id = 80c41893-3a1a-4dc3-8082-4b25c55e9ca3. Size = 50.39 KB.
2018-11-13 00:03:24,217 43718  INFO  [a05a74] Doing some complicated stuff.. Random numbers are: 958054940, 331727846, 1091375033.
2018-11-13 00:03:24,227 43728  INFO  [80c418] Doing some complicated stuff.. Random numbers are: 668580326, 552386094, 1961474260.
2018-11-13 00:03:24,232 43733  INFO  [BackgroundDaemon] Processing data (70% completed)..
2018-11-13 00:03:24,232 43733  INFO  [BackgroundDaemon] Finished iteration in 00:00:00.1218812.
2018-11-13 00:03:24,247 43748  INFO  [a05a74] Here's some useful guids:
		f8fb1e75-30fe-462f-9cd6-a0dbaf113c7b
		f2e1a722-cad7-4f0a-8b4c-c3e160f1ed3b
2018-11-13 00:03:24,254 43755  INFO  [a05a74] Finished processing user request with id = a05a7422-f5d9-4677-b5fd-39dea1240afa in 00:00:00.0552184.
2018-11-13 00:03:24,262 43763  INFO  [Metrics] Cpu: 4.76%; Memory: 19.79 GB/31.88 GB; Workers: 4/1024; IOCP: 0/1024
2018-11-13 00:03:24,267 43768  INFO  [1667c3] Started processing user request. Id = 1667c39f-59ef-4267-9162-bcf47880b901. Size = 41.6 KB.
2018-11-13 00:03:24,285 43786  INFO  [1667c3] Doing some complicated stuff.. Random numbers are: 779209235, 1323120149, 1478785769.
2018-11-13 00:03:24,292 43793  INFO  [80c418] Finished processing user request with id = 80c41893-3a1a-4dc3-8082-4b25c55e9ca3 in 00:00:00.0803011.
2018-11-13 00:03:24,318 43819  INFO  [1667c3] Finished processing user request with id = 1667c39f-59ef-4267-9162-bcf47880b901 in 00:00:00.0508012.
2018-11-13 00:03:24,324 43825  INFO  [06de7d] Started processing user request. Id = 06de7d2a-2d59-49ac-8a68-b7059335fb4e. Size = 8.93 KB.
2018-11-13 00:03:24,329 43830  INFO  [06de7d] Doing some complicated stuff.. Random numbers are: 1947817671, 678629445, 2076939858.
2018-11-13 00:03:24,331 43832  INFO  [2faa12] Started processing user request. Id = 2faa1204-b144-4160-9b70-ce84e107c9d8. Size = 85.2 KB.
2018-11-13 00:03:24,349 43850  INFO  [2faa12] Doing some complicated stuff.. Random numbers are: 1319614150, 213662867, 958484835.
2018-11-13 00:03:24,353 43854  INFO  [e17ce6] Started processing user request. Id = e17ce69a-916b-4e4f-b3a4-abc4806744d1. Size = 84.87 KB.
2018-11-13 00:03:24,368 43869  INFO  [06de7d] Finished processing user request with id = 06de7d2a-2d59-49ac-8a68-b7059335fb4e in 00:00:00.0440005.
2018-11-13 00:03:24,369 43870  INFO  [e17ce6] Doing some complicated stuff.. Random numbers are: 1661755173, 2012008822, 703570171.
2018-11-13 00:03:24,381 43882  INFO  [2faa12] Here's some useful guids:
		e8eb6329-b72c-4dc6-801f-a8119d53aa82
		ca2ca499-790d-46d0-a057-5130d5e16d84
		42cb4cc6-d40c-4970-aee8-e4fc2b18e9ae
2018-11-13 00:03:24,399 43900  INFO  [8b183c] Started processing user request. Id = 8b183c63-2295-46c0-acff-658e5b0407c0. Size = 17.52 KB.
2018-11-13 00:03:24,400 43901  INFO  [2faa12] Finished processing user request with id = 2faa1204-b144-4160-9b70-ce84e107c9d8 in 00:00:00.0690653.
2018-11-13 00:03:24,407 43908  INFO  [e17ce6] Here's some useful guids:
		3756881a-d5ea-4323-b26d-cafe9fe1da8c
2018-11-13 00:03:24,411 43913  INFO  [8b183c] Doing some complicated stuff.. Random numbers are: 2105686319, 830007125, 1432030885.
2018-11-13 00:03:24,414 43915  INFO  [314239] Started processing user request. Id = 3142392d-0951-4260-9611-7223d7f65d65. Size = 55.55 KB.
2018-11-13 00:03:24,421 43922  INFO  [e17ce6] Finished processing user request with id = e17ce69a-916b-4e4f-b3a4-abc4806744d1 in 00:00:00.0682087.
2018-11-13 00:03:24,424 43925  INFO  [314239] Doing some complicated stuff.. Random numbers are: 403629607, 1583988520, 485184171.
2018-11-13 00:03:24,432 43933  INFO  [BackgroundDaemon] Starting iteration #15547.
2018-11-13 00:03:24,436 43937  INFO  [8b183c] Here's some useful guids:
		8a606172-c6f5-4699-b0f7-a4193694e069
		8936c903-b139-4de9-af84-9c12805353b9
2018-11-13 00:03:24,439 43940  INFO  [314239] Finished processing user request with id = 3142392d-0951-4260-9611-7223d7f65d65 in 00:00:00.0249976.
2018-11-13 00:03:24,446 43947  INFO  [8b183c] Finished processing user request with id = 8b183c63-2295-46c0-acff-658e5b0407c0 in 00:00:00.0468593.
2018-11-13 00:03:24,453 43954  INFO  [067835] Started processing user request. Id = 0678354c-7bc9-475b-a25d-97c9a3e7fecc. Size = 8.32 KB.
2018-11-13 00:03:24,463 43964  INFO  [067835] Doing some complicated stuff.. Random numbers are: 119703838, 1952908365, 1685719779.
2018-11-13 00:03:24,478 43979  INFO  [078001] Started processing user request. Id = 07800128-fd43-472f-b1ac-ce60ac708020. Size = 90.76 KB.
2018-11-13 00:03:24,490 43991  INFO  [078001] Doing some complicated stuff.. Random numbers are: 1320348323, 636427964, 1955816510.
2018-11-13 00:03:24,491 43992  INFO  [067835] Finished processing user request with id = 0678354c-7bc9-475b-a25d-97c9a3e7fecc in 00:00:00.0378156.
2018-11-13 00:03:24,496 43997  INFO  [078001] Here's some useful guids:
		53fb309f-c3bd-47fe-9216-34f9e4dcbbfa
		c21c5bec-b8a9-4e79-9a99-b995f1351fb3
		76fb4ce5-3031-46a5-882a-55aff5cf0b12
2018-11-13 00:03:24,499 44000  INFO  [BackgroundDaemon] Processing data (5% completed)..
2018-11-13 00:03:24,501 44002  INFO  [078001] Finished processing user request with id = 07800128-fd43-472f-b1ac-ce60ac708020 in 00:00:00.0230437.
2018-11-13 00:03:24,505 44006  INFO  [7695dd] Started processing user request. Id = 7695dd2b-e150-4190-88af-dfb199469d6c. Size = 93.61 KB.
2018-11-13 00:03:24,522 44023  INFO  [7695dd] Doing some complicated stuff.. Random numbers are: 1859540319, 1917201495, 1328669056.
2018-11-13 00:03:24,532 44033  INFO  [31b5d0] Started processing user request. Id = 31b5d0aa-7e9a-4949-85df-dea307d955cf. Size = 2.62 KB.
2018-11-13 00:03:24,549 44050  INFO  [BackgroundDaemon] Processing data (20% completed)..
2018-11-13 00:03:24,551 44052  INFO  [31b5d0] Doing some complicated stuff.. Random numbers are: 501399864, 1398681484, 495246606.
2018-11-13 00:03:24,553 44054  ERROR [7695dd] 
System.InvalidOperationException: Oh no! An error occurred!
2018-11-13 00:03:24,567 44068  INFO  [fd519f] Started processing user request. Id = fd519f94-1c7d-4106-8cf0-e64619b0ce88. Size = 80.03 KB.
2018-11-13 00:03:24,574 44075  INFO  [BackgroundDaemon] Processing data (93% completed)..
2018-11-13 00:03:24,574 44075  INFO  [BackgroundDaemon] Finished iteration in 00:00:00.1419189.
2018-11-13 00:03:24,586 44087  INFO  [fd519f] Doing some complicated stuff.. Random numbers are: 803897125, 636277339, 605209712.
2018-11-13 00:03:24,589 44090  INFO  [9107cb] Started processing user request. Id = 9107cb25-12ed-4dc4-b3a4-833b2ff0267c. Size = 88.15 KB.
2018-11-13 00:03:24,605 44106  INFO  [31b5d0] Finished processing user request with id = 31b5d0aa-7e9a-4949-85df-dea307d955cf in 00:00:00.0727277.
2018-11-13 00:03:24,606 44107  INFO  [9107cb] Doing some complicated stuff.. Random numbers are: 1513861451, 564165490, 1674040663.
2018-11-13 00:03:24,624 44125  INFO  [fd519f] Finished processing user request with id = fd519f94-1c7d-4106-8cf0-e64619b0ce88 in 00:00:00.0571336.
2018-11-13 00:03:24,624 44125  ERROR [9107cb] 
System.InvalidOperationException: Oh no! An error occurred!
2018-11-13 00:03:24,636 44137  INFO  [d7f922] Started processing user request. Id = d7f922ba-b8f1-43ec-b0df-bf6de193b64f. Size = 41.18 KB.
2018-11-13 00:03:24,637 44138  INFO  [9bac63] Started processing user request. Id = 9bac638b-a11a-4b23-a9f0-a0fb64e1d9f8. Size = 23.15 KB.
2018-11-13 00:03:24,641 44142  INFO  [9bac63] Doing some complicated stuff.. Random numbers are: 294025064, 740188987, 1627519860.
2018-11-13 00:03:24,649 44150  INFO  [d7f922] Doing some complicated stuff.. Random numbers are: 1272803771, 1308688752, 1251732178.
2018-11-13 00:03:24,655 44156  INFO  [9bac63] Here's some useful guids:
		307c9bb4-3c6e-467c-a732-32fbd9c1d315
		bcc374e7-d9bf-4d76-94f1-f2377624f5ec
2018-11-13 00:03:24,655 44156  INFO  [9bac63] Finished processing user request with id = 9bac638b-a11a-4b23-a9f0-a0fb64e1d9f8 in 00:00:00.0177875.
2018-11-13 00:03:24,669 44170  INFO  [8c5004] Started processing user request. Id = 8c50047b-47b3-498c-abe8-8d5d7b8193f4. Size = 94.86 KB.
2018-11-13 00:03:24,685 44187  INFO  [8c5004] Doing some complicated stuff.. Random numbers are: 120792062, 1076278320, 2009545339.
2018-11-13 00:03:24,704 44205  INFO  [d7f922] Finished processing user request with id = d7f922ba-b8f1-43ec-b0df-bf6de193b64f in 00:00:00.0673671.
2018-11-13 00:03:24,735 44236  INFO  [8c5004] Finished processing user request with id = 8c50047b-47b3-498c-abe8-8d5d7b8193f4 in 00:00:00.0656654.
2018-11-13 00:03:24,736 44237  INFO  [0c7df4] Started processing user request. Id = 0c7df4f3-641a-4349-9efa-7c67b12cf875. Size = 4.23 KB.
2018-11-13 00:03:24,749 44250  INFO  [51cc6b] Started processing user request. Id = 51cc6b86-8999-4727-bd4a-d34b1eca87e3. Size = 66.08 KB.
2018-11-13 00:03:24,750 44251  INFO  [0c7df4] Doing some complicated stuff.. Random numbers are: 432163286, 1456416891, 1468103523.
2018-11-13 00:03:24,759 44260  INFO  [0c7df4] Finished processing user request with id = 0c7df4f3-641a-4349-9efa-7c67b12cf875 in 00:00:00.0234088.
2018-11-13 00:03:24,761 44262  INFO  [Metrics] Cpu: 4.76%; Memory: 19.79 GB/31.88 GB; Workers: 4/1024; IOCP: 0/1024
2018-11-13 00:03:24,767 44268  INFO  [51cc6b] Doing some complicated stuff.. Random numbers are: 1598743722, 176807070, 1649442618.
2018-11-13 00:03:24,774 44275  INFO  [BackgroundDaemon] Starting iteration #15548.
2018-11-13 00:03:24,781 44282  INFO  [51cc6b] Here's some useful guids:
		9fea0295-86a8-4745-a0b3-f2deb0a5b834
2018-11-13 00:03:24,787 44288  INFO  [51cc6b] Finished processing user request with id = 51cc6b86-8999-4727-bd4a-d34b1eca87e3 in 00:00:00.0385707.
2018-11-13 00:03:24,790 44291  INFO  [18fbc4] Started processing user request. Id = 18fbc428-5abd-4437-bf6a-107d728dad5d. Size = 91.93 KB.
2018-11-13 00:03:24,791 44292  INFO  [573181] Started processing user request. Id = 573181bb-5555-4e65-a296-31cf83a9c927. Size = 85.14 KB.
2018-11-13 00:03:24,795 44296  INFO  [BackgroundDaemon] Processing data (7% completed)..
2018-11-13 00:03:24,800 44301  INFO  [573181] Doing some complicated stuff.. Random numbers are: 1192807302, 675187315, 272046902.
2018-11-13 00:03:24,801 44302  INFO  [80e13b] Started processing user request. Id = 80e13b1a-374b-491c-9930-afd37409bb78. Size = 20.5 KB.
2018-11-13 00:03:24,810 44311  INFO  [18fbc4] Doing some complicated stuff.. Random numbers are: 357457827, 1807869454, 1797631952.
2018-11-13 00:03:24,812 44313  INFO  [80e13b] Doing some complicated stuff.. Random numbers are: 27792859, 300562967, 1647083298.
2018-11-13 00:03:24,835 44336  INFO  [18fbc4] Here's some useful guids:
		2be7f8fa-c07b-4661-b1fa-12f67e1897f1
		16b4f7c1-cb09-4bdb-b638-2e12916168cb
		34289a0e-8ef9-47f5-9025-d00093dbec75
		dbd7a2d5-3e10-40e7-9254-887c0e820c6c
2018-11-13 00:03:24,836 44337  INFO  [573181] Finished processing user request with id = 573181bb-5555-4e65-a296-31cf83a9c927 in 00:00:00.0450940.
2018-11-13 00:03:24,842 44343  INFO  [18fbc4] Finished processing user request with id = 18fbc428-5abd-4437-bf6a-107d728dad5d in 00:00:00.0520792.
2018-11-13 00:03:24,852 44353  INFO  [80e13b] Finished processing user request with id = 80e13b1a-374b-491c-9930-afd37409bb78 in 00:00:00.0513417.
2018-11-13 00:03:24,865 44366  INFO  [82568d] Started processing user request. Id = 82568d94-42ba-4cc9-b0de-19aec356f20d. Size = 11.59 KB.
2018-11-13 00:03:24,873 44374  INFO  [5383e3] Started processing user request. Id = 5383e3f8-16f8-4c52-8567-4da7bec2396b. Size = 32.31 KB.
2018-11-13 00:03:24,876 44377  INFO  [82568d] Doing some complicated stuff.. Random numbers are: 1714708129, 554646556, 914883620.
2018-11-13 00:03:24,877 44378  INFO  [5383e3] Doing some complicated stuff.. Random numbers are: 1925551764, 109761147, 653977499.
2018-11-13 00:03:24,888 44390  INFO  [BackgroundDaemon] Processing data (38% completed)..
2018-11-13 00:03:24,910 44411  INFO  [82568d] Here's some useful guids:
		7622a9e0-7aed-41da-ba2b-2c673f04c826
2018-11-13 00:03:24,913 44414  INFO  [5383e3] Finished processing user request with id = 5383e3f8-16f8-4c52-8567-4da7bec2396b in 00:00:00.0400052.
2018-11-13 00:03:24,931 44432  INFO  [BackgroundDaemon] Processing data (53% completed)..
2018-11-13 00:03:24,931 44432  INFO  [BackgroundDaemon] Finished iteration in 00:00:00.1564573.
2018-11-13 00:03:24,933 44434  INFO  [82568d] Finished processing user request with id = 82568d94-42ba-4cc9-b0de-19aec356f20d in 00:00:00.0676618.
2018-11-13 00:03:24,945 44446  INFO  [6a2a9c] Started processing user request. Id = 6a2a9cda-ddec-41b4-8538-269b546863cf. Size = 93.11 KB.
2018-11-13 00:03:24,945 44446  INFO  [6a2a9c] Doing some complicated stuff.. Random numbers are: 1168331362, 608238961, 732318315.
2018-11-13 00:03:24,947 44448  INFO  [bf4517] Started processing user request. Id = bf4517c9-3586-415f-8564-91745ab45615. Size = 43.04 KB.
2018-11-13 00:03:24,959 44460  INFO  [bf4517] Doing some complicated stuff.. Random numbers are: 1599446227, 1559569557, 955347009.
2018-11-13 00:03:24,985 44486  INFO  [6a2a9c] Here's some useful guids:
		2b7341b6-240c-47bc-89e8-096ea59b8860
		66d8bcb3-bc60-4aac-a04e-c7af6017791b
		dc61b213-f4f2-41e7-8502-f4f30554b4c7
2018-11-13 00:03:24,998 44499  INFO  [bf4517] Here's some useful guids:
		6670f6a4-7a0a-4986-84ea-fb70fc8c535d
		44a31889-d3fd-409f-9859-0409673a7813
		53229d0a-75ec-41c7-ab42-86d62984bdec
2018-11-13 00:03:24,999 44500  INFO  [6a2a9c] Finished processing user request with id = 6a2a9cda-ddec-41b4-8538-269b546863cf in 00:00:00.0539123.
2018-11-13 00:03:25,002 44503  INFO  [bf4517] Finished processing user request with id = bf4517c9-3586-415f-8564-91745ab45615 in 00:00:00.0549389.
2018-11-13 00:03:25,004 44505  INFO  [8f7af6] Started processing user request. Id = 8f7af690-0e20-4214-a65d-8aeac9dec512. Size = 34.14 KB.
2018-11-13 00:03:25,015 44516  INFO  [870bba] Started processing user request. Id = 870bba15-0c41-4142-a160-aef01539ba83. Size = 96.83 KB.
2018-11-13 00:03:25,023 44524  INFO  [8f7af6] Doing some complicated stuff.. Random numbers are: 2132930573, 364460859, 1428320578.
2018-11-13 00:03:25,028 44529  INFO  [870bba] Doing some complicated stuff.. Random numbers are: 463821131, 1965124406, 1228264494.
2018-11-13 00:03:25,030 44531  INFO  [890229] Started processing user request. Id = 89022970-4436-4902-87e7-7c2c4589b7b9. Size = 26.28 KB.
2018-11-13 00:03:25,033 44535  INFO  [890229] Doing some complicated stuff.. Random numbers are: 1510421443, 189674231, 631470752.
2018-11-13 00:03:25,049 44551  INFO  [8f7af6] Finished processing user request with id = 8f7af690-0e20-4214-a65d-8aeac9dec512 in 00:00:00.0455641.
2018-11-13 00:03:25,061 44562  INFO  [870bba] Here's some useful guids:
		ada259af-412c-4983-8830-201e64fba02d
		5980d868-3692-4026-84c3-3754d17665d8
		d2f1f4b2-2c02-4d72-bf71-160bc1021a11
		1376091c-d16e-4b73-8a36-25173f3af563
		fdef1cb1-6566-4eae-8a8b-c30d0b0416a4
2018-11-13 00:03:25,081 44583  INFO  [870bba] Finished processing user request with id = 870bba15-0c41-4142-a160-aef01539ba83 in 00:00:00.0660402.
2018-11-13 00:03:25,086 44587  INFO  [890229] Finished processing user request with id = 89022970-4436-4902-87e7-7c2c4589b7b9 in 00:00:00.0559553.
2018-11-13 00:03:25,096 44597  INFO  [b9aae4] Started processing user request. Id = b9aae43a-4444-4890-9058-e31ca40c380f. Size = 77.72 KB.
2018-11-13 00:03:25,102 44603  INFO  [b9aae4] Doing some complicated stuff.. Random numbers are: 611207931, 1992684692, 1316051406.
2018-11-13 00:03:25,118 44619  INFO  [2f0fe5] Started processing user request. Id = 2f0fe538-2393-47c4-ad39-eb55a387d3f2. Size = 76.53 KB.
2018-11-13 00:03:25,131 44632  INFO  [BackgroundDaemon] Starting iteration #15549.
2018-11-13 00:03:25,136 44637  INFO  [2f0fe5] Doing some complicated stuff.. Random numbers are: 751756267, 1981370012, 1127842930.
2018-11-13 00:03:25,144 44645  INFO  [2f0fe5] Here's some useful guids:
		0a8c41c2-52ec-4fa6-8f25-a147ff26fbfa
		ecf53b2a-507b-4125-a721-2b28455ed4b7
		9645f9d3-fe5b-474f-be25-8aeba81c50ac
		0e5f7cb6-09aa-4221-bcdf-839511cd7cad
		911ccec2-3e53-42ea-9b5b-0303666f5d4f
2018-11-13 00:03:25,149 44650  INFO  [2f0fe5] Finished processing user request with id = 2f0fe538-2393-47c4-ad39-eb55a387d3f2 in 00:00:00.0312163.
2018-11-13 00:03:25,159 44660  INFO  [b9aae4] Finished processing user request with id = b9aae43a-4444-4890-9058-e31ca40c380f in 00:00:00.0633807.
2018-11-13 00:03:25,166 44667  INFO  [BackgroundDaemon] Processing data (4% completed)..
2018-11-13 00:03:25,173 44674  INFO  [2d7d3c] Started processing user request. Id = 2d7d3cf9-38fe-4110-bba0-2cc661d35d17. Size = 23.5 KB.
2018-11-13 00:03:25,178 44679  INFO  [2d7d3c] Doing some complicated stuff.. Random numbers are: 588811783, 764589063, 1333893438.
2018-11-13 00:03:25,181 44682  INFO  [577b28] Started processing user request. Id = 577b2879-918f-4555-aaec-df43dc570825. Size = 88.01 KB.
2018-11-13 00:03:25,191 44692  INFO  [577b28] Doing some complicated stuff.. Random numbers are: 1716951403, 327880741, 1322653045.
2018-11-13 00:03:25,199 44700  INFO  [577b28] Here's some useful guids:
		623cd831-b2a0-4cc8-a35c-c1a69ec5bb01
		0d3b698d-f398-43dc-9d49-1bc156023857
2018-11-13 00:03:25,208 44709  INFO  [2d7d3c] Here's some useful guids:
		f86499a6-b52a-4ca3-a99d-8eb833ea0338
		a2bc5e52-bbc0-44f3-9a49-a90a3258c9ea
		9ed88b3f-1895-424c-8664-092911293250
2018-11-13 00:03:25,217 44718  INFO  [d6ec8c] Started processing user request. Id = d6ec8c0b-2a5b-4433-bb03-772b72a4b0a0. Size = 71.67 KB.
2018-11-13 00:03:25,221 44722  INFO  [577b28] Finished processing user request with id = 577b2879-918f-4555-aaec-df43dc570825 in 00:00:00.0395633.
2018-11-13 00:03:25,227 44728  INFO  [d6ec8c] Doing some complicated stuff.. Random numbers are: 472174313, 189793458, 203184332.
2018-11-13 00:03:25,234 44735  INFO  [2d7d3c] Finished processing user request with id = 2d7d3cf9-38fe-4110-bba0-2cc661d35d17 in 00:00:00.0611757.
2018-11-13 00:03:25,245 44746  INFO  [BackgroundDaemon] Processing data (41% completed)..
2018-11-13 00:03:25,247 44748  INFO  [17b253] Started processing user request. Id = 17b25363-f907-4fd9-886d-07f826afa1a0. Size = 16.51 KB.
2018-11-13 00:03:25,252 44753  INFO  [a34e6c] Started processing user request. Id = a34e6c1a-4c68-4c34-9f0c-0a839b03abfa. Size = 82.78 KB.
2018-11-13 00:03:25,255 44756  INFO  [17b253] Doing some complicated stuff.. Random numbers are: 467824477, 1146578030, 56608080.
2018-11-13 00:03:25,255 44756  ERROR [d6ec8c] 
System.InvalidOperationException: Oh no! An error occurred!
2018-11-13 00:03:25,260 44761  INFO  [Metrics] Cpu: 0.79%; Memory: 19.79 GB/31.88 GB; Workers: 4/1024; IOCP: 0/1024
2018-11-13 00:03:25,261 44762  INFO  [a34e6c] Doing some complicated stuff.. Random numbers are: 395253521, 1768648081, 669353386.
2018-11-13 00:03:25,279 44780  INFO  [17b253] Here's some useful guids:
		b23c4ca1-9f4d-4121-92a3-9203ab0bdd84
		e1d3fe0a-d196-4c10-b2f6-2f7c8ca34630
2018-11-13 00:03:25,300 44801  INFO  [a34e6c] Here's some useful guids:
		2a4cf483-c6cf-45a2-aacf-79f7bb3db1e7
		5758891f-698c-4c6c-90f0-f5b1fc753846
		1519a507-ee1d-4651-aef2-9feb20cf006a
		4297969d-c22f-4bcb-a286-b58049325e53
2018-11-13 00:03:25,302 44803  INFO  [a34e6c] Finished processing user request with id = a34e6c1a-4c68-4c34-9f0c-0a839b03abfa in 00:00:00.0501106.
2018-11-13 00:03:25,306 44807  INFO  [17b253] Finished processing user request with id = 17b25363-f907-4fd9-886d-07f826afa1a0 in 00:00:00.0591101.
2018-11-13 00:03:25,320 44821  INFO  [6f2bf0] Started processing user request. Id = 6f2bf0fb-1771-4e15-93e6-9f4ce0157a62. Size = 60.6 KB.
2018-11-13 00:03:25,333 44834  INFO  [6f2bf0] Doing some complicated stuff.. Random numbers are: 1154576285, 846781100, 1009233628.
2018-11-13 00:03:25,334 44835  INFO  [803010] Started processing user request. Id = 80301096-b5db-4045-b220-e57a8a60cbb6. Size = 40.86 KB.
2018-11-13 00:03:25,338 44839  INFO  [BackgroundDaemon] Processing data (61% completed)..
2018-11-13 00:03:25,338 44839  INFO  [BackgroundDaemon] Finished iteration in 00:00:00.2070010.
2018-11-13 00:03:25,344 44845  INFO  [803010] Doing some complicated stuff.. Random numbers are: 510301126, 658022771, 415243525.
2018-11-13 00:03:25,361 44862  INFO  [6f2bf0] Here's some useful guids:
		a06f6da8-03f3-4a97-8a0b-b36b7dded2b5
		15efd657-c595-434f-a50a-1da51260f331
2018-11-13 00:03:25,363 44864  INFO  [803010] Finished processing user request with id = 80301096-b5db-4045-b220-e57a8a60cbb6 in 00:00:00.0292228.
2018-11-13 00:03:25,385 44886  INFO  [6f2bf0] Finished processing user request with id = 6f2bf0fb-1771-4e15-93e6-9f4ce0157a62 in 00:00:00.0653062.
2018-11-13 00:03:25,394 44895  INFO  [e01529] Started processing user request. Id = e0152905-4e7d-4fde-9b38-1447f3d9fbd2. Size = 6.31 KB.
2018-11-13 00:03:25,399 44900  INFO  [28df08] Started processing user request. Id = 28df0822-f5d3-47e4-a482-6a6dd8eb5651. Size = 51.37 KB.
2018-11-13 00:03:25,401 44902  INFO  [28df08] Doing some complicated stuff.. Random numbers are: 1449569680, 371442703, 1878220688.
2018-11-13 00:03:25,412 44913  INFO  [e01529] Doing some complicated stuff.. Random numbers are: 58694603, 620491341, 1772184701.
2018-11-13 00:03:25,413 44914  INFO  [28df08] Finished processing user request with id = 28df0822-f5d3-47e4-a482-6a6dd8eb5651 in 00:00:00.0140275.
2018-11-13 00:03:25,423 44924  INFO  [8d162a] Started processing user request. Id = 8d162a65-7ccc-4d9d-9c96-e72804a5944b. Size = 29.22 KB.
2018-11-13 00:03:25,426 44927  INFO  [169d95] Started processing user request. Id = 169d9553-99cf-4a11-8de7-86322281b49c. Size = 17.12 KB.
2018-11-13 00:03:25,431 44932  INFO  [8d162a] Doing some complicated stuff.. Random numbers are: 1274325906, 435714546, 1551524674.
2018-11-13 00:03:25,434 44935  INFO  [169d95] Doing some complicated stuff.. Random numbers are: 739736001, 733179804, 827982178.
2018-11-13 00:03:25,448 44949  ERROR [e01529] 
System.InvalidOperationException: Oh no! An error occurred!
2018-11-13 00:03:25,473 44974  INFO  [169d95] Finished processing user request with id = 169d9553-99cf-4a11-8de7-86322281b49c in 00:00:00.0469438.
2018-11-13 00:03:25,479 44980  INFO  [5c1062] Started processing user request. Id = 5c1062b7-6293-496c-8661-ade076fe9c61. Size = 8.58 KB.
2018-11-13 00:03:25,486 44987  INFO  [8d162a] Finished processing user request with id = 8d162a65-7ccc-4d9d-9c96-e72804a5944b in 00:00:00.0631106.
2018-11-13 00:03:25,486 44987  INFO  [1cb7af] Started processing user request. Id = 1cb7afe6-481d-4e04-86b3-18eea7aa6241. Size = 25.35 KB.
2018-11-13 00:03:25,493 44994  INFO  [1cb7af] Doing some complicated stuff.. Random numbers are: 294986435, 1304005345, 2129001511.
2018-11-13 00:03:25,496 44997  INFO  [5c1062] Doing some complicated stuff.. Random numbers are: 1825078528, 520036010, 90481948.
2018-11-13 00:03:25,512 45014  INFO  [5c1062] Finished processing user request with id = 5c1062b7-6293-496c-8661-ade076fe9c61 in 00:00:00.0331391.
2018-11-13 00:03:25,539 45040  INFO  [BackgroundDaemon] Starting iteration #15550.
2018-11-13 00:03:25,544 45045  INFO  [02993e] Started processing user request. Id = 02993ee6-eb71-4c0c-9c89-59861d1cb070. Size = 51.67 KB.
2018-11-13 00:03:25,551 45053  INFO  [1cb7af] Finished processing user request with id = 1cb7afe6-481d-4e04-86b3-18eea7aa6241 in 00:00:00.0650924.
2018-11-13 00:03:25,556 45058  INFO  [02993e] Doing some complicated stuff.. Random numbers are: 1215217785, 1971510659, 1832748723.
2018-11-13 00:03:25,565 45067  INFO  [2749ba] Started processing user request. Id = 2749ba25-5e26-42c2-9015-9a657ee48577. Size = 86.35 KB.
2018-11-13 00:03:25,584 45085  INFO  [2749ba] Doing some complicated stuff.. Random numbers are: 1963752691, 1266698909, 1804175467.
2018-11-13 00:03:25,596 45097  INFO  [BackgroundDaemon] Processing data (14% completed)..
2018-11-13 00:03:25,599 45100  INFO  [02993e] Finished processing user request with id = 02993ee6-eb71-4c0c-9c89-59861d1cb070 in 00:00:00.0556166.
2018-11-13 00:03:25,610 45111  INFO  [2749ba] Finished processing user request with id = 2749ba25-5e26-42c2-9015-9a657ee48577 in 00:00:00.0447092.
2018-11-13 00:03:25,624 45125  INFO  [BackgroundDaemon] Processing data (49% completed)..
2018-11-13 00:03:25,624 45125  INFO  [ddadb8] Started processing user request. Id = ddadb8ad-804c-4ef4-9878-09d1eacf8ab7. Size = 73.16 KB.
2018-11-13 00:03:25,624 45125  INFO  [ddadb8] Doing some complicated stuff.. Random numbers are: 1415840989, 2006463939, 1954328470.
2018-11-13 00:03:25,631 45132  INFO  [e52ed7] Started processing user request. Id = e52ed774-b055-437d-90e0-f802d4e07daa. Size = 28.21 KB.
2018-11-13 00:03:25,641 45142  INFO  [e52ed7] Doing some complicated stuff.. Random numbers are: 2060120863, 493229076, 1277617722.
2018-11-13 00:03:25,653 45154  INFO  [ddadb8] Finished processing user request with id = ddadb8ad-804c-4ef4-9878-09d1eacf8ab7 in 00:00:00.0294844.
2018-11-13 00:03:25,654 45155  INFO  [54cb6a] Started processing user request. Id = 54cb6af2-1fe9-4b57-9cf2-62abffd9e1ee. Size = 30.36 KB.
2018-11-13 00:03:25,654 45156  INFO  [e52ed7] Here's some useful guids:
		d39f1ad2-f399-463f-8fc5-536560f3e490
		4c5d7dff-9696-46ed-b127-2d615787d8b3
		7b427182-f1ad-428b-90da-5cdeeeac1b78
		ff06b4aa-fcec-4ede-baf0-b92c1b994813
2018-11-13 00:03:25,658 45160  INFO  [BackgroundDaemon] Processing data (57% completed)..
2018-11-13 00:03:25,658 45160  INFO  [BackgroundDaemon] Finished iteration in 00:00:00.1194188.
2018-11-13 00:03:25,663 45164  INFO  [54cb6a] Doing some complicated stuff.. Random numbers are: 1389708271, 1319784579, 1238492221.
2018-11-13 00:03:25,666 45168  INFO  [516e08] Started processing user request. Id = 516e08ea-ff90-4974-93d2-7338fba64ba8. Size = 26.79 KB.
2018-11-13 00:03:25,672 45173  INFO  [516e08] Doing some complicated stuff.. Random numbers are: 326594107, 1874665567, 1291027376.
2018-11-13 00:03:25,677 45178  INFO  [516e08] Here's some useful guids:
		aca3e1a6-ab0e-49a2-9d29-5cfadf233c5f
2018-11-13 00:03:25,683 45184  INFO  [e52ed7] Finished processing user request with id = e52ed774-b055-437d-90e0-f802d4e07daa in 00:00:00.0519801.
2018-11-13 00:03:25,692 45193  INFO  [54cb6a] Finished processing user request with id = 54cb6af2-1fe9-4b57-9cf2-62abffd9e1ee in 00:00:00.0376833.
2018-11-13 00:03:25,693 45194  ERROR [516e08] 
System.InvalidOperationException: Oh no! An error occurred!
2018-11-13 00:03:25,706 45207  INFO  [026026] Started processing user request. Id = 026026fd-5146-4a7a-b2f9-301cf4d61f75. Size = 89.92 KB.
2018-11-13 00:03:25,708 45209  INFO  [026026] Doing some complicated stuff.. Random numbers are: 1481424283, 1013578378, 567543577.
2018-11-13 00:03:25,714 45215  INFO  [c9f69a] Started processing user request. Id = c9f69aca-b652-4bc0-a0bd-c702320b730c. Size = 11.07 KB.
2018-11-13 00:03:25,722 45223  INFO  [c9f69a] Doing some complicated stuff.. Random numbers are: 611065817, 1048327516, 1054464374.
2018-11-13 00:03:25,734 45235  INFO  [026026] Finished processing user request with id = 026026fd-5146-4a7a-b2f9-301cf4d61f75 in 00:00:00.0286932.
2018-11-13 00:03:25,740 45242  INFO  [c9f69a] Finished processing user request with id = c9f69aca-b652-4bc0-a0bd-c702320b730c in 00:00:00.0261536.
2018-11-13 00:03:25,747 45249  INFO  [c552c0] Started processing user request. Id = c552c08d-b5b3-44e5-b00c-7a398e106752. Size = 57.37 KB.
2018-11-13 00:03:25,759 45260  INFO  [c552c0] Doing some complicated stuff.. Random numbers are: 1497345694, 1250787072, 732165158.
2018-11-13 00:03:25,760 45261  INFO  [Metrics] Cpu: 0.79%; Memory: 19.79 GB/31.88 GB; Workers: 4/1024; IOCP: 0/1024
2018-11-13 00:03:25,772 45273  INFO  [87e5b6] Started processing user request. Id = 87e5b68e-5c71-43d4-accf-ac5bda940b89. Size = 17.09 KB.
2018-11-13 00:03:25,777 45278  INFO  [c552c0] Here's some useful guids:
		cfb6da25-8000-48ce-8e22-c054e7926ac1
		65430fa8-f5da-496b-9ce5-5981009d7976
		dce481cc-c89f-4bdf-a03b-6ab9a1ae63d1
2018-11-13 00:03:25,779 45280  INFO  [c552c0] Finished processing user request with id = c552c08d-b5b3-44e5-b00c-7a398e106752 in 00:00:00.0318767.
2018-11-13 00:03:25,782 45283  INFO  [87e5b6] Doing some complicated stuff.. Random numbers are: 316791430, 1228776985, 1750858943.
2018-11-13 00:03:25,792 45293  INFO  [090308] Started processing user request. Id = 090308b1-9d86-45d8-870f-de9095134e6c. Size = 38.8 KB.
2018-11-13 00:03:25,807 45308  INFO  [87e5b6] Here's some useful guids:
		557db998-6f42-4469-be6a-9d81acb74707
		2d62e272-7f1d-40c2-94e4-2f83e3225f15
		df7c6a4b-48eb-4690-ab39-0d553845a9a6
2018-11-13 00:03:25,811 45312  INFO  [090308] Doing some complicated stuff.. Random numbers are: 1906703851, 606557726, 1500665058.
2018-11-13 00:03:25,820 45321  INFO  [87e5b6] Finished processing user request with id = 87e5b68e-5c71-43d4-accf-ac5bda940b89 in 00:00:00.0480279.
2018-11-13 00:03:25,829 45330  INFO  [090308] Here's some useful guids:
		76162232-f295-4f1d-bcc0-9b7db2a47afe
		9afdd2c1-9e3c-4f9c-baf9-c340d0a5897d
		3ae5f84d-71e0-471c-a838-58a9f4a3c2a9
2018-11-13 00:03:25,829 45330  INFO  [090308] Finished processing user request with id = 090308b1-9d86-45d8-870f-de9095134e6c in 00:00:00.0364590.
2018-11-13 00:03:25,842 45343  INFO  [cca215] Started processing user request. Id = cca215df-481d-40b7-9ae6-05d500161668. Size = 76.73 KB.
2018-11-13 00:03:25,846 45347  INFO  [cca215] Doing some complicated stuff.. Random numbers are: 1646104367, 291532077, 1681344663.
2018-11-13 00:03:25,852 45353  INFO  [64a8bb] Started processing user request. Id = 64a8bb18-2f13-4daf-8b8a-230ab85c3617. Size = 829 B.
2018-11-13 00:03:25,854 45355  INFO  [cca215] Finished processing user request with id = cca215df-481d-40b7-9ae6-05d500161668 in 00:00:00.0113930.
2018-11-13 00:03:25,855 45356  INFO  [64a8bb] Doing some complicated stuff.. Random numbers are: 1600045441, 1296973247, 411646181.
2018-11-13 00:03:25,858 45360  INFO  [BackgroundDaemon] Starting iteration #15551.
2018-11-13 00:03:25,860 45361  INFO  [7842e3] Started processing user request. Id = 7842e304-d797-4528-9a52-c2d0a1f01ebd. Size = 16.25 KB.
2018-11-13 00:03:25,867 45368  INFO  [0a07e3] Started processing user request. Id = 0a07e30f-1236-46f7-937d-2d63ce2541e2. Size = 38.77 KB.
2018-11-13 00:03:25,874 45375  INFO  [7842e3] Doing some complicated stuff.. Random numbers are: 408850700, 1390530067, 1593980191.
2018-11-13 00:03:25,879 45380  INFO  [0a07e3] Doing some complicated stuff.. Random numbers are: 166422589, 1693105369, 83642845.
2018-11-13 00:03:25,901 45402  INFO  [0a07e3] Finished processing user request with id = 0a07e30f-1236-46f7-937d-2d63ce2541e2 in 00:00:00.0338675.
2018-11-13 00:03:25,906 45407  INFO  [64a8bb] Finished processing user request with id = 64a8bb18-2f13-4daf-8b8a-230ab85c3617 in 00:00:00.0541999.
2018-11-13 00:03:25,914 45415  INFO  [bf520e] Started processing user request. Id = bf520eed-2721-4879-aa65-ad16e10a61dd. Size = 79.61 KB.
2018-11-13 00:03:25,923 45424  INFO  [bf520e] Doing some complicated stuff.. Random numbers are: 1026237603, 1295869399, 649248272.
2018-11-13 00:03:25,937 45438  INFO  [b7659c] Started processing user request. Id = b7659c4b-42f6-48c1-b5ad-9590517be775. Size = 29.42 KB.
2018-11-13 00:03:25,939 45440  INFO  [7842e3] Finished processing user request with id = 7842e304-d797-4528-9a52-c2d0a1f01ebd in 00:00:00.0797437.
2018-11-13 00:03:25,948 45449  INFO  [b7659c] Doing some complicated stuff.. Random numbers are: 1864770373, 844795087, 271356384.
2018-11-13 00:03:25,951 45452  INFO  [BackgroundDaemon] Processing data (8% completed)..
2018-11-13 00:03:25,953 45454  INFO  [bf520e] Here's some useful guids:
		1628af73-3319-4324-bcd7-8f697d63b165
2018-11-13 00:03:25,953 45454  INFO  [bf520e] Finished processing user request with id = bf520eed-2721-4879-aa65-ad16e10a61dd in 00:00:00.0382633.
2018-11-13 00:03:25,966 45468  INFO  [64654f] Started processing user request. Id = 64654f38-7225-4275-84d3-8d1d1564d031. Size = 97.26 KB.
2018-11-13 00:03:25,966 45468  INFO  [64654f] Doing some complicated stuff.. Random numbers are: 2022173592, 1644497855, 1773057118.
2018-11-13 00:03:25,975 45476  INFO  [BackgroundDaemon] Processing data (39% completed)..
2018-11-13 00:03:25,982 45484  INFO  [64654f] Finished processing user request with id = 64654f38-7225-4275-84d3-8d1d1564d031 in 00:00:00.0160764.
2018-11-13 00:03:25,985 45486  INFO  [b7659c] Here's some useful guids:
		ed0250ba-eaf7-4e88-9c69-2fd6529e920c
		85bcf45a-1738-4ae5-9ee8-fbf199728315
		f0bfb09b-53ad-4abb-ac5f-2251bd5d7527
2018-11-13 00:03:25,992 45493  INFO  [b7659c] Finished processing user request with id = b7659c4b-42f6-48c1-b5ad-9590517be775 in 00:00:00.0542847.
2018-11-13 00:03:25,996 45497  INFO  [5e6278] Started processing user request. Id = 5e6278e7-f7f2-4946-a373-529ff3e887a0. Size = 55.11 KB.
2018-11-13 00:03:26,011 45512  INFO  [5e6278] Doing some complicated stuff.. Random numbers are: 456455270, 1040386101, 145313930.
2018-11-13 00:03:26,023 45524  INFO  [a45492] Started processing user request. Id = a45492ff-803b-4b46-8b50-bf0034940981. Size = 7.35 KB.
2018-11-13 00:03:26,028 45529  INFO  [BackgroundDaemon] Processing data (51% completed)..
2018-11-13 00:03:26,028 45529  INFO  [BackgroundDaemon] Finished iteration in 00:00:00.1694408.
2018-11-13 00:03:26,035 45536  INFO  [a45492] Doing some complicated stuff.. Random numbers are: 676450082, 1569076028, 1698927063.
2018-11-13 00:03:26,040 45542  ERROR [a45492] 
System.InvalidOperationException: Oh no! An error occurred!
2018-11-13 00:03:26,072 45573  INFO  [5e6278] Finished processing user request with id = 5e6278e7-f7f2-4946-a373-529ff3e887a0 in 00:00:00.0761250.
2018-11-13 00:03:26,072 45573  INFO  [8a8f31] Started processing user request. Id = 8a8f31ad-4c2b-4722-a02c-54604e9ed007. Size = 14.13 KB.
2018-11-13 00:03:26,084 45585  INFO  [8a8f31] Doing some complicated stuff.. Random numbers are: 1122626715, 1796432937, 1977478637.
2018-11-13 00:03:26,085 45586  INFO  [f3ef9a] Started processing user request. Id = f3ef9ab8-92e7-4bbc-b048-5e2cb22022dd. Size = 15.71 KB.
2018-11-13 00:03:26,102 45603  INFO  [f3ef9a] Doing some complicated stuff.. Random numbers are: 339522264, 2087910975, 1830174114.
2018-11-13 00:03:26,106 45607  INFO  [b643d6] Started processing user request. Id = b643d625-da46-4fbb-b693-82e903a28bed. Size = 67.9 KB.
2018-11-13 00:03:26,121 45623  INFO  [b643d6] Doing some complicated stuff.. Random numbers are: 760009419, 653323566, 1550176724.
2018-11-13 00:03:26,124 45626  INFO  [8a8f31] Finished processing user request with id = 8a8f31ad-4c2b-4722-a02c-54604e9ed007 in 00:00:00.0526833.
2018-11-13 00:03:26,142 45644  INFO  [b643d6] Here's some useful guids:
		b843edea-979d-4f70-be60-4b41ece03984
		276967f7-d970-4c1b-9fe8-a7a2c3af5e69
		88e6f65b-17a6-4b65-aa9a-ece75dc71c66
2018-11-13 00:03:26,144 45645  INFO  [f3ef9a] Finished processing user request with id = f3ef9ab8-92e7-4bbc-b048-5e2cb22022dd in 00:00:00.0586705.
2018-11-13 00:03:26,156 45657  INFO  [b643d6] Finished processing user request with id = b643d625-da46-4fbb-b693-82e903a28bed in 00:00:00.0493203.
2018-11-13 00:03:26,156 45657  INFO  [fdac6c] Started processing user request. Id = fdac6cd6-ff85-4532-86b1-33d439583a3e. Size = 74.09 KB.
2018-11-13 00:03:26,157 45658  INFO  [ba94ce] Started processing user request. Id = ba94ce97-710f-4dee-af6c-38f89e925064. Size = 17.51 KB.
2018-11-13 00:03:26,158 45659  INFO  [fdac6c] Doing some complicated stuff.. Random numbers are: 2044467077, 1107748588, 751980674.
2018-11-13 00:03:26,174 45675  INFO  [ba94ce] Doing some complicated stuff.. Random numbers are: 36169179, 42248682, 1622133753.
2018-11-13 00:03:26,179 45680  INFO  [ba94ce] Here's some useful guids:
		56a5fdeb-df7f-4ced-8f66-da43a6539f7e
2018-11-13 00:03:26,192 45693  INFO  [fdac6c] Finished processing user request with id = fdac6cd6-ff85-4532-86b1-33d439583a3e in 00:00:00.0361654.
2018-11-13 00:03:26,195 45696  INFO  [ba94ce] Finished processing user request with id = ba94ce97-710f-4dee-af6c-38f89e925064 in 00:00:00.0381569.
2018-11-13 00:03:26,209 45710  INFO  [0adecf] Started processing user request. Id = 0adecf05-fe3e-419d-ad1c-f49cffbd178a. Size = 80.05 KB.
2018-11-13 00:03:26,215 45716  INFO  [0adecf] Doing some complicated stuff.. Random numbers are: 1444873168, 301439054, 1573463274.
2018-11-13 00:03:26,223 45724  INFO  [12e733] Started processing user request. Id = 12e7339d-f8fb-48cd-916c-a316d4eb55b9. Size = 11.17 KB.
2018-11-13 00:03:26,223 45724  INFO  [12e733] Doing some complicated stuff.. Random numbers are: 1404720159, 1181113072, 475666483.
2018-11-13 00:03:26,229 45730  INFO  [BackgroundDaemon] Starting iteration #15552.
2018-11-13 00:03:26,253 45754  INFO  [0adecf] Here's some useful guids:
		c7c4df34-8590-464b-83cc-931eab1b51de
		a10317c5-5953-443a-918b-29cc72921b77
		7a4aa6be-8bad-4e8f-8107-cef9690d344b
		839ba504-5b9a-47f8-8e17-03c7e5cc70cc
		e28228c2-0264-4f87-a08a-ea1261615381
2018-11-13 00:03:26,257 45758  INFO  [12e733] Here's some useful guids:
		f25e2e13-fc50-4d35-a7b1-3bd150790eba
		78ab0cb1-5f46-405a-bcf5-5b6649bafdf9
2018-11-13 00:03:26,259 45760  INFO  [Metrics] Cpu: 0.63%; Memory: 19.79 GB/31.88 GB; Workers: 4/1024; IOCP: 0/1024
2018-11-13 00:03:26,268 45769  INFO  [BackgroundDaemon] Processing data (15% completed)..
2018-11-13 00:03:26,271 45772  ERROR [0adecf] 
System.InvalidOperationException: Oh no! An error occurred!
2018-11-13 00:03:26,274 45775  INFO  [12e733] Finished processing user request with id = 12e7339d-f8fb-48cd-916c-a316d4eb55b9 in 00:00:00.0510678.
2018-11-13 00:03:26,284 45785  INFO  [664b19] Started processing user request. Id = 664b1911-6db0-4e21-911a-979e678c255b. Size = 40.26 KB.
2018-11-13 00:03:26,297 45798  INFO  [664b19] Doing some complicated stuff.. Random numbers are: 1294447535, 15530153, 1714131149.
2018-11-13 00:03:26,300 45801  INFO  [BackgroundDaemon] Processing data (49% completed)..
2018-11-13 00:03:26,306 45807  INFO  [e5c438] Started processing user request. Id = e5c4385a-2b77-46b5-aada-da7535298674. Size = 38.59 KB.
2018-11-13 00:03:26,323 45824  INFO  [3c684e] Started processing user request. Id = 3c684e49-132b-4cb9-9813-1789c7a57e67. Size = 14.22 KB.
2018-11-13 00:03:26,326 45827  INFO  [e5c438] Doing some complicated stuff.. Random numbers are: 1195696851, 754961501, 850970085.
2018-11-13 00:03:26,327 45828  INFO  [3c684e] Doing some complicated stuff.. Random numbers are: 539830372, 962809865, 1678196011.
2018-11-13 00:03:26,331 45832  INFO  [664b19] Here's some useful guids:
		7f8537f6-b870-468e-95ff-0ee5f4ac5f57
		dd84cdae-4c9e-4229-a29e-2089183daf77
		51bb9c6b-d7fe-4fbe-a550-390ab20f3160
		1382ca30-dbeb-4cff-aa9d-16ccaa07a5aa
2018-11-13 00:03:26,331 45832  INFO  [664b19] Finished processing user request with id = 664b1911-6db0-4e21-911a-979e678c255b in 00:00:00.0469866.
2018-11-13 00:03:26,336 45837  INFO  [e5c438] Finished processing user request with id = e5c4385a-2b77-46b5-aada-da7535298674 in 00:00:00.0301195.
2018-11-13 00:03:26,344 45845  INFO  [077c9b] Started processing user request. Id = 077c9b18-54dd-41c6-82c0-9d6a707b12b8. Size = 31.82 KB.
2018-11-13 00:03:26,349 45850  INFO  [BackgroundDaemon] Processing data (94% completed)..
2018-11-13 00:03:26,349 45850  INFO  [BackgroundDaemon] Finished iteration in 00:00:00.1201495.
2018-11-13 00:03:26,358 45859  INFO  [3c684e] Here's some useful guids:
		8e8f1f3f-ec09-464d-b808-cb01de780a26
		ed1fa680-a27b-40fd-a873-fcd97403ca7d
2018-11-13 00:03:26,364 45865  INFO  [077c9b] Doing some complicated stuff.. Random numbers are: 518761457, 662658098, 1546618332.
2018-11-13 00:03:26,368 45869  INFO  [08f728] Started processing user request. Id = 08f728ca-6f4d-478f-bcc7-473ca5a93ef0. Size = 66.59 KB.
2018-11-13 00:03:26,374 45875  INFO  [3c684e] Finished processing user request with id = 3c684e49-132b-4cb9-9813-1789c7a57e67 in 00:00:00.0510936.
2018-11-13 00:03:26,386 45887  INFO  [08f728] Doing some complicated stuff.. Random numbers are: 1913156553, 366924196, 484841116.
2018-11-13 00:03:26,400 45901  INFO  [077c9b] Finished processing user request with id = 077c9b18-54dd-41c6-82c0-9d6a707b12b8 in 00:00:00.0560935.
2018-11-13 00:03:26,413 45914  INFO  [bb587d] Started processing user request. Id = bb587d01-fbe3-4c13-91bb-bac802db9799. Size = 11.04 KB.
2018-11-13 00:03:26,420 45921  INFO  [bb587d] Doing some complicated stuff.. Random numbers are: 6597312, 917828177, 528676917.
2018-11-13 00:03:26,426 45927  INFO  [08f728] Finished processing user request with id = 08f728ca-6f4d-478f-bcc7-473ca5a93ef0 in 00:00:00.0583239.
2018-11-13 00:03:26,457 45958  INFO  [444949] Started processing user request. Id = 444949c2-8f10-4c29-870b-11ae8251f267. Size = 54.86 KB.
2018-11-13 00:03:26,457 45958  INFO  [bb587d] Here's some useful guids:
		4c9e5686-b810-4d9a-8312-7639d76828bb
		69854a80-282e-4ddf-bc2a-f5c5c88e71cc
		68305f04-0165-475c-83cf-050162275319
2018-11-13 00:03:26,462 45963  INFO  [444949] Doing some complicated stuff.. Random numbers are: 1362174410, 1841770297, 1188373369.
2018-11-13 00:03:26,479 45980  INFO  [bb587d] Finished processing user request with id = bb587d01-fbe3-4c13-91bb-bac802db9799 in 00:00:00.0657308.
2018-11-13 00:03:26,492 45993  INFO  [fde492] Started processing user request. Id = fde49277-b8df-4a14-bd6a-6a362eba5b48. Size = 3.83 KB.
2018-11-13 00:03:26,495 45996  INFO  [444949] Finished processing user request with id = 444949c2-8f10-4c29-870b-11ae8251f267 in 00:00:00.0379868.
2018-11-13 00:03:26,508 46009  INFO  [fde492] Doing some complicated stuff.. Random numbers are: 1528223227, 380865285, 1386645013.
2018-11-13 00:03:26,527 46028  INFO  [b222d7] Started processing user request. Id = b222d730-1aa3-4fbe-9b7b-3166c2d9c765. Size = 58.3 KB.
2018-11-13 00:03:26,533 46034  INFO  [fde492] Finished processing user request with id = fde49277-b8df-4a14-bd6a-6a362eba5b48 in 00:00:00.0407477.
2018-11-13 00:03:26,534 46035  INFO  [b222d7] Doing some complicated stuff.. Random numbers are: 1487161724, 989925246, 1165477754.
2018-11-13 00:03:26,542 46043  INFO  [0d25b7] Started processing user request. Id = 0d25b75b-fcbe-4c0f-bf2f-fff7d2f4d15d. Size = 94.84 KB.
2018-11-13 00:03:26,545 46046  INFO  [0d25b7] Doing some complicated stuff.. Random numbers are: 687693714, 588757086, 1519492049.
2018-11-13 00:03:26,546 46047  INFO  [611e4d] Started processing user request. Id = 611e4d54-1cf9-437b-b80c-65472f511e78. Size = 21.74 KB.
2018-11-13 00:03:26,550 46051  INFO  [BackgroundDaemon] Starting iteration #15553.
2018-11-13 00:03:26,564 46065  INFO  [611e4d] Doing some complicated stuff.. Random numbers are: 1976997038, 1025425143, 98384721.
2018-11-13 00:03:26,571 46072  INFO  [b222d7] Here's some useful guids:
		7f5b87eb-d862-4c22-8493-166d32734439
		eedc7791-a2dd-454c-929f-776a8869d6e0
2018-11-13 00:03:26,577 46078  INFO  [611e4d] Here's some useful guids:
		cbe7c370-1076-4c58-8beb-5c90eb7ef7be
		901fcb00-f6a2-459a-abc3-50ea470e1b58
		f6996e0f-6cc4-461f-a3a4-bcff6e14a81c
		77e182cb-0f8b-4082-8b86-80186242ae57
		a615eb29-da79-4e19-a703-bdcd23742575
2018-11-13 00:03:26,577 46078  INFO  [611e4d] Finished processing user request with id = 611e4d54-1cf9-437b-b80c-65472f511e78 in 00:00:00.0311632.
2018-11-13 00:03:26,584 46085  INFO  [b222d7] Finished processing user request with id = b222d730-1aa3-4fbe-9b7b-3166c2d9c765 in 00:00:00.0570764.
2018-11-13 00:03:26,588 46089  INFO  [0d25b7] Finished processing user request with id = 0d25b75b-fcbe-4c0f-bf2f-fff7d2f4d15d in 00:00:00.0459280.
2018-11-13 00:03:26,591 46092  INFO  [03932e] Started processing user request. Id = 03932e50-fbad-426c-9838-df8c3ddc9f44. Size = 41.24 KB.
2018-11-13 00:03:26,595 46096  INFO  [03932e] Doing some complicated stuff.. Random numbers are: 336712190, 1014502824, 1850285342.
2018-11-13 00:03:26,606 46107  INFO  [BackgroundDaemon] Processing data (8% completed)..
2018-11-13 00:03:26,616 46117  INFO  [7a50b7] Started processing user request. Id = 7a50b78d-3342-4c7b-a64a-5841485bd535. Size = 72.75 KB.
2018-11-13 00:03:26,627 46128  INFO  [03932e] Finished processing user request with id = 03932e50-fbad-426c-9838-df8c3ddc9f44 in 00:00:00.0364789.
2018-11-13 00:03:26,627 46128  INFO  [7a50b7] Doing some complicated stuff.. Random numbers are: 991184449, 1070483234, 919438257.
2018-11-13 00:03:26,640 46141  INFO  [8f1084] Started processing user request. Id = 8f10846d-f25a-4921-9ee2-fa0b0256bd45. Size = 35 KB.
2018-11-13 00:03:26,642 46143  INFO  [8f1084] Doing some complicated stuff.. Random numbers are: 1572344374, 816685910, 1011171264.
2018-11-13 00:03:26,642 46143  INFO  [7a50b7] Finished processing user request with id = 7a50b78d-3342-4c7b-a64a-5841485bd535 in 00:00:00.0267838.
2018-11-13 00:03:26,661 46163  INFO  [8f1084] Finished processing user request with id = 8f10846d-f25a-4921-9ee2-fa0b0256bd45 in 00:00:00.0210658.
2018-11-13 00:03:26,664 46165  INFO  [BackgroundDaemon] Processing data (21% completed)..
2018-11-13 00:03:26,674 46175  INFO  [e2c1d4] Started processing user request. Id = e2c1d4d2-7f92-4f7f-a35d-214e60e5b374. Size = 83.45 KB.
2018-11-13 00:03:26,675 46176  INFO  [7fa9b9] Started processing user request. Id = 7fa9b9f2-2533-409e-a7be-134d9a1483ba. Size = 79.74 KB.
2018-11-13 00:03:26,682 46183  INFO  [e2c1d4] Doing some complicated stuff.. Random numbers are: 1400927765, 1231385017, 1462842258.
2018-11-13 00:03:26,687 46188  INFO  [7fa9b9] Doing some complicated stuff.. Random numbers are: 1958007668, 405793587, 457811291.
2018-11-13 00:03:26,701 46202  INFO  [e2c1d4] Finished processing user request with id = e2c1d4d2-7f92-4f7f-a35d-214e60e5b374 in 00:00:00.0273187.
2018-11-13 00:03:26,715 46216  INFO  [BackgroundDaemon] Processing data (82% completed)..
2018-11-13 00:03:26,715 46216  INFO  [BackgroundDaemon] Finished iteration in 00:00:00.1647518.
2018-11-13 00:03:26,717 46218  INFO  [7fa9b9] Here's some useful guids:
		c856c2ad-4039-4d44-b31a-804572a83a68
2018-11-13 00:03:26,722 46223  INFO  [7fa9b9] Finished processing user request with id = 7fa9b9f2-2533-409e-a7be-134d9a1483ba in 00:00:00.0475013.
2018-11-13 00:03:26,733 46234  INFO  [a5e379] Started processing user request. Id = a5e379df-86ff-40d6-9843-311f4388331a. Size = 52.56 KB.
2018-11-13 00:03:26,735 46236  INFO  [e3631a] Started processing user request. Id = e3631ab5-00ca-4cf0-a352-a82159bc21ee. Size = 93.95 KB.
2018-11-13 00:03:26,737 46238  INFO  [e3631a] Doing some complicated stuff.. Random numbers are: 251425817, 216696000, 119699114.
2018-11-13 00:03:26,741 46242  INFO  [a5e379] Doing some complicated stuff.. Random numbers are: 1751068787, 1342733137, 596031130.
2018-11-13 00:03:26,742 46243  INFO  [e3631a] Here's some useful guids:
		74fd38f3-552b-4f56-81ec-111a63a3eed0
2018-11-13 00:03:26,755 46256  INFO  [8c383c] Started processing user request. Id = 8c383c5c-922f-4071-b859-c0283664a51b. Size = 62.56 KB.
2018-11-13 00:03:26,758 46259  INFO  [Metrics] Cpu: 0.63%; Memory: 19.79 GB/31.88 GB; Workers: 4/1024; IOCP: 0/1024
2018-11-13 00:03:26,768 46269  INFO  [8c383c] Doing some complicated stuff.. Random numbers are: 456378216, 1841194462, 2070063800.
2018-11-13 00:03:26,769 46270  INFO  [e3631a] Finished processing user request with id = e3631ab5-00ca-4cf0-a352-a82159bc21ee in 00:00:00.0336684.
2018-11-13 00:03:26,770 46271  INFO  [8c383c] Here's some useful guids:
		5feaa649-2cef-4f30-8308-7815309154b4
		b30f770f-680d-4150-a038-b26fc6b9d16e
		ee00f4cf-d3b1-4489-afa5-cfffc180de17
		1a585dd8-6678-489d-b35d-5d28fe53ff6e
		7ee32f4a-0e27-4cdb-bc1b-19d9114f91cc
2018-11-13 00:03:26,770 46271  INFO  [8c383c] Finished processing user request with id = 8c383c5c-922f-4071-b859-c0283664a51b in 00:00:00.0150539.
2018-11-13 00:03:26,773 46274  INFO  [a5e379] Here's some useful guids:
		7dc40dc7-5053-4f8c-ab5e-1735ad5e6d83
		9eef3639-6260-42ff-8495-0055834991aa
		bd64c030-a46a-4975-a60a-f1097d12f309
		6e1f356e-afcf-4535-b094-dd0bb2caf636
		c433b16b-0346-4906-aaf5-ac0249c76137
2018-11-13 00:03:26,776 46277  INFO  [a5e379] Finished processing user request with id = a5e379df-86ff-40d6-9843-311f4388331a in 00:00:00.0430436.
2018-11-13 00:03:26,783 46284  INFO  [3581bf] Started processing user request. Id = 3581bf73-17c6-4359-a025-ec09bfc9cc2d. Size = 83.42 KB.
2018-11-13 00:03:26,796 46297  INFO  [3581bf] Doing some complicated stuff.. Random numbers are: 105824021, 2125291363, 668924914.
2018-11-13 00:03:26,808 46309  INFO  [057512] Started processing user request. Id = 0575123e-0ca3-4cf2-8494-a37b38fb1703. Size = 39.73 KB.
2018-11-13 00:03:26,827 46328  INFO  [057512] Doing some complicated stuff.. Random numbers are: 1951246697, 1990006275, 1039226768.
2018-11-13 00:03:26,846 46347  INFO  [057512] Here's some useful guids:
		cb356d03-df33-4a48-9668-f1fec36098ac
		c46c5a14-fda0-4870-9521-c05bf69ea9b7
		06ef1c6e-2df9-4373-975a-cf253a344c31
		d98d3f71-b4a7-444f-82cb-995c2ccb879d
2018-11-13 00:03:26,849 46350  INFO  [057512] Finished processing user request with id = 0575123e-0ca3-4cf2-8494-a37b38fb1703 in 00:00:00.0409002.
2018-11-13 00:03:26,849 46350  INFO  [3581bf] Finished processing user request with id = 3581bf73-17c6-4359-a025-ec09bfc9cc2d in 00:00:00.0659537.
2018-11-13 00:03:26,862 46363  INFO  [2fc8ae] Started processing user request. Id = 2fc8ae42-c42e-4ac0-80ec-4ac333d923b5. Size = 44.14 KB.
2018-11-13 00:03:26,866 46367  INFO  [2fc8ae] Doing some complicated stuff.. Random numbers are: 141831605, 2111787433, 1109117960.
2018-11-13 00:03:26,866 46367  INFO  [2fc8ae] Here's some useful guids:
		61e72c93-dcb0-4a46-b8c7-d4f41e78a914
		f524aaf2-d7ab-4f6e-8c43-90cdacbf08f3
		dab519f1-b447-4e0e-8eaf-a78ba907ade0
2018-11-13 00:03:26,873 46374  INFO  [2fc8ae] Finished processing user request with id = 2fc8ae42-c42e-4ac0-80ec-4ac333d923b5 in 00:00:00.0109938.
2018-11-13 00:03:26,880 46381  INFO  [fdd3ef] Started processing user request. Id = fdd3efee-af1b-4e5d-ab71-f7cad03fb1d4. Size = 20.23 KB.
2018-11-13 00:03:26,886 46387  INFO  [6f1b91] Started processing user request. Id = 6f1b915f-639c-45d0-a742-3a9dc8a059ed. Size = 38.27 KB.
2018-11-13 00:03:26,889 46390  INFO  [6f1b91] Doing some complicated stuff.. Random numbers are: 1514631319, 631706097, 1571932832.
2018-11-13 00:03:26,895 46396  INFO  [fdd3ef] Doing some complicated stuff.. Random numbers are: 2134802822, 822755115, 1080928601.
2018-11-13 00:03:26,907 46408  INFO  [6f1b91] Here's some useful guids:
		49b5e579-9dbb-4565-b1b1-2c6a1e13ee66
		f94b731f-4a80-499e-a517-cd73ee1fe3cc
2018-11-13 00:03:26,915 46416  INFO  [BackgroundDaemon] Starting iteration #15554.
2018-11-13 00:03:26,935 46436  INFO  [fdd3ef] Finished processing user request with id = fdd3efee-af1b-4e5d-ab71-f7cad03fb1d4 in 00:00:00.0551319.
2018-11-13 00:03:26,936 46437  INFO  [6f1b91] Finished processing user request with id = 6f1b915f-639c-45d0-a742-3a9dc8a059ed in 00:00:00.0500499.
2018-11-13 00:03:26,937 46438  INFO  [7fcbc8] Started processing user request. Id = 7fcbc889-d818-4015-a597-d0af9d627da3. Size = 9.82 KB.
2018-11-13 00:03:26,943 46444  INFO  [7fcbc8] Doing some complicated stuff.. Random numbers are: 265234636, 1434414589, 1571909844.
2018-11-13 00:03:26,950 46451  INFO  [22af63] Started processing user request. Id = 22af638c-cec0-4e26-9053-4add3a4d44c0. Size = 25.25 KB.
2018-11-13 00:03:26,954 46455  INFO  [22af63] Doing some complicated stuff.. Random numbers are: 98557683, 209486525, 2122089829.
2018-11-13 00:03:26,966 46467  INFO  [ba9bad] Started processing user request. Id = ba9bad76-d5bd-464a-a991-9ee759138ed2. Size = 1.11 KB.
2018-11-13 00:03:26,971 46472  INFO  [7fcbc8] Here's some useful guids:
		bdee24d3-5078-4576-8753-a755ac660344
		cf2100c9-d59e-439d-ab4f-056ec6daffec
		f9aacff2-e11e-4723-b986-f9aa63be3a3c
		c93f2498-98fc-4d2e-ad8d-26d87b6a307a
		ddc4ada2-a83d-462e-9d41-316870085bf4
2018-11-13 00:03:26,972 46473  INFO  [ba9bad] Doing some complicated stuff.. Random numbers are: 1553965341, 1237873081, 436580867.
2018-11-13 00:03:26,980 46481  INFO  [7fcbc8] Finished processing user request with id = 7fcbc889-d818-4015-a597-d0af9d627da3 in 00:00:00.0427539.
2018-11-13 00:03:26,984 46485  INFO  [22af63] Here's some useful guids:
		1b4514a0-89d0-4833-afbf-db158c4a7b86
		b5409eea-7ae5-44a4-8794-8c8800fdb9bd
		b12084e2-7107-46b2-8a5e-7cd393f7a04e
2018-11-13 00:03:27,002 46503  INFO  [ba9bad] Here's some useful guids:
		44ba9e90-1fb2-450e-91df-416902cabfc2
		7ae1b657-ff26-48b5-a06d-72f7dd1e888e
2018-11-13 00:03:27,006 46507  INFO  [ba9bad] Finished processing user request with id = ba9bad76-d5bd-464a-a991-9ee759138ed2 in 00:00:00.0394932.
2018-11-13 00:03:27,012 46513  INFO  [22af63] Finished processing user request with id = 22af638c-cec0-4e26-9053-4add3a4d44c0 in 00:00:00.0616936.
2018-11-13 00:03:27,014 46515  INFO  [BackgroundDaemon] Processing data (16% completed)..
2018-11-13 00:03:27,025 46526  INFO  [316706] Started processing user request. Id = 316706a9-9bb6-42fd-a996-341f63cb248d. Size = 27.67 KB.
2018-11-13 00:03:27,037 46538  INFO  [09167d] Started processing user request. Id = 09167dc6-40a9-4470-8bd8-62d655cd0d6e. Size = 66.16 KB.
2018-11-13 00:03:27,041 46542  INFO  [316706] Doing some complicated stuff.. Random numbers are: 1784706949, 1393201653, 1593776792.
2018-11-13 00:03:27,042 46543  INFO  [09167d] Doing some complicated stuff.. Random numbers are: 1201152619, 24590756, 733996293.
2018-11-13 00:03:27,070 46571  INFO  [316706] Finished processing user request with id = 316706a9-9bb6-42fd-a996-341f63cb248d in 00:00:00.0452723.
2018-11-13 00:03:27,076 46577  INFO  [BackgroundDaemon] Processing data (44% completed)..
2018-11-13 00:03:27,080 46581  INFO  [09167d] Here's some useful guids:
		75d6aa77-d84a-4a38-85cd-648004675714
		ba9ac557-8cc3-47b1-8e01-879b8139e0c7
		2edd5e51-ddf3-4073-aed6-5a5121d12439
		434de2ac-09ca-45a0-9584-855f02695e84
		1f874cd7-0fa1-4ee6-95b6-f13f97f4ede2
2018-11-13 00:03:27,084 46585  INFO  [e280e1] Started processing user request. Id = e280e10f-0f7c-4109-9a4e-4a9aa46f8344. Size = 8.59 KB.
2018-11-13 00:03:27,095 46596  INFO  [09167d] Finished processing user request with id = 09167dc6-40a9-4470-8bd8-62d655cd0d6e in 00:00:00.0583738.
2018-11-13 00:03:27,096 46597  INFO  [e280e1] Doing some complicated stuff.. Random numbers are: 1439887091, 122806801, 376330618.
2018-11-13 00:03:27,109 46610  INFO  [BackgroundDaemon] Processing data (50% completed)..
2018-11-13 00:03:27,109 46610  INFO  [BackgroundDaemon] Finished iteration in 00:00:00.1938347.
2018-11-13 00:03:27,116 46617  INFO  [e280e1] Here's some useful guids:
		1669e429-a2ab-4c13-9f56-8ddf616a240d
2018-11-13 00:03:27,127 46628  INFO  [717a6b] Started processing user request. Id = 717a6b75-9ff0-4b5c-aa2a-2b18bf325ba1. Size = 12.11 KB.
2018-11-13 00:03:27,128 46629  INFO  [e280e1] Finished processing user request with id = e280e10f-0f7c-4109-9a4e-4a9aa46f8344 in 00:00:00.0441377.
2018-11-13 00:03:27,133 46634  INFO  [717a6b] Doing some complicated stuff.. Random numbers are: 1266593323, 1549692039, 1349664681.
2018-11-13 00:03:27,141 46642  INFO  [6c58b5] Started processing user request. Id = 6c58b5d1-e16e-4b74-a721-0410408e78a9. Size = 52.98 KB.
2018-11-13 00:03:27,144 46645  INFO  [6c58b5] Doing some complicated stuff.. Random numbers are: 1485508556, 2039200511, 1745578840.
2018-11-13 00:03:27,147 46648  INFO  [2782a8] Started processing user request. Id = 2782a870-3af7-4722-8951-5e6e68f1be9f. Size = 88.06 KB.
2018-11-13 00:03:27,155 46656  INFO  [6c58b5] Here's some useful guids:
		65ef8cd8-a631-44fa-996e-b201845a2170
2018-11-13 00:03:27,158 46659  INFO  [2782a8] Doing some complicated stuff.. Random numbers are: 1411878075, 959068451, 1609356517.
2018-11-13 00:03:27,181 46682  INFO  [717a6b] Finished processing user request with id = 717a6b75-9ff0-4b5c-aa2a-2b18bf325ba1 in 00:00:00.0534220.
2018-11-13 00:03:27,185 46686  ERROR [6c58b5] 
System.InvalidOperationException: Oh no! An error occurred!
2018-11-13 00:03:27,198 46699  INFO  [b33951] Started processing user request. Id = b3395106-1b12-480c-afa3-98fab7d8a925. Size = 73.99 KB.
2018-11-13 00:03:27,204 46705  INFO  [2782a8] Finished processing user request with id = 2782a870-3af7-4722-8951-5e6e68f1be9f in 00:00:00.0569084.
2018-11-13 00:03:27,212 46713  INFO  [a7340e] Started processing user request. Id = a7340e1e-ec29-44b8-9e02-e63d9ea6b6b9. Size = 11.96 KB.
2018-11-13 00:03:27,212 46713  INFO  [a7340e] Doing some complicated stuff.. Random numbers are: 2038096559, 678643862, 125635231.
2018-11-13 00:03:27,215 46716  INFO  [b33951] Doing some complicated stuff.. Random numbers are: 1863678794, 1138974744, 759642109.
2018-11-13 00:03:27,235 46736  INFO  [a7340e] Finished processing user request with id = a7340e1e-ec29-44b8-9e02-e63d9ea6b6b9 in 00:00:00.0232499.
2018-11-13 00:03:27,253 46754  INFO  [b33951] Finished processing user request with id = b3395106-1b12-480c-afa3-98fab7d8a925 in 00:00:00.0554073.
2018-11-13 00:03:27,257 46758  INFO  [Metrics] Cpu: 0.21%; Memory: 19.79 GB/31.88 GB; Workers: 4/1024; IOCP: 0/1024
2018-11-13 00:03:27,267 46768  INFO  [843214] Started processing user request. Id = 843214da-9ae4-421f-b7b1-3aad4a7a3e39. Size = 54.18 KB.
2018-11-13 00:03:27,267 46768  INFO  [18c344] Started processing user request. Id = 18c3442a-2ce9-4a7e-8234-18e7999e4248. Size = 69.22 KB.
2018-11-13 00:03:27,269 46770  INFO  [843214] Doing some complicated stuff.. Random numbers are: 1199732784, 48541555, 1372036944.
2018-11-13 00:03:27,270 46771  INFO  [18c344] Doing some complicated stuff.. Random numbers are: 1011013238, 144618221, 626439600.
2018-11-13 00:03:27,283 46784  INFO  [18c344] Here's some useful guids:
		5c546737-c3df-4f39-baa8-0ea053d8e0b2
		2418f606-d013-4ed6-8da2-57acfee5f32c
		d0b48d43-c0ce-441b-bf47-db1af6c9611b
2018-11-13 00:03:27,302 46803  INFO  [18c344] Finished processing user request with id = 18c3442a-2ce9-4a7e-8234-18e7999e4248 in 00:00:00.0352722.
2018-11-13 00:03:27,304 46805  INFO  [843214] Here's some useful guids:
		ea10ec97-5397-482a-bcf1-46e152431992
		b1848d60-fea4-4acb-a20e-f4b821315b69
		9c246522-9a96-4456-9932-c426a770f7c8
2018-11-13 00:03:27,308 46809  INFO  [843214] Finished processing user request with id = 843214da-9ae4-421f-b7b1-3aad4a7a3e39 in 00:00:00.0412779.
2018-11-13 00:03:27,310 46811  INFO  [BackgroundDaemon] Starting iteration #15555.
2018-11-13 00:03:27,322 46823  INFO  [3894b7] Started processing user request. Id = 3894b71c-9b03-4a95-a9e2-0e1effe8ea19. Size = 59.4 KB.
2018-11-13 00:03:27,333 46834  INFO  [e9f82f] Started processing user request. Id = e9f82fae-3f83-43e3-8812-07ea7a0abb8d. Size = 64.02 KB.
2018-11-13 00:03:27,337 46838  INFO  [3894b7] Doing some complicated stuff.. Random numbers are: 1326888689, 1554935518, 492401234.
2018-11-13 00:03:27,342 46843  INFO  [e9f82f] Doing some complicated stuff.. Random numbers are: 521457265, 701680305, 723163324.
2018-11-13 00:03:27,370 46871  INFO  [3894b7] Finished processing user request with id = 3894b71c-9b03-4a95-a9e2-0e1effe8ea19 in 00:00:00.0481834.
2018-11-13 00:03:27,371 46872  INFO  [1cced8] Started processing user request. Id = 1cced8ff-c8fa-4e48-8feb-8f0919e1c6c8. Size = 58.56 KB.
2018-11-13 00:03:27,377 46878  INFO  [1cced8] Doing some complicated stuff.. Random numbers are: 1494362058, 1133245165, 1724483640.
2018-11-13 00:03:27,384 46885  INFO  [a29e59] Started processing user request. Id = a29e59dd-a5a0-4a1a-b80e-b41ccca6e0f3. Size = 1.79 KB.
2018-11-13 00:03:27,389 46890  INFO  [BackgroundDaemon] Processing data (16% completed)..
2018-11-13 00:03:27,391 46892  INFO  [a29e59] Doing some complicated stuff.. Random numbers are: 1019804699, 933256534, 1981519553.
2018-11-13 00:03:27,394 46895  INFO  [e9f82f] Finished processing user request with id = e9f82fae-3f83-43e3-8812-07ea7a0abb8d in 00:00:00.0607957.
2018-11-13 00:03:27,401 46902  INFO  [a29e59] Finished processing user request with id = a29e59dd-a5a0-4a1a-b80e-b41ccca6e0f3 in 00:00:00.0172834.
2018-11-13 00:03:27,409 46910  INFO  [1cced8] Here's some useful guids:
		3a934e3c-2a58-48e8-8a4f-5da40ea9b6d5
		273aad40-e0d5-4d87-a879-c46668b1bf39
		ea35b836-e5f3-4747-bf84-b8e84a2afbd3
		dfb5f0c1-01ca-4910-9d61-7688ee8f4c31
		7e371f34-bb34-4639-b972-8ec91ffaf663
2018-11-13 00:03:27,414 46915  INFO  [b5dd14] Started processing user request. Id = b5dd1416-5ccf-41ca-87e0-ec9512afd923. Size = 13.75 KB.
2018-11-13 00:03:27,421 46922  INFO  [1cced8] Finished processing user request with id = 1cced8ff-c8fa-4e48-8feb-8f0919e1c6c8 in 00:00:00.0501684.
2018-11-13 00:03:27,425 46926  INFO  [44d24d] Started processing user request. Id = 44d24d3d-e9af-494d-bf8e-faec7e753357. Size = 199 B.
2018-11-13 00:03:27,429 46930  INFO  [b5dd14] Doing some complicated stuff.. Random numbers are: 942071835, 2018671553, 1916715989.
2018-11-13 00:03:27,439 46940  ERROR [b5dd14] 
System.InvalidOperationException: Oh no! An error occurred!
2018-11-13 00:03:27,444 46945  INFO  [44d24d] Doing some complicated stuff.. Random numbers are: 752736741, 2125274789, 1302787696.
2018-11-13 00:03:27,453 46954  INFO  [dc2c07] Started processing user request. Id = dc2c07de-ad4b-404f-9c84-994149663494. Size = 15.64 KB.
2018-11-13 00:03:27,455 46956  INFO  [dc2c07] Doing some complicated stuff.. Random numbers are: 123584670, 1670145124, 1424640274.
2018-11-13 00:03:27,461 46962  INFO  [dc2c07] Here's some useful guids:
		6e9b8683-69f6-421e-b402-b1cb65bd51c0
		35053b37-3dac-469f-9db0-8781a31fa84a
2018-11-13 00:03:27,468 46969  INFO  [dc2c07] Finished processing user request with id = dc2c07de-ad4b-404f-9c84-994149663494 in 00:00:00.0148841.
2018-11-13 00:03:27,475 46976  INFO  [BackgroundDaemon] Processing data (43% completed)..
2018-11-13 00:03:27,482 46983  INFO  [ba272e] Started processing user request. Id = ba272e54-e1ee-4141-a552-8ddca4cc0212. Size = 16.5 KB.
2018-11-13 00:03:27,491 46992  INFO  [44d24d] Finished processing user request with id = 44d24d3d-e9af-494d-bf8e-faec7e753357 in 00:00:00.0657396.
2018-11-13 00:03:27,494 46995  INFO  [ba272e] Doing some complicated stuff.. Random numbers are: 317952385, 1413629550, 314325758.
2018-11-13 00:03:27,520 47021  INFO  [ba272e] Here's some useful guids:
		2bb40156-e46c-40f5-9f4e-fc610f70fe46
		78abbd3c-952b-4b9f-8707-7154c931f090
		a4e107e9-1dbc-43af-9052-15c3ceb2d7b4
		447f4906-ab00-4d0a-9ae0-9c3f1d32fad5
2018-11-13 00:03:27,522 47023  INFO  [e2b5e1] Started processing user request. Id = e2b5e192-d2f5-44d7-bbaf-04d230c7617a. Size = 90.76 KB.
2018-11-13 00:03:27,523 47024  INFO  [ba272e] Finished processing user request with id = ba272e54-e1ee-4141-a552-8ddca4cc0212 in 00:00:00.0411797.
2018-11-13 00:03:27,533 47034  INFO  [e2b5e1] Doing some complicated stuff.. Random numbers are: 2014875420, 817061627, 584726679.
2018-11-13 00:03:27,537 47038  INFO  [34a3a6] Started processing user request. Id = 34a3a660-71fe-46a6-a0b6-5aa5189ef0bf. Size = 62.42 KB.
2018-11-13 00:03:27,556 47057  INFO  [34a3a6] Doing some complicated stuff.. Random numbers are: 1701168145, 1496080377, 561900966.
2018-11-13 00:03:27,564 47065  INFO  [BackgroundDaemon] Processing data (74% completed)..
2018-11-13 00:03:27,564 47065  INFO  [BackgroundDaemon] Finished iteration in 00:00:00.2537446.
2018-11-13 00:03:27,568 47069  INFO  [e2b5e1] Here's some useful guids:
		2f2aed82-b19d-475e-98c3-467eb35b606e
		8a76df3b-12b4-4627-8a01-4221012b4aae
2018-11-13 00:03:27,574 47075  INFO  [34a3a6] Here's some useful guids:
		f98ad07a-15d7-4d29-b6ec-eae03f8131db
		5c2c1fde-093f-498d-b66e-c465e628f580
		d21a576b-0934-4f27-b5d7-db84b0ef500e
2018-11-13 00:03:27,588 47089  INFO  [e2b5e1] Finished processing user request with id = e2b5e192-d2f5-44d7-bbaf-04d230c7617a in 00:00:00.0659818.
2018-11-13 00:03:27,589 47090  INFO  [17b77d] Started processing user request. Id = 17b77d37-a712-4fe4-9df9-6abfbe4b7a31. Size = 41.1 KB.
2018-11-13 00:03:27,594 47095  INFO  [34a3a6] Finished processing user request with id = 34a3a660-71fe-46a6-a0b6-5aa5189ef0bf in 00:00:00.0567712.
2018-11-13 00:03:27,602 47103  INFO  [17b77d] Doing some complicated stuff.. Random numbers are: 1711752312, 442465180, 1242872205.
2018-11-13 00:03:27,607 47108  INFO  [ddb40b] Started processing user request. Id = ddb40bc9-5317-4508-937f-0c9ccf712b4c. Size = 51.99 KB.
2018-11-13 00:03:27,619 47120  INFO  [412137] Started processing user request. Id = 41213752-dfb7-4656-9a03-282dfbf2ad44. Size = 96.35 KB.
2018-11-13 00:03:27,624 47125  INFO  [412137] Doing some complicated stuff.. Random numbers are: 640439816, 313008959, 442260592.
2018-11-13 00:03:27,624 47125  INFO  [412137] Finished processing user request with id = 41213752-dfb7-4656-9a03-282dfbf2ad44 in 00:00:00.0051168.
2018-11-13 00:03:27,625 47126  INFO  [ddb40b] Doing some complicated stuff.. Random numbers are: 37423901, 861577550, 1151181647.
2018-11-13 00:03:27,645 47146  INFO  [17b77d] Finished processing user request with id = 17b77d37-a712-4fe4-9df9-6abfbe4b7a31 in 00:00:00.0561492.
2018-11-13 00:03:27,653 47154  INFO  [ddb40b] Finished processing user request with id = ddb40bc9-5317-4508-937f-0c9ccf712b4c in 00:00:00.0461767.
2018-11-13 00:03:27,655 47156  INFO  [e01042] Started processing user request. Id = e01042b9-6ce8-4a25-a000-cdda5dc8aed4. Size = 66.97 KB.
2018-11-13 00:03:27,666 47167  INFO  [238ffd] Started processing user request. Id = 238ffd98-dad8-4dd3-97b2-6349b4622369. Size = 32.67 KB.
2018-11-13 00:03:27,667 47168  INFO  [e01042] Doing some complicated stuff.. Random numbers are: 1165640129, 797970744, 720073530.
2018-11-13 00:03:27,668 47170  INFO  [238ffd] Doing some complicated stuff.. Random numbers are: 1201525619, 1913673757, 1526318430.
2018-11-13 00:03:27,670 47172  INFO  [238ffd] Here's some useful guids:
		cdd4b50d-80da-4ace-a648-15906c53f93e
		68b6464c-5511-47cf-bd10-26c976d40e6d
		66e755b9-044e-4dd3-b76b-c48fa190d140
		b54919e9-14d5-4227-91f3-774f83bd6812
		15f5a534-b266-4e17-b5f7-2872b8f9695e
2018-11-13 00:03:27,672 47174  INFO  [238ffd] Finished processing user request with id = 238ffd98-dad8-4dd3-97b2-6349b4622369 in 00:00:00.0061192.
2018-11-13 00:03:27,686 47187  INFO  [8fde27] Started processing user request. Id = 8fde2766-86e1-4ea6-bea7-02a5e4b57043. Size = 27.08 KB.
2018-11-13 00:03:27,692 47193  INFO  [e01042] Finished processing user request with id = e01042b9-6ce8-4a25-a000-cdda5dc8aed4 in 00:00:00.0365637.
2018-11-13 00:03:27,698 47199  INFO  [8fde27] Doing some complicated stuff.. Random numbers are: 923787934, 1649280261, 1161836364.
2018-11-13 00:03:27,711 47212  INFO  [8fde27] Here's some useful guids:
		aa8d21e3-448a-4eaa-8f0c-3785200e0754
		b9343828-dd38-4432-a958-52938fac3a7f
2018-11-13 00:03:27,722 47223  INFO  [8fde27] Finished processing user request with id = 8fde2766-86e1-4ea6-bea7-02a5e4b57043 in 00:00:00.0364461.
2018-11-13 00:03:27,723 47224  INFO  [ac3bd1] Started processing user request. Id = ac3bd142-971c-4222-ab87-1a607e13efe2. Size = 17.02 KB.
2018-11-13 00:03:27,735 47236  INFO  [c26986] Started processing user request. Id = c26986fc-41c8-4c44-ab83-2a7ede563d34. Size = 21.27 KB.
2018-11-13 00:03:27,741 47242  INFO  [ac3bd1] Doing some complicated stuff.. Random numbers are: 251151017, 639035491, 145363636.
2018-11-13 00:03:27,750 47251  INFO  [c26986] Doing some complicated stuff.. Random numbers are: 1909896500, 1498830694, 726813800.
2018-11-13 00:03:27,756 47257  INFO  [Metrics] Cpu: 0.21%; Memory: 19.79 GB/31.88 GB; Workers: 4/1024; IOCP: 0/1024
2018-11-13 00:03:27,765 47266  INFO  [BackgroundDaemon] Starting iteration #15556.
2018-11-13 00:03:27,774 47275  INFO  [c26986] Here's some useful guids:
		22c99eae-f018-4a03-bc6d-b370ad120d9b
		187ae755-cea2-4448-9ae5-30fd8fdb894b
		aec6e24b-d30a-40b6-acaa-fc38cdbf48aa
		ee04c2e8-3e49-4515-8ddc-269ada79494a
2018-11-13 00:03:27,774 47275  INFO  [ac3bd1] Finished processing user request with id = ac3bd142-971c-4222-ab87-1a607e13efe2 in 00:00:00.0507390.
2018-11-13 00:03:27,796 47297  INFO  [c26986] Finished processing user request with id = c26986fc-41c8-4c44-ab83-2a7ede563d34 in 00:00:00.0608488.
2018-11-13 00:03:27,805 47306  INFO  [2c67a4] Started processing user request. Id = 2c67a4de-a314-413a-bc67-9b0b906f09c8. Size = 26.68 KB.
2018-11-13 00:03:27,808 47309  INFO  [2c67a4] Doing some complicated stuff.. Random numbers are: 790908569, 194114688, 2143588915.
2018-11-13 00:03:27,809 47311  INFO  [BackgroundDaemon] Processing data (12% completed)..
2018-11-13 00:03:27,809 47311  INFO  [d9361d] Started processing user request. Id = d9361df5-bd83-4a11-a456-62c5475bb047. Size = 59.77 KB.
2018-11-13 00:03:27,812 47313  INFO  [69ef22] Started processing user request. Id = 69ef2256-18d4-496b-9b84-8a4adf799776. Size = 57.73 KB.
2018-11-13 00:03:27,824 47325  INFO  [69ef22] Doing some complicated stuff.. Random numbers are: 852393086, 1101171712, 1226515629.
2018-11-13 00:03:27,826 47327  INFO  [d9361d] Doing some complicated stuff.. Random numbers are: 133721026, 1981839481, 1598212414.
2018-11-13 00:03:27,834 47335  INFO  [2c67a4] Finished processing user request with id = 2c67a4de-a314-413a-bc67-9b0b906f09c8 in 00:00:00.0284633.
2018-11-13 00:03:27,839 47340  INFO  [BackgroundDaemon] Processing data (26% completed)..
2018-11-13 00:03:27,843 47344  ERROR [69ef22] 
System.InvalidOperationException: Oh no! An error occurred!
2018-11-13 00:03:27,849 47350  INFO  [d9361d] Here's some useful guids:
		6cd87b4b-bf27-44e7-a693-583a046d3184
2018-11-13 00:03:27,851 47352  INFO  [d9361d] Finished processing user request with id = d9361df5-bd83-4a11-a456-62c5475bb047 in 00:00:00.0416706.
2018-11-13 00:03:27,864 47365  INFO  [155fa5] Started processing user request. Id = 155fa57e-9562-48f0-8317-4ad0b89a8181. Size = 12.44 KB.
2018-11-13 00:03:27,865 47366  INFO  [28a79b] Started processing user request. Id = 28a79b8e-efd3-41c3-846e-f640d375545a. Size = 69.07 KB.
2018-11-13 00:03:27,869 47370  INFO  [BackgroundDaemon] Processing data (82% completed)..
2018-11-13 00:03:27,869 47370  INFO  [BackgroundDaemon] Finished iteration in 00:00:00.1038590.
2018-11-13 00:03:27,874 47375  INFO  [155fa5] Doing some complicated stuff.. Random numbers are: 808863399, 299892800, 836172285.
2018-11-13 00:03:27,881 47382  INFO  [28a79b] Doing some complicated stuff.. Random numbers are: 310476149, 2074428351, 1830684744.
2018-11-13 00:03:27,885 47386  INFO  [155fa5] Here's some useful guids:
		6fed36b2-3786-4cc5-9a9c-62e185285fae
2018-11-13 00:03:27,899 47400  INFO  [155fa5] Finished processing user request with id = 155fa57e-9562-48f0-8317-4ad0b89a8181 in 00:00:00.0347150.
2018-11-13 00:03:27,913 47414  INFO  [f03871] Started processing user request. Id = f0387143-8e6a-4aa2-b561-fd8290186c51. Size = 28.22 KB.
2018-11-13 00:03:27,918 47419  INFO  [28a79b] Here's some useful guids:
		5b4f533b-3b05-4ed7-a4b9-91e2df895c55
		ca1c8406-5779-4025-9cae-2590e6d4c2a9
		0e35f38b-bb17-4501-b854-2f5cfb442592
2018-11-13 00:03:27,919 47420  INFO  [f03871] Doing some complicated stuff.. Random numbers are: 1008661559, 1555706121, 1113335778.
2018-11-13 00:03:27,922 47423  INFO  [28a79b] Finished processing user request with id = 28a79b8e-efd3-41c3-846e-f640d375545a in 00:00:00.0573342.
2018-11-13 00:03:27,943 47444  INFO  [f03871] Here's some useful guids:
		fed05417-319d-47a7-8afe-b3ae60c8d297
		ea9d5cad-b253-48ec-8bb9-a8f3115b08fe
		efbcc4f4-5524-4522-8996-798b72592fe6
		a17ab5ae-a825-41ab-9129-e3864d4dd69d
		c87f34e2-376e-4e17-9cfd-d11f83080cd6
2018-11-13 00:03:27,953 47454  INFO  [747223] Started processing user request. Id = 74722361-0042-4c5f-a2fd-99ced2615ad6. Size = 12.68 KB.
2018-11-13 00:03:27,960 47461  INFO  [f03871] Finished processing user request with id = f0387143-8e6a-4aa2-b561-fd8290186c51 in 00:00:00.0472130.
2018-11-13 00:03:27,966 47467  INFO  [747223] Doing some complicated stuff.. Random numbers are: 183656873, 1273667693, 937318103.
2018-11-13 00:03:27,973 47474  INFO  [c178a1] Started processing user request. Id = c178a1fc-12de-455a-a654-57ac189fc555. Size = 72.44 KB.
2018-11-13 00:03:27,983 47484  INFO  [c178a1] Doing some complicated stuff.. Random numbers are: 526585127, 1982054533, 1467365379.
2018-11-13 00:03:28,001 47503  INFO  [747223] Here's some useful guids:
		fd8fc429-a88c-48ec-9f7b-496054971c35
		fe85b26c-5230-466a-a9fc-ad12a11938d7
		8de724bf-23ff-40b5-b7ab-1cc30850f645
		5b8c0f39-1ada-45d4-899f-06ca36572718
		d85ace80-93e9-4230-8d77-2b5670d4b5d0
2018-11-13 00:03:28,010 47511  INFO  [6ead1f] Started processing user request. Id = 6ead1fef-4a1a-4f27-bae6-92dcc585f554. Size = 75.17 KB.
2018-11-13 00:03:28,013 47514  INFO  [6ead1f] Doing some complicated stuff.. Random numbers are: 327346062, 940531846, 1386524917.
2018-11-13 00:03:28,017 47518  INFO  [c178a1] Finished processing user request with id = c178a1fc-12de-455a-a654-57ac189fc555 in 00:00:00.0431981.
2018-11-13 00:03:28,030 47531  INFO  [747223] Finished processing user request with id = 74722361-0042-4c5f-a2fd-99ced2615ad6 in 00:00:00.0766693.
2018-11-13 00:03:28,030 47531  INFO  [a941aa] Started processing user request. Id = a941aabf-3cff-4fd2-bf6e-6a576dc3aef4. Size = 96.52 KB.
2018-11-13 00:03:28,035 47536  INFO  [a941aa] Doing some complicated stuff.. Random numbers are: 491080841, 384937399, 1484933122.
2018-11-13 00:03:28,047 47548  INFO  [6ead1f] Here's some useful guids:
		24ac1d73-a260-4e6d-a2d2-428b66cd276d
		e4377ddc-8ac2-49f3-b8a4-76f3fa4c68a5
		98b9be0a-cfa8-498f-b24d-b7c4298772af
2018-11-13 00:03:28,059 47560  INFO  [6ead1f] Finished processing user request with id = 6ead1fef-4a1a-4f27-bae6-92dcc585f554 in 00:00:00.0489575.
2018-11-13 00:03:28,062 47563  INFO  [a941aa] Finished processing user request with id = a941aabf-3cff-4fd2-bf6e-6a576dc3aef4 in 00:00:00.0318465.
2018-11-13 00:03:28,062 47563  INFO  [96ccca] Started processing user request. Id = 96ccca6b-3fac-4c1c-9ac3-cb062d7b0687. Size = 18.19 KB.
2018-11-13 00:03:28,069 47570  INFO  [BackgroundDaemon] Starting iteration #15557.
2018-11-13 00:03:28,073 47574  INFO  [96ccca] Doing some complicated stuff.. Random numbers are: 1262327664, 128710799, 454651522.
2018-11-13 00:03:28,075 47576  INFO  [e16d54] Started processing user request. Id = e16d546a-af47-4442-9740-bedfa7033f4b. Size = 30.28 KB.
2018-11-13 00:03:28,075 47576  INFO  [e16d54] Doing some complicated stuff.. Random numbers are: 1088249313, 382696158, 310782475.
2018-11-13 00:03:28,107 47608  INFO  [96ccca] Finished processing user request with id = 96ccca6b-3fac-4c1c-9ac3-cb062d7b0687 in 00:00:00.0452386.
2018-11-13 00:03:28,111 47612  INFO  [e16d54] Finished processing user request with id = e16d546a-af47-4442-9740-bedfa7033f4b in 00:00:00.0361760.
2018-11-13 00:03:28,125 47626  INFO  [2d5ee8] Started processing user request. Id = 2d5ee8a3-f500-4789-ab40-42736b708f6a. Size = 33.16 KB.
2018-11-13 00:03:28,133 47634  INFO  [2d5ee8] Doing some complicated stuff.. Random numbers are: 282375953, 716627861, 461476334.
2018-11-13 00:03:28,138 47639  INFO  [973273] Started processing user request. Id = 9732735f-70e8-4038-a347-fe08a5aa3210. Size = 60.27 KB.
2018-11-13 00:03:28,147 47648  INFO  [973273] Doing some complicated stuff.. Random numbers are: 1590673956, 1243702490, 1893241692.
2018-11-13 00:03:28,154 47655  INFO  [BackgroundDaemon] Processing data (7% completed)..
2018-11-13 00:03:28,179 47680  INFO  [2d5ee8] Finished processing user request with id = 2d5ee8a3-f500-4789-ab40-42736b708f6a in 00:00:00.0541563.
2018-11-13 00:03:28,192 47693  INFO  [5b4eaf] Started processing user request. Id = 5b4eafbf-e22e-40e3-8b82-77c47fe7022e. Size = 20.55 KB.
2018-11-13 00:03:28,193 47694  INFO  [973273] Finished processing user request with id = 9732735f-70e8-4038-a347-fe08a5aa3210 in 00:00:00.0546806.
2018-11-13 00:03:28,201 47702  INFO  [5b4eaf] Doing some complicated stuff.. Random numbers are: 980011068, 2033728782, 1642457389.
2018-11-13 00:03:28,225 47726  INFO  [5b4eaf] Here's some useful guids:
		bde3099a-7eb1-468d-a30d-5d94a0abb203
		f59071c3-6ab8-440c-a814-7bae0ac516a3
		55c5ee07-36dd-4959-83db-61404f4bc2c3
2018-11-13 00:03:28,225 47726  INFO  [c0a8b3] Started processing user request. Id = c0a8b37a-392b-4b0d-9e82-c51548ecadc7. Size = 1.14 KB.
2018-11-13 00:03:28,227 47728  INFO  [0d46f6] Started processing user request. Id = 0d46f673-f569-4a50-8e69-c945657f14f4. Size = 31.45 KB.
2018-11-13 00:03:28,229 47730  INFO  [c0a8b3] Doing some complicated stuff.. Random numbers are: 391978653, 1032907166, 1257824039.
2018-11-13 00:03:28,237 47738  INFO  [c0a8b3] Here's some useful guids:
		e788b4a1-07a5-4a7b-a947-6a522aa969d2
		f53ead01-ac1c-4f86-ae8a-6ce14b930d32
2018-11-13 00:03:28,243 47744  INFO  [c0a8b3] Finished processing user request with id = c0a8b37a-392b-4b0d-9e82-c51548ecadc7 in 00:00:00.0181312.
2018-11-13 00:03:28,244 47745  INFO  [0d46f6] Doing some complicated stuff.. Random numbers are: 655903556, 1595871749, 2007917054.
2018-11-13 00:03:28,248 47749  INFO  [5b4eaf] Finished processing user request with id = 5b4eafbf-e22e-40e3-8b82-77c47fe7022e in 00:00:00.0556782.
2018-11-13 00:03:28,250 47751  INFO  [BackgroundDaemon] Processing data (46% completed)..
2018-11-13 00:03:28,255 47756  INFO  [Metrics] Cpu: 0.41%; Memory: 19.79 GB/31.88 GB; Workers: 4/1024; IOCP: 0/1024
2018-11-13 00:03:28,262 47763  INFO  [7e8248] Started processing user request. Id = 7e824857-d443-4fb4-a756-5c019df6689b. Size = 9.56 KB.
2018-11-13 00:03:28,274 47775  INFO  [b9a76b] Started processing user request. Id = b9a76b5f-043a-4d4c-b1fe-b122789daba3. Size = 91.45 KB.
2018-11-13 00:03:28,277 47778  INFO  [7e8248] Doing some complicated stuff.. Random numbers are: 719624092, 1624286794, 578173188.
2018-11-13 00:03:28,279 47780  INFO  [b9a76b] Doing some complicated stuff.. Random numbers are: 1789038076, 519853757, 1485563753.
2018-11-13 00:03:28,281 47782  INFO  [b9a76b] Here's some useful guids:
		396d9a33-8b3c-475f-93da-66a4e94f771e
2018-11-13 00:03:28,287 47788  INFO  [b9a76b] Finished processing user request with id = b9a76b5f-043a-4d4c-b1fe-b122789daba3 in 00:00:00.0130513.
2018-11-13 00:03:28,290 47791  INFO  [0d46f6] Finished processing user request with id = 0d46f673-f569-4a50-8e69-c945657f14f4 in 00:00:00.0633939.
2018-11-13 00:03:28,301 47802  INFO  [BackgroundDaemon] Processing data (74% completed)..
2018-11-13 00:03:28,301 47802  INFO  [BackgroundDaemon] Finished iteration in 00:00:00.2320046.
2018-11-13 00:03:28,311 47812  INFO  [7e8248] Finished processing user request with id = 7e824857-d443-4fb4-a756-5c019df6689b in 00:00:00.0494687.
2018-11-13 00:03:28,318 47819  INFO  [7f554b] Started processing user request. Id = 7f554b34-c8a6-470b-8f0d-96e92b1020d9. Size = 74.03 KB.
2018-11-13 00:03:28,325 47826  INFO  [7f554b] Doing some complicated stuff.. Random numbers are: 220201625, 1297618136, 2136132085.
2018-11-13 00:03:28,325 47826  INFO  [edea38] Started processing user request. Id = edea3836-58a7-416a-b697-06c215bd9d45. Size = 54.95 KB.
2018-11-13 00:03:28,333 47834  INFO  [edea38] Doing some complicated stuff.. Random numbers are: 1190556264, 189701985, 753658980.
2018-11-13 00:03:28,336 47837  INFO  [edea38] Here's some useful guids:
		52785c3c-fb55-4a20-99b9-28ca09a8969f
2018-11-13 00:03:28,356 47857  INFO  [7f554b] Finished processing user request with id = 7f554b34-c8a6-470b-8f0d-96e92b1020d9 in 00:00:00.0381414.
2018-11-13 00:03:28,363 47864  INFO  [edea38] Finished processing user request with id = edea3836-58a7-416a-b697-06c215bd9d45 in 00:00:00.0378707.
2018-11-13 00:03:28,376 47877  INFO  [c05059] Started processing user request. Id = c05059bf-8ec4-4442-a6dd-44540710998f. Size = 5.28 KB.
2018-11-13 00:03:28,387 47888  INFO  [efaa1f] Started processing user request. Id = efaa1fec-a2f0-4c09-bafa-922c23edc289. Size = 20.01 KB.
2018-11-13 00:03:28,392 47894  INFO  [c05059] Doing some complicated stuff.. Random numbers are: 434416593, 1632473668, 1667288725.
2018-11-13 00:03:28,400 47901  INFO  [efaa1f] Doing some complicated stuff.. Random numbers are: 1719286951, 1441667235, 2056471973.
2018-11-13 00:03:28,423 47924  INFO  [c05059] Finished processing user request with id = c05059bf-8ec4-4442-a6dd-44540710998f in 00:00:00.0469529.
2018-11-13 00:03:28,436 47937  INFO  [0b5c9d] Started processing user request. Id = 0b5c9d19-25a7-4fee-a9b4-ad614aa8828f. Size = 27.61 KB.
2018-11-13 00:03:28,449 47950  INFO  [efaa1f] Finished processing user request with id = efaa1fec-a2f0-4c09-bafa-922c23edc289 in 00:00:00.0613118.
2018-11-13 00:03:28,455 47956  INFO  [0b5c9d] Doing some complicated stuff.. Random numbers are: 195513615, 1399611490, 1940226857.
2018-11-13 00:03:28,457 47958  INFO  [45df6c] Started processing user request. Id = 45df6c23-40fa-4087-a240-c9409ce10578. Size = 31.9 KB.
2018-11-13 00:03:28,459 47960  INFO  [45df6c] Doing some complicated stuff.. Random numbers are: 6199602, 1972374400, 2080150064.
2018-11-13 00:03:28,480 47981  INFO  [d667dc] Started processing user request. Id = d667dc94-aad7-47b5-88d2-33e2278144ba. Size = 1.38 KB.
2018-11-13 00:03:28,481 47982  INFO  [45df6c] Finished processing user request with id = 45df6c23-40fa-4087-a240-c9409ce10578 in 00:00:00.0236991.
2018-11-13 00:03:28,487 47988  INFO  [0b5c9d] Here's some useful guids:
		daa6531b-2c39-4c84-8a5a-b14f7a4ae77e
		96de30fb-08c4-4856-adce-7adbfdd3920c
		04290392-7f91-4fd1-a80c-c609e9eb2bdd
2018-11-13 00:03:28,487 47988  INFO  [0b5c9d] Finished processing user request with id = 0b5c9d19-25a7-4fee-a9b4-ad614aa8828f in 00:00:00.0504578.
2018-11-13 00:03:28,488 47989  INFO  [d667dc] Doing some complicated stuff.. Random numbers are: 92707650, 5774849, 635753668.
2018-11-13 00:03:28,501 48002  INFO  [66300b] Started processing user request. Id = 66300bcb-4ebd-4676-9c11-a8a6bb87f23f. Size = 84.63 KB.
2018-11-13 00:03:28,502 48003  INFO  [BackgroundDaemon] Starting iteration #15558.
2018-11-13 00:03:28,512 48013  INFO  [d667dc] Finished processing user request with id = d667dc94-aad7-47b5-88d2-33e2278144ba in 00:00:00.0320647.
2018-11-13 00:03:28,519 48020  INFO  [66300b] Doing some complicated stuff.. Random numbers are: 1421439818, 2062801937, 814441210.
2018-11-13 00:03:28,533 48034  INFO  [66300b] Here's some useful guids:
		689531d0-92b7-4e12-ba1b-3a68d1b3d8db
		1add7454-41a4-46dd-95c2-1eff16312df3
		2c85110f-41c8-4def-bfaa-1d1b785f3391
		82d7376d-c59b-45ab-9ddc-612fe40661a3
2018-11-13 00:03:28,543 48044  INFO  [7bd97a] Started processing user request. Id = 7bd97a91-d6f4-4cee-a231-a4fe78cfde67. Size = 22.09 KB.
2018-11-13 00:03:28,543 48044  INFO  [7bd97a] Doing some complicated stuff.. Random numbers are: 1089050372, 1403598197, 1871502140.
2018-11-13 00:03:28,544 48045  INFO  [66300b] Finished processing user request with id = 66300bcb-4ebd-4676-9c11-a8a6bb87f23f in 00:00:00.0430735.
2018-11-13 00:03:28,558 48059  INFO  [1da281] Started processing user request. Id = 1da281e5-77f4-4e27-96f5-87989417758f. Size = 85.24 KB.
2018-11-13 00:03:28,560 48061  INFO  [7bd97a] Here's some useful guids:
		b43c7869-d5b3-4140-84d2-0477041b22d2
		db162d99-2b7a-4fd7-ad0a-551f78d36434
		1b082f4c-dcc9-409a-9187-0c33f725e37b
2018-11-13 00:03:28,570 48071  INFO  [1da281] Doing some complicated stuff.. Random numbers are: 1050863358, 418490649, 1810865941.
2018-11-13 00:03:28,579 48080  INFO  [7bd97a] Finished processing user request with id = 7bd97a91-d6f4-4cee-a231-a4fe78cfde67 in 00:00:00.0360998.
2018-11-13 00:03:28,596 48097  INFO  [BackgroundDaemon] Processing data (3% completed)..
2018-11-13 00:03:28,599 48100  INFO  [1da281] Here's some useful guids:
		8fa2547e-a3cb-4f7a-96cc-dd797e397dd3
		ef7e52d3-b7cf-4d1b-bc7d-fdb322291248
		c30acd32-48e6-491a-b114-c7b1137a5100
		d417f6f1-7397-48fb-932a-bece8dba055c
		84aff561-7f38-4df5-80e7-8779a9480618
2018-11-13 00:03:28,599 48100  INFO  [1da281] Finished processing user request with id = 1da281e5-77f4-4e27-96f5-87989417758f in 00:00:00.0410715.
2018-11-13 00:03:28,610 48111  INFO  [90c652] Started processing user request. Id = 90c65248-b9a9-4215-bf15-920f54260887. Size = 56.75 KB.
2018-11-13 00:03:28,612 48113  INFO  [62d35f] Started processing user request. Id = 62d35ffb-6306-4787-9ac4-cbe7ece8af65. Size = 19.99 KB.
2018-11-13 00:03:28,620 48121  INFO  [62d35f] Doing some complicated stuff.. Random numbers are: 388279266, 411106889, 483768193.
2018-11-13 00:03:28,620 48121  INFO  [90c652] Doing some complicated stuff.. Random numbers are: 187179061, 560820501, 1349130461.
2018-11-13 00:03:28,647 48148  INFO  [62d35f] Here's some useful guids:
		d86f4f74-80df-4ad6-b06d-5e13ab7b2931
		12c6209d-a420-401f-b99a-f1bc4012e49e
		f4cb1f03-c922-473f-8654-afd46f936212
		ce5ad57e-a8e9-44f5-b149-daee4628c8b6
2018-11-13 00:03:28,648 48149  INFO  [76ca80] Started processing user request. Id = 76ca8073-2454-4838-a58a-550e1c22419c. Size = 76.76 KB.
2018-11-13 00:03:28,651 48152  INFO  [76ca80] Doing some complicated stuff.. Random numbers are: 288835665, 107477153, 1520370967.
2018-11-13 00:03:28,655 48156  INFO  [90c652] Finished processing user request with id = 90c65248-b9a9-4215-bf15-920f54260887 in 00:00:00.0448397.
2018-11-13 00:03:28,667 48168  INFO  [62d35f] Finished processing user request with id = 62d35ffb-6306-4787-9ac4-cbe7ece8af65 in 00:00:00.0547955.
2018-11-13 00:03:28,670 48171  INFO  [76ca80] Here's some useful guids:
		3623a029-10d0-42b4-ab37-702e956707b2
		aaf1bb17-8d6f-4308-87c0-96391ec209d1
2018-11-13 00:03:28,675 48176  ERROR [76ca80] 
System.InvalidOperationException: Oh no! An error occurred!
2018-11-13 00:03:28,680 48181  INFO  [8fbda3] Started processing user request. Id = 8fbda327-9c59-4502-bc95-10d7e0396593. Size = 11.39 KB.
2018-11-13 00:03:28,684 48185  INFO  [BackgroundDaemon] Processing data (45% completed)..
2018-11-13 00:03:28,687 48188  INFO  [efdf42] Started processing user request. Id = efdf42b9-d591-4c3d-a128-9e3bc34a4a48. Size = 52.75 KB.
2018-11-13 00:03:28,689 48190  INFO  [8fbda3] Doing some complicated stuff.. Random numbers are: 401434293, 976711488, 64489129.
2018-11-13 00:03:28,704 48205  INFO  [efdf42] Doing some complicated stuff.. Random numbers are: 902415985, 1979648408, 1224911849.
2018-11-13 00:03:28,721 48222  INFO  [8fbda3] Here's some useful guids:
		b1bc592a-0cb6-4ebb-b082-401027de1b50
		607d9c77-f665-4c46-b9b3-06a9d6f3aa23
		304134e0-9389-44b9-bca8-4b48fc98d644
		aff271dd-b18a-416b-a739-3d05c8948f66
		4b46e883-c189-42a0-b5ca-1df2a1ec91e2
2018-11-13 00:03:28,724 48225  INFO  [efdf42] Here's some useful guids:
		4467a755-8caf-4de9-914b-fd005e721286
		581920c9-f146-479e-85fa-dc148dde576c
		e2a0bb01-97c0-4acc-b063-323a0fa48d06
		015ca4eb-7278-4df9-8e10-422808ede12a
		1c0f5039-7aed-4acf-82d3-2688d6039f06
2018-11-13 00:03:28,725 48226  INFO  [BackgroundDaemon] Processing data (74% completed)..
2018-11-13 00:03:28,725 48226  INFO  [BackgroundDaemon] Finished iteration in 00:00:00.2230963.
2018-11-13 00:03:28,726 48227  INFO  [efdf42] Finished processing user request with id = efdf42b9-d591-4c3d-a128-9e3bc34a4a48 in 00:00:00.0391578.
2018-11-13 00:03:28,745 48246  INFO  [8fbda3] Finished processing user request with id = 8fbda327-9c59-4502-bc95-10d7e0396593 in 00:00:00.0650458.
2018-11-13 00:03:28,755 48256  INFO  [Metrics] Cpu: 0.41%; Memory: 19.79 GB/31.88 GB; Workers: 4/1024; IOCP: 0/1024
2018-11-13 00:03:28,758 48259  INFO  [059c91] Started processing user request. Id = 059c91bc-0f4c-4315-abbd-40a12864af69. Size = 7.27 KB.
2018-11-13 00:03:28,759 48260  INFO  [bf41b1] Started processing user request. Id = bf41b1c9-00aa-42c3-a39c-969d798b776c. Size = 52.26 KB.
2018-11-13 00:03:28,775 48276  INFO  [059c91] Doing some complicated stuff.. Random numbers are: 54286253, 1313318566, 1540855087.
2018-11-13 00:03:28,776 48277  INFO  [bf41b1] Doing some complicated stuff.. Random numbers are: 1126263879, 403640544, 1058725749.
2018-11-13 00:03:28,802 48303  INFO  [059c91] Here's some useful guids:
		995bbd50-7759-4bc8-8871-70d7d28776ff
		9354623c-900b-4584-938d-de3c00b56b07
		f7ffcad2-074b-4e3d-9bd1-4328e98d0481
2018-11-13 00:03:28,805 48306  INFO  [bf41b1] Here's some useful guids:
		2031c11e-05e8-47d3-bb15-afada372dc2a
		7416f285-9db9-46a3-b860-3c3f1906d384
		53ed3f0c-fdd9-4c2c-baee-cd371aede687
		99210772-336c-46f6-8422-fa6735de6de5
		9c016aff-a022-4623-8c34-69bd935bbc43
2018-11-13 00:03:28,819 48320  INFO  [059c91] Finished processing user request with id = 059c91bc-0f4c-4315-abbd-40a12864af69 in 00:00:00.0608491.
2018-11-13 00:03:28,829 48330  INFO  [bf41b1] Finished processing user request with id = bf41b1c9-00aa-42c3-a39c-969d798b776c in 00:00:00.0698970.
2018-11-13 00:03:28,842 48343  INFO  [f71651] Started processing user request. Id = f7165178-efb2-45dc-8f92-3c9c66806f8b. Size = 46.95 KB.
2018-11-13 00:03:28,842 48343  INFO  [ee318f] Started processing user request. Id = ee318f23-531b-4f60-b53c-0fda281cfe41. Size = 3.07 KB.
2018-11-13 00:03:28,849 48350  INFO  [f71651] Doing some complicated stuff.. Random numbers are: 1218902687, 953539093, 954215856.
2018-11-13 00:03:28,850 48351  INFO  [815c77] Started processing user request. Id = 815c7795-5c0b-44e8-87e3-6ad1707b3af1. Size = 37.21 KB.
2018-11-13 00:03:28,861 48362  INFO  [ee318f] Doing some complicated stuff.. Random numbers are: 1712840244, 270739126, 84864583.
2018-11-13 00:03:28,861 48362  INFO  [815c77] Doing some complicated stuff.. Random numbers are: 1083202642, 387256374, 1510299280.
2018-11-13 00:03:28,880 48381  INFO  [ee318f] Finished processing user request with id = ee318f23-531b-4f60-b53c-0fda281cfe41 in 00:00:00.0381387.
2018-11-13 00:03:28,882 48383  INFO  [f71651] Finished processing user request with id = f7165178-efb2-45dc-8f92-3c9c66806f8b in 00:00:00.0401612.
2018-11-13 00:03:28,896 48397  INFO  [812d6c] Started processing user request. Id = 812d6c1a-ba69-48fe-8472-7bc77598ee95. Size = 68.32 KB.
2018-11-13 00:03:28,898 48399  INFO  [815c77] Here's some useful guids:
		0ce04090-6037-443f-b660-a011b367bc8e
		5be711bd-4285-49ca-8b83-d30663e618ba
		b88b2d2b-77c6-4c55-a21a-f25b32b5fd3e
		12958d43-4f91-4631-becf-ef8e2dd6ec07
		ebe143ee-7786-42f8-b3e0-0f3e54a14ecc
2018-11-13 00:03:28,903 48404  INFO  [815c77] Finished processing user request with id = 815c7795-5c0b-44e8-87e3-6ad1707b3af1 in 00:00:00.0529202.
2018-11-13 00:03:28,914 48415  INFO  [812d6c] Doing some complicated stuff.. Random numbers are: 1130715741, 8844866, 113259283.
2018-11-13 00:03:28,925 48426  INFO  [BackgroundDaemon] Starting iteration #15559.
2018-11-13 00:03:28,934 48435  INFO  [278ffc] Started processing user request. Id = 278ffc83-b125-4fa2-9be1-cae6ee32b510. Size = 80.23 KB.
2018-11-13 00:03:28,941 48442  INFO  [278ffc] Doing some complicated stuff.. Random numbers are: 718003049, 961544721, 1816002594.
2018-11-13 00:03:28,953 48454  INFO  [812d6c] Here's some useful guids:
		183e6acc-2668-4047-869e-86cf07e3d5ac
		bd9d2630-e2f5-4589-9921-0ab2a8e297f5
2018-11-13 00:03:28,955 48456  INFO  [812d6c] Finished processing user request with id = 812d6c1a-ba69-48fe-8472-7bc77598ee95 in 00:00:00.0592919.
2018-11-13 00:03:28,968 48469  INFO  [1ae4aa] Started processing user request. Id = 1ae4aa32-e9b3-4db4-923a-7acf43b57af5. Size = 5.21 KB.
2018-11-13 00:03:28,975 48476  INFO  [1ae4aa] Doing some complicated stuff.. Random numbers are: 1065945757, 154828571, 1351308643.
2018-11-13 00:03:28,976 48477  INFO  [1ae4aa] Here's some useful guids:
		48fe5a82-17ca-49a9-87a2-eec41b1502f3
		efeb4671-3edc-4a60-832d-634b58ed1192
		85033b3f-17b9-44fd-9e91-6a25cab7df8b
		b754498b-6342-4226-905e-23f38b349928
		ce0c9220-98f2-483b-9cf9-5a6771b65b7f
2018-11-13 00:03:28,981 48482  ERROR [278ffc] 
System.InvalidOperationException: Oh no! An error occurred!
2018-11-13 00:03:29,006 48507  INFO  [1ae4aa] Finished processing user request with id = 1ae4aa32-e9b3-4db4-923a-7acf43b57af5 in 00:00:00.0376528.
2018-11-13 00:03:29,007 48508  INFO  [BackgroundDaemon] Processing data (7% completed)..
2018-11-13 00:03:29,012 48513  INFO  [2f5dfb] Started processing user request. Id = 2f5dfbf8-00af-4019-b69b-c95ee2aed69b. Size = 12.75 KB.
2018-11-13 00:03:29,019 48520  INFO  [4938bc] Started processing user request. Id = 4938bce8-acb8-476a-9709-66890f9e7bc6. Size = 50.95 KB.
2018-11-13 00:03:29,025 48526  INFO  [4938bc] Doing some complicated stuff.. Random numbers are: 1229846272, 1951712958, 1032771512.
2018-11-13 00:03:29,028 48529  INFO  [2f5dfb] Doing some complicated stuff.. Random numbers are: 1329300971, 180629890, 1506750998.
2018-11-13 00:03:29,048 48549  INFO  [9fd62c] Started processing user request. Id = 9fd62cd5-fe03-4282-8317-e4c5ba6dc1a4. Size = 83.96 KB.
2018-11-13 00:03:29,051 48552  INFO  [2f5dfb] Here's some useful guids:
		9e363d47-62f1-4854-8935-067329657322
		b970a19f-a9da-4aa1-88ec-557492feabc3
		e0eeb0d0-dd66-4106-8857-91828da93e96
2018-11-13 00:03:29,052 48553  INFO  [BackgroundDaemon] Processing data (33% completed)..
2018-11-13 00:03:29,057 48558  INFO  [9fd62c] Doing some complicated stuff.. Random numbers are: 1902675854, 1524430191, 1419989290.
2018-11-13 00:03:29,077 48578  INFO  [2f5dfb] Finished processing user request with id = 2f5dfbf8-00af-4019-b69b-c95ee2aed69b in 00:00:00.0651935.
2018-11-13 00:03:29,085 48586  INFO  [4938bc] Finished processing user request with id = 4938bce8-acb8-476a-9709-66890f9e7bc6 in 00:00:00.0661833.
2018-11-13 00:03:29,099 48600  INFO  [8d1b69] Started processing user request. Id = 8d1b693a-23b0-4258-a098-f525cc0b55a0. Size = 1.03 KB.
2018-11-13 00:03:29,109 48610  INFO  [8d1b69] Doing some complicated stuff.. Random numbers are: 239356031, 1978778532, 141066960.
2018-11-13 00:03:29,109 48610  INFO  [b4f4d7] Started processing user request. Id = b4f4d773-152e-486d-8307-785272f6295b. Size = 56.09 KB.
2018-11-13 00:03:29,110 48611  INFO  [9fd62c] Finished processing user request with id = 9fd62cd5-fe03-4282-8317-e4c5ba6dc1a4 in 00:00:00.0621004.
2018-11-13 00:03:29,115 48616  INFO  [b4f4d7] Doing some complicated stuff.. Random numbers are: 1435728245, 927888570, 430403177.
2018-11-13 00:03:29,115 48616  INFO  [8d1b69] Here's some useful guids:
		ad58b20d-44cc-4f9c-b00c-08005c1d6632
2018-11-13 00:03:29,142 48643  INFO  [8d1b69] Finished processing user request with id = 8d1b693a-23b0-4258-a098-f525cc0b55a0 in 00:00:00.0431885.
2018-11-13 00:03:29,151 48652  INFO  [BackgroundDaemon] Processing data (66% completed)..
2018-11-13 00:03:29,151 48652  INFO  [BackgroundDaemon] Finished iteration in 00:00:00.2258170.
2018-11-13 00:03:29,156 48657  INFO  [f62fb4] Started processing user request. Id = f62fb4f1-3836-4007-986f-a5d513142a58. Size = 19.49 KB.
2018-11-13 00:03:29,158 48659  INFO  [b4f4d7] Finished processing user request with id = b4f4d773-152e-486d-8307-785272f6295b in 00:00:00.0486886.
2018-11-13 00:03:29,159 48660  INFO  [f62fb4] Doing some complicated stuff.. Random numbers are: 682679679, 838925977, 1570505093.
2018-11-13 00:03:29,190 48691  INFO  [90679e] Started processing user request. Id = 90679eef-fbce-46f3-a9c9-aa041ffa4a6f. Size = 21.45 KB.
2018-11-13 00:03:29,203 48704  INFO  [90679e] Doing some complicated stuff.. Random numbers are: 656226480, 349813894, 1399665532.
2018-11-13 00:03:29,220 48721  INFO  [f62fb4] Finished processing user request with id = f62fb4f1-3836-4007-986f-a5d513142a58 in 00:00:00.0639276.
2018-11-13 00:03:29,234 48735  INFO  [7fe2c7] Started processing user request. Id = 7fe2c7c5-832f-43c0-80c0-298ae49bb477. Size = 92.09 KB.
2018-11-13 00:03:29,243 48744  INFO  [7fe2c7] Doing some complicated stuff.. Random numbers are: 296875330, 1348345435, 1472921622.
2018-11-13 00:03:29,251 48752  INFO  [90679e] Finished processing user request with id = 90679eef-fbce-46f3-a9c9-aa041ffa4a6f in 00:00:00.0609300.
2018-11-13 00:03:29,255 48756  INFO  [Metrics] Cpu: 0.56%; Memory: 19.79 GB/31.88 GB; Workers: 4/1024; IOCP: 0/1024
2018-11-13 00:03:29,274 48775  INFO  [7fe2c7] Here's some useful guids:
		127daea1-a9dc-43f4-a6f2-8e55701d2e83
		67a64cf8-4edd-4f9f-acc7-6fd05c20c5a5
		d7a6be4d-d718-4c54-9624-df8f627eb3a5
2018-11-13 00:03:29,277 48778  INFO  [6e55ea] Started processing user request. Id = 6e55eac2-1b65-4677-b38c-5e0a930aa6ac. Size = 18.6 KB.
2018-11-13 00:03:29,281 48782  INFO  [6e55ea] Doing some complicated stuff.. Random numbers are: 598440696, 1664355819, 842560504.
2018-11-13 00:03:29,282 48783  INFO  [09477a] Started processing user request. Id = 09477a32-095a-49d0-9e79-9a58bdce2bd6. Size = 56.68 KB.
2018-11-13 00:03:29,283 48784  INFO  [7fe2c7] Finished processing user request with id = 7fe2c7c5-832f-43c0-80c0-298ae49bb477 in 00:00:00.0494165.
2018-11-13 00:03:29,297 48798  INFO  [70e9e9] Started processing user request. Id = 70e9e902-d552-4bca-acbf-4444778d4608. Size = 51.35 KB.
2018-11-13 00:03:29,298 48799  INFO  [09477a] Doing some complicated stuff.. Random numbers are: 1743631299, 1899968979, 456300690.
2018-11-13 00:03:29,299 48800  INFO  [6e55ea] Finished processing user request with id = 6e55eac2-1b65-4677-b38c-5e0a930aa6ac in 00:00:00.0216253.
2018-11-13 00:03:29,302 48803  INFO  [70e9e9] Doing some complicated stuff.. Random numbers are: 457687730, 967273551, 1385819143.
2018-11-13 00:03:29,321 48822  INFO  [09477a] Here's some useful guids:
		a654a315-60ed-460c-97aa-97b081b01e1b
		15f9e5fc-d3bf-4a60-ae88-722e56958e8d
		97c148a7-005b-4497-b91a-4eeacab94e57
		b2d4a6ba-a713-4901-b533-fdd32e0af028
		0e6ca494-cd87-4383-8b74-9b648206cb86
2018-11-13 00:03:29,330 48831  INFO  [70e9e9] Finished processing user request with id = 70e9e902-d552-4bca-acbf-4444778d4608 in 00:00:00.0331203.
2018-11-13 00:03:29,344 48845  INFO  [09477a] Finished processing user request with id = 09477a32-095a-49d0-9e79-9a58bdce2bd6 in 00:00:00.0616411.
2018-11-13 00:03:29,344 48845  INFO  [6528da] Started processing user request. Id = 6528da81-122d-43ac-9ffb-1db46b1898ae. Size = 42.27 KB.
2018-11-13 00:03:29,351 48852  INFO  [BackgroundDaemon] Starting iteration #15560.
2018-11-13 00:03:29,362 48863  INFO  [6528da] Doing some complicated stuff.. Random numbers are: 307086233, 43338507, 886041218.
2018-11-13 00:03:29,375 48876  INFO  [341ef7] Started processing user request. Id = 341ef7f0-b404-4b76-9149-bfa8842a3bf4. Size = 78.79 KB.
2018-11-13 00:03:29,388 48889  INFO  [341ef7] Doing some complicated stuff.. Random numbers are: 984054914, 795305488, 737380805.
2018-11-13 00:03:29,396 48897  INFO  [6528da] Finished processing user request with id = 6528da81-122d-43ac-9ffb-1db46b1898ae in 00:00:00.0519598.
2018-11-13 00:03:29,409 48910  INFO  [41172b] Started processing user request. Id = 41172bf6-5f7d-451b-a7d9-22c5cb0b4378. Size = 85.12 KB.
2018-11-13 00:03:29,415 48916  INFO  [341ef7] Finished processing user request with id = 341ef7f0-b404-4b76-9149-bfa8842a3bf4 in 00:00:00.0399918.
2018-11-13 00:03:29,420 48921  INFO  [BackgroundDaemon] Processing data (2% completed)..
2018-11-13 00:03:29,425 48926  INFO  [41172b] Doing some complicated stuff.. Random numbers are: 329433328, 1401287471, 1830177503.
2018-11-13 00:03:29,446 48947  INFO  [b69430] Started processing user request. Id = b694309e-9988-40f1-807e-02a334bed0f0. Size = 86.52 KB.
2018-11-13 00:03:29,449 48950  INFO  [b69430] Doing some complicated stuff.. Random numbers are: 1493885135, 1833687667, 1147860327.
2018-11-13 00:03:29,456 48957  INFO  [41172b] Finished processing user request with id = 41172bf6-5f7d-451b-a7d9-22c5cb0b4378 in 00:00:00.0471866.
2018-11-13 00:03:29,460 48961  INFO  [BackgroundDaemon] Processing data (20% completed)..
2018-11-13 00:03:29,466 48967  INFO  [e71cce] Started processing user request. Id = e71cce7e-3b7c-4d5a-bff1-4565cf6c6e76. Size = 26.54 KB.
2018-11-13 00:03:29,469 48970  INFO  [e71cce] Doing some complicated stuff.. Random numbers are: 1784653746, 1238351050, 1433089443.
2018-11-13 00:03:29,470 48971  INFO  [5ed58b] Started processing user request. Id = 5ed58bd0-d4a3-4e81-acbb-61bd4e8a3f51. Size = 90.23 KB.
2018-11-13 00:03:29,478 48979  INFO  [5ed58b] Doing some complicated stuff.. Random numbers are: 320826743, 1824374681, 1479332171.
2018-11-13 00:03:29,480 48981  INFO  [b69430] Finished processing user request with id = b694309e-9988-40f1-807e-02a334bed0f0 in 00:00:00.0341148.
2018-11-13 00:03:29,485 48986  INFO  [5ed58b] Here's some useful guids:
		7b2d4c13-efe4-4ee7-b5f8-34750fbae10f
		69da8ae1-d6a5-4ba2-9d07-f4d37f6c839d
2018-11-13 00:03:29,493 48994  ERROR [5ed58b] 
System.InvalidOperationException: Oh no! An error occurred!
2018-11-13 00:03:29,506 49007  INFO  [730ca8] Started processing user request. Id = 730ca83d-378d-418d-ab2a-9fe25cb8ed66. Size = 65.45 KB.
2018-11-13 00:03:29,509 49010  INFO  [e71cce] Finished processing user request with id = e71cce7e-3b7c-4d5a-bff1-4565cf6c6e76 in 00:00:00.0431618.
2018-11-13 00:03:29,512 49013  INFO  [248ede] Started processing user request. Id = 248ede6e-b118-47f2-9c76-8934be43e7d6. Size = 60.73 KB.
2018-11-13 00:03:29,520 49021  INFO  [730ca8] Doing some complicated stuff.. Random numbers are: 787269739, 244108718, 1747686095.
2018-11-13 00:03:29,531 49032  INFO  [248ede] Doing some complicated stuff.. Random numbers are: 982633026, 1648230241, 1733050754.
2018-11-13 00:03:29,546 49047  INFO  [730ca8] Finished processing user request with id = 730ca83d-378d-418d-ab2a-9fe25cb8ed66 in 00:00:00.0397967.
2018-11-13 00:03:29,553 49054  INFO  [BackgroundDaemon] Processing data (79% completed)..
2018-11-13 00:03:29,553 49054  INFO  [BackgroundDaemon] Finished iteration in 00:00:00.2017577.
2018-11-13 00:03:29,560 49061  INFO  [af67c1] Started processing user request. Id = af67c19c-6bf6-4368-bd86-bf3141061d65. Size = 39.03 KB.
2018-11-13 00:03:29,565 49066  INFO  [248ede] Finished processing user request with id = 248ede6e-b118-47f2-9c76-8934be43e7d6 in 00:00:00.0531375.
2018-11-13 00:03:29,574 49075  INFO  [af67c1] Doing some complicated stuff.. Random numbers are: 525327835, 1914744484, 410041733.
2018-11-13 00:03:29,589 49090  INFO  [af67c1] Finished processing user request with id = af67c19c-6bf6-4368-bd86-bf3141061d65 in 00:00:00.0290125.
2018-11-13 00:03:29,596 49097  INFO  [af9dc5] Started processing user request. Id = af9dc536-0d95-4482-a6e5-55a8a6099628. Size = 67.4 KB.
2018-11-13 00:03:29,598 49099  INFO  [af9dc5] Doing some complicated stuff.. Random numbers are: 190334093, 25155042, 506560697.
2018-11-13 00:03:29,602 49103  INFO  [09340f] Started processing user request. Id = 09340f27-0bf5-423c-862c-4a7fdfd92fa0. Size = 85.45 KB.
2018-11-13 00:03:29,610 49111  INFO  [09340f] Doing some complicated stuff.. Random numbers are: 1513049827, 995370128, 687758499.
2018-11-13 00:03:29,632 49133  INFO  [09340f] Finished processing user request with id = 09340f27-0bf5-423c-862c-4a7fdfd92fa0 in 00:00:00.0295940.
2018-11-13 00:03:29,646 49147  INFO  [2ed1ed] Started processing user request. Id = 2ed1ed98-52cc-42fc-a634-1e383bd1f494. Size = 57.04 KB.
2018-11-13 00:03:29,652 49153  INFO  [2ed1ed] Doing some complicated stuff.. Random numbers are: 2118675855, 1356942554, 90815264.
2018-11-13 00:03:29,655 49156  INFO  [af9dc5] Finished processing user request with id = af9dc536-0d95-4482-a6e5-55a8a6099628 in 00:00:00.0587259.
2018-11-13 00:03:29,677 49178  INFO  [cd984d] Started processing user request. Id = cd984def-d4e0-4031-b11f-fdf57c649bd4. Size = 51.77 KB.
2018-11-13 00:03:29,685 49186  INFO  [2ed1ed] Finished processing user request with id = 2ed1ed98-52cc-42fc-a634-1e383bd1f494 in 00:00:00.0391179.
2018-11-13 00:03:29,686 49187  INFO  [444460] Started processing user request. Id = 444460d1-475d-4c5f-a636-605c2f66c499. Size = 74.62 KB.
2018-11-13 00:03:29,691 49192  INFO  [444460] Doing some complicated stuff.. Random numbers are: 2066329322, 1300514489, 155786122.
2018-11-13 00:03:29,696 49197  INFO  [cd984d] Doing some complicated stuff.. Random numbers are: 2068818666, 1813622343, 958333386.
2018-11-13 00:03:29,698 49199  INFO  [22f993] Started processing user request. Id = 22f993ff-7f28-4625-8559-b5de9282cec7. Size = 49.14 KB.
2018-11-13 00:03:29,713 49214  INFO  [22f993] Doing some complicated stuff.. Random numbers are: 729230880, 524582399, 646226837.
2018-11-13 00:03:29,721 49222  INFO  [22f993] Here's some useful guids:
		b2079c35-7552-478d-82fa-75cf27d241b1
		4ced9065-21fb-4ba4-8cbb-97c831d3462c
		b0ddc52b-2fb7-482f-bac5-4571bd17523c
		71af811d-df2f-45ec-ac16-14e9a085a76b
		3209ec1c-00c2-49a5-bc77-31cb7a0018e7
2018-11-13 00:03:29,726 49227  INFO  [22f993] Finished processing user request with id = 22f993ff-7f28-4625-8559-b5de9282cec7 in 00:00:00.0279099.
2018-11-13 00:03:29,738 49239  INFO  [444460] Finished processing user request with id = 444460d1-475d-4c5f-a636-605c2f66c499 in 00:00:00.0520449.
2018-11-13 00:03:29,739 49240  INFO  [cd984d] Finished processing user request with id = cd984def-d4e0-4031-b11f-fdf57c649bd4 in 00:00:00.0620273.
2018-11-13 00:03:29,740 49241  INFO  [39684a] Started processing user request. Id = 39684a92-a7bd-449c-802e-45a54071847a. Size = 52.4 KB.
2018-11-13 00:03:29,753 49254  INFO  [BackgroundDaemon] Starting iteration #15561.
2018-11-13 00:03:29,754 49255  INFO  [Metrics] Cpu: 0.56%; Memory: 19.79 GB/31.88 GB; Workers: 4/1024; IOCP: 0/1024
2018-11-13 00:03:29,759 49260  INFO  [39684a] Doing some complicated stuff.. Random numbers are: 1792376894, 253642698, 1434390466.
2018-11-13 00:03:29,770 49271  INFO  [742bff] Started processing user request. Id = 742bffd8-c927-4ec6-bff8-c494ef8240f4. Size = 86.55 KB.
2018-11-13 00:03:29,788 49289  INFO  [742bff] Doing some complicated stuff.. Random numbers are: 595770972, 686590530, 652704376.
2018-11-13 00:03:29,789 49290  INFO  [BackgroundDaemon] Processing data (9% completed)..
2018-11-13 00:03:29,796 49297  INFO  [39684a] Here's some useful guids:
		0749b4e8-e925-47a4-90bf-e195611e8668
		57773b9c-7e79-40fe-ad44-ed9c5614e642
		89e9be54-9c74-4bbe-a534-4215eca2ee33
		27cbbe8e-1152-4f91-8909-6035e8ecfb20
		f32abfa9-790d-4d09-a070-39e37ad80450
2018-11-13 00:03:29,805 49306  INFO  [39684a] Finished processing user request with id = 39684a92-a7bd-449c-802e-45a54071847a in 00:00:00.0649853.
2018-11-13 00:03:29,810 49311  INFO  [742bff] Finished processing user request with id = 742bffd8-c927-4ec6-bff8-c494ef8240f4 in 00:00:00.0400308.
2018-11-13 00:03:29,819 49320  INFO  [fd2c44] Started processing user request. Id = fd2c4482-cd94-41c6-9f04-fc43d519ead6. Size = 34.58 KB.
2018-11-13 00:03:29,824 49325  INFO  [fd2c44] Doing some complicated stuff.. Random numbers are: 891939347, 639526969, 295269199.
2018-11-13 00:03:29,841 49342  INFO  [5eee36] Started processing user request. Id = 5eee36f3-ceb8-46d5-bd4d-66d93e9a1a14. Size = 407 B.
2018-11-13 00:03:29,841 49342  INFO  [5eee36] Doing some complicated stuff.. Random numbers are: 1730597248, 1504146492, 847972756.
2018-11-13 00:03:29,863 49364  INFO  [fd2c44] Here's some useful guids:
		13a536dd-9a42-4218-b3ff-bdeb5e173147
		6be36fc4-615b-4898-94bf-eb3eb197d7a8
		ae13cb35-0a85-435f-8e6d-a9ba0b2d1158
		9a00d743-bda7-4c67-88bd-4e820fceca27
		603a5876-722f-4833-9bd0-869877b2bd24
2018-11-13 00:03:29,878 49379  INFO  [5eee36] Finished processing user request with id = 5eee36f3-ceb8-46d5-bd4d-66d93e9a1a14 in 00:00:00.0366126.
2018-11-13 00:03:29,884 49385  INFO  [BackgroundDaemon] Processing data (40% completed)..
2018-11-13 00:03:29,885 49386  INFO  [fd2c44] Finished processing user request with id = fd2c4482-cd94-41c6-9f04-fc43d519ead6 in 00:00:00.0662079.
2018-11-13 00:03:29,899 49400  INFO  [b8f37f] Started processing user request. Id = b8f37fca-ef3f-48c2-bd84-1c86fff1288e. Size = 11.25 KB.
2018-11-13 00:03:29,900 49401  INFO  [b8f37f] Doing some complicated stuff.. Random numbers are: 594296504, 1044163831, 150373704.
2018-11-13 00:03:29,906 49407  INFO  [c757b1] Started processing user request. Id = c757b1a7-5af9-48cd-b8b3-55fd606c68b9. Size = 87.95 KB.
2018-11-13 00:03:29,909 49410  INFO  [05682c] Started processing user request. Id = 05682ca2-fc4a-41d2-9e34-24e3f5ba8ec9. Size = 5.91 KB.
2018-11-13 00:03:29,914 49415  INFO  [c757b1] Doing some complicated stuff.. Random numbers are: 1016330022, 852936753, 1990217799.
2018-11-13 00:03:29,927 49428  INFO  [05682c] Doing some complicated stuff.. Random numbers are: 1928522822, 1511052154, 695238848.
2018-11-13 00:03:29,931 49432  INFO  [b8f37f] Here's some useful guids:
		0ae670d4-36a0-4703-94da-e0cfc134c53a
		b1a01597-1d17-498c-ae64-b99656783aa6
		9c2b3a23-512b-403d-906e-49b85ec2a297
		54b63da0-1f1f-495b-9d72-eeaccd536828
2018-11-13 00:03:29,933 49434  INFO  [b8f37f] Finished processing user request with id = b8f37fca-ef3f-48c2-bd84-1c86fff1288e in 00:00:00.0340898.
2018-11-13 00:03:29,939 49440  INFO  [c757b1] Here's some useful guids:
		6a744a9e-59ae-4f3b-9b69-c09cdc64ffae
2018-11-13 00:03:29,947 49448  INFO  [043f5b] Started processing user request. Id = 043f5b53-3c6a-4293-b28f-880b9925f994. Size = 26.69 KB.
2018-11-13 00:03:29,954 49455  INFO  [043f5b] Doing some complicated stuff.. Random numbers are: 11249746, 50753849, 2108985554.
2018-11-13 00:03:29,959 49460  INFO  [BackgroundDaemon] Processing data (88% completed)..
2018-11-13 00:03:29,959 49460  INFO  [BackgroundDaemon] Finished iteration in 00:00:00.2058113.
2018-11-13 00:03:29,967 49468  INFO  [c757b1] Finished processing user request with id = c757b1a7-5af9-48cd-b8b3-55fd606c68b9 in 00:00:00.0613030.
2018-11-13 00:03:29,970 49471  INFO  [05682c] Finished processing user request with id = 05682ca2-fc4a-41d2-9e34-24e3f5ba8ec9 in 00:00:00.0607215.
2018-11-13 00:03:29,971 49472  INFO  [043f5b] Finished processing user request with id = 043f5b53-3c6a-4293-b28f-880b9925f994 in 00:00:00.0244616.
2018-11-13 00:03:29,984 49485  INFO  [338fcc] Started processing user request. Id = 338fcc67-44c0-43b5-b024-df590d5f9313. Size = 69.47 KB.
2018-11-13 00:03:29,995 49496  INFO  [338fcc] Doing some complicated stuff.. Random numbers are: 521973385, 1133679257, 1526434177.
2018-11-13 00:03:30,001 49502  INFO  [be1825] Started processing user request. Id = be18251a-f06a-4dec-b5b5-444b621ef506. Size = 84.62 KB.
2018-11-13 00:03:30,001 49502  INFO  [be1825] Doing some complicated stuff.. Random numbers are: 1921332964, 2055812669, 2109462462.
2018-11-13 00:03:30,003 49504  INFO  [338fcc] Here's some useful guids:
		91b1320b-0eea-4752-a3a8-f014d72ade35
		ad0fccaf-ff31-4a69-b1b4-65ee49ef5201
2018-11-13 00:03:30,004 49505  INFO  [338fcc] Finished processing user request with id = 338fcc67-44c0-43b5-b024-df590d5f9313 in 00:00:00.0201388.
2018-11-13 00:03:30,017 49519  INFO  [f21482] Started processing user request. Id = f214827f-86ed-4054-8333-7557066f9ce8. Size = 32.46 KB.
2018-11-13 00:03:30,020 49521  INFO  [f21482] Doing some complicated stuff.. Random numbers are: 822080009, 347043806, 994767342.
2018-11-13 00:03:30,038 49539  INFO  [be1825] Here's some useful guids:
		18ff926f-fab4-4dd4-9613-aac63706eb2a
2018-11-13 00:03:30,042 49544  INFO  [f21482] Here's some useful guids:
		021f8a24-6edd-4665-9f38-7bdbf9279d11
		a20b9f0f-42d3-463b-a634-c3f64499a1db
		8af6d848-16fb-4883-a628-066ed6c410ed
		81426eeb-8a45-415f-8d26-024c2a288d39
2018-11-13 00:03:30,043 49545  INFO  [be1825] Finished processing user request with id = be18251a-f06a-4dec-b5b5-444b621ef506 in 00:00:00.0421647.
2018-11-13 00:03:30,053 49554  INFO  [f21482] Finished processing user request with id = f214827f-86ed-4054-8333-7557066f9ce8 in 00:00:00.0351115.
2018-11-13 00:03:30,066 49567  INFO  [5d1f85] Started processing user request. Id = 5d1f8590-f22f-4a45-9292-deb6e2186d67. Size = 89.03 KB.
2018-11-13 00:03:30,075 49576  INFO  [9f1708] Started processing user request. Id = 9f17083d-aa5f-4cb0-9b9b-e3718a964d26. Size = 36.02 KB.
2018-11-13 00:03:30,081 49582  INFO  [5d1f85] Doing some complicated stuff.. Random numbers are: 1875269293, 1764443959, 1637098430.
2018-11-13 00:03:30,090 49592  INFO  [9f1708] Doing some complicated stuff.. Random numbers are: 1714513661, 892729431, 1911485543.
2018-11-13 00:03:30,114 49615  INFO  [9f1708] Finished processing user request with id = 9f17083d-aa5f-4cb0-9b9b-e3718a964d26 in 00:00:00.0390862.
2018-11-13 00:03:30,125 49626  INFO  [5d1f85] Finished processing user request with id = 5d1f8590-f22f-4a45-9292-deb6e2186d67 in 00:00:00.0591139.
2018-11-13 00:03:30,135 49636  INFO  [a9b40f] Started processing user request. Id = a9b40f48-c339-42ea-8dda-b967df4bd3cb. Size = 25.15 KB.
2018-11-13 00:03:30,138 49639  INFO  [401b23] Started processing user request. Id = 401b23e6-3d00-404c-b791-30ea4a9af674. Size = 30.99 KB.
2018-11-13 00:03:30,145 49646  INFO  [08e850] Started processing user request. Id = 08e850d0-cd07-4f46-8b22-ba1a72aa9e5d. Size = 5.88 KB.
2018-11-13 00:03:30,146 49647  INFO  [a9b40f] Doing some complicated stuff.. Random numbers are: 1264653739, 978176917, 1632190393.
2018-11-13 00:03:30,154 49655  INFO  [401b23] Doing some complicated stuff.. Random numbers are: 480352034, 1993110581, 1052513861.
2018-11-13 00:03:30,156 49657  INFO  [401b23] Here's some useful guids:
		fd997363-65b3-47bc-ad0f-c7549f6099ee
		1a385fd2-0eba-457a-abeb-3445745000aa
		503be39c-5ab4-4033-b17a-28589761316d
		97ff6b9a-b765-4b89-8c41-652e5fb2052c
		5414982c-c94f-44e2-aaa7-c2666450a588
2018-11-13 00:03:30,159 49660  INFO  [BackgroundDaemon] Starting iteration #15562.
2018-11-13 00:03:30,162 49663  INFO  [08e850] Doing some complicated stuff.. Random numbers are: 1562572707, 1301391406, 386702136.
2018-11-13 00:03:30,164 49665  INFO  [a9b40f] Here's some useful guids:
		4d1fe0c2-3212-49aa-95e1-46280b8c7bb1
		6484fb61-d030-4ffe-942b-5667c8590c84
		83c10185-b814-4d69-b1f8-dc89b673ea2d
2018-11-13 00:03:30,173 49675  INFO  [401b23] Finished processing user request with id = 401b23e6-3d00-404c-b791-30ea4a9af674 in 00:00:00.0351502.
2018-11-13 00:03:30,177 49679  INFO  [a9b40f] Finished processing user request with id = a9b40f48-c339-42ea-8dda-b967df4bd3cb in 00:00:00.0422096.
2018-11-13 00:03:30,181 49682  INFO  [08e850] Finished processing user request with id = 08e850d0-cd07-4f46-8b22-ba1a72aa9e5d in 00:00:00.0361907.
2018-11-13 00:03:30,187 49688  INFO  [582af8] Started processing user request. Id = 582af887-a3c4-4cfe-a894-93affd99ed05. Size = 30.41 KB.
2018-11-13 00:03:30,202 49703  INFO  [582af8] Doing some complicated stuff.. Random numbers are: 962977984, 178118311, 1115857578.
2018-11-13 00:03:30,213 49714  INFO  [145efd] Started processing user request. Id = 145efd38-c6ed-4820-bcd6-ead1817b7cd5. Size = 17.49 KB.
2018-11-13 00:03:30,224 49725  INFO  [145efd] Doing some complicated stuff.. Random numbers are: 668306109, 819690984, 334402276.
2018-11-13 00:03:30,231 49732  INFO  [582af8] Here's some useful guids:
		a81bc01d-2ba8-4cc4-91ff-bb017887ce2e
		cd4aef67-c986-4a7e-971e-589764a483dc
		338c14ce-f856-4298-89c6-e7ece9d07f12
		14f463a9-e35d-466b-81c5-956de04581c1
		8793bef7-5efc-4347-9f1f-0a2a22c6ddc5
2018-11-13 00:03:30,238 49739  INFO  [582af8] Finished processing user request with id = 582af887-a3c4-4cfe-a894-93affd99ed05 in 00:00:00.0510440.
2018-11-13 00:03:30,241 49742  INFO  [BackgroundDaemon] Processing data (4% completed)..
2018-11-13 00:03:30,245 49746  INFO  [145efd] Finished processing user request with id = 145efd38-c6ed-4820-bcd6-ead1817b7cd5 in 00:00:00.0318400.
2018-11-13 00:03:30,252 49753  INFO  [787cee] Started processing user request. Id = 787cee66-8e06-4610-b29a-b5be943f24de. Size = 45.49 KB.
2018-11-13 00:03:30,254 49755  INFO  [Metrics] Cpu: 0.08%; Memory: 19.79 GB/31.88 GB; Workers: 4/1024; IOCP: 0/1024
2018-11-13 00:03:30,262 49764  INFO  [787cee] Doing some complicated stuff.. Random numbers are: 1354162357, 854881453, 193428497.
2018-11-13 00:03:30,276 49777  INFO  [c099b4] Started processing user request. Id = c099b417-611c-4f06-acd0-fa4c820e094a. Size = 4.59 KB.
2018-11-13 00:03:30,278 49779  INFO  [c099b4] Doing some complicated stuff.. Random numbers are: 1884879156, 635490495, 646980068.
2018-11-13 00:03:30,283 49784  INFO  [BackgroundDaemon] Processing data (44% completed)..
2018-11-13 00:03:30,296 49797  INFO  [c099b4] Finished processing user request with id = c099b417-611c-4f06-acd0-fa4c820e094a in 00:00:00.0200473.
2018-11-13 00:03:30,299 49800  INFO  [787cee] Finished processing user request with id = 787cee66-8e06-4610-b29a-b5be943f24de in 00:00:00.0471916.
2018-11-13 00:03:30,312 49813  INFO  [a54648] Started processing user request. Id = a546480a-e744-4834-900e-379e9379d28d. Size = 75.14 KB.
2018-11-13 00:03:30,322 49823  INFO  [BackgroundDaemon] Processing data (50% completed)..
2018-11-13 00:03:30,322 49823  INFO  [BackgroundDaemon] Finished iteration in 00:00:00.1625002.
2018-11-13 00:03:30,328 49829  INFO  [b5d554] Started processing user request. Id = b5d5542b-1b5f-4ae6-b773-ba98a6c13125. Size = 25.7 KB.
2018-11-13 00:03:30,328 49829  INFO  [a54648] Doing some complicated stuff.. Random numbers are: 465823786, 164097909, 1977074910.
2018-11-13 00:03:30,337 49838  INFO  [b5d554] Doing some complicated stuff.. Random numbers are: 17037279, 1083410339, 1712990405.
2018-11-13 00:03:30,345 49846  INFO  [81bc4b] Started processing user request. Id = 81bc4b8a-f2d4-4265-81bb-19e2c6247217. Size = 77.98 KB.
2018-11-13 00:03:30,353 49854  INFO  [81bc4b] Doing some complicated stuff.. Random numbers are: 1781159023, 2062762289, 1023035955.
2018-11-13 00:03:30,354 49855  INFO  [b5d554] Here's some useful guids:
		62bfad4f-ee3e-49e6-99c7-36d396bd0824
2018-11-13 00:03:30,357 49858  INFO  [a54648] Here's some useful guids:
		63dde13d-2efb-4315-91bf-92251e2f90c0
2018-11-13 00:03:30,358 49859  INFO  [b5d554] Finished processing user request with id = b5d5542b-1b5f-4ae6-b773-ba98a6c13125 in 00:00:00.0301436.
2018-11-13 00:03:30,363 49864  INFO  [a54648] Finished processing user request with id = a546480a-e744-4834-900e-379e9379d28d in 00:00:00.0506651.
2018-11-13 00:03:30,376 49877  INFO  [2aa640] Started processing user request. Id = 2aa640eb-87f9-4bf1-8730-340c0adf318c. Size = 10.17 KB.
2018-11-13 00:03:30,383 49884  INFO  [2aa640] Doing some complicated stuff.. Random numbers are: 1478682114, 1924621370, 248626179.
2018-11-13 00:03:30,384 49885  INFO  [2aa640] Here's some useful guids:
		5dbeaec3-5e29-48ea-8276-e50223055307
		9bb5f647-1da0-4578-a8b9-bf9c8076b00c
		2e188816-96de-47dc-a04f-f59336a1f892
2018-11-13 00:03:30,387 49888  INFO  [81bc4b] Finished processing user request with id = 81bc4b8a-f2d4-4265-81bb-19e2c6247217 in 00:00:00.0419380.
2018-11-13 00:03:30,389 49890  INFO  [833c06] Started processing user request. Id = 833c068e-1ce7-49b8-b5fd-0d2b5faf8347. Size = 39.96 KB.
2018-11-13 00:03:30,403 49904  INFO  [833c06] Doing some complicated stuff.. Random numbers are: 1089101533, 552629921, 1973873579.
2018-11-13 00:03:30,405 49906  INFO  [2aa640] Finished processing user request with id = 2aa640eb-87f9-4bf1-8730-340c0adf318c in 00:00:00.0291413.
2018-11-13 00:03:30,419 49920  INFO  [527ab9] Started processing user request. Id = 527ab9cf-e1e2-4589-948c-8cb1ad4ce2c8. Size = 8.54 KB.
2018-11-13 00:03:30,427 49928  INFO  [527ab9] Doing some complicated stuff.. Random numbers are: 90925676, 1563758035, 1433501653.
2018-11-13 00:03:30,459 49960  ERROR [833c06] 
System.InvalidOperationException: Oh no! An error occurred!
2018-11-13 00:03:30,469 49970  INFO  [527ab9] Finished processing user request with id = 527ab9cf-e1e2-4589-948c-8cb1ad4ce2c8 in 00:00:00.0501751.
2018-11-13 00:03:30,482 49983  INFO  [8d8b04] Started processing user request. Id = 8d8b04e2-ed8a-4337-b025-272465206ea8. Size = 82.25 KB.
2018-11-13 00:03:30,484 49985  INFO  [8d8b04] Doing some complicated stuff.. Random numbers are: 320776600, 1012086814, 966592409.
2018-11-13 00:03:30,490 49991  INFO  [bf2e16] Started processing user request. Id = bf2e16ba-c90e-49ca-ac27-dcbf970cc1f9. Size = 96.71 KB.
2018-11-13 00:03:30,503 50004  INFO  [bf2e16] Doing some complicated stuff.. Random numbers are: 1119073046, 1464282415, 1197179579.
2018-11-13 00:03:30,516 50017  INFO  [bf2e16] Here's some useful guids:
		5aca5e08-95a1-4d0a-a241-0dee56a2a2da
		309cbb56-1275-437a-979a-7f60269ef6e4
		9bc04391-9ae2-499c-918f-4b46a98a01de
2018-11-13 00:03:30,517 50018  INFO  [8d8b04] Finished processing user request with id = 8d8b04e2-ed8a-4337-b025-272465206ea8 in 00:00:00.0352024.
2018-11-13 00:03:30,523 50024  INFO  [BackgroundDaemon] Starting iteration #15563.
2018-11-13 00:03:30,531 50032  INFO  [918262] Started processing user request. Id = 91826205-af5b-47d0-8aa0-e1ebf708ac54. Size = 51.8 KB.
2018-11-13 00:03:30,539 50040  INFO  [918262] Doing some complicated stuff.. Random numbers are: 511162714, 1347606731, 444954803.
2018-11-13 00:03:30,545 50046  INFO  [bf2e16] Finished processing user request with id = bf2e16ba-c90e-49ca-ac27-dcbf970cc1f9 in 00:00:00.0551163.
2018-11-13 00:03:30,554 50055  INFO  [2c2819] Started processing user request. Id = 2c281935-1d63-4574-8bb7-71a0ace94ee2. Size = 72.38 KB.
2018-11-13 00:03:30,567 50068  INFO  [2c2819] Doing some complicated stuff.. Random numbers are: 402067035, 1646513462, 1011224106.
2018-11-13 00:03:30,577 50078  INFO  [64549e] Started processing user request. Id = 64549ef7-ec5b-4c6c-9888-506f860eca7b. Size = 56.98 KB.
2018-11-13 00:03:30,578 50079  INFO  [918262] Here's some useful guids:
		5e8c14dc-a7a7-4c33-8ecd-a1309bc366c1
		bed5f7a9-6315-4cdf-bce7-e46ad3ab0920
2018-11-13 00:03:30,590 50091  INFO  [64549e] Doing some complicated stuff.. Random numbers are: 1904157320, 1405823044, 369997531.
2018-11-13 00:03:30,598 50100  INFO  [BackgroundDaemon] Processing data (1% completed)..
2018-11-13 00:03:30,601 50103  INFO  [2c2819] Finished processing user request with id = 2c281935-1d63-4574-8bb7-71a0ace94ee2 in 00:00:00.0472705.
2018-11-13 00:03:30,601 50103  INFO  [918262] Finished processing user request with id = 91826205-af5b-47d0-8aa0-e1ebf708ac54 in 00:00:00.0706509.
2018-11-13 00:03:30,615 50116  INFO  [5c6462] Started processing user request. Id = 5c646282-e84b-48a0-9e4e-9bbe66fb27ba. Size = 50.52 KB.
2018-11-13 00:03:30,622 50123  INFO  [5c6462] Doing some complicated stuff.. Random numbers are: 1773934888, 2045991931, 412742168.
2018-11-13 00:03:30,622 50123  INFO  [64549e] Finished processing user request with id = 64549ef7-ec5b-4c6c-9888-506f860eca7b in 00:00:00.0445881.
2018-11-13 00:03:30,634 50135  INFO  [5c6462] Here's some useful guids:
		e824c4c3-cd53-4d87-ad00-d4c48f16fdbb
		94516aa2-2cd7-4ca8-b048-6772eb253bf2
		a527e265-b294-4654-809c-75385bfdc313
2018-11-13 00:03:30,654 50155  INFO  [f6dbfe] Started processing user request. Id = f6dbfe88-de36-4b8b-98f9-5362ece5f103. Size = 77.59 KB.
2018-11-13 00:03:30,655 50156  INFO  [BackgroundDaemon] Processing data (21% completed)..
2018-11-13 00:03:30,657 50158  INFO  [5c6462] Finished processing user request with id = 5c646282-e84b-48a0-9e4e-9bbe66fb27ba in 00:00:00.0420917.
2018-11-13 00:03:30,670 50171  INFO  [da84f0] Started processing user request. Id = da84f048-5cd1-4d0f-9f61-435b398a873f. Size = 40.13 KB.
2018-11-13 00:03:30,671 50172  INFO  [f6dbfe] Doing some complicated stuff.. Random numbers are: 568673093, 144731545, 313831004.
2018-11-13 00:03:30,689 50191  INFO  [da84f0] Doing some complicated stuff.. Random numbers are: 2021323322, 186755238, 604441319.
2018-11-13 00:03:30,700 50202  INFO  [f6dbfe] Finished processing user request with id = f6dbfe88-de36-4b8b-98f9-5362ece5f103 in 00:00:00.0468403.
2018-11-13 00:03:30,732 50233  INFO  [7e0f21] Started processing user request. Id = 7e0f2146-c1d0-49da-8c08-a53d1cebfc89. Size = 78.08 KB.
2018-11-13 00:03:30,733 50234  INFO  [da84f0] Finished processing user request with id = da84f048-5cd1-4d0f-9f61-435b398a873f in 00:00:00.0629185.
2018-11-13 00:03:30,745 50246  INFO  [BackgroundDaemon] Processing data (98% completed)..
2018-11-13 00:03:30,745 50246  INFO  [BackgroundDaemon] Finished iteration in 00:00:00.2223435.
2018-11-13 00:03:30,746 50247  INFO  [8283cc] Started processing user request. Id = 8283cc81-2fa9-47d8-a5dd-fa2b917929a1. Size = 23.4 KB.
2018-11-13 00:03:30,749 50250  INFO  [8283cc] Doing some complicated stuff.. Random numbers are: 706894199, 2030656672, 1194783427.
2018-11-13 00:03:30,751 50252  INFO  [7e0f21] Doing some complicated stuff.. Random numbers are: 744531395, 828758917, 922088890.
2018-11-13 00:03:30,753 50254  INFO  [Metrics] Cpu: 0.08%; Memory: 19.79 GB/31.88 GB; Workers: 4/1024; IOCP: 0/1024
2018-11-13 00:03:30,768 50270  INFO  [512d88] Started processing user request. Id = 512d8895-3f92-44d7-8195-8fff2cb7c2a0. Size = 21.49 KB.
2018-11-13 00:03:30,773 50274  INFO  [512d88] Doing some complicated stuff.. Random numbers are: 371940514, 1265209024, 1160850836.
2018-11-13 00:03:30,780 50281  INFO  [512d88] Here's some useful guids:
		6a7c71d5-5326-4ddb-8916-840efeb43c1e
		5148b164-0dac-4c65-9c7b-998b0710c85c
		0216edef-c4be-452a-8f87-cb916aaea3e9
		c6ae37b7-cb20-4a30-b3ce-990ed431b4cb
2018-11-13 00:03:30,787 50288  INFO  [8283cc] Here's some useful guids:
		69719565-fccd-4aa7-8635-a7088232a4fd
2018-11-13 00:03:30,801 50302  INFO  [8283cc] Finished processing user request with id = 8283cc81-2fa9-47d8-a5dd-fa2b917929a1 in 00:00:00.0545190.
2018-11-13 00:03:30,802 50303  INFO  [7e0f21] Finished processing user request with id = 7e0f2146-c1d0-49da-8c08-a53d1cebfc89 in 00:00:00.0699415.
2018-11-13 00:03:30,809 50310  INFO  [512d88] Finished processing user request with id = 512d8895-3f92-44d7-8195-8fff2cb7c2a0 in 00:00:00.0401777.
2018-11-13 00:03:30,814 50315  INFO  [773e1f] Started processing user request. Id = 773e1f36-727e-43c3-8437-5ba456788d3c. Size = 4.51 KB.
2018-11-13 00:03:30,826 50327  INFO  [773e1f] Doing some complicated stuff.. Random numbers are: 962142936, 329000518, 322274656.
2018-11-13 00:03:30,833 50334  INFO  [f1a9f4] Started processing user request. Id = f1a9f4d1-43e0-40b8-aaad-0315c4c104d8. Size = 75.79 KB.
2018-11-13 00:03:30,842 50343  INFO  [f1a9f4] Doing some complicated stuff.. Random numbers are: 437110373, 683646022, 2046777564.
2018-11-13 00:03:30,848 50349  INFO  [f1a9f4] Here's some useful guids:
		771697f6-68cd-427d-be6e-f08483af337f
		a4b8435f-8d91-40c3-bf57-2314466c244e
		19a6afc1-4e10-4a0f-8f43-065f95060ecc
2018-11-13 00:03:30,854 50355  INFO  [773e1f] Here's some useful guids:
		e18aa963-6249-4b17-8a3f-ffcb0fe9983c
2018-11-13 00:03:30,858 50359  ERROR [773e1f] 
System.InvalidOperationException: Oh no! An error occurred!
2018-11-13 00:03:30,862 50363  INFO  [f1a9f4] Finished processing user request with id = f1a9f4d1-43e0-40b8-aaad-0315c4c104d8 in 00:00:00.0294169.
2018-11-13 00:03:30,871 50372  INFO  [c784a3] Started processing user request. Id = c784a37b-d25e-45bf-b5ee-abf25f6c7d88. Size = 15.26 KB.
2018-11-13 00:03:30,874 50375  INFO  [c784a3] Doing some complicated stuff.. Random numbers are: 831654692, 106527309, 1297542375.
2018-11-13 00:03:30,894 50395  INFO  [e00f6a] Started processing user request. Id = e00f6a3e-dcc0-4580-bb7a-127eb2fce5ee. Size = 5.89 KB.
2018-11-13 00:03:30,899 50400  INFO  [c784a3] Finished processing user request with id = c784a37b-d25e-45bf-b5ee-abf25f6c7d88 in 00:00:00.0275762.
2018-11-13 00:03:30,901 50402  INFO  [e00f6a] Doing some complicated stuff.. Random numbers are: 1705669898, 782336843, 1077783129.
2018-11-13 00:03:30,912 50413  INFO  [3d4e78] Started processing user request. Id = 3d4e788e-2a44-45b4-9ab6-89eb1fa8b2cb. Size = 33.96 KB.
2018-11-13 00:03:30,913 50414  INFO  [e00f6a] Finished processing user request with id = e00f6a3e-dcc0-4580-bb7a-127eb2fce5ee in 00:00:00.0191473.
2018-11-13 00:03:30,930 50431  INFO  [3d4e78] Doing some complicated stuff.. Random numbers are: 391626404, 372132199, 790838197.
2018-11-13 00:03:30,945 50446  INFO  [e54791] Started processing user request. Id = e547918d-26ae-4652-b7f9-c644970f9c65. Size = 53.89 KB.
2018-11-13 00:03:30,946 50447  INFO  [BackgroundDaemon] Starting iteration #15564.
2018-11-13 00:03:30,952 50453  INFO  [e54791] Doing some complicated stuff.. Random numbers are: 177241287, 1357218693, 252105298.
2018-11-13 00:03:30,956 50457  INFO  [3d4e78] Finished processing user request with id = 3d4e788e-2a44-45b4-9ab6-89eb1fa8b2cb in 00:00:00.0440571.
2018-11-13 00:03:30,969 50470  INFO  [0d48af] Started processing user request. Id = 0d48af5c-2a62-4fe1-be6a-2b8332e28fc1. Size = 26.47 KB.
2018-11-13 00:03:30,969 50470  INFO  [0d48af] Doing some complicated stuff.. Random numbers are: 1788295665, 429896125, 1878769148.
2018-11-13 00:03:30,976 50477  INFO  [62115d] Started processing user request. Id = 62115d9b-9914-4819-9028-57b3b0327aa8. Size = 19.95 KB.
2018-11-13 00:03:30,978 50479  INFO  [BackgroundDaemon] Processing data (17% completed)..
2018-11-13 00:03:30,984 50485  INFO  [62115d] Doing some complicated stuff.. Random numbers are: 417274198, 317380846, 292094922.
2018-11-13 00:03:31,006 50507  ERROR [0d48af] 
System.InvalidOperationException: Oh no! An error occurred!
2018-11-13 00:03:31,012 50513  INFO  [62115d] Finished processing user request with id = 62115d9b-9914-4819-9028-57b3b0327aa8 in 00:00:00.0362995.
2018-11-13 00:03:31,019 50520  INFO  [e54791] Finished processing user request with id = e547918d-26ae-4652-b7f9-c644970f9c65 in 00:00:00.0737599.
2018-11-13 00:03:31,020 50521  INFO  [915285] Started processing user request. Id = 91528502-7a80-49ad-9b34-2755d29fd07e. Size = 82.37 KB.
2018-11-13 00:03:31,035 50536  INFO  [915285] Doing some complicated stuff.. Random numbers are: 874351790, 1751071040, 733559944.
2018-11-13 00:03:31,044 50545  INFO  [BackgroundDaemon] Processing data (29% completed)..
2018-11-13 00:03:31,050 50551  INFO  [9913ba] Started processing user request. Id = 9913bad0-e7f0-4504-bcba-a68eed35c8c5. Size = 19.1 KB.
2018-11-13 00:03:31,055 50556  INFO  [9913ba] Doing some complicated stuff.. Random numbers are: 293022475, 245974215, 1097244560.
2018-11-13 00:03:31,064 50565  INFO  [BackgroundDaemon] Processing data (72% completed)..
2018-11-13 00:03:31,064 50565  INFO  [BackgroundDaemon] Finished iteration in 00:00:00.1179953.
2018-11-13 00:03:31,083 50584  INFO  [915285] Finished processing user request with id = 91528502-7a80-49ad-9b34-2755d29fd07e in 00:00:00.0631695.
2018-11-13 00:03:31,096 50597  INFO  [b69b5f] Started processing user request. Id = b69b5fe8-f052-436b-9fad-afd29e076e2a. Size = 70.63 KB.
2018-11-13 00:03:31,102 50603  INFO  [b69b5f] Doing some complicated stuff.. Random numbers are: 733114297, 553185854, 849690901.
2018-11-13 00:03:31,114 50615  INFO  [9913ba] Finished processing user request with id = 9913bad0-e7f0-4504-bcba-a68eed35c8c5 in 00:00:00.0640704.
2018-11-13 00:03:31,143 50644  INFO  [b69b5f] Finished processing user request with id = b69b5fe8-f052-436b-9fad-afd29e076e2a in 00:00:00.0468687.
2018-11-13 00:03:31,146 50647  INFO  [6652f8] Started processing user request. Id = 6652f831-1584-4bd0-963f-ccbe692d49bb. Size = 46.35 KB.
2018-11-13 00:03:31,156 50657  INFO  [1ec496] Started processing user request. Id = 1ec49646-8267-4978-a4c2-2a61e2ad36cd. Size = 84.75 KB.
2018-11-13 00:03:31,165 50666  INFO  [6652f8] Doing some complicated stuff.. Random numbers are: 196141348, 1595685335, 1278978825.
2018-11-13 00:03:31,165 50666  INFO  [1ec496] Doing some complicated stuff.. Random numbers are: 171304739, 1324338790, 1336250392.
2018-11-13 00:03:31,172 50673  INFO  [6652f8] Here's some useful guids:
		517af3fb-b8bc-4c6b-b0bb-28d53cc02862
2018-11-13 00:03:31,178 50679  INFO  [6652f8] Finished processing user request with id = 6652f831-1584-4bd0-963f-ccbe692d49bb in 00:00:00.0320787.
2018-11-13 00:03:31,180 50681  INFO  [c27e68] Started processing user request. Id = c27e68c8-6186-43f4-872d-5a3910f1d568. Size = 50.32 KB.
2018-11-13 00:03:31,185 50686  INFO  [1ec496] Here's some useful guids:
		bb84ac44-dce3-473a-b224-8cc42105cb45
		31012bde-a3a5-4147-bcb3-233a95d4b536
		2c0e6c22-4aae-4dcc-a8ea-51a1a43417dd
		a6c485bb-4ac8-400c-a012-be6a761d3131
2018-11-13 00:03:31,189 50690  INFO  [1ec496] Finished processing user request with id = 1ec49646-8267-4978-a4c2-2a61e2ad36cd in 00:00:00.0328887.
2018-11-13 00:03:31,199 50700  INFO  [c27e68] Doing some complicated stuff.. Random numbers are: 1445334118, 1460466279, 1296635392.
2018-11-13 00:03:31,203 50704  INFO  [c570da] Started processing user request. Id = c570da5d-9889-498d-9a41-21b38ddc606e. Size = 93.76 KB.
2018-11-13 00:03:31,208 50709  INFO  [c570da] Doing some complicated stuff.. Random numbers are: 303911515, 769919955, 1537756340.
2018-11-13 00:03:31,210 50711  INFO  [cf256b] Started processing user request. Id = cf256b91-c24b-40e8-af29-c60f6671b489. Size = 58.32 KB.
2018-11-13 00:03:31,227 50728  INFO  [cf256b] Doing some complicated stuff.. Random numbers are: 309898964, 1313299749, 1415599970.
2018-11-13 00:03:31,229 50730  INFO  [c27e68] Here's some useful guids:
		28c70245-56ad-4b45-9693-e061a89db720
2018-11-13 00:03:31,231 50732  INFO  [c27e68] Finished processing user request with id = c27e68c8-6186-43f4-872d-5a3910f1d568 in 00:00:00.0510241.
2018-11-13 00:03:31,239 50740  INFO  [c570da] Finished processing user request with id = c570da5d-9889-498d-9a41-21b38ddc606e in 00:00:00.0360572.
2018-11-13 00:03:31,253 50754  INFO  [1fff9f] Started processing user request. Id = 1fff9f89-e666-472d-9d9b-a672dc26d1e3. Size = 52.08 KB.
2018-11-13 00:03:31,253 50754  INFO  [Metrics] Cpu: 0.00%; Memory: 19.79 GB/31.88 GB; Workers: 4/1024; IOCP: 0/1024
2018-11-13 00:03:31,259 50760  INFO  [cf256b] Here's some useful guids:
		19a4947e-a36e-4135-aa9e-39b91256111f
		e763f763-28ef-463c-a63d-0edce1b38165
2018-11-13 00:03:31,264 50765  INFO  [1fff9f] Doing some complicated stuff.. Random numbers are: 1061280358, 378304158, 1444259365.
2018-11-13 00:03:31,265 50766  INFO  [BackgroundDaemon] Starting iteration #15565.
2018-11-13 00:03:31,280 50781  INFO  [cf256b] Finished processing user request with id = cf256b91-c24b-40e8-af29-c60f6671b489 in 00:00:00.0700706.
2018-11-13 00:03:31,298 50799  INFO  [BackgroundDaemon] Processing data (16% completed)..
2018-11-13 00:03:31,308 50809  INFO  [1fff9f] Finished processing user request with id = 1fff9f89-e666-472d-9d9b-a672dc26d1e3 in 00:00:00.0551061.
2018-11-13 00:03:31,312 50813  INFO  [882e33] Started processing user request. Id = 882e330e-3317-406e-878d-a267df5f8aa4. Size = 8.46 KB.
2018-11-13 00:03:31,320 50821  INFO  [882e33] Doing some complicated stuff.. Random numbers are: 576909699, 405051176, 1947920378.
2018-11-13 00:03:31,322 50823  INFO  [30e40c] Started processing user request. Id = 30e40c39-ebff-4293-9bc7-9f9e12bf626f. Size = 1.19 KB.
2018-11-13 00:03:31,334 50835  INFO  [882e33] Here's some useful guids:
		7990b093-03a1-42f8-aec5-8057cb908103
		2e15b786-8c94-4a76-a131-8225e2614f02
2018-11-13 00:03:31,335 50836  INFO  [30e40c] Doing some complicated stuff.. Random numbers are: 1908965302, 506054600, 1635132316.
2018-11-13 00:03:31,363 50864  INFO  [882e33] Finished processing user request with id = 882e330e-3317-406e-878d-a267df5f8aa4 in 00:00:00.0510607.
2018-11-13 00:03:31,368 50869  INFO  [BackgroundDaemon] Processing data (43% completed)..
2018-11-13 00:03:31,385 50886  INFO  [30e40c] Finished processing user request with id = 30e40c39-ebff-4293-9bc7-9f9e12bf626f in 00:00:00.0633264.
2018-11-13 00:03:31,394 50895  INFO  [c43b31] Started processing user request. Id = c43b3115-b9b3-43e0-97d0-975b3c92329f. Size = 7.06 KB.
2018-11-13 00:03:31,399 50900  INFO  [c9a8b1] Started processing user request. Id = c9a8b131-1ade-4736-a916-c5d08060c628. Size = 11.58 KB.
2018-11-13 00:03:31,399 50900  INFO  [8d5b48] Started processing user request. Id = 8d5b48f8-dbc4-4565-9867-e2800a955da4. Size = 21.84 KB.
2018-11-13 00:03:31,403 50904  INFO  [8d5b48] Doing some complicated stuff.. Random numbers are: 1960590321, 1639144391, 1286964209.
2018-11-13 00:03:31,406 50907  INFO  [c43b31] Doing some complicated stuff.. Random numbers are: 1084464858, 1656609128, 742068817.
2018-11-13 00:03:31,413 50914  INFO  [c9a8b1] Doing some complicated stuff.. Random numbers are: 1922932441, 648809642, 813238451.
2018-11-13 00:03:31,421 50922  INFO  [c9a8b1] Here's some useful guids:
		12ce2d4b-882d-4fdf-80d3-624a510e350d
2018-11-13 00:03:31,427 50928  INFO  [c9a8b1] Finished processing user request with id = c9a8b131-1ade-4736-a916-c5d08060c628 in 00:00:00.0280762.
2018-11-13 00:03:31,437 50938  INFO  [BackgroundDaemon] Processing data (51% completed)..
2018-11-13 00:03:31,437 50938  INFO  [c43b31] Finished processing user request with id = c43b3115-b9b3-43e0-97d0-975b3c92329f in 00:00:00.0429043.
2018-11-13 00:03:31,437 50938  INFO  [BackgroundDaemon] Finished iteration in 00:00:00.1720546.
2018-11-13 00:03:31,448 50949  INFO  [8d5b48] Finished processing user request with id = 8d5b48f8-dbc4-4565-9867-e2800a955da4 in 00:00:00.0491244.
2018-11-13 00:03:31,462 50963  INFO  [f153a1] Started processing user request. Id = f153a1b7-e752-4545-ac43-5f2ae31888b3. Size = 56.74 KB.
2018-11-13 00:03:31,468 50969  INFO  [c69039] Started processing user request. Id = c690390c-32dc-437e-b1de-f9e5d12fad79. Size = 91.07 KB.
2018-11-13 00:03:31,473 50974  INFO  [c69039] Doing some complicated stuff.. Random numbers are: 2134202061, 1578392390, 1466957802.
2018-11-13 00:03:31,481 50982  INFO  [f153a1] Doing some complicated stuff.. Random numbers are: 1342841604, 1975008895, 1502465933.
2018-11-13 00:03:31,491 50992  INFO  [c69039] Finished processing user request with id = c690390c-32dc-437e-b1de-f9e5d12fad79 in 00:00:00.0229927.
2018-11-13 00:03:31,494 50995  INFO  [f153a1] Here's some useful guids:
		8329cccd-95c1-4eeb-ae4b-d73f20d3c90c
		83ff8214-55af-4812-8e41-d6d5d47c6b63
		0baa2c01-5710-43e6-b67c-4c5ec8139000
2018-11-13 00:03:31,518 51019  INFO  [f153a1] Finished processing user request with id = f153a1b7-e752-4545-ac43-5f2ae31888b3 in 00:00:00.0561110.
2018-11-13 00:03:31,522 51023  INFO  [db175f] Started processing user request. Id = db175f25-a05e-47b9-9a03-89d082fad494. Size = 46.84 KB.
2018-11-13 00:03:31,528 51029  INFO  [db175f] Doing some complicated stuff.. Random numbers are: 856237031, 765570415, 199309064.
2018-11-13 00:03:31,532 51033  INFO  [e6dd48] Started processing user request. Id = e6dd4835-3c99-428b-b151-8d583c0ecccd. Size = 24.65 KB.
2018-11-13 00:03:31,536 51037  INFO  [db175f] Here's some useful guids:
		c8289aa3-2984-45ef-825a-e7aea228a2fc
2018-11-13 00:03:31,541 51042  INFO  [e6dd48] Doing some complicated stuff.. Random numbers are: 435778456, 1748111690, 1262970027.
2018-11-13 00:03:31,556 51057  ERROR [db175f] 
System.InvalidOperationException: Oh no! An error occurred!
2018-11-13 00:03:31,587 51089  INFO  [f62d09] Started processing user request. Id = f62d0967-25d9-4a95-9a64-08c6745fe09e. Size = 82.05 KB.
2018-11-13 00:03:31,592 51094  INFO  [f62d09] Doing some complicated stuff.. Random numbers are: 2083674511, 45124198, 382553315.
2018-11-13 00:03:31,594 51096  INFO  [78fb05] Started processing user request. Id = 78fb052d-587e-446b-be00-4d2c13c0b2db. Size = 63.9 KB.
2018-11-13 00:03:31,595 51097  INFO  [e6dd48] Finished processing user request with id = e6dd4835-3c99-428b-b151-8d583c0ecccd in 00:00:00.0632772.
2018-11-13 00:03:31,605 51107  INFO  [78fb05] Doing some complicated stuff.. Random numbers are: 1784965354, 676784286, 909910390.
2018-11-13 00:03:31,608 51110  INFO  [f62d09] Finished processing user request with id = f62d0967-25d9-4a95-9a64-08c6745fe09e in 00:00:00.0210482.
2018-11-13 00:03:31,609 51111  INFO  [d4b834] Started processing user request. Id = d4b8341a-7abc-4c2b-850f-f10ebd780036. Size = 70.63 KB.
2018-11-13 00:03:31,619 51121  INFO  [d4b834] Doing some complicated stuff.. Random numbers are: 426203922, 1140283514, 548117822.
2018-11-13 00:03:31,638 51139  INFO  [BackgroundDaemon] Starting iteration #15566.
2018-11-13 00:03:31,638 51139  INFO  [d4b834] Here's some useful guids:
		ed5b32fa-a648-4d7d-abdc-4df91bf50541
		8f184a71-33ee-4d70-abac-4db8c12891c2
		9ce5005b-2061-40cb-8fb0-8b556271ce24
2018-11-13 00:03:31,640 51141  INFO  [a270bb] Started processing user request. Id = a270bb21-50e3-4fd3-949d-dfcffac97d20. Size = 36.6 KB.
2018-11-13 00:03:31,645 51146  INFO  [a270bb] Doing some complicated stuff.. Random numbers are: 1058819191, 408824896, 657463775.
2018-11-13 00:03:31,646 51147  INFO  [78fb05] Finished processing user request with id = 78fb052d-587e-446b-be00-4d2c13c0b2db in 00:00:00.0514208.
2018-11-13 00:03:31,662 51163  INFO  [d4b834] Finished processing user request with id = d4b8341a-7abc-4c2b-850f-f10ebd780036 in 00:00:00.0524375.
2018-11-13 00:03:31,676 51177  INFO  [ba29a8] Started processing user request. Id = ba29a80b-4351-42cb-a6f4-7735bcaf9438. Size = 89.58 KB.
2018-11-13 00:03:31,687 51188  INFO  [a270bb] Finished processing user request with id = a270bb21-50e3-4fd3-949d-dfcffac97d20 in 00:00:00.0473746.
2018-11-13 00:03:31,689 51190  INFO  [BackgroundDaemon] Processing data (15% completed)..
2018-11-13 00:03:31,695 51196  INFO  [ba29a8] Doing some complicated stuff.. Random numbers are: 651698531, 2001726096, 1142194456.
2018-11-13 00:03:31,719 51220  INFO  [ba29a8] Finished processing user request with id = ba29a80b-4351-42cb-a6f4-7735bcaf9438 in 00:00:00.0426234.
2018-11-13 00:03:31,719 51220  INFO  [619b6b] Started processing user request. Id = 619b6b6b-aa9e-4d71-a34b-1e1d7b7b9316. Size = 63.17 KB.
2018-11-13 00:03:31,731 51232  INFO  [619b6b] Doing some complicated stuff.. Random numbers are: 1713722988, 718575518, 656237760.
2018-11-13 00:03:31,733 51234  INFO  [dab8ab] Started processing user request. Id = dab8ab46-ef73-4d6a-821c-7cd4726cad62. Size = 90.93 KB.
2018-11-13 00:03:31,745 51246  INFO  [dab8ab] Doing some complicated stuff.. Random numbers are: 32268761, 383589856, 327243375.
2018-11-13 00:03:31,747 51248  INFO  [BackgroundDaemon] Processing data (30% completed)..
2018-11-13 00:03:31,753 51254  INFO  [Metrics] Cpu: 0.00%; Memory: 19.78 GB/31.88 GB; Workers: 4/1024; IOCP: 0/1024
2018-11-13 00:03:31,764 51265  INFO  [dab8ab] Here's some useful guids:
		16a0225a-6f69-4e86-8832-b5f36864d0de
		9e266d94-116b-4e16-8417-222e0df93a2c
		5e41b9a5-88f1-472a-ae75-a178184d1646
2018-11-13 00:03:31,764 51265  INFO  [dab8ab] Finished processing user request with id = dab8ab46-ef73-4d6a-821c-7cd4726cad62 in 00:00:00.0310345.
2018-11-13 00:03:31,772 51273  INFO  [619b6b] Finished processing user request with id = 619b6b6b-aa9e-4d71-a34b-1e1d7b7b9316 in 00:00:00.0531123.
2018-11-13 00:03:31,777 51278  INFO  [96913f] Started processing user request. Id = 96913f1f-119f-4239-a333-5ed663c0d794. Size = 31.88 KB.
2018-11-13 00:03:31,792 51293  INFO  [96913f] Doing some complicated stuff.. Random numbers are: 1866334081, 227687837, 1368348515.
2018-11-13 00:03:31,792 51293  INFO  [96913f] Here's some useful guids:
		70977879-617b-4fae-822b-03452c51139d
		d2fe4421-abdc-4bff-aabb-3ac256ef6a52
2018-11-13 00:03:31,803 51304  INFO  [bca9bf] Started processing user request. Id = bca9bf18-eefd-4484-8094-9122f1f90fad. Size = 70.22 KB.
2018-11-13 00:03:31,804 51305  INFO  [96913f] Finished processing user request with id = 96913f1f-119f-4239-a333-5ed663c0d794 in 00:00:00.0271304.
2018-11-13 00:03:31,813 51314  INFO  [bca9bf] Doing some complicated stuff.. Random numbers are: 701269241, 831879731, 540936306.
2018-11-13 00:03:31,814 51315  INFO  [a52c98] Started processing user request. Id = a52c98b6-eceb-4b3c-85f0-12110f8cc441. Size = 5.03 KB.
2018-11-13 00:03:31,818 51319  INFO  [0d39a4] Started processing user request. Id = 0d39a40e-34ae-4f54-ae6f-3d091e7ec921. Size = 45.43 KB.
2018-11-13 00:03:31,821 51322  INFO  [BackgroundDaemon] Processing data (96% completed)..
2018-11-13 00:03:31,821 51322  INFO  [BackgroundDaemon] Finished iteration in 00:00:00.1830661.
2018-11-13 00:03:31,823 51324  INFO  [0d39a4] Doing some complicated stuff.. Random numbers are: 1855026395, 836836827, 1751108832.
2018-11-13 00:03:31,823 51324  INFO  [a52c98] Doing some complicated stuff.. Random numbers are: 1133131943, 585372683, 599517090.
2018-11-13 00:03:31,858 51359  INFO  [0d39a4] Here's some useful guids:
		6d63050a-43a4-4fa6-a527-6e2528f91fab
		14cc8738-0e41-49da-97b1-3eba7769d138
		f6b5fc92-5faa-40ca-9cec-a46a06ab3b35
		66583ea0-c871-4e74-9661-263621bcb92f
		9db29459-bb21-4aff-9761-176c1e8b583f
2018-11-13 00:03:31,862 51363  INFO  [bca9bf] Finished processing user request with id = bca9bf18-eefd-4484-8094-9122f1f90fad in 00:00:00.0591591.
2018-11-13 00:03:31,864 51365  INFO  [a52c98] Finished processing user request with id = a52c98b6-eceb-4b3c-85f0-12110f8cc441 in 00:00:00.0504557.
2018-11-13 00:03:31,873 51374  INFO  [0d39a4] Finished processing user request with id = 0d39a40e-34ae-4f54-ae6f-3d091e7ec921 in 00:00:00.0551293.
2018-11-13 00:03:31,886 51387  INFO  [c5a34c] Started processing user request. Id = c5a34c00-2f82-4555-a9ff-98e0be4c1037. Size = 57.31 KB.
2018-11-13 00:03:31,893 51394  INFO  [7fbd25] Started processing user request. Id = 7fbd2518-0168-47da-adf4-efba35927f69. Size = 93.99 KB.
2018-11-13 00:03:31,898 51399  INFO  [7fbd25] Doing some complicated stuff.. Random numbers are: 1751648746, 760586013, 1618589792.
2018-11-13 00:03:31,898 51399  INFO  [c5a34c] Doing some complicated stuff.. Random numbers are: 1143142293, 1369673416, 1184459134.
2018-11-13 00:03:31,913 51414  INFO  [7fbd25] Here's some useful guids:
		e8f56982-9be9-41b4-a912-dea8a7a22168
		b565fc84-d973-455e-a473-66c7e1c1ffbc
		6cc36986-2513-473a-9676-01be32f7275d
		743e2a4b-9c3f-4fa6-b1cb-a92549cdbe7f
2018-11-13 00:03:31,925 51426  ERROR [7fbd25] 
System.InvalidOperationException: Oh no! An error occurred!
2018-11-13 00:03:31,934 51435  INFO  [c5a34c] Finished processing user request with id = c5a34c00-2f82-4555-a9ff-98e0be4c1037 in 00:00:00.0481511.
2018-11-13 00:03:31,948 51449  INFO  [6262f7] Started processing user request. Id = 6262f7b5-2974-4b50-ae73-91e2f06952e0. Size = 7.14 KB.
2018-11-13 00:03:31,948 51449  INFO  [6262f7] Doing some complicated stuff.. Random numbers are: 2110925171, 974519769, 216066263.
2018-11-13 00:03:31,956 51457  INFO  [09d25c] Started processing user request. Id = 09d25cf0-4037-4aa7-9f43-9e8afa025ab3. Size = 10.27 KB.
2018-11-13 00:03:31,958 51459  INFO  [09d25c] Doing some complicated stuff.. Random numbers are: 1653759849, 710802706, 1260518528.
2018-11-13 00:03:31,970 51471  INFO  [09d25c] Here's some useful guids:
		45768622-4d21-4150-94c5-741e5c0a5a20
2018-11-13 00:03:31,971 51472  INFO  [6262f7] Finished processing user request with id = 6262f7b5-2974-4b50-ae73-91e2f06952e0 in 00:00:00.0230138.
2018-11-13 00:03:31,974 51475  INFO  [09d25c] Finished processing user request with id = 09d25cf0-4037-4aa7-9f43-9e8afa025ab3 in 00:00:00.0180811.
2018-11-13 00:03:31,985 51486  INFO  [05e807] Started processing user request. Id = 05e807a1-cd1d-4161-8735-6ff65647360a. Size = 65.39 KB.
2018-11-13 00:03:32,004 51505  INFO  [05e807] Doing some complicated stuff.. Random numbers are: 277915425, 1826394530, 1277664733.
2018-11-13 00:03:32,006 51507  INFO  [649328] Started processing user request. Id = 6493288c-894a-4b4c-8cdf-5b4137fefe9c. Size = 91.67 KB.
2018-11-13 00:03:32,015 51516  INFO  [649328] Doing some complicated stuff.. Random numbers are: 245381420, 1133169596, 2052183966.
2018-11-13 00:03:32,021 51522  INFO  [BackgroundDaemon] Starting iteration #15567.
2018-11-13 00:03:32,023 51524  ERROR [649328] 
System.InvalidOperationException: Oh no! An error occurred!
2018-11-13 00:03:32,029 51530  INFO  [05e807] Finished processing user request with id = 05e807a1-cd1d-4161-8735-6ff65647360a in 00:00:00.0440682.
2018-11-13 00:03:32,032 51533  INFO  [86fd11] Started processing user request. Id = 86fd118d-ef21-4992-bf10-656abfabd8e6. Size = 55.88 KB.
2018-11-13 00:03:32,042 51543  INFO  [877f87] Started processing user request. Id = 877f8735-78ac-4c62-9745-d2d223d4a658. Size = 61.37 KB.
2018-11-13 00:03:32,050 51551  INFO  [877f87] Doing some complicated stuff.. Random numbers are: 589386314, 2145308284, 562683037.
2018-11-13 00:03:32,050 51551  INFO  [86fd11] Doing some complicated stuff.. Random numbers are: 701972583, 373933596, 806135609.
2018-11-13 00:03:32,054 51555  INFO  [e5434b] Started processing user request. Id = e5434b2d-5093-4e3b-81a7-d55646a52be5. Size = 1.38 KB.
2018-11-13 00:03:32,073 51574  INFO  [e5434b] Doing some complicated stuff.. Random numbers are: 996215599, 721684978, 100188863.
2018-11-13 00:03:32,085 51586  INFO  [BackgroundDaemon] Processing data (5% completed)..
2018-11-13 00:03:32,089 51590  INFO  [877f87] Here's some useful guids:
		1c3f2e38-6728-4f64-9874-cc0608bc69c0
		325f4a5b-f230-4cbc-ab5a-0b731095111d
		13100dca-7469-43a1-952c-3204f5788bb6
		bc4a0046-fecd-49f4-8431-7b58baacaa71
2018-11-13 00:03:32,105 51607  INFO  [e5434b] Here's some useful guids:
		0984766e-75ab-48b9-84d7-f29aa6a988f2
		859bd27b-8cb7-466e-bea3-cbe134af7e32
2018-11-13 00:03:32,109 51611  INFO  [86fd11] Finished processing user request with id = 86fd118d-ef21-4992-bf10-656abfabd8e6 in 00:00:00.0775871.
2018-11-13 00:03:32,110 51611  INFO  [877f87] Finished processing user request with id = 877f8735-78ac-4c62-9745-d2d223d4a658 in 00:00:00.0680155.
2018-11-13 00:03:32,114 51615  INFO  [e5434b] Finished processing user request with id = e5434b2d-5093-4e3b-81a7-d55646a52be5 in 00:00:00.0599808.
2018-11-13 00:03:32,124 51625  INFO  [a2b479] Started processing user request. Id = a2b47985-35e6-4807-99b4-cbbd7b1d1aad. Size = 22.7 KB.
2018-11-13 00:03:32,135 51636  INFO  [a2b479] Doing some complicated stuff.. Random numbers are: 2085793816, 678820104, 218298393.
2018-11-13 00:03:32,145 51646  INFO  [b8d57a] Started processing user request. Id = b8d57ac0-26e2-4b4b-a2df-1f685769eea7. Size = 41.21 KB.
2018-11-13 00:03:32,146 51647  INFO  [BackgroundDaemon] Processing data (22% completed)..
2018-11-13 00:03:32,147 51648  INFO  [b8d57a] Doing some complicated stuff.. Random numbers are: 1348911692, 327673315, 1981139464.
2018-11-13 00:03:32,149 51650  INFO  [a2b479] Here's some useful guids:
		d52cc7fe-da74-48a2-98eb-1808954d94b7
		5aafddb7-2d08-4078-a685-f42276b412c0
2018-11-13 00:03:32,163 51664  INFO  [a2b479] Finished processing user request with id = a2b47985-35e6-4807-99b4-cbbd7b1d1aad in 00:00:00.0393135.
2018-11-13 00:03:32,168 51669  INFO  [b8d57a] Here's some useful guids:
		8e1c4b8a-3d97-486a-802d-412ecb2c67c4
		b2d633ab-cfe7-4c50-a2a8-cf9b2afd7ca1
		b78a7e4a-cc55-4d2e-a780-8ab8a26e86dc
		a2370e0b-84bb-4c8e-a007-d27f9102d9de
		89b243d5-d1d0-4002-b57c-9928598e3917
2018-11-13 00:03:32,172 51673  INFO  [b8d57a] Finished processing user request with id = b8d57ac0-26e2-4b4b-a2df-1f685769eea7 in 00:00:00.0273771.
2018-11-13 00:03:32,173 51674  INFO  [BackgroundDaemon] Processing data (52% completed)..
2018-11-13 00:03:32,173 51674  INFO  [BackgroundDaemon] Finished iteration in 00:00:00.1526260.
2018-11-13 00:03:32,177 51678  INFO  [36e718] Started processing user request. Id = 36e71890-d1d3-417e-80f2-fb92b1499639. Size = 74.9 KB.
2018-11-13 00:03:32,194 51695  INFO  [36e718] Doing some complicated stuff.. Random numbers are: 1786222279, 1791583985, 1406756133.
2018-11-13 00:03:32,204 51705  INFO  [e23fa7] Started processing user request. Id = e23fa703-1bf9-427f-a690-7bd813274aed. Size = 9.39 KB.
2018-11-13 00:03:32,221 51722  INFO  [e23fa7] Doing some complicated stuff.. Random numbers are: 943043882, 1335242113, 1006589358.
2018-11-13 00:03:32,222 51723  INFO  [36e718] Finished processing user request with id = 36e71890-d1d3-417e-80f2-fb92b1499639 in 00:00:00.0448685.
2018-11-13 00:03:32,235 51736  INFO  [76719b] Started processing user request. Id = 76719b4d-624c-40aa-816f-6ec6376eeb89. Size = 817 B.
2018-11-13 00:03:32,244 51745  INFO  [76719b] Doing some complicated stuff.. Random numbers are: 17729927, 1828119669, 2061878681.
2018-11-13 00:03:32,248 51749  INFO  [e23fa7] Finished processing user request with id = e23fa703-1bf9-427f-a690-7bd813274aed in 00:00:00.0440389.
2018-11-13 00:03:32,252 51753  INFO  [Metrics] Cpu: 3.99%; Memory: 19.79 GB/31.88 GB; Workers: 4/1024; IOCP: 0/1024
2018-11-13 00:03:32,271 51772  INFO  [76719b] Finished processing user request with id = 76719b4d-624c-40aa-816f-6ec6376eeb89 in 00:00:00.0362607.
2018-11-13 00:03:32,277 51778  INFO  [ba9d38] Started processing user request. Id = ba9d3863-e451-41e8-9649-178a7dd19032. Size = 8.93 KB.
2018-11-13 00:03:32,279 51780  INFO  [8b4d8a] Started processing user request. Id = 8b4d8abc-71b5-4f69-8c18-8c07d23ec864. Size = 39.12 KB.
2018-11-13 00:03:32,285 51786  INFO  [b71366] Started processing user request. Id = b71366ee-4812-4706-8417-f15066a82cc7. Size = 76.9 KB.
2018-11-13 00:03:32,290 51791  INFO  [8b4d8a] Doing some complicated stuff.. Random numbers are: 1835027239, 471079991, 1485915963.
2018-11-13 00:03:32,293 51794  INFO  [ba9d38] Doing some complicated stuff.. Random numbers are: 2005373470, 1963571957, 517872467.
2018-11-13 00:03:32,305 51806  INFO  [b71366] Doing some complicated stuff.. Random numbers are: 225898574, 707843067, 1684333944.
2018-11-13 00:03:32,305 51806  INFO  [8b4d8a] Here's some useful guids:
		8562fd9c-3816-4c53-acf7-3dc7e4a075e4
		52a39b52-5998-4aee-b82f-6e7f318aa86e
		ab2b2bb3-5f68-45d7-99e6-bcf3a00fe4ae
		10d6349b-15b6-41d5-8b23-c4ec211e95bb
2018-11-13 00:03:32,327 51828  INFO  [8b4d8a] Finished processing user request with id = 8b4d8abc-71b5-4f69-8c18-8c07d23ec864 in 00:00:00.0475274.
2018-11-13 00:03:32,341 51842  INFO  [b71366] Finished processing user request with id = b71366ee-4812-4706-8417-f15066a82cc7 in 00:00:00.0555509.
2018-11-13 00:03:32,351 51852  ERROR [ba9d38] 
System.InvalidOperationException: Oh no! An error occurred!
2018-11-13 00:03:32,354 51855  INFO  [24ec80] Started processing user request. Id = 24ec80b5-88ba-4191-8b3e-497ca72c0586. Size = 58.42 KB.
2018-11-13 00:03:32,354 51855  INFO  [24ec80] Doing some complicated stuff.. Random numbers are: 1110101305, 596355293, 1616297416.
2018-11-13 00:03:32,358 51859  INFO  [f7697a] Started processing user request. Id = f7697a35-3a29-48bd-a111-a1eeb0413c8f. Size = 51.71 KB.
2018-11-13 00:03:32,363 51864  INFO  [f7697a] Doing some complicated stuff.. Random numbers are: 32321174, 344876737, 513046748.
2018-11-13 00:03:32,374 51875  INFO  [BackgroundDaemon] Starting iteration #15568.
2018-11-13 00:03:32,389 51890  INFO  [24ec80] Finished processing user request with id = 24ec80b5-88ba-4191-8b3e-497ca72c0586 in 00:00:00.0345576.
2018-11-13 00:03:32,391 51892  INFO  [f7697a] Here's some useful guids:
		6b851cfb-022c-414a-8430-8156f0aac393
		61d0bb9e-7356-4901-9e7c-757dc68288ee
2018-11-13 00:03:32,400 51901  INFO  [f7697a] Finished processing user request with id = f7697a35-3a29-48bd-a111-a1eeb0413c8f in 00:00:00.0414706.
2018-11-13 00:03:32,402 51903  INFO  [4e6348] Started processing user request. Id = 4e6348a9-1123-42dd-b5af-2f38493a4068. Size = 52.16 KB.
2018-11-13 00:03:32,410 51911  INFO  [4e6348] Doing some complicated stuff.. Random numbers are: 738552151, 2105888225, 934197500.
2018-11-13 00:03:32,411 51912  INFO  [BackgroundDaemon] Processing data (18% completed)..
2018-11-13 00:03:32,432 51933  INFO  [8dc003] Started processing user request. Id = 8dc003fa-076d-4de0-a613-687c146180f3. Size = 96.36 KB.
2018-11-13 00:03:32,443 51944  INFO  [4e6348] Here's some useful guids:
		34a72c7a-f61e-4169-a5c7-e4decbb61e3f
		9f5b7007-0026-4aa2-a867-1b0a8a201f97
		d2a941d7-bcc4-41a5-b205-092f8520e1b9
		d4e9389a-5f25-4030-b7ed-baa5cf1b5284
2018-11-13 00:03:32,444 51945  INFO  [8dc003] Doing some complicated stuff.. Random numbers are: 576700936, 785227632, 587747101.
2018-11-13 00:03:32,444 51945  INFO  [BackgroundDaemon] Processing data (29% completed)..
2018-11-13 00:03:32,466 51967  INFO  [4e6348] Finished processing user request with id = 4e6348a9-1123-42dd-b5af-2f38493a4068 in 00:00:00.0644291.
2018-11-13 00:03:32,479 51981  INFO  [efe9a9] Started processing user request. Id = efe9a9db-75ad-42db-8de8-0747f054a470. Size = 69.01 KB.
2018-11-13 00:03:32,479 51981  INFO  [efe9a9] Doing some complicated stuff.. Random numbers are: 508529836, 352282426, 1206718992.
2018-11-13 00:03:32,479 51981  INFO  [8dc003] Here's some useful guids:
		23b2f5fd-381f-450e-87cf-8aedeac6ae76
		deb0b80d-6227-40d3-b072-7b067a5d827f
		f9575667-1650-405a-be83-b5e7f78fdc28
2018-11-13 00:03:32,504 52006  INFO  [efe9a9] Finished processing user request with id = efe9a9db-75ad-42db-8de8-0747f054a470 in 00:00:00.0251149.
2018-11-13 00:03:32,505 52007  INFO  [8dc003] Finished processing user request with id = 8dc003fa-076d-4de0-a613-687c146180f3 in 00:00:00.0739919.
2018-11-13 00:03:32,519 52020  INFO  [a71043] Started processing user request. Id = a7104356-790e-4326-bf41-b47a0e8d1a2a. Size = 8.79 KB.
2018-11-13 00:03:32,519 52020  INFO  [c65dec] Started processing user request. Id = c65dec3f-4c34-4510-9406-f5b7a3e8eb00. Size = 42.55 KB.
2018-11-13 00:03:32,521 52022  INFO  [c65dec] Doing some complicated stuff.. Random numbers are: 213740508, 47004280, 870619720.
2018-11-13 00:03:32,526 52027  INFO  [a71043] Doing some complicated stuff.. Random numbers are: 550555889, 16004874, 1678011755.
2018-11-13 00:03:32,526 52027  INFO  [BackgroundDaemon] Processing data (94% completed)..
2018-11-13 00:03:32,526 52027  INFO  [BackgroundDaemon] Finished iteration in 00:00:00.1515700.
2018-11-13 00:03:32,537 52038  INFO  [d0432f] Started processing user request. Id = d0432f8b-0ed4-40da-bee4-599762630843. Size = 43.28 KB.
2018-11-13 00:03:32,543 52044  INFO  [d0432f] Doing some complicated stuff.. Random numbers are: 630899422, 2123126059, 1913174657.
2018-11-13 00:03:32,552 52053  INFO  [a71043] Here's some useful guids:
		f7284b81-ec58-4f31-8083-e9401da73b04
2018-11-13 00:03:32,560 52061  INFO  [c65dec] Finished processing user request with id = c65dec3f-4c34-4510-9406-f5b7a3e8eb00 in 00:00:00.0411169.
2018-11-13 00:03:32,562 52063  INFO  [a71043] Finished processing user request with id = a7104356-790e-4326-bf41-b47a0e8d1a2a in 00:00:00.0434412.
2018-11-13 00:03:32,573 52074  INFO  [55daad] Started processing user request. Id = 55daad81-6b69-464b-97fe-f89c8766d0fc. Size = 71.69 KB.
2018-11-13 00:03:32,580 52081  ERROR [d0432f] 
System.InvalidOperationException: Oh no! An error occurred!
2018-11-13 00:03:32,587 52088  INFO  [55daad] Doing some complicated stuff.. Random numbers are: 1843809078, 1983001404, 37711854.
2018-11-13 00:03:32,600 52101  INFO  [55daad] Here's some useful guids:
		4d63ee89-c6aa-4e16-b1e9-43af7ace9a2f
		74b73f29-e70e-4b01-b934-b40822d88712
2018-11-13 00:03:32,611 52113  INFO  [37bcb3] Started processing user request. Id = 37bcb3c6-f6bc-416a-a67e-50928c38a74a. Size = 76.93 KB.
2018-11-13 00:03:32,621 52122  INFO  [55daad] Finished processing user request with id = 55daad81-6b69-464b-97fe-f89c8766d0fc in 00:00:00.0482690.
2018-11-13 00:03:32,631 52132  INFO  [37bcb3] Doing some complicated stuff.. Random numbers are: 1943833057, 1237244524, 476608097.
2018-11-13 00:03:32,635 52136  INFO  [463f33] Started processing user request. Id = 463f332d-ab73-46bd-bf2d-bfbaff82cbc5. Size = 53.9 KB.
2018-11-13 00:03:32,641 52142  INFO  [463f33] Doing some complicated stuff.. Random numbers are: 627172376, 151849016, 2010004394.
2018-11-13 00:03:32,659 52160  INFO  [37bcb3] Finished processing user request with id = 37bcb3c6-f6bc-416a-a67e-50928c38a74a in 00:00:00.0472687.
2018-11-13 00:03:32,685 52186  INFO  [463f33] Finished processing user request with id = 463f332d-ab73-46bd-bf2d-bfbaff82cbc5 in 00:00:00.0498795.
2018-11-13 00:03:32,691 52192  INFO  [2d2a90] Started processing user request. Id = 2d2a909a-a2b5-4fbd-bdf7-631a6543795b. Size = 19.65 KB.
2018-11-13 00:03:32,698 52199  INFO  [d4c165] Started processing user request. Id = d4c1650a-118f-40b5-9b19-5a9c5c3e36ac. Size = 84.77 KB.
2018-11-13 00:03:32,709 52210  INFO  [2d2a90] Doing some complicated stuff.. Random numbers are: 148913985, 643725887, 516593529.
2018-11-13 00:03:32,717 52218  INFO  [d4c165] Doing some complicated stuff.. Random numbers are: 73558844, 454503217, 1404490392.
2018-11-13 00:03:32,727 52228  INFO  [BackgroundDaemon] Starting iteration #15569.
2018-11-13 00:03:32,730 52231  INFO  [d2ca99] Started processing user request. Id = d2ca9986-d239-4e35-89c3-9395b6f47153. Size = 40.09 KB.
2018-11-13 00:03:32,743 52244  INFO  [d2ca99] Doing some complicated stuff.. Random numbers are: 1429313002, 915318512, 1434665890.
2018-11-13 00:03:32,745 52246  INFO  [2d2a90] Here's some useful guids:
		b233a963-c46f-466f-8eff-bae490c08b58
		c2b0e4e2-7959-4dae-a6cc-4f07aabbbb76
		fc67a261-335e-4d71-84e6-3fe85709d7f9
		3569f68c-46ff-4bb5-ad9c-531a5f17ecff
2018-11-13 00:03:32,748 52249  INFO  [d4c165] Finished processing user request with id = d4c1650a-118f-40b5-9b19-5a9c5c3e36ac in 00:00:00.0500041.
2018-11-13 00:03:32,751 52252  INFO  [Metrics] Cpu: 3.99%; Memory: 19.79 GB/31.88 GB; Workers: 4/1024; IOCP: 0/1024
2018-11-13 00:03:32,754 52255  INFO  [2d2a90] Finished processing user request with id = 2d2a909a-a2b5-4fbd-bdf7-631a6543795b in 00:00:00.0630751.
2018-11-13 00:03:32,762 52263  INFO  [bd6a12] Started processing user request. Id = bd6a12ff-cf6f-405b-bf78-f181912f1494. Size = 41.05 KB.
2018-11-13 00:03:32,779 52280  INFO  [d2ca99] Finished processing user request with id = d2ca9986-d239-4e35-89c3-9395b6f47153 in 00:00:00.0489874.
2018-11-13 00:03:32,780 52281  INFO  [bd6a12] Doing some complicated stuff.. Random numbers are: 846649613, 1001974757, 629417430.
2018-11-13 00:03:32,785 52286  INFO  [0317e2] Started processing user request. Id = 0317e289-a41d-41e5-9913-9f4dec253798. Size = 92.81 KB.
2018-11-13 00:03:32,802 52303  INFO  [0317e2] Doing some complicated stuff.. Random numbers are: 336086019, 981365225, 1714919516.
2018-11-13 00:03:32,816 52317  INFO  [bd6a12] Finished processing user request with id = bd6a12ff-cf6f-405b-bf78-f181912f1494 in 00:00:00.0540304.
2018-11-13 00:03:32,817 52318  INFO  [BackgroundDaemon] Processing data (11% completed)..
2018-11-13 00:03:32,830 52331  INFO  [0632c8] Started processing user request. Id = 0632c8a5-9d4b-4379-b012-a886b751a508. Size = 76.53 KB.
2018-11-13 00:03:32,838 52339  INFO  [0317e2] Here's some useful guids:
		f52cec3a-ffea-45f2-8ff8-665309bfdef4
		c7cabf81-8575-47a3-8f58-c17f5624d278
2018-11-13 00:03:32,849 52350  INFO  [0632c8] Doing some complicated stuff.. Random numbers are: 1931130687, 1627492498, 494947088.
2018-11-13 00:03:32,855 52356  INFO  [BackgroundDaemon] Processing data (28% completed)..
2018-11-13 00:03:32,865 52366  INFO  [0317e2] Finished processing user request with id = 0317e289-a41d-41e5-9913-9f4dec253798 in 00:00:00.0798551.
2018-11-13 00:03:32,896 52397  INFO  [74a40a] Started processing user request. Id = 74a40ad4-7965-441d-937d-a6a3127cf84f. Size = 26.47 KB.
2018-11-13 00:03:32,897 52398  INFO  [0632c8] Finished processing user request with id = 0632c8a5-9d4b-4379-b012-a886b751a508 in 00:00:00.0672935.
2018-11-13 00:03:32,911 52412  INFO  [c12af4] Started processing user request. Id = c12af4db-f9b4-4074-8e7a-b08992953ba6. Size = 13.89 KB.
2018-11-13 00:03:32,911 52412  INFO  [c12af4] Doing some complicated stuff.. Random numbers are: 351219761, 928838960, 1844559635.
2018-11-13 00:03:32,915 52416  INFO  [74a40a] Doing some complicated stuff.. Random numbers are: 256303822, 1109757651, 793979980.
2018-11-13 00:03:32,935 52436  INFO  [74a40a] Here's some useful guids:
		4a072c05-8ed5-43e5-af07-797c88c143be
2018-11-13 00:03:32,937 52438  INFO  [74a40a] Finished processing user request with id = 74a40ad4-7965-441d-937d-a6a3127cf84f in 00:00:00.0410029.
2018-11-13 00:03:32,944 52446  INFO  [BackgroundDaemon] Processing data (51% completed)..
2018-11-13 00:03:32,944 52446  INFO  [BackgroundDaemon] Finished iteration in 00:00:00.2176791.
2018-11-13 00:03:32,946 52448  INFO  [6e4ffd] Started processing user request. Id = 6e4ffd71-1817-493e-bfc3-d1067f701e61. Size = 46.81 KB.
2018-11-13 00:03:32,949 52451  INFO  [6e4ffd] Doing some complicated stuff.. Random numbers are: 2041298782, 1062114524, 1304846640.
2018-11-13 00:03:32,967 52468  INFO  [c12af4] Finished processing user request with id = c12af4db-f9b4-4074-8e7a-b08992953ba6 in 00:00:00.0556779.
2018-11-13 00:03:32,969 52470  INFO  [51608a] Started processing user request. Id = 51608a2b-6d92-4900-9583-1c5ad5919845. Size = 72.09 KB.
2018-11-13 00:03:32,980 52481  INFO  [efade4] Started processing user request. Id = efade488-5114-4448-8bf4-2d8e07ad1e24. Size = 68.33 KB.
2018-11-13 00:03:32,983 52484  INFO  [51608a] Doing some complicated stuff.. Random numbers are: 1737824583, 1226205633, 738325440.
2018-11-13 00:03:32,983 52484  INFO  [6e4ffd] Finished processing user request with id = 6e4ffd71-1817-493e-bfc3-d1067f701e61 in 00:00:00.0361525.
2018-11-13 00:03:32,989 52490  INFO  [efade4] Doing some complicated stuff.. Random numbers are: 439318686, 1423205765, 1092145739.
2018-11-13 00:03:33,024 52525  INFO  [51608a] Finished processing user request with id = 51608a2b-6d92-4900-9583-1c5ad5919845 in 00:00:00.0551853.
2018-11-13 00:03:33,043 52544  INFO  [efade4] Finished processing user request with id = efade488-5114-4448-8bf4-2d8e07ad1e24 in 00:00:00.0635901.
2018-11-13 00:03:33,056 52557  INFO  [d46006] Started processing user request. Id = d4600641-e123-45ac-852c-d2355d0e0576. Size = 38.65 KB.
2018-11-13 00:03:33,057 52558  INFO  [24014a] Started processing user request. Id = 24014aff-80b9-4e27-9143-ac21d9d75134. Size = 40.11 KB.
2018-11-13 00:03:33,059 52560  INFO  [24014a] Doing some complicated stuff.. Random numbers are: 11012171, 1011436532, 187969582.
2018-11-13 00:03:33,069 52570  INFO  [d46006] Doing some complicated stuff.. Random numbers are: 247656480, 44643495, 164443925.
2018-11-13 00:03:33,092 52593  INFO  [24014a] Here's some useful guids:
		4866f3d5-f5d2-4629-a615-2fc59d10e8e1
		2373e724-886c-412b-b716-981ba56275c0
		3886b263-beed-4e4c-8a19-1bab59db7e22
		27007ff4-3643-4bcc-a845-3e4f4bbb45f6
2018-11-13 00:03:33,106 52607  INFO  [d46006] Here's some useful guids:
		54b3f1df-cee9-4792-8ace-ec1c8368f90a
		2ab781e3-32be-4f15-913e-1be1c33c4829
		860fdabd-4daa-4224-9c86-ed45cf372ebf
		8de4f540-4f1c-47bc-8f53-76b031a1dfd8
2018-11-13 00:03:33,113 52614  INFO  [24014a] Finished processing user request with id = 24014aff-80b9-4e27-9143-ac21d9d75134 in 00:00:00.0559155.
2018-11-13 00:03:33,119 52620  INFO  [d46006] Finished processing user request with id = d4600641-e123-45ac-852c-d2355d0e0576 in 00:00:00.0633534.
2018-11-13 00:03:33,126 52627  INFO  [b16669] Started processing user request. Id = b166691b-8864-41fd-b4cc-d2499de8bc1e. Size = 10.39 KB.
2018-11-13 00:03:33,140 52641  INFO  [b16669] Doing some complicated stuff.. Random numbers are: 1118206882, 1016911360, 1519520030.
2018-11-13 00:03:33,145 52646  INFO  [BackgroundDaemon] Starting iteration #15570.
2018-11-13 00:03:33,150 52651  INFO  [508575] Started processing user request. Id = 50857594-1533-4700-bdc4-1f5585e15e98. Size = 67.42 KB.
2018-11-13 00:03:33,150 52651  INFO  [303bdf] Started processing user request. Id = 303bdfb3-e590-4493-99e2-85154427c3d8. Size = 13.43 KB.
2018-11-13 00:03:33,154 52655  INFO  [303bdf] Doing some complicated stuff.. Random numbers are: 1696184639, 1340827843, 740554010.
2018-11-13 00:03:33,167 52668  INFO  [BackgroundDaemon] Processing data (17% completed)..
2018-11-13 00:03:33,169 52670  INFO  [508575] Doing some complicated stuff.. Random numbers are: 828154151, 1353775464, 116437059.
2018-11-13 00:03:33,176 52677  INFO  [b16669] Here's some useful guids:
		aac98560-1efe-4926-b2b6-b1333c81b332
		08aa7c28-4293-49ed-9deb-263f112a3c2b
		9091624c-4abe-48f6-983f-937f179393b3
		c942c7cf-9815-4238-8bd1-1caf8c324705
2018-11-13 00:03:33,184 52685  INFO  [508575] Here's some useful guids:
		b252a83e-eabd-4d55-ae24-6e842d7c3fde
		d5076912-262c-4850-981b-09adc229c2f6
		fe4b535e-8acf-4e91-a630-3ee758ef0036
		8a7933d0-9d6a-4117-92c8-329821a747ec
		ffaf4fe1-87c3-422d-9839-25e172453b19
2018-11-13 00:03:33,185 52686  ERROR [b16669] 
System.InvalidOperationException: Oh no! An error occurred!
2018-11-13 00:03:33,186 52687  INFO  [303bdf] Finished processing user request with id = 303bdfb3-e590-4493-99e2-85154427c3d8 in 00:00:00.0354092.
2018-11-13 00:03:33,198 52699  INFO  [0cbbcc] Started processing user request. Id = 0cbbccd9-2916-43e0-a774-44a5e759f2d0. Size = 7.81 KB.
2018-11-13 00:03:33,200 52701  ERROR [508575] 
System.InvalidOperationException: Oh no! An error occurred!
2018-11-13 00:03:33,207 52708  INFO  [0cbbcc] Doing some complicated stuff.. Random numbers are: 1839585864, 1380700493, 1201666957.
2018-11-13 00:03:33,223 52724  INFO  [0cbbcc] Finished processing user request with id = 0cbbccd9-2916-43e0-a774-44a5e759f2d0 in 00:00:00.0248584.
2018-11-13 00:03:33,223 52724  INFO  [BackgroundDaemon] Processing data (34% completed)..
2018-11-13 00:03:33,232 52733  INFO  [7796d4] Started processing user request. Id = 7796d429-1686-4cab-8b32-3267d3c9c090. Size = 72.84 KB.
2018-11-13 00:03:33,237 52738  INFO  [eb3020] Started processing user request. Id = eb3020c0-63e9-4753-880e-da1eeaf5a50c. Size = 47.6 KB.
2018-11-13 00:03:33,242 52743  INFO  [eb3020] Doing some complicated stuff.. Random numbers are: 1682704454, 681456880, 1550807200.
2018-11-13 00:03:33,244 52745  INFO  [7796d4] Doing some complicated stuff.. Random numbers are: 492974192, 1564911537, 482399645.
2018-11-13 00:03:33,251 52752  INFO  [Metrics] Cpu: 1.48%; Memory: 19.79 GB/31.88 GB; Workers: 4/1024; IOCP: 0/1024
2018-11-13 00:03:33,266 52767  INFO  [eb3020] Finished processing user request with id = eb3020c0-63e9-4753-880e-da1eeaf5a50c in 00:00:00.0292172.
2018-11-13 00:03:33,275 52776  INFO  [7796d4] Here's some useful guids:
		1c37b8a2-24fd-4ebc-ae42-3d57e691ae71
		d02d1119-3785-4cb0-9fe4-6066d287563c
		9e35e262-69e2-4be1-9758-23851eb0686e
		96b4390d-6b9f-46ed-bab0-ff173ff40569
		c0c6a5d8-cf6b-45d8-9f3b-c97ef5ce39c1
2018-11-13 00:03:33,280 52781  INFO  [9a28c6] Started processing user request. Id = 9a28c65c-cc23-4e53-850f-ae642f312561. Size = 92.36 KB.
2018-11-13 00:03:33,282 52783  INFO  [BackgroundDaemon] Processing data (92% completed)..
2018-11-13 00:03:33,282 52783  INFO  [BackgroundDaemon] Finished iteration in 00:00:00.1371281.
2018-11-13 00:03:33,287 52788  INFO  [9a28c6] Doing some complicated stuff.. Random numbers are: 445795300, 198090827, 455708822.
2018-11-13 00:03:33,293 52794  INFO  [7796d4] Finished processing user request with id = 7796d429-1686-4cab-8b32-3267d3c9c090 in 00:00:00.0609734.
2018-11-13 00:03:33,310 52811  INFO  [9a28c6] Finished processing user request with id = 9a28c65c-cc23-4e53-850f-ae642f312561 in 00:00:00.0298732.
2018-11-13 00:03:33,323 52824  INFO  [c398ad] Started processing user request. Id = c398ada2-795d-423f-8462-b3f4667b0c27. Size = 1.7 KB.
2018-11-13 00:03:33,324 52825  INFO  [c14ce4] Started processing user request. Id = c14ce467-a354-4f76-8608-9972aa096777. Size = 87.69 KB.
2018-11-13 00:03:33,326 52827  INFO  [c14ce4] Doing some complicated stuff.. Random numbers are: 303355045, 439530316, 1103578306.
2018-11-13 00:03:33,333 52834  INFO  [c398ad] Doing some complicated stuff.. Random numbers are: 1655786798, 303040666, 174257684.
2018-11-13 00:03:33,340 52841  INFO  [c14ce4] Here's some useful guids:
		bb8671a3-ac1a-4ba8-a006-87267dc7d60e
		1e941f12-e13e-4a10-b2aa-19d7188bab1e
		798d5400-18a7-4fbc-818b-b157d3bd6b24
		fcad5366-e2f1-43ba-85e4-b943115f780d
		26e66d5b-884c-43dc-b375-614e772a134c
2018-11-13 00:03:33,342 52843  INFO  [c14ce4] Finished processing user request with id = c14ce467-a354-4f76-8608-9972aa096777 in 00:00:00.0181506.
2018-11-13 00:03:33,354 52855  INFO  [c8e0e7] Started processing user request. Id = c8e0e7b9-a24a-4fd6-add4-a1bfb534ad7e. Size = 55.15 KB.
2018-11-13 00:03:33,356 52857  INFO  [c8e0e7] Doing some complicated stuff.. Random numbers are: 1409650038, 1546481975, 767853720.
2018-11-13 00:03:33,374 52875  INFO  [8b3ee9] Started processing user request. Id = 8b3ee98e-86ec-4ab6-8ddd-c85c774ae034. Size = 23.12 KB.
2018-11-13 00:03:33,377 52878  INFO  [c8e0e7] Here's some useful guids:
		2587a4b6-fcc4-40d2-80a1-17d8d58d62ae
		dcd8cafa-dc5d-4361-a5e2-f2f0becb0636
		fd581bfa-cc90-42b6-938e-aaa9a9f517ae
2018-11-13 00:03:33,384 52885  ERROR [c398ad] 
System.InvalidOperationException: Oh no! An error occurred!
2018-11-13 00:03:33,392 52893  INFO  [8b3ee9] Doing some complicated stuff.. Random numbers are: 1730187498, 2083147880, 772838421.
2018-11-13 00:03:33,397 52898  INFO  [8b3ee9] Here's some useful guids:
		d0d187c2-c847-4cb4-909a-0d3b18611d19
2018-11-13 00:03:33,398 52899  INFO  [4a6e73] Started processing user request. Id = 4a6e7343-1f9a-4c15-83ac-84f1f1733d60. Size = 22.18 KB.
2018-11-13 00:03:33,398 52899  INFO  [c8e0e7] Finished processing user request with id = c8e0e7b9-a24a-4fd6-add4-a1bfb534ad7e in 00:00:00.0439999.
2018-11-13 00:03:33,406 52907  INFO  [4a6e73] Doing some complicated stuff.. Random numbers are: 1957253222, 1719136798, 513887331.
2018-11-13 00:03:33,415 52916  INFO  [4a6e73] Finished processing user request with id = 4a6e7343-1f9a-4c15-83ac-84f1f1733d60 in 00:00:00.0170497.
2018-11-13 00:03:33,420 52921  INFO  [8b3ee9] Finished processing user request with id = 8b3ee98e-86ec-4ab6-8ddd-c85c774ae034 in 00:00:00.0458315.
2018-11-13 00:03:33,428 52929  INFO  [6d745c] Started processing user request. Id = 6d745c39-0791-4312-9178-06d006913aae. Size = 31.63 KB.
2018-11-13 00:03:33,437 52938  INFO  [6d745c] Doing some complicated stuff.. Random numbers are: 1714883329, 309388585, 1812002300.
2018-11-13 00:03:33,451 52952  INFO  [62c9d5] Started processing user request. Id = 62c9d573-1721-457e-8c10-0e8d66022e4a. Size = 8.88 KB.
2018-11-13 00:03:33,453 52954  INFO  [62c9d5] Doing some complicated stuff.. Random numbers are: 527025301, 453499120, 641379736.
2018-11-13 00:03:33,478 52979  ERROR [6d745c] 
System.InvalidOperationException: Oh no! An error occurred!
2018-11-13 00:03:33,482 52983  INFO  [BackgroundDaemon] Starting iteration #15571.
2018-11-13 00:03:33,483 52984  INFO  [62c9d5] Here's some useful guids:
		34f6dd6c-091b-4e2f-8ada-8e673cd49a34
		18cb9089-f614-4167-86bd-2e9e6e38b97f
2018-11-13 00:03:33,492 52993  INFO  [2762c5] Started processing user request. Id = 2762c533-610b-4c3b-b0f0-be45e272f026. Size = 76.37 KB.
2018-11-13 00:03:33,507 53008  INFO  [62c9d5] Finished processing user request with id = 62c9d573-1721-457e-8c10-0e8d66022e4a in 00:00:00.0560879.
2018-11-13 00:03:33,512 53013  INFO  [2762c5] Doing some complicated stuff.. Random numbers are: 600310538, 1515900134, 211825664.
2018-11-13 00:03:33,512 53013  INFO  [2762c5] Here's some useful guids:
		16df1b07-f2f8-4e02-b162-e456c80345f8
		22adfcf6-0d6b-4bc7-ac92-31ed5fd5ce70
		2f15d13d-6c2d-41bc-be4a-f77b48b29849
2018-11-13 00:03:33,514 53015  INFO  [BackgroundDaemon] Processing data (19% completed)..
2018-11-13 00:03:33,532 53033  INFO  [2762c5] Finished processing user request with id = 2762c533-610b-4c3b-b0f0-be45e272f026 in 00:00:00.0398290.
2018-11-13 00:03:33,539 53040  INFO  [2c0efb] Started processing user request. Id = 2c0efbbc-a54f-43a6-8b28-65a384d870a7. Size = 71.34 KB.
2018-11-13 00:03:33,541 53042  INFO  [2c0efb] Doing some complicated stuff.. Random numbers are: 89809130, 754530302, 457756399.
2018-11-13 00:03:33,546 53047  INFO  [81e833] Started processing user request. Id = 81e8337b-b2a5-4bc4-a52d-da47818d08fb. Size = 33.75 KB.
2018-11-13 00:03:33,549 53050  INFO  [81e833] Doing some complicated stuff.. Random numbers are: 166698533, 837409408, 22151587.
2018-11-13 00:03:33,565 53066  INFO  [81e833] Finished processing user request with id = 81e8337b-b2a5-4bc4-a52d-da47818d08fb in 00:00:00.0193031.
2018-11-13 00:03:33,565 53066  INFO  [9fa32a] Started processing user request. Id = 9fa32ab3-bfba-49db-8e94-019e7146d022. Size = 38.22 KB.
2018-11-13 00:03:33,570 53071  INFO  [9fa32a] Doing some complicated stuff.. Random numbers are: 521286316, 1513802382, 833939546.
2018-11-13 00:03:33,570 53071  INFO  [2c0efb] Finished processing user request with id = 2c0efbbc-a54f-43a6-8b28-65a384d870a7 in 00:00:00.0310166.
2018-11-13 00:03:33,575 53076  INFO  [9fa32a] Here's some useful guids:
		d63d9d16-c526-4142-8b82-a883b27cc9d6
		6aed4940-65ba-4451-99d8-9f821c8ff414
		aa657463-9f84-48ff-9a25-2c818436410c
		3957ce3e-2e1d-4d71-9011-450c9d333d76
		ac0cec4e-89a6-457c-b263-61466f43a406
2018-11-13 00:03:33,578 53079  INFO  [e35375] Started processing user request. Id = e3537521-c4ff-43b3-8ac2-9b972357a620. Size = 13.79 KB.
2018-11-13 00:03:33,580 53081  INFO  [9fa32a] Finished processing user request with id = 9fa32ab3-bfba-49db-8e94-019e7146d022 in 00:00:00.0150618.
2018-11-13 00:03:33,580 53081  INFO  [e35375] Doing some complicated stuff.. Random numbers are: 306038261, 950458472, 14844933.
2018-11-13 00:03:33,583 53084  INFO  [BackgroundDaemon] Processing data (27% completed)..
2018-11-13 00:03:33,601 53103  INFO  [d5fa9b] Started processing user request. Id = d5fa9b94-d40c-4bc4-92c1-a17bad91db32. Size = 69.71 KB.
2018-11-13 00:03:33,606 53107  INFO  [d5fa9b] Doing some complicated stuff.. Random numbers are: 702819091, 1664014687, 2088950809.
2018-11-13 00:03:33,616 53117  INFO  [e35375] Here's some useful guids:
		ae21a967-37f0-405f-9bcf-99ba9999f7fd
2018-11-13 00:03:33,628 53129  INFO  [e35375] Finished processing user request with id = e3537521-c4ff-43b3-8ac2-9b972357a620 in 00:00:00.0501006.
2018-11-13 00:03:33,638 53139  INFO  [BackgroundDaemon] Processing data (71% completed)..
2018-11-13 00:03:33,638 53139  INFO  [BackgroundDaemon] Finished iteration in 00:00:00.1560974.
2018-11-13 00:03:33,642 53143  INFO  [ad3c52] Started processing user request. Id = ad3c52dc-6218-43bc-877d-96ee44c65fac. Size = 64.11 KB.
2018-11-13 00:03:33,647 53148  INFO  [ad3c52] Doing some complicated stuff.. Random numbers are: 953927397, 876705093, 1629802906.
2018-11-13 00:03:33,658 53159  INFO  [d5fa9b] Finished processing user request with id = d5fa9b94-d40c-4bc4-92c1-a17bad91db32 in 00:00:00.0564682.
2018-11-13 00:03:33,672 53173  INFO  [ad3c52] Finished processing user request with id = ad3c52dc-6218-43bc-877d-96ee44c65fac in 00:00:00.0298659.
2018-11-13 00:03:33,685 53186  INFO  [dddc83] Started processing user request. Id = dddc8354-1adc-4417-aba0-15c2ecb64588. Size = 25.87 KB.
2018-11-13 00:03:33,689 53190  INFO  [962ca4] Started processing user request. Id = 962ca4d6-6f68-42af-8b5a-6087607cbce1. Size = 36.2 KB.
2018-11-13 00:03:33,692 53193  INFO  [962ca4] Doing some complicated stuff.. Random numbers are: 870610431, 225240907, 510730746.
2018-11-13 00:03:33,702 53203  INFO  [dddc83] Doing some complicated stuff.. Random numbers are: 1479660135, 1403800362, 863752721.
2018-11-13 00:03:33,707 53208  INFO  [962ca4] Here's some useful guids:
		cf559ba0-9996-4b8d-9558-a3594f239de8
		4523f625-96a1-4aea-bb0a-57d07e1019d8
		7c2f4fa1-5133-4f8a-a0c2-b60d34ea9e7d
		9c8e3b2f-b5ea-4a63-86ed-0c85b71fdbe8
		febbfbc7-ea31-4667-b044-81960c4664a4
2018-11-13 00:03:33,718 53219  INFO  [dddc83] Finished processing user request with id = dddc8354-1adc-4417-aba0-15c2ecb64588 in 00:00:00.0330333.
2018-11-13 00:03:33,732 53233  INFO  [abb7e7] Started processing user request. Id = abb7e7e9-85c6-4076-84ef-682c44f69e45. Size = 1.69 KB.
2018-11-13 00:03:33,733 53234  ERROR [962ca4] 
System.InvalidOperationException: Oh no! An error occurred!
2018-11-13 00:03:33,747 53248  INFO  [abb7e7] Doing some complicated stuff.. Random numbers are: 1570882826, 442351338, 1129968937.
2018-11-13 00:03:33,747 53248  INFO  [3c0f41] Started processing user request. Id = 3c0f416c-4762-4448-8303-0265c4e83540. Size = 63.67 KB.
2018-11-13 00:03:33,750 53251  INFO  [Metrics] Cpu: 1.48%; Memory: 19.79 GB/31.88 GB; Workers: 4/1024; IOCP: 0/1024
2018-11-13 00:03:33,762 53263  INFO  [3c0f41] Doing some complicated stuff.. Random numbers are: 1976922979, 2024769878, 1798796361.
2018-11-13 00:03:33,765 53266  INFO  [a2fcf0] Started processing user request. Id = a2fcf0e6-d5fb-4d26-b3ea-95c9e85c609e. Size = 88.92 KB.
2018-11-13 00:03:33,780 53281  INFO  [a2fcf0] Doing some complicated stuff.. Random numbers are: 1913472062, 1648784304, 279023424.
2018-11-13 00:03:33,798 53299  INFO  [3c0f41] Here's some useful guids:
		f6184f14-a1c7-40eb-bce2-9dec8af9111f
		9f9b3e89-209d-4675-b919-a5db5a3ee986
		127e1998-f016-4eb4-8254-338a9197b06c
		7ceb3ada-bab8-4a05-ad2e-9c1ae87ee371
		2c7f972e-e137-47c8-855a-77e9a5b5b61d
2018-11-13 00:03:33,811 53312  INFO  [abb7e7] Finished processing user request with id = abb7e7e9-85c6-4076-84ef-682c44f69e45 in 00:00:00.0790009.
2018-11-13 00:03:33,811 53312  INFO  [a2fcf0] Finished processing user request with id = a2fcf0e6-d5fb-4d26-b3ea-95c9e85c609e in 00:00:00.0461265.
2018-11-13 00:03:33,821 53322  INFO  [3c0f41] Finished processing user request with id = 3c0f416c-4762-4448-8303-0265c4e83540 in 00:00:00.0735849.
2018-11-13 00:03:33,824 53325  INFO  [69e761] Started processing user request. Id = 69e76143-3c6e-4ede-b39b-63cb89530171. Size = 53.46 KB.
2018-11-13 00:03:33,830 53331  INFO  [69e761] Doing some complicated stuff.. Random numbers are: 1739920016, 1882539430, 1917377978.
2018-11-13 00:03:33,839 53340  INFO  [BackgroundDaemon] Starting iteration #15572.
2018-11-13 00:03:33,843 53344  INFO  [4c94f8] Started processing user request. Id = 4c94f854-47bf-487b-9157-c3db4398d7d4. Size = 44.59 KB.
2018-11-13 00:03:33,859 53360  INFO  [4c94f8] Doing some complicated stuff.. Random numbers are: 1640881225, 663431834, 360635501.
2018-11-13 00:03:33,860 53361  INFO  [69e761] Finished processing user request with id = 69e76143-3c6e-4ede-b39b-63cb89530171 in 00:00:00.0358159.
2018-11-13 00:03:33,873 53374  INFO  [6c301b] Started processing user request. Id = 6c301bc0-f246-47a8-9c54-21b8c4f6bb75. Size = 88.3 KB.
2018-11-13 00:03:33,887 53388  INFO  [6c301b] Doing some complicated stuff.. Random numbers are: 684379274, 517009372, 613745237.
2018-11-13 00:03:33,899 53400  INFO  [4c94f8] Here's some useful guids:
		9d77b29d-5ee6-4aa4-9e58-5768283b8d06
		4c3e8277-2118-4d9c-8e24-2cc37a7ec4c9
		d6e670a1-a027-4dae-aa5a-c4ba89d2c355
		457c782a-0bac-4cf0-ba57-a423edc75668
		f821d2d8-93df-4017-81c0-a71b007dbdb1
2018-11-13 00:03:33,902 53403  INFO  [BackgroundDaemon] Processing data (6% completed)..
2018-11-13 00:03:33,918 53419  INFO  [6c301b] Here's some useful guids:
		136ae832-8b9c-4ddc-9852-00699e1b779c
		95a87ad2-984a-4264-9c0b-ab73670f5fd4
		1f62614e-b98a-425f-9cd8-336507aac118
		72be6091-2cdb-46be-af21-d738e0e19d14
2018-11-13 00:03:33,921 53422  INFO  [4c94f8] Finished processing user request with id = 4c94f854-47bf-487b-9157-c3db4398d7d4 in 00:00:00.0784331.
2018-11-13 00:03:33,944 53445  INFO  [6c301b] Finished processing user request with id = 6c301bc0-f246-47a8-9c54-21b8c4f6bb75 in 00:00:00.0712773.
2018-11-13 00:03:33,953 53454  INFO  [6212c2] Started processing user request. Id = 6212c26e-f971-43c2-8810-8aa71ca85668. Size = 26.76 KB.
2018-11-13 00:03:33,955 53456  INFO  [BackgroundDaemon] Processing data (35% completed)..
2018-11-13 00:03:33,958 53459  INFO  [6e98e8] Started processing user request. Id = 6e98e8ac-dd26-4763-a1c5-38f26bf607fd. Size = 42.04 KB.
2018-11-13 00:03:33,963 53464  INFO  [6212c2] Doing some complicated stuff.. Random numbers are: 918332924, 2018508117, 415289942.
2018-11-13 00:03:33,972 53473  INFO  [6e98e8] Doing some complicated stuff.. Random numbers are: 298392125, 312481567, 1639981667.
2018-11-13 00:03:33,988 53489  INFO  [78348f] Started processing user request. Id = 78348fa1-2f83-482e-a4a9-dc0e3a48869e. Size = 2.51 KB.
2018-11-13 00:03:33,990 53491  INFO  [6212c2] Finished processing user request with id = 6212c26e-f971-43c2-8810-8aa71ca85668 in 00:00:00.0373648.
2018-11-13 00:03:34,000 53501  INFO  [78348f] Doing some complicated stuff.. Random numbers are: 1030906942, 811636912, 2092253484.
2018-11-13 00:03:34,011 53512  INFO  [6e98e8] Here's some useful guids:
		48aa727f-7f9c-405c-b0c4-d8c88f35be3e
		bc3b650e-d5c5-404d-a6c0-8d9e6339b68f
		1a694363-070c-476a-9982-4dff127ba4c9
2018-11-13 00:03:34,015 53516  INFO  [BackgroundDaemon] Processing data (81% completed)..
2018-11-13 00:03:34,015 53516  INFO  [BackgroundDaemon] Finished iteration in 00:00:00.1759216.
2018-11-13 00:03:34,016 53517  INFO  [6e98e8] Finished processing user request with id = 6e98e8ac-dd26-4763-a1c5-38f26bf607fd in 00:00:00.0577717.
2018-11-13 00:03:34,021 53522  INFO  [f1716c] Started processing user request. Id = f1716c69-48e8-4152-a3c2-00d99cd0e8a9. Size = 88.67 KB.
2018-11-13 00:03:34,029 53530  INFO  [4d5922] Started processing user request. Id = 4d5922f1-6714-4904-9ebe-3fc269e1c8cb. Size = 70.37 KB.
2018-11-13 00:03:34,033 53534  INFO  [78348f] Finished processing user request with id = 78348fa1-2f83-482e-a4a9-dc0e3a48869e in 00:00:00.0446136.
2018-11-13 00:03:34,035 53536  INFO  [f1716c] Doing some complicated stuff.. Random numbers are: 705729592, 874487047, 1610655121.
2018-11-13 00:03:34,040 53541  INFO  [4d5922] Doing some complicated stuff.. Random numbers are: 1880854918, 1919775315, 1102790861.
2018-11-13 00:03:34,047 53548  INFO  [4d5922] Here's some useful guids:
		1ea2741e-ed6a-479c-a060-51ff9339f7f9
		fcf9f61f-e0d3-4c9f-9db8-19d75d47fbe0
		5310e69b-d10a-4381-9701-8c6311a9372f
		bd8062a3-ea3a-4293-b47a-838a558e2a97
2018-11-13 00:03:34,059 53561  ERROR [4d5922] 
System.InvalidOperationException: Oh no! An error occurred!
2018-11-13 00:03:34,070 53571  INFO  [f1716c] Here's some useful guids:
		17afb022-2c98-4485-bfe4-0c82a6c0663e
		cb47675d-65bb-4f69-bbeb-aecf43c84f93
2018-11-13 00:03:34,073 53574  INFO  [f841a0] Started processing user request. Id = f841a056-3ae0-4d23-aa40-493e313792d3. Size = 93.67 KB.
2018-11-13 00:03:34,091 53592  INFO  [f841a0] Doing some complicated stuff.. Random numbers are: 843028406, 431265377, 2065273887.
2018-11-13 00:03:34,094 53595  INFO  [f1716c] Finished processing user request with id = f1716c69-48e8-4152-a3c2-00d99cd0e8a9 in 00:00:00.0726802.
2018-11-13 00:03:34,126 53627  INFO  [685a5b] Started processing user request. Id = 685a5b2b-8550-4f64-9f36-d68d01bb5350. Size = 19.37 KB.
2018-11-13 00:03:34,127 53628  INFO  [685a5b] Doing some complicated stuff.. Random numbers are: 257221832, 1288695481, 89669165.
2018-11-13 00:03:34,131 53632  INFO  [f841a0] Finished processing user request with id = f841a056-3ae0-4d23-aa40-493e313792d3 in 00:00:00.0581277.
2018-11-13 00:03:34,145 53646  INFO  [f7da24] Started processing user request. Id = f7da2412-5d0d-4357-b342-b70180528884. Size = 93.85 KB.
2018-11-13 00:03:34,147 53648  INFO  [f7da24] Doing some complicated stuff.. Random numbers are: 1692369422, 144856032, 173807894.
2018-11-13 00:03:34,160 53661  INFO  [685a5b] Finished processing user request with id = 685a5b2b-8550-4f64-9f36-d68d01bb5350 in 00:00:00.0339400.
2018-11-13 00:03:34,177 53678  INFO  [f7da24] Finished processing user request with id = f7da2412-5d0d-4357-b342-b70180528884 in 00:00:00.0321034.
2018-11-13 00:03:34,190 53691  INFO  [93ab03] Started processing user request. Id = 93ab035d-489c-4846-9011-26324e0684da. Size = 4.57 KB.
2018-11-13 00:03:34,191 53692  INFO  [c2e896] Started processing user request. Id = c2e896db-61e1-4359-8f7d-b303fd6766b9. Size = 23.31 KB.
2018-11-13 00:03:34,194 53695  INFO  [c2e896] Doing some complicated stuff.. Random numbers are: 414675612, 867135664, 557380726.
2018-11-13 00:03:34,200 53701  INFO  [cd430c] Started processing user request. Id = cd430c47-c78a-4877-90e3-c7443be8c021. Size = 40.69 KB.
2018-11-13 00:03:34,205 53707  INFO  [cd430c] Doing some complicated stuff.. Random numbers are: 429436284, 1281686911, 934946739.
2018-11-13 00:03:34,207 53709  INFO  [93ab03] Doing some complicated stuff.. Random numbers are: 1675775245, 313328233, 1225381553.
2018-11-13 00:03:34,215 53716  INFO  [BackgroundDaemon] Starting iteration #15573.
2018-11-13 00:03:34,219 53720  INFO  [cd430c] Here's some useful guids:
		025c4549-792f-4fd4-bd44-8a7f01d86368
		33e2cd30-0ef6-4d24-8e7f-af2ac044639e
		44ad5923-44d8-4be9-9596-a91bca8a2621
		db7d6112-154d-4029-bb8d-509a716c1589
		1a57ce3f-60eb-4aa9-849e-a8edd96af89f
2018-11-13 00:03:34,226 53727  INFO  [c2e896] Finished processing user request with id = c2e896db-61e1-4359-8f7d-b303fd6766b9 in 00:00:00.0347200.
2018-11-13 00:03:34,230 53731  INFO  [93ab03] Here's some useful guids:
		cf744166-3454-4447-98b2-95d7094e8cea
		d66dbb3f-d71a-4476-8864-9280afd74234
2018-11-13 00:03:34,233 53734  INFO  [cd430c] Finished processing user request with id = cd430c47-c78a-4877-90e3-c7443be8c021 in 00:00:00.0328476.
2018-11-13 00:03:34,250 53751  INFO  [Metrics] Cpu: 0.68%; Memory: 19.79 GB/31.88 GB; Workers: 4/1024; IOCP: 0/1024
2018-11-13 00:03:34,255 53756  INFO  [93ab03] Finished processing user request with id = 93ab035d-489c-4846-9011-26324e0684da in 00:00:00.0652290.
2018-11-13 00:03:34,257 53758  INFO  [bb5228] Started processing user request. Id = bb522814-8aae-4f85-99c7-ea59a491477f. Size = 79.49 KB.
2018-11-13 00:03:34,268 53769  INFO  [57277b] Started processing user request. Id = 57277ba3-e194-4fed-a1f3-99658daf2006. Size = 71.37 KB.
2018-11-13 00:03:34,270 53771  INFO  [bb5228] Doing some complicated stuff.. Random numbers are: 1610628830, 969094405, 1725838365.
2018-11-13 00:03:34,271 53772  INFO  [BackgroundDaemon] Processing data (1% completed)..
2018-11-13 00:03:34,271 53772  INFO  [57277b] Doing some complicated stuff.. Random numbers are: 881525702, 875703122, 754169284.
2018-11-13 00:03:34,280 53781  INFO  [bb5228] Here's some useful guids:
		ea822e44-db84-4c8c-a507-b4341c943865
2018-11-13 00:03:34,283 53784  INFO  [bb5228] Finished processing user request with id = bb522814-8aae-4f85-99c7-ea59a491477f in 00:00:00.0263750.
2018-11-13 00:03:34,305 53806  INFO  [57277b] Here's some useful guids:
		72001c36-9c98-4803-b8d3-8a856ac39c3b
		3e1f2380-becc-42df-b3e7-d0639a456388
		3b77322a-9ba3-4644-9008-2c123d6d1a32
2018-11-13 00:03:34,314 53816  INFO  [2e1db7] Started processing user request. Id = 2e1db7aa-39fe-437c-b5c2-799e71f11f11. Size = 1.38 KB.
2018-11-13 00:03:34,315 53817  ERROR [57277b] 
System.InvalidOperationException: Oh no! An error occurred!
2018-11-13 00:03:34,323 53824  INFO  [2e1db7] Doing some complicated stuff.. Random numbers are: 1917645893, 1335823048, 484194806.
2018-11-13 00:03:34,329 53830  INFO  [dce2fc] Started processing user request. Id = dce2fcb8-cad1-4eda-a8bc-5f8549a15df8. Size = 18.04 KB.
2018-11-13 00:03:34,336 53837  INFO  [dce2fc] Doing some complicated stuff.. Random numbers are: 110336325, 721559521, 185205486.
2018-11-13 00:03:34,344 53845  INFO  [dce2fc] Here's some useful guids:
		950a4cae-643e-46a3-a282-1453f32944fc
		bff41c18-5d2a-4326-9370-7f5bf1b06989
		b6f82dc9-ac84-48c2-9bc2-b77e79e971eb
		cfc8b296-7550-45db-8eab-2b4fcd85d0e7
		74bf51d8-ee4d-406f-8c40-843023aa66f5
2018-11-13 00:03:34,351 53852  INFO  [2e1db7] Finished processing user request with id = 2e1db7aa-39fe-437c-b5c2-799e71f11f11 in 00:00:00.0365707.
2018-11-13 00:03:34,354 53855  INFO  [BackgroundDaemon] Processing data (35% completed)..
2018-11-13 00:03:34,357 53858  INFO  [dce2fc] Finished processing user request with id = dce2fcb8-cad1-4eda-a8bc-5f8549a15df8 in 00:00:00.0283228.
2018-11-13 00:03:34,371 53872  INFO  [4b71fb] Started processing user request. Id = 4b71fbe1-8212-45ae-abc4-4908c68bee62. Size = 44.88 KB.
2018-11-13 00:03:34,383 53884  INFO  [BackgroundDaemon] Processing data (53% completed)..
2018-11-13 00:03:34,383 53884  INFO  [BackgroundDaemon] Finished iteration in 00:00:00.1682696.
2018-11-13 00:03:34,383 53884  INFO  [1aac5a] Started processing user request. Id = 1aac5a92-a0ca-40af-ac93-ae0241e8750e. Size = 89.96 KB.
2018-11-13 00:03:34,384 53885  INFO  [4b71fb] Doing some complicated stuff.. Random numbers are: 1662184187, 510256835, 1424559210.
2018-11-13 00:03:34,391 53892  INFO  [1aac5a] Doing some complicated stuff.. Random numbers are: 1224445111, 1483371464, 886963583.
2018-11-13 00:03:34,400 53901  INFO  [32c62a] Started processing user request. Id = 32c62a86-c3bc-44dd-89a3-aa371e7fbe61. Size = 49.36 KB.
2018-11-13 00:03:34,403 53904  INFO  [4b71fb] Here's some useful guids:
		cd08bd48-ea5c-4479-a175-308402014933
		15035031-222c-4847-ad8e-6045559f4463
		249a8f09-b7f1-4492-a8df-c7a3ba92eebb
		28a4c827-bdb0-4567-8495-f6528cb046d8
		49e9d8b4-c551-4153-a20d-cc191a2d0642
2018-11-13 00:03:34,415 53916  INFO  [4b71fb] Finished processing user request with id = 4b71fbe1-8212-45ae-abc4-4908c68bee62 in 00:00:00.0439412.
2018-11-13 00:03:34,417 53918  INFO  [32c62a] Doing some complicated stuff.. Random numbers are: 1683859952, 1554380539, 697323640.
2018-11-13 00:03:34,429 53930  INFO  [2c0e06] Started processing user request. Id = 2c0e06b0-2c85-4835-b7a1-8e8abd6411f5. Size = 79.99 KB.
2018-11-13 00:03:34,441 53942  INFO  [1aac5a] Finished processing user request with id = 1aac5a92-a0ca-40af-ac93-ae0241e8750e in 00:00:00.0580679.
2018-11-13 00:03:34,441 53942  INFO  [2c0e06] Doing some complicated stuff.. Random numbers are: 1241816527, 1076423182, 105824701.
2018-11-13 00:03:34,447 53948  INFO  [32c62a] Finished processing user request with id = 32c62a86-c3bc-44dd-89a3-aa371e7fbe61 in 00:00:00.0472458.
2018-11-13 00:03:34,473 53974  INFO  [d38983] Started processing user request. Id = d3898389-9627-4ba8-9c10-545553ca9265. Size = 24.73 KB.
2018-11-13 00:03:34,475 53976  INFO  [d38983] Doing some complicated stuff.. Random numbers are: 1962574445, 379943891, 976654153.
2018-11-13 00:03:34,478 53979  INFO  [2c0e06] Finished processing user request with id = 2c0e06b0-2c85-4835-b7a1-8e8abd6411f5 in 00:00:00.0486247.
2018-11-13 00:03:34,491 53992  INFO  [c239c0] Started processing user request. Id = c239c0f5-27b5-4345-a518-5578e43c3401. Size = 18.95 KB.
2018-11-13 00:03:34,503 54004  INFO  [c239c0] Doing some complicated stuff.. Random numbers are: 2039301334, 1176066501, 1004271918.
2018-11-13 00:03:34,510 54011  INFO  [d38983] Finished processing user request with id = d3898389-9627-4ba8-9c10-545553ca9265 in 00:00:00.0370346.
2018-11-13 00:03:34,541 54042  INFO  [5c5870] Started processing user request. Id = 5c58705b-a292-4d27-b812-a4c845e12eb2. Size = 73.22 KB.
2018-11-13 00:03:34,546 54047  INFO  [5c5870] Doing some complicated stuff.. Random numbers are: 1908663084, 878776019, 1864521847.
2018-11-13 00:03:34,556 54057  INFO  [5c5870] Here's some useful guids:
		771ef5ad-5989-4b9b-8787-980ed4a81382
		fef8e39b-8ac4-441e-a301-22ce3eca60d4
		7bf9ae23-0086-4bf4-bad4-3ce1396975b1
2018-11-13 00:03:34,566 54067  INFO  [c239c0] Finished processing user request with id = c239c0f5-27b5-4345-a518-5578e43c3401 in 00:00:00.0748678.
2018-11-13 00:03:34,568 54069  INFO  [5c5870] Finished processing user request with id = 5c58705b-a292-4d27-b812-a4c845e12eb2 in 00:00:00.0267838.
2018-11-13 00:03:34,580 54081  INFO  [7e2dcb] Started processing user request. Id = 7e2dcbb9-ff7e-469f-bfc3-f3783ac13808. Size = 5.86 KB.
2018-11-13 00:03:34,584 54085  INFO  [BackgroundDaemon] Starting iteration #15574.
2018-11-13 00:03:34,588 54089  INFO  [7e2dcb] Doing some complicated stuff.. Random numbers are: 437017642, 981127249, 2049291032.
2018-11-13 00:03:34,594 54095  INFO  [7e2dcb] Finished processing user request with id = 7e2dcbb9-ff7e-469f-bfc3-f3783ac13808 in 00:00:00.0140299.
2018-11-13 00:03:34,599 54100  INFO  [9f2d3c] Started processing user request. Id = 9f2d3c6e-fce1-4d9c-871b-90bf6f60d1e7. Size = 48.5 KB.
2018-11-13 00:03:34,607 54108  INFO  [50cae6] Started processing user request. Id = 50cae65c-8fc1-46e0-b1a3-1db6b67706e2. Size = 16.97 KB.
2018-11-13 00:03:34,615 54116  INFO  [80a94d] Started processing user request. Id = 80a94de7-8d1c-4ace-b7d0-0f0d3ed4f14f. Size = 86.61 KB.
2018-11-13 00:03:34,618 54119  INFO  [9f2d3c] Doing some complicated stuff.. Random numbers are: 1870283024, 1489756409, 504768447.
2018-11-13 00:03:34,622 54123  INFO  [50cae6] Doing some complicated stuff.. Random numbers are: 1854431370, 1414642708, 1478574339.
2018-11-13 00:03:34,624 54125  INFO  [80a94d] Doing some complicated stuff.. Random numbers are: 794848823, 922775374, 1339101158.
2018-11-13 00:03:34,627 54128  INFO  [BackgroundDaemon] Processing data (17% completed)..
2018-11-13 00:03:34,630 54131  INFO  [50cae6] Finished processing user request with id = 50cae65c-8fc1-46e0-b1a3-1db6b67706e2 in 00:00:00.0230883.
2018-11-13 00:03:34,635 54136  INFO  [9f2d3c] Here's some useful guids:
		bfa9824e-f0eb-495c-9f39-271ecd88da1b
2018-11-13 00:03:34,641 54142  INFO  [80a94d] Here's some useful guids:
		641d8530-cd95-44b7-a5dc-1d9406410491
		741bab86-cdde-487d-b26a-3f5d964b876b
		5ab28333-6148-443c-bb9a-55d9be334cee
		8d66d37f-79c0-4e0d-829e-cb010f88dfef
		18df3984-3774-495c-9667-fb82a746a07c
2018-11-13 00:03:34,643 54144  INFO  [9f2d3c] Finished processing user request with id = 9f2d3c6e-fce1-4d9c-871b-90bf6f60d1e7 in 00:00:00.0440049.
2018-11-13 00:03:34,644 54145  INFO  [17ce80] Started processing user request. Id = 17ce8037-8060-4876-95c6-d3f41e709dd6. Size = 75.39 KB.
2018-11-13 00:03:34,652 54153  INFO  [BackgroundDaemon] Processing data (41% completed)..
2018-11-13 00:03:34,655 54156  INFO  [17ce80] Doing some complicated stuff.. Random numbers are: 615734820, 1481348659, 1373688142.
2018-11-13 00:03:34,665 54166  INFO  [80a94d] Finished processing user request with id = 80a94de7-8d1c-4ace-b7d0-0f0d3ed4f14f in 00:00:00.0500992.
2018-11-13 00:03:34,675 54176  INFO  [ad2988] Started processing user request. Id = ad298836-e422-4eac-8267-8f82746283f6. Size = 33.07 KB.
2018-11-13 00:03:34,683 54184  INFO  [17ce80] Here's some useful guids:
		89a92b06-d240-4910-8f96-633799175bc0
		69f89ce1-c970-4da2-88df-63505b83420a
2018-11-13 00:03:34,687 54188  INFO  [ad2988] Doing some complicated stuff.. Random numbers are: 266882274, 1557377442, 1031940273.
2018-11-13 00:03:34,690 54191  INFO  [17ce80] Finished processing user request with id = 17ce8037-8060-4876-95c6-d3f41e709dd6 in 00:00:00.0459825.
2018-11-13 00:03:34,704 54205  INFO  [fd02b5] Started processing user request. Id = fd02b5c4-41ef-4716-8e7c-39fb459cc242. Size = 6.92 KB.
2018-11-13 00:03:34,710 54211  INFO  [fd02b5] Doing some complicated stuff.. Random numbers are: 631964124, 2068638851, 1373865569.
2018-11-13 00:03:34,724 54225  INFO  [ad2988] Here's some useful guids:
		b6670984-3d7a-49ae-b5ca-7381bdd5529b
		21520193-4c4f-4379-b13c-dd0348e50d0a
		14dedfc0-e3a7-4553-92b7-eebce32548f5
2018-11-13 00:03:34,745 54246  INFO  [BackgroundDaemon] Processing data (51% completed)..
2018-11-13 00:03:34,745 54246  INFO  [BackgroundDaemon] Finished iteration in 00:00:00.1611434.
2018-11-13 00:03:34,749 54250  INFO  [Metrics] Cpu: 0.68%; Memory: 19.79 GB/31.88 GB; Workers: 4/1024; IOCP: 0/1024
2018-11-13 00:03:34,750 54251  ERROR [ad2988] 
System.InvalidOperationException: Oh no! An error occurred!
2018-11-13 00:03:34,770 54271  INFO  [fd02b5] Finished processing user request with id = fd02b5c4-41ef-4716-8e7c-39fb459cc242 in 00:00:00.0660572.
2018-11-13 00:03:34,782 54283  INFO  [61dbb0] Started processing user request. Id = 61dbb0ec-ec93-4240-bb41-fa3ffcd0f559. Size = 9.46 KB.
2018-11-13 00:03:34,784 54285  INFO  [4e9d01] Started processing user request. Id = 4e9d013e-5ae9-4f7e-bde8-aa1e320805cc. Size = 35.15 KB.
2018-11-13 00:03:34,784 54285  INFO  [61dbb0] Doing some complicated stuff.. Random numbers are: 223032951, 1789890973, 1760406702.
2018-11-13 00:03:34,784 54285  INFO  [61dbb0] Here's some useful guids:
		e14636ac-e8fa-4b24-9c5c-04d158a64a63
		65bc0615-1fbd-4fe8-8524-66f7349c1225
		694e079b-aab9-47fe-ba75-241efe52ee5e
2018-11-13 00:03:34,797 54298  INFO  [4e9d01] Doing some complicated stuff.. Random numbers are: 1147232754, 1146458362, 2019073416.
2018-11-13 00:03:34,799 54300  INFO  [4e9d01] Here's some useful guids:
		5a784bc2-8876-4a43-8467-32d3a6df8755
		b4c22ae8-b900-40c5-baea-6e3c068b3e1d
		4ba62bd2-947e-443f-ae40-583993bc4dfc
		6e0e3f82-bc6c-468c-92f8-1c126582e88c
		08ec386b-f126-4fdf-9f19-7091ae9627ca
2018-11-13 00:03:34,800 54301  INFO  [61dbb0] Finished processing user request with id = 61dbb0ec-ec93-4240-bb41-fa3ffcd0f559 in 00:00:00.0178151.
2018-11-13 00:03:34,816 54317  INFO  [4e9d01] Finished processing user request with id = 4e9d013e-5ae9-4f7e-bde8-aa1e320805cc in 00:00:00.0319315.
2018-11-13 00:03:34,829 54330  INFO  [63d45e] Started processing user request. Id = 63d45e08-6088-4356-81e6-528eb06f2080. Size = 87.88 KB.
2018-11-13 00:03:34,831 54332  INFO  [6a984a] Started processing user request. Id = 6a984a35-9896-46c5-ac40-28cbc4b458c5. Size = 52.78 KB.
2018-11-13 00:03:34,832 54333  INFO  [853a02] Started processing user request. Id = 853a027a-0023-4862-b015-737941101568. Size = 71.71 KB.
2018-11-13 00:03:34,835 54336  INFO  [853a02] Doing some complicated stuff.. Random numbers are: 539157057, 1504273036, 156058284.
2018-11-13 00:03:34,846 54347  INFO  [63d45e] Doing some complicated stuff.. Random numbers are: 64558476, 739889325, 704371208.
2018-11-13 00:03:34,848 54349  INFO  [6a984a] Doing some complicated stuff.. Random numbers are: 1078797804, 719143407, 24950019.
2018-11-13 00:03:34,877 54378  INFO  [853a02] Finished processing user request with id = 853a027a-0023-4862-b015-737941101568 in 00:00:00.0446846.
2018-11-13 00:03:34,878 54379  INFO  [6a984a] Here's some useful guids:
		b33c09d6-f145-44b6-b9ec-9dc76eeb657c
		0e160925-316b-4ef0-92b6-699a1bbbb61f
2018-11-13 00:03:34,883 54384  INFO  [63d45e] Here's some useful guids:
		db511bf5-bf62-4fcc-a5f7-f7a620c093ba
2018-11-13 00:03:34,894 54395  INFO  [63d45e] Finished processing user request with id = 63d45e08-6088-4356-81e6-528eb06f2080 in 00:00:00.0650302.
2018-11-13 00:03:34,898 54399  INFO  [6a984a] Finished processing user request with id = 6a984a35-9896-46c5-ac40-28cbc4b458c5 in 00:00:00.0667991.
2018-11-13 00:03:34,908 54409  INFO  [73b799] Started processing user request. Id = 73b7994c-5bae-40ab-a6a8-441cba9d0045. Size = 51.54 KB.
2018-11-13 00:03:34,927 54428  INFO  [73b799] Doing some complicated stuff.. Random numbers are: 1521257327, 1788925920, 987143368.
2018-11-13 00:03:34,929 54430  INFO  [bdcaf2] Started processing user request. Id = bdcaf2c1-e640-4613-b075-a7d33bb071c4. Size = 94.03 KB.
2018-11-13 00:03:34,929 54430  INFO  [73b799] Here's some useful guids:
		98c91272-7eaf-4cf4-9528-2b2ddba82e66
		7fc6a8ec-61c4-4810-8f6a-6cd3fb9732f8
		7a8782e1-ca6b-4df0-810e-d5816a8e946d
		84e289f1-56a2-49b2-88c8-1fedb7c612bd
		b1cee379-910a-46ec-af81-def4200d663b
2018-11-13 00:03:34,944 54445  INFO  [bdcaf2] Doing some complicated stuff.. Random numbers are: 680706660, 246351199, 778263714.
2018-11-13 00:03:34,946 54447  INFO  [BackgroundDaemon] Starting iteration #15575.
2018-11-13 00:03:34,951 54452  INFO  [bdcaf2] Here's some useful guids:
		e5f1c2e0-531d-47b8-9067-bfccce1b8369
2018-11-13 00:03:34,952 54453  INFO  [73b799] Finished processing user request with id = 73b7994c-5bae-40ab-a6a8-441cba9d0045 in 00:00:00.0442254.
2018-11-13 00:03:34,965 54467  INFO  [3dac50] Started processing user request. Id = 3dac5020-3f5b-4595-be90-be9c88a9da9a. Size = 87.1 KB.
2018-11-13 00:03:34,978 54479  ERROR [bdcaf2] 
System.InvalidOperationException: Oh no! An error occurred!
2018-11-13 00:03:34,984 54485  INFO  [3dac50] Doing some complicated stuff.. Random numbers are: 280685782, 1913292911, 1642765687.
2018-11-13 00:03:34,984 54485  INFO  [3dac50] Here's some useful guids:
		2e17da0e-3682-4954-85ff-58a5945e7298
2018-11-13 00:03:34,995 54496  INFO  [3dac50] Finished processing user request with id = 3dac5020-3f5b-4595-be90-be9c88a9da9a in 00:00:00.0294498.
2018-11-13 00:03:35,008 54509  INFO  [7f535a] Started processing user request. Id = 7f535aef-4c93-40ae-bc65-eb030acde516. Size = 26.18 KB.
2018-11-13 00:03:35,009 54510  INFO  [eb0299] Started processing user request. Id = eb0299d9-f9e3-4729-bdb2-063b1b0dec29. Size = 18.4 KB.
2018-11-13 00:03:35,022 54523  INFO  [7f535a] Doing some complicated stuff.. Random numbers are: 1972908714, 1528013440, 677810315.
2018-11-13 00:03:35,023 54525  INFO  [eb0299] Doing some complicated stuff.. Random numbers are: 1618167221, 819751239, 532822390.
2018-11-13 00:03:35,030 54531  INFO  [BackgroundDaemon] Processing data (2% completed)..
2018-11-13 00:03:35,043 54544  INFO  [eb0299] Finished processing user request with id = eb0299d9-f9e3-4729-bdb2-063b1b0dec29 in 00:00:00.0336561.
2018-11-13 00:03:35,044 54545  INFO  [ff461d] Started processing user request. Id = ff461d17-7588-4529-a552-05ac7619b0bd. Size = 47.62 KB.
2018-11-13 00:03:35,049 54550  INFO  [7f535a] Here's some useful guids:
		07fb1e6b-ec45-494c-82fe-d2ac61aa61de
		8b5d096c-d89c-446b-834b-f6ec2520d8e3
		ff738ff3-afa8-4bdf-ab33-beb9ed0d1e43
		08dae22a-f80e-44d5-8800-0319a3c1de55
		dbf6f1d1-b30d-4a55-9635-bca85e50bcbf
2018-11-13 00:03:35,057 54558  INFO  [ff461d] Doing some complicated stuff.. Random numbers are: 1045881387, 2119284246, 1486088569.
2018-11-13 00:03:35,073 54574  INFO  [ff461d] Here's some useful guids:
		f3e43ad5-36b4-46bb-8e3b-0d52aec196ae
		352305bc-c4f9-4756-94cb-a25db6433564
2018-11-13 00:03:35,074 54575  INFO  [658f8e] Started processing user request. Id = 658f8ee5-123d-4ab2-b3ce-4d409859f631. Size = 22.33 KB.
2018-11-13 00:03:35,078 54579  INFO  [658f8e] Doing some complicated stuff.. Random numbers are: 2124367484, 1234495632, 1962021638.
2018-11-13 00:03:35,078 54579  INFO  [7f535a] Finished processing user request with id = 7f535aef-4c93-40ae-bc65-eb030acde516 in 00:00:00.0694108.
2018-11-13 00:03:35,080 54581  INFO  [ff461d] Finished processing user request with id = ff461d17-7588-4529-a552-05ac7619b0bd in 00:00:00.0358716.
2018-11-13 00:03:35,091 54592  INFO  [d08a05] Started processing user request. Id = d08a0565-e8f9-4a1e-95a3-aba76c34caac. Size = 33.56 KB.
2018-11-13 00:03:35,099 54600  INFO  [658f8e] Finished processing user request with id = 658f8ee5-123d-4ab2-b3ce-4d409859f631 in 00:00:00.0248669.
2018-11-13 00:03:35,104 54605  INFO  [d08a05] Doing some complicated stuff.. Random numbers are: 813914843, 515608379, 218044298.
2018-11-13 00:03:35,123 54624  INFO  [BackgroundDaemon] Processing data (33% completed)..
2018-11-13 00:03:35,130 54632  INFO  [7afa42] Started processing user request. Id = 7afa4201-e4b7-4aa7-b287-92b417d7ec23. Size = 70.04 KB.
2018-11-13 00:03:35,141 54642  INFO  [d08a05] Finished processing user request with id = d08a0565-e8f9-4a1e-95a3-aba76c34caac in 00:00:00.0501036.
2018-11-13 00:03:35,145 54646  INFO  [7afa42] Doing some complicated stuff.. Random numbers are: 1160724659, 1462986281, 1625491285.
2018-11-13 00:03:35,148 54649  INFO  [7afa42] Here's some useful guids:
		cfbdd538-60f7-4231-b755-212a4b886f2d
		76752ff0-5c03-4bcb-b3b2-223c101b3c2d
2018-11-13 00:03:35,155 54656  INFO  [742a36] Started processing user request. Id = 742a36d7-9359-422a-b0af-5529bd5ff254. Size = 88.49 KB.
2018-11-13 00:03:35,155 54656  INFO  [742a36] Doing some complicated stuff.. Random numbers are: 1061500586, 332798562, 750686614.
2018-11-13 00:03:35,170 54671  ERROR [7afa42] 
System.InvalidOperationException: Oh no! An error occurred!
2018-11-13 00:03:35,171 54672  INFO  [BackgroundDaemon] Processing data (89% completed)..
2018-11-13 00:03:35,171 54672  INFO  [BackgroundDaemon] Finished iteration in 00:00:00.2250042.
2018-11-13 00:03:35,201 54702  INFO  [269929] Started processing user request. Id = 26992909-dc75-44d7-b268-d8e981414f7f. Size = 46.23 KB.
2018-11-13 00:03:35,202 54703  INFO  [742a36] Finished processing user request with id = 742a36d7-9359-422a-b0af-5529bd5ff254 in 00:00:00.0472036.
2018-11-13 00:03:35,215 54716  INFO  [269929] Doing some complicated stuff.. Random numbers are: 1892245263, 215871228, 1242889424.
2018-11-13 00:03:35,216 54717  INFO  [57ae98] Started processing user request. Id = 57ae989f-d172-4af6-92a4-fb77b5a17b85. Size = 56.88 KB.
2018-11-13 00:03:35,222 54723  INFO  [57ae98] Doing some complicated stuff.. Random numbers are: 1498750187, 604504421, 1741819500.
2018-11-13 00:03:35,237 54738  INFO  [269929] Here's some useful guids:
		21dbadde-0969-4e24-8a63-dd8ff70033dd
		5366557b-e7d2-42f1-b5f2-83f38e2146f7
		8f678356-5514-41ac-9150-6bafa768e3ff
		e23e7623-267f-4291-b976-a6151a440e6b
		ad25a02a-af89-4bc0-9e0f-40ab318b893c
2018-11-13 00:03:35,240 54741  INFO  [269929] Finished processing user request with id = 26992909-dc75-44d7-b268-d8e981414f7f in 00:00:00.0388100.
2018-11-13 00:03:35,247 54748  INFO  [6c4610] Started processing user request. Id = 6c4610de-1390-47a8-9ac8-a19cf281df60. Size = 15.25 KB.
2018-11-13 00:03:35,249 54750  INFO  [Metrics] Cpu: 1.09%; Memory: 19.79 GB/31.88 GB; Workers: 4/1024; IOCP: 0/1024
2018-11-13 00:03:35,251 54752  INFO  [57ae98] Here's some useful guids:
		1fe5f3dc-98ef-4557-93c5-9ed287a10cc5
		326a41cd-0e85-41e0-902b-fc4f2505e6c8
		4677fc6c-e7c3-4a39-888b-bce6dd38f04a
		475b4e8b-35dd-4d79-86e7-33bceef72243
2018-11-13 00:03:35,253 54754  ERROR [57ae98] 
System.InvalidOperationException: Oh no! An error occurred!
2018-11-13 00:03:35,261 54762  INFO  [6c4610] Doing some complicated stuff.. Random numbers are: 282023424, 259680045, 336730536.
2018-11-13 00:03:35,267 54768  INFO  [b54ac1] Started processing user request. Id = b54ac101-8e57-47fc-9133-b2650e7547cd. Size = 50.78 KB.
2018-11-13 00:03:35,272 54773  INFO  [31e5fa] Started processing user request. Id = 31e5fa04-840a-4ff6-b6dc-0ab57b8c7ead. Size = 8.51 KB.
2018-11-13 00:03:35,282 54783  INFO  [b54ac1] Doing some complicated stuff.. Random numbers are: 2143475605, 137010278, 1959195474.
2018-11-13 00:03:35,283 54784  INFO  [31e5fa] Doing some complicated stuff.. Random numbers are: 1887534175, 737903237, 1076726397.
2018-11-13 00:03:35,296 54797  INFO  [6c4610] Here's some useful guids:
		3391c4a9-8ec5-42a1-8be8-827ed5f184d5
2018-11-13 00:03:35,320 54821  INFO  [b54ac1] Finished processing user request with id = b54ac101-8e57-47fc-9133-b2650e7547cd in 00:00:00.0531135.
2018-11-13 00:03:35,322 54823  INFO  [6c4610] Finished processing user request with id = 6c4610de-1390-47a8-9ac8-a19cf281df60 in 00:00:00.0748831.
2018-11-13 00:03:35,331 54832  INFO  [31e5fa] Finished processing user request with id = 31e5fa04-840a-4ff6-b6dc-0ab57b8c7ead in 00:00:00.0590737.
2018-11-13 00:03:35,333 54834  INFO  [82105a] Started processing user request. Id = 82105adc-1514-4fae-a806-6422a7de814d. Size = 87.41 KB.
2018-11-13 00:03:35,348 54849  INFO  [82105a] Doing some complicated stuff.. Random numbers are: 798114901, 204737599, 1144145522.
2018-11-13 00:03:35,363 54864  INFO  [8f9c9d] Started processing user request. Id = 8f9c9d36-2edb-4ceb-995c-87fd49fc9e8f. Size = 39.58 KB.
2018-11-13 00:03:35,371 54872  INFO  [BackgroundDaemon] Starting iteration #15576.
2018-11-13 00:03:35,376 54877  INFO  [8f9c9d] Doing some complicated stuff.. Random numbers are: 1820596263, 184885947, 723753089.
2018-11-13 00:03:35,386 54887  INFO  [82105a] Here's some useful guids:
		b6915cdc-9a90-4c41-bc0f-894217cf93bf
		247002d1-c92a-4954-9d57-db2b906bd5c6
		40ef9fc8-6345-402c-a328-28fc72c55be5
2018-11-13 00:03:35,394 54895  INFO  [8f9c9d] Here's some useful guids:
		4bddc0b0-cc74-4969-8c07-575aeaf514f6
		638bed08-3e0a-4789-98e0-a81dc31697e9
		071f6ebe-f355-4425-bbee-611fc502623b
2018-11-13 00:03:35,410 54911  ERROR [8f9c9d] 
System.InvalidOperationException: Oh no! An error occurred!
2018-11-13 00:03:35,410 54911  INFO  [82105a] Finished processing user request with id = 82105adc-1514-4fae-a806-6422a7de814d in 00:00:00.0768742.
2018-11-13 00:03:35,424 54925  INFO  [f0d134] Started processing user request. Id = f0d1347d-afb8-4635-a894-66ac0ba46822. Size = 55.86 KB.
2018-11-13 00:03:35,426 54927  INFO  [f0d134] Doing some complicated stuff.. Random numbers are: 772880891, 2086773269, 1935576684.
2018-11-13 00:03:35,430 54931  INFO  [BackgroundDaemon] Processing data (1% completed)..
2018-11-13 00:03:35,441 54942  INFO  [8ac300] Started processing user request. Id = 8ac30068-c5db-4b70-adc8-5d036b2fa997. Size = 66.06 KB.
2018-11-13 00:03:35,449 54950  INFO  [8ac300] Doing some complicated stuff.. Random numbers are: 1837850151, 1461367865, 1878249750.
2018-11-13 00:03:35,451 54952  INFO  [f0d134] Finished processing user request with id = f0d1347d-afb8-4635-a894-66ac0ba46822 in 00:00:00.0271853.
2018-11-13 00:03:35,464 54965  INFO  [156e00] Started processing user request. Id = 156e001d-1b38-46b6-8919-0c95187f2891. Size = 78.77 KB.
2018-11-13 00:03:35,471 54972  INFO  [8ac300] Here's some useful guids:
		5e7041f0-3b6f-45c8-b52c-7657d7a80fad
		f0f9f8bd-dec2-497a-a97d-325f3d983a21
2018-11-13 00:03:35,473 54974  INFO  [8ac300] Finished processing user request with id = 8ac30068-c5db-4b70-adc8-5d036b2fa997 in 00:00:00.0322051.
2018-11-13 00:03:35,477 54978  INFO  [156e00] Doing some complicated stuff.. Random numbers are: 1635076472, 684449391, 745626086.
2018-11-13 00:03:35,489 54990  INFO  [397b6b] Started processing user request. Id = 397b6bd9-cf53-4cea-b255-9d7a81efb674. Size = 17.33 KB.
2018-11-13 00:03:35,489 54990  INFO  [397b6b] Doing some complicated stuff.. Random numbers are: 1099935861, 1213114336, 62948083.
2018-11-13 00:03:35,505 55006  INFO  [a73729] Started processing user request. Id = a7372956-cb9c-452f-8728-3b710afa0e2f. Size = 391 B.
2018-11-13 00:03:35,510 55011  INFO  [BackgroundDaemon] Processing data (39% completed)..
2018-11-13 00:03:35,513 55014  INFO  [156e00] Here's some useful guids:
		0d978372-0633-489f-a254-053b4fda804e
		b0ea4c10-f7b8-48a6-8a3b-aa7e051fe37e
2018-11-13 00:03:35,519 55020  INFO  [397b6b] Here's some useful guids:
		32b19bf3-8cfd-4470-8d56-bd781e594582
		426def8b-5309-4aa2-81be-41eed2d701e4
2018-11-13 00:03:35,521 55022  INFO  [a73729] Doing some complicated stuff.. Random numbers are: 1392714459, 957320523, 2057687661.
2018-11-13 00:03:35,524 55025  INFO  [397b6b] Finished processing user request with id = 397b6bd9-cf53-4cea-b255-9d7a81efb674 in 00:00:00.0351350.
2018-11-13 00:03:35,540 55041  ERROR [156e00] 
System.InvalidOperationException: Oh no! An error occurred!
2018-11-13 00:03:35,549 55050  INFO  [a73729] Here's some useful guids:
		c4301542-5493-4fca-b50c-eada35f1f88f
		5b97429a-4ac5-4f96-b177-b0e069ccd290
		fc6f1522-f75b-42cf-b1c5-936fc745746a
		8b3ba4f4-2266-4e0b-b31f-aa828ec648be
		a5a98f8d-ff3d-44c5-9530-20b4ec528326
2018-11-13 00:03:35,554 55055  INFO  [84c61c] Started processing user request. Id = 84c61ce5-c141-4147-ab02-04365c579bff. Size = 57.12 KB.
2018-11-13 00:03:35,555 55056  INFO  [a73729] Finished processing user request with id = a7372956-cb9c-452f-8728-3b710afa0e2f in 00:00:00.0497851.
2018-11-13 00:03:35,562 55063  INFO  [84c61c] Doing some complicated stuff.. Random numbers are: 1004543533, 801159708, 848442506.
2018-11-13 00:03:35,586 55087  INFO  [91153d] Started processing user request. Id = 91153d8d-2594-4195-91dd-216749305d4c. Size = 29.99 KB.
2018-11-13 00:03:35,595 55096  INFO  [84c61c] Here's some useful guids:
		d0e89dea-3726-4387-b6d7-ff0dd1c6a47a
		cab99612-264d-4605-972f-49ccdf8aa9de
2018-11-13 00:03:35,595 55096  INFO  [91153d] Doing some complicated stuff.. Random numbers are: 126774171, 564933463, 740877006.
2018-11-13 00:03:35,602 55103  INFO  [84c61c] Finished processing user request with id = 84c61ce5-c141-4147-ab02-04365c579bff in 00:00:00.0481186.
2018-11-13 00:03:35,607 55108  INFO  [BackgroundDaemon] Processing data (55% completed)..
2018-11-13 00:03:35,607 55108  INFO  [BackgroundDaemon] Finished iteration in 00:00:00.2359939.
2018-11-13 00:03:35,616 55117  INFO  [640816] Started processing user request. Id = 640816b1-285d-4aa7-a302-64c9040904a6. Size = 33.31 KB.
2018-11-13 00:03:35,623 55124  INFO  [640816] Doing some complicated stuff.. Random numbers are: 339195791, 1516633327, 419817560.
2018-11-13 00:03:35,625 55126  INFO  [91153d] Finished processing user request with id = 91153d8d-2594-4195-91dd-216749305d4c in 00:00:00.0391800.
2018-11-13 00:03:35,647 55148  INFO  [640816] Finished processing user request with id = 640816b1-285d-4aa7-a302-64c9040904a6 in 00:00:00.0312485.
2018-11-13 00:03:35,657 55158  INFO  [6f44bd] Started processing user request. Id = 6f44bda3-0916-4bf7-8f62-6e67e5432fe3. Size = 63.85 KB.
2018-11-13 00:03:35,661 55162  INFO  [071a88] Started processing user request. Id = 071a8846-e496-4807-b84e-7d152c562489. Size = 9.5 KB.
2018-11-13 00:03:35,665 55166  INFO  [6f44bd] Doing some complicated stuff.. Random numbers are: 353862771, 1358182662, 1847513301.
2018-11-13 00:03:35,674 55175  INFO  [071a88] Doing some complicated stuff.. Random numbers are: 586047408, 893866279, 1763708429.
2018-11-13 00:03:35,686 55187  ERROR [6f44bd] 
System.InvalidOperationException: Oh no! An error occurred!
2018-11-13 00:03:35,692 55193  INFO  [e6f80a] Started processing user request. Id = e6f80a86-1bf7-472a-a1d3-ada0ea9c0e6e. Size = 98.08 KB.
2018-11-13 00:03:35,696 55197  INFO  [071a88] Finished processing user request with id = 071a8846-e496-4807-b84e-7d152c562489 in 00:00:00.0351253.
2018-11-13 00:03:35,706 55207  INFO  [e6f80a] Doing some complicated stuff.. Random numbers are: 421182868, 1547879489, 1436193421.
2018-11-13 00:03:35,709 55210  INFO  [e79e97] Started processing user request. Id = e79e97ce-b30f-4ae4-ae98-b24550842e0b. Size = 2.4 KB.
2018-11-13 00:03:35,711 55212  INFO  [e6f80a] Here's some useful guids:
		5065d180-8a1b-4d71-9e29-2f03b3260094
		f7189447-f6d1-4358-b91b-5cfa6e4e056c
		036e5a84-dee8-4642-a5b0-e872edacd789
2018-11-13 00:03:35,713 55214  INFO  [e79e97] Doing some complicated stuff.. Random numbers are: 749470646, 1402739162, 1162625885.
2018-11-13 00:03:35,718 55219  INFO  [020360] Started processing user request. Id = 02036087-366c-4748-ab61-8312448f1fc7. Size = 434 B.
2018-11-13 00:03:35,732 55233  INFO  [e6f80a] Finished processing user request with id = e6f80a86-1bf7-472a-a1d3-ada0ea9c0e6e in 00:00:00.0398410.
2018-11-13 00:03:35,733 55234  INFO  [020360] Doing some complicated stuff.. Random numbers are: 606163219, 225537864, 1170487737.
2018-11-13 00:03:35,738 55239  INFO  [e79e97] Here's some useful guids:
		6ea5318f-1311-4543-8724-6357e7d96275
2018-11-13 00:03:35,742 55243  INFO  [e79e97] Finished processing user request with id = e79e97ce-b30f-4ae4-ae98-b24550842e0b in 00:00:00.0326984.
2018-11-13 00:03:35,749 55250  INFO  [Metrics] Cpu: 1.09%; Memory: 19.79 GB/31.88 GB; Workers: 4/1024; IOCP: 0/1024
2018-11-13 00:03:35,755 55256  INFO  [020360] Here's some useful guids:
		95fe0e88-7e58-46e2-885e-47f47efde4bd
		3570f942-a135-4551-be1d-23116f0ea757
		ceb43e05-9eca-499c-8c7f-bccbcc72e2e7
		17116cfe-2e0c-4189-91b7-b5fcba0b7ca6
2018-11-13 00:03:35,755 55256  INFO  [5fe7e2] Started processing user request. Id = 5fe7e264-bafe-456b-8fc4-93df5df26879. Size = 94.69 KB.
2018-11-13 00:03:35,759 55260  INFO  [5fe7e2] Doing some complicated stuff.. Random numbers are: 1184592438, 374406922, 875957168.
2018-11-13 00:03:35,779 55280  INFO  [5fe7e2] Finished processing user request with id = 5fe7e264-bafe-456b-8fc4-93df5df26879 in 00:00:00.0235458.
2018-11-13 00:03:35,785 55286  INFO  [020360] Finished processing user request with id = 02036087-366c-4748-ab61-8312448f1fc7 in 00:00:00.0671208.
2018-11-13 00:03:35,792 55293  INFO  [75bf46] Started processing user request. Id = 75bf466b-1feb-4e82-a2a6-80e59a40288b. Size = 5.41 KB.
2018-11-13 00:03:35,795 55296  INFO  [75bf46] Doing some complicated stuff.. Random numbers are: 1868823486, 2097551300, 56440162.
2018-11-13 00:03:35,807 55308  INFO  [BackgroundDaemon] Starting iteration #15577.
2018-11-13 00:03:35,816 55317  INFO  [69ecef] Started processing user request. Id = 69ecef45-9c35-420e-b89b-9bfb8c5d5d5b. Size = 12.55 KB.
2018-11-13 00:03:35,823 55324  INFO  [75bf46] Finished processing user request with id = 75bf466b-1feb-4e82-a2a6-80e59a40288b in 00:00:00.0308969.
2018-11-13 00:03:35,829 55330  INFO  [69ecef] Doing some complicated stuff.. Random numbers are: 685418216, 712969788, 449439466.
2018-11-13 00:03:35,837 55338  INFO  [c0c5c9] Started processing user request. Id = c0c5c904-fa21-4c06-858a-56696629fd66. Size = 97.06 KB.
2018-11-13 00:03:35,848 55349  INFO  [69ecef] Finished processing user request with id = 69ecef45-9c35-420e-b89b-9bfb8c5d5d5b in 00:00:00.0317957.
2018-11-13 00:03:35,850 55351  INFO  [c0c5c9] Doing some complicated stuff.. Random numbers are: 1936641455, 1007082725, 1466344690.
2018-11-13 00:03:35,862 55363  INFO  [BackgroundDaemon] Processing data (19% completed)..
2018-11-13 00:03:35,879 55380  INFO  [5d4150] Started processing user request. Id = 5d41507d-bab1-4758-8ae8-84ad56dd336d. Size = 58.17 KB.
2018-11-13 00:03:35,886 55387  INFO  [5d4150] Doing some complicated stuff.. Random numbers are: 1140498667, 2025217443, 1396662596.
2018-11-13 00:03:35,886 55387  INFO  [c0c5c9] Here's some useful guids:
		f5541450-be86-4bf8-8398-aa355f0cf2a5
2018-11-13 00:03:35,900 55401  INFO  [8cc0d1] Started processing user request. Id = 8cc0d19d-e055-4e1b-aaca-4224d2de38fb. Size = 33.61 KB.
2018-11-13 00:03:35,900 55401  INFO  [8cc0d1] Doing some complicated stuff.. Random numbers are: 339979155, 2118429740, 1353700983.
2018-11-13 00:03:35,910 55411  INFO  [c0c5c9] Finished processing user request with id = c0c5c904-fa21-4c06-858a-56696629fd66 in 00:00:00.0731673.
2018-11-13 00:03:35,918 55419  INFO  [5d4150] Here's some useful guids:
		de9d3772-7b53-471a-bae7-42b71d2d2174
2018-11-13 00:03:35,922 55423  INFO  [BackgroundDaemon] Processing data (41% completed)..
2018-11-13 00:03:35,924 55425  INFO  [5554fc] Started processing user request. Id = 5554fc73-202f-46e7-99dc-32c894c10bbc. Size = 80.95 KB.
2018-11-13 00:03:35,934 55435  INFO  [5554fc] Doing some complicated stuff.. Random numbers are: 1107556212, 28802728, 806607680.
2018-11-13 00:03:35,935 55436  INFO  [8cc0d1] Finished processing user request with id = 8cc0d19d-e055-4e1b-aaca-4224d2de38fb in 00:00:00.0351021.
2018-11-13 00:03:35,943 55444  INFO  [5554fc] Here's some useful guids:
		23c87580-dd79-4d8b-8da9-88a56a601243
		aa290ad8-e75a-423d-92c8-797daf00c881
		93cd2966-b4a7-486c-bf45-93833e2fdc74
		d9039938-ec90-4781-9f41-ae2973447b2b
2018-11-13 00:03:35,944 55445  INFO  [5d4150] Finished processing user request with id = 5d41507d-bab1-4758-8ae8-84ad56dd336d in 00:00:00.0652938.
2018-11-13 00:03:35,960 55461  INFO  [5554fc] Finished processing user request with id = 5554fc73-202f-46e7-99dc-32c894c10bbc in 00:00:00.0359024.
2018-11-13 00:03:35,973 55474  INFO  [9fe849] Started processing user request. Id = 9fe849b2-453a-49f4-96d2-255ec1f7d83c. Size = 84.89 KB.
2018-11-13 00:03:35,975 55476  INFO  [07642e] Started processing user request. Id = 07642eb6-fee0-4d40-8cc2-5fbb2ed1da5b. Size = 77.36 KB.
2018-11-13 00:03:35,977 55478  INFO  [9fe849] Doing some complicated stuff.. Random numbers are: 215187470, 74946747, 965428435.
2018-11-13 00:03:35,977 55478  INFO  [07642e] Doing some complicated stuff.. Random numbers are: 410973208, 1012946984, 490787742.
2018-11-13 00:03:35,980 55481  INFO  [9fe849] Here's some useful guids:
		fb27a59d-c39d-4f8b-9a85-739766a52b05
2018-11-13 00:03:35,986 55487  INFO  [9fe849] Finished processing user request with id = 9fe849b2-453a-49f4-96d2-255ec1f7d83c in 00:00:00.0126378.
2018-11-13 00:03:35,999 55500  INFO  [353f89] Started processing user request. Id = 353f895f-48d9-4d95-bfc4-cd8cce8d1cd8. Size = 17.46 KB.
2018-11-13 00:03:36,003 55504  INFO  [BackgroundDaemon] Processing data (71% completed)..
2018-11-13 00:03:36,003 55504  INFO  [BackgroundDaemon] Finished iteration in 00:00:00.1959590.
2018-11-13 00:03:36,012 55513  INFO  [07642e] Here's some useful guids:
		e9f3a982-a63c-41cb-923d-1a5085e7af5f
		5180b288-a3c7-4aa5-af96-a7cb8c897758
		bba2824d-29e2-4ac2-9dde-4b3c1ba80ab4
		7730b25c-c518-475b-b40d-b4b580991e14
		e8a9910e-ae6e-4a15-8c2c-a15f4b2057af
2018-11-13 00:03:36,013 55514  INFO  [353f89] Doing some complicated stuff.. Random numbers are: 682999921, 1892819411, 414634949.
2018-11-13 00:03:36,018 55519  ERROR [07642e] 
System.InvalidOperationException: Oh no! An error occurred!
2018-11-13 00:03:36,046 55547  INFO  [353f89] Finished processing user request with id = 353f895f-48d9-4d95-bfc4-cd8cce8d1cd8 in 00:00:00.0471004.
2018-11-13 00:03:36,050 55551  INFO  [c39586] Started processing user request. Id = c39586ec-8602-4c70-8e25-c492ff3dfbc6. Size = 49.13 KB.
2018-11-13 00:03:36,053 55554  INFO  [c39586] Doing some complicated stuff.. Random numbers are: 1538976930, 744051226, 475238903.
2018-11-13 00:03:36,060 55561  INFO  [9e3d8c] Started processing user request. Id = 9e3d8c5c-e9e1-4872-8c1c-f38c5159c6c6. Size = 66.01 KB.
2018-11-13 00:03:36,079 55580  INFO  [9e3d8c] Doing some complicated stuff.. Random numbers are: 779042644, 756431084, 74895487.
2018-11-13 00:03:36,080 55581  INFO  [c39586] Finished processing user request with id = c39586ec-8602-4c70-8e25-c492ff3dfbc6 in 00:00:00.0300996.
2018-11-13 00:03:36,103 55604  INFO  [ce0fb7] Started processing user request. Id = ce0fb7ae-b3cd-4793-9cbb-5c2cf73dfe98. Size = 81.08 KB.
2018-11-13 00:03:36,112 55613  INFO  [f4e6bd] Started processing user request. Id = f4e6bdd0-2729-4d12-9e57-886b5b9e3b1a. Size = 93.78 KB.
2018-11-13 00:03:36,118 55619  INFO  [f4e6bd] Doing some complicated stuff.. Random numbers are: 441553399, 434768600, 1013672865.
2018-11-13 00:03:36,118 55619  INFO  [ce0fb7] Doing some complicated stuff.. Random numbers are: 1460428230, 1641209425, 1873421486.
2018-11-13 00:03:36,120 55621  INFO  [9e3d8c] Finished processing user request with id = 9e3d8c5c-e9e1-4872-8c1c-f38c5159c6c6 in 00:00:00.0602500.
2018-11-13 00:03:36,134 55635  INFO  [89aabb] Started processing user request. Id = 89aabbd4-d75d-4f13-88c5-fd9eb46e7908. Size = 48.54 KB.
